/home/jiahao/miniconda3/envs/cmp/lib/python3.10/site-packages/torch/functional.py:554: UserWarning: torch.meshgrid: in an upcoming release, it will be required to pass the indexing argument. (Triggered internally at /pytorch/aten/src/ATen/native/TensorShape.cpp:4322.)
  return _VF.meshgrid(tensors, **kwargs)  # type: ignore[attr-defined]
Not using distributed mode
### Hyper-parameters:
     seed: 42
     device: cuda
     output_dir: output_rerun3/exp0.1.1/2025091508085
     batch_size_tta: 32
     epochs: 60
     lr: 0.0005
### Creating test dataset
from data/PAB/annotation/test/attr.json loading 1978 data
     test dataset -->    be_pose_img: True
     test_dataset: 1978
### Creating test dataloader
### be careful: func create_loader returns a list length of 1
     test_loader: 90
### Creating model
build_vision_encoder: load swin 224 x 224 ====>
missing_keys:  []
unexpected_keys:  ['head.weight', 'head.bias']
build_text_encoder: load bert ====>
missing_keys: ['bert.encoder.layer.10.crossattention.output.LayerNorm.bias', 'bert.encoder.layer.10.crossattention.output.LayerNorm.weight', 'bert.encoder.layer.10.crossattention.output.dense.bias', 'bert.encoder.layer.10.crossattention.output.dense.weight', 'bert.encoder.layer.10.crossattention.self.key.bias', 'bert.encoder.layer.10.crossattention.self.key.weight', 'bert.encoder.layer.10.crossattention.self.query.bias', 'bert.encoder.layer.10.crossattention.self.query.weight', 'bert.encoder.layer.10.crossattention.self.value.bias', 'bert.encoder.layer.10.crossattention.self.value.weight', 'bert.encoder.layer.11.crossattention.output.LayerNorm.bias', 'bert.encoder.layer.11.crossattention.output.LayerNorm.weight', 'bert.encoder.layer.11.crossattention.output.dense.bias', 'bert.encoder.layer.11.crossattention.output.dense.weight', 'bert.encoder.layer.11.crossattention.self.key.bias', 'bert.encoder.layer.11.crossattention.self.key.weight', 'bert.encoder.layer.11.crossattention.self.query.bias', 'bert.encoder.layer.11.crossattention.self.query.weight', 'bert.encoder.layer.11.crossattention.self.value.bias', 'bert.encoder.layer.11.crossattention.self.value.weight', 'bert.encoder.layer.6.crossattention.output.LayerNorm.bias', 'bert.encoder.layer.6.crossattention.output.LayerNorm.weight', 'bert.encoder.layer.6.crossattention.output.dense.bias', 'bert.encoder.layer.6.crossattention.output.dense.weight', 'bert.encoder.layer.6.crossattention.self.key.bias', 'bert.encoder.layer.6.crossattention.self.key.weight', 'bert.encoder.layer.6.crossattention.self.query.bias', 'bert.encoder.layer.6.crossattention.self.query.weight', 'bert.encoder.layer.6.crossattention.self.value.bias', 'bert.encoder.layer.6.crossattention.self.value.weight', 'bert.encoder.layer.7.crossattention.output.LayerNorm.bias', 'bert.encoder.layer.7.crossattention.output.LayerNorm.weight', 'bert.encoder.layer.7.crossattention.output.dense.bias', 'bert.encoder.layer.7.crossattention.output.dense.weight', 'bert.encoder.layer.7.crossattention.self.key.bias', 'bert.encoder.layer.7.crossattention.self.key.weight', 'bert.encoder.layer.7.crossattention.self.query.bias', 'bert.encoder.layer.7.crossattention.self.query.weight', 'bert.encoder.layer.7.crossattention.self.value.bias', 'bert.encoder.layer.7.crossattention.self.value.weight', 'bert.encoder.layer.8.crossattention.output.LayerNorm.bias', 'bert.encoder.layer.8.crossattention.output.LayerNorm.weight', 'bert.encoder.layer.8.crossattention.output.dense.bias', 'bert.encoder.layer.8.crossattention.output.dense.weight', 'bert.encoder.layer.8.crossattention.self.key.bias', 'bert.encoder.layer.8.crossattention.self.key.weight', 'bert.encoder.layer.8.crossattention.self.query.bias', 'bert.encoder.layer.8.crossattention.self.query.weight', 'bert.encoder.layer.8.crossattention.self.value.bias', 'bert.encoder.layer.8.crossattention.self.value.weight', 'bert.encoder.layer.9.crossattention.output.LayerNorm.bias', 'bert.encoder.layer.9.crossattention.output.LayerNorm.weight', 'bert.encoder.layer.9.crossattention.output.dense.bias', 'bert.encoder.layer.9.crossattention.output.dense.weight', 'bert.encoder.layer.9.crossattention.self.key.bias', 'bert.encoder.layer.9.crossattention.self.key.weight', 'bert.encoder.layer.9.crossattention.self.query.bias', 'bert.encoder.layer.9.crossattention.self.query.weight', 'bert.encoder.layer.9.crossattention.self.value.bias', 'bert.encoder.layer.9.crossattention.self.value.weight']
unexpected_keys: ['cls.seq_relationship.bias', 'cls.seq_relationship.weight']
mismatched_keys: []
error_msgs: []
Label Smooth: 0.2
pose_conv
load checkpoint from checkpoint/cmp.pth
missing_keys:  ['uncertainty_temper', 'prompt_learning_embedding']
unexpected_keys:  []
     Total Params Sum:  254264985
### Inference ITC similiarity matrix
### Zero-Shot Score: 
+-------------------+--------+--------+--------+--------+--------+
|       epoch       |   R1   |   R5   |  R10   |  mAP   |  mINP  |
+-------------------+--------+--------+--------+--------+--------+
|  cos_sim_wo/norm  | 58.544 | 91.860 | 95.703 | 73.596 | 73.596 |
|        -999       | 69.414 | 95.197 | 97.776 | 81.233 | 81.233 |
| itm_score_wo/norm | 84.328 | 98.989 | 99.494 | 91.293 | 91.293 |
|        -999       | 84.277 | 99.039 | 99.596 | 91.276 | 91.276 |
+-------------------+--------+--------+--------+--------+--------+
### TTA:
     preprocess_tta_coefficients  start
     sample selection ...
     number of sample after sample_selection: 1978
     uncertainty ...
     preprocess_tta_coefficients  end
### Creating tta dataset
     tta_dataset: 1978
### Creating tta dataloader
### be careful: func create_loader returns a list length of 1
     tta_loader: 61
### Configure adapted weights
     TTA Dropout Modules: 
 [('vision_encoder.pos_drop', Dropout(p=0, inplace=False), True), ('vision_encoder.layers.0.blocks.0.attn.attn_drop', Dropout(p=0.0, inplace=False), True), ('vision_encoder.layers.0.blocks.0.attn.proj_drop', Dropout(p=0, inplace=False), True), ('vision_encoder.layers.0.blocks.0.mlp.drop', Dropout(p=0, inplace=False), True), ('vision_encoder.layers.0.blocks.1.attn.attn_drop', Dropout(p=0.0, inplace=False), True), ('vision_encoder.layers.0.blocks.1.attn.proj_drop', Dropout(p=0, inplace=False), True), ('vision_encoder.layers.0.blocks.1.mlp.drop', Dropout(p=0, inplace=False), True), ('vision_encoder.layers.1.blocks.0.attn.attn_drop', Dropout(p=0.0, inplace=False), True), ('vision_encoder.layers.1.blocks.0.attn.proj_drop', Dropout(p=0, inplace=False), True), ('vision_encoder.layers.1.blocks.0.mlp.drop', Dropout(p=0, inplace=False), True), ('vision_encoder.layers.1.blocks.1.attn.attn_drop', Dropout(p=0.0, inplace=False), True), ('vision_encoder.layers.1.blocks.1.attn.proj_drop', Dropout(p=0, inplace=False), True), ('vision_encoder.layers.1.blocks.1.mlp.drop', Dropout(p=0, inplace=False), True), ('vision_encoder.layers.2.blocks.0.attn.attn_drop', Dropout(p=0.0, inplace=False), True), ('vision_encoder.layers.2.blocks.0.attn.proj_drop', Dropout(p=0, inplace=False), True), ('vision_encoder.layers.2.blocks.0.mlp.drop', Dropout(p=0, inplace=False), True), ('vision_encoder.layers.2.blocks.1.attn.attn_drop', Dropout(p=0.0, inplace=False), True), ('vision_encoder.layers.2.blocks.1.attn.proj_drop', Dropout(p=0, inplace=False), True), ('vision_encoder.layers.2.blocks.1.mlp.drop', Dropout(p=0, inplace=False), True), ('vision_encoder.layers.2.blocks.2.attn.attn_drop', Dropout(p=0.0, inplace=False), True), ('vision_encoder.layers.2.blocks.2.attn.proj_drop', Dropout(p=0, inplace=False), True), ('vision_encoder.layers.2.blocks.2.mlp.drop', Dropout(p=0, inplace=False), True), ('vision_encoder.layers.2.blocks.3.attn.attn_drop', Dropout(p=0.0, inplace=False), True), ('vision_encoder.layers.2.blocks.3.attn.proj_drop', Dropout(p=0, inplace=False), True), ('vision_encoder.layers.2.blocks.3.mlp.drop', Dropout(p=0, inplace=False), True), ('vision_encoder.layers.2.blocks.4.attn.attn_drop', Dropout(p=0.0, inplace=False), True), ('vision_encoder.layers.2.blocks.4.attn.proj_drop', Dropout(p=0, inplace=False), True), ('vision_encoder.layers.2.blocks.4.mlp.drop', Dropout(p=0, inplace=False), True), ('vision_encoder.layers.2.blocks.5.attn.attn_drop', Dropout(p=0.0, inplace=False), True), ('vision_encoder.layers.2.blocks.5.attn.proj_drop', Dropout(p=0, inplace=False), True), ('vision_encoder.layers.2.blocks.5.mlp.drop', Dropout(p=0, inplace=False), True), ('vision_encoder.layers.2.blocks.6.attn.attn_drop', Dropout(p=0.0, inplace=False), True), ('vision_encoder.layers.2.blocks.6.attn.proj_drop', Dropout(p=0, inplace=False), True), ('vision_encoder.layers.2.blocks.6.mlp.drop', Dropout(p=0, inplace=False), True), ('vision_encoder.layers.2.blocks.7.attn.attn_drop', Dropout(p=0.0, inplace=False), True), ('vision_encoder.layers.2.blocks.7.attn.proj_drop', Dropout(p=0, inplace=False), True), ('vision_encoder.layers.2.blocks.7.mlp.drop', Dropout(p=0, inplace=False), True), ('vision_encoder.layers.2.blocks.8.attn.attn_drop', Dropout(p=0.0, inplace=False), True), ('vision_encoder.layers.2.blocks.8.attn.proj_drop', Dropout(p=0, inplace=False), True), ('vision_encoder.layers.2.blocks.8.mlp.drop', Dropout(p=0, inplace=False), True), ('vision_encoder.layers.2.blocks.9.attn.attn_drop', Dropout(p=0.0, inplace=False), True), ('vision_encoder.layers.2.blocks.9.attn.proj_drop', Dropout(p=0, inplace=False), True), ('vision_encoder.layers.2.blocks.9.mlp.drop', Dropout(p=0, inplace=False), True), ('vision_encoder.layers.2.blocks.10.attn.attn_drop', Dropout(p=0.0, inplace=False), True), ('vision_encoder.layers.2.blocks.10.attn.proj_drop', Dropout(p=0, inplace=False), True), ('vision_encoder.layers.2.blocks.10.mlp.drop', Dropout(p=0, inplace=False), True), ('vision_encoder.layers.2.blocks.11.attn.attn_drop', Dropout(p=0.0, inplace=False), True), ('vision_encoder.layers.2.blocks.11.attn.proj_drop', Dropout(p=0, inplace=False), True), ('vision_encoder.layers.2.blocks.11.mlp.drop', Dropout(p=0, inplace=False), True), ('vision_encoder.layers.2.blocks.12.attn.attn_drop', Dropout(p=0.0, inplace=False), True), ('vision_encoder.layers.2.blocks.12.attn.proj_drop', Dropout(p=0, inplace=False), True), ('vision_encoder.layers.2.blocks.12.mlp.drop', Dropout(p=0, inplace=False), True), ('vision_encoder.layers.2.blocks.13.attn.attn_drop', Dropout(p=0.0, inplace=False), True), ('vision_encoder.layers.2.blocks.13.attn.proj_drop', Dropout(p=0, inplace=False), True), ('vision_encoder.layers.2.blocks.13.mlp.drop', Dropout(p=0, inplace=False), True), ('vision_encoder.layers.2.blocks.14.attn.attn_drop', Dropout(p=0.0, inplace=False), True), ('vision_encoder.layers.2.blocks.14.attn.proj_drop', Dropout(p=0, inplace=False), True), ('vision_encoder.layers.2.blocks.14.mlp.drop', Dropout(p=0, inplace=False), True), ('vision_encoder.layers.2.blocks.15.attn.attn_drop', Dropout(p=0.0, inplace=False), True), ('vision_encoder.layers.2.blocks.15.attn.proj_drop', Dropout(p=0, inplace=False), True), ('vision_encoder.layers.2.blocks.15.mlp.drop', Dropout(p=0, inplace=False), True), ('vision_encoder.layers.2.blocks.16.attn.attn_drop', Dropout(p=0.0, inplace=False), True), ('vision_encoder.layers.2.blocks.16.attn.proj_drop', Dropout(p=0, inplace=False), True), ('vision_encoder.layers.2.blocks.16.mlp.drop', Dropout(p=0, inplace=False), True), ('vision_encoder.layers.2.blocks.17.attn.attn_drop', Dropout(p=0.0, inplace=False), True), ('vision_encoder.layers.2.blocks.17.attn.proj_drop', Dropout(p=0, inplace=False), True), ('vision_encoder.layers.2.blocks.17.mlp.drop', Dropout(p=0, inplace=False), True), ('vision_encoder.layers.3.blocks.0.attn.attn_drop', Dropout(p=0.0, inplace=False), True), ('vision_encoder.layers.3.blocks.0.attn.proj_drop', Dropout(p=0, inplace=False), True), ('vision_encoder.layers.3.blocks.0.mlp.drop', Dropout(p=0, inplace=False), True), ('vision_encoder.layers.3.blocks.1.attn.attn_drop', Dropout(p=0.0, inplace=False), True), ('vision_encoder.layers.3.blocks.1.attn.proj_drop', Dropout(p=0, inplace=False), True), ('vision_encoder.layers.3.blocks.1.mlp.drop', Dropout(p=0, inplace=False), True), ('text_encoder.bert.embeddings.dropout', Dropout(p=0.1, inplace=False), True), ('text_encoder.bert.encoder.layer.0.attention.self.dropout', Dropout(p=0.1, inplace=False), True), ('text_encoder.bert.encoder.layer.0.attention.output.dropout', Dropout(p=0.1, inplace=False), True), ('text_encoder.bert.encoder.layer.0.output.dropout', Dropout(p=0.1, inplace=False), True), ('text_encoder.bert.encoder.layer.1.attention.self.dropout', Dropout(p=0.1, inplace=False), True), ('text_encoder.bert.encoder.layer.1.attention.output.dropout', Dropout(p=0.1, inplace=False), True), ('text_encoder.bert.encoder.layer.1.output.dropout', Dropout(p=0.1, inplace=False), True), ('text_encoder.bert.encoder.layer.2.attention.self.dropout', Dropout(p=0.1, inplace=False), True), ('text_encoder.bert.encoder.layer.2.attention.output.dropout', Dropout(p=0.1, inplace=False), True), ('text_encoder.bert.encoder.layer.2.output.dropout', Dropout(p=0.1, inplace=False), True), ('text_encoder.bert.encoder.layer.3.attention.self.dropout', Dropout(p=0.1, inplace=False), True), ('text_encoder.bert.encoder.layer.3.attention.output.dropout', Dropout(p=0.1, inplace=False), True), ('text_encoder.bert.encoder.layer.3.output.dropout', Dropout(p=0.1, inplace=False), True), ('text_encoder.bert.encoder.layer.4.attention.self.dropout', Dropout(p=0.1, inplace=False), True), ('text_encoder.bert.encoder.layer.4.attention.output.dropout', Dropout(p=0.1, inplace=False), True), ('text_encoder.bert.encoder.layer.4.output.dropout', Dropout(p=0.1, inplace=False), True), ('text_encoder.bert.encoder.layer.5.attention.self.dropout', Dropout(p=0.1, inplace=False), True), ('text_encoder.bert.encoder.layer.5.attention.output.dropout', Dropout(p=0.1, inplace=False), True), ('text_encoder.bert.encoder.layer.5.output.dropout', Dropout(p=0.1, inplace=False), True), ('text_encoder.bert.encoder.layer.6.attention.self.dropout', Dropout(p=0.1, inplace=False), True), ('text_encoder.bert.encoder.layer.6.attention.output.dropout', Dropout(p=0.1, inplace=False), True), ('text_encoder.bert.encoder.layer.6.crossattention.self.dropout', Dropout(p=0.1, inplace=False), True), ('text_encoder.bert.encoder.layer.6.crossattention.output.dropout', Dropout(p=0.1, inplace=False), True), ('text_encoder.bert.encoder.layer.6.output.dropout', Dropout(p=0.1, inplace=False), True), ('text_encoder.bert.encoder.layer.7.attention.self.dropout', Dropout(p=0.1, inplace=False), True), ('text_encoder.bert.encoder.layer.7.attention.output.dropout', Dropout(p=0.1, inplace=False), True), ('text_encoder.bert.encoder.layer.7.crossattention.self.dropout', Dropout(p=0.1, inplace=False), True), ('text_encoder.bert.encoder.layer.7.crossattention.output.dropout', Dropout(p=0.1, inplace=False), True), ('text_encoder.bert.encoder.layer.7.output.dropout', Dropout(p=0.1, inplace=False), True), ('text_encoder.bert.encoder.layer.8.attention.self.dropout', Dropout(p=0.1, inplace=False), True), ('text_encoder.bert.encoder.layer.8.attention.output.dropout', Dropout(p=0.1, inplace=False), True), ('text_encoder.bert.encoder.layer.8.crossattention.self.dropout', Dropout(p=0.1, inplace=False), True), ('text_encoder.bert.encoder.layer.8.crossattention.output.dropout', Dropout(p=0.1, inplace=False), True), ('text_encoder.bert.encoder.layer.8.output.dropout', Dropout(p=0.1, inplace=False), True), ('text_encoder.bert.encoder.layer.9.attention.self.dropout', Dropout(p=0.1, inplace=False), True), ('text_encoder.bert.encoder.layer.9.attention.output.dropout', Dropout(p=0.1, inplace=False), True), ('text_encoder.bert.encoder.layer.9.crossattention.self.dropout', Dropout(p=0.1, inplace=False), True), ('text_encoder.bert.encoder.layer.9.crossattention.output.dropout', Dropout(p=0.1, inplace=False), True), ('text_encoder.bert.encoder.layer.9.output.dropout', Dropout(p=0.1, inplace=False), True), ('text_encoder.bert.encoder.layer.10.attention.self.dropout', Dropout(p=0.1, inplace=False), True), ('text_encoder.bert.encoder.layer.10.attention.output.dropout', Dropout(p=0.1, inplace=False), True), ('text_encoder.bert.encoder.layer.10.crossattention.self.dropout', Dropout(p=0.1, inplace=False), True), ('text_encoder.bert.encoder.layer.10.crossattention.output.dropout', Dropout(p=0.1, inplace=False), True), ('text_encoder.bert.encoder.layer.10.output.dropout', Dropout(p=0.1, inplace=False), True), ('text_encoder.bert.encoder.layer.11.attention.self.dropout', Dropout(p=0.1, inplace=False), True), ('text_encoder.bert.encoder.layer.11.attention.output.dropout', Dropout(p=0.1, inplace=False), True), ('text_encoder.bert.encoder.layer.11.crossattention.self.dropout', Dropout(p=0.1, inplace=False), True), ('text_encoder.bert.encoder.layer.11.crossattention.output.dropout', Dropout(p=0.1, inplace=False), True), ('text_encoder.bert.encoder.layer.11.output.dropout', Dropout(p=0.1, inplace=False), True), ('vision_proj.1', Dropout(p=0.5, inplace=False), True), ('text_proj.1', Dropout(p=0.5, inplace=False), True), ('pose_block.attn.attn_drop', Dropout(p=0.0, inplace=False), True), ('pose_block.attn.proj_drop', Dropout(p=0.0, inplace=False), True)]
     TTA Require Gradient Params: 
 [('text_encoder.bert.embeddings.LayerNorm.weight', torch.Size([768])), ('text_encoder.bert.embeddings.LayerNorm.bias', torch.Size([768])), ('text_encoder.bert.encoder.layer.6.attention.output.LayerNorm.weight', torch.Size([768])), ('text_encoder.bert.encoder.layer.6.attention.output.LayerNorm.bias', torch.Size([768])), ('text_encoder.bert.encoder.layer.6.crossattention.output.LayerNorm.weight', torch.Size([768])), ('text_encoder.bert.encoder.layer.6.crossattention.output.LayerNorm.bias', torch.Size([768])), ('text_encoder.bert.encoder.layer.6.output.LayerNorm.weight', torch.Size([768])), ('text_encoder.bert.encoder.layer.6.output.LayerNorm.bias', torch.Size([768])), ('text_encoder.bert.encoder.layer.7.attention.output.LayerNorm.weight', torch.Size([768])), ('text_encoder.bert.encoder.layer.7.attention.output.LayerNorm.bias', torch.Size([768])), ('text_encoder.bert.encoder.layer.7.crossattention.output.LayerNorm.weight', torch.Size([768])), ('text_encoder.bert.encoder.layer.7.crossattention.output.LayerNorm.bias', torch.Size([768])), ('text_encoder.bert.encoder.layer.7.output.LayerNorm.weight', torch.Size([768])), ('text_encoder.bert.encoder.layer.7.output.LayerNorm.bias', torch.Size([768])), ('text_encoder.bert.encoder.layer.8.attention.output.LayerNorm.weight', torch.Size([768])), ('text_encoder.bert.encoder.layer.8.attention.output.LayerNorm.bias', torch.Size([768])), ('text_encoder.bert.encoder.layer.8.crossattention.output.LayerNorm.weight', torch.Size([768])), ('text_encoder.bert.encoder.layer.8.crossattention.output.LayerNorm.bias', torch.Size([768])), ('text_encoder.bert.encoder.layer.8.output.LayerNorm.weight', torch.Size([768])), ('text_encoder.bert.encoder.layer.8.output.LayerNorm.bias', torch.Size([768])), ('text_encoder.bert.encoder.layer.9.attention.output.LayerNorm.weight', torch.Size([768])), ('text_encoder.bert.encoder.layer.9.attention.output.LayerNorm.bias', torch.Size([768])), ('text_encoder.bert.encoder.layer.9.crossattention.output.LayerNorm.weight', torch.Size([768])), ('text_encoder.bert.encoder.layer.9.crossattention.output.LayerNorm.bias', torch.Size([768])), ('text_encoder.bert.encoder.layer.9.output.LayerNorm.weight', torch.Size([768])), ('text_encoder.bert.encoder.layer.9.output.LayerNorm.bias', torch.Size([768])), ('text_encoder.bert.encoder.layer.10.attention.output.LayerNorm.weight', torch.Size([768])), ('text_encoder.bert.encoder.layer.10.attention.output.LayerNorm.bias', torch.Size([768])), ('text_encoder.bert.encoder.layer.10.crossattention.output.LayerNorm.weight', torch.Size([768])), ('text_encoder.bert.encoder.layer.10.crossattention.output.LayerNorm.bias', torch.Size([768])), ('text_encoder.bert.encoder.layer.10.output.LayerNorm.weight', torch.Size([768])), ('text_encoder.bert.encoder.layer.10.output.LayerNorm.bias', torch.Size([768])), ('text_encoder.bert.encoder.layer.11.attention.output.LayerNorm.weight', torch.Size([768])), ('text_encoder.bert.encoder.layer.11.attention.output.LayerNorm.bias', torch.Size([768])), ('text_encoder.bert.encoder.layer.11.crossattention.output.LayerNorm.weight', torch.Size([768])), ('text_encoder.bert.encoder.layer.11.crossattention.output.LayerNorm.bias', torch.Size([768])), ('text_encoder.bert.encoder.layer.11.output.LayerNorm.weight', torch.Size([768])), ('text_encoder.bert.encoder.layer.11.output.LayerNorm.bias', torch.Size([768])), ('text_encoder.cls.predictions.transform.LayerNorm.weight', torch.Size([768])), ('text_encoder.cls.predictions.transform.LayerNorm.bias', torch.Size([768])), ('itm_head.1.weight', torch.Size([1536])), ('itm_head.1.bias', torch.Size([1536]))]
     TTA Dropout Modules Number: 
 126
     TTA Require Gradient Params Sum: 
 33792
     lr:  0.0005    lr_mult:  2
     model has 'init_params',  385
     num_tta_steps:  3720
     num_warmup_steps:  500
     sched: step
/home/jiahao/task/CMP/tta.py:246: FutureWarning: `torch.cuda.amp.GradScaler(args...)` is deprecated. Please use `torch.amp.GradScaler('cuda', args...)` instead.
  scaler = GradScaler()  # bf16
### Start ITM Test Time Adaptation
      TTA Epoch: [0] [ 0/61]  eta: 0:01:12  entropy: 0.3485  uncertainty: 1.0000  uncertainty_coeffi: 1.0000  loss: 0.3485  lr: 0.000001  time: 1.1877  data: 0.4903  max mem: 2639
      TTA Epoch: [0] [60/61]  eta: 0:00:00  entropy: 0.3721  uncertainty: 1.0000  uncertainty_coeffi: 1.0000  loss: 0.3721  lr: 0.000061  time: 0.1081  data: 0.0001  max mem: 2671
      TTA Epoch: [0] Total time: 0:00:07 (0.1245 s / it)
     Averaged stats: entropy: 0.3434  uncertainty: 1.0000  uncertainty_coeffi: 1.0000  loss: 0.3434  lr: 0.0000
     itm tta time 0:00:07
     Computing matching score
      Evaluation: [   0/1978]  eta: 0:06:13    time: 0.1890  data: 0.0026  max mem: 2671
      Evaluation: [ 100/1978]  eta: 0:03:31    time: 0.1164  data: 0.0000  max mem: 2671
      Evaluation: [ 200/1978]  eta: 0:03:22    time: 0.1141  data: 0.0000  max mem: 2671
      Evaluation: [ 300/1978]  eta: 0:03:08    time: 0.1135  data: 0.0000  max mem: 2671
      Evaluation: [ 400/1978]  eta: 0:02:57    time: 0.1147  data: 0.0000  max mem: 2671
      Evaluation: [ 500/1978]  eta: 0:02:47    time: 0.1137  data: 0.0000  max mem: 2671
      Evaluation: [ 600/1978]  eta: 0:02:35    time: 0.1126  data: 0.0000  max mem: 2671
      Evaluation: [ 700/1978]  eta: 0:02:23    time: 0.1125  data: 0.0000  max mem: 2671
      Evaluation: [ 800/1978]  eta: 0:02:10    time: 0.0687  data: 0.0000  max mem: 2671
      Evaluation: [ 900/1978]  eta: 0:01:58    time: 0.1077  data: 0.0000  max mem: 2671
      Evaluation: [1000/1978]  eta: 0:01:47    time: 0.1123  data: 0.0000  max mem: 2671
      Evaluation: [1100/1978]  eta: 0:01:36    time: 0.1109  data: 0.0000  max mem: 2671
      Evaluation: [1200/1978]  eta: 0:01:25    time: 0.1131  data: 0.0000  max mem: 2671
      Evaluation: [1300/1978]  eta: 0:01:14    time: 0.1124  data: 0.0000  max mem: 2671
      Evaluation: [1400/1978]  eta: 0:01:03    time: 0.1133  data: 0.0000  max mem: 2671
      Evaluation: [1500/1978]  eta: 0:00:52    time: 0.1101  data: 0.0000  max mem: 2671
      Evaluation: [1600/1978]  eta: 0:00:41    time: 0.1139  data: 0.0000  max mem: 2671
      Evaluation: [1700/1978]  eta: 0:00:30    time: 0.1140  data: 0.0000  max mem: 2671
      Evaluation: [1800/1978]  eta: 0:00:19    time: 0.1147  data: 0.0000  max mem: 2671
      Evaluation: [1900/1978]  eta: 0:00:08    time: 0.1134  data: 0.0000  max mem: 2671
      Evaluation: [1977/1978]  eta: 0:00:00    time: 0.1136  data: 0.0000  max mem: 2671
      Evaluation: Total time: 0:03:38 (0.1104 s / it)
     Computing matching score time 0:03:39
### TTA ITM Score: 
+-------------------+--------+--------+--------+--------+--------+
|       epoch       |   R1   |   R5   |  R10   |  mAP   |  mINP  |
+-------------------+--------+--------+--------+--------+--------+
|  cos_sim_wo/norm  | 58.544 | 91.860 | 95.703 | 73.596 | 73.596 |
|        -999       | 69.414 | 95.197 | 97.776 | 81.233 | 81.233 |
| itm_score_wo/norm | 84.328 | 98.989 | 99.494 | 91.293 | 91.293 |
|        -999       | 84.277 | 99.039 | 99.596 | 91.276 | 91.276 |
|         0         | 84.631 | 99.039 | 99.596 | 91.443 | 91.443 |
+-------------------+--------+--------+--------+--------+--------+
     logs:  {'epo': 0, 'R1': 84.631, 'R5': 99.039, 'R10': 99.596, 'mAP': 91.443, 'mINP': 91.443, 'entropy': 0.343411, 'uncertainty': 1.0, 'uncertainty_coeffi': 1.0, 'loss': 0.343411, 'lr': 3.1e-05}
      TTA Epoch: [1] [ 0/61]  eta: 0:00:28  entropy: 0.3877  uncertainty: 1.0000  uncertainty_coeffi: 1.0000  loss: 0.3877  lr: 0.000062  time: 0.4624  data: 0.3573  max mem: 2671
      TTA Epoch: [1] [60/61]  eta: 0:00:00  entropy: 0.3635  uncertainty: 1.0000  uncertainty_coeffi: 1.0000  loss: 0.3635  lr: 0.000122  time: 0.1045  data: 0.0001  max mem: 2671
      TTA Epoch: [1] Total time: 0:00:06 (0.1134 s / it)
     Averaged stats: entropy: 0.3113  uncertainty: 1.0000  uncertainty_coeffi: 1.0000  loss: 0.3113  lr: 0.0001
     itm tta time 0:00:06
     Computing matching score
      Evaluation: [   0/1978]  eta: 0:04:31    time: 0.1373  data: 0.0032  max mem: 2671
      Evaluation: [ 100/1978]  eta: 0:03:25    time: 0.1109  data: 0.0000  max mem: 2671
      Evaluation: [ 200/1978]  eta: 0:03:17    time: 0.1126  data: 0.0000  max mem: 2671
      Evaluation: [ 300/1978]  eta: 0:03:06    time: 0.1114  data: 0.0000  max mem: 2671
      Evaluation: [ 400/1978]  eta: 0:02:54    time: 0.1128  data: 0.0000  max mem: 2671
      Evaluation: [ 500/1978]  eta: 0:02:44    time: 0.1137  data: 0.0000  max mem: 2671
      Evaluation: [ 600/1978]  eta: 0:02:32    time: 0.1122  data: 0.0000  max mem: 2671
      Evaluation: [ 700/1978]  eta: 0:02:22    time: 0.1127  data: 0.0000  max mem: 2671
      Evaluation: [ 800/1978]  eta: 0:02:11    time: 0.1143  data: 0.0000  max mem: 2671
      Evaluation: [ 900/1978]  eta: 0:01:59    time: 0.1115  data: 0.0000  max mem: 2671
      Evaluation: [1000/1978]  eta: 0:01:48    time: 0.1130  data: 0.0000  max mem: 2671
      Evaluation: [1100/1978]  eta: 0:01:37    time: 0.1130  data: 0.0000  max mem: 2671
      Evaluation: [1200/1978]  eta: 0:01:26    time: 0.1130  data: 0.0000  max mem: 2671
      Evaluation: [1300/1978]  eta: 0:01:15    time: 0.1130  data: 0.0000  max mem: 2671
      Evaluation: [1400/1978]  eta: 0:01:03    time: 0.0999  data: 0.0000  max mem: 2671
      Evaluation: [1500/1978]  eta: 0:00:51    time: 0.0691  data: 0.0000  max mem: 2671
      Evaluation: [1600/1978]  eta: 0:00:39    time: 0.0706  data: 0.0000  max mem: 2671
      Evaluation: [1700/1978]  eta: 0:00:29    time: 0.1141  data: 0.0000  max mem: 2671
      Evaluation: [1800/1978]  eta: 0:00:18    time: 0.1127  data: 0.0000  max mem: 2671
      Evaluation: [1900/1978]  eta: 0:00:08    time: 0.1068  data: 0.0000  max mem: 2671
      Evaluation: [1977/1978]  eta: 0:00:00    time: 0.0958  data: 0.0000  max mem: 2671
      Evaluation: Total time: 0:03:27 (0.1049 s / it)
     Computing matching score time 0:03:27
### TTA ITM Score: 
+-------------------+--------+--------+--------+--------+--------+
|       epoch       |   R1   |   R5   |  R10   |  mAP   |  mINP  |
+-------------------+--------+--------+--------+--------+--------+
|  cos_sim_wo/norm  | 58.544 | 91.860 | 95.703 | 73.596 | 73.596 |
|        -999       | 69.414 | 95.197 | 97.776 | 81.233 | 81.233 |
| itm_score_wo/norm | 84.328 | 98.989 | 99.494 | 91.293 | 91.293 |
|        -999       | 84.277 | 99.039 | 99.596 | 91.276 | 91.276 |
|         0         | 84.631 | 99.039 | 99.596 | 91.443 | 91.443 |
|         1         | 84.833 | 98.888 | 99.494 | 91.481 | 91.481 |
+-------------------+--------+--------+--------+--------+--------+
     logs:  {'epo': 1, 'R1': 84.833, 'R5': 98.888, 'R10': 99.494, 'mAP': 91.481, 'mINP': 91.481, 'entropy': 0.311311, 'uncertainty': 1.0, 'uncertainty_coeffi': 1.0, 'loss': 0.311311, 'lr': 9.2e-05}
      TTA Epoch: [2] [ 0/61]  eta: 0:00:29  entropy: 0.3433  uncertainty: 1.0000  uncertainty_coeffi: 1.0000  loss: 0.3433  lr: 0.000123  time: 0.4861  data: 0.3712  max mem: 2671
      TTA Epoch: [2] [60/61]  eta: 0:00:00  entropy: 0.2564  uncertainty: 1.0000  uncertainty_coeffi: 1.0000  loss: 0.2564  lr: 0.000183  time: 0.1027  data: 0.0001  max mem: 2671
      TTA Epoch: [2] Total time: 0:00:06 (0.1107 s / it)
     Averaged stats: entropy: 0.2650  uncertainty: 1.0000  uncertainty_coeffi: 1.0000  loss: 0.2650  lr: 0.0002
     itm tta time 0:00:06
     Computing matching score
      Evaluation: [   0/1978]  eta: 0:02:49    time: 0.0858  data: 0.0032  max mem: 2671
      Evaluation: [ 100/1978]  eta: 0:03:31    time: 0.1118  data: 0.0000  max mem: 2671
      Evaluation: [ 200/1978]  eta: 0:03:16    time: 0.0928  data: 0.0000  max mem: 2671
      Evaluation: [ 300/1978]  eta: 0:02:57    time: 0.1119  data: 0.0000  max mem: 2671
      Evaluation: [ 400/1978]  eta: 0:02:49    time: 0.1136  data: 0.0000  max mem: 2671
      Evaluation: [ 500/1978]  eta: 0:02:39    time: 0.1120  data: 0.0000  max mem: 2671
      Evaluation: [ 600/1978]  eta: 0:02:24    time: 0.0876  data: 0.0000  max mem: 2671
      Evaluation: [ 700/1978]  eta: 0:02:15    time: 0.1132  data: 0.0000  max mem: 2671
      Evaluation: [ 800/1978]  eta: 0:02:05    time: 0.1122  data: 0.0000  max mem: 2671
      Evaluation: [ 900/1978]  eta: 0:01:55    time: 0.1136  data: 0.0000  max mem: 2671
      Evaluation: [1000/1978]  eta: 0:01:45    time: 0.1112  data: 0.0000  max mem: 2671
      Evaluation: [1100/1978]  eta: 0:01:34    time: 0.1103  data: 0.0000  max mem: 2671
      Evaluation: [1200/1978]  eta: 0:01:22    time: 0.0894  data: 0.0000  max mem: 2671
      Evaluation: [1300/1978]  eta: 0:01:12    time: 0.1116  data: 0.0000  max mem: 2671
      Evaluation: [1400/1978]  eta: 0:01:01    time: 0.1110  data: 0.0000  max mem: 2671
      Evaluation: [1500/1978]  eta: 0:00:51    time: 0.1142  data: 0.0000  max mem: 2671
      Evaluation: [1600/1978]  eta: 0:00:40    time: 0.1109  data: 0.0000  max mem: 2671
      Evaluation: [1700/1978]  eta: 0:00:29    time: 0.1118  data: 0.0000  max mem: 2671
      Evaluation: [1800/1978]  eta: 0:00:19    time: 0.1111  data: 0.0000  max mem: 2671
      Evaluation: [1900/1978]  eta: 0:00:08    time: 0.1119  data: 0.0000  max mem: 2671
      Evaluation: [1977/1978]  eta: 0:00:00    time: 0.0974  data: 0.0000  max mem: 2671
      Evaluation: Total time: 0:03:33 (0.1080 s / it)
     Computing matching score time 0:03:34
### TTA ITM Score: 
+-------------------+--------+--------+--------+--------+--------+
|       epoch       |   R1   |   R5   |  R10   |  mAP   |  mINP  |
+-------------------+--------+--------+--------+--------+--------+
|  cos_sim_wo/norm  | 58.544 | 91.860 | 95.703 | 73.596 | 73.596 |
|        -999       | 69.414 | 95.197 | 97.776 | 81.233 | 81.233 |
| itm_score_wo/norm | 84.328 | 98.989 | 99.494 | 91.293 | 91.293 |
|        -999       | 84.277 | 99.039 | 99.596 | 91.276 | 91.276 |
|         0         | 84.631 | 99.039 | 99.596 | 91.443 | 91.443 |
|         1         | 84.833 | 98.888 | 99.494 | 91.481 | 91.481 |
|         2         | 84.530 | 98.736 | 99.494 | 91.299 | 91.299 |
+-------------------+--------+--------+--------+--------+--------+
     logs:  {'epo': 2, 'R1': 84.53, 'R5': 98.736, 'R10': 99.494, 'mAP': 91.299, 'mINP': 91.299, 'entropy': 0.265034, 'uncertainty': 1.0, 'uncertainty_coeffi': 1.0, 'loss': 0.265034, 'lr': 0.000153}
      TTA Epoch: [3] [ 0/61]  eta: 0:00:26  entropy: 0.2014  uncertainty: 1.0000  uncertainty_coeffi: 1.0000  loss: 0.2014  lr: 0.000184  time: 0.4352  data: 0.3087  max mem: 2671
      TTA Epoch: [3] [60/61]  eta: 0:00:00  entropy: 0.1753  uncertainty: 1.0000  uncertainty_coeffi: 1.0000  loss: 0.1753  lr: 0.000244  time: 0.1025  data: 0.0001  max mem: 2671
      TTA Epoch: [3] Total time: 0:00:06 (0.1092 s / it)
     Averaged stats: entropy: 0.2229  uncertainty: 1.0000  uncertainty_coeffi: 1.0000  loss: 0.2229  lr: 0.0002
     itm tta time 0:00:06
      TTA Epoch: [4] [ 0/61]  eta: 0:00:31  entropy: 0.2345  uncertainty: 1.0000  uncertainty_coeffi: 1.0000  loss: 0.2345  lr: 0.000245  time: 0.5183  data: 0.3859  max mem: 2671
      TTA Epoch: [4] [60/61]  eta: 0:00:00  entropy: 0.1821  uncertainty: 1.0000  uncertainty_coeffi: 1.0000  loss: 0.1821  lr: 0.000305  time: 0.1055  data: 0.0001  max mem: 2671
      TTA Epoch: [4] Total time: 0:00:06 (0.1120 s / it)
     Averaged stats: entropy: 0.1865  uncertainty: 1.0000  uncertainty_coeffi: 1.0000  loss: 0.1865  lr: 0.0003
     itm tta time 0:00:06
     Computing matching score
      Evaluation: [   0/1978]  eta: 0:04:31    time: 0.1372  data: 0.0024  max mem: 2671
      Evaluation: [ 100/1978]  eta: 0:03:26    time: 0.0996  data: 0.0000  max mem: 2671
      Evaluation: [ 200/1978]  eta: 0:03:17    time: 0.1127  data: 0.0000  max mem: 2671
      Evaluation: [ 300/1978]  eta: 0:03:07    time: 0.1133  data: 0.0000  max mem: 2671
      Evaluation: [ 400/1978]  eta: 0:02:48    time: 0.0686  data: 0.0000  max mem: 2671
      Evaluation: [ 500/1978]  eta: 0:02:37    time: 0.1113  data: 0.0000  max mem: 2671
      Evaluation: [ 600/1978]  eta: 0:02:28    time: 0.1105  data: 0.0000  max mem: 2671
      Evaluation: [ 700/1978]  eta: 0:02:17    time: 0.0948  data: 0.0000  max mem: 2671
      Evaluation: [ 800/1978]  eta: 0:02:07    time: 0.1124  data: 0.0000  max mem: 2671
      Evaluation: [ 900/1978]  eta: 0:01:57    time: 0.1111  data: 0.0000  max mem: 2671
      Evaluation: [1000/1978]  eta: 0:01:46    time: 0.1123  data: 0.0000  max mem: 2671
      Evaluation: [1100/1978]  eta: 0:01:35    time: 0.1131  data: 0.0000  max mem: 2671
      Evaluation: [1200/1978]  eta: 0:01:24    time: 0.1119  data: 0.0000  max mem: 2671
      Evaluation: [1300/1978]  eta: 0:01:13    time: 0.1089  data: 0.0000  max mem: 2671
      Evaluation: [1400/1978]  eta: 0:01:03    time: 0.1097  data: 0.0000  max mem: 2671
      Evaluation: [1500/1978]  eta: 0:00:52    time: 0.1110  data: 0.0000  max mem: 2671
      Evaluation: [1600/1978]  eta: 0:00:41    time: 0.1128  data: 0.0000  max mem: 2671
      Evaluation: [1700/1978]  eta: 0:00:30    time: 0.1128  data: 0.0000  max mem: 2671
      Evaluation: [1800/1978]  eta: 0:00:19    time: 0.1027  data: 0.0000  max mem: 2671
      Evaluation: [1900/1978]  eta: 0:00:08    time: 0.1122  data: 0.0000  max mem: 2671
      Evaluation: [1977/1978]  eta: 0:00:00    time: 0.1125  data: 0.0000  max mem: 2671
      Evaluation: Total time: 0:03:35 (0.1087 s / it)
     Computing matching score time 0:03:35
### TTA ITM Score: 
+-------------------+--------+--------+--------+--------+--------+
|       epoch       |   R1   |   R5   |  R10   |  mAP   |  mINP  |
+-------------------+--------+--------+--------+--------+--------+
|  cos_sim_wo/norm  | 58.544 | 91.860 | 95.703 | 73.596 | 73.596 |
|        -999       | 69.414 | 95.197 | 97.776 | 81.233 | 81.233 |
| itm_score_wo/norm | 84.328 | 98.989 | 99.494 | 91.293 | 91.293 |
|        -999       | 84.277 | 99.039 | 99.596 | 91.276 | 91.276 |
|         0         | 84.631 | 99.039 | 99.596 | 91.443 | 91.443 |
|         1         | 84.833 | 98.888 | 99.494 | 91.481 | 91.481 |
|         2         | 84.530 | 98.736 | 99.494 | 91.299 | 91.299 |
|         4         | 84.429 | 98.635 | 99.292 | 91.179 | 91.179 |
+-------------------+--------+--------+--------+--------+--------+
     logs:  {'epo': 4, 'R1': 84.429, 'R5': 98.635, 'R10': 99.292, 'mAP': 91.179, 'mINP': 91.179, 'entropy': 0.186495, 'uncertainty': 1.0, 'uncertainty_coeffi': 1.0, 'loss': 0.186495, 'lr': 0.000275}
      TTA Epoch: [5] [ 0/61]  eta: 0:00:29  entropy: 0.1761  uncertainty: 1.0000  uncertainty_coeffi: 1.0000  loss: 0.1761  lr: 0.000306  time: 0.4852  data: 0.3597  max mem: 2671
      TTA Epoch: [5] [60/61]  eta: 0:00:00  entropy: 0.1672  uncertainty: 1.0000  uncertainty_coeffi: 1.0000  loss: 0.1672  lr: 0.000366  time: 0.0888  data: 0.0001  max mem: 2671
      TTA Epoch: [5] Total time: 0:00:06 (0.1081 s / it)
     Averaged stats: entropy: 0.1619  uncertainty: 1.0000  uncertainty_coeffi: 1.0000  loss: 0.1619  lr: 0.0003
     itm tta time 0:00:06
      TTA Epoch: [6] [ 0/61]  eta: 0:00:25  entropy: 0.2353  uncertainty: 1.0000  uncertainty_coeffi: 1.0000  loss: 0.2353  lr: 0.000367  time: 0.4192  data: 0.3394  max mem: 2671
      TTA Epoch: [6] [60/61]  eta: 0:00:00  entropy: 0.1378  uncertainty: 1.0000  uncertainty_coeffi: 1.0000  loss: 0.1378  lr: 0.000427  time: 0.1072  data: 0.0001  max mem: 2671
      TTA Epoch: [6] Total time: 0:00:06 (0.1146 s / it)
     Averaged stats: entropy: 0.1432  uncertainty: 1.0000  uncertainty_coeffi: 1.0000  loss: 0.1432  lr: 0.0004
     itm tta time 0:00:07
      TTA Epoch: [7] [ 0/61]  eta: 0:00:34  entropy: 0.0982  uncertainty: 1.0000  uncertainty_coeffi: 1.0000  loss: 0.0982  lr: 0.000428  time: 0.5685  data: 0.4084  max mem: 2671
      TTA Epoch: [7] [60/61]  eta: 0:00:00  entropy: 0.0736  uncertainty: 1.0000  uncertainty_coeffi: 1.0000  loss: 0.0736  lr: 0.000488  time: 0.1079  data: 0.0001  max mem: 2671
      TTA Epoch: [7] Total time: 0:00:07 (0.1159 s / it)
     Averaged stats: entropy: 0.1236  uncertainty: 1.0000  uncertainty_coeffi: 1.0000  loss: 0.1236  lr: 0.0005
     itm tta time 0:00:07
      TTA Epoch: [8] [ 0/61]  eta: 0:00:31  entropy: 0.1182  uncertainty: 1.0000  uncertainty_coeffi: 1.0000  loss: 0.1182  lr: 0.000489  time: 0.5140  data: 0.3926  max mem: 2671
      TTA Epoch: [8] [60/61]  eta: 0:00:00  entropy: 0.1117  uncertainty: 1.0000  uncertainty_coeffi: 1.0000  loss: 0.1117  lr: 0.000492  time: 0.1055  data: 0.0001  max mem: 2671
      TTA Epoch: [8] Total time: 0:00:06 (0.1127 s / it)
     Averaged stats: entropy: 0.1021  uncertainty: 1.0000  uncertainty_coeffi: 1.0000  loss: 0.1021  lr: 0.0005
     itm tta time 0:00:06
      TTA Epoch: [9] [ 0/61]  eta: 0:00:30  entropy: 0.0782  uncertainty: 1.0000  uncertainty_coeffi: 1.0000  loss: 0.0782  lr: 0.000492  time: 0.5031  data: 0.3805  max mem: 2671
      TTA Epoch: [9] [60/61]  eta: 0:00:00  entropy: 0.0548  uncertainty: 1.0000  uncertainty_coeffi: 1.0000  loss: 0.0548  lr: 0.000483  time: 0.1061  data: 0.0001  max mem: 2671
      TTA Epoch: [9] Total time: 0:00:06 (0.1074 s / it)
     Averaged stats: entropy: 0.0892  uncertainty: 1.0000  uncertainty_coeffi: 1.0000  loss: 0.0892  lr: 0.0005
     itm tta time 0:00:06
     Computing matching score
      Evaluation: [   0/1978]  eta: 0:02:51    time: 0.0865  data: 0.0027  max mem: 2671
      Evaluation: [ 100/1978]  eta: 0:03:31    time: 0.1114  data: 0.0000  max mem: 2671
      Evaluation: [ 200/1978]  eta: 0:03:19    time: 0.1129  data: 0.0000  max mem: 2671
      Evaluation: [ 300/1978]  eta: 0:03:06    time: 0.1099  data: 0.0000  max mem: 2671
      Evaluation: [ 400/1978]  eta: 0:02:55    time: 0.1120  data: 0.0000  max mem: 2671
      Evaluation: [ 500/1978]  eta: 0:02:43    time: 0.1063  data: 0.0000  max mem: 2671
      Evaluation: [ 600/1978]  eta: 0:02:32    time: 0.1118  data: 0.0000  max mem: 2671
      Evaluation: [ 700/1978]  eta: 0:02:21    time: 0.1131  data: 0.0000  max mem: 2671
      Evaluation: [ 800/1978]  eta: 0:02:08    time: 0.1119  data: 0.0000  max mem: 2671
      Evaluation: [ 900/1978]  eta: 0:01:57    time: 0.1130  data: 0.0000  max mem: 2671
      Evaluation: [1000/1978]  eta: 0:01:47    time: 0.1129  data: 0.0000  max mem: 2671
      Evaluation: [1100/1978]  eta: 0:01:36    time: 0.1118  data: 0.0000  max mem: 2671
      Evaluation: [1200/1978]  eta: 0:01:25    time: 0.1125  data: 0.0000  max mem: 2671
      Evaluation: [1300/1978]  eta: 0:01:14    time: 0.1094  data: 0.0000  max mem: 2671
      Evaluation: [1400/1978]  eta: 0:01:03    time: 0.1120  data: 0.0000  max mem: 2671
      Evaluation: [1500/1978]  eta: 0:00:52    time: 0.1124  data: 0.0000  max mem: 2671
      Evaluation: [1600/1978]  eta: 0:00:41    time: 0.1041  data: 0.0000  max mem: 2671
      Evaluation: [1700/1978]  eta: 0:00:30    time: 0.1132  data: 0.0000  max mem: 2671
      Evaluation: [1800/1978]  eta: 0:00:19    time: 0.1132  data: 0.0000  max mem: 2671
      Evaluation: [1900/1978]  eta: 0:00:08    time: 0.1126  data: 0.0000  max mem: 2671
      Evaluation: [1977/1978]  eta: 0:00:00    time: 0.1129  data: 0.0000  max mem: 2671
      Evaluation: Total time: 0:03:37 (0.1101 s / it)
     Computing matching score time 0:03:38
### TTA ITM Score: 
+-------------------+--------+--------+--------+--------+--------+
|       epoch       |   R1   |   R5   |  R10   |  mAP   |  mINP  |
+-------------------+--------+--------+--------+--------+--------+
|  cos_sim_wo/norm  | 58.544 | 91.860 | 95.703 | 73.596 | 73.596 |
|        -999       | 69.414 | 95.197 | 97.776 | 81.233 | 81.233 |
| itm_score_wo/norm | 84.328 | 98.989 | 99.494 | 91.293 | 91.293 |
|        -999       | 84.277 | 99.039 | 99.596 | 91.276 | 91.276 |
|         0         | 84.631 | 99.039 | 99.596 | 91.443 | 91.443 |
|         1         | 84.833 | 98.888 | 99.494 | 91.481 | 91.481 |
|         2         | 84.530 | 98.736 | 99.494 | 91.299 | 91.299 |
|         4         | 84.429 | 98.635 | 99.292 | 91.179 | 91.179 |
|         9         | 84.580 | 98.382 | 99.343 | 91.184 | 91.184 |
+-------------------+--------+--------+--------+--------+--------+
     logs:  {'epo': 9, 'R1': 84.58, 'R5': 98.382, 'R10': 99.343, 'mAP': 91.184, 'mINP': 91.184, 'entropy': 0.089168, 'uncertainty': 1.0, 'uncertainty_coeffi': 1.0, 'loss': 0.089168, 'lr': 0.000488}
      TTA Epoch: [10] [ 0/61]  eta: 0:00:27  entropy: 0.0855  uncertainty: 1.0000  uncertainty_coeffi: 1.0000  loss: 0.0855  lr: 0.000483  time: 0.4559  data: 0.3088  max mem: 2671
      TTA Epoch: [10] [60/61]  eta: 0:00:00  entropy: 0.0077  uncertainty: 1.0000  uncertainty_coeffi: 1.0000  loss: 0.0077  lr: 0.000473  time: 0.1049  data: 0.0001  max mem: 2671
      TTA Epoch: [10] Total time: 0:00:06 (0.1109 s / it)
     Averaged stats: entropy: 0.0762  uncertainty: 1.0000  uncertainty_coeffi: 1.0000  loss: 0.0762  lr: 0.0005
     itm tta time 0:00:06
      TTA Epoch: [11] [ 0/61]  eta: 0:00:34  entropy: 0.0661  uncertainty: 1.0000  uncertainty_coeffi: 1.0000  loss: 0.0661  lr: 0.000473  time: 0.5629  data: 0.4146  max mem: 2671
      TTA Epoch: [11] [60/61]  eta: 0:00:00  entropy: 0.0835  uncertainty: 1.0000  uncertainty_coeffi: 1.0000  loss: 0.0835  lr: 0.000464  time: 0.1051  data: 0.0001  max mem: 2671
      TTA Epoch: [11] Total time: 0:00:06 (0.1053 s / it)
     Averaged stats: entropy: 0.0743  uncertainty: 1.0000  uncertainty_coeffi: 1.0000  loss: 0.0743  lr: 0.0005
     itm tta time 0:00:06
      TTA Epoch: [12] [ 0/61]  eta: 0:00:27  entropy: 0.0780  uncertainty: 1.0000  uncertainty_coeffi: 1.0000  loss: 0.0780  lr: 0.000464  time: 0.4581  data: 0.3465  max mem: 2671
      TTA Epoch: [12] [60/61]  eta: 0:00:00  entropy: 0.1193  uncertainty: 1.0000  uncertainty_coeffi: 1.0000  loss: 0.1193  lr: 0.000455  time: 0.1053  data: 0.0001  max mem: 2671
      TTA Epoch: [12] Total time: 0:00:06 (0.1107 s / it)
     Averaged stats: entropy: 0.0704  uncertainty: 1.0000  uncertainty_coeffi: 1.0000  loss: 0.0704  lr: 0.0005
     itm tta time 0:00:06
      TTA Epoch: [13] [ 0/61]  eta: 0:00:34  entropy: 0.0720  uncertainty: 1.0000  uncertainty_coeffi: 1.0000  loss: 0.0720  lr: 0.000454  time: 0.5622  data: 0.4199  max mem: 2671
      TTA Epoch: [13] [60/61]  eta: 0:00:00  entropy: 0.0701  uncertainty: 1.0000  uncertainty_coeffi: 1.0000  loss: 0.0701  lr: 0.000445  time: 0.1058  data: 0.0001  max mem: 2671
      TTA Epoch: [13] Total time: 0:00:06 (0.1137 s / it)
     Averaged stats: entropy: 0.0606  uncertainty: 1.0000  uncertainty_coeffi: 1.0000  loss: 0.0606  lr: 0.0004
     itm tta time 0:00:07
      TTA Epoch: [14] [ 0/61]  eta: 0:00:27  entropy: 0.0487  uncertainty: 1.0000  uncertainty_coeffi: 1.0000  loss: 0.0487  lr: 0.000445  time: 0.4440  data: 0.3300  max mem: 2671
      TTA Epoch: [14] [60/61]  eta: 0:00:00  entropy: 0.0654  uncertainty: 1.0000  uncertainty_coeffi: 1.0000  loss: 0.0654  lr: 0.000436  time: 0.1064  data: 0.0001  max mem: 2671
      TTA Epoch: [14] Total time: 0:00:06 (0.1125 s / it)
     Averaged stats: entropy: 0.0573  uncertainty: 1.0000  uncertainty_coeffi: 1.0000  loss: 0.0573  lr: 0.0004
     itm tta time 0:00:06
     Computing matching score
      Evaluation: [   0/1978]  eta: 0:04:46    time: 0.1448  data: 0.0063  max mem: 2671
      Evaluation: [ 100/1978]  eta: 0:03:24    time: 0.1131  data: 0.0000  max mem: 2671
      Evaluation: [ 200/1978]  eta: 0:03:17    time: 0.1142  data: 0.0000  max mem: 2671
      Evaluation: [ 300/1978]  eta: 0:03:05    time: 0.1117  data: 0.0000  max mem: 2671
      Evaluation: [ 400/1978]  eta: 0:02:55    time: 0.1115  data: 0.0000  max mem: 2671
      Evaluation: [ 500/1978]  eta: 0:02:44    time: 0.1123  data: 0.0000  max mem: 2671
      Evaluation: [ 600/1978]  eta: 0:02:32    time: 0.1134  data: 0.0000  max mem: 2671
      Evaluation: [ 700/1978]  eta: 0:02:21    time: 0.1118  data: 0.0000  max mem: 2671
      Evaluation: [ 800/1978]  eta: 0:02:10    time: 0.1118  data: 0.0000  max mem: 2671
      Evaluation: [ 900/1978]  eta: 0:01:59    time: 0.1125  data: 0.0000  max mem: 2671
      Evaluation: [1000/1978]  eta: 0:01:48    time: 0.1109  data: 0.0000  max mem: 2671
      Evaluation: [1100/1978]  eta: 0:01:35    time: 0.0910  data: 0.0000  max mem: 2671
      Evaluation: [1200/1978]  eta: 0:01:24    time: 0.1142  data: 0.0000  max mem: 2671
      Evaluation: [1300/1978]  eta: 0:01:14    time: 0.1152  data: 0.0000  max mem: 2671
      Evaluation: [1400/1978]  eta: 0:01:03    time: 0.1126  data: 0.0000  max mem: 2671
      Evaluation: [1500/1978]  eta: 0:00:52    time: 0.1130  data: 0.0000  max mem: 2671
      Evaluation: [1600/1978]  eta: 0:00:41    time: 0.1145  data: 0.0000  max mem: 2671
      Evaluation: [1700/1978]  eta: 0:00:30    time: 0.1131  data: 0.0000  max mem: 2671
      Evaluation: [1800/1978]  eta: 0:00:19    time: 0.1124  data: 0.0000  max mem: 2671
      Evaluation: [1900/1978]  eta: 0:00:08    time: 0.1055  data: 0.0000  max mem: 2671
      Evaluation: [1977/1978]  eta: 0:00:00    time: 0.1134  data: 0.0000  max mem: 2671
      Evaluation: Total time: 0:03:37 (0.1099 s / it)
     Computing matching score time 0:03:38
### TTA ITM Score: 
+-------------------+--------+--------+--------+--------+--------+
|       epoch       |   R1   |   R5   |  R10   |  mAP   |  mINP  |
+-------------------+--------+--------+--------+--------+--------+
|  cos_sim_wo/norm  | 58.544 | 91.860 | 95.703 | 73.596 | 73.596 |
|        -999       | 69.414 | 95.197 | 97.776 | 81.233 | 81.233 |
| itm_score_wo/norm | 84.328 | 98.989 | 99.494 | 91.293 | 91.293 |
|        -999       | 84.277 | 99.039 | 99.596 | 91.276 | 91.276 |
|         0         | 84.631 | 99.039 | 99.596 | 91.443 | 91.443 |
|         1         | 84.833 | 98.888 | 99.494 | 91.481 | 91.481 |
|         2         | 84.530 | 98.736 | 99.494 | 91.299 | 91.299 |
|         4         | 84.429 | 98.635 | 99.292 | 91.179 | 91.179 |
|         9         | 84.580 | 98.382 | 99.343 | 91.184 | 91.184 |
|         14        | 84.125 | 98.382 | 99.292 | 90.976 | 90.976 |
+-------------------+--------+--------+--------+--------+--------+
     logs:  {'epo': 14, 'R1': 84.125, 'R5': 98.382, 'R10': 99.292, 'mAP': 90.976, 'mINP': 90.976, 'entropy': 0.057339, 'uncertainty': 1.0, 'uncertainty_coeffi': 1.0, 'loss': 0.057339, 'lr': 0.00044}
      TTA Epoch: [15] [ 0/61]  eta: 0:00:26  entropy: 0.0239  uncertainty: 1.0000  uncertainty_coeffi: 1.0000  loss: 0.0239  lr: 0.000435  time: 0.4264  data: 0.3095  max mem: 2671
      TTA Epoch: [15] [60/61]  eta: 0:00:00  entropy: 0.0408  uncertainty: 1.0000  uncertainty_coeffi: 1.0000  loss: 0.0408  lr: 0.000426  time: 0.1056  data: 0.0001  max mem: 2671
      TTA Epoch: [15] Total time: 0:00:06 (0.1108 s / it)
     Averaged stats: entropy: 0.0533  uncertainty: 1.0000  uncertainty_coeffi: 1.0000  loss: 0.0533  lr: 0.0004
     itm tta time 0:00:06
      TTA Epoch: [16] [ 0/61]  eta: 0:00:28  entropy: 0.0197  uncertainty: 1.0000  uncertainty_coeffi: 1.0000  loss: 0.0197  lr: 0.000426  time: 0.4643  data: 0.3831  max mem: 2671
      TTA Epoch: [16] [60/61]  eta: 0:00:00  entropy: 0.0158  uncertainty: 1.0000  uncertainty_coeffi: 1.0000  loss: 0.0158  lr: 0.000417  time: 0.1058  data: 0.0001  max mem: 2671
      TTA Epoch: [16] Total time: 0:00:06 (0.1117 s / it)
     Averaged stats: entropy: 0.0511  uncertainty: 1.0000  uncertainty_coeffi: 1.0000  loss: 0.0511  lr: 0.0004
     itm tta time 0:00:06
      TTA Epoch: [17] [ 0/61]  eta: 0:00:30  entropy: 0.0614  uncertainty: 1.0000  uncertainty_coeffi: 1.0000  loss: 0.0614  lr: 0.000416  time: 0.5079  data: 0.3971  max mem: 2671
      TTA Epoch: [17] [60/61]  eta: 0:00:00  entropy: 0.0378  uncertainty: 1.0000  uncertainty_coeffi: 1.0000  loss: 0.0378  lr: 0.000407  time: 0.1095  data: 0.0001  max mem: 2671
      TTA Epoch: [17] Total time: 0:00:06 (0.1101 s / it)
     Averaged stats: entropy: 0.0477  uncertainty: 1.0000  uncertainty_coeffi: 1.0000  loss: 0.0477  lr: 0.0004
     itm tta time 0:00:06
      TTA Epoch: [18] [ 0/61]  eta: 0:00:32  entropy: 0.1132  uncertainty: 1.0000  uncertainty_coeffi: 1.0000  loss: 0.1132  lr: 0.000407  time: 0.5249  data: 0.3752  max mem: 2671
      TTA Epoch: [18] [60/61]  eta: 0:00:00  entropy: 0.0482  uncertainty: 1.0000  uncertainty_coeffi: 1.0000  loss: 0.0482  lr: 0.000398  time: 0.1078  data: 0.0001  max mem: 2671
      TTA Epoch: [18] Total time: 0:00:07 (0.1159 s / it)
     Averaged stats: entropy: 0.0423  uncertainty: 1.0000  uncertainty_coeffi: 1.0000  loss: 0.0423  lr: 0.0004
     itm tta time 0:00:07
      TTA Epoch: [19] [ 0/61]  eta: 0:00:30  entropy: 0.0085  uncertainty: 1.0000  uncertainty_coeffi: 1.0000  loss: 0.0085  lr: 0.000398  time: 0.5042  data: 0.3594  max mem: 2671
      TTA Epoch: [19] [60/61]  eta: 0:00:00  entropy: 0.0103  uncertainty: 1.0000  uncertainty_coeffi: 1.0000  loss: 0.0103  lr: 0.000388  time: 0.1078  data: 0.0001  max mem: 2671
      TTA Epoch: [19] Total time: 0:00:07 (0.1152 s / it)
     Averaged stats: entropy: 0.0391  uncertainty: 1.0000  uncertainty_coeffi: 1.0000  loss: 0.0391  lr: 0.0004
     itm tta time 0:00:07
     Computing matching score
      Evaluation: [   0/1978]  eta: 0:03:15    time: 0.0987  data: 0.0033  max mem: 2671
      Evaluation: [ 100/1978]  eta: 0:03:28    time: 0.1151  data: 0.0000  max mem: 2671
      Evaluation: [ 200/1978]  eta: 0:03:19    time: 0.1130  data: 0.0000  max mem: 2671
      Evaluation: [ 300/1978]  eta: 0:03:07    time: 0.0958  data: 0.0000  max mem: 2671
      Evaluation: [ 400/1978]  eta: 0:02:56    time: 0.1121  data: 0.0000  max mem: 2671
      Evaluation: [ 500/1978]  eta: 0:02:45    time: 0.1129  data: 0.0000  max mem: 2671
      Evaluation: [ 600/1978]  eta: 0:02:33    time: 0.1134  data: 0.0000  max mem: 2671
      Evaluation: [ 700/1978]  eta: 0:02:22    time: 0.1119  data: 0.0000  max mem: 2671
      Evaluation: [ 800/1978]  eta: 0:02:11    time: 0.1023  data: 0.0000  max mem: 2671
      Evaluation: [ 900/1978]  eta: 0:01:59    time: 0.1127  data: 0.0000  max mem: 2671
      Evaluation: [1000/1978]  eta: 0:01:49    time: 0.1140  data: 0.0000  max mem: 2671
      Evaluation: [1100/1978]  eta: 0:01:37    time: 0.1122  data: 0.0000  max mem: 2671
      Evaluation: [1200/1978]  eta: 0:01:26    time: 0.1139  data: 0.0000  max mem: 2671
      Evaluation: [1300/1978]  eta: 0:01:15    time: 0.1039  data: 0.0000  max mem: 2671
      Evaluation: [1400/1978]  eta: 0:01:03    time: 0.1114  data: 0.0000  max mem: 2671
      Evaluation: [1500/1978]  eta: 0:00:52    time: 0.1129  data: 0.0000  max mem: 2671
      Evaluation: [1600/1978]  eta: 0:00:41    time: 0.1135  data: 0.0000  max mem: 2671
      Evaluation: [1700/1978]  eta: 0:00:30    time: 0.1102  data: 0.0000  max mem: 2671
      Evaluation: [1800/1978]  eta: 0:00:19    time: 0.1121  data: 0.0000  max mem: 2671
      Evaluation: [1900/1978]  eta: 0:00:08    time: 0.0942  data: 0.0000  max mem: 2671
      Evaluation: [1977/1978]  eta: 0:00:00    time: 0.1114  data: 0.0000  max mem: 2671
      Evaluation: Total time: 0:03:38 (0.1103 s / it)
     Computing matching score time 0:03:39
### TTA ITM Score: 
+-------------------+--------+--------+--------+--------+--------+
|       epoch       |   R1   |   R5   |  R10   |  mAP   |  mINP  |
+-------------------+--------+--------+--------+--------+--------+
|  cos_sim_wo/norm  | 58.544 | 91.860 | 95.703 | 73.596 | 73.596 |
|        -999       | 69.414 | 95.197 | 97.776 | 81.233 | 81.233 |
| itm_score_wo/norm | 84.328 | 98.989 | 99.494 | 91.293 | 91.293 |
|        -999       | 84.277 | 99.039 | 99.596 | 91.276 | 91.276 |
|         0         | 84.631 | 99.039 | 99.596 | 91.443 | 91.443 |
|         1         | 84.833 | 98.888 | 99.494 | 91.481 | 91.481 |
|         2         | 84.530 | 98.736 | 99.494 | 91.299 | 91.299 |
|         4         | 84.429 | 98.635 | 99.292 | 91.179 | 91.179 |
|         9         | 84.580 | 98.382 | 99.343 | 91.184 | 91.184 |
|         14        | 84.125 | 98.382 | 99.292 | 90.976 | 90.976 |
|         19        | 84.024 | 98.180 | 99.242 | 90.806 | 90.806 |
+-------------------+--------+--------+--------+--------+--------+
     logs:  {'epo': 19, 'R1': 84.024, 'R5': 98.18, 'R10': 99.242, 'mAP': 90.806, 'mINP': 90.806, 'entropy': 0.039082, 'uncertainty': 1.0, 'uncertainty_coeffi': 1.0, 'loss': 0.039082, 'lr': 0.000393}
      TTA Epoch: [20] [ 0/61]  eta: 0:00:32  entropy: 0.0814  uncertainty: 1.0000  uncertainty_coeffi: 1.0000  loss: 0.0814  lr: 0.000388  time: 0.5254  data: 0.3875  max mem: 2671
      TTA Epoch: [20] [60/61]  eta: 0:00:00  entropy: 0.0286  uncertainty: 1.0000  uncertainty_coeffi: 1.0000  loss: 0.0286  lr: 0.000379  time: 0.1052  data: 0.0001  max mem: 2671
      TTA Epoch: [20] Total time: 0:00:06 (0.1131 s / it)
     Averaged stats: entropy: 0.0385  uncertainty: 1.0000  uncertainty_coeffi: 1.0000  loss: 0.0385  lr: 0.0004
     itm tta time 0:00:07
      TTA Epoch: [21] [ 0/61]  eta: 0:00:31  entropy: 0.0531  uncertainty: 1.0000  uncertainty_coeffi: 1.0000  loss: 0.0531  lr: 0.000379  time: 0.5154  data: 0.3759  max mem: 2671
      TTA Epoch: [21] [60/61]  eta: 0:00:00  entropy: 0.0475  uncertainty: 1.0000  uncertainty_coeffi: 1.0000  loss: 0.0475  lr: 0.000369  time: 0.1083  data: 0.0001  max mem: 2671
      TTA Epoch: [21] Total time: 0:00:07 (0.1149 s / it)
     Averaged stats: entropy: 0.0373  uncertainty: 1.0000  uncertainty_coeffi: 1.0000  loss: 0.0373  lr: 0.0004
     itm tta time 0:00:07
      TTA Epoch: [22] [ 0/61]  eta: 0:00:32  entropy: 0.0300  uncertainty: 1.0000  uncertainty_coeffi: 1.0000  loss: 0.0300  lr: 0.000369  time: 0.5335  data: 0.4192  max mem: 2671
      TTA Epoch: [22] [60/61]  eta: 0:00:00  entropy: 0.0044  uncertainty: 1.0000  uncertainty_coeffi: 1.0000  loss: 0.0044  lr: 0.000360  time: 0.1078  data: 0.0001  max mem: 2671
      TTA Epoch: [22] Total time: 0:00:06 (0.1139 s / it)
     Averaged stats: entropy: 0.0372  uncertainty: 1.0000  uncertainty_coeffi: 1.0000  loss: 0.0372  lr: 0.0004
     itm tta time 0:00:07
      TTA Epoch: [23] [ 0/61]  eta: 0:00:29  entropy: 0.0377  uncertainty: 1.0000  uncertainty_coeffi: 1.0000  loss: 0.0377  lr: 0.000360  time: 0.4891  data: 0.3576  max mem: 2671
      TTA Epoch: [23] [60/61]  eta: 0:00:00  entropy: 0.0353  uncertainty: 1.0000  uncertainty_coeffi: 1.0000  loss: 0.0353  lr: 0.000350  time: 0.1058  data: 0.0001  max mem: 2671
      TTA Epoch: [23] Total time: 0:00:06 (0.1141 s / it)
     Averaged stats: entropy: 0.0334  uncertainty: 1.0000  uncertainty_coeffi: 1.0000  loss: 0.0334  lr: 0.0004
     itm tta time 0:00:07
      TTA Epoch: [24] [ 0/61]  eta: 0:00:31  entropy: 0.1047  uncertainty: 1.0000  uncertainty_coeffi: 1.0000  loss: 0.1047  lr: 0.000350  time: 0.5195  data: 0.3688  max mem: 2671
      TTA Epoch: [24] [60/61]  eta: 0:00:00  entropy: 0.0560  uncertainty: 1.0000  uncertainty_coeffi: 1.0000  loss: 0.0560  lr: 0.000341  time: 0.1082  data: 0.0001  max mem: 2671
      TTA Epoch: [24] Total time: 0:00:07 (0.1151 s / it)
     Averaged stats: entropy: 0.0335  uncertainty: 1.0000  uncertainty_coeffi: 1.0000  loss: 0.0335  lr: 0.0003
     itm tta time 0:00:07
      TTA Epoch: [25] [ 0/61]  eta: 0:00:27  entropy: 0.0425  uncertainty: 1.0000  uncertainty_coeffi: 1.0000  loss: 0.0425  lr: 0.000341  time: 0.4488  data: 0.3215  max mem: 2671
      TTA Epoch: [25] [60/61]  eta: 0:00:00  entropy: 0.0172  uncertainty: 1.0000  uncertainty_coeffi: 1.0000  loss: 0.0172  lr: 0.000331  time: 0.1058  data: 0.0001  max mem: 2671
      TTA Epoch: [25] Total time: 0:00:06 (0.1051 s / it)
     Averaged stats: entropy: 0.0320  uncertainty: 1.0000  uncertainty_coeffi: 1.0000  loss: 0.0320  lr: 0.0003
     itm tta time 0:00:06
      TTA Epoch: [26] [ 0/61]  eta: 0:00:29  entropy: 0.0304  uncertainty: 1.0000  uncertainty_coeffi: 1.0000  loss: 0.0304  lr: 0.000331  time: 0.4771  data: 0.3573  max mem: 2671
      TTA Epoch: [26] [60/61]  eta: 0:00:00  entropy: 0.0006  uncertainty: 1.0000  uncertainty_coeffi: 1.0000  loss: 0.0006  lr: 0.000322  time: 0.1084  data: 0.0001  max mem: 2671
      TTA Epoch: [26] Total time: 0:00:07 (0.1150 s / it)
     Averaged stats: entropy: 0.0325  uncertainty: 1.0000  uncertainty_coeffi: 1.0000  loss: 0.0325  lr: 0.0003
     itm tta time 0:00:07
      TTA Epoch: [27] [ 0/61]  eta: 0:00:28  entropy: 0.0158  uncertainty: 1.0000  uncertainty_coeffi: 1.0000  loss: 0.0158  lr: 0.000322  time: 0.4681  data: 0.3451  max mem: 2671
      TTA Epoch: [27] [60/61]  eta: 0:00:00  entropy: 0.0018  uncertainty: 1.0000  uncertainty_coeffi: 1.0000  loss: 0.0018  lr: 0.000312  time: 0.1079  data: 0.0001  max mem: 2671
      TTA Epoch: [27] Total time: 0:00:06 (0.1146 s / it)
     Averaged stats: entropy: 0.0298  uncertainty: 1.0000  uncertainty_coeffi: 1.0000  loss: 0.0298  lr: 0.0003
     itm tta time 0:00:07
      TTA Epoch: [28] [ 0/61]  eta: 0:00:30  entropy: 0.1050  uncertainty: 1.0000  uncertainty_coeffi: 1.0000  loss: 0.1050  lr: 0.000312  time: 0.5027  data: 0.3637  max mem: 2671
      TTA Epoch: [28] [60/61]  eta: 0:00:00  entropy: 0.0346  uncertainty: 1.0000  uncertainty_coeffi: 1.0000  loss: 0.0346  lr: 0.000303  time: 0.1086  data: 0.0001  max mem: 2671
      TTA Epoch: [28] Total time: 0:00:07 (0.1151 s / it)
     Averaged stats: entropy: 0.0292  uncertainty: 1.0000  uncertainty_coeffi: 1.0000  loss: 0.0292  lr: 0.0003
     itm tta time 0:00:07
      TTA Epoch: [29] [ 0/61]  eta: 0:00:27  entropy: 0.0241  uncertainty: 1.0000  uncertainty_coeffi: 1.0000  loss: 0.0241  lr: 0.000303  time: 0.4589  data: 0.3865  max mem: 2671
      TTA Epoch: [29] [60/61]  eta: 0:00:00  entropy: 0.0310  uncertainty: 1.0000  uncertainty_coeffi: 1.0000  loss: 0.0310  lr: 0.000293  time: 0.1049  data: 0.0001  max mem: 2671
      TTA Epoch: [29] Total time: 0:00:06 (0.1085 s / it)
     Averaged stats: entropy: 0.0276  uncertainty: 1.0000  uncertainty_coeffi: 1.0000  loss: 0.0276  lr: 0.0003
     itm tta time 0:00:06
     Computing matching score
      Evaluation: [   0/1978]  eta: 0:02:28    time: 0.0752  data: 0.0022  max mem: 2671
      Evaluation: [ 100/1978]  eta: 0:03:30    time: 0.1122  data: 0.0000  max mem: 2671
      Evaluation: [ 200/1978]  eta: 0:03:16    time: 0.0947  data: 0.0000  max mem: 2671
      Evaluation: [ 300/1978]  eta: 0:03:06    time: 0.1118  data: 0.0000  max mem: 2671
      Evaluation: [ 400/1978]  eta: 0:02:55    time: 0.1149  data: 0.0000  max mem: 2671
      Evaluation: [ 500/1978]  eta: 0:02:43    time: 0.1105  data: 0.0000  max mem: 2671
      Evaluation: [ 600/1978]  eta: 0:02:32    time: 0.1125  data: 0.0000  max mem: 2671
      Evaluation: [ 700/1978]  eta: 0:02:21    time: 0.1108  data: 0.0000  max mem: 2671
      Evaluation: [ 800/1978]  eta: 0:02:10    time: 0.1107  data: 0.0000  max mem: 2671
      Evaluation: [ 900/1978]  eta: 0:01:59    time: 0.1122  data: 0.0000  max mem: 2671
      Evaluation: [1000/1978]  eta: 0:01:48    time: 0.1079  data: 0.0000  max mem: 2671
      Evaluation: [1100/1978]  eta: 0:01:37    time: 0.1123  data: 0.0000  max mem: 2671
      Evaluation: [1200/1978]  eta: 0:01:26    time: 0.1119  data: 0.0000  max mem: 2671
      Evaluation: [1300/1978]  eta: 0:01:14    time: 0.0914  data: 0.0000  max mem: 2671
      Evaluation: [1400/1978]  eta: 0:01:03    time: 0.1123  data: 0.0000  max mem: 2671
      Evaluation: [1500/1978]  eta: 0:00:52    time: 0.1107  data: 0.0000  max mem: 2671
      Evaluation: [1600/1978]  eta: 0:00:41    time: 0.1002  data: 0.0000  max mem: 2671
      Evaluation: [1700/1978]  eta: 0:00:30    time: 0.1122  data: 0.0000  max mem: 2671
      Evaluation: [1800/1978]  eta: 0:00:19    time: 0.1124  data: 0.0000  max mem: 2671
      Evaluation: [1900/1978]  eta: 0:00:08    time: 0.1125  data: 0.0000  max mem: 2671
      Evaluation: [1977/1978]  eta: 0:00:00    time: 0.1139  data: 0.0000  max mem: 2671
      Evaluation: Total time: 0:03:37 (0.1099 s / it)
     Computing matching score time 0:03:38
### TTA ITM Score: 
+-------------------+--------+--------+--------+--------+--------+
|       epoch       |   R1   |   R5   |  R10   |  mAP   |  mINP  |
+-------------------+--------+--------+--------+--------+--------+
|  cos_sim_wo/norm  | 58.544 | 91.860 | 95.703 | 73.596 | 73.596 |
|        -999       | 69.414 | 95.197 | 97.776 | 81.233 | 81.233 |
| itm_score_wo/norm | 84.328 | 98.989 | 99.494 | 91.293 | 91.293 |
|        -999       | 84.277 | 99.039 | 99.596 | 91.276 | 91.276 |
|         0         | 84.631 | 99.039 | 99.596 | 91.443 | 91.443 |
|         1         | 84.833 | 98.888 | 99.494 | 91.481 | 91.481 |
|         2         | 84.530 | 98.736 | 99.494 | 91.299 | 91.299 |
|         4         | 84.429 | 98.635 | 99.292 | 91.179 | 91.179 |
|         9         | 84.580 | 98.382 | 99.343 | 91.184 | 91.184 |
|         14        | 84.125 | 98.382 | 99.292 | 90.976 | 90.976 |
|         19        | 84.024 | 98.180 | 99.242 | 90.806 | 90.806 |
|         29        | 84.176 | 98.231 | 99.141 | 90.960 | 90.960 |
+-------------------+--------+--------+--------+--------+--------+
     logs:  {'epo': 29, 'R1': 84.176, 'R5': 98.231, 'R10': 99.141, 'mAP': 90.96, 'mINP': 90.96, 'entropy': 0.02763, 'uncertainty': 1.0, 'uncertainty_coeffi': 1.0, 'loss': 0.02763, 'lr': 0.000298}
      TTA Epoch: [30] [ 0/61]  eta: 0:00:30  entropy: 0.0321  uncertainty: 1.0000  uncertainty_coeffi: 1.0000  loss: 0.0321  lr: 0.000293  time: 0.5005  data: 0.3561  max mem: 2671
      TTA Epoch: [30] [60/61]  eta: 0:00:00  entropy: 0.0031  uncertainty: 1.0000  uncertainty_coeffi: 1.0000  loss: 0.0031  lr: 0.000284  time: 0.1072  data: 0.0001  max mem: 2671
      TTA Epoch: [30] Total time: 0:00:06 (0.1127 s / it)
     Averaged stats: entropy: 0.0329  uncertainty: 1.0000  uncertainty_coeffi: 1.0000  loss: 0.0329  lr: 0.0003
     itm tta time 0:00:06
      TTA Epoch: [31] [ 0/61]  eta: 0:00:30  entropy: 0.0201  uncertainty: 1.0000  uncertainty_coeffi: 1.0000  loss: 0.0201  lr: 0.000284  time: 0.4963  data: 0.3867  max mem: 2671
      TTA Epoch: [31] [60/61]  eta: 0:00:00  entropy: 0.0162  uncertainty: 1.0000  uncertainty_coeffi: 1.0000  loss: 0.0162  lr: 0.000275  time: 0.1064  data: 0.0001  max mem: 2671
      TTA Epoch: [31] Total time: 0:00:06 (0.1081 s / it)
     Averaged stats: entropy: 0.0288  uncertainty: 1.0000  uncertainty_coeffi: 1.0000  loss: 0.0288  lr: 0.0003
     itm tta time 0:00:06
      TTA Epoch: [32] [ 0/61]  eta: 0:00:25  entropy: 0.0146  uncertainty: 1.0000  uncertainty_coeffi: 1.0000  loss: 0.0146  lr: 0.000274  time: 0.4118  data: 0.3053  max mem: 2671
      TTA Epoch: [32] [60/61]  eta: 0:00:00  entropy: 0.0185  uncertainty: 1.0000  uncertainty_coeffi: 1.0000  loss: 0.0185  lr: 0.000133  time: 0.1092  data: 0.0001  max mem: 2671
      TTA Epoch: [32] Total time: 0:00:06 (0.1126 s / it)
     Averaged stats: entropy: 0.0267  uncertainty: 1.0000  uncertainty_coeffi: 1.0000  loss: 0.0267  lr: 0.0002
     itm tta time 0:00:06
      TTA Epoch: [33] [ 0/61]  eta: 0:00:29  entropy: 0.0406  uncertainty: 1.0000  uncertainty_coeffi: 1.0000  loss: 0.0406  lr: 0.000132  time: 0.4805  data: 0.3721  max mem: 2671
      TTA Epoch: [33] [60/61]  eta: 0:00:00  entropy: 0.0044  uncertainty: 1.0000  uncertainty_coeffi: 1.0000  loss: 0.0044  lr: 0.000128  time: 0.1075  data: 0.0001  max mem: 2671
      TTA Epoch: [33] Total time: 0:00:06 (0.1146 s / it)
     Averaged stats: entropy: 0.0270  uncertainty: 1.0000  uncertainty_coeffi: 1.0000  loss: 0.0270  lr: 0.0001
     itm tta time 0:00:07
      TTA Epoch: [34] [ 0/61]  eta: 0:00:27  entropy: 0.0172  uncertainty: 1.0000  uncertainty_coeffi: 1.0000  loss: 0.0172  lr: 0.000128  time: 0.4543  data: 0.3344  max mem: 2671
      TTA Epoch: [34] [60/61]  eta: 0:00:00  entropy: 0.0264  uncertainty: 1.0000  uncertainty_coeffi: 1.0000  loss: 0.0264  lr: 0.000123  time: 0.0912  data: 0.0001  max mem: 2671
      TTA Epoch: [34] Total time: 0:00:06 (0.1084 s / it)
     Averaged stats: entropy: 0.0259  uncertainty: 1.0000  uncertainty_coeffi: 1.0000  loss: 0.0259  lr: 0.0001
     itm tta time 0:00:06
      TTA Epoch: [35] [ 0/61]  eta: 0:00:28  entropy: 0.0234  uncertainty: 1.0000  uncertainty_coeffi: 1.0000  loss: 0.0234  lr: 0.000123  time: 0.4713  data: 0.3473  max mem: 2671
      TTA Epoch: [35] [60/61]  eta: 0:00:00  entropy: 0.0099  uncertainty: 1.0000  uncertainty_coeffi: 1.0000  loss: 0.0099  lr: 0.000118  time: 0.1105  data: 0.0001  max mem: 2671
      TTA Epoch: [35] Total time: 0:00:06 (0.1136 s / it)
     Averaged stats: entropy: 0.0232  uncertainty: 1.0000  uncertainty_coeffi: 1.0000  loss: 0.0232  lr: 0.0001
     itm tta time 0:00:07
      TTA Epoch: [36] [ 0/61]  eta: 0:00:28  entropy: 0.0609  uncertainty: 1.0000  uncertainty_coeffi: 1.0000  loss: 0.0609  lr: 0.000118  time: 0.4659  data: 0.3635  max mem: 2671
      TTA Epoch: [36] [60/61]  eta: 0:00:00  entropy: 0.0184  uncertainty: 1.0000  uncertainty_coeffi: 1.0000  loss: 0.0184  lr: 0.000114  time: 0.1058  data: 0.0001  max mem: 2671
      TTA Epoch: [36] Total time: 0:00:06 (0.1137 s / it)
     Averaged stats: entropy: 0.0190  uncertainty: 1.0000  uncertainty_coeffi: 1.0000  loss: 0.0190  lr: 0.0001
     itm tta time 0:00:07
      TTA Epoch: [37] [ 0/61]  eta: 0:00:31  entropy: 0.0088  uncertainty: 1.0000  uncertainty_coeffi: 1.0000  loss: 0.0088  lr: 0.000114  time: 0.5216  data: 0.3676  max mem: 2671
      TTA Epoch: [37] [60/61]  eta: 0:00:00  entropy: 0.0031  uncertainty: 1.0000  uncertainty_coeffi: 1.0000  loss: 0.0031  lr: 0.000109  time: 0.1068  data: 0.0001  max mem: 2671
      TTA Epoch: [37] Total time: 0:00:07 (0.1154 s / it)
     Averaged stats: entropy: 0.0255  uncertainty: 1.0000  uncertainty_coeffi: 1.0000  loss: 0.0255  lr: 0.0001
     itm tta time 0:00:07
      TTA Epoch: [38] [ 0/61]  eta: 0:00:31  entropy: 0.0389  uncertainty: 1.0000  uncertainty_coeffi: 1.0000  loss: 0.0389  lr: 0.000109  time: 0.5124  data: 0.3864  max mem: 2671
      TTA Epoch: [38] [60/61]  eta: 0:00:00  entropy: 0.0018  uncertainty: 1.0000  uncertainty_coeffi: 1.0000  loss: 0.0018  lr: 0.000104  time: 0.1063  data: 0.0001  max mem: 2671
      TTA Epoch: [38] Total time: 0:00:06 (0.1080 s / it)
     Averaged stats: entropy: 0.0246  uncertainty: 1.0000  uncertainty_coeffi: 1.0000  loss: 0.0246  lr: 0.0001
     itm tta time 0:00:06
      TTA Epoch: [39] [ 0/61]  eta: 0:00:29  entropy: 0.0054  uncertainty: 1.0000  uncertainty_coeffi: 1.0000  loss: 0.0054  lr: 0.000104  time: 0.4795  data: 0.3776  max mem: 2671
      TTA Epoch: [39] [60/61]  eta: 0:00:00  entropy: 0.0333  uncertainty: 1.0000  uncertainty_coeffi: 1.0000  loss: 0.0333  lr: 0.000099  time: 0.1057  data: 0.0001  max mem: 2671
      TTA Epoch: [39] Total time: 0:00:06 (0.1132 s / it)
     Averaged stats: entropy: 0.0267  uncertainty: 1.0000  uncertainty_coeffi: 1.0000  loss: 0.0267  lr: 0.0001
     itm tta time 0:00:06
     Computing matching score
      Evaluation: [   0/1978]  eta: 0:04:32    time: 0.1378  data: 0.0043  max mem: 2671
      Evaluation: [ 100/1978]  eta: 0:03:32    time: 0.1139  data: 0.0000  max mem: 2671
      Evaluation: [ 200/1978]  eta: 0:03:17    time: 0.1111  data: 0.0000  max mem: 2671
      Evaluation: [ 300/1978]  eta: 0:03:07    time: 0.1129  data: 0.0000  max mem: 2671
      Evaluation: [ 400/1978]  eta: 0:02:55    time: 0.0994  data: 0.0000  max mem: 2671
      Evaluation: [ 500/1978]  eta: 0:02:44    time: 0.1129  data: 0.0000  max mem: 2671
      Evaluation: [ 600/1978]  eta: 0:02:34    time: 0.1133  data: 0.0000  max mem: 2671
      Evaluation: [ 700/1978]  eta: 0:02:22    time: 0.1110  data: 0.0000  max mem: 2671
      Evaluation: [ 800/1978]  eta: 0:02:11    time: 0.1111  data: 0.0000  max mem: 2671
      Evaluation: [ 900/1978]  eta: 0:01:59    time: 0.0988  data: 0.0000  max mem: 2671
      Evaluation: [1000/1978]  eta: 0:01:49    time: 0.1163  data: 0.0000  max mem: 2671
      Evaluation: [1100/1978]  eta: 0:01:38    time: 0.1135  data: 0.0000  max mem: 2671
      Evaluation: [1200/1978]  eta: 0:01:25    time: 0.0791  data: 0.0000  max mem: 2671
      Evaluation: [1300/1978]  eta: 0:01:12    time: 0.0695  data: 0.0000  max mem: 2671
      Evaluation: [1400/1978]  eta: 0:01:00    time: 0.0700  data: 0.0000  max mem: 2671
      Evaluation: [1500/1978]  eta: 0:00:49    time: 0.1163  data: 0.0000  max mem: 2671
      Evaluation: [1600/1978]  eta: 0:00:39    time: 0.1155  data: 0.0000  max mem: 2671
      Evaluation: [1700/1978]  eta: 0:00:29    time: 0.1058  data: 0.0000  max mem: 2671
      Evaluation: [1800/1978]  eta: 0:00:18    time: 0.1130  data: 0.0000  max mem: 2671
      Evaluation: [1900/1978]  eta: 0:00:08    time: 0.1146  data: 0.0000  max mem: 2671
      Evaluation: [1977/1978]  eta: 0:00:00    time: 0.1145  data: 0.0000  max mem: 2671
      Evaluation: Total time: 0:03:29 (0.1057 s / it)
     Computing matching score time 0:03:30
### TTA ITM Score: 
+-------------------+--------+--------+--------+--------+--------+
|       epoch       |   R1   |   R5   |  R10   |  mAP   |  mINP  |
+-------------------+--------+--------+--------+--------+--------+
|  cos_sim_wo/norm  | 58.544 | 91.860 | 95.703 | 73.596 | 73.596 |
|        -999       | 69.414 | 95.197 | 97.776 | 81.233 | 81.233 |
| itm_score_wo/norm | 84.328 | 98.989 | 99.494 | 91.293 | 91.293 |
|        -999       | 84.277 | 99.039 | 99.596 | 91.276 | 91.276 |
|         0         | 84.631 | 99.039 | 99.596 | 91.443 | 91.443 |
|         1         | 84.833 | 98.888 | 99.494 | 91.481 | 91.481 |
|         2         | 84.530 | 98.736 | 99.494 | 91.299 | 91.299 |
|         4         | 84.429 | 98.635 | 99.292 | 91.179 | 91.179 |
|         9         | 84.580 | 98.382 | 99.343 | 91.184 | 91.184 |
|         14        | 84.125 | 98.382 | 99.292 | 90.976 | 90.976 |
|         19        | 84.024 | 98.180 | 99.242 | 90.806 | 90.806 |
|         29        | 84.176 | 98.231 | 99.141 | 90.960 | 90.960 |
|         39        | 84.226 | 98.180 | 98.989 | 90.953 | 90.953 |
+-------------------+--------+--------+--------+--------+--------+
     logs:  {'epo': 39, 'R1': 84.226, 'R5': 98.18, 'R10': 98.989, 'mAP': 90.953, 'mINP': 90.953, 'entropy': 0.026667, 'uncertainty': 1.0, 'uncertainty_coeffi': 1.0, 'loss': 0.026667, 'lr': 0.000102}
      TTA Epoch: [40] [ 0/61]  eta: 0:00:28  entropy: 0.0273  uncertainty: 1.0000  uncertainty_coeffi: 1.0000  loss: 0.0273  lr: 0.000099  time: 0.4720  data: 0.3623  max mem: 2671
      TTA Epoch: [40] [60/61]  eta: 0:00:00  entropy: 0.0095  uncertainty: 1.0000  uncertainty_coeffi: 1.0000  loss: 0.0095  lr: 0.000095  time: 0.0595  data: 0.0001  max mem: 2671
      TTA Epoch: [40] Total time: 0:00:04 (0.0795 s / it)
     Averaged stats: entropy: 0.0228  uncertainty: 1.0000  uncertainty_coeffi: 1.0000  loss: 0.0228  lr: 0.0001
     itm tta time 0:00:04
      TTA Epoch: [41] [ 0/61]  eta: 0:00:34  entropy: 0.0538  uncertainty: 1.0000  uncertainty_coeffi: 1.0000  loss: 0.0538  lr: 0.000095  time: 0.5717  data: 0.4143  max mem: 2671
      TTA Epoch: [41] [60/61]  eta: 0:00:00  entropy: 0.0383  uncertainty: 1.0000  uncertainty_coeffi: 1.0000  loss: 0.0383  lr: 0.000090  time: 0.1085  data: 0.0001  max mem: 2671
      TTA Epoch: [41] Total time: 0:00:06 (0.1048 s / it)
     Averaged stats: entropy: 0.0295  uncertainty: 1.0000  uncertainty_coeffi: 1.0000  loss: 0.0295  lr: 0.0001
     itm tta time 0:00:06
      TTA Epoch: [42] [ 0/61]  eta: 0:00:28  entropy: 0.0167  uncertainty: 1.0000  uncertainty_coeffi: 1.0000  loss: 0.0167  lr: 0.000090  time: 0.4658  data: 0.3709  max mem: 2671
      TTA Epoch: [42] [60/61]  eta: 0:00:00  entropy: 0.0007  uncertainty: 1.0000  uncertainty_coeffi: 1.0000  loss: 0.0007  lr: 0.000085  time: 0.1098  data: 0.0001  max mem: 2671
      TTA Epoch: [42] Total time: 0:00:07 (0.1149 s / it)
     Averaged stats: entropy: 0.0252  uncertainty: 1.0000  uncertainty_coeffi: 1.0000  loss: 0.0252  lr: 0.0001
     itm tta time 0:00:07
      TTA Epoch: [43] [ 0/61]  eta: 0:00:28  entropy: 0.0060  uncertainty: 1.0000  uncertainty_coeffi: 1.0000  loss: 0.0060  lr: 0.000085  time: 0.4707  data: 0.3579  max mem: 2671
      TTA Epoch: [43] [60/61]  eta: 0:00:00  entropy: 0.0186  uncertainty: 1.0000  uncertainty_coeffi: 1.0000  loss: 0.0186  lr: 0.000080  time: 0.1073  data: 0.0001  max mem: 2671
      TTA Epoch: [43] Total time: 0:00:06 (0.1145 s / it)
     Averaged stats: entropy: 0.0232  uncertainty: 1.0000  uncertainty_coeffi: 1.0000  loss: 0.0232  lr: 0.0001
     itm tta time 0:00:07
      TTA Epoch: [44] [ 0/61]  eta: 0:00:28  entropy: 0.0177  uncertainty: 1.0000  uncertainty_coeffi: 1.0000  loss: 0.0177  lr: 0.000080  time: 0.4690  data: 0.3422  max mem: 2671
      TTA Epoch: [44] [60/61]  eta: 0:00:00  entropy: 0.0005  uncertainty: 1.0000  uncertainty_coeffi: 1.0000  loss: 0.0005  lr: 0.000076  time: 0.0862  data: 0.0001  max mem: 2671
      TTA Epoch: [44] Total time: 0:00:06 (0.1075 s / it)
     Averaged stats: entropy: 0.0232  uncertainty: 1.0000  uncertainty_coeffi: 1.0000  loss: 0.0232  lr: 0.0001
     itm tta time 0:00:06
      TTA Epoch: [45] [ 0/61]  eta: 0:00:25  entropy: 0.0561  uncertainty: 1.0000  uncertainty_coeffi: 1.0000  loss: 0.0561  lr: 0.000076  time: 0.4153  data: 0.3372  max mem: 2671
      TTA Epoch: [45] [60/61]  eta: 0:00:00  entropy: 0.0199  uncertainty: 1.0000  uncertainty_coeffi: 1.0000  loss: 0.0199  lr: 0.000071  time: 0.0821  data: 0.0001  max mem: 2671
      TTA Epoch: [45] Total time: 0:00:04 (0.0810 s / it)
     Averaged stats: entropy: 0.0222  uncertainty: 1.0000  uncertainty_coeffi: 1.0000  loss: 0.0222  lr: 0.0001
     itm tta time 0:00:05
      TTA Epoch: [46] [ 0/61]  eta: 0:00:28  entropy: 0.0426  uncertainty: 1.0000  uncertainty_coeffi: 1.0000  loss: 0.0426  lr: 0.000071  time: 0.4637  data: 0.3640  max mem: 2671
      TTA Epoch: [46] [60/61]  eta: 0:00:00  entropy: 0.0000  uncertainty: 1.0000  uncertainty_coeffi: 1.0000  loss: 0.0000  lr: 0.000066  time: 0.1070  data: 0.0001  max mem: 2671
      TTA Epoch: [46] Total time: 0:00:06 (0.1129 s / it)
     Averaged stats: entropy: 0.0229  uncertainty: 1.0000  uncertainty_coeffi: 1.0000  loss: 0.0229  lr: 0.0001
     itm tta time 0:00:06
      TTA Epoch: [47] [ 0/61]  eta: 0:00:31  entropy: 0.0357  uncertainty: 1.0000  uncertainty_coeffi: 1.0000  loss: 0.0357  lr: 0.000066  time: 0.5172  data: 0.3756  max mem: 2671
      TTA Epoch: [47] [60/61]  eta: 0:00:00  entropy: 0.0013  uncertainty: 1.0000  uncertainty_coeffi: 1.0000  loss: 0.0013  lr: 0.000061  time: 0.1087  data: 0.0001  max mem: 2671
      TTA Epoch: [47] Total time: 0:00:06 (0.1143 s / it)
     Averaged stats: entropy: 0.0235  uncertainty: 1.0000  uncertainty_coeffi: 1.0000  loss: 0.0235  lr: 0.0001
     itm tta time 0:00:07
      TTA Epoch: [48] [ 0/61]  eta: 0:00:29  entropy: 0.0080  uncertainty: 1.0000  uncertainty_coeffi: 1.0000  loss: 0.0080  lr: 0.000061  time: 0.4818  data: 0.3679  max mem: 2671
      TTA Epoch: [48] [60/61]  eta: 0:00:00  entropy: 0.0253  uncertainty: 1.0000  uncertainty_coeffi: 1.0000  loss: 0.0253  lr: 0.000057  time: 0.1075  data: 0.0001  max mem: 2671
      TTA Epoch: [48] Total time: 0:00:06 (0.1141 s / it)
     Averaged stats: entropy: 0.0223  uncertainty: 1.0000  uncertainty_coeffi: 1.0000  loss: 0.0223  lr: 0.0001
     itm tta time 0:00:07
      TTA Epoch: [49] [ 0/61]  eta: 0:00:29  entropy: 0.0023  uncertainty: 1.0000  uncertainty_coeffi: 1.0000  loss: 0.0023  lr: 0.000057  time: 0.4770  data: 0.3665  max mem: 2671
      TTA Epoch: [49] [60/61]  eta: 0:00:00  entropy: 0.0062  uncertainty: 1.0000  uncertainty_coeffi: 1.0000  loss: 0.0062  lr: 0.000052  time: 0.1058  data: 0.0001  max mem: 2671
      TTA Epoch: [49] Total time: 0:00:06 (0.1048 s / it)
     Averaged stats: entropy: 0.0237  uncertainty: 1.0000  uncertainty_coeffi: 1.0000  loss: 0.0237  lr: 0.0001
     itm tta time 0:00:06
     Computing matching score
      Evaluation: [   0/1978]  eta: 0:03:12    time: 0.0975  data: 0.0035  max mem: 2671
      Evaluation: [ 100/1978]  eta: 0:03:35    time: 0.1162  data: 0.0000  max mem: 2671
      Evaluation: [ 200/1978]  eta: 0:03:24    time: 0.1161  data: 0.0000  max mem: 2671
      Evaluation: [ 300/1978]  eta: 0:02:57    time: 0.0919  data: 0.0000  max mem: 2671
      Evaluation: [ 400/1978]  eta: 0:02:49    time: 0.1142  data: 0.0000  max mem: 2671
      Evaluation: [ 500/1978]  eta: 0:02:40    time: 0.1126  data: 0.0000  max mem: 2671
      Evaluation: [ 600/1978]  eta: 0:02:29    time: 0.1138  data: 0.0000  max mem: 2671
      Evaluation: [ 700/1978]  eta: 0:02:20    time: 0.1146  data: 0.0000  max mem: 2671
      Evaluation: [ 800/1978]  eta: 0:02:09    time: 0.0987  data: 0.0000  max mem: 2671
      Evaluation: [ 900/1978]  eta: 0:01:58    time: 0.1139  data: 0.0000  max mem: 2671
      Evaluation: [1000/1978]  eta: 0:01:47    time: 0.1128  data: 0.0000  max mem: 2671
      Evaluation: [1100/1978]  eta: 0:01:36    time: 0.1109  data: 0.0000  max mem: 2671
      Evaluation: [1200/1978]  eta: 0:01:25    time: 0.1110  data: 0.0000  max mem: 2671
      Evaluation: [1300/1978]  eta: 0:01:15    time: 0.1141  data: 0.0000  max mem: 2671
      Evaluation: [1400/1978]  eta: 0:01:03    time: 0.1134  data: 0.0000  max mem: 2671
      Evaluation: [1500/1978]  eta: 0:00:52    time: 0.1139  data: 0.0000  max mem: 2671
      Evaluation: [1600/1978]  eta: 0:00:41    time: 0.0693  data: 0.0000  max mem: 2671
      Evaluation: [1700/1978]  eta: 0:00:30    time: 0.1118  data: 0.0000  max mem: 2671
      Evaluation: [1800/1978]  eta: 0:00:19    time: 0.1133  data: 0.0000  max mem: 2671
      Evaluation: [1900/1978]  eta: 0:00:08    time: 0.1118  data: 0.0000  max mem: 2671
      Evaluation: [1977/1978]  eta: 0:00:00    time: 0.1136  data: 0.0000  max mem: 2671
      Evaluation: Total time: 0:03:36 (0.1095 s / it)
     Computing matching score time 0:03:37
### TTA ITM Score: 
+-------------------+--------+--------+--------+--------+--------+
|       epoch       |   R1   |   R5   |  R10   |  mAP   |  mINP  |
+-------------------+--------+--------+--------+--------+--------+
|  cos_sim_wo/norm  | 58.544 | 91.860 | 95.703 | 73.596 | 73.596 |
|        -999       | 69.414 | 95.197 | 97.776 | 81.233 | 81.233 |
| itm_score_wo/norm | 84.328 | 98.989 | 99.494 | 91.293 | 91.293 |
|        -999       | 84.277 | 99.039 | 99.596 | 91.276 | 91.276 |
|         0         | 84.631 | 99.039 | 99.596 | 91.443 | 91.443 |
|         1         | 84.833 | 98.888 | 99.494 | 91.481 | 91.481 |
|         2         | 84.530 | 98.736 | 99.494 | 91.299 | 91.299 |
|         4         | 84.429 | 98.635 | 99.292 | 91.179 | 91.179 |
|         9         | 84.580 | 98.382 | 99.343 | 91.184 | 91.184 |
|         14        | 84.125 | 98.382 | 99.292 | 90.976 | 90.976 |
|         19        | 84.024 | 98.180 | 99.242 | 90.806 | 90.806 |
|         29        | 84.176 | 98.231 | 99.141 | 90.960 | 90.960 |
|         39        | 84.226 | 98.180 | 98.989 | 90.953 | 90.953 |
|         49        | 83.873 | 98.129 | 98.989 | 90.764 | 90.764 |
+-------------------+--------+--------+--------+--------+--------+
     logs:  {'epo': 49, 'R1': 83.873, 'R5': 98.129, 'R10': 98.989, 'mAP': 90.764, 'mINP': 90.764, 'entropy': 0.023653, 'uncertainty': 1.0, 'uncertainty_coeffi': 1.0, 'loss': 0.023653, 'lr': 5.4e-05}
      TTA Epoch: [50] [ 0/61]  eta: 0:00:32  entropy: 0.0444  uncertainty: 1.0000  uncertainty_coeffi: 1.0000  loss: 0.0444  lr: 0.000052  time: 0.5320  data: 0.4424  max mem: 2671
      TTA Epoch: [50] [60/61]  eta: 0:00:00  entropy: 0.0251  uncertainty: 1.0000  uncertainty_coeffi: 1.0000  loss: 0.0251  lr: 0.000047  time: 0.1065  data: 0.0001  max mem: 2671
      TTA Epoch: [50] Total time: 0:00:06 (0.1133 s / it)
     Averaged stats: entropy: 0.0228  uncertainty: 1.0000  uncertainty_coeffi: 1.0000  loss: 0.0228  lr: 0.0000
     itm tta time 0:00:07
      TTA Epoch: [51] [ 0/61]  eta: 0:00:25  entropy: 0.0245  uncertainty: 1.0000  uncertainty_coeffi: 1.0000  loss: 0.0245  lr: 0.000047  time: 0.4149  data: 0.3348  max mem: 2671
      TTA Epoch: [51] [60/61]  eta: 0:00:00  entropy: 0.0392  uncertainty: 1.0000  uncertainty_coeffi: 1.0000  loss: 0.0392  lr: 0.000043  time: 0.1067  data: 0.0001  max mem: 2671
      TTA Epoch: [51] Total time: 0:00:06 (0.1122 s / it)
     Averaged stats: entropy: 0.0237  uncertainty: 1.0000  uncertainty_coeffi: 1.0000  loss: 0.0237  lr: 0.0000
     itm tta time 0:00:06
      TTA Epoch: [52] [ 0/61]  eta: 0:00:34  entropy: 0.0807  uncertainty: 1.0000  uncertainty_coeffi: 1.0000  loss: 0.0807  lr: 0.000042  time: 0.5722  data: 0.4331  max mem: 2671
      TTA Epoch: [52] [60/61]  eta: 0:00:00  entropy: 0.0278  uncertainty: 1.0000  uncertainty_coeffi: 1.0000  loss: 0.0278  lr: 0.000038  time: 0.1051  data: 0.0001  max mem: 2671
      TTA Epoch: [52] Total time: 0:00:06 (0.1062 s / it)
     Averaged stats: entropy: 0.0226  uncertainty: 1.0000  uncertainty_coeffi: 1.0000  loss: 0.0226  lr: 0.0000
     itm tta time 0:00:06
      TTA Epoch: [53] [ 0/61]  eta: 0:00:40  entropy: 0.0274  uncertainty: 1.0000  uncertainty_coeffi: 1.0000  loss: 0.0274  lr: 0.000038  time: 0.6667  data: 0.5210  max mem: 2671
      TTA Epoch: [53] [60/61]  eta: 0:00:00  entropy: 0.0166  uncertainty: 1.0000  uncertainty_coeffi: 1.0000  loss: 0.0166  lr: 0.000033  time: 0.1060  data: 0.0001  max mem: 2671
      TTA Epoch: [53] Total time: 0:00:07 (0.1153 s / it)
     Averaged stats: entropy: 0.0186  uncertainty: 1.0000  uncertainty_coeffi: 1.0000  loss: 0.0186  lr: 0.0000
     itm tta time 0:00:07
      TTA Epoch: [54] [ 0/61]  eta: 0:00:31  entropy: 0.0275  uncertainty: 1.0000  uncertainty_coeffi: 1.0000  loss: 0.0275  lr: 0.000033  time: 0.5119  data: 0.3857  max mem: 2671
      TTA Epoch: [54] [60/61]  eta: 0:00:00  entropy: 0.0309  uncertainty: 1.0000  uncertainty_coeffi: 1.0000  loss: 0.0309  lr: 0.000028  time: 0.1063  data: 0.0001  max mem: 2671
      TTA Epoch: [54] Total time: 0:00:06 (0.1131 s / it)
     Averaged stats: entropy: 0.0222  uncertainty: 1.0000  uncertainty_coeffi: 1.0000  loss: 0.0222  lr: 0.0000
     itm tta time 0:00:06
      TTA Epoch: [55] [ 0/61]  eta: 0:00:33  entropy: 0.0213  uncertainty: 1.0000  uncertainty_coeffi: 1.0000  loss: 0.0213  lr: 0.000028  time: 0.5573  data: 0.4359  max mem: 2671
      TTA Epoch: [55] [60/61]  eta: 0:00:00  entropy: 0.0041  uncertainty: 1.0000  uncertainty_coeffi: 1.0000  loss: 0.0041  lr: 0.000024  time: 0.1093  data: 0.0001  max mem: 2671
      TTA Epoch: [55] Total time: 0:00:07 (0.1149 s / it)
     Averaged stats: entropy: 0.0227  uncertainty: 1.0000  uncertainty_coeffi: 1.0000  loss: 0.0227  lr: 0.0000
     itm tta time 0:00:07
      TTA Epoch: [56] [ 0/61]  eta: 0:00:30  entropy: 0.0202  uncertainty: 1.0000  uncertainty_coeffi: 1.0000  loss: 0.0202  lr: 0.000024  time: 0.5061  data: 0.3903  max mem: 2671
      TTA Epoch: [56] [60/61]  eta: 0:00:00  entropy: 0.0127  uncertainty: 1.0000  uncertainty_coeffi: 1.0000  loss: 0.0127  lr: 0.000019  time: 0.1063  data: 0.0001  max mem: 2671
      TTA Epoch: [56] Total time: 0:00:06 (0.1106 s / it)
     Averaged stats: entropy: 0.0185  uncertainty: 1.0000  uncertainty_coeffi: 1.0000  loss: 0.0185  lr: 0.0000
     itm tta time 0:00:06
      TTA Epoch: [57] [ 0/61]  eta: 0:00:31  entropy: 0.0026  uncertainty: 1.0000  uncertainty_coeffi: 1.0000  loss: 0.0026  lr: 0.000019  time: 0.5184  data: 0.3809  max mem: 2671
      TTA Epoch: [57] [60/61]  eta: 0:00:00  entropy: 0.0460  uncertainty: 1.0000  uncertainty_coeffi: 1.0000  loss: 0.0460  lr: 0.000006  time: 0.1064  data: 0.0001  max mem: 2671
      TTA Epoch: [57] Total time: 0:00:06 (0.1114 s / it)
     Averaged stats: entropy: 0.0234  uncertainty: 1.0000  uncertainty_coeffi: 1.0000  loss: 0.0234  lr: 0.0000
     itm tta time 0:00:06
      TTA Epoch: [58] [ 0/61]  eta: 0:00:34  entropy: 0.0002  uncertainty: 1.0000  uncertainty_coeffi: 1.0000  loss: 0.0002  lr: 0.000006  time: 0.5649  data: 0.4196  max mem: 2671
      TTA Epoch: [58] [60/61]  eta: 0:00:00  entropy: 0.0245  uncertainty: 1.0000  uncertainty_coeffi: 1.0000  loss: 0.0245  lr: 0.000004  time: 0.1064  data: 0.0001  max mem: 2671
      TTA Epoch: [58] Total time: 0:00:06 (0.1142 s / it)
     Averaged stats: entropy: 0.0199  uncertainty: 1.0000  uncertainty_coeffi: 1.0000  loss: 0.0199  lr: 0.0000
     itm tta time 0:00:07
      TTA Epoch: [59] [ 0/61]  eta: 0:00:32  entropy: 0.0004  uncertainty: 1.0000  uncertainty_coeffi: 1.0000  loss: 0.0004  lr: 0.000004  time: 0.5260  data: 0.4031  max mem: 2671
      TTA Epoch: [59] [60/61]  eta: 0:00:00  entropy: 0.0253  uncertainty: 1.0000  uncertainty_coeffi: 1.0000  loss: 0.0253  lr: 0.000002  time: 0.0833  data: 0.0001  max mem: 2671
      TTA Epoch: [59] Total time: 0:00:06 (0.1074 s / it)
     Averaged stats: entropy: 0.0216  uncertainty: 1.0000  uncertainty_coeffi: 1.0000  loss: 0.0216  lr: 0.0000
     itm tta time 0:00:06
     Computing matching score
      Evaluation: [   0/1978]  eta: 0:03:21    time: 0.1020  data: 0.0025  max mem: 2671
      Evaluation: [ 100/1978]  eta: 0:03:27    time: 0.1110  data: 0.0000  max mem: 2671
      Evaluation: [ 200/1978]  eta: 0:03:16    time: 0.1133  data: 0.0000  max mem: 2671
      Evaluation: [ 300/1978]  eta: 0:02:56    time: 0.0686  data: 0.0000  max mem: 2671
      Evaluation: [ 400/1978]  eta: 0:02:45    time: 0.1136  data: 0.0000  max mem: 2671
      Evaluation: [ 500/1978]  eta: 0:02:36    time: 0.1100  data: 0.0000  max mem: 2671
      Evaluation: [ 600/1978]  eta: 0:02:26    time: 0.1032  data: 0.0000  max mem: 2671
      Evaluation: [ 700/1978]  eta: 0:02:17    time: 0.1118  data: 0.0000  max mem: 2671
      Evaluation: [ 800/1978]  eta: 0:02:07    time: 0.1124  data: 0.0000  max mem: 2671
      Evaluation: [ 900/1978]  eta: 0:01:56    time: 0.1114  data: 0.0000  max mem: 2671
      Evaluation: [1000/1978]  eta: 0:01:45    time: 0.1137  data: 0.0000  max mem: 2671
      Evaluation: [1100/1978]  eta: 0:01:35    time: 0.1117  data: 0.0000  max mem: 2671
      Evaluation: [1200/1978]  eta: 0:01:24    time: 0.1080  data: 0.0000  max mem: 2671
      Evaluation: [1300/1978]  eta: 0:01:13    time: 0.1136  data: 0.0000  max mem: 2671
      Evaluation: [1400/1978]  eta: 0:01:02    time: 0.0974  data: 0.0000  max mem: 2671
      Evaluation: [1500/1978]  eta: 0:00:52    time: 0.1140  data: 0.0000  max mem: 2671
      Evaluation: [1600/1978]  eta: 0:00:41    time: 0.1131  data: 0.0000  max mem: 2671
      Evaluation: [1700/1978]  eta: 0:00:30    time: 0.0694  data: 0.0000  max mem: 2671
      Evaluation: [1800/1978]  eta: 0:00:19    time: 0.1111  data: 0.0000  max mem: 2671
      Evaluation: [1900/1978]  eta: 0:00:08    time: 0.1118  data: 0.0000  max mem: 2671
      Evaluation: [1977/1978]  eta: 0:00:00    time: 0.1127  data: 0.0000  max mem: 2671
      Evaluation: Total time: 0:03:34 (0.1084 s / it)
     Computing matching score time 0:03:35
### TTA ITM Score: 
+-------------------+--------+--------+--------+--------+--------+
|       epoch       |   R1   |   R5   |  R10   |  mAP   |  mINP  |
+-------------------+--------+--------+--------+--------+--------+
|  cos_sim_wo/norm  | 58.544 | 91.860 | 95.703 | 73.596 | 73.596 |
|        -999       | 69.414 | 95.197 | 97.776 | 81.233 | 81.233 |
| itm_score_wo/norm | 84.328 | 98.989 | 99.494 | 91.293 | 91.293 |
|        -999       | 84.277 | 99.039 | 99.596 | 91.276 | 91.276 |
|         0         | 84.631 | 99.039 | 99.596 | 91.443 | 91.443 |
|         1         | 84.833 | 98.888 | 99.494 | 91.481 | 91.481 |
|         2         | 84.530 | 98.736 | 99.494 | 91.299 | 91.299 |
|         4         | 84.429 | 98.635 | 99.292 | 91.179 | 91.179 |
|         9         | 84.580 | 98.382 | 99.343 | 91.184 | 91.184 |
|         14        | 84.125 | 98.382 | 99.292 | 90.976 | 90.976 |
|         19        | 84.024 | 98.180 | 99.242 | 90.806 | 90.806 |
|         29        | 84.176 | 98.231 | 99.141 | 90.960 | 90.960 |
|         39        | 84.226 | 98.180 | 98.989 | 90.953 | 90.953 |
|         49        | 83.873 | 98.129 | 98.989 | 90.764 | 90.764 |
|         59        | 84.024 | 98.180 | 98.989 | 90.838 | 90.838 |
+-------------------+--------+--------+--------+--------+--------+
     logs:  {'epo': 59, 'R1': 84.024, 'R5': 98.18, 'R10': 98.989, 'mAP': 90.838, 'mINP': 90.838, 'entropy': 0.021638, 'uncertainty': 1.0, 'uncertainty_coeffi': 1.0, 'loss': 0.021638, 'lr': 3e-06}
### best epoch: 1
### Time 0:46:32
NNODES,  1
NODE_RANK,  0
MASTER_ADDR,  127.0.0.1
MASTER_PORT,  1612
NPROC_PER_NODE,  2
task:  exp0.1.1
config:  configs_rerun3/exp0.1.1.yaml
output_dir:  output_rerun3/exp0.1.1/2025091508085
python3 tta.py --config configs_rerun3/exp0.1.1.yaml --task exp0.1.1 --output_dir output_rerun3/exp0.1.1/2025091508085 --checkpoint checkpoint/cmp.pth --bs 0 --epo 0 --lr 0.0 --seed 42 --tta
