/home/jiahao/miniconda3/envs/cmp/lib/python3.10/site-packages/torch/functional.py:554: UserWarning: torch.meshgrid: in an upcoming release, it will be required to pass the indexing argument. (Triggered internally at /pytorch/aten/src/ATen/native/TensorShape.cpp:4322.)
  return _VF.meshgrid(tensors, **kwargs)  # type: ignore[attr-defined]
Not using distributed mode
### Hyper-parameters:
     seed: 42
     device: cuda
     output_dir: output_rerun3/exp0.1/2025092022474
     batch_size_tta: 32
     epochs: 60
     lr: 0.001
### Creating test dataset
from data/PAB/annotation/test/attr.json loading 1978 data
     test dataset -->    be_pose_img: True
     test_dataset: 1978
### Creating test dataloader
### be careful: func create_loader returns a list length of 1
     test_loader: 90
### Creating model
build_vision_encoder: load swin 224 x 224 ====>
missing_keys:  []
unexpected_keys:  ['head.weight', 'head.bias']
build_text_encoder: load bert ====>
missing_keys: ['bert.encoder.layer.10.crossattention.output.LayerNorm.bias', 'bert.encoder.layer.10.crossattention.output.LayerNorm.weight', 'bert.encoder.layer.10.crossattention.output.dense.bias', 'bert.encoder.layer.10.crossattention.output.dense.weight', 'bert.encoder.layer.10.crossattention.self.key.bias', 'bert.encoder.layer.10.crossattention.self.key.weight', 'bert.encoder.layer.10.crossattention.self.query.bias', 'bert.encoder.layer.10.crossattention.self.query.weight', 'bert.encoder.layer.10.crossattention.self.value.bias', 'bert.encoder.layer.10.crossattention.self.value.weight', 'bert.encoder.layer.11.crossattention.output.LayerNorm.bias', 'bert.encoder.layer.11.crossattention.output.LayerNorm.weight', 'bert.encoder.layer.11.crossattention.output.dense.bias', 'bert.encoder.layer.11.crossattention.output.dense.weight', 'bert.encoder.layer.11.crossattention.self.key.bias', 'bert.encoder.layer.11.crossattention.self.key.weight', 'bert.encoder.layer.11.crossattention.self.query.bias', 'bert.encoder.layer.11.crossattention.self.query.weight', 'bert.encoder.layer.11.crossattention.self.value.bias', 'bert.encoder.layer.11.crossattention.self.value.weight', 'bert.encoder.layer.6.crossattention.output.LayerNorm.bias', 'bert.encoder.layer.6.crossattention.output.LayerNorm.weight', 'bert.encoder.layer.6.crossattention.output.dense.bias', 'bert.encoder.layer.6.crossattention.output.dense.weight', 'bert.encoder.layer.6.crossattention.self.key.bias', 'bert.encoder.layer.6.crossattention.self.key.weight', 'bert.encoder.layer.6.crossattention.self.query.bias', 'bert.encoder.layer.6.crossattention.self.query.weight', 'bert.encoder.layer.6.crossattention.self.value.bias', 'bert.encoder.layer.6.crossattention.self.value.weight', 'bert.encoder.layer.7.crossattention.output.LayerNorm.bias', 'bert.encoder.layer.7.crossattention.output.LayerNorm.weight', 'bert.encoder.layer.7.crossattention.output.dense.bias', 'bert.encoder.layer.7.crossattention.output.dense.weight', 'bert.encoder.layer.7.crossattention.self.key.bias', 'bert.encoder.layer.7.crossattention.self.key.weight', 'bert.encoder.layer.7.crossattention.self.query.bias', 'bert.encoder.layer.7.crossattention.self.query.weight', 'bert.encoder.layer.7.crossattention.self.value.bias', 'bert.encoder.layer.7.crossattention.self.value.weight', 'bert.encoder.layer.8.crossattention.output.LayerNorm.bias', 'bert.encoder.layer.8.crossattention.output.LayerNorm.weight', 'bert.encoder.layer.8.crossattention.output.dense.bias', 'bert.encoder.layer.8.crossattention.output.dense.weight', 'bert.encoder.layer.8.crossattention.self.key.bias', 'bert.encoder.layer.8.crossattention.self.key.weight', 'bert.encoder.layer.8.crossattention.self.query.bias', 'bert.encoder.layer.8.crossattention.self.query.weight', 'bert.encoder.layer.8.crossattention.self.value.bias', 'bert.encoder.layer.8.crossattention.self.value.weight', 'bert.encoder.layer.9.crossattention.output.LayerNorm.bias', 'bert.encoder.layer.9.crossattention.output.LayerNorm.weight', 'bert.encoder.layer.9.crossattention.output.dense.bias', 'bert.encoder.layer.9.crossattention.output.dense.weight', 'bert.encoder.layer.9.crossattention.self.key.bias', 'bert.encoder.layer.9.crossattention.self.key.weight', 'bert.encoder.layer.9.crossattention.self.query.bias', 'bert.encoder.layer.9.crossattention.self.query.weight', 'bert.encoder.layer.9.crossattention.self.value.bias', 'bert.encoder.layer.9.crossattention.self.value.weight']
unexpected_keys: ['cls.seq_relationship.bias', 'cls.seq_relationship.weight']
mismatched_keys: []
error_msgs: []
Label Smooth: 0.2
pose_conv
load checkpoint from checkpoint/cmp.pth
missing_keys:  ['uncertainty_temper', 'prompt_learning_embedding']
unexpected_keys:  []
     Total Params Sum:  254264985
### Inference ITC similiarity matrix
### Zero-Shot Score: 
+-------------------+--------+--------+--------+--------+--------+
|       epoch       |   R1   |   R5   |  R10   |  mAP   |  mINP  |
+-------------------+--------+--------+--------+--------+--------+
|  cos_sim_wo/norm  | 58.544 | 91.860 | 95.703 | 73.596 | 73.596 |
|        -999       | 69.414 | 95.197 | 97.776 | 81.233 | 81.233 |
| itm_score_wo/norm | 84.328 | 98.989 | 99.494 | 91.293 | 91.293 |
|        -999       | 84.277 | 99.039 | 99.596 | 91.276 | 91.276 |
+-------------------+--------+--------+--------+--------+--------+
### TTA:
     preprocess_tta_coefficients  start
     sample selection ...
     number of sample after sample_selection: 1978
     uncertainty ...
     preprocess_tta_coefficients  end
### Creating tta dataset
     tta_dataset: 1978
### Creating tta dataloader
### be careful: func create_loader returns a list length of 1
     tta_loader: 61
### Configure adapted weights
     TTA Dropout Modules: 
 [('vision_encoder.pos_drop', Dropout(p=0, inplace=False), True), ('vision_encoder.layers.0.blocks.0.attn.attn_drop', Dropout(p=0.0, inplace=False), True), ('vision_encoder.layers.0.blocks.0.attn.proj_drop', Dropout(p=0, inplace=False), True), ('vision_encoder.layers.0.blocks.0.mlp.drop', Dropout(p=0, inplace=False), True), ('vision_encoder.layers.0.blocks.1.attn.attn_drop', Dropout(p=0.0, inplace=False), True), ('vision_encoder.layers.0.blocks.1.attn.proj_drop', Dropout(p=0, inplace=False), True), ('vision_encoder.layers.0.blocks.1.mlp.drop', Dropout(p=0, inplace=False), True), ('vision_encoder.layers.1.blocks.0.attn.attn_drop', Dropout(p=0.0, inplace=False), True), ('vision_encoder.layers.1.blocks.0.attn.proj_drop', Dropout(p=0, inplace=False), True), ('vision_encoder.layers.1.blocks.0.mlp.drop', Dropout(p=0, inplace=False), True), ('vision_encoder.layers.1.blocks.1.attn.attn_drop', Dropout(p=0.0, inplace=False), True), ('vision_encoder.layers.1.blocks.1.attn.proj_drop', Dropout(p=0, inplace=False), True), ('vision_encoder.layers.1.blocks.1.mlp.drop', Dropout(p=0, inplace=False), True), ('vision_encoder.layers.2.blocks.0.attn.attn_drop', Dropout(p=0.0, inplace=False), True), ('vision_encoder.layers.2.blocks.0.attn.proj_drop', Dropout(p=0, inplace=False), True), ('vision_encoder.layers.2.blocks.0.mlp.drop', Dropout(p=0, inplace=False), True), ('vision_encoder.layers.2.blocks.1.attn.attn_drop', Dropout(p=0.0, inplace=False), True), ('vision_encoder.layers.2.blocks.1.attn.proj_drop', Dropout(p=0, inplace=False), True), ('vision_encoder.layers.2.blocks.1.mlp.drop', Dropout(p=0, inplace=False), True), ('vision_encoder.layers.2.blocks.2.attn.attn_drop', Dropout(p=0.0, inplace=False), True), ('vision_encoder.layers.2.blocks.2.attn.proj_drop', Dropout(p=0, inplace=False), True), ('vision_encoder.layers.2.blocks.2.mlp.drop', Dropout(p=0, inplace=False), True), ('vision_encoder.layers.2.blocks.3.attn.attn_drop', Dropout(p=0.0, inplace=False), True), ('vision_encoder.layers.2.blocks.3.attn.proj_drop', Dropout(p=0, inplace=False), True), ('vision_encoder.layers.2.blocks.3.mlp.drop', Dropout(p=0, inplace=False), True), ('vision_encoder.layers.2.blocks.4.attn.attn_drop', Dropout(p=0.0, inplace=False), True), ('vision_encoder.layers.2.blocks.4.attn.proj_drop', Dropout(p=0, inplace=False), True), ('vision_encoder.layers.2.blocks.4.mlp.drop', Dropout(p=0, inplace=False), True), ('vision_encoder.layers.2.blocks.5.attn.attn_drop', Dropout(p=0.0, inplace=False), True), ('vision_encoder.layers.2.blocks.5.attn.proj_drop', Dropout(p=0, inplace=False), True), ('vision_encoder.layers.2.blocks.5.mlp.drop', Dropout(p=0, inplace=False), True), ('vision_encoder.layers.2.blocks.6.attn.attn_drop', Dropout(p=0.0, inplace=False), True), ('vision_encoder.layers.2.blocks.6.attn.proj_drop', Dropout(p=0, inplace=False), True), ('vision_encoder.layers.2.blocks.6.mlp.drop', Dropout(p=0, inplace=False), True), ('vision_encoder.layers.2.blocks.7.attn.attn_drop', Dropout(p=0.0, inplace=False), True), ('vision_encoder.layers.2.blocks.7.attn.proj_drop', Dropout(p=0, inplace=False), True), ('vision_encoder.layers.2.blocks.7.mlp.drop', Dropout(p=0, inplace=False), True), ('vision_encoder.layers.2.blocks.8.attn.attn_drop', Dropout(p=0.0, inplace=False), True), ('vision_encoder.layers.2.blocks.8.attn.proj_drop', Dropout(p=0, inplace=False), True), ('vision_encoder.layers.2.blocks.8.mlp.drop', Dropout(p=0, inplace=False), True), ('vision_encoder.layers.2.blocks.9.attn.attn_drop', Dropout(p=0.0, inplace=False), True), ('vision_encoder.layers.2.blocks.9.attn.proj_drop', Dropout(p=0, inplace=False), True), ('vision_encoder.layers.2.blocks.9.mlp.drop', Dropout(p=0, inplace=False), True), ('vision_encoder.layers.2.blocks.10.attn.attn_drop', Dropout(p=0.0, inplace=False), True), ('vision_encoder.layers.2.blocks.10.attn.proj_drop', Dropout(p=0, inplace=False), True), ('vision_encoder.layers.2.blocks.10.mlp.drop', Dropout(p=0, inplace=False), True), ('vision_encoder.layers.2.blocks.11.attn.attn_drop', Dropout(p=0.0, inplace=False), True), ('vision_encoder.layers.2.blocks.11.attn.proj_drop', Dropout(p=0, inplace=False), True), ('vision_encoder.layers.2.blocks.11.mlp.drop', Dropout(p=0, inplace=False), True), ('vision_encoder.layers.2.blocks.12.attn.attn_drop', Dropout(p=0.0, inplace=False), True), ('vision_encoder.layers.2.blocks.12.attn.proj_drop', Dropout(p=0, inplace=False), True), ('vision_encoder.layers.2.blocks.12.mlp.drop', Dropout(p=0, inplace=False), True), ('vision_encoder.layers.2.blocks.13.attn.attn_drop', Dropout(p=0.0, inplace=False), True), ('vision_encoder.layers.2.blocks.13.attn.proj_drop', Dropout(p=0, inplace=False), True), ('vision_encoder.layers.2.blocks.13.mlp.drop', Dropout(p=0, inplace=False), True), ('vision_encoder.layers.2.blocks.14.attn.attn_drop', Dropout(p=0.0, inplace=False), True), ('vision_encoder.layers.2.blocks.14.attn.proj_drop', Dropout(p=0, inplace=False), True), ('vision_encoder.layers.2.blocks.14.mlp.drop', Dropout(p=0, inplace=False), True), ('vision_encoder.layers.2.blocks.15.attn.attn_drop', Dropout(p=0.0, inplace=False), True), ('vision_encoder.layers.2.blocks.15.attn.proj_drop', Dropout(p=0, inplace=False), True), ('vision_encoder.layers.2.blocks.15.mlp.drop', Dropout(p=0, inplace=False), True), ('vision_encoder.layers.2.blocks.16.attn.attn_drop', Dropout(p=0.0, inplace=False), True), ('vision_encoder.layers.2.blocks.16.attn.proj_drop', Dropout(p=0, inplace=False), True), ('vision_encoder.layers.2.blocks.16.mlp.drop', Dropout(p=0, inplace=False), True), ('vision_encoder.layers.2.blocks.17.attn.attn_drop', Dropout(p=0.0, inplace=False), True), ('vision_encoder.layers.2.blocks.17.attn.proj_drop', Dropout(p=0, inplace=False), True), ('vision_encoder.layers.2.blocks.17.mlp.drop', Dropout(p=0, inplace=False), True), ('vision_encoder.layers.3.blocks.0.attn.attn_drop', Dropout(p=0.0, inplace=False), True), ('vision_encoder.layers.3.blocks.0.attn.proj_drop', Dropout(p=0, inplace=False), True), ('vision_encoder.layers.3.blocks.0.mlp.drop', Dropout(p=0, inplace=False), True), ('vision_encoder.layers.3.blocks.1.attn.attn_drop', Dropout(p=0.0, inplace=False), True), ('vision_encoder.layers.3.blocks.1.attn.proj_drop', Dropout(p=0, inplace=False), True), ('vision_encoder.layers.3.blocks.1.mlp.drop', Dropout(p=0, inplace=False), True), ('text_encoder.bert.embeddings.dropout', Dropout(p=0.1, inplace=False), True), ('text_encoder.bert.encoder.layer.0.attention.self.dropout', Dropout(p=0.1, inplace=False), True), ('text_encoder.bert.encoder.layer.0.attention.output.dropout', Dropout(p=0.1, inplace=False), True), ('text_encoder.bert.encoder.layer.0.output.dropout', Dropout(p=0.1, inplace=False), True), ('text_encoder.bert.encoder.layer.1.attention.self.dropout', Dropout(p=0.1, inplace=False), True), ('text_encoder.bert.encoder.layer.1.attention.output.dropout', Dropout(p=0.1, inplace=False), True), ('text_encoder.bert.encoder.layer.1.output.dropout', Dropout(p=0.1, inplace=False), True), ('text_encoder.bert.encoder.layer.2.attention.self.dropout', Dropout(p=0.1, inplace=False), True), ('text_encoder.bert.encoder.layer.2.attention.output.dropout', Dropout(p=0.1, inplace=False), True), ('text_encoder.bert.encoder.layer.2.output.dropout', Dropout(p=0.1, inplace=False), True), ('text_encoder.bert.encoder.layer.3.attention.self.dropout', Dropout(p=0.1, inplace=False), True), ('text_encoder.bert.encoder.layer.3.attention.output.dropout', Dropout(p=0.1, inplace=False), True), ('text_encoder.bert.encoder.layer.3.output.dropout', Dropout(p=0.1, inplace=False), True), ('text_encoder.bert.encoder.layer.4.attention.self.dropout', Dropout(p=0.1, inplace=False), True), ('text_encoder.bert.encoder.layer.4.attention.output.dropout', Dropout(p=0.1, inplace=False), True), ('text_encoder.bert.encoder.layer.4.output.dropout', Dropout(p=0.1, inplace=False), True), ('text_encoder.bert.encoder.layer.5.attention.self.dropout', Dropout(p=0.1, inplace=False), True), ('text_encoder.bert.encoder.layer.5.attention.output.dropout', Dropout(p=0.1, inplace=False), True), ('text_encoder.bert.encoder.layer.5.output.dropout', Dropout(p=0.1, inplace=False), True), ('text_encoder.bert.encoder.layer.6.attention.self.dropout', Dropout(p=0.1, inplace=False), True), ('text_encoder.bert.encoder.layer.6.attention.output.dropout', Dropout(p=0.1, inplace=False), True), ('text_encoder.bert.encoder.layer.6.crossattention.self.dropout', Dropout(p=0.1, inplace=False), True), ('text_encoder.bert.encoder.layer.6.crossattention.output.dropout', Dropout(p=0.1, inplace=False), True), ('text_encoder.bert.encoder.layer.6.output.dropout', Dropout(p=0.1, inplace=False), True), ('text_encoder.bert.encoder.layer.7.attention.self.dropout', Dropout(p=0.1, inplace=False), True), ('text_encoder.bert.encoder.layer.7.attention.output.dropout', Dropout(p=0.1, inplace=False), True), ('text_encoder.bert.encoder.layer.7.crossattention.self.dropout', Dropout(p=0.1, inplace=False), True), ('text_encoder.bert.encoder.layer.7.crossattention.output.dropout', Dropout(p=0.1, inplace=False), True), ('text_encoder.bert.encoder.layer.7.output.dropout', Dropout(p=0.1, inplace=False), True), ('text_encoder.bert.encoder.layer.8.attention.self.dropout', Dropout(p=0.1, inplace=False), True), ('text_encoder.bert.encoder.layer.8.attention.output.dropout', Dropout(p=0.1, inplace=False), True), ('text_encoder.bert.encoder.layer.8.crossattention.self.dropout', Dropout(p=0.1, inplace=False), True), ('text_encoder.bert.encoder.layer.8.crossattention.output.dropout', Dropout(p=0.1, inplace=False), True), ('text_encoder.bert.encoder.layer.8.output.dropout', Dropout(p=0.1, inplace=False), True), ('text_encoder.bert.encoder.layer.9.attention.self.dropout', Dropout(p=0.1, inplace=False), True), ('text_encoder.bert.encoder.layer.9.attention.output.dropout', Dropout(p=0.1, inplace=False), True), ('text_encoder.bert.encoder.layer.9.crossattention.self.dropout', Dropout(p=0.1, inplace=False), True), ('text_encoder.bert.encoder.layer.9.crossattention.output.dropout', Dropout(p=0.1, inplace=False), True), ('text_encoder.bert.encoder.layer.9.output.dropout', Dropout(p=0.1, inplace=False), True), ('text_encoder.bert.encoder.layer.10.attention.self.dropout', Dropout(p=0.1, inplace=False), True), ('text_encoder.bert.encoder.layer.10.attention.output.dropout', Dropout(p=0.1, inplace=False), True), ('text_encoder.bert.encoder.layer.10.crossattention.self.dropout', Dropout(p=0.1, inplace=False), True), ('text_encoder.bert.encoder.layer.10.crossattention.output.dropout', Dropout(p=0.1, inplace=False), True), ('text_encoder.bert.encoder.layer.10.output.dropout', Dropout(p=0.1, inplace=False), True), ('text_encoder.bert.encoder.layer.11.attention.self.dropout', Dropout(p=0.1, inplace=False), True), ('text_encoder.bert.encoder.layer.11.attention.output.dropout', Dropout(p=0.1, inplace=False), True), ('text_encoder.bert.encoder.layer.11.crossattention.self.dropout', Dropout(p=0.1, inplace=False), True), ('text_encoder.bert.encoder.layer.11.crossattention.output.dropout', Dropout(p=0.1, inplace=False), True), ('text_encoder.bert.encoder.layer.11.output.dropout', Dropout(p=0.1, inplace=False), True), ('vision_proj.1', Dropout(p=0.5, inplace=False), True), ('text_proj.1', Dropout(p=0.5, inplace=False), True), ('pose_block.attn.attn_drop', Dropout(p=0.0, inplace=False), True), ('pose_block.attn.proj_drop', Dropout(p=0.0, inplace=False), True)]
     TTA Require Gradient Params: 
 [('text_encoder.bert.embeddings.LayerNorm.weight', torch.Size([768])), ('text_encoder.bert.embeddings.LayerNorm.bias', torch.Size([768])), ('text_encoder.bert.encoder.layer.6.attention.output.LayerNorm.weight', torch.Size([768])), ('text_encoder.bert.encoder.layer.6.attention.output.LayerNorm.bias', torch.Size([768])), ('text_encoder.bert.encoder.layer.6.crossattention.output.LayerNorm.weight', torch.Size([768])), ('text_encoder.bert.encoder.layer.6.crossattention.output.LayerNorm.bias', torch.Size([768])), ('text_encoder.bert.encoder.layer.6.output.LayerNorm.weight', torch.Size([768])), ('text_encoder.bert.encoder.layer.6.output.LayerNorm.bias', torch.Size([768])), ('text_encoder.bert.encoder.layer.7.attention.output.LayerNorm.weight', torch.Size([768])), ('text_encoder.bert.encoder.layer.7.attention.output.LayerNorm.bias', torch.Size([768])), ('text_encoder.bert.encoder.layer.7.crossattention.output.LayerNorm.weight', torch.Size([768])), ('text_encoder.bert.encoder.layer.7.crossattention.output.LayerNorm.bias', torch.Size([768])), ('text_encoder.bert.encoder.layer.7.output.LayerNorm.weight', torch.Size([768])), ('text_encoder.bert.encoder.layer.7.output.LayerNorm.bias', torch.Size([768])), ('text_encoder.bert.encoder.layer.8.attention.output.LayerNorm.weight', torch.Size([768])), ('text_encoder.bert.encoder.layer.8.attention.output.LayerNorm.bias', torch.Size([768])), ('text_encoder.bert.encoder.layer.8.crossattention.output.LayerNorm.weight', torch.Size([768])), ('text_encoder.bert.encoder.layer.8.crossattention.output.LayerNorm.bias', torch.Size([768])), ('text_encoder.bert.encoder.layer.8.output.LayerNorm.weight', torch.Size([768])), ('text_encoder.bert.encoder.layer.8.output.LayerNorm.bias', torch.Size([768])), ('text_encoder.bert.encoder.layer.9.attention.output.LayerNorm.weight', torch.Size([768])), ('text_encoder.bert.encoder.layer.9.attention.output.LayerNorm.bias', torch.Size([768])), ('text_encoder.bert.encoder.layer.9.crossattention.output.LayerNorm.weight', torch.Size([768])), ('text_encoder.bert.encoder.layer.9.crossattention.output.LayerNorm.bias', torch.Size([768])), ('text_encoder.bert.encoder.layer.9.output.LayerNorm.weight', torch.Size([768])), ('text_encoder.bert.encoder.layer.9.output.LayerNorm.bias', torch.Size([768])), ('text_encoder.bert.encoder.layer.10.attention.output.LayerNorm.weight', torch.Size([768])), ('text_encoder.bert.encoder.layer.10.attention.output.LayerNorm.bias', torch.Size([768])), ('text_encoder.bert.encoder.layer.10.crossattention.output.LayerNorm.weight', torch.Size([768])), ('text_encoder.bert.encoder.layer.10.crossattention.output.LayerNorm.bias', torch.Size([768])), ('text_encoder.bert.encoder.layer.10.output.LayerNorm.weight', torch.Size([768])), ('text_encoder.bert.encoder.layer.10.output.LayerNorm.bias', torch.Size([768])), ('text_encoder.bert.encoder.layer.11.attention.output.LayerNorm.weight', torch.Size([768])), ('text_encoder.bert.encoder.layer.11.attention.output.LayerNorm.bias', torch.Size([768])), ('text_encoder.bert.encoder.layer.11.crossattention.output.LayerNorm.weight', torch.Size([768])), ('text_encoder.bert.encoder.layer.11.crossattention.output.LayerNorm.bias', torch.Size([768])), ('text_encoder.bert.encoder.layer.11.output.LayerNorm.weight', torch.Size([768])), ('text_encoder.bert.encoder.layer.11.output.LayerNorm.bias', torch.Size([768])), ('text_encoder.cls.predictions.transform.LayerNorm.weight', torch.Size([768])), ('text_encoder.cls.predictions.transform.LayerNorm.bias', torch.Size([768])), ('itm_head.1.weight', torch.Size([1536])), ('itm_head.1.bias', torch.Size([1536]))]
     TTA Dropout Modules Number: 
 126
     TTA Require Gradient Params Sum: 
 33792
     lr:  0.001    lr_mult:  2
     model has 'init_params',  386
     num_tta_steps:  3720
     num_warmup_steps:  500
     sched: step
/home/jiahao/task/CMP/tta.py:246: FutureWarning: `torch.cuda.amp.GradScaler(args...)` is deprecated. Please use `torch.amp.GradScaler('cuda', args...)` instead.
  scaler = GradScaler()  # bf16
### Start ITM Test Time Adaptation
      TTA Epoch: [0] [ 0/61]  eta: 0:01:03  entropy: 0.3759  uncertainty: 1.0000  uncertainty_coeffi: 1.0000  loss: 0.3759  lr: 0.000002  time: 1.0353  data: 0.4597  max mem: 2639
      TTA Epoch: [0] [60/61]  eta: 0:00:00  entropy: 0.2751  uncertainty: 1.0000  uncertainty_coeffi: 1.0000  loss: 0.2751  lr: 0.000122  time: 0.0601  data: 0.0001  max mem: 2671
      TTA Epoch: [0] Total time: 0:00:04 (0.0766 s / it)
     Averaged stats: entropy: 0.3396  uncertainty: 1.0000  uncertainty_coeffi: 1.0000  loss: 0.3396  lr: 0.0001
     itm tta time 0:00:04
     Computing matching score
      Evaluation: [   0/1978]  eta: 0:04:20    time: 0.1317  data: 0.0033  max mem: 2671
      Evaluation: [ 100/1978]  eta: 0:02:22    time: 0.0746  data: 0.0000  max mem: 2671
      Evaluation: [ 200/1978]  eta: 0:02:12    time: 0.0719  data: 0.0000  max mem: 2671
      Evaluation: [ 300/1978]  eta: 0:02:03    time: 0.0718  data: 0.0000  max mem: 2671
      Evaluation: [ 400/1978]  eta: 0:01:55    time: 0.0713  data: 0.0000  max mem: 2671
      Evaluation: [ 500/1978]  eta: 0:01:47    time: 0.0716  data: 0.0000  max mem: 2671
      Evaluation: [ 600/1978]  eta: 0:01:40    time: 0.0720  data: 0.0000  max mem: 2671
      Evaluation: [ 700/1978]  eta: 0:01:32    time: 0.0720  data: 0.0000  max mem: 2671
      Evaluation: [ 800/1978]  eta: 0:01:25    time: 0.0719  data: 0.0000  max mem: 2671
      Evaluation: [ 900/1978]  eta: 0:01:18    time: 0.0721  data: 0.0000  max mem: 2671
      Evaluation: [1000/1978]  eta: 0:01:10    time: 0.0721  data: 0.0000  max mem: 2671
      Evaluation: [1100/1978]  eta: 0:01:03    time: 0.0717  data: 0.0000  max mem: 2671
      Evaluation: [1200/1978]  eta: 0:00:56    time: 0.0719  data: 0.0000  max mem: 2671
      Evaluation: [1300/1978]  eta: 0:00:49    time: 0.0718  data: 0.0000  max mem: 2671
      Evaluation: [1400/1978]  eta: 0:00:41    time: 0.0715  data: 0.0000  max mem: 2671
      Evaluation: [1500/1978]  eta: 0:00:34    time: 0.0714  data: 0.0000  max mem: 2671
      Evaluation: [1600/1978]  eta: 0:00:27    time: 0.0720  data: 0.0000  max mem: 2671
      Evaluation: [1700/1978]  eta: 0:00:20    time: 0.0716  data: 0.0000  max mem: 2671
      Evaluation: [1800/1978]  eta: 0:00:12    time: 0.0718  data: 0.0000  max mem: 2671
      Evaluation: [1900/1978]  eta: 0:00:05    time: 0.0723  data: 0.0000  max mem: 2671
      Evaluation: [1977/1978]  eta: 0:00:00    time: 0.0732  data: 0.0000  max mem: 2671
      Evaluation: Total time: 0:02:22 (0.0722 s / it)
     Computing matching score time 0:02:23
### TTA ITM Score: 
+-------------------+--------+--------+--------+--------+--------+
|       epoch       |   R1   |   R5   |  R10   |  mAP   |  mINP  |
+-------------------+--------+--------+--------+--------+--------+
|  cos_sim_wo/norm  | 58.544 | 91.860 | 95.703 | 73.596 | 73.596 |
|        -999       | 69.414 | 95.197 | 97.776 | 81.233 | 81.233 |
| itm_score_wo/norm | 84.328 | 98.989 | 99.494 | 91.293 | 91.293 |
|        -999       | 84.277 | 99.039 | 99.596 | 91.276 | 91.276 |
|         0         | 84.631 | 98.938 | 99.596 | 91.416 | 91.416 |
+-------------------+--------+--------+--------+--------+--------+
     logs:  {'epo': 0, 'R1': np.float32(84.631), 'R5': np.float32(98.938), 'R10': np.float32(99.596), 'mAP': np.float32(91.416), 'mINP': np.float32(91.416), 'entropy': 0.33962, 'uncertainty': 1.0, 'uncertainty_coeffi': 1.0, 'loss': 0.33962, 'lr': 6.2e-05}
      TTA Epoch: [1] [ 0/61]  eta: 0:00:26  entropy: 0.2319  uncertainty: 1.0000  uncertainty_coeffi: 1.0000  loss: 0.2319  lr: 0.000124  time: 0.4310  data: 0.3566  max mem: 2671
      TTA Epoch: [1] [60/61]  eta: 0:00:00  entropy: 0.2168  uncertainty: 1.0000  uncertainty_coeffi: 1.0000  loss: 0.2168  lr: 0.000244  time: 0.0607  data: 0.0001  max mem: 2671
      TTA Epoch: [1] Total time: 0:00:04 (0.0675 s / it)
     Averaged stats: entropy: 0.2803  uncertainty: 1.0000  uncertainty_coeffi: 1.0000  loss: 0.2803  lr: 0.0002
     itm tta time 0:00:04
     Computing matching score
      Evaluation: [   0/1978]  eta: 0:02:34    time: 0.0781  data: 0.0034  max mem: 2671
      Evaluation: [ 100/1978]  eta: 0:02:16    time: 0.0718  data: 0.0000  max mem: 2671
      Evaluation: [ 200/1978]  eta: 0:02:08    time: 0.0720  data: 0.0000  max mem: 2671
      Evaluation: [ 300/1978]  eta: 0:02:01    time: 0.0720  data: 0.0000  max mem: 2671
      Evaluation: [ 400/1978]  eta: 0:01:53    time: 0.0717  data: 0.0000  max mem: 2671
      Evaluation: [ 500/1978]  eta: 0:01:46    time: 0.0714  data: 0.0000  max mem: 2671
      Evaluation: [ 600/1978]  eta: 0:01:39    time: 0.0720  data: 0.0000  max mem: 2671
      Evaluation: [ 700/1978]  eta: 0:01:31    time: 0.0716  data: 0.0000  max mem: 2671
      Evaluation: [ 800/1978]  eta: 0:01:24    time: 0.0725  data: 0.0000  max mem: 2671
      Evaluation: [ 900/1978]  eta: 0:01:17    time: 0.0724  data: 0.0000  max mem: 2671
      Evaluation: [1000/1978]  eta: 0:01:10    time: 0.0723  data: 0.0000  max mem: 2671
      Evaluation: [1100/1978]  eta: 0:01:03    time: 0.0719  data: 0.0000  max mem: 2671
      Evaluation: [1200/1978]  eta: 0:00:56    time: 0.0716  data: 0.0000  max mem: 2671
      Evaluation: [1300/1978]  eta: 0:00:48    time: 0.0717  data: 0.0000  max mem: 2671
      Evaluation: [1400/1978]  eta: 0:00:41    time: 0.0719  data: 0.0000  max mem: 2671
      Evaluation: [1500/1978]  eta: 0:00:34    time: 0.0719  data: 0.0000  max mem: 2671
      Evaluation: [1600/1978]  eta: 0:00:27    time: 0.0720  data: 0.0000  max mem: 2671
      Evaluation: [1700/1978]  eta: 0:00:20    time: 0.0718  data: 0.0000  max mem: 2671
      Evaluation: [1800/1978]  eta: 0:00:12    time: 0.0720  data: 0.0000  max mem: 2671
      Evaluation: [1900/1978]  eta: 0:00:05    time: 0.0716  data: 0.0000  max mem: 2671
      Evaluation: [1977/1978]  eta: 0:00:00    time: 0.0717  data: 0.0000  max mem: 2671
      Evaluation: Total time: 0:02:22 (0.0720 s / it)
     Computing matching score time 0:02:22
### TTA ITM Score: 
+-------------------+--------+--------+--------+--------+--------+
|       epoch       |   R1   |   R5   |  R10   |  mAP   |  mINP  |
+-------------------+--------+--------+--------+--------+--------+
|  cos_sim_wo/norm  | 58.544 | 91.860 | 95.703 | 73.596 | 73.596 |
|        -999       | 69.414 | 95.197 | 97.776 | 81.233 | 81.233 |
| itm_score_wo/norm | 84.328 | 98.989 | 99.494 | 91.293 | 91.293 |
|        -999       | 84.277 | 99.039 | 99.596 | 91.276 | 91.276 |
|         0         | 84.631 | 98.938 | 99.596 | 91.416 | 91.416 |
|         1         | 84.429 | 98.736 | 99.494 | 91.274 | 91.274 |
+-------------------+--------+--------+--------+--------+--------+
     logs:  {'epo': 1, 'R1': np.float32(84.429), 'R5': np.float32(98.736), 'R10': np.float32(99.494), 'mAP': np.float32(91.274), 'mINP': np.float32(91.274), 'entropy': 0.280321, 'uncertainty': 1.0, 'uncertainty_coeffi': 1.0, 'loss': 0.280321, 'lr': 0.000184}
      TTA Epoch: [2] [ 0/61]  eta: 0:00:34  entropy: 0.2621  uncertainty: 1.0000  uncertainty_coeffi: 1.0000  loss: 0.2621  lr: 0.000246  time: 0.5674  data: 0.4601  max mem: 2671
      TTA Epoch: [2] [60/61]  eta: 0:00:00  entropy: 0.2652  uncertainty: 1.0000  uncertainty_coeffi: 1.0000  loss: 0.2652  lr: 0.000366  time: 0.0608  data: 0.0001  max mem: 2671
      TTA Epoch: [2] Total time: 0:00:04 (0.0695 s / it)
     Averaged stats: entropy: 0.2206  uncertainty: 1.0000  uncertainty_coeffi: 1.0000  loss: 0.2206  lr: 0.0003
     itm tta time 0:00:04
     Computing matching score
      Evaluation: [   0/1978]  eta: 0:02:26    time: 0.0738  data: 0.0035  max mem: 2671
      Evaluation: [ 100/1978]  eta: 0:02:13    time: 0.0713  data: 0.0000  max mem: 2671
      Evaluation: [ 200/1978]  eta: 0:02:06    time: 0.0713  data: 0.0000  max mem: 2671
      Evaluation: [ 300/1978]  eta: 0:01:59    time: 0.0712  data: 0.0000  max mem: 2671
      Evaluation: [ 400/1978]  eta: 0:01:52    time: 0.0712  data: 0.0000  max mem: 2671
      Evaluation: [ 500/1978]  eta: 0:01:45    time: 0.0714  data: 0.0000  max mem: 2671
      Evaluation: [ 600/1978]  eta: 0:01:38    time: 0.0726  data: 0.0000  max mem: 2671
      Evaluation: [ 700/1978]  eta: 0:01:31    time: 0.0712  data: 0.0000  max mem: 2671
      Evaluation: [ 800/1978]  eta: 0:01:23    time: 0.0711  data: 0.0000  max mem: 2671
      Evaluation: [ 900/1978]  eta: 0:01:16    time: 0.0711  data: 0.0000  max mem: 2671
      Evaluation: [1000/1978]  eta: 0:01:09    time: 0.0717  data: 0.0000  max mem: 2671
      Evaluation: [1100/1978]  eta: 0:01:02    time: 0.0712  data: 0.0000  max mem: 2671
      Evaluation: [1200/1978]  eta: 0:00:55    time: 0.0713  data: 0.0000  max mem: 2671
      Evaluation: [1300/1978]  eta: 0:00:48    time: 0.0712  data: 0.0000  max mem: 2671
      Evaluation: [1400/1978]  eta: 0:00:41    time: 0.0712  data: 0.0000  max mem: 2671
      Evaluation: [1500/1978]  eta: 0:00:34    time: 0.0711  data: 0.0000  max mem: 2671
      Evaluation: [1600/1978]  eta: 0:00:26    time: 0.0713  data: 0.0000  max mem: 2671
      Evaluation: [1700/1978]  eta: 0:00:19    time: 0.0713  data: 0.0000  max mem: 2671
      Evaluation: [1800/1978]  eta: 0:00:12    time: 0.0710  data: 0.0000  max mem: 2671
      Evaluation: [1900/1978]  eta: 0:00:05    time: 0.0710  data: 0.0000  max mem: 2671
      Evaluation: [1977/1978]  eta: 0:00:00    time: 0.0710  data: 0.0000  max mem: 2671
      Evaluation: Total time: 0:02:20 (0.0713 s / it)
     Computing matching score time 0:02:21
### TTA ITM Score: 
+-------------------+--------+--------+--------+--------+--------+
|       epoch       |   R1   |   R5   |  R10   |  mAP   |  mINP  |
+-------------------+--------+--------+--------+--------+--------+
|  cos_sim_wo/norm  | 58.544 | 91.860 | 95.703 | 73.596 | 73.596 |
|        -999       | 69.414 | 95.197 | 97.776 | 81.233 | 81.233 |
| itm_score_wo/norm | 84.328 | 98.989 | 99.494 | 91.293 | 91.293 |
|        -999       | 84.277 | 99.039 | 99.596 | 91.276 | 91.276 |
|         0         | 84.631 | 98.938 | 99.596 | 91.416 | 91.416 |
|         1         | 84.429 | 98.736 | 99.494 | 91.274 | 91.274 |
|         2         | 84.681 | 98.584 | 99.343 | 91.325 | 91.325 |
+-------------------+--------+--------+--------+--------+--------+
     logs:  {'epo': 2, 'R1': np.float32(84.681), 'R5': np.float32(98.584), 'R10': np.float32(99.343), 'mAP': np.float32(91.325), 'mINP': np.float32(91.325), 'entropy': 0.220616, 'uncertainty': 1.0, 'uncertainty_coeffi': 1.0, 'loss': 0.220616, 'lr': 0.000306}
      TTA Epoch: [3] [ 0/61]  eta: 0:00:27  entropy: 0.1423  uncertainty: 1.0000  uncertainty_coeffi: 1.0000  loss: 0.1423  lr: 0.000368  time: 0.4439  data: 0.3561  max mem: 2671
      TTA Epoch: [3] [60/61]  eta: 0:00:00  entropy: 0.1331  uncertainty: 1.0000  uncertainty_coeffi: 1.0000  loss: 0.1331  lr: 0.000488  time: 0.0609  data: 0.0001  max mem: 2671
      TTA Epoch: [3] Total time: 0:00:04 (0.0675 s / it)
     Averaged stats: entropy: 0.1777  uncertainty: 1.0000  uncertainty_coeffi: 1.0000  loss: 0.1777  lr: 0.0004
     itm tta time 0:00:04
      TTA Epoch: [4] [ 0/61]  eta: 0:00:30  entropy: 0.1333  uncertainty: 1.0000  uncertainty_coeffi: 1.0000  loss: 0.1333  lr: 0.000490  time: 0.5024  data: 0.4207  max mem: 2671
      TTA Epoch: [4] [60/61]  eta: 0:00:00  entropy: 0.1645  uncertainty: 1.0000  uncertainty_coeffi: 1.0000  loss: 0.1645  lr: 0.000610  time: 0.0608  data: 0.0001  max mem: 2671
      TTA Epoch: [4] Total time: 0:00:04 (0.0685 s / it)
     Averaged stats: entropy: 0.1412  uncertainty: 1.0000  uncertainty_coeffi: 1.0000  loss: 0.1412  lr: 0.0005
     itm tta time 0:00:04
     Computing matching score
      Evaluation: [   0/1978]  eta: 0:02:23    time: 0.0724  data: 0.0032  max mem: 2671
      Evaluation: [ 100/1978]  eta: 0:02:13    time: 0.0712  data: 0.0000  max mem: 2671
      Evaluation: [ 200/1978]  eta: 0:02:06    time: 0.0711  data: 0.0000  max mem: 2671
      Evaluation: [ 300/1978]  eta: 0:01:59    time: 0.0709  data: 0.0000  max mem: 2671
      Evaluation: [ 400/1978]  eta: 0:01:52    time: 0.0709  data: 0.0000  max mem: 2671
      Evaluation: [ 500/1978]  eta: 0:01:44    time: 0.0710  data: 0.0000  max mem: 2671
      Evaluation: [ 600/1978]  eta: 0:01:37    time: 0.0711  data: 0.0000  max mem: 2671
      Evaluation: [ 700/1978]  eta: 0:01:30    time: 0.0710  data: 0.0000  max mem: 2671
      Evaluation: [ 800/1978]  eta: 0:01:23    time: 0.0708  data: 0.0000  max mem: 2671
      Evaluation: [ 900/1978]  eta: 0:01:16    time: 0.0708  data: 0.0000  max mem: 2671
      Evaluation: [1000/1978]  eta: 0:01:09    time: 0.0713  data: 0.0000  max mem: 2671
      Evaluation: [1100/1978]  eta: 0:01:02    time: 0.0717  data: 0.0000  max mem: 2671
      Evaluation: [1200/1978]  eta: 0:00:55    time: 0.0715  data: 0.0000  max mem: 2671
      Evaluation: [1300/1978]  eta: 0:00:48    time: 0.0720  data: 0.0000  max mem: 2671
      Evaluation: [1400/1978]  eta: 0:00:41    time: 0.0720  data: 0.0000  max mem: 2671
      Evaluation: [1500/1978]  eta: 0:00:34    time: 0.0715  data: 0.0000  max mem: 2671
      Evaluation: [1600/1978]  eta: 0:00:26    time: 0.0708  data: 0.0000  max mem: 2671
      Evaluation: [1700/1978]  eta: 0:00:19    time: 0.0709  data: 0.0000  max mem: 2671
      Evaluation: [1800/1978]  eta: 0:00:12    time: 0.0708  data: 0.0000  max mem: 2671
      Evaluation: [1900/1978]  eta: 0:00:05    time: 0.0716  data: 0.0000  max mem: 2671
      Evaluation: [1977/1978]  eta: 0:00:00    time: 0.0708  data: 0.0000  max mem: 2671
      Evaluation: Total time: 0:02:20 (0.0712 s / it)
     Computing matching score time 0:02:21
### TTA ITM Score: 
+-------------------+--------+--------+--------+--------+--------+
|       epoch       |   R1   |   R5   |  R10   |  mAP   |  mINP  |
+-------------------+--------+--------+--------+--------+--------+
|  cos_sim_wo/norm  | 58.544 | 91.860 | 95.703 | 73.596 | 73.596 |
|        -999       | 69.414 | 95.197 | 97.776 | 81.233 | 81.233 |
| itm_score_wo/norm | 84.328 | 98.989 | 99.494 | 91.293 | 91.293 |
|        -999       | 84.277 | 99.039 | 99.596 | 91.276 | 91.276 |
|         0         | 84.631 | 98.938 | 99.596 | 91.416 | 91.416 |
|         1         | 84.429 | 98.736 | 99.494 | 91.274 | 91.274 |
|         2         | 84.681 | 98.584 | 99.343 | 91.325 | 91.325 |
|         4         | 84.429 | 98.635 | 99.393 | 91.128 | 91.128 |
+-------------------+--------+--------+--------+--------+--------+
     logs:  {'epo': 4, 'R1': np.float32(84.429), 'R5': np.float32(98.635), 'R10': np.float32(99.393), 'mAP': np.float32(91.128), 'mINP': np.float32(91.128), 'entropy': 0.141226, 'uncertainty': 1.0, 'uncertainty_coeffi': 1.0, 'loss': 0.141226, 'lr': 0.00055}
      TTA Epoch: [5] [ 0/61]  eta: 0:00:26  entropy: 0.1670  uncertainty: 1.0000  uncertainty_coeffi: 1.0000  loss: 0.1670  lr: 0.000612  time: 0.4302  data: 0.3540  max mem: 2671
      TTA Epoch: [5] [60/61]  eta: 0:00:00  entropy: 0.1491  uncertainty: 1.0000  uncertainty_coeffi: 1.0000  loss: 0.1491  lr: 0.000732  time: 0.0608  data: 0.0001  max mem: 2671
      TTA Epoch: [5] Total time: 0:00:04 (0.0672 s / it)
     Averaged stats: entropy: 0.1157  uncertainty: 1.0000  uncertainty_coeffi: 1.0000  loss: 0.1157  lr: 0.0007
     itm tta time 0:00:04
      TTA Epoch: [6] [ 0/61]  eta: 0:00:26  entropy: 0.0769  uncertainty: 1.0000  uncertainty_coeffi: 1.0000  loss: 0.0769  lr: 0.000734  time: 0.4268  data: 0.3569  max mem: 2671
      TTA Epoch: [6] [60/61]  eta: 0:00:00  entropy: 0.1754  uncertainty: 1.0000  uncertainty_coeffi: 1.0000  loss: 0.1754  lr: 0.000854  time: 0.0610  data: 0.0001  max mem: 2671
      TTA Epoch: [6] Total time: 0:00:04 (0.0677 s / it)
     Averaged stats: entropy: 0.0879  uncertainty: 1.0000  uncertainty_coeffi: 1.0000  loss: 0.0879  lr: 0.0008
     itm tta time 0:00:04
      TTA Epoch: [7] [ 0/61]  eta: 0:00:27  entropy: 0.0397  uncertainty: 1.0000  uncertainty_coeffi: 1.0000  loss: 0.0397  lr: 0.000856  time: 0.4473  data: 0.3744  max mem: 2671
      TTA Epoch: [7] [60/61]  eta: 0:00:00  entropy: 0.0386  uncertainty: 1.0000  uncertainty_coeffi: 1.0000  loss: 0.0386  lr: 0.000976  time: 0.0613  data: 0.0001  max mem: 2671
      TTA Epoch: [7] Total time: 0:00:04 (0.0681 s / it)
     Averaged stats: entropy: 0.0841  uncertainty: 1.0000  uncertainty_coeffi: 1.0000  loss: 0.0841  lr: 0.0009
     itm tta time 0:00:04
      TTA Epoch: [8] [ 0/61]  eta: 0:00:27  entropy: 0.0948  uncertainty: 1.0000  uncertainty_coeffi: 1.0000  loss: 0.0948  lr: 0.000978  time: 0.4497  data: 0.3741  max mem: 2671
      TTA Epoch: [8] [60/61]  eta: 0:00:00  entropy: 0.0838  uncertainty: 1.0000  uncertainty_coeffi: 1.0000  loss: 0.0838  lr: 0.000985  time: 0.0608  data: 0.0001  max mem: 2671
      TTA Epoch: [8] Total time: 0:00:04 (0.0676 s / it)
     Averaged stats: entropy: 0.0709  uncertainty: 1.0000  uncertainty_coeffi: 1.0000  loss: 0.0709  lr: 0.0010
     itm tta time 0:00:04
      TTA Epoch: [9] [ 0/61]  eta: 0:00:27  entropy: 0.0526  uncertainty: 1.0000  uncertainty_coeffi: 1.0000  loss: 0.0526  lr: 0.000984  time: 0.4586  data: 0.3734  max mem: 2671
      TTA Epoch: [9] [60/61]  eta: 0:00:00  entropy: 0.0505  uncertainty: 1.0000  uncertainty_coeffi: 1.0000  loss: 0.0505  lr: 0.000966  time: 0.0608  data: 0.0001  max mem: 2671
      TTA Epoch: [9] Total time: 0:00:04 (0.0677 s / it)
     Averaged stats: entropy: 0.0565  uncertainty: 1.0000  uncertainty_coeffi: 1.0000  loss: 0.0565  lr: 0.0010
     itm tta time 0:00:04
     Computing matching score
      Evaluation: [   0/1978]  eta: 0:02:34    time: 0.0779  data: 0.0036  max mem: 2671
      Evaluation: [ 100/1978]  eta: 0:02:13    time: 0.0707  data: 0.0000  max mem: 2671
      Evaluation: [ 200/1978]  eta: 0:02:06    time: 0.0707  data: 0.0000  max mem: 2671
      Evaluation: [ 300/1978]  eta: 0:01:58    time: 0.0707  data: 0.0000  max mem: 2671
      Evaluation: [ 400/1978]  eta: 0:01:51    time: 0.0707  data: 0.0000  max mem: 2671
      Evaluation: [ 500/1978]  eta: 0:01:44    time: 0.0708  data: 0.0000  max mem: 2671
      Evaluation: [ 600/1978]  eta: 0:01:37    time: 0.0708  data: 0.0000  max mem: 2671
      Evaluation: [ 700/1978]  eta: 0:01:30    time: 0.0712  data: 0.0000  max mem: 2671
      Evaluation: [ 800/1978]  eta: 0:01:23    time: 0.0710  data: 0.0000  max mem: 2671
      Evaluation: [ 900/1978]  eta: 0:01:16    time: 0.0710  data: 0.0000  max mem: 2671
      Evaluation: [1000/1978]  eta: 0:01:09    time: 0.0710  data: 0.0000  max mem: 2671
      Evaluation: [1100/1978]  eta: 0:01:02    time: 0.0712  data: 0.0000  max mem: 2671
      Evaluation: [1200/1978]  eta: 0:00:55    time: 0.0707  data: 0.0000  max mem: 2671
      Evaluation: [1300/1978]  eta: 0:00:48    time: 0.0707  data: 0.0000  max mem: 2671
      Evaluation: [1400/1978]  eta: 0:00:40    time: 0.0711  data: 0.0000  max mem: 2671
      Evaluation: [1500/1978]  eta: 0:00:33    time: 0.0714  data: 0.0000  max mem: 2671
      Evaluation: [1600/1978]  eta: 0:00:26    time: 0.0716  data: 0.0000  max mem: 2671
      Evaluation: [1700/1978]  eta: 0:00:19    time: 0.0713  data: 0.0000  max mem: 2671
      Evaluation: [1800/1978]  eta: 0:00:12    time: 0.0714  data: 0.0000  max mem: 2671
      Evaluation: [1900/1978]  eta: 0:00:05    time: 0.0713  data: 0.0000  max mem: 2671
      Evaluation: [1977/1978]  eta: 0:00:00    time: 0.0716  data: 0.0000  max mem: 2671
      Evaluation: Total time: 0:02:20 (0.0711 s / it)
     Computing matching score time 0:02:20
### TTA ITM Score: 
+-------------------+--------+--------+--------+--------+--------+
|       epoch       |   R1   |   R5   |  R10   |  mAP   |  mINP  |
+-------------------+--------+--------+--------+--------+--------+
|  cos_sim_wo/norm  | 58.544 | 91.860 | 95.703 | 73.596 | 73.596 |
|        -999       | 69.414 | 95.197 | 97.776 | 81.233 | 81.233 |
| itm_score_wo/norm | 84.328 | 98.989 | 99.494 | 91.293 | 91.293 |
|        -999       | 84.277 | 99.039 | 99.596 | 91.276 | 91.276 |
|         0         | 84.631 | 98.938 | 99.596 | 91.416 | 91.416 |
|         1         | 84.429 | 98.736 | 99.494 | 91.274 | 91.274 |
|         2         | 84.681 | 98.584 | 99.343 | 91.325 | 91.325 |
|         4         | 84.429 | 98.635 | 99.393 | 91.128 | 91.128 |
|         9         | 84.328 | 98.231 | 99.292 | 91.041 | 91.041 |
+-------------------+--------+--------+--------+--------+--------+
     logs:  {'epo': 9, 'R1': np.float32(84.328), 'R5': np.float32(98.231), 'R10': np.float32(99.292), 'mAP': np.float32(91.041), 'mINP': np.float32(91.041), 'entropy': 0.056456, 'uncertainty': 1.0, 'uncertainty_coeffi': 1.0, 'loss': 0.056456, 'lr': 0.000975}
      TTA Epoch: [10] [ 0/61]  eta: 0:00:26  entropy: 0.0870  uncertainty: 1.0000  uncertainty_coeffi: 1.0000  loss: 0.0870  lr: 0.000966  time: 0.4374  data: 0.3584  max mem: 2671
      TTA Epoch: [10] [60/61]  eta: 0:00:00  entropy: 0.0143  uncertainty: 1.0000  uncertainty_coeffi: 1.0000  loss: 0.0143  lr: 0.000947  time: 0.0611  data: 0.0001  max mem: 2671
      TTA Epoch: [10] Total time: 0:00:04 (0.0675 s / it)
     Averaged stats: entropy: 0.0508  uncertainty: 1.0000  uncertainty_coeffi: 1.0000  loss: 0.0508  lr: 0.0010
     itm tta time 0:00:04
      TTA Epoch: [11] [ 0/61]  eta: 0:00:26  entropy: 0.0240  uncertainty: 1.0000  uncertainty_coeffi: 1.0000  loss: 0.0240  lr: 0.000947  time: 0.4386  data: 0.3594  max mem: 2671
      TTA Epoch: [11] [60/61]  eta: 0:00:00  entropy: 0.0744  uncertainty: 1.0000  uncertainty_coeffi: 1.0000  loss: 0.0744  lr: 0.000928  time: 0.0614  data: 0.0002  max mem: 2671
      TTA Epoch: [11] Total time: 0:00:04 (0.0677 s / it)
     Averaged stats: entropy: 0.0492  uncertainty: 1.0000  uncertainty_coeffi: 1.0000  loss: 0.0492  lr: 0.0009
     itm tta time 0:00:04
      TTA Epoch: [12] [ 0/61]  eta: 0:00:25  entropy: 0.0112  uncertainty: 1.0000  uncertainty_coeffi: 1.0000  loss: 0.0112  lr: 0.000928  time: 0.4250  data: 0.3480  max mem: 2671
      TTA Epoch: [12] [60/61]  eta: 0:00:00  entropy: 0.0593  uncertainty: 1.0000  uncertainty_coeffi: 1.0000  loss: 0.0593  lr: 0.000909  time: 0.0608  data: 0.0001  max mem: 2671
      TTA Epoch: [12] Total time: 0:00:04 (0.0673 s / it)
     Averaged stats: entropy: 0.0429  uncertainty: 1.0000  uncertainty_coeffi: 1.0000  loss: 0.0429  lr: 0.0009
     itm tta time 0:00:04
      TTA Epoch: [13] [ 0/61]  eta: 0:00:25  entropy: 0.0417  uncertainty: 1.0000  uncertainty_coeffi: 1.0000  loss: 0.0417  lr: 0.000909  time: 0.4220  data: 0.3528  max mem: 2671
      TTA Epoch: [13] [60/61]  eta: 0:00:00  entropy: 0.0494  uncertainty: 1.0000  uncertainty_coeffi: 1.0000  loss: 0.0494  lr: 0.000890  time: 0.0608  data: 0.0001  max mem: 2671
      TTA Epoch: [13] Total time: 0:00:04 (0.0672 s / it)
     Averaged stats: entropy: 0.0408  uncertainty: 1.0000  uncertainty_coeffi: 1.0000  loss: 0.0408  lr: 0.0009
     itm tta time 0:00:04
      TTA Epoch: [14] [ 0/61]  eta: 0:00:25  entropy: 0.0207  uncertainty: 1.0000  uncertainty_coeffi: 1.0000  loss: 0.0207  lr: 0.000890  time: 0.4224  data: 0.3507  max mem: 2671
      TTA Epoch: [14] [60/61]  eta: 0:00:00  entropy: 0.0054  uncertainty: 1.0000  uncertainty_coeffi: 1.0000  loss: 0.0054  lr: 0.000871  time: 0.0611  data: 0.0001  max mem: 2671
      TTA Epoch: [14] Total time: 0:00:04 (0.0674 s / it)
     Averaged stats: entropy: 0.0326  uncertainty: 1.0000  uncertainty_coeffi: 1.0000  loss: 0.0326  lr: 0.0009
     itm tta time 0:00:04
     Computing matching score
      Evaluation: [   0/1978]  eta: 0:02:34    time: 0.0781  data: 0.0028  max mem: 2671
      Evaluation: [ 100/1978]  eta: 0:02:14    time: 0.0713  data: 0.0000  max mem: 2671
      Evaluation: [ 200/1978]  eta: 0:02:06    time: 0.0714  data: 0.0000  max mem: 2671
      Evaluation: [ 300/1978]  eta: 0:01:59    time: 0.0714  data: 0.0000  max mem: 2671
      Evaluation: [ 400/1978]  eta: 0:01:52    time: 0.0713  data: 0.0000  max mem: 2671
      Evaluation: [ 500/1978]  eta: 0:01:45    time: 0.0716  data: 0.0000  max mem: 2671
      Evaluation: [ 600/1978]  eta: 0:01:38    time: 0.0714  data: 0.0000  max mem: 2671
      Evaluation: [ 700/1978]  eta: 0:01:31    time: 0.0710  data: 0.0000  max mem: 2671
      Evaluation: [ 800/1978]  eta: 0:01:24    time: 0.0709  data: 0.0000  max mem: 2671
      Evaluation: [ 900/1978]  eta: 0:01:16    time: 0.0709  data: 0.0000  max mem: 2671
      Evaluation: [1000/1978]  eta: 0:01:09    time: 0.0710  data: 0.0000  max mem: 2671
      Evaluation: [1100/1978]  eta: 0:01:02    time: 0.0713  data: 0.0000  max mem: 2671
      Evaluation: [1200/1978]  eta: 0:00:55    time: 0.0712  data: 0.0000  max mem: 2671
      Evaluation: [1300/1978]  eta: 0:00:48    time: 0.0713  data: 0.0000  max mem: 2671
      Evaluation: [1400/1978]  eta: 0:00:41    time: 0.0711  data: 0.0000  max mem: 2671
      Evaluation: [1500/1978]  eta: 0:00:34    time: 0.0713  data: 0.0000  max mem: 2671
      Evaluation: [1600/1978]  eta: 0:00:26    time: 0.0712  data: 0.0000  max mem: 2671
      Evaluation: [1700/1978]  eta: 0:00:19    time: 0.0713  data: 0.0000  max mem: 2671
      Evaluation: [1800/1978]  eta: 0:00:12    time: 0.0714  data: 0.0000  max mem: 2671
      Evaluation: [1900/1978]  eta: 0:00:05    time: 0.0710  data: 0.0000  max mem: 2671
      Evaluation: [1977/1978]  eta: 0:00:00    time: 0.0711  data: 0.0000  max mem: 2671
      Evaluation: Total time: 0:02:20 (0.0713 s / it)
     Computing matching score time 0:02:21
### TTA ITM Score: 
+-------------------+--------+--------+--------+--------+--------+
|       epoch       |   R1   |   R5   |  R10   |  mAP   |  mINP  |
+-------------------+--------+--------+--------+--------+--------+
|  cos_sim_wo/norm  | 58.544 | 91.860 | 95.703 | 73.596 | 73.596 |
|        -999       | 69.414 | 95.197 | 97.776 | 81.233 | 81.233 |
| itm_score_wo/norm | 84.328 | 98.989 | 99.494 | 91.293 | 91.293 |
|        -999       | 84.277 | 99.039 | 99.596 | 91.276 | 91.276 |
|         0         | 84.631 | 98.938 | 99.596 | 91.416 | 91.416 |
|         1         | 84.429 | 98.736 | 99.494 | 91.274 | 91.274 |
|         2         | 84.681 | 98.584 | 99.343 | 91.325 | 91.325 |
|         4         | 84.429 | 98.635 | 99.393 | 91.128 | 91.128 |
|         9         | 84.328 | 98.231 | 99.292 | 91.041 | 91.041 |
|         14        | 84.176 | 98.129 | 99.191 | 90.914 | 90.914 |
+-------------------+--------+--------+--------+--------+--------+
     logs:  {'epo': 14, 'R1': np.float32(84.176), 'R5': np.float32(98.129), 'R10': np.float32(99.191), 'mAP': np.float32(90.914), 'mINP': np.float32(90.914), 'entropy': 0.032614, 'uncertainty': 1.0, 'uncertainty_coeffi': 1.0, 'loss': 0.032614, 'lr': 0.00088}
      TTA Epoch: [15] [ 0/61]  eta: 0:00:26  entropy: 0.0059  uncertainty: 1.0000  uncertainty_coeffi: 1.0000  loss: 0.0059  lr: 0.000871  time: 0.4390  data: 0.3550  max mem: 2671
      TTA Epoch: [15] [60/61]  eta: 0:00:00  entropy: 0.0402  uncertainty: 1.0000  uncertainty_coeffi: 1.0000  loss: 0.0402  lr: 0.000852  time: 0.0614  data: 0.0001  max mem: 2671
      TTA Epoch: [15] Total time: 0:00:04 (0.0680 s / it)
     Averaged stats: entropy: 0.0376  uncertainty: 1.0000  uncertainty_coeffi: 1.0000  loss: 0.0376  lr: 0.0009
     itm tta time 0:00:04
      TTA Epoch: [16] [ 0/61]  eta: 0:00:32  entropy: 0.0367  uncertainty: 1.0000  uncertainty_coeffi: 1.0000  loss: 0.0367  lr: 0.000852  time: 0.5248  data: 0.4155  max mem: 2671
      TTA Epoch: [16] [60/61]  eta: 0:00:00  entropy: 0.0366  uncertainty: 1.0000  uncertainty_coeffi: 1.0000  loss: 0.0366  lr: 0.000833  time: 0.0612  data: 0.0001  max mem: 2671
      TTA Epoch: [16] Total time: 0:00:04 (0.0691 s / it)
     Averaged stats: entropy: 0.0366  uncertainty: 1.0000  uncertainty_coeffi: 1.0000  loss: 0.0366  lr: 0.0008
     itm tta time 0:00:04
      TTA Epoch: [17] [ 0/61]  eta: 0:00:27  entropy: 0.0252  uncertainty: 1.0000  uncertainty_coeffi: 1.0000  loss: 0.0252  lr: 0.000833  time: 0.4496  data: 0.3515  max mem: 2671
      TTA Epoch: [17] [60/61]  eta: 0:00:00  entropy: 0.0004  uncertainty: 1.0000  uncertainty_coeffi: 1.0000  loss: 0.0004  lr: 0.000814  time: 0.0610  data: 0.0001  max mem: 2671
      TTA Epoch: [17] Total time: 0:00:04 (0.0679 s / it)
     Averaged stats: entropy: 0.0298  uncertainty: 1.0000  uncertainty_coeffi: 1.0000  loss: 0.0298  lr: 0.0008
     itm tta time 0:00:04
      TTA Epoch: [18] [ 0/61]  eta: 0:00:27  entropy: 0.0689  uncertainty: 1.0000  uncertainty_coeffi: 1.0000  loss: 0.0689  lr: 0.000814  time: 0.4548  data: 0.3461  max mem: 2671
      TTA Epoch: [18] [60/61]  eta: 0:00:00  entropy: 0.0342  uncertainty: 1.0000  uncertainty_coeffi: 1.0000  loss: 0.0342  lr: 0.000795  time: 0.0612  data: 0.0001  max mem: 2671
      TTA Epoch: [18] Total time: 0:00:04 (0.0686 s / it)
     Averaged stats: entropy: 0.0257  uncertainty: 1.0000  uncertainty_coeffi: 1.0000  loss: 0.0257  lr: 0.0008
     itm tta time 0:00:04
      TTA Epoch: [19] [ 0/61]  eta: 0:00:28  entropy: 0.0218  uncertainty: 1.0000  uncertainty_coeffi: 1.0000  loss: 0.0218  lr: 0.000795  time: 0.4665  data: 0.3605  max mem: 2671
      TTA Epoch: [19] [60/61]  eta: 0:00:00  entropy: 0.0005  uncertainty: 1.0000  uncertainty_coeffi: 1.0000  loss: 0.0005  lr: 0.000776  time: 0.0613  data: 0.0001  max mem: 2671
      TTA Epoch: [19] Total time: 0:00:04 (0.0682 s / it)
     Averaged stats: entropy: 0.0312  uncertainty: 1.0000  uncertainty_coeffi: 1.0000  loss: 0.0312  lr: 0.0008
     itm tta time 0:00:04
     Computing matching score
      Evaluation: [   0/1978]  eta: 0:02:28    time: 0.0753  data: 0.0028  max mem: 2671
      Evaluation: [ 100/1978]  eta: 0:02:14    time: 0.0715  data: 0.0000  max mem: 2671
      Evaluation: [ 200/1978]  eta: 0:02:07    time: 0.0721  data: 0.0000  max mem: 2671
      Evaluation: [ 300/1978]  eta: 0:02:00    time: 0.0716  data: 0.0000  max mem: 2671
      Evaluation: [ 400/1978]  eta: 0:01:53    time: 0.0716  data: 0.0000  max mem: 2671
      Evaluation: [ 500/1978]  eta: 0:01:45    time: 0.0717  data: 0.0000  max mem: 2671
      Evaluation: [ 600/1978]  eta: 0:01:38    time: 0.0719  data: 0.0000  max mem: 2671
      Evaluation: [ 700/1978]  eta: 0:01:31    time: 0.0721  data: 0.0000  max mem: 2671
      Evaluation: [ 800/1978]  eta: 0:01:24    time: 0.0724  data: 0.0000  max mem: 2671
      Evaluation: [ 900/1978]  eta: 0:01:17    time: 0.0717  data: 0.0000  max mem: 2671
      Evaluation: [1000/1978]  eta: 0:01:10    time: 0.0718  data: 0.0000  max mem: 2671
      Evaluation: [1100/1978]  eta: 0:01:03    time: 0.0719  data: 0.0000  max mem: 2671
      Evaluation: [1200/1978]  eta: 0:00:55    time: 0.0720  data: 0.0000  max mem: 2671
      Evaluation: [1300/1978]  eta: 0:00:48    time: 0.0721  data: 0.0000  max mem: 2671
      Evaluation: [1400/1978]  eta: 0:00:41    time: 0.0722  data: 0.0000  max mem: 2671
      Evaluation: [1500/1978]  eta: 0:00:34    time: 0.0722  data: 0.0000  max mem: 2671
      Evaluation: [1600/1978]  eta: 0:00:27    time: 0.0722  data: 0.0000  max mem: 2671
      Evaluation: [1700/1978]  eta: 0:00:19    time: 0.0719  data: 0.0000  max mem: 2671
      Evaluation: [1800/1978]  eta: 0:00:12    time: 0.0719  data: 0.0000  max mem: 2671
      Evaluation: [1900/1978]  eta: 0:00:05    time: 0.0719  data: 0.0000  max mem: 2671
      Evaluation: [1977/1978]  eta: 0:00:00    time: 0.0719  data: 0.0000  max mem: 2671
      Evaluation: Total time: 0:02:22 (0.0719 s / it)
     Computing matching score time 0:02:22
### TTA ITM Score: 
+-------------------+--------+--------+--------+--------+--------+
|       epoch       |   R1   |   R5   |  R10   |  mAP   |  mINP  |
+-------------------+--------+--------+--------+--------+--------+
|  cos_sim_wo/norm  | 58.544 | 91.860 | 95.703 | 73.596 | 73.596 |
|        -999       | 69.414 | 95.197 | 97.776 | 81.233 | 81.233 |
| itm_score_wo/norm | 84.328 | 98.989 | 99.494 | 91.293 | 91.293 |
|        -999       | 84.277 | 99.039 | 99.596 | 91.276 | 91.276 |
|         0         | 84.631 | 98.938 | 99.596 | 91.416 | 91.416 |
|         1         | 84.429 | 98.736 | 99.494 | 91.274 | 91.274 |
|         2         | 84.681 | 98.584 | 99.343 | 91.325 | 91.325 |
|         4         | 84.429 | 98.635 | 99.393 | 91.128 | 91.128 |
|         9         | 84.328 | 98.231 | 99.292 | 91.041 | 91.041 |
|         14        | 84.176 | 98.129 | 99.191 | 90.914 | 90.914 |
|         19        | 83.670 | 98.079 | 99.141 | 90.594 | 90.594 |
+-------------------+--------+--------+--------+--------+--------+
     logs:  {'epo': 19, 'R1': np.float32(83.67), 'R5': np.float32(98.079), 'R10': np.float32(99.141), 'mAP': np.float32(90.594), 'mINP': np.float32(90.594), 'entropy': 0.031187, 'uncertainty': 1.0, 'uncertainty_coeffi': 1.0, 'loss': 0.031187, 'lr': 0.000786}
      TTA Epoch: [20] [ 0/61]  eta: 0:00:28  entropy: 0.0218  uncertainty: 1.0000  uncertainty_coeffi: 1.0000  loss: 0.0218  lr: 0.000776  time: 0.4635  data: 0.3521  max mem: 2671
      TTA Epoch: [20] [60/61]  eta: 0:00:00  entropy: 0.0066  uncertainty: 1.0000  uncertainty_coeffi: 1.0000  loss: 0.0066  lr: 0.000757  time: 0.0618  data: 0.0001  max mem: 2671
      TTA Epoch: [20] Total time: 0:00:04 (0.0694 s / it)
     Averaged stats: entropy: 0.0268  uncertainty: 1.0000  uncertainty_coeffi: 1.0000  loss: 0.0268  lr: 0.0008
     itm tta time 0:00:04
      TTA Epoch: [21] [ 0/61]  eta: 0:00:26  entropy: 0.0438  uncertainty: 1.0000  uncertainty_coeffi: 1.0000  loss: 0.0438  lr: 0.000757  time: 0.4327  data: 0.3503  max mem: 2671
      TTA Epoch: [21] [60/61]  eta: 0:00:00  entropy: 0.0012  uncertainty: 1.0000  uncertainty_coeffi: 1.0000  loss: 0.0012  lr: 0.000739  time: 0.0611  data: 0.0001  max mem: 2671
      TTA Epoch: [21] Total time: 0:00:04 (0.0678 s / it)
     Averaged stats: entropy: 0.0229  uncertainty: 1.0000  uncertainty_coeffi: 1.0000  loss: 0.0229  lr: 0.0007
     itm tta time 0:00:04
      TTA Epoch: [22] [ 0/61]  eta: 0:00:27  entropy: 0.0350  uncertainty: 1.0000  uncertainty_coeffi: 1.0000  loss: 0.0350  lr: 0.000738  time: 0.4584  data: 0.3573  max mem: 2671
      TTA Epoch: [22] [60/61]  eta: 0:00:00  entropy: 0.0194  uncertainty: 1.0000  uncertainty_coeffi: 1.0000  loss: 0.0194  lr: 0.000720  time: 0.0604  data: 0.0001  max mem: 2671
      TTA Epoch: [22] Total time: 0:00:04 (0.0674 s / it)
     Averaged stats: entropy: 0.0254  uncertainty: 1.0000  uncertainty_coeffi: 1.0000  loss: 0.0254  lr: 0.0007
     itm tta time 0:00:04
      TTA Epoch: [23] [ 0/61]  eta: 0:00:27  entropy: 0.0146  uncertainty: 1.0000  uncertainty_coeffi: 1.0000  loss: 0.0146  lr: 0.000719  time: 0.4513  data: 0.3537  max mem: 2671
      TTA Epoch: [23] [60/61]  eta: 0:00:00  entropy: 0.0182  uncertainty: 1.0000  uncertainty_coeffi: 1.0000  loss: 0.0182  lr: 0.000701  time: 0.0608  data: 0.0001  max mem: 2671
      TTA Epoch: [23] Total time: 0:00:04 (0.0677 s / it)
     Averaged stats: entropy: 0.0204  uncertainty: 1.0000  uncertainty_coeffi: 1.0000  loss: 0.0204  lr: 0.0007
     itm tta time 0:00:04
      TTA Epoch: [24] [ 0/61]  eta: 0:00:26  entropy: 0.0476  uncertainty: 1.0000  uncertainty_coeffi: 1.0000  loss: 0.0476  lr: 0.000700  time: 0.4341  data: 0.3519  max mem: 2671
      TTA Epoch: [24] [60/61]  eta: 0:00:00  entropy: 0.0293  uncertainty: 1.0000  uncertainty_coeffi: 1.0000  loss: 0.0293  lr: 0.000682  time: 0.0610  data: 0.0001  max mem: 2671
      TTA Epoch: [24] Total time: 0:00:04 (0.0674 s / it)
     Averaged stats: entropy: 0.0182  uncertainty: 1.0000  uncertainty_coeffi: 1.0000  loss: 0.0182  lr: 0.0007
     itm tta time 0:00:04
      TTA Epoch: [25] [ 0/61]  eta: 0:00:25  entropy: 0.0569  uncertainty: 1.0000  uncertainty_coeffi: 1.0000  loss: 0.0569  lr: 0.000681  time: 0.4138  data: 0.3471  max mem: 2671
      TTA Epoch: [25] [60/61]  eta: 0:00:00  entropy: 0.0009  uncertainty: 1.0000  uncertainty_coeffi: 1.0000  loss: 0.0009  lr: 0.000663  time: 0.0610  data: 0.0001  max mem: 2671
      TTA Epoch: [25] Total time: 0:00:04 (0.0671 s / it)
     Averaged stats: entropy: 0.0170  uncertainty: 1.0000  uncertainty_coeffi: 1.0000  loss: 0.0170  lr: 0.0007
     itm tta time 0:00:04
      TTA Epoch: [26] [ 0/61]  eta: 0:00:27  entropy: 0.0247  uncertainty: 1.0000  uncertainty_coeffi: 1.0000  loss: 0.0247  lr: 0.000662  time: 0.4435  data: 0.3545  max mem: 2671
      TTA Epoch: [26] [60/61]  eta: 0:00:00  entropy: 0.0095  uncertainty: 1.0000  uncertainty_coeffi: 1.0000  loss: 0.0095  lr: 0.000644  time: 0.0607  data: 0.0001  max mem: 2671
      TTA Epoch: [26] Total time: 0:00:04 (0.0675 s / it)
     Averaged stats: entropy: 0.0182  uncertainty: 1.0000  uncertainty_coeffi: 1.0000  loss: 0.0182  lr: 0.0007
     itm tta time 0:00:04
      TTA Epoch: [27] [ 0/61]  eta: 0:00:27  entropy: 0.0215  uncertainty: 1.0000  uncertainty_coeffi: 1.0000  loss: 0.0215  lr: 0.000643  time: 0.4484  data: 0.3590  max mem: 2671
      TTA Epoch: [27] [60/61]  eta: 0:00:00  entropy: 0.0147  uncertainty: 1.0000  uncertainty_coeffi: 1.0000  loss: 0.0147  lr: 0.000625  time: 0.0609  data: 0.0001  max mem: 2671
      TTA Epoch: [27] Total time: 0:00:04 (0.0678 s / it)
     Averaged stats: entropy: 0.0206  uncertainty: 1.0000  uncertainty_coeffi: 1.0000  loss: 0.0206  lr: 0.0006
     itm tta time 0:00:04
      TTA Epoch: [28] [ 0/61]  eta: 0:00:27  entropy: 0.0362  uncertainty: 1.0000  uncertainty_coeffi: 1.0000  loss: 0.0362  lr: 0.000625  time: 0.4539  data: 0.3671  max mem: 2671
      TTA Epoch: [28] [60/61]  eta: 0:00:00  entropy: 0.0216  uncertainty: 1.0000  uncertainty_coeffi: 1.0000  loss: 0.0216  lr: 0.000606  time: 0.0607  data: 0.0001  max mem: 2671
      TTA Epoch: [28] Total time: 0:00:04 (0.0678 s / it)
     Averaged stats: entropy: 0.0162  uncertainty: 1.0000  uncertainty_coeffi: 1.0000  loss: 0.0162  lr: 0.0006
     itm tta time 0:00:04
      TTA Epoch: [29] [ 0/61]  eta: 0:00:26  entropy: 0.0026  uncertainty: 1.0000  uncertainty_coeffi: 1.0000  loss: 0.0026  lr: 0.000606  time: 0.4404  data: 0.3611  max mem: 2671
      TTA Epoch: [29] [60/61]  eta: 0:00:00  entropy: 0.0087  uncertainty: 1.0000  uncertainty_coeffi: 1.0000  loss: 0.0087  lr: 0.000587  time: 0.0608  data: 0.0001  max mem: 2671
      TTA Epoch: [29] Total time: 0:00:04 (0.0673 s / it)
     Averaged stats: entropy: 0.0144  uncertainty: 1.0000  uncertainty_coeffi: 1.0000  loss: 0.0144  lr: 0.0006
     itm tta time 0:00:04
     Computing matching score
      Evaluation: [   0/1978]  eta: 0:02:32    time: 0.0772  data: 0.0039  max mem: 2671
      Evaluation: [ 100/1978]  eta: 0:02:14    time: 0.0716  data: 0.0000  max mem: 2671
      Evaluation: [ 200/1978]  eta: 0:02:07    time: 0.0716  data: 0.0000  max mem: 2671
      Evaluation: [ 300/1978]  eta: 0:02:00    time: 0.0715  data: 0.0000  max mem: 2671
      Evaluation: [ 400/1978]  eta: 0:01:52    time: 0.0716  data: 0.0000  max mem: 2671
      Evaluation: [ 500/1978]  eta: 0:01:45    time: 0.0713  data: 0.0000  max mem: 2671
      Evaluation: [ 600/1978]  eta: 0:01:38    time: 0.0712  data: 0.0000  max mem: 2671
      Evaluation: [ 700/1978]  eta: 0:01:31    time: 0.0713  data: 0.0000  max mem: 2671
      Evaluation: [ 800/1978]  eta: 0:01:24    time: 0.0716  data: 0.0000  max mem: 2671
      Evaluation: [ 900/1978]  eta: 0:01:17    time: 0.0714  data: 0.0000  max mem: 2671
      Evaluation: [1000/1978]  eta: 0:01:09    time: 0.0718  data: 0.0000  max mem: 2671
      Evaluation: [1100/1978]  eta: 0:01:02    time: 0.0716  data: 0.0000  max mem: 2671
      Evaluation: [1200/1978]  eta: 0:00:55    time: 0.0713  data: 0.0000  max mem: 2671
      Evaluation: [1300/1978]  eta: 0:00:48    time: 0.0714  data: 0.0000  max mem: 2671
      Evaluation: [1400/1978]  eta: 0:00:41    time: 0.0712  data: 0.0000  max mem: 2671
      Evaluation: [1500/1978]  eta: 0:00:34    time: 0.0715  data: 0.0000  max mem: 2671
      Evaluation: [1600/1978]  eta: 0:00:27    time: 0.0713  data: 0.0000  max mem: 2671
      Evaluation: [1700/1978]  eta: 0:00:19    time: 0.0718  data: 0.0000  max mem: 2671
      Evaluation: [1800/1978]  eta: 0:00:12    time: 0.0712  data: 0.0000  max mem: 2671
      Evaluation: [1900/1978]  eta: 0:00:05    time: 0.0712  data: 0.0000  max mem: 2671
      Evaluation: [1977/1978]  eta: 0:00:00    time: 0.0714  data: 0.0000  max mem: 2671
      Evaluation: Total time: 0:02:21 (0.0714 s / it)
     Computing matching score time 0:02:21
### TTA ITM Score: 
+-------------------+--------+--------+--------+--------+--------+
|       epoch       |   R1   |   R5   |  R10   |  mAP   |  mINP  |
+-------------------+--------+--------+--------+--------+--------+
|  cos_sim_wo/norm  | 58.544 | 91.860 | 95.703 | 73.596 | 73.596 |
|        -999       | 69.414 | 95.197 | 97.776 | 81.233 | 81.233 |
| itm_score_wo/norm | 84.328 | 98.989 | 99.494 | 91.293 | 91.293 |
|        -999       | 84.277 | 99.039 | 99.596 | 91.276 | 91.276 |
|         0         | 84.631 | 98.938 | 99.596 | 91.416 | 91.416 |
|         1         | 84.429 | 98.736 | 99.494 | 91.274 | 91.274 |
|         2         | 84.681 | 98.584 | 99.343 | 91.325 | 91.325 |
|         4         | 84.429 | 98.635 | 99.393 | 91.128 | 91.128 |
|         9         | 84.328 | 98.231 | 99.292 | 91.041 | 91.041 |
|         14        | 84.176 | 98.129 | 99.191 | 90.914 | 90.914 |
|         19        | 83.670 | 98.079 | 99.141 | 90.594 | 90.594 |
|         29        | 84.429 | 97.978 | 99.090 | 90.867 | 90.867 |
+-------------------+--------+--------+--------+--------+--------+
     logs:  {'epo': 29, 'R1': np.float32(84.429), 'R5': np.float32(97.978), 'R10': np.float32(99.09), 'mAP': np.float32(90.867), 'mINP': np.float32(90.867), 'entropy': 0.014367, 'uncertainty': 1.0, 'uncertainty_coeffi': 1.0, 'loss': 0.014367, 'lr': 0.000596}
      TTA Epoch: [30] [ 0/61]  eta: 0:00:25  entropy: 0.0208  uncertainty: 1.0000  uncertainty_coeffi: 1.0000  loss: 0.0208  lr: 0.000587  time: 0.4240  data: 0.3507  max mem: 2671
      TTA Epoch: [30] [60/61]  eta: 0:00:00  entropy: 0.0239  uncertainty: 1.0000  uncertainty_coeffi: 1.0000  loss: 0.0239  lr: 0.000568  time: 0.0608  data: 0.0001  max mem: 2671
      TTA Epoch: [30] Total time: 0:00:04 (0.0673 s / it)
     Averaged stats: entropy: 0.0160  uncertainty: 1.0000  uncertainty_coeffi: 1.0000  loss: 0.0160  lr: 0.0006
     itm tta time 0:00:04
      TTA Epoch: [31] [ 0/61]  eta: 0:00:26  entropy: 0.0141  uncertainty: 1.0000  uncertainty_coeffi: 1.0000  loss: 0.0141  lr: 0.000568  time: 0.4302  data: 0.3591  max mem: 2671
      TTA Epoch: [31] [60/61]  eta: 0:00:00  entropy: 0.0030  uncertainty: 1.0000  uncertainty_coeffi: 1.0000  loss: 0.0030  lr: 0.000549  time: 0.0610  data: 0.0001  max mem: 2671
      TTA Epoch: [31] Total time: 0:00:04 (0.0675 s / it)
     Averaged stats: entropy: 0.0151  uncertainty: 1.0000  uncertainty_coeffi: 1.0000  loss: 0.0151  lr: 0.0006
     itm tta time 0:00:04
      TTA Epoch: [32] [ 0/61]  eta: 0:00:26  entropy: 0.0045  uncertainty: 1.0000  uncertainty_coeffi: 1.0000  loss: 0.0045  lr: 0.000549  time: 0.4380  data: 0.3492  max mem: 2671
      TTA Epoch: [32] [60/61]  eta: 0:00:00  entropy: 0.0230  uncertainty: 1.0000  uncertainty_coeffi: 1.0000  loss: 0.0230  lr: 0.000265  time: 0.0609  data: 0.0001  max mem: 2671
      TTA Epoch: [32] Total time: 0:00:04 (0.0678 s / it)
     Averaged stats: entropy: 0.0157  uncertainty: 1.0000  uncertainty_coeffi: 1.0000  loss: 0.0157  lr: 0.0005
     itm tta time 0:00:04
      TTA Epoch: [33] [ 0/61]  eta: 0:00:31  entropy: 0.0011  uncertainty: 1.0000  uncertainty_coeffi: 1.0000  loss: 0.0011  lr: 0.000265  time: 0.5121  data: 0.4077  max mem: 2671
      TTA Epoch: [33] [60/61]  eta: 0:00:00  entropy: 0.0043  uncertainty: 1.0000  uncertainty_coeffi: 1.0000  loss: 0.0043  lr: 0.000256  time: 0.0609  data: 0.0001  max mem: 2671
      TTA Epoch: [33] Total time: 0:00:04 (0.0688 s / it)
     Averaged stats: entropy: 0.0164  uncertainty: 1.0000  uncertainty_coeffi: 1.0000  loss: 0.0164  lr: 0.0003
     itm tta time 0:00:04
      TTA Epoch: [34] [ 0/61]  eta: 0:00:26  entropy: 0.0043  uncertainty: 1.0000  uncertainty_coeffi: 1.0000  loss: 0.0043  lr: 0.000255  time: 0.4303  data: 0.3598  max mem: 2671
      TTA Epoch: [34] [60/61]  eta: 0:00:00  entropy: 0.0060  uncertainty: 1.0000  uncertainty_coeffi: 1.0000  loss: 0.0060  lr: 0.000246  time: 0.0607  data: 0.0001  max mem: 2671
      TTA Epoch: [34] Total time: 0:00:04 (0.0672 s / it)
     Averaged stats: entropy: 0.0138  uncertainty: 1.0000  uncertainty_coeffi: 1.0000  loss: 0.0138  lr: 0.0003
     itm tta time 0:00:04
      TTA Epoch: [35] [ 0/61]  eta: 0:00:27  entropy: 0.0455  uncertainty: 1.0000  uncertainty_coeffi: 1.0000  loss: 0.0455  lr: 0.000246  time: 0.4492  data: 0.3496  max mem: 2671
      TTA Epoch: [35] [60/61]  eta: 0:00:00  entropy: 0.0209  uncertainty: 1.0000  uncertainty_coeffi: 1.0000  loss: 0.0209  lr: 0.000237  time: 0.0609  data: 0.0001  max mem: 2671
      TTA Epoch: [35] Total time: 0:00:04 (0.0679 s / it)
     Averaged stats: entropy: 0.0125  uncertainty: 1.0000  uncertainty_coeffi: 1.0000  loss: 0.0125  lr: 0.0002
     itm tta time 0:00:04
      TTA Epoch: [36] [ 0/61]  eta: 0:00:26  entropy: 0.0003  uncertainty: 1.0000  uncertainty_coeffi: 1.0000  loss: 0.0003  lr: 0.000236  time: 0.4381  data: 0.3657  max mem: 2671
      TTA Epoch: [36] [60/61]  eta: 0:00:00  entropy: 0.0362  uncertainty: 1.0000  uncertainty_coeffi: 1.0000  loss: 0.0362  lr: 0.000227  time: 0.0608  data: 0.0001  max mem: 2671
      TTA Epoch: [36] Total time: 0:00:04 (0.0673 s / it)
     Averaged stats: entropy: 0.0125  uncertainty: 1.0000  uncertainty_coeffi: 1.0000  loss: 0.0125  lr: 0.0002
     itm tta time 0:00:04
      TTA Epoch: [37] [ 0/61]  eta: 0:00:33  entropy: 0.0038  uncertainty: 1.0000  uncertainty_coeffi: 1.0000  loss: 0.0038  lr: 0.000227  time: 0.5550  data: 0.4484  max mem: 2671
      TTA Epoch: [37] [60/61]  eta: 0:00:00  entropy: 0.0164  uncertainty: 1.0000  uncertainty_coeffi: 1.0000  loss: 0.0164  lr: 0.000218  time: 0.0608  data: 0.0001  max mem: 2671
      TTA Epoch: [37] Total time: 0:00:04 (0.0691 s / it)
     Averaged stats: entropy: 0.0119  uncertainty: 1.0000  uncertainty_coeffi: 1.0000  loss: 0.0119  lr: 0.0002
     itm tta time 0:00:04
      TTA Epoch: [38] [ 0/61]  eta: 0:00:26  entropy: 0.0198  uncertainty: 1.0000  uncertainty_coeffi: 1.0000  loss: 0.0198  lr: 0.000218  time: 0.4371  data: 0.3552  max mem: 2671
      TTA Epoch: [38] [60/61]  eta: 0:00:00  entropy: 0.0240  uncertainty: 1.0000  uncertainty_coeffi: 1.0000  loss: 0.0240  lr: 0.000208  time: 0.0613  data: 0.0001  max mem: 2671
      TTA Epoch: [38] Total time: 0:00:04 (0.0681 s / it)
     Averaged stats: entropy: 0.0160  uncertainty: 1.0000  uncertainty_coeffi: 1.0000  loss: 0.0160  lr: 0.0002
     itm tta time 0:00:04
      TTA Epoch: [39] [ 0/61]  eta: 0:00:25  entropy: 0.0304  uncertainty: 1.0000  uncertainty_coeffi: 1.0000  loss: 0.0304  lr: 0.000208  time: 0.4228  data: 0.3510  max mem: 2671
      TTA Epoch: [39] [60/61]  eta: 0:00:00  entropy: 0.0448  uncertainty: 1.0000  uncertainty_coeffi: 1.0000  loss: 0.0448  lr: 0.000199  time: 0.0609  data: 0.0001  max mem: 2671
      TTA Epoch: [39] Total time: 0:00:04 (0.0671 s / it)
     Averaged stats: entropy: 0.0149  uncertainty: 1.0000  uncertainty_coeffi: 1.0000  loss: 0.0149  lr: 0.0002
     itm tta time 0:00:04
     Computing matching score
      Evaluation: [   0/1978]  eta: 0:02:28    time: 0.0749  data: 0.0025  max mem: 2671
      Evaluation: [ 100/1978]  eta: 0:02:13    time: 0.0711  data: 0.0000  max mem: 2671
      Evaluation: [ 200/1978]  eta: 0:02:06    time: 0.0716  data: 0.0000  max mem: 2671
      Evaluation: [ 300/1978]  eta: 0:01:59    time: 0.0711  data: 0.0000  max mem: 2671
      Evaluation: [ 400/1978]  eta: 0:01:52    time: 0.0716  data: 0.0000  max mem: 2671
      Evaluation: [ 500/1978]  eta: 0:01:45    time: 0.0716  data: 0.0000  max mem: 2671
      Evaluation: [ 600/1978]  eta: 0:01:38    time: 0.0714  data: 0.0000  max mem: 2671
      Evaluation: [ 700/1978]  eta: 0:01:31    time: 0.0711  data: 0.0000  max mem: 2671
      Evaluation: [ 800/1978]  eta: 0:01:24    time: 0.0713  data: 0.0000  max mem: 2671
      Evaluation: [ 900/1978]  eta: 0:01:16    time: 0.0716  data: 0.0000  max mem: 2671
      Evaluation: [1000/1978]  eta: 0:01:09    time: 0.0714  data: 0.0000  max mem: 2671
      Evaluation: [1100/1978]  eta: 0:01:02    time: 0.0711  data: 0.0000  max mem: 2671
      Evaluation: [1200/1978]  eta: 0:00:55    time: 0.0714  data: 0.0000  max mem: 2671
      Evaluation: [1300/1978]  eta: 0:00:48    time: 0.0717  data: 0.0000  max mem: 2671
      Evaluation: [1400/1978]  eta: 0:00:41    time: 0.0714  data: 0.0000  max mem: 2671
      Evaluation: [1500/1978]  eta: 0:00:34    time: 0.0716  data: 0.0000  max mem: 2671
      Evaluation: [1600/1978]  eta: 0:00:26    time: 0.0716  data: 0.0000  max mem: 2671
      Evaluation: [1700/1978]  eta: 0:00:19    time: 0.0714  data: 0.0000  max mem: 2671
      Evaluation: [1800/1978]  eta: 0:00:12    time: 0.0717  data: 0.0000  max mem: 2671
      Evaluation: [1900/1978]  eta: 0:00:05    time: 0.0717  data: 0.0000  max mem: 2671
      Evaluation: [1977/1978]  eta: 0:00:00    time: 0.0720  data: 0.0000  max mem: 2671
      Evaluation: Total time: 0:02:21 (0.0715 s / it)
     Computing matching score time 0:02:21
### TTA ITM Score: 
+-------------------+--------+--------+--------+--------+--------+
|       epoch       |   R1   |   R5   |  R10   |  mAP   |  mINP  |
+-------------------+--------+--------+--------+--------+--------+
|  cos_sim_wo/norm  | 58.544 | 91.860 | 95.703 | 73.596 | 73.596 |
|        -999       | 69.414 | 95.197 | 97.776 | 81.233 | 81.233 |
| itm_score_wo/norm | 84.328 | 98.989 | 99.494 | 91.293 | 91.293 |
|        -999       | 84.277 | 99.039 | 99.596 | 91.276 | 91.276 |
|         0         | 84.631 | 98.938 | 99.596 | 91.416 | 91.416 |
|         1         | 84.429 | 98.736 | 99.494 | 91.274 | 91.274 |
|         2         | 84.681 | 98.584 | 99.343 | 91.325 | 91.325 |
|         4         | 84.429 | 98.635 | 99.393 | 91.128 | 91.128 |
|         9         | 84.328 | 98.231 | 99.292 | 91.041 | 91.041 |
|         14        | 84.176 | 98.129 | 99.191 | 90.914 | 90.914 |
|         19        | 83.670 | 98.079 | 99.141 | 90.594 | 90.594 |
|         29        | 84.429 | 97.978 | 99.090 | 90.867 | 90.867 |
|         39        | 84.580 | 97.978 | 99.090 | 90.900 | 90.900 |
+-------------------+--------+--------+--------+--------+--------+
     logs:  {'epo': 39, 'R1': np.float32(84.58), 'R5': np.float32(97.978), 'R10': np.float32(99.09), 'mAP': np.float32(90.9), 'mINP': np.float32(90.9), 'entropy': 0.014873, 'uncertainty': 1.0, 'uncertainty_coeffi': 1.0, 'loss': 0.014873, 'lr': 0.000203}
      TTA Epoch: [40] [ 0/61]  eta: 0:00:26  entropy: 0.0267  uncertainty: 1.0000  uncertainty_coeffi: 1.0000  loss: 0.0267  lr: 0.000199  time: 0.4295  data: 0.3485  max mem: 2671
      TTA Epoch: [40] [60/61]  eta: 0:00:00  entropy: 0.0385  uncertainty: 1.0000  uncertainty_coeffi: 1.0000  loss: 0.0385  lr: 0.000189  time: 0.0608  data: 0.0001  max mem: 2671
      TTA Epoch: [40] Total time: 0:00:04 (0.0672 s / it)
     Averaged stats: entropy: 0.0114  uncertainty: 1.0000  uncertainty_coeffi: 1.0000  loss: 0.0114  lr: 0.0002
     itm tta time 0:00:04
      TTA Epoch: [41] [ 0/61]  eta: 0:00:28  entropy: 0.0211  uncertainty: 1.0000  uncertainty_coeffi: 1.0000  loss: 0.0211  lr: 0.000189  time: 0.4713  data: 0.3652  max mem: 2671
      TTA Epoch: [41] [60/61]  eta: 0:00:00  entropy: 0.0321  uncertainty: 1.0000  uncertainty_coeffi: 1.0000  loss: 0.0321  lr: 0.000180  time: 0.0609  data: 0.0001  max mem: 2671
      TTA Epoch: [41] Total time: 0:00:04 (0.0679 s / it)
     Averaged stats: entropy: 0.0143  uncertainty: 1.0000  uncertainty_coeffi: 1.0000  loss: 0.0143  lr: 0.0002
     itm tta time 0:00:04
      TTA Epoch: [42] [ 0/61]  eta: 0:00:27  entropy: 0.0084  uncertainty: 1.0000  uncertainty_coeffi: 1.0000  loss: 0.0084  lr: 0.000180  time: 0.4586  data: 0.3707  max mem: 2671
      TTA Epoch: [42] [60/61]  eta: 0:00:00  entropy: 0.0159  uncertainty: 1.0000  uncertainty_coeffi: 1.0000  loss: 0.0159  lr: 0.000170  time: 0.0609  data: 0.0001  max mem: 2671
      TTA Epoch: [42] Total time: 0:00:04 (0.0678 s / it)
     Averaged stats: entropy: 0.0128  uncertainty: 1.0000  uncertainty_coeffi: 1.0000  loss: 0.0128  lr: 0.0002
     itm tta time 0:00:04
      TTA Epoch: [43] [ 0/61]  eta: 0:00:25  entropy: 0.0042  uncertainty: 1.0000  uncertainty_coeffi: 1.0000  loss: 0.0042  lr: 0.000170  time: 0.4239  data: 0.3553  max mem: 2671
      TTA Epoch: [43] [60/61]  eta: 0:00:00  entropy: 0.0003  uncertainty: 1.0000  uncertainty_coeffi: 1.0000  loss: 0.0003  lr: 0.000161  time: 0.0608  data: 0.0001  max mem: 2671
      TTA Epoch: [43] Total time: 0:00:04 (0.0671 s / it)
     Averaged stats: entropy: 0.0148  uncertainty: 1.0000  uncertainty_coeffi: 1.0000  loss: 0.0148  lr: 0.0002
     itm tta time 0:00:04
      TTA Epoch: [44] [ 0/61]  eta: 0:00:29  entropy: 0.0060  uncertainty: 1.0000  uncertainty_coeffi: 1.0000  loss: 0.0060  lr: 0.000161  time: 0.4774  data: 0.3659  max mem: 2671
      TTA Epoch: [44] [60/61]  eta: 0:00:00  entropy: 0.0014  uncertainty: 1.0000  uncertainty_coeffi: 1.0000  loss: 0.0014  lr: 0.000151  time: 0.0607  data: 0.0001  max mem: 2671
      TTA Epoch: [44] Total time: 0:00:04 (0.0682 s / it)
     Averaged stats: entropy: 0.0107  uncertainty: 1.0000  uncertainty_coeffi: 1.0000  loss: 0.0107  lr: 0.0002
     itm tta time 0:00:04
      TTA Epoch: [45] [ 0/61]  eta: 0:00:27  entropy: 0.0233  uncertainty: 1.0000  uncertainty_coeffi: 1.0000  loss: 0.0233  lr: 0.000151  time: 0.4511  data: 0.3721  max mem: 2671
      TTA Epoch: [45] [60/61]  eta: 0:00:00  entropy: 0.0386  uncertainty: 1.0000  uncertainty_coeffi: 1.0000  loss: 0.0386  lr: 0.000142  time: 0.0605  data: 0.0001  max mem: 2671
      TTA Epoch: [45] Total time: 0:00:04 (0.0674 s / it)
     Averaged stats: entropy: 0.0119  uncertainty: 1.0000  uncertainty_coeffi: 1.0000  loss: 0.0119  lr: 0.0001
     itm tta time 0:00:04
      TTA Epoch: [46] [ 0/61]  eta: 0:00:27  entropy: 0.0146  uncertainty: 1.0000  uncertainty_coeffi: 1.0000  loss: 0.0146  lr: 0.000142  time: 0.4496  data: 0.3677  max mem: 2671
      TTA Epoch: [46] [60/61]  eta: 0:00:00  entropy: 0.0063  uncertainty: 1.0000  uncertainty_coeffi: 1.0000  loss: 0.0063  lr: 0.000132  time: 0.0622  data: 0.0002  max mem: 2671
      TTA Epoch: [46] Total time: 0:00:04 (0.0688 s / it)
     Averaged stats: entropy: 0.0123  uncertainty: 1.0000  uncertainty_coeffi: 1.0000  loss: 0.0123  lr: 0.0001
     itm tta time 0:00:04
      TTA Epoch: [47] [ 0/61]  eta: 0:00:26  entropy: 0.0207  uncertainty: 1.0000  uncertainty_coeffi: 1.0000  loss: 0.0207  lr: 0.000132  time: 0.4311  data: 0.3507  max mem: 2671
      TTA Epoch: [47] [60/61]  eta: 0:00:00  entropy: 0.0112  uncertainty: 1.0000  uncertainty_coeffi: 1.0000  loss: 0.0112  lr: 0.000123  time: 0.0606  data: 0.0001  max mem: 2671
      TTA Epoch: [47] Total time: 0:00:04 (0.0672 s / it)
     Averaged stats: entropy: 0.0120  uncertainty: 1.0000  uncertainty_coeffi: 1.0000  loss: 0.0120  lr: 0.0001
     itm tta time 0:00:04
      TTA Epoch: [48] [ 0/61]  eta: 0:00:32  entropy: 0.0005  uncertainty: 1.0000  uncertainty_coeffi: 1.0000  loss: 0.0005  lr: 0.000123  time: 0.5301  data: 0.4272  max mem: 2671
      TTA Epoch: [48] [60/61]  eta: 0:00:00  entropy: 0.0356  uncertainty: 1.0000  uncertainty_coeffi: 1.0000  loss: 0.0356  lr: 0.000114  time: 0.0612  data: 0.0001  max mem: 2671
      TTA Epoch: [48] Total time: 0:00:04 (0.0690 s / it)
     Averaged stats: entropy: 0.0112  uncertainty: 1.0000  uncertainty_coeffi: 1.0000  loss: 0.0112  lr: 0.0001
     itm tta time 0:00:04
      TTA Epoch: [49] [ 0/61]  eta: 0:00:27  entropy: 0.0079  uncertainty: 1.0000  uncertainty_coeffi: 1.0000  loss: 0.0079  lr: 0.000113  time: 0.4465  data: 0.3494  max mem: 2671
      TTA Epoch: [49] [60/61]  eta: 0:00:00  entropy: 0.0001  uncertainty: 1.0000  uncertainty_coeffi: 1.0000  loss: 0.0001  lr: 0.000104  time: 0.0611  data: 0.0001  max mem: 2671
      TTA Epoch: [49] Total time: 0:00:04 (0.0678 s / it)
     Averaged stats: entropy: 0.0113  uncertainty: 1.0000  uncertainty_coeffi: 1.0000  loss: 0.0113  lr: 0.0001
     itm tta time 0:00:04
     Computing matching score
      Evaluation: [   0/1978]  eta: 0:02:32    time: 0.0770  data: 0.0024  max mem: 2671
      Evaluation: [ 100/1978]  eta: 0:02:14    time: 0.0715  data: 0.0000  max mem: 2671
      Evaluation: [ 200/1978]  eta: 0:02:07    time: 0.0717  data: 0.0000  max mem: 2671
      Evaluation: [ 300/1978]  eta: 0:02:00    time: 0.0719  data: 0.0000  max mem: 2671
      Evaluation: [ 400/1978]  eta: 0:01:53    time: 0.0714  data: 0.0000  max mem: 2671
      Evaluation: [ 500/1978]  eta: 0:01:45    time: 0.0711  data: 0.0000  max mem: 2671
      Evaluation: [ 600/1978]  eta: 0:01:38    time: 0.0710  data: 0.0000  max mem: 2671
      Evaluation: [ 700/1978]  eta: 0:01:31    time: 0.0713  data: 0.0000  max mem: 2671
      Evaluation: [ 800/1978]  eta: 0:01:24    time: 0.0712  data: 0.0000  max mem: 2671
      Evaluation: [ 900/1978]  eta: 0:01:16    time: 0.0711  data: 0.0000  max mem: 2671
      Evaluation: [1000/1978]  eta: 0:01:09    time: 0.0711  data: 0.0000  max mem: 2671
      Evaluation: [1100/1978]  eta: 0:01:02    time: 0.0712  data: 0.0000  max mem: 2671
      Evaluation: [1200/1978]  eta: 0:00:55    time: 0.0714  data: 0.0000  max mem: 2671
      Evaluation: [1300/1978]  eta: 0:00:48    time: 0.0726  data: 0.0000  max mem: 2671
      Evaluation: [1400/1978]  eta: 0:00:41    time: 0.0718  data: 0.0000  max mem: 2671
      Evaluation: [1500/1978]  eta: 0:00:34    time: 0.0716  data: 0.0000  max mem: 2671
      Evaluation: [1600/1978]  eta: 0:00:26    time: 0.0716  data: 0.0000  max mem: 2671
      Evaluation: [1700/1978]  eta: 0:00:19    time: 0.0715  data: 0.0000  max mem: 2671
      Evaluation: [1800/1978]  eta: 0:00:12    time: 0.0716  data: 0.0000  max mem: 2671
      Evaluation: [1900/1978]  eta: 0:00:05    time: 0.0717  data: 0.0000  max mem: 2671
      Evaluation: [1977/1978]  eta: 0:00:00    time: 0.0717  data: 0.0000  max mem: 2671
      Evaluation: Total time: 0:02:21 (0.0715 s / it)
     Computing matching score time 0:02:21
### TTA ITM Score: 
+-------------------+--------+--------+--------+--------+--------+
|       epoch       |   R1   |   R5   |  R10   |  mAP   |  mINP  |
+-------------------+--------+--------+--------+--------+--------+
|  cos_sim_wo/norm  | 58.544 | 91.860 | 95.703 | 73.596 | 73.596 |
|        -999       | 69.414 | 95.197 | 97.776 | 81.233 | 81.233 |
| itm_score_wo/norm | 84.328 | 98.989 | 99.494 | 91.293 | 91.293 |
|        -999       | 84.277 | 99.039 | 99.596 | 91.276 | 91.276 |
|         0         | 84.631 | 98.938 | 99.596 | 91.416 | 91.416 |
|         1         | 84.429 | 98.736 | 99.494 | 91.274 | 91.274 |
|         2         | 84.681 | 98.584 | 99.343 | 91.325 | 91.325 |
|         4         | 84.429 | 98.635 | 99.393 | 91.128 | 91.128 |
|         9         | 84.328 | 98.231 | 99.292 | 91.041 | 91.041 |
|         14        | 84.176 | 98.129 | 99.191 | 90.914 | 90.914 |
|         19        | 83.670 | 98.079 | 99.141 | 90.594 | 90.594 |
|         29        | 84.429 | 97.978 | 99.090 | 90.867 | 90.867 |
|         39        | 84.580 | 97.978 | 99.090 | 90.900 | 90.900 |
|         49        | 84.479 | 98.028 | 98.989 | 90.839 | 90.839 |
+-------------------+--------+--------+--------+--------+--------+
     logs:  {'epo': 49, 'R1': np.float32(84.479), 'R5': np.float32(98.028), 'R10': np.float32(98.989), 'mAP': np.float32(90.839), 'mINP': np.float32(90.839), 'entropy': 0.01128, 'uncertainty': 1.0, 'uncertainty_coeffi': 1.0, 'loss': 0.01128, 'lr': 0.000109}
      TTA Epoch: [50] [ 0/61]  eta: 0:00:25  entropy: 0.0081  uncertainty: 1.0000  uncertainty_coeffi: 1.0000  loss: 0.0081  lr: 0.000104  time: 0.4245  data: 0.3539  max mem: 2671
      TTA Epoch: [50] [60/61]  eta: 0:00:00  entropy: 0.0171  uncertainty: 1.0000  uncertainty_coeffi: 1.0000  loss: 0.0171  lr: 0.000095  time: 0.0607  data: 0.0001  max mem: 2671
      TTA Epoch: [50] Total time: 0:00:04 (0.0671 s / it)
     Averaged stats: entropy: 0.0128  uncertainty: 1.0000  uncertainty_coeffi: 1.0000  loss: 0.0128  lr: 0.0001
     itm tta time 0:00:04
      TTA Epoch: [51] [ 0/61]  eta: 0:00:27  entropy: 0.0049  uncertainty: 1.0000  uncertainty_coeffi: 1.0000  loss: 0.0049  lr: 0.000094  time: 0.4452  data: 0.3638  max mem: 2671
      TTA Epoch: [51] [60/61]  eta: 0:00:00  entropy: 0.0035  uncertainty: 1.0000  uncertainty_coeffi: 1.0000  loss: 0.0035  lr: 0.000085  time: 0.0608  data: 0.0001  max mem: 2671
      TTA Epoch: [51] Total time: 0:00:04 (0.0677 s / it)
     Averaged stats: entropy: 0.0110  uncertainty: 1.0000  uncertainty_coeffi: 1.0000  loss: 0.0110  lr: 0.0001
     itm tta time 0:00:04
      TTA Epoch: [52] [ 0/61]  eta: 0:00:27  entropy: 0.0003  uncertainty: 1.0000  uncertainty_coeffi: 1.0000  loss: 0.0003  lr: 0.000085  time: 0.4504  data: 0.3591  max mem: 2671
      TTA Epoch: [52] [60/61]  eta: 0:00:00  entropy: 0.0057  uncertainty: 1.0000  uncertainty_coeffi: 1.0000  loss: 0.0057  lr: 0.000076  time: 0.0610  data: 0.0001  max mem: 2671
      TTA Epoch: [52] Total time: 0:00:04 (0.0675 s / it)
     Averaged stats: entropy: 0.0114  uncertainty: 1.0000  uncertainty_coeffi: 1.0000  loss: 0.0114  lr: 0.0001
     itm tta time 0:00:04
      TTA Epoch: [53] [ 0/61]  eta: 0:00:25  entropy: 0.0102  uncertainty: 1.0000  uncertainty_coeffi: 1.0000  loss: 0.0102  lr: 0.000075  time: 0.4248  data: 0.3559  max mem: 2671
      TTA Epoch: [53] [60/61]  eta: 0:00:00  entropy: 0.0023  uncertainty: 1.0000  uncertainty_coeffi: 1.0000  loss: 0.0023  lr: 0.000066  time: 0.0609  data: 0.0001  max mem: 2671
      TTA Epoch: [53] Total time: 0:00:04 (0.0673 s / it)
     Averaged stats: entropy: 0.0121  uncertainty: 1.0000  uncertainty_coeffi: 1.0000  loss: 0.0121  lr: 0.0001
     itm tta time 0:00:04
      TTA Epoch: [54] [ 0/61]  eta: 0:00:27  entropy: 0.0018  uncertainty: 1.0000  uncertainty_coeffi: 1.0000  loss: 0.0018  lr: 0.000066  time: 0.4548  data: 0.3686  max mem: 2671
      TTA Epoch: [54] [60/61]  eta: 0:00:00  entropy: 0.0001  uncertainty: 1.0000  uncertainty_coeffi: 1.0000  loss: 0.0001  lr: 0.000057  time: 0.0598  data: 0.0001  max mem: 2671
      TTA Epoch: [54] Total time: 0:00:04 (0.0671 s / it)
     Averaged stats: entropy: 0.0109  uncertainty: 1.0000  uncertainty_coeffi: 1.0000  loss: 0.0109  lr: 0.0001
     itm tta time 0:00:04
      TTA Epoch: [55] [ 0/61]  eta: 0:00:32  entropy: 0.0084  uncertainty: 1.0000  uncertainty_coeffi: 1.0000  loss: 0.0084  lr: 0.000057  time: 0.5313  data: 0.4280  max mem: 2671
      TTA Epoch: [55] [60/61]  eta: 0:00:00  entropy: 0.0134  uncertainty: 1.0000  uncertainty_coeffi: 1.0000  loss: 0.0134  lr: 0.000047  time: 0.0608  data: 0.0001  max mem: 2671
      TTA Epoch: [55] Total time: 0:00:04 (0.0690 s / it)
     Averaged stats: entropy: 0.0108  uncertainty: 1.0000  uncertainty_coeffi: 1.0000  loss: 0.0108  lr: 0.0001
     itm tta time 0:00:04
      TTA Epoch: [56] [ 0/61]  eta: 0:00:25  entropy: 0.0003  uncertainty: 1.0000  uncertainty_coeffi: 1.0000  loss: 0.0003  lr: 0.000047  time: 0.4164  data: 0.3500  max mem: 2671
      TTA Epoch: [56] [60/61]  eta: 0:00:00  entropy: 0.0023  uncertainty: 1.0000  uncertainty_coeffi: 1.0000  loss: 0.0023  lr: 0.000038  time: 0.0607  data: 0.0001  max mem: 2671
      TTA Epoch: [56] Total time: 0:00:04 (0.0670 s / it)
     Averaged stats: entropy: 0.0087  uncertainty: 1.0000  uncertainty_coeffi: 1.0000  loss: 0.0087  lr: 0.0000
     itm tta time 0:00:04
      TTA Epoch: [57] [ 0/61]  eta: 0:00:25  entropy: 0.0152  uncertainty: 1.0000  uncertainty_coeffi: 1.0000  loss: 0.0152  lr: 0.000038  time: 0.4104  data: 0.3439  max mem: 2671
      TTA Epoch: [57] [60/61]  eta: 0:00:00  entropy: 0.0242  uncertainty: 1.0000  uncertainty_coeffi: 1.0000  loss: 0.0242  lr: 0.000011  time: 0.0609  data: 0.0001  max mem: 2671
      TTA Epoch: [57] Total time: 0:00:04 (0.0671 s / it)
     Averaged stats: entropy: 0.0113  uncertainty: 1.0000  uncertainty_coeffi: 1.0000  loss: 0.0113  lr: 0.0000
     itm tta time 0:00:04
      TTA Epoch: [58] [ 0/61]  eta: 0:00:26  entropy: 0.0028  uncertainty: 1.0000  uncertainty_coeffi: 1.0000  loss: 0.0028  lr: 0.000011  time: 0.4295  data: 0.3563  max mem: 2671
      TTA Epoch: [58] [60/61]  eta: 0:00:00  entropy: 0.0265  uncertainty: 1.0000  uncertainty_coeffi: 1.0000  loss: 0.0265  lr: 0.000008  time: 0.0609  data: 0.0001  max mem: 2671
      TTA Epoch: [58] Total time: 0:00:04 (0.0674 s / it)
     Averaged stats: entropy: 0.0124  uncertainty: 1.0000  uncertainty_coeffi: 1.0000  loss: 0.0124  lr: 0.0000
     itm tta time 0:00:04
      TTA Epoch: [59] [ 0/61]  eta: 0:00:28  entropy: 0.0041  uncertainty: 1.0000  uncertainty_coeffi: 1.0000  loss: 0.0041  lr: 0.000007  time: 0.4639  data: 0.3521  max mem: 2671
      TTA Epoch: [59] [60/61]  eta: 0:00:00  entropy: 0.0148  uncertainty: 1.0000  uncertainty_coeffi: 1.0000  loss: 0.0148  lr: 0.000004  time: 0.0607  data: 0.0001  max mem: 2671
      TTA Epoch: [59] Total time: 0:00:04 (0.0676 s / it)
     Averaged stats: entropy: 0.0111  uncertainty: 1.0000  uncertainty_coeffi: 1.0000  loss: 0.0111  lr: 0.0000
     itm tta time 0:00:04
     Computing matching score
      Evaluation: [   0/1978]  eta: 0:02:25    time: 0.0733  data: 0.0025  max mem: 2671
      Evaluation: [ 100/1978]  eta: 0:02:13    time: 0.0714  data: 0.0000  max mem: 2671
      Evaluation: [ 200/1978]  eta: 0:02:07    time: 0.0713  data: 0.0000  max mem: 2671
      Evaluation: [ 300/1978]  eta: 0:01:59    time: 0.0715  data: 0.0000  max mem: 2671
      Evaluation: [ 400/1978]  eta: 0:01:52    time: 0.0719  data: 0.0000  max mem: 2671
      Evaluation: [ 500/1978]  eta: 0:01:45    time: 0.0720  data: 0.0000  max mem: 2671
      Evaluation: [ 600/1978]  eta: 0:01:38    time: 0.0713  data: 0.0000  max mem: 2671
      Evaluation: [ 700/1978]  eta: 0:01:31    time: 0.0714  data: 0.0000  max mem: 2671
      Evaluation: [ 800/1978]  eta: 0:01:24    time: 0.0713  data: 0.0000  max mem: 2671
      Evaluation: [ 900/1978]  eta: 0:01:17    time: 0.0716  data: 0.0000  max mem: 2671
      Evaluation: [1000/1978]  eta: 0:01:09    time: 0.0713  data: 0.0000  max mem: 2671
      Evaluation: [1100/1978]  eta: 0:01:02    time: 0.0712  data: 0.0000  max mem: 2671
      Evaluation: [1200/1978]  eta: 0:00:55    time: 0.0713  data: 0.0000  max mem: 2671
      Evaluation: [1300/1978]  eta: 0:00:48    time: 0.0716  data: 0.0000  max mem: 2671
      Evaluation: [1400/1978]  eta: 0:00:41    time: 0.0715  data: 0.0000  max mem: 2671
      Evaluation: [1500/1978]  eta: 0:00:34    time: 0.0712  data: 0.0000  max mem: 2671
      Evaluation: [1600/1978]  eta: 0:00:27    time: 0.0716  data: 0.0000  max mem: 2671
      Evaluation: [1700/1978]  eta: 0:00:19    time: 0.0716  data: 0.0000  max mem: 2671
      Evaluation: [1800/1978]  eta: 0:00:12    time: 0.0714  data: 0.0000  max mem: 2671
      Evaluation: [1900/1978]  eta: 0:00:05    time: 0.0715  data: 0.0000  max mem: 2671
      Evaluation: [1977/1978]  eta: 0:00:00    time: 0.0717  data: 0.0000  max mem: 2671
      Evaluation: Total time: 0:02:21 (0.0715 s / it)
     Computing matching score time 0:02:21
### TTA ITM Score: 
+-------------------+--------+--------+--------+--------+--------+
|       epoch       |   R1   |   R5   |  R10   |  mAP   |  mINP  |
+-------------------+--------+--------+--------+--------+--------+
|  cos_sim_wo/norm  | 58.544 | 91.860 | 95.703 | 73.596 | 73.596 |
|        -999       | 69.414 | 95.197 | 97.776 | 81.233 | 81.233 |
| itm_score_wo/norm | 84.328 | 98.989 | 99.494 | 91.293 | 91.293 |
|        -999       | 84.277 | 99.039 | 99.596 | 91.276 | 91.276 |
|         0         | 84.631 | 98.938 | 99.596 | 91.416 | 91.416 |
|         1         | 84.429 | 98.736 | 99.494 | 91.274 | 91.274 |
|         2         | 84.681 | 98.584 | 99.343 | 91.325 | 91.325 |
|         4         | 84.429 | 98.635 | 99.393 | 91.128 | 91.128 |
|         9         | 84.328 | 98.231 | 99.292 | 91.041 | 91.041 |
|         14        | 84.176 | 98.129 | 99.191 | 90.914 | 90.914 |
|         19        | 83.670 | 98.079 | 99.141 | 90.594 | 90.594 |
|         29        | 84.429 | 97.978 | 99.090 | 90.867 | 90.867 |
|         39        | 84.580 | 97.978 | 99.090 | 90.900 | 90.900 |
|         49        | 84.479 | 98.028 | 98.989 | 90.839 | 90.839 |
|         59        | 84.479 | 98.180 | 99.039 | 90.847 | 90.847 |
+-------------------+--------+--------+--------+--------+--------+
     logs:  {'epo': 59, 'R1': np.float32(84.479), 'R5': np.float32(98.18), 'R10': np.float32(99.039), 'mAP': np.float32(90.847), 'mINP': np.float32(90.847), 'entropy': 0.011054, 'uncertainty': 1.0, 'uncertainty_coeffi': 1.0, 'loss': 0.011054, 'lr': 6e-06}
### best epoch: 2
### Time 0:30:18
NNODES,  1
NODE_RANK,  0
MASTER_ADDR,  127.0.0.1
MASTER_PORT,  1612
NPROC_PER_NODE,  2
task:  exp0.1
config:  configs_rerun3/exp0.1.yaml
output_dir:  output_rerun3/exp0.1/2025092022474
python3 tta.py --config configs_rerun3/exp0.1.yaml --task exp0.1 --output_dir output_rerun3/exp0.1/2025092022474 --checkpoint checkpoint/cmp.pth --bs 0 --epo 0 --lr 0.0 --seed 42 --tta
