/home/jiahao/miniconda3/envs/cmp/lib/python3.10/site-packages/torch/functional.py:554: UserWarning: torch.meshgrid: in an upcoming release, it will be required to pass the indexing argument. (Triggered internally at /pytorch/aten/src/ATen/native/TensorShape.cpp:4322.)
  return _VF.meshgrid(tensors, **kwargs)  # type: ignore[attr-defined]
Not using distributed mode
### Hyper-parameters:
     seed: 42
     device: cuda
     output_dir: output_rerun3/exp0.1.4/2025092100500
     batch_size_tta: 32
     epochs: 60
     lr: 1e-05
### Creating test dataset
from data/PAB/annotation/test/attr.json loading 1978 data
     test dataset -->    be_pose_img: True
     test_dataset: 1978
### Creating test dataloader
### be careful: func create_loader returns a list length of 1
     test_loader: 90
### Creating model
build_vision_encoder: load swin 224 x 224 ====>
missing_keys:  []
unexpected_keys:  ['head.weight', 'head.bias']
build_text_encoder: load bert ====>
missing_keys: ['bert.encoder.layer.10.crossattention.output.LayerNorm.bias', 'bert.encoder.layer.10.crossattention.output.LayerNorm.weight', 'bert.encoder.layer.10.crossattention.output.dense.bias', 'bert.encoder.layer.10.crossattention.output.dense.weight', 'bert.encoder.layer.10.crossattention.self.key.bias', 'bert.encoder.layer.10.crossattention.self.key.weight', 'bert.encoder.layer.10.crossattention.self.query.bias', 'bert.encoder.layer.10.crossattention.self.query.weight', 'bert.encoder.layer.10.crossattention.self.value.bias', 'bert.encoder.layer.10.crossattention.self.value.weight', 'bert.encoder.layer.11.crossattention.output.LayerNorm.bias', 'bert.encoder.layer.11.crossattention.output.LayerNorm.weight', 'bert.encoder.layer.11.crossattention.output.dense.bias', 'bert.encoder.layer.11.crossattention.output.dense.weight', 'bert.encoder.layer.11.crossattention.self.key.bias', 'bert.encoder.layer.11.crossattention.self.key.weight', 'bert.encoder.layer.11.crossattention.self.query.bias', 'bert.encoder.layer.11.crossattention.self.query.weight', 'bert.encoder.layer.11.crossattention.self.value.bias', 'bert.encoder.layer.11.crossattention.self.value.weight', 'bert.encoder.layer.6.crossattention.output.LayerNorm.bias', 'bert.encoder.layer.6.crossattention.output.LayerNorm.weight', 'bert.encoder.layer.6.crossattention.output.dense.bias', 'bert.encoder.layer.6.crossattention.output.dense.weight', 'bert.encoder.layer.6.crossattention.self.key.bias', 'bert.encoder.layer.6.crossattention.self.key.weight', 'bert.encoder.layer.6.crossattention.self.query.bias', 'bert.encoder.layer.6.crossattention.self.query.weight', 'bert.encoder.layer.6.crossattention.self.value.bias', 'bert.encoder.layer.6.crossattention.self.value.weight', 'bert.encoder.layer.7.crossattention.output.LayerNorm.bias', 'bert.encoder.layer.7.crossattention.output.LayerNorm.weight', 'bert.encoder.layer.7.crossattention.output.dense.bias', 'bert.encoder.layer.7.crossattention.output.dense.weight', 'bert.encoder.layer.7.crossattention.self.key.bias', 'bert.encoder.layer.7.crossattention.self.key.weight', 'bert.encoder.layer.7.crossattention.self.query.bias', 'bert.encoder.layer.7.crossattention.self.query.weight', 'bert.encoder.layer.7.crossattention.self.value.bias', 'bert.encoder.layer.7.crossattention.self.value.weight', 'bert.encoder.layer.8.crossattention.output.LayerNorm.bias', 'bert.encoder.layer.8.crossattention.output.LayerNorm.weight', 'bert.encoder.layer.8.crossattention.output.dense.bias', 'bert.encoder.layer.8.crossattention.output.dense.weight', 'bert.encoder.layer.8.crossattention.self.key.bias', 'bert.encoder.layer.8.crossattention.self.key.weight', 'bert.encoder.layer.8.crossattention.self.query.bias', 'bert.encoder.layer.8.crossattention.self.query.weight', 'bert.encoder.layer.8.crossattention.self.value.bias', 'bert.encoder.layer.8.crossattention.self.value.weight', 'bert.encoder.layer.9.crossattention.output.LayerNorm.bias', 'bert.encoder.layer.9.crossattention.output.LayerNorm.weight', 'bert.encoder.layer.9.crossattention.output.dense.bias', 'bert.encoder.layer.9.crossattention.output.dense.weight', 'bert.encoder.layer.9.crossattention.self.key.bias', 'bert.encoder.layer.9.crossattention.self.key.weight', 'bert.encoder.layer.9.crossattention.self.query.bias', 'bert.encoder.layer.9.crossattention.self.query.weight', 'bert.encoder.layer.9.crossattention.self.value.bias', 'bert.encoder.layer.9.crossattention.self.value.weight']
unexpected_keys: ['cls.seq_relationship.bias', 'cls.seq_relationship.weight']
mismatched_keys: []
error_msgs: []
Label Smooth: 0.2
pose_conv
load checkpoint from checkpoint/cmp.pth
missing_keys:  ['uncertainty_temper', 'prompt_learning_embedding']
unexpected_keys:  []
     Total Params Sum:  254264985
### Inference ITC similiarity matrix
### Zero-Shot Score: 
+-------------------+--------+--------+--------+--------+--------+
|       epoch       |   R1   |   R5   |  R10   |  mAP   |  mINP  |
+-------------------+--------+--------+--------+--------+--------+
|  cos_sim_wo/norm  | 58.544 | 91.860 | 95.703 | 73.596 | 73.596 |
|        -999       | 69.414 | 95.197 | 97.776 | 81.233 | 81.233 |
| itm_score_wo/norm | 84.328 | 98.989 | 99.494 | 91.293 | 91.293 |
|        -999       | 84.277 | 99.039 | 99.596 | 91.276 | 91.276 |
+-------------------+--------+--------+--------+--------+--------+
### TTA:
     preprocess_tta_coefficients  start
     sample selection ...
     number of sample after sample_selection: 1978
     uncertainty ...
     preprocess_tta_coefficients  end
### Creating tta dataset
     tta_dataset: 1978
### Creating tta dataloader
### be careful: func create_loader returns a list length of 1
     tta_loader: 61
### Configure adapted weights
     TTA Dropout Modules: 
 [('vision_encoder.pos_drop', Dropout(p=0, inplace=False), True), ('vision_encoder.layers.0.blocks.0.attn.attn_drop', Dropout(p=0.0, inplace=False), True), ('vision_encoder.layers.0.blocks.0.attn.proj_drop', Dropout(p=0, inplace=False), True), ('vision_encoder.layers.0.blocks.0.mlp.drop', Dropout(p=0, inplace=False), True), ('vision_encoder.layers.0.blocks.1.attn.attn_drop', Dropout(p=0.0, inplace=False), True), ('vision_encoder.layers.0.blocks.1.attn.proj_drop', Dropout(p=0, inplace=False), True), ('vision_encoder.layers.0.blocks.1.mlp.drop', Dropout(p=0, inplace=False), True), ('vision_encoder.layers.1.blocks.0.attn.attn_drop', Dropout(p=0.0, inplace=False), True), ('vision_encoder.layers.1.blocks.0.attn.proj_drop', Dropout(p=0, inplace=False), True), ('vision_encoder.layers.1.blocks.0.mlp.drop', Dropout(p=0, inplace=False), True), ('vision_encoder.layers.1.blocks.1.attn.attn_drop', Dropout(p=0.0, inplace=False), True), ('vision_encoder.layers.1.blocks.1.attn.proj_drop', Dropout(p=0, inplace=False), True), ('vision_encoder.layers.1.blocks.1.mlp.drop', Dropout(p=0, inplace=False), True), ('vision_encoder.layers.2.blocks.0.attn.attn_drop', Dropout(p=0.0, inplace=False), True), ('vision_encoder.layers.2.blocks.0.attn.proj_drop', Dropout(p=0, inplace=False), True), ('vision_encoder.layers.2.blocks.0.mlp.drop', Dropout(p=0, inplace=False), True), ('vision_encoder.layers.2.blocks.1.attn.attn_drop', Dropout(p=0.0, inplace=False), True), ('vision_encoder.layers.2.blocks.1.attn.proj_drop', Dropout(p=0, inplace=False), True), ('vision_encoder.layers.2.blocks.1.mlp.drop', Dropout(p=0, inplace=False), True), ('vision_encoder.layers.2.blocks.2.attn.attn_drop', Dropout(p=0.0, inplace=False), True), ('vision_encoder.layers.2.blocks.2.attn.proj_drop', Dropout(p=0, inplace=False), True), ('vision_encoder.layers.2.blocks.2.mlp.drop', Dropout(p=0, inplace=False), True), ('vision_encoder.layers.2.blocks.3.attn.attn_drop', Dropout(p=0.0, inplace=False), True), ('vision_encoder.layers.2.blocks.3.attn.proj_drop', Dropout(p=0, inplace=False), True), ('vision_encoder.layers.2.blocks.3.mlp.drop', Dropout(p=0, inplace=False), True), ('vision_encoder.layers.2.blocks.4.attn.attn_drop', Dropout(p=0.0, inplace=False), True), ('vision_encoder.layers.2.blocks.4.attn.proj_drop', Dropout(p=0, inplace=False), True), ('vision_encoder.layers.2.blocks.4.mlp.drop', Dropout(p=0, inplace=False), True), ('vision_encoder.layers.2.blocks.5.attn.attn_drop', Dropout(p=0.0, inplace=False), True), ('vision_encoder.layers.2.blocks.5.attn.proj_drop', Dropout(p=0, inplace=False), True), ('vision_encoder.layers.2.blocks.5.mlp.drop', Dropout(p=0, inplace=False), True), ('vision_encoder.layers.2.blocks.6.attn.attn_drop', Dropout(p=0.0, inplace=False), True), ('vision_encoder.layers.2.blocks.6.attn.proj_drop', Dropout(p=0, inplace=False), True), ('vision_encoder.layers.2.blocks.6.mlp.drop', Dropout(p=0, inplace=False), True), ('vision_encoder.layers.2.blocks.7.attn.attn_drop', Dropout(p=0.0, inplace=False), True), ('vision_encoder.layers.2.blocks.7.attn.proj_drop', Dropout(p=0, inplace=False), True), ('vision_encoder.layers.2.blocks.7.mlp.drop', Dropout(p=0, inplace=False), True), ('vision_encoder.layers.2.blocks.8.attn.attn_drop', Dropout(p=0.0, inplace=False), True), ('vision_encoder.layers.2.blocks.8.attn.proj_drop', Dropout(p=0, inplace=False), True), ('vision_encoder.layers.2.blocks.8.mlp.drop', Dropout(p=0, inplace=False), True), ('vision_encoder.layers.2.blocks.9.attn.attn_drop', Dropout(p=0.0, inplace=False), True), ('vision_encoder.layers.2.blocks.9.attn.proj_drop', Dropout(p=0, inplace=False), True), ('vision_encoder.layers.2.blocks.9.mlp.drop', Dropout(p=0, inplace=False), True), ('vision_encoder.layers.2.blocks.10.attn.attn_drop', Dropout(p=0.0, inplace=False), True), ('vision_encoder.layers.2.blocks.10.attn.proj_drop', Dropout(p=0, inplace=False), True), ('vision_encoder.layers.2.blocks.10.mlp.drop', Dropout(p=0, inplace=False), True), ('vision_encoder.layers.2.blocks.11.attn.attn_drop', Dropout(p=0.0, inplace=False), True), ('vision_encoder.layers.2.blocks.11.attn.proj_drop', Dropout(p=0, inplace=False), True), ('vision_encoder.layers.2.blocks.11.mlp.drop', Dropout(p=0, inplace=False), True), ('vision_encoder.layers.2.blocks.12.attn.attn_drop', Dropout(p=0.0, inplace=False), True), ('vision_encoder.layers.2.blocks.12.attn.proj_drop', Dropout(p=0, inplace=False), True), ('vision_encoder.layers.2.blocks.12.mlp.drop', Dropout(p=0, inplace=False), True), ('vision_encoder.layers.2.blocks.13.attn.attn_drop', Dropout(p=0.0, inplace=False), True), ('vision_encoder.layers.2.blocks.13.attn.proj_drop', Dropout(p=0, inplace=False), True), ('vision_encoder.layers.2.blocks.13.mlp.drop', Dropout(p=0, inplace=False), True), ('vision_encoder.layers.2.blocks.14.attn.attn_drop', Dropout(p=0.0, inplace=False), True), ('vision_encoder.layers.2.blocks.14.attn.proj_drop', Dropout(p=0, inplace=False), True), ('vision_encoder.layers.2.blocks.14.mlp.drop', Dropout(p=0, inplace=False), True), ('vision_encoder.layers.2.blocks.15.attn.attn_drop', Dropout(p=0.0, inplace=False), True), ('vision_encoder.layers.2.blocks.15.attn.proj_drop', Dropout(p=0, inplace=False), True), ('vision_encoder.layers.2.blocks.15.mlp.drop', Dropout(p=0, inplace=False), True), ('vision_encoder.layers.2.blocks.16.attn.attn_drop', Dropout(p=0.0, inplace=False), True), ('vision_encoder.layers.2.blocks.16.attn.proj_drop', Dropout(p=0, inplace=False), True), ('vision_encoder.layers.2.blocks.16.mlp.drop', Dropout(p=0, inplace=False), True), ('vision_encoder.layers.2.blocks.17.attn.attn_drop', Dropout(p=0.0, inplace=False), True), ('vision_encoder.layers.2.blocks.17.attn.proj_drop', Dropout(p=0, inplace=False), True), ('vision_encoder.layers.2.blocks.17.mlp.drop', Dropout(p=0, inplace=False), True), ('vision_encoder.layers.3.blocks.0.attn.attn_drop', Dropout(p=0.0, inplace=False), True), ('vision_encoder.layers.3.blocks.0.attn.proj_drop', Dropout(p=0, inplace=False), True), ('vision_encoder.layers.3.blocks.0.mlp.drop', Dropout(p=0, inplace=False), True), ('vision_encoder.layers.3.blocks.1.attn.attn_drop', Dropout(p=0.0, inplace=False), True), ('vision_encoder.layers.3.blocks.1.attn.proj_drop', Dropout(p=0, inplace=False), True), ('vision_encoder.layers.3.blocks.1.mlp.drop', Dropout(p=0, inplace=False), True), ('text_encoder.bert.embeddings.dropout', Dropout(p=0.1, inplace=False), True), ('text_encoder.bert.encoder.layer.0.attention.self.dropout', Dropout(p=0.1, inplace=False), True), ('text_encoder.bert.encoder.layer.0.attention.output.dropout', Dropout(p=0.1, inplace=False), True), ('text_encoder.bert.encoder.layer.0.output.dropout', Dropout(p=0.1, inplace=False), True), ('text_encoder.bert.encoder.layer.1.attention.self.dropout', Dropout(p=0.1, inplace=False), True), ('text_encoder.bert.encoder.layer.1.attention.output.dropout', Dropout(p=0.1, inplace=False), True), ('text_encoder.bert.encoder.layer.1.output.dropout', Dropout(p=0.1, inplace=False), True), ('text_encoder.bert.encoder.layer.2.attention.self.dropout', Dropout(p=0.1, inplace=False), True), ('text_encoder.bert.encoder.layer.2.attention.output.dropout', Dropout(p=0.1, inplace=False), True), ('text_encoder.bert.encoder.layer.2.output.dropout', Dropout(p=0.1, inplace=False), True), ('text_encoder.bert.encoder.layer.3.attention.self.dropout', Dropout(p=0.1, inplace=False), True), ('text_encoder.bert.encoder.layer.3.attention.output.dropout', Dropout(p=0.1, inplace=False), True), ('text_encoder.bert.encoder.layer.3.output.dropout', Dropout(p=0.1, inplace=False), True), ('text_encoder.bert.encoder.layer.4.attention.self.dropout', Dropout(p=0.1, inplace=False), True), ('text_encoder.bert.encoder.layer.4.attention.output.dropout', Dropout(p=0.1, inplace=False), True), ('text_encoder.bert.encoder.layer.4.output.dropout', Dropout(p=0.1, inplace=False), True), ('text_encoder.bert.encoder.layer.5.attention.self.dropout', Dropout(p=0.1, inplace=False), True), ('text_encoder.bert.encoder.layer.5.attention.output.dropout', Dropout(p=0.1, inplace=False), True), ('text_encoder.bert.encoder.layer.5.output.dropout', Dropout(p=0.1, inplace=False), True), ('text_encoder.bert.encoder.layer.6.attention.self.dropout', Dropout(p=0.1, inplace=False), True), ('text_encoder.bert.encoder.layer.6.attention.output.dropout', Dropout(p=0.1, inplace=False), True), ('text_encoder.bert.encoder.layer.6.crossattention.self.dropout', Dropout(p=0.1, inplace=False), True), ('text_encoder.bert.encoder.layer.6.crossattention.output.dropout', Dropout(p=0.1, inplace=False), True), ('text_encoder.bert.encoder.layer.6.output.dropout', Dropout(p=0.1, inplace=False), True), ('text_encoder.bert.encoder.layer.7.attention.self.dropout', Dropout(p=0.1, inplace=False), True), ('text_encoder.bert.encoder.layer.7.attention.output.dropout', Dropout(p=0.1, inplace=False), True), ('text_encoder.bert.encoder.layer.7.crossattention.self.dropout', Dropout(p=0.1, inplace=False), True), ('text_encoder.bert.encoder.layer.7.crossattention.output.dropout', Dropout(p=0.1, inplace=False), True), ('text_encoder.bert.encoder.layer.7.output.dropout', Dropout(p=0.1, inplace=False), True), ('text_encoder.bert.encoder.layer.8.attention.self.dropout', Dropout(p=0.1, inplace=False), True), ('text_encoder.bert.encoder.layer.8.attention.output.dropout', Dropout(p=0.1, inplace=False), True), ('text_encoder.bert.encoder.layer.8.crossattention.self.dropout', Dropout(p=0.1, inplace=False), True), ('text_encoder.bert.encoder.layer.8.crossattention.output.dropout', Dropout(p=0.1, inplace=False), True), ('text_encoder.bert.encoder.layer.8.output.dropout', Dropout(p=0.1, inplace=False), True), ('text_encoder.bert.encoder.layer.9.attention.self.dropout', Dropout(p=0.1, inplace=False), True), ('text_encoder.bert.encoder.layer.9.attention.output.dropout', Dropout(p=0.1, inplace=False), True), ('text_encoder.bert.encoder.layer.9.crossattention.self.dropout', Dropout(p=0.1, inplace=False), True), ('text_encoder.bert.encoder.layer.9.crossattention.output.dropout', Dropout(p=0.1, inplace=False), True), ('text_encoder.bert.encoder.layer.9.output.dropout', Dropout(p=0.1, inplace=False), True), ('text_encoder.bert.encoder.layer.10.attention.self.dropout', Dropout(p=0.1, inplace=False), True), ('text_encoder.bert.encoder.layer.10.attention.output.dropout', Dropout(p=0.1, inplace=False), True), ('text_encoder.bert.encoder.layer.10.crossattention.self.dropout', Dropout(p=0.1, inplace=False), True), ('text_encoder.bert.encoder.layer.10.crossattention.output.dropout', Dropout(p=0.1, inplace=False), True), ('text_encoder.bert.encoder.layer.10.output.dropout', Dropout(p=0.1, inplace=False), True), ('text_encoder.bert.encoder.layer.11.attention.self.dropout', Dropout(p=0.1, inplace=False), True), ('text_encoder.bert.encoder.layer.11.attention.output.dropout', Dropout(p=0.1, inplace=False), True), ('text_encoder.bert.encoder.layer.11.crossattention.self.dropout', Dropout(p=0.1, inplace=False), True), ('text_encoder.bert.encoder.layer.11.crossattention.output.dropout', Dropout(p=0.1, inplace=False), True), ('text_encoder.bert.encoder.layer.11.output.dropout', Dropout(p=0.1, inplace=False), True), ('vision_proj.1', Dropout(p=0.5, inplace=False), True), ('text_proj.1', Dropout(p=0.5, inplace=False), True), ('pose_block.attn.attn_drop', Dropout(p=0.0, inplace=False), True), ('pose_block.attn.proj_drop', Dropout(p=0.0, inplace=False), True)]
     TTA Require Gradient Params: 
 [('text_encoder.bert.embeddings.LayerNorm.weight', torch.Size([768])), ('text_encoder.bert.embeddings.LayerNorm.bias', torch.Size([768])), ('text_encoder.bert.encoder.layer.6.attention.output.LayerNorm.weight', torch.Size([768])), ('text_encoder.bert.encoder.layer.6.attention.output.LayerNorm.bias', torch.Size([768])), ('text_encoder.bert.encoder.layer.6.crossattention.output.LayerNorm.weight', torch.Size([768])), ('text_encoder.bert.encoder.layer.6.crossattention.output.LayerNorm.bias', torch.Size([768])), ('text_encoder.bert.encoder.layer.6.output.LayerNorm.weight', torch.Size([768])), ('text_encoder.bert.encoder.layer.6.output.LayerNorm.bias', torch.Size([768])), ('text_encoder.bert.encoder.layer.7.attention.output.LayerNorm.weight', torch.Size([768])), ('text_encoder.bert.encoder.layer.7.attention.output.LayerNorm.bias', torch.Size([768])), ('text_encoder.bert.encoder.layer.7.crossattention.output.LayerNorm.weight', torch.Size([768])), ('text_encoder.bert.encoder.layer.7.crossattention.output.LayerNorm.bias', torch.Size([768])), ('text_encoder.bert.encoder.layer.7.output.LayerNorm.weight', torch.Size([768])), ('text_encoder.bert.encoder.layer.7.output.LayerNorm.bias', torch.Size([768])), ('text_encoder.bert.encoder.layer.8.attention.output.LayerNorm.weight', torch.Size([768])), ('text_encoder.bert.encoder.layer.8.attention.output.LayerNorm.bias', torch.Size([768])), ('text_encoder.bert.encoder.layer.8.crossattention.output.LayerNorm.weight', torch.Size([768])), ('text_encoder.bert.encoder.layer.8.crossattention.output.LayerNorm.bias', torch.Size([768])), ('text_encoder.bert.encoder.layer.8.output.LayerNorm.weight', torch.Size([768])), ('text_encoder.bert.encoder.layer.8.output.LayerNorm.bias', torch.Size([768])), ('text_encoder.bert.encoder.layer.9.attention.output.LayerNorm.weight', torch.Size([768])), ('text_encoder.bert.encoder.layer.9.attention.output.LayerNorm.bias', torch.Size([768])), ('text_encoder.bert.encoder.layer.9.crossattention.output.LayerNorm.weight', torch.Size([768])), ('text_encoder.bert.encoder.layer.9.crossattention.output.LayerNorm.bias', torch.Size([768])), ('text_encoder.bert.encoder.layer.9.output.LayerNorm.weight', torch.Size([768])), ('text_encoder.bert.encoder.layer.9.output.LayerNorm.bias', torch.Size([768])), ('text_encoder.bert.encoder.layer.10.attention.output.LayerNorm.weight', torch.Size([768])), ('text_encoder.bert.encoder.layer.10.attention.output.LayerNorm.bias', torch.Size([768])), ('text_encoder.bert.encoder.layer.10.crossattention.output.LayerNorm.weight', torch.Size([768])), ('text_encoder.bert.encoder.layer.10.crossattention.output.LayerNorm.bias', torch.Size([768])), ('text_encoder.bert.encoder.layer.10.output.LayerNorm.weight', torch.Size([768])), ('text_encoder.bert.encoder.layer.10.output.LayerNorm.bias', torch.Size([768])), ('text_encoder.bert.encoder.layer.11.attention.output.LayerNorm.weight', torch.Size([768])), ('text_encoder.bert.encoder.layer.11.attention.output.LayerNorm.bias', torch.Size([768])), ('text_encoder.bert.encoder.layer.11.crossattention.output.LayerNorm.weight', torch.Size([768])), ('text_encoder.bert.encoder.layer.11.crossattention.output.LayerNorm.bias', torch.Size([768])), ('text_encoder.bert.encoder.layer.11.output.LayerNorm.weight', torch.Size([768])), ('text_encoder.bert.encoder.layer.11.output.LayerNorm.bias', torch.Size([768])), ('text_encoder.cls.predictions.transform.LayerNorm.weight', torch.Size([768])), ('text_encoder.cls.predictions.transform.LayerNorm.bias', torch.Size([768])), ('itm_head.1.weight', torch.Size([1536])), ('itm_head.1.bias', torch.Size([1536]))]
     TTA Dropout Modules Number: 
 126
     TTA Require Gradient Params Sum: 
 33792
     lr:  1e-05    lr_mult:  2
     model has 'init_params',  386
     num_tta_steps:  3720
     num_warmup_steps:  500
     sched: step
/home/jiahao/task/CMP/tta.py:246: FutureWarning: `torch.cuda.amp.GradScaler(args...)` is deprecated. Please use `torch.amp.GradScaler('cuda', args...)` instead.
  scaler = GradScaler()  # bf16
### Start ITM Test Time Adaptation
      TTA Epoch: [0] [ 0/61]  eta: 0:01:03  entropy: 0.3759  uncertainty: 1.0000  uncertainty_coeffi: 1.0000  loss: 0.3759  lr: 0.000000  time: 1.0481  data: 0.4605  max mem: 2639
      TTA Epoch: [0] [60/61]  eta: 0:00:00  entropy: 0.3065  uncertainty: 1.0000  uncertainty_coeffi: 1.0000  loss: 0.3065  lr: 0.000001  time: 0.0605  data: 0.0001  max mem: 2671
      TTA Epoch: [0] Total time: 0:00:04 (0.0771 s / it)
     Averaged stats: entropy: 0.3528  uncertainty: 1.0000  uncertainty_coeffi: 1.0000  loss: 0.3528  lr: 0.0000
     itm tta time 0:00:04
     Computing matching score
      Evaluation: [   0/1978]  eta: 0:04:34    time: 0.1389  data: 0.0035  max mem: 2671
      Evaluation: [ 100/1978]  eta: 0:02:18    time: 0.0723  data: 0.0000  max mem: 2671
      Evaluation: [ 200/1978]  eta: 0:02:09    time: 0.0725  data: 0.0000  max mem: 2671
      Evaluation: [ 300/1978]  eta: 0:02:01    time: 0.0717  data: 0.0000  max mem: 2671
      Evaluation: [ 400/1978]  eta: 0:01:54    time: 0.0715  data: 0.0000  max mem: 2671
      Evaluation: [ 500/1978]  eta: 0:01:46    time: 0.0717  data: 0.0000  max mem: 2671
      Evaluation: [ 600/1978]  eta: 0:01:39    time: 0.0722  data: 0.0000  max mem: 2671
      Evaluation: [ 700/1978]  eta: 0:01:32    time: 0.0719  data: 0.0000  max mem: 2671
      Evaluation: [ 800/1978]  eta: 0:01:25    time: 0.0725  data: 0.0000  max mem: 2671
      Evaluation: [ 900/1978]  eta: 0:01:17    time: 0.0730  data: 0.0000  max mem: 2671
      Evaluation: [1000/1978]  eta: 0:01:10    time: 0.0718  data: 0.0000  max mem: 2671
      Evaluation: [1100/1978]  eta: 0:01:03    time: 0.0715  data: 0.0000  max mem: 2671
      Evaluation: [1200/1978]  eta: 0:00:56    time: 0.0717  data: 0.0000  max mem: 2671
      Evaluation: [1300/1978]  eta: 0:00:48    time: 0.0718  data: 0.0000  max mem: 2671
      Evaluation: [1400/1978]  eta: 0:00:41    time: 0.0718  data: 0.0000  max mem: 2671
      Evaluation: [1500/1978]  eta: 0:00:34    time: 0.0721  data: 0.0000  max mem: 2671
      Evaluation: [1600/1978]  eta: 0:00:27    time: 0.0718  data: 0.0000  max mem: 2671
      Evaluation: [1700/1978]  eta: 0:00:20    time: 0.0718  data: 0.0000  max mem: 2671
      Evaluation: [1800/1978]  eta: 0:00:12    time: 0.0719  data: 0.0000  max mem: 2671
      Evaluation: [1900/1978]  eta: 0:00:05    time: 0.0718  data: 0.0000  max mem: 2671
      Evaluation: [1977/1978]  eta: 0:00:00    time: 0.0738  data: 0.0000  max mem: 2671
      Evaluation: Total time: 0:02:22 (0.0721 s / it)
     Computing matching score time 0:02:22
### TTA ITM Score: 
+-------------------+--------+--------+--------+--------+--------+
|       epoch       |   R1   |   R5   |  R10   |  mAP   |  mINP  |
+-------------------+--------+--------+--------+--------+--------+
|  cos_sim_wo/norm  | 58.544 | 91.860 | 95.703 | 73.596 | 73.596 |
|        -999       | 69.414 | 95.197 | 97.776 | 81.233 | 81.233 |
| itm_score_wo/norm | 84.328 | 98.989 | 99.494 | 91.293 | 91.293 |
|        -999       | 84.277 | 99.039 | 99.596 | 91.276 | 91.276 |
|         0         | 84.328 | 99.039 | 99.596 | 91.301 | 91.301 |
+-------------------+--------+--------+--------+--------+--------+
     logs:  {'epo': 0, 'R1': np.float32(84.328), 'R5': np.float32(99.039), 'R10': np.float32(99.596), 'mAP': np.float32(91.301), 'mINP': np.float32(91.301), 'entropy': 0.352752, 'uncertainty': 1.0, 'uncertainty_coeffi': 1.0, 'loss': 0.352752, 'lr': 1e-06}
      TTA Epoch: [1] [ 0/61]  eta: 0:00:26  entropy: 0.2746  uncertainty: 1.0000  uncertainty_coeffi: 1.0000  loss: 0.2746  lr: 0.000001  time: 0.4387  data: 0.3521  max mem: 2671
      TTA Epoch: [1] [60/61]  eta: 0:00:00  entropy: 0.3034  uncertainty: 1.0000  uncertainty_coeffi: 1.0000  loss: 0.3034  lr: 0.000002  time: 0.0611  data: 0.0001  max mem: 2671
      TTA Epoch: [1] Total time: 0:00:04 (0.0677 s / it)
     Averaged stats: entropy: 0.3521  uncertainty: 1.0000  uncertainty_coeffi: 1.0000  loss: 0.3521  lr: 0.0000
     itm tta time 0:00:04
     Computing matching score
      Evaluation: [   0/1978]  eta: 0:02:26    time: 0.0742  data: 0.0023  max mem: 2671
      Evaluation: [ 100/1978]  eta: 0:02:15    time: 0.0720  data: 0.0000  max mem: 2671
      Evaluation: [ 200/1978]  eta: 0:02:08    time: 0.0725  data: 0.0000  max mem: 2671
      Evaluation: [ 300/1978]  eta: 0:02:01    time: 0.0718  data: 0.0000  max mem: 2671
      Evaluation: [ 400/1978]  eta: 0:01:53    time: 0.0719  data: 0.0000  max mem: 2671
      Evaluation: [ 500/1978]  eta: 0:01:46    time: 0.0727  data: 0.0000  max mem: 2671
      Evaluation: [ 600/1978]  eta: 0:01:39    time: 0.0718  data: 0.0000  max mem: 2671
      Evaluation: [ 700/1978]  eta: 0:01:32    time: 0.0720  data: 0.0000  max mem: 2671
      Evaluation: [ 800/1978]  eta: 0:01:24    time: 0.0718  data: 0.0000  max mem: 2671
      Evaluation: [ 900/1978]  eta: 0:01:17    time: 0.0718  data: 0.0000  max mem: 2671
      Evaluation: [1000/1978]  eta: 0:01:10    time: 0.0721  data: 0.0000  max mem: 2671
      Evaluation: [1100/1978]  eta: 0:01:03    time: 0.0719  data: 0.0000  max mem: 2671
      Evaluation: [1200/1978]  eta: 0:00:56    time: 0.0719  data: 0.0000  max mem: 2671
      Evaluation: [1300/1978]  eta: 0:00:48    time: 0.0721  data: 0.0000  max mem: 2671
      Evaluation: [1400/1978]  eta: 0:00:41    time: 0.0720  data: 0.0000  max mem: 2671
      Evaluation: [1500/1978]  eta: 0:00:34    time: 0.0719  data: 0.0000  max mem: 2671
      Evaluation: [1600/1978]  eta: 0:00:27    time: 0.0721  data: 0.0000  max mem: 2671
      Evaluation: [1700/1978]  eta: 0:00:20    time: 0.0719  data: 0.0000  max mem: 2671
      Evaluation: [1800/1978]  eta: 0:00:12    time: 0.0723  data: 0.0000  max mem: 2671
      Evaluation: [1900/1978]  eta: 0:00:05    time: 0.0719  data: 0.0000  max mem: 2671
      Evaluation: [1977/1978]  eta: 0:00:00    time: 0.0720  data: 0.0000  max mem: 2671
      Evaluation: Total time: 0:02:22 (0.0721 s / it)
     Computing matching score time 0:02:22
### TTA ITM Score: 
+-------------------+--------+--------+--------+--------+--------+
|       epoch       |   R1   |   R5   |  R10   |  mAP   |  mINP  |
+-------------------+--------+--------+--------+--------+--------+
|  cos_sim_wo/norm  | 58.544 | 91.860 | 95.703 | 73.596 | 73.596 |
|        -999       | 69.414 | 95.197 | 97.776 | 81.233 | 81.233 |
| itm_score_wo/norm | 84.328 | 98.989 | 99.494 | 91.293 | 91.293 |
|        -999       | 84.277 | 99.039 | 99.596 | 91.276 | 91.276 |
|         0         | 84.328 | 99.039 | 99.596 | 91.301 | 91.301 |
|         1         | 84.277 | 99.039 | 99.596 | 91.276 | 91.276 |
+-------------------+--------+--------+--------+--------+--------+
     logs:  {'epo': 1, 'R1': np.float32(84.277), 'R5': np.float32(99.039), 'R10': np.float32(99.596), 'mAP': np.float32(91.276), 'mINP': np.float32(91.276), 'entropy': 0.352067, 'uncertainty': 1.0, 'uncertainty_coeffi': 1.0, 'loss': 0.352067, 'lr': 2e-06}
      TTA Epoch: [2] [ 0/61]  eta: 0:00:29  entropy: 0.3748  uncertainty: 1.0000  uncertainty_coeffi: 1.0000  loss: 0.3748  lr: 0.000002  time: 0.4795  data: 0.3855  max mem: 2671
      TTA Epoch: [2] [60/61]  eta: 0:00:00  entropy: 0.4075  uncertainty: 1.0000  uncertainty_coeffi: 1.0000  loss: 0.4075  lr: 0.000004  time: 0.0615  data: 0.0001  max mem: 2671
      TTA Epoch: [2] Total time: 0:00:04 (0.0684 s / it)
     Averaged stats: entropy: 0.3480  uncertainty: 1.0000  uncertainty_coeffi: 1.0000  loss: 0.3480  lr: 0.0000
     itm tta time 0:00:04
     Computing matching score
      Evaluation: [   0/1978]  eta: 0:02:35    time: 0.0787  data: 0.0032  max mem: 2671
      Evaluation: [ 100/1978]  eta: 0:02:15    time: 0.0724  data: 0.0000  max mem: 2671
      Evaluation: [ 200/1978]  eta: 0:02:08    time: 0.0723  data: 0.0000  max mem: 2671
      Evaluation: [ 300/1978]  eta: 0:02:00    time: 0.0720  data: 0.0000  max mem: 2671
      Evaluation: [ 400/1978]  eta: 0:01:53    time: 0.0717  data: 0.0000  max mem: 2671
      Evaluation: [ 500/1978]  eta: 0:01:46    time: 0.0716  data: 0.0000  max mem: 2671
      Evaluation: [ 600/1978]  eta: 0:01:39    time: 0.0714  data: 0.0000  max mem: 2671
      Evaluation: [ 700/1978]  eta: 0:01:31    time: 0.0718  data: 0.0000  max mem: 2671
      Evaluation: [ 800/1978]  eta: 0:01:24    time: 0.0715  data: 0.0000  max mem: 2671
      Evaluation: [ 900/1978]  eta: 0:01:17    time: 0.0713  data: 0.0000  max mem: 2671
      Evaluation: [1000/1978]  eta: 0:01:10    time: 0.0719  data: 0.0000  max mem: 2671
      Evaluation: [1100/1978]  eta: 0:01:02    time: 0.0716  data: 0.0000  max mem: 2671
      Evaluation: [1200/1978]  eta: 0:00:55    time: 0.0720  data: 0.0000  max mem: 2671
      Evaluation: [1300/1978]  eta: 0:00:48    time: 0.0716  data: 0.0000  max mem: 2671
      Evaluation: [1400/1978]  eta: 0:00:41    time: 0.0719  data: 0.0000  max mem: 2671
      Evaluation: [1500/1978]  eta: 0:00:34    time: 0.0718  data: 0.0000  max mem: 2671
      Evaluation: [1600/1978]  eta: 0:00:27    time: 0.0715  data: 0.0000  max mem: 2671
      Evaluation: [1700/1978]  eta: 0:00:19    time: 0.0726  data: 0.0000  max mem: 2671
      Evaluation: [1800/1978]  eta: 0:00:12    time: 0.0720  data: 0.0000  max mem: 2671
      Evaluation: [1900/1978]  eta: 0:00:05    time: 0.0720  data: 0.0000  max mem: 2671
      Evaluation: [1977/1978]  eta: 0:00:00    time: 0.0719  data: 0.0000  max mem: 2671
      Evaluation: Total time: 0:02:21 (0.0718 s / it)
     Computing matching score time 0:02:22
### TTA ITM Score: 
+-------------------+--------+--------+--------+--------+--------+
|       epoch       |   R1   |   R5   |  R10   |  mAP   |  mINP  |
+-------------------+--------+--------+--------+--------+--------+
|  cos_sim_wo/norm  | 58.544 | 91.860 | 95.703 | 73.596 | 73.596 |
|        -999       | 69.414 | 95.197 | 97.776 | 81.233 | 81.233 |
| itm_score_wo/norm | 84.328 | 98.989 | 99.494 | 91.293 | 91.293 |
|        -999       | 84.277 | 99.039 | 99.596 | 91.276 | 91.276 |
|         0         | 84.328 | 99.039 | 99.596 | 91.301 | 91.301 |
|         1         | 84.277 | 99.039 | 99.596 | 91.276 | 91.276 |
|         2         | 84.328 | 99.039 | 99.596 | 91.293 | 91.293 |
+-------------------+--------+--------+--------+--------+--------+
     logs:  {'epo': 2, 'R1': np.float32(84.328), 'R5': np.float32(99.039), 'R10': np.float32(99.596), 'mAP': np.float32(91.293), 'mINP': np.float32(91.293), 'entropy': 0.348045, 'uncertainty': 1.0, 'uncertainty_coeffi': 1.0, 'loss': 0.348045, 'lr': 3e-06}
      TTA Epoch: [3] [ 0/61]  eta: 0:00:27  entropy: 0.3026  uncertainty: 1.0000  uncertainty_coeffi: 1.0000  loss: 0.3026  lr: 0.000004  time: 0.4509  data: 0.3775  max mem: 2671
      TTA Epoch: [3] [60/61]  eta: 0:00:00  entropy: 0.3748  uncertainty: 1.0000  uncertainty_coeffi: 1.0000  loss: 0.3748  lr: 0.000005  time: 0.0606  data: 0.0001  max mem: 2671
      TTA Epoch: [3] Total time: 0:00:04 (0.0675 s / it)
     Averaged stats: entropy: 0.3442  uncertainty: 1.0000  uncertainty_coeffi: 1.0000  loss: 0.3442  lr: 0.0000
     itm tta time 0:00:04
      TTA Epoch: [4] [ 0/61]  eta: 0:00:28  entropy: 0.3690  uncertainty: 1.0000  uncertainty_coeffi: 1.0000  loss: 0.3690  lr: 0.000005  time: 0.4626  data: 0.3412  max mem: 2671
      TTA Epoch: [4] [60/61]  eta: 0:00:00  entropy: 0.3101  uncertainty: 1.0000  uncertainty_coeffi: 1.0000  loss: 0.3101  lr: 0.000006  time: 0.0613  data: 0.0001  max mem: 2671
      TTA Epoch: [4] Total time: 0:00:04 (0.0684 s / it)
     Averaged stats: entropy: 0.3468  uncertainty: 1.0000  uncertainty_coeffi: 1.0000  loss: 0.3468  lr: 0.0000
     itm tta time 0:00:04
     Computing matching score
      Evaluation: [   0/1978]  eta: 0:02:51    time: 0.0865  data: 0.0036  max mem: 2671
      Evaluation: [ 100/1978]  eta: 0:02:15    time: 0.0722  data: 0.0000  max mem: 2671
      Evaluation: [ 200/1978]  eta: 0:02:08    time: 0.0714  data: 0.0000  max mem: 2671
      Evaluation: [ 300/1978]  eta: 0:02:00    time: 0.0715  data: 0.0000  max mem: 2671
      Evaluation: [ 400/1978]  eta: 0:01:53    time: 0.0717  data: 0.0000  max mem: 2671
      Evaluation: [ 500/1978]  eta: 0:01:46    time: 0.0717  data: 0.0000  max mem: 2671
      Evaluation: [ 600/1978]  eta: 0:01:38    time: 0.0716  data: 0.0000  max mem: 2671
      Evaluation: [ 700/1978]  eta: 0:01:31    time: 0.0713  data: 0.0000  max mem: 2671
      Evaluation: [ 800/1978]  eta: 0:01:24    time: 0.0716  data: 0.0000  max mem: 2671
      Evaluation: [ 900/1978]  eta: 0:01:17    time: 0.0717  data: 0.0000  max mem: 2671
      Evaluation: [1000/1978]  eta: 0:01:10    time: 0.0719  data: 0.0000  max mem: 2671
      Evaluation: [1100/1978]  eta: 0:01:03    time: 0.0720  data: 0.0000  max mem: 2671
      Evaluation: [1200/1978]  eta: 0:00:55    time: 0.0718  data: 0.0000  max mem: 2671
      Evaluation: [1300/1978]  eta: 0:00:48    time: 0.0721  data: 0.0000  max mem: 2671
      Evaluation: [1400/1978]  eta: 0:00:41    time: 0.0720  data: 0.0000  max mem: 2671
      Evaluation: [1500/1978]  eta: 0:00:34    time: 0.0718  data: 0.0000  max mem: 2671
      Evaluation: [1600/1978]  eta: 0:00:27    time: 0.0725  data: 0.0000  max mem: 2671
      Evaluation: [1700/1978]  eta: 0:00:19    time: 0.0720  data: 0.0000  max mem: 2671
      Evaluation: [1800/1978]  eta: 0:00:12    time: 0.0722  data: 0.0000  max mem: 2671
      Evaluation: [1900/1978]  eta: 0:00:05    time: 0.0722  data: 0.0000  max mem: 2671
      Evaluation: [1977/1978]  eta: 0:00:00    time: 0.0719  data: 0.0000  max mem: 2671
      Evaluation: Total time: 0:02:22 (0.0719 s / it)
     Computing matching score time 0:02:22
### TTA ITM Score: 
+-------------------+--------+--------+--------+--------+--------+
|       epoch       |   R1   |   R5   |  R10   |  mAP   |  mINP  |
+-------------------+--------+--------+--------+--------+--------+
|  cos_sim_wo/norm  | 58.544 | 91.860 | 95.703 | 73.596 | 73.596 |
|        -999       | 69.414 | 95.197 | 97.776 | 81.233 | 81.233 |
| itm_score_wo/norm | 84.328 | 98.989 | 99.494 | 91.293 | 91.293 |
|        -999       | 84.277 | 99.039 | 99.596 | 91.276 | 91.276 |
|         0         | 84.328 | 99.039 | 99.596 | 91.301 | 91.301 |
|         1         | 84.277 | 99.039 | 99.596 | 91.276 | 91.276 |
|         2         | 84.328 | 99.039 | 99.596 | 91.293 | 91.293 |
|         4         | 84.580 | 99.039 | 99.596 | 91.427 | 91.427 |
+-------------------+--------+--------+--------+--------+--------+
     logs:  {'epo': 4, 'R1': np.float32(84.58), 'R5': np.float32(99.039), 'R10': np.float32(99.596), 'mAP': np.float32(91.427), 'mINP': np.float32(91.427), 'entropy': 0.346814, 'uncertainty': 1.0, 'uncertainty_coeffi': 1.0, 'loss': 0.346814, 'lr': 5e-06}
      TTA Epoch: [5] [ 0/61]  eta: 0:00:26  entropy: 0.4592  uncertainty: 1.0000  uncertainty_coeffi: 1.0000  loss: 0.4592  lr: 0.000006  time: 0.4338  data: 0.3514  max mem: 2671
      TTA Epoch: [5] [60/61]  eta: 0:00:00  entropy: 0.4409  uncertainty: 1.0000  uncertainty_coeffi: 1.0000  loss: 0.4409  lr: 0.000007  time: 0.0608  data: 0.0001  max mem: 2671
      TTA Epoch: [5] Total time: 0:00:04 (0.0674 s / it)
     Averaged stats: entropy: 0.3418  uncertainty: 1.0000  uncertainty_coeffi: 1.0000  loss: 0.3418  lr: 0.0000
     itm tta time 0:00:04
      TTA Epoch: [6] [ 0/61]  eta: 0:00:24  entropy: 0.3051  uncertainty: 1.0000  uncertainty_coeffi: 1.0000  loss: 0.3051  lr: 0.000007  time: 0.4092  data: 0.3359  max mem: 2671
      TTA Epoch: [6] [60/61]  eta: 0:00:00  entropy: 0.3748  uncertainty: 1.0000  uncertainty_coeffi: 1.0000  loss: 0.3748  lr: 0.000009  time: 0.0611  data: 0.0001  max mem: 2671
      TTA Epoch: [6] Total time: 0:00:04 (0.0672 s / it)
     Averaged stats: entropy: 0.3336  uncertainty: 1.0000  uncertainty_coeffi: 1.0000  loss: 0.3336  lr: 0.0000
     itm tta time 0:00:04
      TTA Epoch: [7] [ 0/61]  eta: 0:00:30  entropy: 0.2913  uncertainty: 1.0000  uncertainty_coeffi: 1.0000  loss: 0.2913  lr: 0.000009  time: 0.4989  data: 0.3818  max mem: 2671
      TTA Epoch: [7] [60/61]  eta: 0:00:00  entropy: 0.3379  uncertainty: 1.0000  uncertainty_coeffi: 1.0000  loss: 0.3379  lr: 0.000010  time: 0.0597  data: 0.0001  max mem: 2671
      TTA Epoch: [7] Total time: 0:00:04 (0.0671 s / it)
     Averaged stats: entropy: 0.3336  uncertainty: 1.0000  uncertainty_coeffi: 1.0000  loss: 0.3336  lr: 0.0000
     itm tta time 0:00:04
      TTA Epoch: [8] [ 0/61]  eta: 0:00:26  entropy: 0.3592  uncertainty: 1.0000  uncertainty_coeffi: 1.0000  loss: 0.3592  lr: 0.000010  time: 0.4326  data: 0.3439  max mem: 2671
      TTA Epoch: [8] [60/61]  eta: 0:00:00  entropy: 0.2940  uncertainty: 1.0000  uncertainty_coeffi: 1.0000  loss: 0.2940  lr: 0.000010  time: 0.0601  data: 0.0001  max mem: 2671
      TTA Epoch: [8] Total time: 0:00:04 (0.0664 s / it)
     Averaged stats: entropy: 0.3270  uncertainty: 1.0000  uncertainty_coeffi: 1.0000  loss: 0.3270  lr: 0.0000
     itm tta time 0:00:04
      TTA Epoch: [9] [ 0/61]  eta: 0:00:27  entropy: 0.3056  uncertainty: 1.0000  uncertainty_coeffi: 1.0000  loss: 0.3056  lr: 0.000010  time: 0.4587  data: 0.3569  max mem: 2671
      TTA Epoch: [9] [60/61]  eta: 0:00:00  entropy: 0.2241  uncertainty: 1.0000  uncertainty_coeffi: 1.0000  loss: 0.2241  lr: 0.000010  time: 0.0611  data: 0.0001  max mem: 2671
      TTA Epoch: [9] Total time: 0:00:04 (0.0680 s / it)
     Averaged stats: entropy: 0.3200  uncertainty: 1.0000  uncertainty_coeffi: 1.0000  loss: 0.3200  lr: 0.0000
     itm tta time 0:00:04
     Computing matching score
      Evaluation: [   0/1978]  eta: 0:02:57    time: 0.0898  data: 0.0029  max mem: 2671
      Evaluation: [ 100/1978]  eta: 0:02:15    time: 0.0717  data: 0.0000  max mem: 2671
      Evaluation: [ 200/1978]  eta: 0:02:07    time: 0.0715  data: 0.0000  max mem: 2671
      Evaluation: [ 300/1978]  eta: 0:02:00    time: 0.0714  data: 0.0000  max mem: 2671
      Evaluation: [ 400/1978]  eta: 0:01:53    time: 0.0715  data: 0.0000  max mem: 2671
      Evaluation: [ 500/1978]  eta: 0:01:45    time: 0.0714  data: 0.0000  max mem: 2671
      Evaluation: [ 600/1978]  eta: 0:01:38    time: 0.0712  data: 0.0000  max mem: 2671
      Evaluation: [ 700/1978]  eta: 0:01:31    time: 0.0714  data: 0.0000  max mem: 2671
      Evaluation: [ 800/1978]  eta: 0:01:24    time: 0.0715  data: 0.0000  max mem: 2671
      Evaluation: [ 900/1978]  eta: 0:01:17    time: 0.0713  data: 0.0000  max mem: 2671
      Evaluation: [1000/1978]  eta: 0:01:10    time: 0.0716  data: 0.0000  max mem: 2671
      Evaluation: [1100/1978]  eta: 0:01:02    time: 0.0717  data: 0.0000  max mem: 2671
      Evaluation: [1200/1978]  eta: 0:00:55    time: 0.0725  data: 0.0000  max mem: 2671
      Evaluation: [1300/1978]  eta: 0:00:48    time: 0.0718  data: 0.0000  max mem: 2671
      Evaluation: [1400/1978]  eta: 0:00:41    time: 0.0718  data: 0.0000  max mem: 2671
      Evaluation: [1500/1978]  eta: 0:00:34    time: 0.0718  data: 0.0000  max mem: 2671
      Evaluation: [1600/1978]  eta: 0:00:27    time: 0.0719  data: 0.0000  max mem: 2671
      Evaluation: [1700/1978]  eta: 0:00:19    time: 0.0724  data: 0.0000  max mem: 2671
      Evaluation: [1800/1978]  eta: 0:00:12    time: 0.0714  data: 0.0000  max mem: 2671
      Evaluation: [1900/1978]  eta: 0:00:05    time: 0.0714  data: 0.0000  max mem: 2671
      Evaluation: [1977/1978]  eta: 0:00:00    time: 0.0718  data: 0.0000  max mem: 2671
      Evaluation: Total time: 0:02:21 (0.0717 s / it)
     Computing matching score time 0:02:22
### TTA ITM Score: 
+-------------------+--------+--------+--------+--------+--------+
|       epoch       |   R1   |   R5   |  R10   |  mAP   |  mINP  |
+-------------------+--------+--------+--------+--------+--------+
|  cos_sim_wo/norm  | 58.544 | 91.860 | 95.703 | 73.596 | 73.596 |
|        -999       | 69.414 | 95.197 | 97.776 | 81.233 | 81.233 |
| itm_score_wo/norm | 84.328 | 98.989 | 99.494 | 91.293 | 91.293 |
|        -999       | 84.277 | 99.039 | 99.596 | 91.276 | 91.276 |
|         0         | 84.328 | 99.039 | 99.596 | 91.301 | 91.301 |
|         1         | 84.277 | 99.039 | 99.596 | 91.276 | 91.276 |
|         2         | 84.328 | 99.039 | 99.596 | 91.293 | 91.293 |
|         4         | 84.580 | 99.039 | 99.596 | 91.427 | 91.427 |
|         9         | 84.681 | 98.989 | 99.596 | 91.442 | 91.442 |
+-------------------+--------+--------+--------+--------+--------+
     logs:  {'epo': 9, 'R1': np.float32(84.681), 'R5': np.float32(98.989), 'R10': np.float32(99.596), 'mAP': np.float32(91.442), 'mINP': np.float32(91.442), 'entropy': 0.320011, 'uncertainty': 1.0, 'uncertainty_coeffi': 1.0, 'loss': 0.320011, 'lr': 1e-05}
      TTA Epoch: [10] [ 0/61]  eta: 0:00:28  entropy: 0.3235  uncertainty: 1.0000  uncertainty_coeffi: 1.0000  loss: 0.3235  lr: 0.000010  time: 0.4647  data: 0.3661  max mem: 2671
      TTA Epoch: [10] [60/61]  eta: 0:00:00  entropy: 0.3190  uncertainty: 1.0000  uncertainty_coeffi: 1.0000  loss: 0.3190  lr: 0.000009  time: 0.0609  data: 0.0001  max mem: 2671
      TTA Epoch: [10] Total time: 0:00:04 (0.0680 s / it)
     Averaged stats: entropy: 0.3169  uncertainty: 1.0000  uncertainty_coeffi: 1.0000  loss: 0.3169  lr: 0.0000
     itm tta time 0:00:04
      TTA Epoch: [11] [ 0/61]  eta: 0:00:27  entropy: 0.2740  uncertainty: 1.0000  uncertainty_coeffi: 1.0000  loss: 0.2740  lr: 0.000009  time: 0.4579  data: 0.3795  max mem: 2671
      TTA Epoch: [11] [60/61]  eta: 0:00:00  entropy: 0.3771  uncertainty: 1.0000  uncertainty_coeffi: 1.0000  loss: 0.3771  lr: 0.000009  time: 0.0599  data: 0.0001  max mem: 2671
      TTA Epoch: [11] Total time: 0:00:04 (0.0671 s / it)
     Averaged stats: entropy: 0.3081  uncertainty: 1.0000  uncertainty_coeffi: 1.0000  loss: 0.3081  lr: 0.0000
     itm tta time 0:00:04
      TTA Epoch: [12] [ 0/61]  eta: 0:00:25  entropy: 0.2492  uncertainty: 1.0000  uncertainty_coeffi: 1.0000  loss: 0.2492  lr: 0.000009  time: 0.4245  data: 0.3477  max mem: 2671
      TTA Epoch: [12] [60/61]  eta: 0:00:00  entropy: 0.3248  uncertainty: 1.0000  uncertainty_coeffi: 1.0000  loss: 0.3248  lr: 0.000009  time: 0.0611  data: 0.0001  max mem: 2671
      TTA Epoch: [12] Total time: 0:00:04 (0.0671 s / it)
     Averaged stats: entropy: 0.3063  uncertainty: 1.0000  uncertainty_coeffi: 1.0000  loss: 0.3063  lr: 0.0000
     itm tta time 0:00:04
      TTA Epoch: [13] [ 0/61]  eta: 0:00:27  entropy: 0.4547  uncertainty: 1.0000  uncertainty_coeffi: 1.0000  loss: 0.4547  lr: 0.000009  time: 0.4565  data: 0.3809  max mem: 2671
      TTA Epoch: [13] [60/61]  eta: 0:00:00  entropy: 0.2492  uncertainty: 1.0000  uncertainty_coeffi: 1.0000  loss: 0.2492  lr: 0.000009  time: 0.0607  data: 0.0001  max mem: 2671
      TTA Epoch: [13] Total time: 0:00:04 (0.0676 s / it)
     Averaged stats: entropy: 0.2991  uncertainty: 1.0000  uncertainty_coeffi: 1.0000  loss: 0.2991  lr: 0.0000
     itm tta time 0:00:04
      TTA Epoch: [14] [ 0/61]  eta: 0:00:25  entropy: 0.2621  uncertainty: 1.0000  uncertainty_coeffi: 1.0000  loss: 0.2621  lr: 0.000009  time: 0.4231  data: 0.3546  max mem: 2671
      TTA Epoch: [14] [60/61]  eta: 0:00:00  entropy: 0.3191  uncertainty: 1.0000  uncertainty_coeffi: 1.0000  loss: 0.3191  lr: 0.000009  time: 0.0608  data: 0.0001  max mem: 2671
      TTA Epoch: [14] Total time: 0:00:04 (0.0672 s / it)
     Averaged stats: entropy: 0.2953  uncertainty: 1.0000  uncertainty_coeffi: 1.0000  loss: 0.2953  lr: 0.0000
     itm tta time 0:00:04
     Computing matching score
      Evaluation: [   0/1978]  eta: 0:02:49    time: 0.0858  data: 0.0036  max mem: 2671
      Evaluation: [ 100/1978]  eta: 0:02:14    time: 0.0711  data: 0.0000  max mem: 2671
      Evaluation: [ 200/1978]  eta: 0:02:06    time: 0.0713  data: 0.0000  max mem: 2671
      Evaluation: [ 300/1978]  eta: 0:01:59    time: 0.0715  data: 0.0000  max mem: 2671
      Evaluation: [ 400/1978]  eta: 0:01:52    time: 0.0714  data: 0.0000  max mem: 2671
      Evaluation: [ 500/1978]  eta: 0:01:45    time: 0.0713  data: 0.0000  max mem: 2671
      Evaluation: [ 600/1978]  eta: 0:01:38    time: 0.0713  data: 0.0000  max mem: 2671
      Evaluation: [ 700/1978]  eta: 0:01:31    time: 0.0712  data: 0.0000  max mem: 2671
      Evaluation: [ 800/1978]  eta: 0:01:24    time: 0.0717  data: 0.0000  max mem: 2671
      Evaluation: [ 900/1978]  eta: 0:01:16    time: 0.0715  data: 0.0000  max mem: 2671
      Evaluation: [1000/1978]  eta: 0:01:09    time: 0.0713  data: 0.0000  max mem: 2671
      Evaluation: [1100/1978]  eta: 0:01:02    time: 0.0712  data: 0.0000  max mem: 2671
      Evaluation: [1200/1978]  eta: 0:00:55    time: 0.0713  data: 0.0000  max mem: 2671
      Evaluation: [1300/1978]  eta: 0:00:48    time: 0.0715  data: 0.0000  max mem: 2671
      Evaluation: [1400/1978]  eta: 0:00:41    time: 0.0718  data: 0.0000  max mem: 2671
      Evaluation: [1500/1978]  eta: 0:00:34    time: 0.0713  data: 0.0000  max mem: 2671
      Evaluation: [1600/1978]  eta: 0:00:26    time: 0.0712  data: 0.0000  max mem: 2671
      Evaluation: [1700/1978]  eta: 0:00:19    time: 0.0713  data: 0.0000  max mem: 2671
      Evaluation: [1800/1978]  eta: 0:00:12    time: 0.0712  data: 0.0000  max mem: 2671
      Evaluation: [1900/1978]  eta: 0:00:05    time: 0.0713  data: 0.0000  max mem: 2671
      Evaluation: [1977/1978]  eta: 0:00:00    time: 0.0715  data: 0.0000  max mem: 2671
      Evaluation: Total time: 0:02:21 (0.0714 s / it)
     Computing matching score time 0:02:21
### TTA ITM Score: 
+-------------------+--------+--------+--------+--------+--------+
|       epoch       |   R1   |   R5   |  R10   |  mAP   |  mINP  |
+-------------------+--------+--------+--------+--------+--------+
|  cos_sim_wo/norm  | 58.544 | 91.860 | 95.703 | 73.596 | 73.596 |
|        -999       | 69.414 | 95.197 | 97.776 | 81.233 | 81.233 |
| itm_score_wo/norm | 84.328 | 98.989 | 99.494 | 91.293 | 91.293 |
|        -999       | 84.277 | 99.039 | 99.596 | 91.276 | 91.276 |
|         0         | 84.328 | 99.039 | 99.596 | 91.301 | 91.301 |
|         1         | 84.277 | 99.039 | 99.596 | 91.276 | 91.276 |
|         2         | 84.328 | 99.039 | 99.596 | 91.293 | 91.293 |
|         4         | 84.580 | 99.039 | 99.596 | 91.427 | 91.427 |
|         9         | 84.681 | 98.989 | 99.596 | 91.442 | 91.442 |
|         14        | 84.783 | 98.888 | 99.545 | 91.468 | 91.468 |
+-------------------+--------+--------+--------+--------+--------+
     logs:  {'epo': 14, 'R1': np.float32(84.783), 'R5': np.float32(98.888), 'R10': np.float32(99.545), 'mAP': np.float32(91.468), 'mINP': np.float32(91.468), 'entropy': 0.295311, 'uncertainty': 1.0, 'uncertainty_coeffi': 1.0, 'loss': 0.295311, 'lr': 9e-06}
      TTA Epoch: [15] [ 0/61]  eta: 0:00:30  entropy: 0.3355  uncertainty: 1.0000  uncertainty_coeffi: 1.0000  loss: 0.3355  lr: 0.000009  time: 0.4941  data: 0.3716  max mem: 2671
      TTA Epoch: [15] [60/61]  eta: 0:00:00  entropy: 0.2663  uncertainty: 1.0000  uncertainty_coeffi: 1.0000  loss: 0.2663  lr: 0.000009  time: 0.0608  data: 0.0001  max mem: 2671
      TTA Epoch: [15] Total time: 0:00:04 (0.0685 s / it)
     Averaged stats: entropy: 0.2932  uncertainty: 1.0000  uncertainty_coeffi: 1.0000  loss: 0.2932  lr: 0.0000
     itm tta time 0:00:04
      TTA Epoch: [16] [ 0/61]  eta: 0:00:25  entropy: 0.2665  uncertainty: 1.0000  uncertainty_coeffi: 1.0000  loss: 0.2665  lr: 0.000009  time: 0.4125  data: 0.3407  max mem: 2671
      TTA Epoch: [16] [60/61]  eta: 0:00:00  entropy: 0.2445  uncertainty: 1.0000  uncertainty_coeffi: 1.0000  loss: 0.2445  lr: 0.000008  time: 0.0611  data: 0.0001  max mem: 2671
      TTA Epoch: [16] Total time: 0:00:04 (0.0673 s / it)
     Averaged stats: entropy: 0.2848  uncertainty: 1.0000  uncertainty_coeffi: 1.0000  loss: 0.2848  lr: 0.0000
     itm tta time 0:00:04
      TTA Epoch: [17] [ 0/61]  eta: 0:00:28  entropy: 0.2722  uncertainty: 1.0000  uncertainty_coeffi: 1.0000  loss: 0.2722  lr: 0.000008  time: 0.4595  data: 0.3695  max mem: 2671
      TTA Epoch: [17] [60/61]  eta: 0:00:00  entropy: 0.3006  uncertainty: 1.0000  uncertainty_coeffi: 1.0000  loss: 0.3006  lr: 0.000008  time: 0.0609  data: 0.0001  max mem: 2671
      TTA Epoch: [17] Total time: 0:00:04 (0.0680 s / it)
     Averaged stats: entropy: 0.2826  uncertainty: 1.0000  uncertainty_coeffi: 1.0000  loss: 0.2826  lr: 0.0000
     itm tta time 0:00:04
      TTA Epoch: [18] [ 0/61]  eta: 0:00:24  entropy: 0.3866  uncertainty: 1.0000  uncertainty_coeffi: 1.0000  loss: 0.3866  lr: 0.000008  time: 0.4084  data: 0.3387  max mem: 2671
      TTA Epoch: [18] [60/61]  eta: 0:00:00  entropy: 0.2978  uncertainty: 1.0000  uncertainty_coeffi: 1.0000  loss: 0.2978  lr: 0.000008  time: 0.0606  data: 0.0001  max mem: 2671
      TTA Epoch: [18] Total time: 0:00:04 (0.0666 s / it)
     Averaged stats: entropy: 0.2828  uncertainty: 1.0000  uncertainty_coeffi: 1.0000  loss: 0.2828  lr: 0.0000
     itm tta time 0:00:04
      TTA Epoch: [19] [ 0/61]  eta: 0:00:26  entropy: 0.2430  uncertainty: 1.0000  uncertainty_coeffi: 1.0000  loss: 0.2430  lr: 0.000008  time: 0.4392  data: 0.3503  max mem: 2671
      TTA Epoch: [19] [60/61]  eta: 0:00:00  entropy: 0.2834  uncertainty: 1.0000  uncertainty_coeffi: 1.0000  loss: 0.2834  lr: 0.000008  time: 0.0610  data: 0.0001  max mem: 2671
      TTA Epoch: [19] Total time: 0:00:04 (0.0673 s / it)
     Averaged stats: entropy: 0.2777  uncertainty: 1.0000  uncertainty_coeffi: 1.0000  loss: 0.2777  lr: 0.0000
     itm tta time 0:00:04
     Computing matching score
      Evaluation: [   0/1978]  eta: 0:02:34    time: 0.0781  data: 0.0024  max mem: 2671
      Evaluation: [ 100/1978]  eta: 0:02:14    time: 0.0714  data: 0.0000  max mem: 2671
      Evaluation: [ 200/1978]  eta: 0:02:06    time: 0.0713  data: 0.0000  max mem: 2671
      Evaluation: [ 300/1978]  eta: 0:01:59    time: 0.0713  data: 0.0000  max mem: 2671
      Evaluation: [ 400/1978]  eta: 0:01:52    time: 0.0721  data: 0.0000  max mem: 2671
      Evaluation: [ 500/1978]  eta: 0:01:45    time: 0.0717  data: 0.0000  max mem: 2671
      Evaluation: [ 600/1978]  eta: 0:01:38    time: 0.0718  data: 0.0000  max mem: 2671
      Evaluation: [ 700/1978]  eta: 0:01:31    time: 0.0720  data: 0.0000  max mem: 2671
      Evaluation: [ 800/1978]  eta: 0:01:24    time: 0.0729  data: 0.0000  max mem: 2671
      Evaluation: [ 900/1978]  eta: 0:01:17    time: 0.0729  data: 0.0000  max mem: 2671
      Evaluation: [1000/1978]  eta: 0:01:10    time: 0.0726  data: 0.0000  max mem: 2671
      Evaluation: [1100/1978]  eta: 0:01:03    time: 0.0727  data: 0.0000  max mem: 2671
      Evaluation: [1200/1978]  eta: 0:00:56    time: 0.0728  data: 0.0000  max mem: 2671
      Evaluation: [1300/1978]  eta: 0:00:48    time: 0.0728  data: 0.0000  max mem: 2671
      Evaluation: [1400/1978]  eta: 0:00:41    time: 0.0728  data: 0.0000  max mem: 2671
      Evaluation: [1500/1978]  eta: 0:00:34    time: 0.0728  data: 0.0000  max mem: 2671
      Evaluation: [1600/1978]  eta: 0:00:27    time: 0.0729  data: 0.0000  max mem: 2671
      Evaluation: [1700/1978]  eta: 0:00:20    time: 0.0729  data: 0.0000  max mem: 2671
      Evaluation: [1800/1978]  eta: 0:00:12    time: 0.0721  data: 0.0000  max mem: 2671
      Evaluation: [1900/1978]  eta: 0:00:05    time: 0.0715  data: 0.0000  max mem: 2671
      Evaluation: [1977/1978]  eta: 0:00:00    time: 0.0715  data: 0.0000  max mem: 2671
      Evaluation: Total time: 0:02:23 (0.0724 s / it)
     Computing matching score time 0:02:23
### TTA ITM Score: 
+-------------------+--------+--------+--------+--------+--------+
|       epoch       |   R1   |   R5   |  R10   |  mAP   |  mINP  |
+-------------------+--------+--------+--------+--------+--------+
|  cos_sim_wo/norm  | 58.544 | 91.860 | 95.703 | 73.596 | 73.596 |
|        -999       | 69.414 | 95.197 | 97.776 | 81.233 | 81.233 |
| itm_score_wo/norm | 84.328 | 98.989 | 99.494 | 91.293 | 91.293 |
|        -999       | 84.277 | 99.039 | 99.596 | 91.276 | 91.276 |
|         0         | 84.328 | 99.039 | 99.596 | 91.301 | 91.301 |
|         1         | 84.277 | 99.039 | 99.596 | 91.276 | 91.276 |
|         2         | 84.328 | 99.039 | 99.596 | 91.293 | 91.293 |
|         4         | 84.580 | 99.039 | 99.596 | 91.427 | 91.427 |
|         9         | 84.681 | 98.989 | 99.596 | 91.442 | 91.442 |
|         14        | 84.783 | 98.888 | 99.545 | 91.468 | 91.468 |
|         19        | 84.681 | 98.837 | 99.494 | 91.405 | 91.405 |
+-------------------+--------+--------+--------+--------+--------+
     logs:  {'epo': 19, 'R1': np.float32(84.681), 'R5': np.float32(98.837), 'R10': np.float32(99.494), 'mAP': np.float32(91.405), 'mINP': np.float32(91.405), 'entropy': 0.277678, 'uncertainty': 1.0, 'uncertainty_coeffi': 1.0, 'loss': 0.277678, 'lr': 8e-06}
      TTA Epoch: [20] [ 0/61]  eta: 0:00:24  entropy: 0.2192  uncertainty: 1.0000  uncertainty_coeffi: 1.0000  loss: 0.2192  lr: 0.000008  time: 0.4091  data: 0.3387  max mem: 2671
      TTA Epoch: [20] [60/61]  eta: 0:00:00  entropy: 0.2084  uncertainty: 1.0000  uncertainty_coeffi: 1.0000  loss: 0.2084  lr: 0.000008  time: 0.0611  data: 0.0001  max mem: 2671
      TTA Epoch: [20] Total time: 0:00:04 (0.0670 s / it)
     Averaged stats: entropy: 0.2726  uncertainty: 1.0000  uncertainty_coeffi: 1.0000  loss: 0.2726  lr: 0.0000
     itm tta time 0:00:04
      TTA Epoch: [21] [ 0/61]  eta: 0:00:30  entropy: 0.3332  uncertainty: 1.0000  uncertainty_coeffi: 1.0000  loss: 0.3332  lr: 0.000008  time: 0.4923  data: 0.4009  max mem: 2671
      TTA Epoch: [21] [60/61]  eta: 0:00:00  entropy: 0.3002  uncertainty: 1.0000  uncertainty_coeffi: 1.0000  loss: 0.3002  lr: 0.000007  time: 0.0612  data: 0.0001  max mem: 2671
      TTA Epoch: [21] Total time: 0:00:04 (0.0687 s / it)
     Averaged stats: entropy: 0.2746  uncertainty: 1.0000  uncertainty_coeffi: 1.0000  loss: 0.2746  lr: 0.0000
     itm tta time 0:00:04
      TTA Epoch: [22] [ 0/61]  eta: 0:00:26  entropy: 0.2172  uncertainty: 1.0000  uncertainty_coeffi: 1.0000  loss: 0.2172  lr: 0.000007  time: 0.4268  data: 0.3552  max mem: 2671
      TTA Epoch: [22] [60/61]  eta: 0:00:00  entropy: 0.3356  uncertainty: 1.0000  uncertainty_coeffi: 1.0000  loss: 0.3356  lr: 0.000007  time: 0.0612  data: 0.0001  max mem: 2671
      TTA Epoch: [22] Total time: 0:00:04 (0.0676 s / it)
     Averaged stats: entropy: 0.2710  uncertainty: 1.0000  uncertainty_coeffi: 1.0000  loss: 0.2710  lr: 0.0000
     itm tta time 0:00:04
      TTA Epoch: [23] [ 0/61]  eta: 0:00:26  entropy: 0.3036  uncertainty: 1.0000  uncertainty_coeffi: 1.0000  loss: 0.3036  lr: 0.000007  time: 0.4420  data: 0.3378  max mem: 2671
      TTA Epoch: [23] [60/61]  eta: 0:00:00  entropy: 0.2801  uncertainty: 1.0000  uncertainty_coeffi: 1.0000  loss: 0.2801  lr: 0.000007  time: 0.0606  data: 0.0001  max mem: 2671
      TTA Epoch: [23] Total time: 0:00:04 (0.0676 s / it)
     Averaged stats: entropy: 0.2653  uncertainty: 1.0000  uncertainty_coeffi: 1.0000  loss: 0.2653  lr: 0.0000
     itm tta time 0:00:04
      TTA Epoch: [24] [ 0/61]  eta: 0:00:28  entropy: 0.2739  uncertainty: 1.0000  uncertainty_coeffi: 1.0000  loss: 0.2739  lr: 0.000007  time: 0.4640  data: 0.3674  max mem: 2671
      TTA Epoch: [24] [60/61]  eta: 0:00:00  entropy: 0.3558  uncertainty: 1.0000  uncertainty_coeffi: 1.0000  loss: 0.3558  lr: 0.000007  time: 0.0610  data: 0.0001  max mem: 2671
      TTA Epoch: [24] Total time: 0:00:04 (0.0678 s / it)
     Averaged stats: entropy: 0.2671  uncertainty: 1.0000  uncertainty_coeffi: 1.0000  loss: 0.2671  lr: 0.0000
     itm tta time 0:00:04
      TTA Epoch: [25] [ 0/61]  eta: 0:00:30  entropy: 0.3094  uncertainty: 1.0000  uncertainty_coeffi: 1.0000  loss: 0.3094  lr: 0.000007  time: 0.4984  data: 0.3368  max mem: 2671
      TTA Epoch: [25] [60/61]  eta: 0:00:00  entropy: 0.2693  uncertainty: 1.0000  uncertainty_coeffi: 1.0000  loss: 0.2693  lr: 0.000007  time: 0.0607  data: 0.0001  max mem: 2671
      TTA Epoch: [25] Total time: 0:00:04 (0.0687 s / it)
     Averaged stats: entropy: 0.2624  uncertainty: 1.0000  uncertainty_coeffi: 1.0000  loss: 0.2624  lr: 0.0000
     itm tta time 0:00:04
      TTA Epoch: [26] [ 0/61]  eta: 0:00:25  entropy: 0.2165  uncertainty: 1.0000  uncertainty_coeffi: 1.0000  loss: 0.2165  lr: 0.000007  time: 0.4106  data: 0.3383  max mem: 2671
      TTA Epoch: [26] [60/61]  eta: 0:00:00  entropy: 0.2221  uncertainty: 1.0000  uncertainty_coeffi: 1.0000  loss: 0.2221  lr: 0.000006  time: 0.0602  data: 0.0001  max mem: 2671
      TTA Epoch: [26] Total time: 0:00:04 (0.0671 s / it)
     Averaged stats: entropy: 0.2576  uncertainty: 1.0000  uncertainty_coeffi: 1.0000  loss: 0.2576  lr: 0.0000
     itm tta time 0:00:04
      TTA Epoch: [27] [ 0/61]  eta: 0:00:26  entropy: 0.2824  uncertainty: 1.0000  uncertainty_coeffi: 1.0000  loss: 0.2824  lr: 0.000006  time: 0.4401  data: 0.3459  max mem: 2671
      TTA Epoch: [27] [60/61]  eta: 0:00:00  entropy: 0.2158  uncertainty: 1.0000  uncertainty_coeffi: 1.0000  loss: 0.2158  lr: 0.000006  time: 0.0604  data: 0.0001  max mem: 2671
      TTA Epoch: [27] Total time: 0:00:04 (0.0670 s / it)
     Averaged stats: entropy: 0.2583  uncertainty: 1.0000  uncertainty_coeffi: 1.0000  loss: 0.2583  lr: 0.0000
     itm tta time 0:00:04
      TTA Epoch: [28] [ 0/61]  eta: 0:00:25  entropy: 0.2580  uncertainty: 1.0000  uncertainty_coeffi: 1.0000  loss: 0.2580  lr: 0.000006  time: 0.4115  data: 0.3409  max mem: 2671
      TTA Epoch: [28] [60/61]  eta: 0:00:00  entropy: 0.2371  uncertainty: 1.0000  uncertainty_coeffi: 1.0000  loss: 0.2371  lr: 0.000006  time: 0.0608  data: 0.0001  max mem: 2671
      TTA Epoch: [28] Total time: 0:00:04 (0.0669 s / it)
     Averaged stats: entropy: 0.2568  uncertainty: 1.0000  uncertainty_coeffi: 1.0000  loss: 0.2568  lr: 0.0000
     itm tta time 0:00:04
      TTA Epoch: [29] [ 0/61]  eta: 0:00:24  entropy: 0.2555  uncertainty: 1.0000  uncertainty_coeffi: 1.0000  loss: 0.2555  lr: 0.000006  time: 0.4072  data: 0.3377  max mem: 2671
      TTA Epoch: [29] [60/61]  eta: 0:00:00  entropy: 0.2043  uncertainty: 1.0000  uncertainty_coeffi: 1.0000  loss: 0.2043  lr: 0.000006  time: 0.0605  data: 0.0001  max mem: 2671
      TTA Epoch: [29] Total time: 0:00:04 (0.0664 s / it)
     Averaged stats: entropy: 0.2591  uncertainty: 1.0000  uncertainty_coeffi: 1.0000  loss: 0.2591  lr: 0.0000
     itm tta time 0:00:04
     Computing matching score
      Evaluation: [   0/1978]  eta: 0:02:35    time: 0.0788  data: 0.0045  max mem: 2671
      Evaluation: [ 100/1978]  eta: 0:02:14    time: 0.0719  data: 0.0000  max mem: 2671
      Evaluation: [ 200/1978]  eta: 0:02:07    time: 0.0717  data: 0.0000  max mem: 2671
      Evaluation: [ 300/1978]  eta: 0:02:00    time: 0.0712  data: 0.0000  max mem: 2671
      Evaluation: [ 400/1978]  eta: 0:01:52    time: 0.0718  data: 0.0000  max mem: 2671
      Evaluation: [ 500/1978]  eta: 0:01:45    time: 0.0713  data: 0.0000  max mem: 2671
      Evaluation: [ 600/1978]  eta: 0:01:38    time: 0.0713  data: 0.0000  max mem: 2671
      Evaluation: [ 700/1978]  eta: 0:01:31    time: 0.0713  data: 0.0000  max mem: 2671
      Evaluation: [ 800/1978]  eta: 0:01:24    time: 0.0714  data: 0.0000  max mem: 2671
      Evaluation: [ 900/1978]  eta: 0:01:17    time: 0.0714  data: 0.0000  max mem: 2671
      Evaluation: [1000/1978]  eta: 0:01:09    time: 0.0717  data: 0.0000  max mem: 2671
      Evaluation: [1100/1978]  eta: 0:01:02    time: 0.0714  data: 0.0000  max mem: 2671
      Evaluation: [1200/1978]  eta: 0:00:55    time: 0.0718  data: 0.0000  max mem: 2671
      Evaluation: [1300/1978]  eta: 0:00:48    time: 0.0715  data: 0.0000  max mem: 2671
      Evaluation: [1400/1978]  eta: 0:00:41    time: 0.0716  data: 0.0000  max mem: 2671
      Evaluation: [1500/1978]  eta: 0:00:34    time: 0.0710  data: 0.0000  max mem: 2671
      Evaluation: [1600/1978]  eta: 0:00:27    time: 0.0713  data: 0.0000  max mem: 2671
      Evaluation: [1700/1978]  eta: 0:00:19    time: 0.0712  data: 0.0000  max mem: 2671
      Evaluation: [1800/1978]  eta: 0:00:12    time: 0.0711  data: 0.0000  max mem: 2671
      Evaluation: [1900/1978]  eta: 0:00:05    time: 0.0717  data: 0.0000  max mem: 2671
      Evaluation: [1977/1978]  eta: 0:00:00    time: 0.0713  data: 0.0000  max mem: 2671
      Evaluation: Total time: 0:02:21 (0.0715 s / it)
     Computing matching score time 0:02:21
### TTA ITM Score: 
+-------------------+--------+--------+--------+--------+--------+
|       epoch       |   R1   |   R5   |  R10   |  mAP   |  mINP  |
+-------------------+--------+--------+--------+--------+--------+
|  cos_sim_wo/norm  | 58.544 | 91.860 | 95.703 | 73.596 | 73.596 |
|        -999       | 69.414 | 95.197 | 97.776 | 81.233 | 81.233 |
| itm_score_wo/norm | 84.328 | 98.989 | 99.494 | 91.293 | 91.293 |
|        -999       | 84.277 | 99.039 | 99.596 | 91.276 | 91.276 |
|         0         | 84.328 | 99.039 | 99.596 | 91.301 | 91.301 |
|         1         | 84.277 | 99.039 | 99.596 | 91.276 | 91.276 |
|         2         | 84.328 | 99.039 | 99.596 | 91.293 | 91.293 |
|         4         | 84.580 | 99.039 | 99.596 | 91.427 | 91.427 |
|         9         | 84.681 | 98.989 | 99.596 | 91.442 | 91.442 |
|         14        | 84.783 | 98.888 | 99.545 | 91.468 | 91.468 |
|         19        | 84.681 | 98.837 | 99.494 | 91.405 | 91.405 |
|         29        | 84.530 | 98.787 | 99.494 | 91.313 | 91.313 |
+-------------------+--------+--------+--------+--------+--------+
     logs:  {'epo': 29, 'R1': np.float32(84.53), 'R5': np.float32(98.787), 'R10': np.float32(99.494), 'mAP': np.float32(91.313), 'mINP': np.float32(91.313), 'entropy': 0.259072, 'uncertainty': 1.0, 'uncertainty_coeffi': 1.0, 'loss': 0.259072, 'lr': 6e-06}
      TTA Epoch: [30] [ 0/61]  eta: 0:00:28  entropy: 0.2373  uncertainty: 1.0000  uncertainty_coeffi: 1.0000  loss: 0.2373  lr: 0.000006  time: 0.4663  data: 0.3802  max mem: 2671
      TTA Epoch: [30] [60/61]  eta: 0:00:00  entropy: 0.3233  uncertainty: 1.0000  uncertainty_coeffi: 1.0000  loss: 0.3233  lr: 0.000006  time: 0.0611  data: 0.0001  max mem: 2671
      TTA Epoch: [30] Total time: 0:00:04 (0.0683 s / it)
     Averaged stats: entropy: 0.2496  uncertainty: 1.0000  uncertainty_coeffi: 1.0000  loss: 0.2496  lr: 0.0000
     itm tta time 0:00:04
      TTA Epoch: [31] [ 0/61]  eta: 0:00:27  entropy: 0.2837  uncertainty: 1.0000  uncertainty_coeffi: 1.0000  loss: 0.2837  lr: 0.000006  time: 0.4430  data: 0.3589  max mem: 2671
      TTA Epoch: [31] [60/61]  eta: 0:00:00  entropy: 0.2714  uncertainty: 1.0000  uncertainty_coeffi: 1.0000  loss: 0.2714  lr: 0.000005  time: 0.0602  data: 0.0001  max mem: 2671
      TTA Epoch: [31] Total time: 0:00:04 (0.0670 s / it)
     Averaged stats: entropy: 0.2552  uncertainty: 1.0000  uncertainty_coeffi: 1.0000  loss: 0.2552  lr: 0.0000
     itm tta time 0:00:04
      TTA Epoch: [32] [ 0/61]  eta: 0:00:27  entropy: 0.2717  uncertainty: 1.0000  uncertainty_coeffi: 1.0000  loss: 0.2717  lr: 0.000005  time: 0.4543  data: 0.3516  max mem: 2671
      TTA Epoch: [32] [60/61]  eta: 0:00:00  entropy: 0.3153  uncertainty: 1.0000  uncertainty_coeffi: 1.0000  loss: 0.3153  lr: 0.000003  time: 0.0612  data: 0.0001  max mem: 2671
      TTA Epoch: [32] Total time: 0:00:04 (0.0680 s / it)
     Averaged stats: entropy: 0.2509  uncertainty: 1.0000  uncertainty_coeffi: 1.0000  loss: 0.2509  lr: 0.0000
     itm tta time 0:00:04
      TTA Epoch: [33] [ 0/61]  eta: 0:00:26  entropy: 0.2769  uncertainty: 1.0000  uncertainty_coeffi: 1.0000  loss: 0.2769  lr: 0.000003  time: 0.4318  data: 0.3439  max mem: 2671
      TTA Epoch: [33] [60/61]  eta: 0:00:00  entropy: 0.3303  uncertainty: 1.0000  uncertainty_coeffi: 1.0000  loss: 0.3303  lr: 0.000003  time: 0.0610  data: 0.0001  max mem: 2671
      TTA Epoch: [33] Total time: 0:00:04 (0.0678 s / it)
     Averaged stats: entropy: 0.2513  uncertainty: 1.0000  uncertainty_coeffi: 1.0000  loss: 0.2513  lr: 0.0000
     itm tta time 0:00:04
      TTA Epoch: [34] [ 0/61]  eta: 0:00:26  entropy: 0.2435  uncertainty: 1.0000  uncertainty_coeffi: 1.0000  loss: 0.2435  lr: 0.000003  time: 0.4399  data: 0.3492  max mem: 2671
      TTA Epoch: [34] [60/61]  eta: 0:00:00  entropy: 0.2725  uncertainty: 1.0000  uncertainty_coeffi: 1.0000  loss: 0.2725  lr: 0.000002  time: 0.0605  data: 0.0001  max mem: 2671
      TTA Epoch: [34] Total time: 0:00:04 (0.0671 s / it)
     Averaged stats: entropy: 0.2464  uncertainty: 1.0000  uncertainty_coeffi: 1.0000  loss: 0.2464  lr: 0.0000
     itm tta time 0:00:04
      TTA Epoch: [35] [ 0/61]  eta: 0:00:27  entropy: 0.3179  uncertainty: 1.0000  uncertainty_coeffi: 1.0000  loss: 0.3179  lr: 0.000002  time: 0.4539  data: 0.3404  max mem: 2671
      TTA Epoch: [35] [60/61]  eta: 0:00:00  entropy: 0.2217  uncertainty: 1.0000  uncertainty_coeffi: 1.0000  loss: 0.2217  lr: 0.000002  time: 0.0609  data: 0.0001  max mem: 2671
      TTA Epoch: [35] Total time: 0:00:04 (0.0678 s / it)
     Averaged stats: entropy: 0.2477  uncertainty: 1.0000  uncertainty_coeffi: 1.0000  loss: 0.2477  lr: 0.0000
     itm tta time 0:00:04
      TTA Epoch: [36] [ 0/61]  eta: 0:00:25  entropy: 0.2075  uncertainty: 1.0000  uncertainty_coeffi: 1.0000  loss: 0.2075  lr: 0.000002  time: 0.4132  data: 0.3374  max mem: 2671
      TTA Epoch: [36] [60/61]  eta: 0:00:00  entropy: 0.2650  uncertainty: 1.0000  uncertainty_coeffi: 1.0000  loss: 0.2650  lr: 0.000002  time: 0.0612  data: 0.0001  max mem: 2671
      TTA Epoch: [36] Total time: 0:00:04 (0.0672 s / it)
     Averaged stats: entropy: 0.2474  uncertainty: 1.0000  uncertainty_coeffi: 1.0000  loss: 0.2474  lr: 0.0000
     itm tta time 0:00:04
      TTA Epoch: [37] [ 0/61]  eta: 0:00:26  entropy: 0.2957  uncertainty: 1.0000  uncertainty_coeffi: 1.0000  loss: 0.2957  lr: 0.000002  time: 0.4424  data: 0.3549  max mem: 2671
      TTA Epoch: [37] [60/61]  eta: 0:00:00  entropy: 0.2923  uncertainty: 1.0000  uncertainty_coeffi: 1.0000  loss: 0.2923  lr: 0.000002  time: 0.0607  data: 0.0001  max mem: 2671
      TTA Epoch: [37] Total time: 0:00:04 (0.0675 s / it)
     Averaged stats: entropy: 0.2459  uncertainty: 1.0000  uncertainty_coeffi: 1.0000  loss: 0.2459  lr: 0.0000
     itm tta time 0:00:04
      TTA Epoch: [38] [ 0/61]  eta: 0:00:26  entropy: 0.3625  uncertainty: 1.0000  uncertainty_coeffi: 1.0000  loss: 0.3625  lr: 0.000002  time: 0.4276  data: 0.3418  max mem: 2671
      TTA Epoch: [38] [60/61]  eta: 0:00:00  entropy: 0.3061  uncertainty: 1.0000  uncertainty_coeffi: 1.0000  loss: 0.3061  lr: 0.000002  time: 0.0607  data: 0.0001  max mem: 2671
      TTA Epoch: [38] Total time: 0:00:04 (0.0672 s / it)
     Averaged stats: entropy: 0.2496  uncertainty: 1.0000  uncertainty_coeffi: 1.0000  loss: 0.2496  lr: 0.0000
     itm tta time 0:00:04
      TTA Epoch: [39] [ 0/61]  eta: 0:00:25  entropy: 0.1946  uncertainty: 1.0000  uncertainty_coeffi: 1.0000  loss: 0.1946  lr: 0.000002  time: 0.4210  data: 0.3507  max mem: 2671
      TTA Epoch: [39] [60/61]  eta: 0:00:00  entropy: 0.2077  uncertainty: 1.0000  uncertainty_coeffi: 1.0000  loss: 0.2077  lr: 0.000002  time: 0.0600  data: 0.0001  max mem: 2671
      TTA Epoch: [39] Total time: 0:00:04 (0.0665 s / it)
     Averaged stats: entropy: 0.2450  uncertainty: 1.0000  uncertainty_coeffi: 1.0000  loss: 0.2450  lr: 0.0000
     itm tta time 0:00:04
     Computing matching score
      Evaluation: [   0/1978]  eta: 0:02:22    time: 0.0722  data: 0.0024  max mem: 2671
      Evaluation: [ 100/1978]  eta: 0:02:13    time: 0.0710  data: 0.0000  max mem: 2671
      Evaluation: [ 200/1978]  eta: 0:02:06    time: 0.0712  data: 0.0000  max mem: 2671
      Evaluation: [ 300/1978]  eta: 0:01:59    time: 0.0710  data: 0.0000  max mem: 2671
      Evaluation: [ 400/1978]  eta: 0:01:52    time: 0.0711  data: 0.0000  max mem: 2671
      Evaluation: [ 500/1978]  eta: 0:01:45    time: 0.0715  data: 0.0000  max mem: 2671
      Evaluation: [ 600/1978]  eta: 0:01:38    time: 0.0711  data: 0.0000  max mem: 2671
      Evaluation: [ 700/1978]  eta: 0:01:30    time: 0.0711  data: 0.0000  max mem: 2671
      Evaluation: [ 800/1978]  eta: 0:01:23    time: 0.0712  data: 0.0000  max mem: 2671
      Evaluation: [ 900/1978]  eta: 0:01:16    time: 0.0710  data: 0.0000  max mem: 2671
      Evaluation: [1000/1978]  eta: 0:01:09    time: 0.0713  data: 0.0000  max mem: 2671
      Evaluation: [1100/1978]  eta: 0:01:02    time: 0.0712  data: 0.0000  max mem: 2671
      Evaluation: [1200/1978]  eta: 0:00:55    time: 0.0712  data: 0.0000  max mem: 2671
      Evaluation: [1300/1978]  eta: 0:00:48    time: 0.0717  data: 0.0000  max mem: 2671
      Evaluation: [1400/1978]  eta: 0:00:41    time: 0.0712  data: 0.0000  max mem: 2671
      Evaluation: [1500/1978]  eta: 0:00:34    time: 0.0709  data: 0.0000  max mem: 2671
      Evaluation: [1600/1978]  eta: 0:00:26    time: 0.0709  data: 0.0000  max mem: 2671
      Evaluation: [1700/1978]  eta: 0:00:19    time: 0.0710  data: 0.0000  max mem: 2671
      Evaluation: [1800/1978]  eta: 0:00:12    time: 0.0710  data: 0.0000  max mem: 2671
      Evaluation: [1900/1978]  eta: 0:00:05    time: 0.0711  data: 0.0000  max mem: 2671
      Evaluation: [1977/1978]  eta: 0:00:00    time: 0.0710  data: 0.0000  max mem: 2671
      Evaluation: Total time: 0:02:20 (0.0712 s / it)
     Computing matching score time 0:02:21
### TTA ITM Score: 
+-------------------+--------+--------+--------+--------+--------+
|       epoch       |   R1   |   R5   |  R10   |  mAP   |  mINP  |
+-------------------+--------+--------+--------+--------+--------+
|  cos_sim_wo/norm  | 58.544 | 91.860 | 95.703 | 73.596 | 73.596 |
|        -999       | 69.414 | 95.197 | 97.776 | 81.233 | 81.233 |
| itm_score_wo/norm | 84.328 | 98.989 | 99.494 | 91.293 | 91.293 |
|        -999       | 84.277 | 99.039 | 99.596 | 91.276 | 91.276 |
|         0         | 84.328 | 99.039 | 99.596 | 91.301 | 91.301 |
|         1         | 84.277 | 99.039 | 99.596 | 91.276 | 91.276 |
|         2         | 84.328 | 99.039 | 99.596 | 91.293 | 91.293 |
|         4         | 84.580 | 99.039 | 99.596 | 91.427 | 91.427 |
|         9         | 84.681 | 98.989 | 99.596 | 91.442 | 91.442 |
|         14        | 84.783 | 98.888 | 99.545 | 91.468 | 91.468 |
|         19        | 84.681 | 98.837 | 99.494 | 91.405 | 91.405 |
|         29        | 84.530 | 98.787 | 99.494 | 91.313 | 91.313 |
|         39        | 84.429 | 98.736 | 99.494 | 91.245 | 91.245 |
+-------------------+--------+--------+--------+--------+--------+
     logs:  {'epo': 39, 'R1': np.float32(84.429), 'R5': np.float32(98.736), 'R10': np.float32(99.494), 'mAP': np.float32(91.245), 'mINP': np.float32(91.245), 'entropy': 0.24503, 'uncertainty': 1.0, 'uncertainty_coeffi': 1.0, 'loss': 0.24503, 'lr': 2e-06}
      TTA Epoch: [40] [ 0/61]  eta: 0:00:26  entropy: 0.2409  uncertainty: 1.0000  uncertainty_coeffi: 1.0000  loss: 0.2409  lr: 0.000002  time: 0.4368  data: 0.3546  max mem: 2671
      TTA Epoch: [40] [60/61]  eta: 0:00:00  entropy: 0.3175  uncertainty: 1.0000  uncertainty_coeffi: 1.0000  loss: 0.3175  lr: 0.000002  time: 0.0602  data: 0.0001  max mem: 2671
      TTA Epoch: [40] Total time: 0:00:04 (0.0669 s / it)
     Averaged stats: entropy: 0.2448  uncertainty: 1.0000  uncertainty_coeffi: 1.0000  loss: 0.2448  lr: 0.0000
     itm tta time 0:00:04
      TTA Epoch: [41] [ 0/61]  eta: 0:00:25  entropy: 0.3118  uncertainty: 1.0000  uncertainty_coeffi: 1.0000  loss: 0.3118  lr: 0.000002  time: 0.4253  data: 0.3481  max mem: 2671
      TTA Epoch: [41] [60/61]  eta: 0:00:00  entropy: 0.1565  uncertainty: 1.0000  uncertainty_coeffi: 1.0000  loss: 0.1565  lr: 0.000002  time: 0.0609  data: 0.0001  max mem: 2671
      TTA Epoch: [41] Total time: 0:00:04 (0.0674 s / it)
     Averaged stats: entropy: 0.2482  uncertainty: 1.0000  uncertainty_coeffi: 1.0000  loss: 0.2482  lr: 0.0000
     itm tta time 0:00:04
      TTA Epoch: [42] [ 0/61]  eta: 0:00:24  entropy: 0.2225  uncertainty: 1.0000  uncertainty_coeffi: 1.0000  loss: 0.2225  lr: 0.000002  time: 0.4089  data: 0.3377  max mem: 2671
      TTA Epoch: [42] [60/61]  eta: 0:00:00  entropy: 0.1825  uncertainty: 1.0000  uncertainty_coeffi: 1.0000  loss: 0.1825  lr: 0.000002  time: 0.0608  data: 0.0001  max mem: 2671
      TTA Epoch: [42] Total time: 0:00:04 (0.0671 s / it)
     Averaged stats: entropy: 0.2436  uncertainty: 1.0000  uncertainty_coeffi: 1.0000  loss: 0.2436  lr: 0.0000
     itm tta time 0:00:04
      TTA Epoch: [43] [ 0/61]  eta: 0:00:24  entropy: 0.1646  uncertainty: 1.0000  uncertainty_coeffi: 1.0000  loss: 0.1646  lr: 0.000002  time: 0.4091  data: 0.3402  max mem: 2671
      TTA Epoch: [43] [60/61]  eta: 0:00:00  entropy: 0.2796  uncertainty: 1.0000  uncertainty_coeffi: 1.0000  loss: 0.2796  lr: 0.000002  time: 0.0608  data: 0.0001  max mem: 2671
      TTA Epoch: [43] Total time: 0:00:04 (0.0682 s / it)
     Averaged stats: entropy: 0.2437  uncertainty: 1.0000  uncertainty_coeffi: 1.0000  loss: 0.2437  lr: 0.0000
     itm tta time 0:00:04
      TTA Epoch: [44] [ 0/61]  eta: 0:00:26  entropy: 0.2511  uncertainty: 1.0000  uncertainty_coeffi: 1.0000  loss: 0.2511  lr: 0.000002  time: 0.4309  data: 0.3401  max mem: 2671
      TTA Epoch: [44] [60/61]  eta: 0:00:00  entropy: 0.1716  uncertainty: 1.0000  uncertainty_coeffi: 1.0000  loss: 0.1716  lr: 0.000002  time: 0.0610  data: 0.0001  max mem: 2671
      TTA Epoch: [44] Total time: 0:00:04 (0.0674 s / it)
     Averaged stats: entropy: 0.2443  uncertainty: 1.0000  uncertainty_coeffi: 1.0000  loss: 0.2443  lr: 0.0000
     itm tta time 0:00:04
      TTA Epoch: [45] [ 0/61]  eta: 0:00:25  entropy: 0.1939  uncertainty: 1.0000  uncertainty_coeffi: 1.0000  loss: 0.1939  lr: 0.000002  time: 0.4156  data: 0.3468  max mem: 2671
      TTA Epoch: [45] [60/61]  eta: 0:00:00  entropy: 0.2427  uncertainty: 1.0000  uncertainty_coeffi: 1.0000  loss: 0.2427  lr: 0.000001  time: 0.0605  data: 0.0001  max mem: 2671
      TTA Epoch: [45] Total time: 0:00:04 (0.0665 s / it)
     Averaged stats: entropy: 0.2418  uncertainty: 1.0000  uncertainty_coeffi: 1.0000  loss: 0.2418  lr: 0.0000
     itm tta time 0:00:04
      TTA Epoch: [46] [ 0/61]  eta: 0:00:27  entropy: 0.2876  uncertainty: 1.0000  uncertainty_coeffi: 1.0000  loss: 0.2876  lr: 0.000001  time: 0.4480  data: 0.3540  max mem: 2671
      TTA Epoch: [46] [60/61]  eta: 0:00:00  entropy: 0.2581  uncertainty: 1.0000  uncertainty_coeffi: 1.0000  loss: 0.2581  lr: 0.000001  time: 0.0598  data: 0.0001  max mem: 2671
      TTA Epoch: [46] Total time: 0:00:04 (0.0673 s / it)
     Averaged stats: entropy: 0.2387  uncertainty: 1.0000  uncertainty_coeffi: 1.0000  loss: 0.2387  lr: 0.0000
     itm tta time 0:00:04
      TTA Epoch: [47] [ 0/61]  eta: 0:00:26  entropy: 0.3019  uncertainty: 1.0000  uncertainty_coeffi: 1.0000  loss: 0.3019  lr: 0.000001  time: 0.4264  data: 0.3463  max mem: 2671
      TTA Epoch: [47] [60/61]  eta: 0:00:00  entropy: 0.2485  uncertainty: 1.0000  uncertainty_coeffi: 1.0000  loss: 0.2485  lr: 0.000001  time: 0.0602  data: 0.0001  max mem: 2671
      TTA Epoch: [47] Total time: 0:00:04 (0.0668 s / it)
     Averaged stats: entropy: 0.2430  uncertainty: 1.0000  uncertainty_coeffi: 1.0000  loss: 0.2430  lr: 0.0000
     itm tta time 0:00:04
      TTA Epoch: [48] [ 0/61]  eta: 0:00:24  entropy: 0.1784  uncertainty: 1.0000  uncertainty_coeffi: 1.0000  loss: 0.1784  lr: 0.000001  time: 0.4081  data: 0.3394  max mem: 2671
      TTA Epoch: [48] [60/61]  eta: 0:00:00  entropy: 0.2921  uncertainty: 1.0000  uncertainty_coeffi: 1.0000  loss: 0.2921  lr: 0.000001  time: 0.0608  data: 0.0001  max mem: 2671
      TTA Epoch: [48] Total time: 0:00:04 (0.0667 s / it)
     Averaged stats: entropy: 0.2441  uncertainty: 1.0000  uncertainty_coeffi: 1.0000  loss: 0.2441  lr: 0.0000
     itm tta time 0:00:04
      TTA Epoch: [49] [ 0/61]  eta: 0:00:27  entropy: 0.2083  uncertainty: 1.0000  uncertainty_coeffi: 1.0000  loss: 0.2083  lr: 0.000001  time: 0.4482  data: 0.3417  max mem: 2671
      TTA Epoch: [49] [60/61]  eta: 0:00:00  entropy: 0.1953  uncertainty: 1.0000  uncertainty_coeffi: 1.0000  loss: 0.1953  lr: 0.000001  time: 0.0609  data: 0.0001  max mem: 2671
      TTA Epoch: [49] Total time: 0:00:04 (0.0678 s / it)
     Averaged stats: entropy: 0.2391  uncertainty: 1.0000  uncertainty_coeffi: 1.0000  loss: 0.2391  lr: 0.0000
     itm tta time 0:00:04
     Computing matching score
      Evaluation: [   0/1978]  eta: 0:02:30    time: 0.0762  data: 0.0026  max mem: 2671
      Evaluation: [ 100/1978]  eta: 0:02:13    time: 0.0712  data: 0.0000  max mem: 2671
      Evaluation: [ 200/1978]  eta: 0:02:06    time: 0.0710  data: 0.0000  max mem: 2671
      Evaluation: [ 300/1978]  eta: 0:01:59    time: 0.0710  data: 0.0000  max mem: 2671
      Evaluation: [ 400/1978]  eta: 0:01:52    time: 0.0708  data: 0.0000  max mem: 2671
      Evaluation: [ 500/1978]  eta: 0:01:44    time: 0.0708  data: 0.0000  max mem: 2671
      Evaluation: [ 600/1978]  eta: 0:01:37    time: 0.0709  data: 0.0000  max mem: 2671
      Evaluation: [ 700/1978]  eta: 0:01:30    time: 0.0710  data: 0.0000  max mem: 2671
      Evaluation: [ 800/1978]  eta: 0:01:23    time: 0.0708  data: 0.0000  max mem: 2671
      Evaluation: [ 900/1978]  eta: 0:01:16    time: 0.0709  data: 0.0000  max mem: 2671
      Evaluation: [1000/1978]  eta: 0:01:09    time: 0.0712  data: 0.0000  max mem: 2671
      Evaluation: [1100/1978]  eta: 0:01:02    time: 0.0711  data: 0.0000  max mem: 2671
      Evaluation: [1200/1978]  eta: 0:00:55    time: 0.0710  data: 0.0000  max mem: 2671
      Evaluation: [1300/1978]  eta: 0:00:48    time: 0.0712  data: 0.0000  max mem: 2671
      Evaluation: [1400/1978]  eta: 0:00:41    time: 0.0709  data: 0.0000  max mem: 2671
      Evaluation: [1500/1978]  eta: 0:00:33    time: 0.0711  data: 0.0000  max mem: 2671
      Evaluation: [1600/1978]  eta: 0:00:26    time: 0.0712  data: 0.0000  max mem: 2671
      Evaluation: [1700/1978]  eta: 0:00:19    time: 0.0712  data: 0.0000  max mem: 2671
      Evaluation: [1800/1978]  eta: 0:00:12    time: 0.0715  data: 0.0000  max mem: 2671
      Evaluation: [1900/1978]  eta: 0:00:05    time: 0.0711  data: 0.0000  max mem: 2671
      Evaluation: [1977/1978]  eta: 0:00:00    time: 0.0713  data: 0.0000  max mem: 2671
      Evaluation: Total time: 0:02:20 (0.0710 s / it)
     Computing matching score time 0:02:20
### TTA ITM Score: 
+-------------------+--------+--------+--------+--------+--------+
|       epoch       |   R1   |   R5   |  R10   |  mAP   |  mINP  |
+-------------------+--------+--------+--------+--------+--------+
|  cos_sim_wo/norm  | 58.544 | 91.860 | 95.703 | 73.596 | 73.596 |
|        -999       | 69.414 | 95.197 | 97.776 | 81.233 | 81.233 |
| itm_score_wo/norm | 84.328 | 98.989 | 99.494 | 91.293 | 91.293 |
|        -999       | 84.277 | 99.039 | 99.596 | 91.276 | 91.276 |
|         0         | 84.328 | 99.039 | 99.596 | 91.301 | 91.301 |
|         1         | 84.277 | 99.039 | 99.596 | 91.276 | 91.276 |
|         2         | 84.328 | 99.039 | 99.596 | 91.293 | 91.293 |
|         4         | 84.580 | 99.039 | 99.596 | 91.427 | 91.427 |
|         9         | 84.681 | 98.989 | 99.596 | 91.442 | 91.442 |
|         14        | 84.783 | 98.888 | 99.545 | 91.468 | 91.468 |
|         19        | 84.681 | 98.837 | 99.494 | 91.405 | 91.405 |
|         29        | 84.530 | 98.787 | 99.494 | 91.313 | 91.313 |
|         39        | 84.429 | 98.736 | 99.494 | 91.245 | 91.245 |
|         49        | 84.378 | 98.787 | 99.494 | 91.208 | 91.208 |
+-------------------+--------+--------+--------+--------+--------+
     logs:  {'epo': 49, 'R1': np.float32(84.378), 'R5': np.float32(98.787), 'R10': np.float32(99.494), 'mAP': np.float32(91.208), 'mINP': np.float32(91.208), 'entropy': 0.239089, 'uncertainty': 1.0, 'uncertainty_coeffi': 1.0, 'loss': 0.239089, 'lr': 1e-06}
      TTA Epoch: [50] [ 0/61]  eta: 0:00:25  entropy: 0.2577  uncertainty: 1.0000  uncertainty_coeffi: 1.0000  loss: 0.2577  lr: 0.000001  time: 0.4245  data: 0.3433  max mem: 2671
      TTA Epoch: [50] [60/61]  eta: 0:00:00  entropy: 0.1968  uncertainty: 1.0000  uncertainty_coeffi: 1.0000  loss: 0.1968  lr: 0.000001  time: 0.0610  data: 0.0001  max mem: 2671
      TTA Epoch: [50] Total time: 0:00:04 (0.0673 s / it)
     Averaged stats: entropy: 0.2453  uncertainty: 1.0000  uncertainty_coeffi: 1.0000  loss: 0.2453  lr: 0.0000
     itm tta time 0:00:04
      TTA Epoch: [51] [ 0/61]  eta: 0:00:27  entropy: 0.2161  uncertainty: 1.0000  uncertainty_coeffi: 1.0000  loss: 0.2161  lr: 0.000001  time: 0.4485  data: 0.3448  max mem: 2671
      TTA Epoch: [51] [60/61]  eta: 0:00:00  entropy: 0.3217  uncertainty: 1.0000  uncertainty_coeffi: 1.0000  loss: 0.3217  lr: 0.000001  time: 0.0608  data: 0.0001  max mem: 2671
      TTA Epoch: [51] Total time: 0:00:04 (0.0678 s / it)
     Averaged stats: entropy: 0.2433  uncertainty: 1.0000  uncertainty_coeffi: 1.0000  loss: 0.2433  lr: 0.0000
     itm tta time 0:00:04
      TTA Epoch: [52] [ 0/61]  eta: 0:00:25  entropy: 0.2306  uncertainty: 1.0000  uncertainty_coeffi: 1.0000  loss: 0.2306  lr: 0.000001  time: 0.4185  data: 0.3410  max mem: 2671
      TTA Epoch: [52] [60/61]  eta: 0:00:00  entropy: 0.2957  uncertainty: 1.0000  uncertainty_coeffi: 1.0000  loss: 0.2957  lr: 0.000001  time: 0.0609  data: 0.0001  max mem: 2671
      TTA Epoch: [52] Total time: 0:00:04 (0.0673 s / it)
     Averaged stats: entropy: 0.2443  uncertainty: 1.0000  uncertainty_coeffi: 1.0000  loss: 0.2443  lr: 0.0000
     itm tta time 0:00:04
      TTA Epoch: [53] [ 0/61]  eta: 0:00:25  entropy: 0.1979  uncertainty: 1.0000  uncertainty_coeffi: 1.0000  loss: 0.1979  lr: 0.000001  time: 0.4146  data: 0.3410  max mem: 2671
      TTA Epoch: [53] [60/61]  eta: 0:00:00  entropy: 0.2146  uncertainty: 1.0000  uncertainty_coeffi: 1.0000  loss: 0.2146  lr: 0.000001  time: 0.0606  data: 0.0001  max mem: 2671
      TTA Epoch: [53] Total time: 0:00:04 (0.0671 s / it)
     Averaged stats: entropy: 0.2438  uncertainty: 1.0000  uncertainty_coeffi: 1.0000  loss: 0.2438  lr: 0.0000
     itm tta time 0:00:04
      TTA Epoch: [54] [ 0/61]  eta: 0:00:25  entropy: 0.2543  uncertainty: 1.0000  uncertainty_coeffi: 1.0000  loss: 0.2543  lr: 0.000001  time: 0.4164  data: 0.3467  max mem: 2671
      TTA Epoch: [54] [60/61]  eta: 0:00:00  entropy: 0.1465  uncertainty: 1.0000  uncertainty_coeffi: 1.0000  loss: 0.1465  lr: 0.000001  time: 0.0608  data: 0.0001  max mem: 2671
      TTA Epoch: [54] Total time: 0:00:04 (0.0672 s / it)
     Averaged stats: entropy: 0.2456  uncertainty: 1.0000  uncertainty_coeffi: 1.0000  loss: 0.2456  lr: 0.0000
     itm tta time 0:00:04
      TTA Epoch: [55] [ 0/61]  eta: 0:00:26  entropy: 0.2508  uncertainty: 1.0000  uncertainty_coeffi: 1.0000  loss: 0.2508  lr: 0.000001  time: 0.4269  data: 0.3445  max mem: 2671
      TTA Epoch: [55] [60/61]  eta: 0:00:00  entropy: 0.2185  uncertainty: 1.0000  uncertainty_coeffi: 1.0000  loss: 0.2185  lr: 0.000000  time: 0.0609  data: 0.0001  max mem: 2671
      TTA Epoch: [55] Total time: 0:00:04 (0.0675 s / it)
     Averaged stats: entropy: 0.2417  uncertainty: 1.0000  uncertainty_coeffi: 1.0000  loss: 0.2417  lr: 0.0000
     itm tta time 0:00:04
      TTA Epoch: [56] [ 0/61]  eta: 0:00:26  entropy: 0.1584  uncertainty: 1.0000  uncertainty_coeffi: 1.0000  loss: 0.1584  lr: 0.000000  time: 0.4336  data: 0.3512  max mem: 2671
      TTA Epoch: [56] [60/61]  eta: 0:00:00  entropy: 0.2935  uncertainty: 1.0000  uncertainty_coeffi: 1.0000  loss: 0.2935  lr: 0.000000  time: 0.0608  data: 0.0001  max mem: 2671
      TTA Epoch: [56] Total time: 0:00:04 (0.0675 s / it)
     Averaged stats: entropy: 0.2415  uncertainty: 1.0000  uncertainty_coeffi: 1.0000  loss: 0.2415  lr: 0.0000
     itm tta time 0:00:04
      TTA Epoch: [57] [ 0/61]  eta: 0:00:24  entropy: 0.2396  uncertainty: 1.0000  uncertainty_coeffi: 1.0000  loss: 0.2396  lr: 0.000000  time: 0.4095  data: 0.3394  max mem: 2671
      TTA Epoch: [57] [60/61]  eta: 0:00:00  entropy: 0.1831  uncertainty: 1.0000  uncertainty_coeffi: 1.0000  loss: 0.1831  lr: 0.000000  time: 0.0608  data: 0.0001  max mem: 2671
      TTA Epoch: [57] Total time: 0:00:04 (0.0667 s / it)
     Averaged stats: entropy: 0.2418  uncertainty: 1.0000  uncertainty_coeffi: 1.0000  loss: 0.2418  lr: 0.0000
     itm tta time 0:00:04
      TTA Epoch: [58] [ 0/61]  eta: 0:00:24  entropy: 0.2486  uncertainty: 1.0000  uncertainty_coeffi: 1.0000  loss: 0.2486  lr: 0.000000  time: 0.4090  data: 0.3399  max mem: 2671
      TTA Epoch: [58] [60/61]  eta: 0:00:00  entropy: 0.2152  uncertainty: 1.0000  uncertainty_coeffi: 1.0000  loss: 0.2152  lr: 0.000000  time: 0.0610  data: 0.0001  max mem: 2671
      TTA Epoch: [58] Total time: 0:00:04 (0.0668 s / it)
     Averaged stats: entropy: 0.2399  uncertainty: 1.0000  uncertainty_coeffi: 1.0000  loss: 0.2399  lr: 0.0000
     itm tta time 0:00:04
      TTA Epoch: [59] [ 0/61]  eta: 0:00:30  entropy: 0.1234  uncertainty: 1.0000  uncertainty_coeffi: 1.0000  loss: 0.1234  lr: 0.000000  time: 0.4953  data: 0.3772  max mem: 2671
      TTA Epoch: [59] [60/61]  eta: 0:00:00  entropy: 0.2531  uncertainty: 1.0000  uncertainty_coeffi: 1.0000  loss: 0.2531  lr: 0.000000  time: 0.0611  data: 0.0001  max mem: 2671
      TTA Epoch: [59] Total time: 0:00:04 (0.0685 s / it)
     Averaged stats: entropy: 0.2410  uncertainty: 1.0000  uncertainty_coeffi: 1.0000  loss: 0.2410  lr: 0.0000
     itm tta time 0:00:04
     Computing matching score
      Evaluation: [   0/1978]  eta: 0:02:29    time: 0.0753  data: 0.0035  max mem: 2671
      Evaluation: [ 100/1978]  eta: 0:02:13    time: 0.0711  data: 0.0000  max mem: 2671
      Evaluation: [ 200/1978]  eta: 0:02:06    time: 0.0711  data: 0.0000  max mem: 2671
      Evaluation: [ 300/1978]  eta: 0:01:59    time: 0.0714  data: 0.0000  max mem: 2671
      Evaluation: [ 400/1978]  eta: 0:01:52    time: 0.0715  data: 0.0000  max mem: 2671
      Evaluation: [ 500/1978]  eta: 0:01:45    time: 0.0712  data: 0.0000  max mem: 2671
      Evaluation: [ 600/1978]  eta: 0:01:38    time: 0.0712  data: 0.0000  max mem: 2671
      Evaluation: [ 700/1978]  eta: 0:01:31    time: 0.0713  data: 0.0000  max mem: 2671
      Evaluation: [ 800/1978]  eta: 0:01:24    time: 0.0714  data: 0.0000  max mem: 2671
      Evaluation: [ 900/1978]  eta: 0:01:16    time: 0.0719  data: 0.0000  max mem: 2671
      Evaluation: [1000/1978]  eta: 0:01:09    time: 0.0714  data: 0.0000  max mem: 2671
      Evaluation: [1100/1978]  eta: 0:01:02    time: 0.0716  data: 0.0000  max mem: 2671
      Evaluation: [1200/1978]  eta: 0:00:55    time: 0.0712  data: 0.0000  max mem: 2671
      Evaluation: [1300/1978]  eta: 0:00:48    time: 0.0713  data: 0.0000  max mem: 2671
      Evaluation: [1400/1978]  eta: 0:00:41    time: 0.0717  data: 0.0000  max mem: 2671
      Evaluation: [1500/1978]  eta: 0:00:34    time: 0.0716  data: 0.0000  max mem: 2671
      Evaluation: [1600/1978]  eta: 0:00:26    time: 0.0713  data: 0.0000  max mem: 2671
      Evaluation: [1700/1978]  eta: 0:00:19    time: 0.0714  data: 0.0000  max mem: 2671
      Evaluation: [1800/1978]  eta: 0:00:12    time: 0.0715  data: 0.0000  max mem: 2671
      Evaluation: [1900/1978]  eta: 0:00:05    time: 0.0713  data: 0.0000  max mem: 2671
      Evaluation: [1977/1978]  eta: 0:00:00    time: 0.0714  data: 0.0000  max mem: 2671
      Evaluation: Total time: 0:02:21 (0.0714 s / it)
     Computing matching score time 0:02:21
### TTA ITM Score: 
+-------------------+--------+--------+--------+--------+--------+
|       epoch       |   R1   |   R5   |  R10   |  mAP   |  mINP  |
+-------------------+--------+--------+--------+--------+--------+
|  cos_sim_wo/norm  | 58.544 | 91.860 | 95.703 | 73.596 | 73.596 |
|        -999       | 69.414 | 95.197 | 97.776 | 81.233 | 81.233 |
| itm_score_wo/norm | 84.328 | 98.989 | 99.494 | 91.293 | 91.293 |
|        -999       | 84.277 | 99.039 | 99.596 | 91.276 | 91.276 |
|         0         | 84.328 | 99.039 | 99.596 | 91.301 | 91.301 |
|         1         | 84.277 | 99.039 | 99.596 | 91.276 | 91.276 |
|         2         | 84.328 | 99.039 | 99.596 | 91.293 | 91.293 |
|         4         | 84.580 | 99.039 | 99.596 | 91.427 | 91.427 |
|         9         | 84.681 | 98.989 | 99.596 | 91.442 | 91.442 |
|         14        | 84.783 | 98.888 | 99.545 | 91.468 | 91.468 |
|         19        | 84.681 | 98.837 | 99.494 | 91.405 | 91.405 |
|         29        | 84.530 | 98.787 | 99.494 | 91.313 | 91.313 |
|         39        | 84.429 | 98.736 | 99.494 | 91.245 | 91.245 |
|         49        | 84.378 | 98.787 | 99.494 | 91.208 | 91.208 |
|         59        | 84.328 | 98.787 | 99.494 | 91.181 | 91.181 |
+-------------------+--------+--------+--------+--------+--------+
     logs:  {'epo': 59, 'R1': np.float32(84.328), 'R5': np.float32(98.787), 'R10': np.float32(99.494), 'mAP': np.float32(91.181), 'mINP': np.float32(91.181), 'entropy': 0.241046, 'uncertainty': 1.0, 'uncertainty_coeffi': 1.0, 'loss': 0.241046, 'lr': 0.0}
### best epoch: 14
### Time 0:30:20
NNODES,  1
NODE_RANK,  0
MASTER_ADDR,  127.0.0.1
MASTER_PORT,  1612
NPROC_PER_NODE,  2
task:  exp0.1.4
config:  configs_rerun3/exp0.1.4.yaml
output_dir:  output_rerun3/exp0.1.4/2025092100500
python3 tta.py --config configs_rerun3/exp0.1.4.yaml --task exp0.1.4 --output_dir output_rerun3/exp0.1.4/2025092100500 --checkpoint checkpoint/cmp.pth --bs 0 --epo 0 --lr 0.0 --seed 42 --tta
