/home/jiahao/miniconda3/envs/cmp/lib/python3.10/site-packages/torch/functional.py:554: UserWarning: torch.meshgrid: in an upcoming release, it will be required to pass the indexing argument. (Triggered internally at /pytorch/aten/src/ATen/native/TensorShape.cpp:4322.)
  return _VF.meshgrid(tensors, **kwargs)  # type: ignore[attr-defined]
Not using distributed mode
### Hyper-parameters:
     seed: 42
     device: cuda
     output_dir: output_rerun3/exp1.1.3/2025092018541
     batch_size_tta: 32
     epochs: 60
     lr: 5e-05
### Creating test dataset
from data/PAB/annotation/test/attr.json loading 1978 data
     test dataset -->    be_pose_img: True
     test_dataset: 1978
### Creating test dataloader
### be careful: func create_loader returns a list length of 1
     test_loader: 90
### Creating model
build_vision_encoder: load swin 224 x 224 ====>
missing_keys:  []
unexpected_keys:  ['head.weight', 'head.bias']
build_text_encoder: load bert ====>
missing_keys: ['bert.encoder.layer.10.crossattention.output.LayerNorm.bias', 'bert.encoder.layer.10.crossattention.output.LayerNorm.weight', 'bert.encoder.layer.10.crossattention.output.dense.bias', 'bert.encoder.layer.10.crossattention.output.dense.weight', 'bert.encoder.layer.10.crossattention.self.key.bias', 'bert.encoder.layer.10.crossattention.self.key.weight', 'bert.encoder.layer.10.crossattention.self.query.bias', 'bert.encoder.layer.10.crossattention.self.query.weight', 'bert.encoder.layer.10.crossattention.self.value.bias', 'bert.encoder.layer.10.crossattention.self.value.weight', 'bert.encoder.layer.11.crossattention.output.LayerNorm.bias', 'bert.encoder.layer.11.crossattention.output.LayerNorm.weight', 'bert.encoder.layer.11.crossattention.output.dense.bias', 'bert.encoder.layer.11.crossattention.output.dense.weight', 'bert.encoder.layer.11.crossattention.self.key.bias', 'bert.encoder.layer.11.crossattention.self.key.weight', 'bert.encoder.layer.11.crossattention.self.query.bias', 'bert.encoder.layer.11.crossattention.self.query.weight', 'bert.encoder.layer.11.crossattention.self.value.bias', 'bert.encoder.layer.11.crossattention.self.value.weight', 'bert.encoder.layer.6.crossattention.output.LayerNorm.bias', 'bert.encoder.layer.6.crossattention.output.LayerNorm.weight', 'bert.encoder.layer.6.crossattention.output.dense.bias', 'bert.encoder.layer.6.crossattention.output.dense.weight', 'bert.encoder.layer.6.crossattention.self.key.bias', 'bert.encoder.layer.6.crossattention.self.key.weight', 'bert.encoder.layer.6.crossattention.self.query.bias', 'bert.encoder.layer.6.crossattention.self.query.weight', 'bert.encoder.layer.6.crossattention.self.value.bias', 'bert.encoder.layer.6.crossattention.self.value.weight', 'bert.encoder.layer.7.crossattention.output.LayerNorm.bias', 'bert.encoder.layer.7.crossattention.output.LayerNorm.weight', 'bert.encoder.layer.7.crossattention.output.dense.bias', 'bert.encoder.layer.7.crossattention.output.dense.weight', 'bert.encoder.layer.7.crossattention.self.key.bias', 'bert.encoder.layer.7.crossattention.self.key.weight', 'bert.encoder.layer.7.crossattention.self.query.bias', 'bert.encoder.layer.7.crossattention.self.query.weight', 'bert.encoder.layer.7.crossattention.self.value.bias', 'bert.encoder.layer.7.crossattention.self.value.weight', 'bert.encoder.layer.8.crossattention.output.LayerNorm.bias', 'bert.encoder.layer.8.crossattention.output.LayerNorm.weight', 'bert.encoder.layer.8.crossattention.output.dense.bias', 'bert.encoder.layer.8.crossattention.output.dense.weight', 'bert.encoder.layer.8.crossattention.self.key.bias', 'bert.encoder.layer.8.crossattention.self.key.weight', 'bert.encoder.layer.8.crossattention.self.query.bias', 'bert.encoder.layer.8.crossattention.self.query.weight', 'bert.encoder.layer.8.crossattention.self.value.bias', 'bert.encoder.layer.8.crossattention.self.value.weight', 'bert.encoder.layer.9.crossattention.output.LayerNorm.bias', 'bert.encoder.layer.9.crossattention.output.LayerNorm.weight', 'bert.encoder.layer.9.crossattention.output.dense.bias', 'bert.encoder.layer.9.crossattention.output.dense.weight', 'bert.encoder.layer.9.crossattention.self.key.bias', 'bert.encoder.layer.9.crossattention.self.key.weight', 'bert.encoder.layer.9.crossattention.self.query.bias', 'bert.encoder.layer.9.crossattention.self.query.weight', 'bert.encoder.layer.9.crossattention.self.value.bias', 'bert.encoder.layer.9.crossattention.self.value.weight']
unexpected_keys: ['cls.seq_relationship.bias', 'cls.seq_relationship.weight']
mismatched_keys: []
error_msgs: []
Label Smooth: 0.2
pose_conv
load checkpoint from checkpoint/cmp.pth
missing_keys:  ['uncertainty_temper', 'prompt_learning_embedding']
unexpected_keys:  []
     Total Params Sum:  254264985
### Inference ITC similiarity matrix
### Zero-Shot Score: 
+-------------------+--------+--------+--------+--------+--------+
|       epoch       |   R1   |   R5   |  R10   |  mAP   |  mINP  |
+-------------------+--------+--------+--------+--------+--------+
|  cos_sim_wo/norm  | 58.544 | 91.860 | 95.703 | 73.596 | 73.596 |
|        -999       | 69.414 | 95.197 | 97.776 | 81.233 | 81.233 |
| itm_score_wo/norm | 84.328 | 98.989 | 99.494 | 91.293 | 91.293 |
|        -999       | 84.277 | 99.039 | 99.596 | 91.276 | 91.276 |
+-------------------+--------+--------+--------+--------+--------+
### TTA:
     preprocess_tta_coefficients  start
     sample selection ...
     number of sample after sample_selection: 1958
     uncertainty ...
     preprocess_tta_coefficients  end
### Creating tta dataset
     tta_dataset: 1958
### Creating tta dataloader
### be careful: func create_loader returns a list length of 1
     tta_loader: 61
### Configure adapted weights
     TTA Dropout Modules: 
 [('vision_encoder.pos_drop', Dropout(p=0, inplace=False), True), ('vision_encoder.layers.0.blocks.0.attn.attn_drop', Dropout(p=0.0, inplace=False), True), ('vision_encoder.layers.0.blocks.0.attn.proj_drop', Dropout(p=0, inplace=False), True), ('vision_encoder.layers.0.blocks.0.mlp.drop', Dropout(p=0, inplace=False), True), ('vision_encoder.layers.0.blocks.1.attn.attn_drop', Dropout(p=0.0, inplace=False), True), ('vision_encoder.layers.0.blocks.1.attn.proj_drop', Dropout(p=0, inplace=False), True), ('vision_encoder.layers.0.blocks.1.mlp.drop', Dropout(p=0, inplace=False), True), ('vision_encoder.layers.1.blocks.0.attn.attn_drop', Dropout(p=0.0, inplace=False), True), ('vision_encoder.layers.1.blocks.0.attn.proj_drop', Dropout(p=0, inplace=False), True), ('vision_encoder.layers.1.blocks.0.mlp.drop', Dropout(p=0, inplace=False), True), ('vision_encoder.layers.1.blocks.1.attn.attn_drop', Dropout(p=0.0, inplace=False), True), ('vision_encoder.layers.1.blocks.1.attn.proj_drop', Dropout(p=0, inplace=False), True), ('vision_encoder.layers.1.blocks.1.mlp.drop', Dropout(p=0, inplace=False), True), ('vision_encoder.layers.2.blocks.0.attn.attn_drop', Dropout(p=0.0, inplace=False), True), ('vision_encoder.layers.2.blocks.0.attn.proj_drop', Dropout(p=0, inplace=False), True), ('vision_encoder.layers.2.blocks.0.mlp.drop', Dropout(p=0, inplace=False), True), ('vision_encoder.layers.2.blocks.1.attn.attn_drop', Dropout(p=0.0, inplace=False), True), ('vision_encoder.layers.2.blocks.1.attn.proj_drop', Dropout(p=0, inplace=False), True), ('vision_encoder.layers.2.blocks.1.mlp.drop', Dropout(p=0, inplace=False), True), ('vision_encoder.layers.2.blocks.2.attn.attn_drop', Dropout(p=0.0, inplace=False), True), ('vision_encoder.layers.2.blocks.2.attn.proj_drop', Dropout(p=0, inplace=False), True), ('vision_encoder.layers.2.blocks.2.mlp.drop', Dropout(p=0, inplace=False), True), ('vision_encoder.layers.2.blocks.3.attn.attn_drop', Dropout(p=0.0, inplace=False), True), ('vision_encoder.layers.2.blocks.3.attn.proj_drop', Dropout(p=0, inplace=False), True), ('vision_encoder.layers.2.blocks.3.mlp.drop', Dropout(p=0, inplace=False), True), ('vision_encoder.layers.2.blocks.4.attn.attn_drop', Dropout(p=0.0, inplace=False), True), ('vision_encoder.layers.2.blocks.4.attn.proj_drop', Dropout(p=0, inplace=False), True), ('vision_encoder.layers.2.blocks.4.mlp.drop', Dropout(p=0, inplace=False), True), ('vision_encoder.layers.2.blocks.5.attn.attn_drop', Dropout(p=0.0, inplace=False), True), ('vision_encoder.layers.2.blocks.5.attn.proj_drop', Dropout(p=0, inplace=False), True), ('vision_encoder.layers.2.blocks.5.mlp.drop', Dropout(p=0, inplace=False), True), ('vision_encoder.layers.2.blocks.6.attn.attn_drop', Dropout(p=0.0, inplace=False), True), ('vision_encoder.layers.2.blocks.6.attn.proj_drop', Dropout(p=0, inplace=False), True), ('vision_encoder.layers.2.blocks.6.mlp.drop', Dropout(p=0, inplace=False), True), ('vision_encoder.layers.2.blocks.7.attn.attn_drop', Dropout(p=0.0, inplace=False), True), ('vision_encoder.layers.2.blocks.7.attn.proj_drop', Dropout(p=0, inplace=False), True), ('vision_encoder.layers.2.blocks.7.mlp.drop', Dropout(p=0, inplace=False), True), ('vision_encoder.layers.2.blocks.8.attn.attn_drop', Dropout(p=0.0, inplace=False), True), ('vision_encoder.layers.2.blocks.8.attn.proj_drop', Dropout(p=0, inplace=False), True), ('vision_encoder.layers.2.blocks.8.mlp.drop', Dropout(p=0, inplace=False), True), ('vision_encoder.layers.2.blocks.9.attn.attn_drop', Dropout(p=0.0, inplace=False), True), ('vision_encoder.layers.2.blocks.9.attn.proj_drop', Dropout(p=0, inplace=False), True), ('vision_encoder.layers.2.blocks.9.mlp.drop', Dropout(p=0, inplace=False), True), ('vision_encoder.layers.2.blocks.10.attn.attn_drop', Dropout(p=0.0, inplace=False), True), ('vision_encoder.layers.2.blocks.10.attn.proj_drop', Dropout(p=0, inplace=False), True), ('vision_encoder.layers.2.blocks.10.mlp.drop', Dropout(p=0, inplace=False), True), ('vision_encoder.layers.2.blocks.11.attn.attn_drop', Dropout(p=0.0, inplace=False), True), ('vision_encoder.layers.2.blocks.11.attn.proj_drop', Dropout(p=0, inplace=False), True), ('vision_encoder.layers.2.blocks.11.mlp.drop', Dropout(p=0, inplace=False), True), ('vision_encoder.layers.2.blocks.12.attn.attn_drop', Dropout(p=0.0, inplace=False), True), ('vision_encoder.layers.2.blocks.12.attn.proj_drop', Dropout(p=0, inplace=False), True), ('vision_encoder.layers.2.blocks.12.mlp.drop', Dropout(p=0, inplace=False), True), ('vision_encoder.layers.2.blocks.13.attn.attn_drop', Dropout(p=0.0, inplace=False), True), ('vision_encoder.layers.2.blocks.13.attn.proj_drop', Dropout(p=0, inplace=False), True), ('vision_encoder.layers.2.blocks.13.mlp.drop', Dropout(p=0, inplace=False), True), ('vision_encoder.layers.2.blocks.14.attn.attn_drop', Dropout(p=0.0, inplace=False), True), ('vision_encoder.layers.2.blocks.14.attn.proj_drop', Dropout(p=0, inplace=False), True), ('vision_encoder.layers.2.blocks.14.mlp.drop', Dropout(p=0, inplace=False), True), ('vision_encoder.layers.2.blocks.15.attn.attn_drop', Dropout(p=0.0, inplace=False), True), ('vision_encoder.layers.2.blocks.15.attn.proj_drop', Dropout(p=0, inplace=False), True), ('vision_encoder.layers.2.blocks.15.mlp.drop', Dropout(p=0, inplace=False), True), ('vision_encoder.layers.2.blocks.16.attn.attn_drop', Dropout(p=0.0, inplace=False), True), ('vision_encoder.layers.2.blocks.16.attn.proj_drop', Dropout(p=0, inplace=False), True), ('vision_encoder.layers.2.blocks.16.mlp.drop', Dropout(p=0, inplace=False), True), ('vision_encoder.layers.2.blocks.17.attn.attn_drop', Dropout(p=0.0, inplace=False), True), ('vision_encoder.layers.2.blocks.17.attn.proj_drop', Dropout(p=0, inplace=False), True), ('vision_encoder.layers.2.blocks.17.mlp.drop', Dropout(p=0, inplace=False), True), ('vision_encoder.layers.3.blocks.0.attn.attn_drop', Dropout(p=0.0, inplace=False), True), ('vision_encoder.layers.3.blocks.0.attn.proj_drop', Dropout(p=0, inplace=False), True), ('vision_encoder.layers.3.blocks.0.mlp.drop', Dropout(p=0, inplace=False), True), ('vision_encoder.layers.3.blocks.1.attn.attn_drop', Dropout(p=0.0, inplace=False), True), ('vision_encoder.layers.3.blocks.1.attn.proj_drop', Dropout(p=0, inplace=False), True), ('vision_encoder.layers.3.blocks.1.mlp.drop', Dropout(p=0, inplace=False), True), ('text_encoder.bert.embeddings.dropout', Dropout(p=0.1, inplace=False), True), ('text_encoder.bert.encoder.layer.0.attention.self.dropout', Dropout(p=0.1, inplace=False), True), ('text_encoder.bert.encoder.layer.0.attention.output.dropout', Dropout(p=0.1, inplace=False), True), ('text_encoder.bert.encoder.layer.0.output.dropout', Dropout(p=0.1, inplace=False), True), ('text_encoder.bert.encoder.layer.1.attention.self.dropout', Dropout(p=0.1, inplace=False), True), ('text_encoder.bert.encoder.layer.1.attention.output.dropout', Dropout(p=0.1, inplace=False), True), ('text_encoder.bert.encoder.layer.1.output.dropout', Dropout(p=0.1, inplace=False), True), ('text_encoder.bert.encoder.layer.2.attention.self.dropout', Dropout(p=0.1, inplace=False), True), ('text_encoder.bert.encoder.layer.2.attention.output.dropout', Dropout(p=0.1, inplace=False), True), ('text_encoder.bert.encoder.layer.2.output.dropout', Dropout(p=0.1, inplace=False), True), ('text_encoder.bert.encoder.layer.3.attention.self.dropout', Dropout(p=0.1, inplace=False), True), ('text_encoder.bert.encoder.layer.3.attention.output.dropout', Dropout(p=0.1, inplace=False), True), ('text_encoder.bert.encoder.layer.3.output.dropout', Dropout(p=0.1, inplace=False), True), ('text_encoder.bert.encoder.layer.4.attention.self.dropout', Dropout(p=0.1, inplace=False), True), ('text_encoder.bert.encoder.layer.4.attention.output.dropout', Dropout(p=0.1, inplace=False), True), ('text_encoder.bert.encoder.layer.4.output.dropout', Dropout(p=0.1, inplace=False), True), ('text_encoder.bert.encoder.layer.5.attention.self.dropout', Dropout(p=0.1, inplace=False), True), ('text_encoder.bert.encoder.layer.5.attention.output.dropout', Dropout(p=0.1, inplace=False), True), ('text_encoder.bert.encoder.layer.5.output.dropout', Dropout(p=0.1, inplace=False), True), ('text_encoder.bert.encoder.layer.6.attention.self.dropout', Dropout(p=0.1, inplace=False), True), ('text_encoder.bert.encoder.layer.6.attention.output.dropout', Dropout(p=0.1, inplace=False), True), ('text_encoder.bert.encoder.layer.6.crossattention.self.dropout', Dropout(p=0.1, inplace=False), True), ('text_encoder.bert.encoder.layer.6.crossattention.output.dropout', Dropout(p=0.1, inplace=False), True), ('text_encoder.bert.encoder.layer.6.output.dropout', Dropout(p=0.1, inplace=False), True), ('text_encoder.bert.encoder.layer.7.attention.self.dropout', Dropout(p=0.1, inplace=False), True), ('text_encoder.bert.encoder.layer.7.attention.output.dropout', Dropout(p=0.1, inplace=False), True), ('text_encoder.bert.encoder.layer.7.crossattention.self.dropout', Dropout(p=0.1, inplace=False), True), ('text_encoder.bert.encoder.layer.7.crossattention.output.dropout', Dropout(p=0.1, inplace=False), True), ('text_encoder.bert.encoder.layer.7.output.dropout', Dropout(p=0.1, inplace=False), True), ('text_encoder.bert.encoder.layer.8.attention.self.dropout', Dropout(p=0.1, inplace=False), True), ('text_encoder.bert.encoder.layer.8.attention.output.dropout', Dropout(p=0.1, inplace=False), True), ('text_encoder.bert.encoder.layer.8.crossattention.self.dropout', Dropout(p=0.1, inplace=False), True), ('text_encoder.bert.encoder.layer.8.crossattention.output.dropout', Dropout(p=0.1, inplace=False), True), ('text_encoder.bert.encoder.layer.8.output.dropout', Dropout(p=0.1, inplace=False), True), ('text_encoder.bert.encoder.layer.9.attention.self.dropout', Dropout(p=0.1, inplace=False), True), ('text_encoder.bert.encoder.layer.9.attention.output.dropout', Dropout(p=0.1, inplace=False), True), ('text_encoder.bert.encoder.layer.9.crossattention.self.dropout', Dropout(p=0.1, inplace=False), True), ('text_encoder.bert.encoder.layer.9.crossattention.output.dropout', Dropout(p=0.1, inplace=False), True), ('text_encoder.bert.encoder.layer.9.output.dropout', Dropout(p=0.1, inplace=False), True), ('text_encoder.bert.encoder.layer.10.attention.self.dropout', Dropout(p=0.1, inplace=False), True), ('text_encoder.bert.encoder.layer.10.attention.output.dropout', Dropout(p=0.1, inplace=False), True), ('text_encoder.bert.encoder.layer.10.crossattention.self.dropout', Dropout(p=0.1, inplace=False), True), ('text_encoder.bert.encoder.layer.10.crossattention.output.dropout', Dropout(p=0.1, inplace=False), True), ('text_encoder.bert.encoder.layer.10.output.dropout', Dropout(p=0.1, inplace=False), True), ('text_encoder.bert.encoder.layer.11.attention.self.dropout', Dropout(p=0.1, inplace=False), True), ('text_encoder.bert.encoder.layer.11.attention.output.dropout', Dropout(p=0.1, inplace=False), True), ('text_encoder.bert.encoder.layer.11.crossattention.self.dropout', Dropout(p=0.1, inplace=False), True), ('text_encoder.bert.encoder.layer.11.crossattention.output.dropout', Dropout(p=0.1, inplace=False), True), ('text_encoder.bert.encoder.layer.11.output.dropout', Dropout(p=0.1, inplace=False), True), ('vision_proj.1', Dropout(p=0.5, inplace=False), True), ('text_proj.1', Dropout(p=0.5, inplace=False), True), ('pose_block.attn.attn_drop', Dropout(p=0.0, inplace=False), True), ('pose_block.attn.proj_drop', Dropout(p=0.0, inplace=False), True)]
     TTA Require Gradient Params: 
 [('text_encoder.bert.embeddings.LayerNorm.weight', torch.Size([768])), ('text_encoder.bert.embeddings.LayerNorm.bias', torch.Size([768])), ('text_encoder.bert.encoder.layer.6.attention.output.LayerNorm.weight', torch.Size([768])), ('text_encoder.bert.encoder.layer.6.attention.output.LayerNorm.bias', torch.Size([768])), ('text_encoder.bert.encoder.layer.6.crossattention.output.LayerNorm.weight', torch.Size([768])), ('text_encoder.bert.encoder.layer.6.crossattention.output.LayerNorm.bias', torch.Size([768])), ('text_encoder.bert.encoder.layer.6.output.LayerNorm.weight', torch.Size([768])), ('text_encoder.bert.encoder.layer.6.output.LayerNorm.bias', torch.Size([768])), ('text_encoder.bert.encoder.layer.7.attention.output.LayerNorm.weight', torch.Size([768])), ('text_encoder.bert.encoder.layer.7.attention.output.LayerNorm.bias', torch.Size([768])), ('text_encoder.bert.encoder.layer.7.crossattention.output.LayerNorm.weight', torch.Size([768])), ('text_encoder.bert.encoder.layer.7.crossattention.output.LayerNorm.bias', torch.Size([768])), ('text_encoder.bert.encoder.layer.7.output.LayerNorm.weight', torch.Size([768])), ('text_encoder.bert.encoder.layer.7.output.LayerNorm.bias', torch.Size([768])), ('text_encoder.bert.encoder.layer.8.attention.output.LayerNorm.weight', torch.Size([768])), ('text_encoder.bert.encoder.layer.8.attention.output.LayerNorm.bias', torch.Size([768])), ('text_encoder.bert.encoder.layer.8.crossattention.output.LayerNorm.weight', torch.Size([768])), ('text_encoder.bert.encoder.layer.8.crossattention.output.LayerNorm.bias', torch.Size([768])), ('text_encoder.bert.encoder.layer.8.output.LayerNorm.weight', torch.Size([768])), ('text_encoder.bert.encoder.layer.8.output.LayerNorm.bias', torch.Size([768])), ('text_encoder.bert.encoder.layer.9.attention.output.LayerNorm.weight', torch.Size([768])), ('text_encoder.bert.encoder.layer.9.attention.output.LayerNorm.bias', torch.Size([768])), ('text_encoder.bert.encoder.layer.9.crossattention.output.LayerNorm.weight', torch.Size([768])), ('text_encoder.bert.encoder.layer.9.crossattention.output.LayerNorm.bias', torch.Size([768])), ('text_encoder.bert.encoder.layer.9.output.LayerNorm.weight', torch.Size([768])), ('text_encoder.bert.encoder.layer.9.output.LayerNorm.bias', torch.Size([768])), ('text_encoder.bert.encoder.layer.10.attention.output.LayerNorm.weight', torch.Size([768])), ('text_encoder.bert.encoder.layer.10.attention.output.LayerNorm.bias', torch.Size([768])), ('text_encoder.bert.encoder.layer.10.crossattention.output.LayerNorm.weight', torch.Size([768])), ('text_encoder.bert.encoder.layer.10.crossattention.output.LayerNorm.bias', torch.Size([768])), ('text_encoder.bert.encoder.layer.10.output.LayerNorm.weight', torch.Size([768])), ('text_encoder.bert.encoder.layer.10.output.LayerNorm.bias', torch.Size([768])), ('text_encoder.bert.encoder.layer.11.attention.output.LayerNorm.weight', torch.Size([768])), ('text_encoder.bert.encoder.layer.11.attention.output.LayerNorm.bias', torch.Size([768])), ('text_encoder.bert.encoder.layer.11.crossattention.output.LayerNorm.weight', torch.Size([768])), ('text_encoder.bert.encoder.layer.11.crossattention.output.LayerNorm.bias', torch.Size([768])), ('text_encoder.bert.encoder.layer.11.output.LayerNorm.weight', torch.Size([768])), ('text_encoder.bert.encoder.layer.11.output.LayerNorm.bias', torch.Size([768])), ('text_encoder.cls.predictions.transform.LayerNorm.weight', torch.Size([768])), ('text_encoder.cls.predictions.transform.LayerNorm.bias', torch.Size([768])), ('itm_head.1.weight', torch.Size([1536])), ('itm_head.1.bias', torch.Size([1536]))]
     TTA Dropout Modules Number: 
 126
     TTA Require Gradient Params Sum: 
 33792
     lr:  5e-05    lr_mult:  2
     model has 'init_params',  386
     num_tta_steps:  3720
     num_warmup_steps:  500
     sched: step
/home/jiahao/task/CMP/tta.py:246: FutureWarning: `torch.cuda.amp.GradScaler(args...)` is deprecated. Please use `torch.amp.GradScaler('cuda', args...)` instead.
  scaler = GradScaler()  # bf16
### Start ITM Test Time Adaptation
      TTA Epoch: [0] [ 0/61]  eta: 0:01:04  entropy: 0.3967  uncertainty: 1.0000  uncertainty_coeffi: 1.0000  loss: 0.3967  lr: 0.000000  time: 1.0649  data: 0.4860  max mem: 2639
      TTA Epoch: [0] [60/61]  eta: 0:00:00  entropy: 0.3552  uncertainty: 1.0000  uncertainty_coeffi: 1.0000  loss: 0.3552  lr: 0.000006  time: 0.0604  data: 0.0001  max mem: 2671
      TTA Epoch: [0] Total time: 0:00:04 (0.0771 s / it)
     Averaged stats: entropy: 0.3472  uncertainty: 1.0000  uncertainty_coeffi: 1.0000  loss: 0.3472  lr: 0.0000
     itm tta time 0:00:04
     Computing matching score
      Evaluation: [   0/1978]  eta: 0:04:42    time: 0.1427  data: 0.0032  max mem: 2671
      Evaluation: [ 100/1978]  eta: 0:02:21    time: 0.0745  data: 0.0000  max mem: 2671
      Evaluation: [ 200/1978]  eta: 0:02:13    time: 0.0738  data: 0.0000  max mem: 2671
      Evaluation: [ 300/1978]  eta: 0:02:04    time: 0.0729  data: 0.0000  max mem: 2671
      Evaluation: [ 400/1978]  eta: 0:01:56    time: 0.0717  data: 0.0000  max mem: 2671
      Evaluation: [ 500/1978]  eta: 0:01:48    time: 0.0724  data: 0.0000  max mem: 2671
      Evaluation: [ 600/1978]  eta: 0:01:41    time: 0.0721  data: 0.0000  max mem: 2671
      Evaluation: [ 700/1978]  eta: 0:01:33    time: 0.0722  data: 0.0000  max mem: 2671
      Evaluation: [ 800/1978]  eta: 0:01:25    time: 0.0721  data: 0.0000  max mem: 2671
      Evaluation: [ 900/1978]  eta: 0:01:18    time: 0.0722  data: 0.0000  max mem: 2671
      Evaluation: [1000/1978]  eta: 0:01:11    time: 0.0717  data: 0.0000  max mem: 2671
      Evaluation: [1100/1978]  eta: 0:01:03    time: 0.0716  data: 0.0000  max mem: 2671
      Evaluation: [1200/1978]  eta: 0:00:56    time: 0.0718  data: 0.0000  max mem: 2671
      Evaluation: [1300/1978]  eta: 0:00:49    time: 0.0720  data: 0.0000  max mem: 2671
      Evaluation: [1400/1978]  eta: 0:00:41    time: 0.0719  data: 0.0000  max mem: 2671
      Evaluation: [1500/1978]  eta: 0:00:34    time: 0.0722  data: 0.0000  max mem: 2671
      Evaluation: [1600/1978]  eta: 0:00:27    time: 0.0729  data: 0.0000  max mem: 2671
      Evaluation: [1700/1978]  eta: 0:00:20    time: 0.0721  data: 0.0000  max mem: 2671
      Evaluation: [1800/1978]  eta: 0:00:12    time: 0.0720  data: 0.0000  max mem: 2671
      Evaluation: [1900/1978]  eta: 0:00:05    time: 0.0721  data: 0.0000  max mem: 2671
      Evaluation: [1977/1978]  eta: 0:00:00    time: 0.0724  data: 0.0000  max mem: 2671
      Evaluation: Total time: 0:02:23 (0.0725 s / it)
     Computing matching score time 0:02:23
### TTA ITM Score: 
+-------------------+--------+--------+--------+--------+--------+
|       epoch       |   R1   |   R5   |  R10   |  mAP   |  mINP  |
+-------------------+--------+--------+--------+--------+--------+
|  cos_sim_wo/norm  | 58.544 | 91.860 | 95.703 | 73.596 | 73.596 |
|        -999       | 69.414 | 95.197 | 97.776 | 81.233 | 81.233 |
| itm_score_wo/norm | 84.328 | 98.989 | 99.494 | 91.293 | 91.293 |
|        -999       | 84.277 | 99.039 | 99.596 | 91.276 | 91.276 |
|         0         | 84.277 | 99.039 | 99.596 | 91.276 | 91.276 |
+-------------------+--------+--------+--------+--------+--------+
     logs:  {'epo': 0, 'R1': np.float32(84.277), 'R5': np.float32(99.039), 'R10': np.float32(99.596), 'mAP': np.float32(91.276), 'mINP': np.float32(91.276), 'entropy': 0.347197, 'uncertainty': 1.0, 'uncertainty_coeffi': 1.0, 'loss': 0.347197, 'lr': 3e-06}
      TTA Epoch: [1] [ 0/61]  eta: 0:00:32  entropy: 0.4044  uncertainty: 1.0000  uncertainty_coeffi: 1.0000  loss: 0.4044  lr: 0.000006  time: 0.5401  data: 0.4442  max mem: 2671
      TTA Epoch: [1] [60/61]  eta: 0:00:00  entropy: 0.2719  uncertainty: 1.0000  uncertainty_coeffi: 1.0000  loss: 0.2719  lr: 0.000012  time: 0.0617  data: 0.0001  max mem: 2671
      TTA Epoch: [1] Total time: 0:00:04 (0.0700 s / it)
     Averaged stats: entropy: 0.3482  uncertainty: 1.0000  uncertainty_coeffi: 1.0000  loss: 0.3482  lr: 0.0000
     itm tta time 0:00:04
     Computing matching score
      Evaluation: [   0/1978]  eta: 0:02:25    time: 0.0733  data: 0.0036  max mem: 2671
      Evaluation: [ 100/1978]  eta: 0:02:15    time: 0.0719  data: 0.0000  max mem: 2671
      Evaluation: [ 200/1978]  eta: 0:02:08    time: 0.0724  data: 0.0000  max mem: 2671
      Evaluation: [ 300/1978]  eta: 0:02:01    time: 0.0723  data: 0.0000  max mem: 2671
      Evaluation: [ 400/1978]  eta: 0:01:54    time: 0.0720  data: 0.0000  max mem: 2671
      Evaluation: [ 500/1978]  eta: 0:01:46    time: 0.0723  data: 0.0000  max mem: 2671
      Evaluation: [ 600/1978]  eta: 0:01:39    time: 0.0718  data: 0.0000  max mem: 2671
      Evaluation: [ 700/1978]  eta: 0:01:32    time: 0.0718  data: 0.0000  max mem: 2671
      Evaluation: [ 800/1978]  eta: 0:01:25    time: 0.0715  data: 0.0000  max mem: 2671
      Evaluation: [ 900/1978]  eta: 0:01:17    time: 0.0716  data: 0.0000  max mem: 2671
      Evaluation: [1000/1978]  eta: 0:01:10    time: 0.0717  data: 0.0000  max mem: 2671
      Evaluation: [1100/1978]  eta: 0:01:03    time: 0.0718  data: 0.0000  max mem: 2671
      Evaluation: [1200/1978]  eta: 0:00:56    time: 0.0716  data: 0.0000  max mem: 2671
      Evaluation: [1300/1978]  eta: 0:00:48    time: 0.0721  data: 0.0000  max mem: 2671
      Evaluation: [1400/1978]  eta: 0:00:41    time: 0.0723  data: 0.0000  max mem: 2671
      Evaluation: [1500/1978]  eta: 0:00:34    time: 0.0718  data: 0.0000  max mem: 2671
      Evaluation: [1600/1978]  eta: 0:00:27    time: 0.0724  data: 0.0000  max mem: 2671
      Evaluation: [1700/1978]  eta: 0:00:20    time: 0.0718  data: 0.0000  max mem: 2671
      Evaluation: [1800/1978]  eta: 0:00:12    time: 0.0719  data: 0.0000  max mem: 2671
      Evaluation: [1900/1978]  eta: 0:00:05    time: 0.0716  data: 0.0000  max mem: 2671
      Evaluation: [1977/1978]  eta: 0:00:00    time: 0.0718  data: 0.0000  max mem: 2671
      Evaluation: Total time: 0:02:22 (0.0720 s / it)
     Computing matching score time 0:02:22
### TTA ITM Score: 
+-------------------+--------+--------+--------+--------+--------+
|       epoch       |   R1   |   R5   |  R10   |  mAP   |  mINP  |
+-------------------+--------+--------+--------+--------+--------+
|  cos_sim_wo/norm  | 58.544 | 91.860 | 95.703 | 73.596 | 73.596 |
|        -999       | 69.414 | 95.197 | 97.776 | 81.233 | 81.233 |
| itm_score_wo/norm | 84.328 | 98.989 | 99.494 | 91.293 | 91.293 |
|        -999       | 84.277 | 99.039 | 99.596 | 91.276 | 91.276 |
|         0         | 84.277 | 99.039 | 99.596 | 91.276 | 91.276 |
|         1         | 84.530 | 99.039 | 99.596 | 91.401 | 91.401 |
+-------------------+--------+--------+--------+--------+--------+
     logs:  {'epo': 1, 'R1': np.float32(84.53), 'R5': np.float32(99.039), 'R10': np.float32(99.596), 'mAP': np.float32(91.401), 'mINP': np.float32(91.401), 'entropy': 0.348226, 'uncertainty': 1.0, 'uncertainty_coeffi': 1.0, 'loss': 0.348226, 'lr': 9e-06}
      TTA Epoch: [2] [ 0/61]  eta: 0:00:27  entropy: 0.2979  uncertainty: 1.0000  uncertainty_coeffi: 1.0000  loss: 0.2979  lr: 0.000012  time: 0.4436  data: 0.3539  max mem: 2671
      TTA Epoch: [2] [60/61]  eta: 0:00:00  entropy: 0.3212  uncertainty: 1.0000  uncertainty_coeffi: 1.0000  loss: 0.3212  lr: 0.000018  time: 0.0617  data: 0.0001  max mem: 2671
      TTA Epoch: [2] Total time: 0:00:04 (0.0683 s / it)
     Averaged stats: entropy: 0.3351  uncertainty: 1.0000  uncertainty_coeffi: 1.0000  loss: 0.3351  lr: 0.0000
     itm tta time 0:00:04
     Computing matching score
      Evaluation: [   0/1978]  eta: 0:02:24    time: 0.0731  data: 0.0034  max mem: 2671
      Evaluation: [ 100/1978]  eta: 0:02:15    time: 0.0719  data: 0.0000  max mem: 2671
      Evaluation: [ 200/1978]  eta: 0:02:08    time: 0.0726  data: 0.0000  max mem: 2671
      Evaluation: [ 300/1978]  eta: 0:02:01    time: 0.0720  data: 0.0000  max mem: 2671
      Evaluation: [ 400/1978]  eta: 0:01:53    time: 0.0724  data: 0.0000  max mem: 2671
      Evaluation: [ 500/1978]  eta: 0:01:46    time: 0.0721  data: 0.0000  max mem: 2671
      Evaluation: [ 600/1978]  eta: 0:01:39    time: 0.0719  data: 0.0000  max mem: 2671
      Evaluation: [ 700/1978]  eta: 0:01:32    time: 0.0719  data: 0.0000  max mem: 2671
      Evaluation: [ 800/1978]  eta: 0:01:24    time: 0.0722  data: 0.0000  max mem: 2671
      Evaluation: [ 900/1978]  eta: 0:01:17    time: 0.0718  data: 0.0000  max mem: 2671
      Evaluation: [1000/1978]  eta: 0:01:10    time: 0.0716  data: 0.0000  max mem: 2671
      Evaluation: [1100/1978]  eta: 0:01:03    time: 0.0718  data: 0.0000  max mem: 2671
      Evaluation: [1200/1978]  eta: 0:00:56    time: 0.0719  data: 0.0000  max mem: 2671
      Evaluation: [1300/1978]  eta: 0:00:48    time: 0.0718  data: 0.0000  max mem: 2671
      Evaluation: [1400/1978]  eta: 0:00:41    time: 0.0719  data: 0.0000  max mem: 2671
      Evaluation: [1500/1978]  eta: 0:00:34    time: 0.0717  data: 0.0000  max mem: 2671
      Evaluation: [1600/1978]  eta: 0:00:27    time: 0.0718  data: 0.0000  max mem: 2671
      Evaluation: [1700/1978]  eta: 0:00:20    time: 0.0715  data: 0.0000  max mem: 2671
      Evaluation: [1800/1978]  eta: 0:00:12    time: 0.0720  data: 0.0000  max mem: 2671
      Evaluation: [1900/1978]  eta: 0:00:05    time: 0.0716  data: 0.0000  max mem: 2671
      Evaluation: [1977/1978]  eta: 0:00:00    time: 0.0721  data: 0.0000  max mem: 2671
      Evaluation: Total time: 0:02:22 (0.0720 s / it)
     Computing matching score time 0:02:22
### TTA ITM Score: 
+-------------------+--------+--------+--------+--------+--------+
|       epoch       |   R1   |   R5   |  R10   |  mAP   |  mINP  |
+-------------------+--------+--------+--------+--------+--------+
|  cos_sim_wo/norm  | 58.544 | 91.860 | 95.703 | 73.596 | 73.596 |
|        -999       | 69.414 | 95.197 | 97.776 | 81.233 | 81.233 |
| itm_score_wo/norm | 84.328 | 98.989 | 99.494 | 91.293 | 91.293 |
|        -999       | 84.277 | 99.039 | 99.596 | 91.276 | 91.276 |
|         0         | 84.277 | 99.039 | 99.596 | 91.276 | 91.276 |
|         1         | 84.530 | 99.039 | 99.596 | 91.401 | 91.401 |
|         2         | 84.631 | 99.039 | 99.596 | 91.431 | 91.431 |
+-------------------+--------+--------+--------+--------+--------+
     logs:  {'epo': 2, 'R1': np.float32(84.631), 'R5': np.float32(99.039), 'R10': np.float32(99.596), 'mAP': np.float32(91.431), 'mINP': np.float32(91.431), 'entropy': 0.335079, 'uncertainty': 1.0, 'uncertainty_coeffi': 1.0, 'loss': 0.335079, 'lr': 1.5e-05}
      TTA Epoch: [3] [ 0/61]  eta: 0:00:29  entropy: 0.1956  uncertainty: 1.0000  uncertainty_coeffi: 1.0000  loss: 0.1956  lr: 0.000018  time: 0.4777  data: 0.4024  max mem: 2671
      TTA Epoch: [3] [60/61]  eta: 0:00:00  entropy: 0.4306  uncertainty: 1.0000  uncertainty_coeffi: 1.0000  loss: 0.4306  lr: 0.000024  time: 0.0608  data: 0.0001  max mem: 2671
      TTA Epoch: [3] Total time: 0:00:04 (0.0681 s / it)
     Averaged stats: entropy: 0.3259  uncertainty: 1.0000  uncertainty_coeffi: 1.0000  loss: 0.3259  lr: 0.0000
     itm tta time 0:00:04
      TTA Epoch: [4] [ 0/61]  eta: 0:00:25  entropy: 0.1919  uncertainty: 1.0000  uncertainty_coeffi: 1.0000  loss: 0.1919  lr: 0.000024  time: 0.4154  data: 0.3426  max mem: 2671
      TTA Epoch: [4] [60/61]  eta: 0:00:00  entropy: 0.2063  uncertainty: 1.0000  uncertainty_coeffi: 1.0000  loss: 0.2063  lr: 0.000030  time: 0.0608  data: 0.0001  max mem: 2671
      TTA Epoch: [4] Total time: 0:00:04 (0.0673 s / it)
     Averaged stats: entropy: 0.3109  uncertainty: 1.0000  uncertainty_coeffi: 1.0000  loss: 0.3109  lr: 0.0000
     itm tta time 0:00:04
     Computing matching score
      Evaluation: [   0/1978]  eta: 0:02:32    time: 0.0769  data: 0.0023  max mem: 2671
      Evaluation: [ 100/1978]  eta: 0:02:14    time: 0.0718  data: 0.0000  max mem: 2671
      Evaluation: [ 200/1978]  eta: 0:02:07    time: 0.0718  data: 0.0000  max mem: 2671
      Evaluation: [ 300/1978]  eta: 0:02:00    time: 0.0718  data: 0.0000  max mem: 2671
      Evaluation: [ 400/1978]  eta: 0:01:53    time: 0.0719  data: 0.0000  max mem: 2671
      Evaluation: [ 500/1978]  eta: 0:01:46    time: 0.0723  data: 0.0000  max mem: 2671
      Evaluation: [ 600/1978]  eta: 0:01:39    time: 0.0716  data: 0.0000  max mem: 2671
      Evaluation: [ 700/1978]  eta: 0:01:31    time: 0.0718  data: 0.0000  max mem: 2671
      Evaluation: [ 800/1978]  eta: 0:01:24    time: 0.0720  data: 0.0000  max mem: 2671
      Evaluation: [ 900/1978]  eta: 0:01:17    time: 0.0724  data: 0.0000  max mem: 2671
      Evaluation: [1000/1978]  eta: 0:01:10    time: 0.0718  data: 0.0000  max mem: 2671
      Evaluation: [1100/1978]  eta: 0:01:03    time: 0.0722  data: 0.0000  max mem: 2671
      Evaluation: [1200/1978]  eta: 0:00:55    time: 0.0728  data: 0.0000  max mem: 2671
      Evaluation: [1300/1978]  eta: 0:00:48    time: 0.0719  data: 0.0000  max mem: 2671
      Evaluation: [1400/1978]  eta: 0:00:41    time: 0.0719  data: 0.0000  max mem: 2671
      Evaluation: [1500/1978]  eta: 0:00:34    time: 0.0719  data: 0.0000  max mem: 2671
      Evaluation: [1600/1978]  eta: 0:00:27    time: 0.0718  data: 0.0000  max mem: 2671
      Evaluation: [1700/1978]  eta: 0:00:19    time: 0.0723  data: 0.0000  max mem: 2671
      Evaluation: [1800/1978]  eta: 0:00:12    time: 0.0715  data: 0.0000  max mem: 2671
      Evaluation: [1900/1978]  eta: 0:00:05    time: 0.0722  data: 0.0000  max mem: 2671
      Evaluation: [1977/1978]  eta: 0:00:00    time: 0.0718  data: 0.0000  max mem: 2671
      Evaluation: Total time: 0:02:22 (0.0719 s / it)
     Computing matching score time 0:02:22
### TTA ITM Score: 
+-------------------+--------+--------+--------+--------+--------+
|       epoch       |   R1   |   R5   |  R10   |  mAP   |  mINP  |
+-------------------+--------+--------+--------+--------+--------+
|  cos_sim_wo/norm  | 58.544 | 91.860 | 95.703 | 73.596 | 73.596 |
|        -999       | 69.414 | 95.197 | 97.776 | 81.233 | 81.233 |
| itm_score_wo/norm | 84.328 | 98.989 | 99.494 | 91.293 | 91.293 |
|        -999       | 84.277 | 99.039 | 99.596 | 91.276 | 91.276 |
|         0         | 84.277 | 99.039 | 99.596 | 91.276 | 91.276 |
|         1         | 84.530 | 99.039 | 99.596 | 91.401 | 91.401 |
|         2         | 84.631 | 99.039 | 99.596 | 91.431 | 91.431 |
|         4         | 84.884 | 98.888 | 99.545 | 91.540 | 91.540 |
+-------------------+--------+--------+--------+--------+--------+
     logs:  {'epo': 4, 'R1': np.float32(84.884), 'R5': np.float32(98.888), 'R10': np.float32(99.545), 'mAP': np.float32(91.54), 'mINP': np.float32(91.54), 'entropy': 0.310854, 'uncertainty': 1.0, 'uncertainty_coeffi': 1.0, 'loss': 0.310854, 'lr': 2.7e-05}
      TTA Epoch: [5] [ 0/61]  eta: 0:00:28  entropy: 0.3116  uncertainty: 1.0000  uncertainty_coeffi: 1.0000  loss: 0.3116  lr: 0.000031  time: 0.4604  data: 0.3711  max mem: 2671
      TTA Epoch: [5] [60/61]  eta: 0:00:00  entropy: 0.2379  uncertainty: 1.0000  uncertainty_coeffi: 1.0000  loss: 0.2379  lr: 0.000037  time: 0.0607  data: 0.0001  max mem: 2671
      TTA Epoch: [5] Total time: 0:00:04 (0.0677 s / it)
     Averaged stats: entropy: 0.2954  uncertainty: 1.0000  uncertainty_coeffi: 1.0000  loss: 0.2954  lr: 0.0000
     itm tta time 0:00:04
      TTA Epoch: [6] [ 0/61]  eta: 0:00:27  entropy: 0.3954  uncertainty: 1.0000  uncertainty_coeffi: 1.0000  loss: 0.3954  lr: 0.000037  time: 0.4440  data: 0.3718  max mem: 2671
      TTA Epoch: [6] [60/61]  eta: 0:00:00  entropy: 0.2568  uncertainty: 1.0000  uncertainty_coeffi: 1.0000  loss: 0.2568  lr: 0.000043  time: 0.0605  data: 0.0001  max mem: 2671
      TTA Epoch: [6] Total time: 0:00:04 (0.0672 s / it)
     Averaged stats: entropy: 0.2786  uncertainty: 1.0000  uncertainty_coeffi: 1.0000  loss: 0.2786  lr: 0.0000
     itm tta time 0:00:04
      TTA Epoch: [7] [ 0/61]  eta: 0:00:26  entropy: 0.3117  uncertainty: 1.0000  uncertainty_coeffi: 1.0000  loss: 0.3117  lr: 0.000043  time: 0.4327  data: 0.3588  max mem: 2671
      TTA Epoch: [7] [60/61]  eta: 0:00:00  entropy: 0.2763  uncertainty: 1.0000  uncertainty_coeffi: 1.0000  loss: 0.2763  lr: 0.000049  time: 0.0608  data: 0.0001  max mem: 2671
      TTA Epoch: [7] Total time: 0:00:04 (0.0672 s / it)
     Averaged stats: entropy: 0.2606  uncertainty: 1.0000  uncertainty_coeffi: 1.0000  loss: 0.2606  lr: 0.0000
     itm tta time 0:00:04
      TTA Epoch: [8] [ 0/61]  eta: 0:00:26  entropy: 0.1497  uncertainty: 1.0000  uncertainty_coeffi: 1.0000  loss: 0.1497  lr: 0.000049  time: 0.4335  data: 0.3461  max mem: 2671
      TTA Epoch: [8] [60/61]  eta: 0:00:00  entropy: 0.2605  uncertainty: 1.0000  uncertainty_coeffi: 1.0000  loss: 0.2605  lr: 0.000049  time: 0.0606  data: 0.0001  max mem: 2671
      TTA Epoch: [8] Total time: 0:00:04 (0.0672 s / it)
     Averaged stats: entropy: 0.2443  uncertainty: 1.0000  uncertainty_coeffi: 1.0000  loss: 0.2443  lr: 0.0000
     itm tta time 0:00:04
      TTA Epoch: [9] [ 0/61]  eta: 0:00:26  entropy: 0.2818  uncertainty: 1.0000  uncertainty_coeffi: 1.0000  loss: 0.2818  lr: 0.000049  time: 0.4370  data: 0.3573  max mem: 2671
      TTA Epoch: [9] [60/61]  eta: 0:00:00  entropy: 0.2129  uncertainty: 1.0000  uncertainty_coeffi: 1.0000  loss: 0.2129  lr: 0.000048  time: 0.0609  data: 0.0001  max mem: 2671
      TTA Epoch: [9] Total time: 0:00:04 (0.0674 s / it)
     Averaged stats: entropy: 0.2333  uncertainty: 1.0000  uncertainty_coeffi: 1.0000  loss: 0.2333  lr: 0.0000
     itm tta time 0:00:04
     Computing matching score
      Evaluation: [   0/1978]  eta: 0:02:27    time: 0.0747  data: 0.0036  max mem: 2671
      Evaluation: [ 100/1978]  eta: 0:02:14    time: 0.0715  data: 0.0000  max mem: 2671
      Evaluation: [ 200/1978]  eta: 0:02:07    time: 0.0717  data: 0.0000  max mem: 2671
      Evaluation: [ 300/1978]  eta: 0:02:00    time: 0.0714  data: 0.0000  max mem: 2671
      Evaluation: [ 400/1978]  eta: 0:01:52    time: 0.0717  data: 0.0000  max mem: 2671
      Evaluation: [ 500/1978]  eta: 0:01:45    time: 0.0718  data: 0.0000  max mem: 2671
      Evaluation: [ 600/1978]  eta: 0:01:38    time: 0.0715  data: 0.0000  max mem: 2671
      Evaluation: [ 700/1978]  eta: 0:01:31    time: 0.0711  data: 0.0000  max mem: 2671
      Evaluation: [ 800/1978]  eta: 0:01:24    time: 0.0713  data: 0.0000  max mem: 2671
      Evaluation: [ 900/1978]  eta: 0:01:17    time: 0.0714  data: 0.0000  max mem: 2671
      Evaluation: [1000/1978]  eta: 0:01:09    time: 0.0714  data: 0.0000  max mem: 2671
      Evaluation: [1100/1978]  eta: 0:01:02    time: 0.0711  data: 0.0000  max mem: 2671
      Evaluation: [1200/1978]  eta: 0:00:55    time: 0.0713  data: 0.0000  max mem: 2671
      Evaluation: [1300/1978]  eta: 0:00:48    time: 0.0714  data: 0.0000  max mem: 2671
      Evaluation: [1400/1978]  eta: 0:00:41    time: 0.0713  data: 0.0000  max mem: 2671
      Evaluation: [1500/1978]  eta: 0:00:34    time: 0.0712  data: 0.0000  max mem: 2671
      Evaluation: [1600/1978]  eta: 0:00:26    time: 0.0713  data: 0.0000  max mem: 2671
      Evaluation: [1700/1978]  eta: 0:00:19    time: 0.0717  data: 0.0000  max mem: 2671
      Evaluation: [1800/1978]  eta: 0:00:12    time: 0.0717  data: 0.0000  max mem: 2671
      Evaluation: [1900/1978]  eta: 0:00:05    time: 0.0713  data: 0.0000  max mem: 2671
      Evaluation: [1977/1978]  eta: 0:00:00    time: 0.0713  data: 0.0000  max mem: 2671
      Evaluation: Total time: 0:02:21 (0.0714 s / it)
     Computing matching score time 0:02:21
### TTA ITM Score: 
+-------------------+--------+--------+--------+--------+--------+
|       epoch       |   R1   |   R5   |  R10   |  mAP   |  mINP  |
+-------------------+--------+--------+--------+--------+--------+
|  cos_sim_wo/norm  | 58.544 | 91.860 | 95.703 | 73.596 | 73.596 |
|        -999       | 69.414 | 95.197 | 97.776 | 81.233 | 81.233 |
| itm_score_wo/norm | 84.328 | 98.989 | 99.494 | 91.293 | 91.293 |
|        -999       | 84.277 | 99.039 | 99.596 | 91.276 | 91.276 |
|         0         | 84.277 | 99.039 | 99.596 | 91.276 | 91.276 |
|         1         | 84.530 | 99.039 | 99.596 | 91.401 | 91.401 |
|         2         | 84.631 | 99.039 | 99.596 | 91.431 | 91.431 |
|         4         | 84.884 | 98.888 | 99.545 | 91.540 | 91.540 |
|         9         | 84.530 | 98.787 | 99.393 | 91.267 | 91.267 |
+-------------------+--------+--------+--------+--------+--------+
     logs:  {'epo': 9, 'R1': np.float32(84.53), 'R5': np.float32(98.787), 'R10': np.float32(99.393), 'mAP': np.float32(91.267), 'mINP': np.float32(91.267), 'entropy': 0.233326, 'uncertainty': 1.0, 'uncertainty_coeffi': 1.0, 'loss': 0.233326, 'lr': 4.9e-05}
      TTA Epoch: [10] [ 0/61]  eta: 0:00:26  entropy: 0.2193  uncertainty: 1.0000  uncertainty_coeffi: 1.0000  loss: 0.2193  lr: 0.000048  time: 0.4360  data: 0.3624  max mem: 2671
      TTA Epoch: [10] [60/61]  eta: 0:00:00  entropy: 0.2019  uncertainty: 1.0000  uncertainty_coeffi: 1.0000  loss: 0.2019  lr: 0.000047  time: 0.0607  data: 0.0001  max mem: 2671
      TTA Epoch: [10] Total time: 0:00:04 (0.0674 s / it)
     Averaged stats: entropy: 0.2262  uncertainty: 1.0000  uncertainty_coeffi: 1.0000  loss: 0.2262  lr: 0.0000
     itm tta time 0:00:04
      TTA Epoch: [11] [ 0/61]  eta: 0:00:27  entropy: 0.2154  uncertainty: 1.0000  uncertainty_coeffi: 1.0000  loss: 0.2154  lr: 0.000047  time: 0.4460  data: 0.3577  max mem: 2671
      TTA Epoch: [11] [60/61]  eta: 0:00:00  entropy: 0.1385  uncertainty: 1.0000  uncertainty_coeffi: 1.0000  loss: 0.1385  lr: 0.000046  time: 0.0611  data: 0.0001  max mem: 2671
      TTA Epoch: [11] Total time: 0:00:04 (0.0676 s / it)
     Averaged stats: entropy: 0.2183  uncertainty: 1.0000  uncertainty_coeffi: 1.0000  loss: 0.2183  lr: 0.0000
     itm tta time 0:00:04
      TTA Epoch: [12] [ 0/61]  eta: 0:00:26  entropy: 0.1450  uncertainty: 1.0000  uncertainty_coeffi: 1.0000  loss: 0.1450  lr: 0.000046  time: 0.4398  data: 0.3690  max mem: 2671
      TTA Epoch: [12] [60/61]  eta: 0:00:00  entropy: 0.2273  uncertainty: 1.0000  uncertainty_coeffi: 1.0000  loss: 0.2273  lr: 0.000045  time: 0.0600  data: 0.0001  max mem: 2671
      TTA Epoch: [12] Total time: 0:00:04 (0.0669 s / it)
     Averaged stats: entropy: 0.2107  uncertainty: 1.0000  uncertainty_coeffi: 1.0000  loss: 0.2107  lr: 0.0000
     itm tta time 0:00:04
      TTA Epoch: [13] [ 0/61]  eta: 0:00:27  entropy: 0.1989  uncertainty: 1.0000  uncertainty_coeffi: 1.0000  loss: 0.1989  lr: 0.000045  time: 0.4460  data: 0.3763  max mem: 2671
      TTA Epoch: [13] [60/61]  eta: 0:00:00  entropy: 0.1261  uncertainty: 1.0000  uncertainty_coeffi: 1.0000  loss: 0.1261  lr: 0.000045  time: 0.0603  data: 0.0001  max mem: 2671
      TTA Epoch: [13] Total time: 0:00:04 (0.0672 s / it)
     Averaged stats: entropy: 0.2020  uncertainty: 1.0000  uncertainty_coeffi: 1.0000  loss: 0.2020  lr: 0.0000
     itm tta time 0:00:04
      TTA Epoch: [14] [ 0/61]  eta: 0:00:27  entropy: 0.1327  uncertainty: 1.0000  uncertainty_coeffi: 1.0000  loss: 0.1327  lr: 0.000044  time: 0.4456  data: 0.3728  max mem: 2671
      TTA Epoch: [14] [60/61]  eta: 0:00:00  entropy: 0.2074  uncertainty: 1.0000  uncertainty_coeffi: 1.0000  loss: 0.2074  lr: 0.000044  time: 0.0608  data: 0.0001  max mem: 2671
      TTA Epoch: [14] Total time: 0:00:04 (0.0675 s / it)
     Averaged stats: entropy: 0.1951  uncertainty: 1.0000  uncertainty_coeffi: 1.0000  loss: 0.1951  lr: 0.0000
     itm tta time 0:00:04
     Computing matching score
      Evaluation: [   0/1978]  eta: 0:02:32    time: 0.0773  data: 0.0037  max mem: 2671
      Evaluation: [ 100/1978]  eta: 0:02:14    time: 0.0714  data: 0.0000  max mem: 2671
      Evaluation: [ 200/1978]  eta: 0:02:07    time: 0.0712  data: 0.0000  max mem: 2671
      Evaluation: [ 300/1978]  eta: 0:01:59    time: 0.0716  data: 0.0000  max mem: 2671
      Evaluation: [ 400/1978]  eta: 0:01:52    time: 0.0722  data: 0.0000  max mem: 2671
      Evaluation: [ 500/1978]  eta: 0:01:45    time: 0.0716  data: 0.0000  max mem: 2671
      Evaluation: [ 600/1978]  eta: 0:01:38    time: 0.0719  data: 0.0000  max mem: 2671
      Evaluation: [ 700/1978]  eta: 0:01:31    time: 0.0718  data: 0.0000  max mem: 2671
      Evaluation: [ 800/1978]  eta: 0:01:24    time: 0.0715  data: 0.0000  max mem: 2671
      Evaluation: [ 900/1978]  eta: 0:01:17    time: 0.0724  data: 0.0000  max mem: 2671
      Evaluation: [1000/1978]  eta: 0:01:10    time: 0.0714  data: 0.0000  max mem: 2671
      Evaluation: [1100/1978]  eta: 0:01:02    time: 0.0714  data: 0.0000  max mem: 2671
      Evaluation: [1200/1978]  eta: 0:00:55    time: 0.0716  data: 0.0000  max mem: 2671
      Evaluation: [1300/1978]  eta: 0:00:48    time: 0.0714  data: 0.0000  max mem: 2671
      Evaluation: [1400/1978]  eta: 0:00:41    time: 0.0715  data: 0.0000  max mem: 2671
      Evaluation: [1500/1978]  eta: 0:00:34    time: 0.0717  data: 0.0000  max mem: 2671
      Evaluation: [1600/1978]  eta: 0:00:27    time: 0.0722  data: 0.0000  max mem: 2671
      Evaluation: [1700/1978]  eta: 0:00:19    time: 0.0716  data: 0.0000  max mem: 2671
      Evaluation: [1800/1978]  eta: 0:00:12    time: 0.0716  data: 0.0000  max mem: 2671
      Evaluation: [1900/1978]  eta: 0:00:05    time: 0.0715  data: 0.0000  max mem: 2671
      Evaluation: [1977/1978]  eta: 0:00:00    time: 0.0717  data: 0.0000  max mem: 2671
      Evaluation: Total time: 0:02:21 (0.0716 s / it)
     Computing matching score time 0:02:21
### TTA ITM Score: 
+-------------------+--------+--------+--------+--------+--------+
|       epoch       |   R1   |   R5   |  R10   |  mAP   |  mINP  |
+-------------------+--------+--------+--------+--------+--------+
|  cos_sim_wo/norm  | 58.544 | 91.860 | 95.703 | 73.596 | 73.596 |
|        -999       | 69.414 | 95.197 | 97.776 | 81.233 | 81.233 |
| itm_score_wo/norm | 84.328 | 98.989 | 99.494 | 91.293 | 91.293 |
|        -999       | 84.277 | 99.039 | 99.596 | 91.276 | 91.276 |
|         0         | 84.277 | 99.039 | 99.596 | 91.276 | 91.276 |
|         1         | 84.530 | 99.039 | 99.596 | 91.401 | 91.401 |
|         2         | 84.631 | 99.039 | 99.596 | 91.431 | 91.431 |
|         4         | 84.884 | 98.888 | 99.545 | 91.540 | 91.540 |
|         9         | 84.530 | 98.787 | 99.393 | 91.267 | 91.267 |
|         14        | 84.479 | 98.635 | 99.292 | 91.210 | 91.210 |
+-------------------+--------+--------+--------+--------+--------+
     logs:  {'epo': 14, 'R1': np.float32(84.479), 'R5': np.float32(98.635), 'R10': np.float32(99.292), 'mAP': np.float32(91.21), 'mINP': np.float32(91.21), 'entropy': 0.195095, 'uncertainty': 1.0, 'uncertainty_coeffi': 1.0, 'loss': 0.195095, 'lr': 4.4e-05}
      TTA Epoch: [15] [ 0/61]  eta: 0:00:26  entropy: 0.2021  uncertainty: 1.0000  uncertainty_coeffi: 1.0000  loss: 0.2021  lr: 0.000044  time: 0.4290  data: 0.3563  max mem: 2671
      TTA Epoch: [15] [60/61]  eta: 0:00:00  entropy: 0.1969  uncertainty: 1.0000  uncertainty_coeffi: 1.0000  loss: 0.1969  lr: 0.000043  time: 0.0608  data: 0.0001  max mem: 2671
      TTA Epoch: [15] Total time: 0:00:04 (0.0675 s / it)
     Averaged stats: entropy: 0.1892  uncertainty: 1.0000  uncertainty_coeffi: 1.0000  loss: 0.1892  lr: 0.0000
     itm tta time 0:00:04
      TTA Epoch: [16] [ 0/61]  eta: 0:00:26  entropy: 0.1912  uncertainty: 1.0000  uncertainty_coeffi: 1.0000  loss: 0.1912  lr: 0.000043  time: 0.4354  data: 0.3501  max mem: 2671
      TTA Epoch: [16] [60/61]  eta: 0:00:00  entropy: 0.2748  uncertainty: 1.0000  uncertainty_coeffi: 1.0000  loss: 0.2748  lr: 0.000042  time: 0.0607  data: 0.0001  max mem: 2671
      TTA Epoch: [16] Total time: 0:00:04 (0.0674 s / it)
     Averaged stats: entropy: 0.1891  uncertainty: 1.0000  uncertainty_coeffi: 1.0000  loss: 0.1891  lr: 0.0000
     itm tta time 0:00:04
      TTA Epoch: [17] [ 0/61]  eta: 0:00:27  entropy: 0.1956  uncertainty: 1.0000  uncertainty_coeffi: 1.0000  loss: 0.1956  lr: 0.000042  time: 0.4429  data: 0.3669  max mem: 2671
      TTA Epoch: [17] [60/61]  eta: 0:00:00  entropy: 0.1755  uncertainty: 1.0000  uncertainty_coeffi: 1.0000  loss: 0.1755  lr: 0.000041  time: 0.0612  data: 0.0001  max mem: 2671
      TTA Epoch: [17] Total time: 0:00:04 (0.0677 s / it)
     Averaged stats: entropy: 0.1798  uncertainty: 1.0000  uncertainty_coeffi: 1.0000  loss: 0.1798  lr: 0.0000
     itm tta time 0:00:04
      TTA Epoch: [18] [ 0/61]  eta: 0:00:26  entropy: 0.2912  uncertainty: 1.0000  uncertainty_coeffi: 1.0000  loss: 0.2912  lr: 0.000041  time: 0.4277  data: 0.3471  max mem: 2671
      TTA Epoch: [18] [60/61]  eta: 0:00:00  entropy: 0.1397  uncertainty: 1.0000  uncertainty_coeffi: 1.0000  loss: 0.1397  lr: 0.000040  time: 0.0608  data: 0.0001  max mem: 2671
      TTA Epoch: [18] Total time: 0:00:04 (0.0673 s / it)
     Averaged stats: entropy: 0.1796  uncertainty: 1.0000  uncertainty_coeffi: 1.0000  loss: 0.1796  lr: 0.0000
     itm tta time 0:00:04
      TTA Epoch: [19] [ 0/61]  eta: 0:00:30  entropy: 0.1739  uncertainty: 1.0000  uncertainty_coeffi: 1.0000  loss: 0.1739  lr: 0.000040  time: 0.4918  data: 0.4197  max mem: 2671
      TTA Epoch: [19] [60/61]  eta: 0:00:00  entropy: 0.2586  uncertainty: 1.0000  uncertainty_coeffi: 1.0000  loss: 0.2586  lr: 0.000039  time: 0.0608  data: 0.0001  max mem: 2671
      TTA Epoch: [19] Total time: 0:00:04 (0.0681 s / it)
     Averaged stats: entropy: 0.1672  uncertainty: 1.0000  uncertainty_coeffi: 1.0000  loss: 0.1672  lr: 0.0000
     itm tta time 0:00:04
     Computing matching score
      Evaluation: [   0/1978]  eta: 0:02:35    time: 0.0785  data: 0.0025  max mem: 2671
      Evaluation: [ 100/1978]  eta: 0:02:14    time: 0.0717  data: 0.0000  max mem: 2671
      Evaluation: [ 200/1978]  eta: 0:02:07    time: 0.0715  data: 0.0000  max mem: 2671
      Evaluation: [ 300/1978]  eta: 0:02:00    time: 0.0718  data: 0.0000  max mem: 2671
      Evaluation: [ 400/1978]  eta: 0:01:53    time: 0.0721  data: 0.0000  max mem: 2671
      Evaluation: [ 500/1978]  eta: 0:01:46    time: 0.0721  data: 0.0000  max mem: 2671
      Evaluation: [ 600/1978]  eta: 0:01:38    time: 0.0714  data: 0.0000  max mem: 2671
      Evaluation: [ 700/1978]  eta: 0:01:31    time: 0.0715  data: 0.0000  max mem: 2671
      Evaluation: [ 800/1978]  eta: 0:01:24    time: 0.0716  data: 0.0000  max mem: 2671
      Evaluation: [ 900/1978]  eta: 0:01:17    time: 0.0718  data: 0.0000  max mem: 2671
      Evaluation: [1000/1978]  eta: 0:01:10    time: 0.0720  data: 0.0000  max mem: 2671
      Evaluation: [1100/1978]  eta: 0:01:02    time: 0.0720  data: 0.0000  max mem: 2671
      Evaluation: [1200/1978]  eta: 0:00:55    time: 0.0718  data: 0.0000  max mem: 2671
      Evaluation: [1300/1978]  eta: 0:00:48    time: 0.0717  data: 0.0000  max mem: 2671
      Evaluation: [1400/1978]  eta: 0:00:41    time: 0.0716  data: 0.0000  max mem: 2671
      Evaluation: [1500/1978]  eta: 0:00:34    time: 0.0716  data: 0.0000  max mem: 2671
      Evaluation: [1600/1978]  eta: 0:00:27    time: 0.0720  data: 0.0000  max mem: 2671
      Evaluation: [1700/1978]  eta: 0:00:19    time: 0.0719  data: 0.0000  max mem: 2671
      Evaluation: [1800/1978]  eta: 0:00:12    time: 0.0714  data: 0.0000  max mem: 2671
      Evaluation: [1900/1978]  eta: 0:00:05    time: 0.0718  data: 0.0000  max mem: 2671
      Evaluation: [1977/1978]  eta: 0:00:00    time: 0.0719  data: 0.0000  max mem: 2671
      Evaluation: Total time: 0:02:21 (0.0717 s / it)
     Computing matching score time 0:02:22
### TTA ITM Score: 
+-------------------+--------+--------+--------+--------+--------+
|       epoch       |   R1   |   R5   |  R10   |  mAP   |  mINP  |
+-------------------+--------+--------+--------+--------+--------+
|  cos_sim_wo/norm  | 58.544 | 91.860 | 95.703 | 73.596 | 73.596 |
|        -999       | 69.414 | 95.197 | 97.776 | 81.233 | 81.233 |
| itm_score_wo/norm | 84.328 | 98.989 | 99.494 | 91.293 | 91.293 |
|        -999       | 84.277 | 99.039 | 99.596 | 91.276 | 91.276 |
|         0         | 84.277 | 99.039 | 99.596 | 91.276 | 91.276 |
|         1         | 84.530 | 99.039 | 99.596 | 91.401 | 91.401 |
|         2         | 84.631 | 99.039 | 99.596 | 91.431 | 91.431 |
|         4         | 84.884 | 98.888 | 99.545 | 91.540 | 91.540 |
|         9         | 84.530 | 98.787 | 99.393 | 91.267 | 91.267 |
|         14        | 84.479 | 98.635 | 99.292 | 91.210 | 91.210 |
|         19        | 84.681 | 98.635 | 99.343 | 91.316 | 91.316 |
+-------------------+--------+--------+--------+--------+--------+
     logs:  {'epo': 19, 'R1': np.float32(84.681), 'R5': np.float32(98.635), 'R10': np.float32(99.343), 'mAP': np.float32(91.316), 'mINP': np.float32(91.316), 'entropy': 0.167155, 'uncertainty': 1.0, 'uncertainty_coeffi': 1.0, 'loss': 0.167155, 'lr': 3.9e-05}
      TTA Epoch: [20] [ 0/61]  eta: 0:00:27  entropy: 0.1971  uncertainty: 1.0000  uncertainty_coeffi: 1.0000  loss: 0.1971  lr: 0.000039  time: 0.4578  data: 0.3698  max mem: 2671
      TTA Epoch: [20] [60/61]  eta: 0:00:00  entropy: 0.1633  uncertainty: 1.0000  uncertainty_coeffi: 1.0000  loss: 0.1633  lr: 0.000038  time: 0.0612  data: 0.0001  max mem: 2671
      TTA Epoch: [20] Total time: 0:00:04 (0.0679 s / it)
     Averaged stats: entropy: 0.1706  uncertainty: 1.0000  uncertainty_coeffi: 1.0000  loss: 0.1706  lr: 0.0000
     itm tta time 0:00:04
      TTA Epoch: [21] [ 0/61]  eta: 0:00:25  entropy: 0.1611  uncertainty: 1.0000  uncertainty_coeffi: 1.0000  loss: 0.1611  lr: 0.000038  time: 0.4256  data: 0.3540  max mem: 2671
      TTA Epoch: [21] [60/61]  eta: 0:00:00  entropy: 0.2943  uncertainty: 1.0000  uncertainty_coeffi: 1.0000  loss: 0.2943  lr: 0.000037  time: 0.0610  data: 0.0001  max mem: 2671
      TTA Epoch: [21] Total time: 0:00:04 (0.0675 s / it)
     Averaged stats: entropy: 0.1623  uncertainty: 1.0000  uncertainty_coeffi: 1.0000  loss: 0.1623  lr: 0.0000
     itm tta time 0:00:04
      TTA Epoch: [22] [ 0/61]  eta: 0:00:27  entropy: 0.0585  uncertainty: 1.0000  uncertainty_coeffi: 1.0000  loss: 0.0585  lr: 0.000037  time: 0.4484  data: 0.3663  max mem: 2671
      TTA Epoch: [22] [60/61]  eta: 0:00:00  entropy: 0.1980  uncertainty: 1.0000  uncertainty_coeffi: 1.0000  loss: 0.1980  lr: 0.000036  time: 0.0608  data: 0.0001  max mem: 2671
      TTA Epoch: [22] Total time: 0:00:04 (0.0678 s / it)
     Averaged stats: entropy: 0.1661  uncertainty: 1.0000  uncertainty_coeffi: 1.0000  loss: 0.1661  lr: 0.0000
     itm tta time 0:00:04
      TTA Epoch: [23] [ 0/61]  eta: 0:00:26  entropy: 0.1986  uncertainty: 1.0000  uncertainty_coeffi: 1.0000  loss: 0.1986  lr: 0.000036  time: 0.4308  data: 0.3595  max mem: 2671
      TTA Epoch: [23] [60/61]  eta: 0:00:00  entropy: 0.1593  uncertainty: 1.0000  uncertainty_coeffi: 1.0000  loss: 0.1593  lr: 0.000035  time: 0.0609  data: 0.0001  max mem: 2671
      TTA Epoch: [23] Total time: 0:00:04 (0.0674 s / it)
     Averaged stats: entropy: 0.1583  uncertainty: 1.0000  uncertainty_coeffi: 1.0000  loss: 0.1583  lr: 0.0000
     itm tta time 0:00:04
      TTA Epoch: [24] [ 0/61]  eta: 0:00:26  entropy: 0.1390  uncertainty: 1.0000  uncertainty_coeffi: 1.0000  loss: 0.1390  lr: 0.000035  time: 0.4405  data: 0.3708  max mem: 2671
      TTA Epoch: [24] [60/61]  eta: 0:00:00  entropy: 0.1887  uncertainty: 1.0000  uncertainty_coeffi: 1.0000  loss: 0.1887  lr: 0.000034  time: 0.0610  data: 0.0001  max mem: 2671
      TTA Epoch: [24] Total time: 0:00:04 (0.0675 s / it)
     Averaged stats: entropy: 0.1545  uncertainty: 1.0000  uncertainty_coeffi: 1.0000  loss: 0.1545  lr: 0.0000
     itm tta time 0:00:04
      TTA Epoch: [25] [ 0/61]  eta: 0:00:26  entropy: 0.1271  uncertainty: 1.0000  uncertainty_coeffi: 1.0000  loss: 0.1271  lr: 0.000034  time: 0.4348  data: 0.3636  max mem: 2671
      TTA Epoch: [25] [60/61]  eta: 0:00:00  entropy: 0.1554  uncertainty: 1.0000  uncertainty_coeffi: 1.0000  loss: 0.1554  lr: 0.000033  time: 0.0608  data: 0.0001  max mem: 2671
      TTA Epoch: [25] Total time: 0:00:04 (0.0675 s / it)
     Averaged stats: entropy: 0.1503  uncertainty: 1.0000  uncertainty_coeffi: 1.0000  loss: 0.1503  lr: 0.0000
     itm tta time 0:00:04
      TTA Epoch: [26] [ 0/61]  eta: 0:00:26  entropy: 0.2246  uncertainty: 1.0000  uncertainty_coeffi: 1.0000  loss: 0.2246  lr: 0.000033  time: 0.4265  data: 0.3579  max mem: 2671
      TTA Epoch: [26] [60/61]  eta: 0:00:00  entropy: 0.0589  uncertainty: 1.0000  uncertainty_coeffi: 1.0000  loss: 0.0589  lr: 0.000032  time: 0.0610  data: 0.0001  max mem: 2671
      TTA Epoch: [26] Total time: 0:00:04 (0.0673 s / it)
     Averaged stats: entropy: 0.1501  uncertainty: 1.0000  uncertainty_coeffi: 1.0000  loss: 0.1501  lr: 0.0000
     itm tta time 0:00:04
      TTA Epoch: [27] [ 0/61]  eta: 0:00:26  entropy: 0.1582  uncertainty: 1.0000  uncertainty_coeffi: 1.0000  loss: 0.1582  lr: 0.000032  time: 0.4367  data: 0.3575  max mem: 2671
      TTA Epoch: [27] [60/61]  eta: 0:00:00  entropy: 0.3231  uncertainty: 1.0000  uncertainty_coeffi: 1.0000  loss: 0.3231  lr: 0.000031  time: 0.0609  data: 0.0001  max mem: 2671
      TTA Epoch: [27] Total time: 0:00:04 (0.0674 s / it)
     Averaged stats: entropy: 0.1492  uncertainty: 1.0000  uncertainty_coeffi: 1.0000  loss: 0.1492  lr: 0.0000
     itm tta time 0:00:04
      TTA Epoch: [28] [ 0/61]  eta: 0:00:25  entropy: 0.2443  uncertainty: 1.0000  uncertainty_coeffi: 1.0000  loss: 0.2443  lr: 0.000031  time: 0.4256  data: 0.3525  max mem: 2671
      TTA Epoch: [28] [60/61]  eta: 0:00:00  entropy: 0.1343  uncertainty: 1.0000  uncertainty_coeffi: 1.0000  loss: 0.1343  lr: 0.000030  time: 0.0608  data: 0.0001  max mem: 2671
      TTA Epoch: [28] Total time: 0:00:04 (0.0674 s / it)
     Averaged stats: entropy: 0.1424  uncertainty: 1.0000  uncertainty_coeffi: 1.0000  loss: 0.1424  lr: 0.0000
     itm tta time 0:00:04
      TTA Epoch: [29] [ 0/61]  eta: 0:00:29  entropy: 0.1724  uncertainty: 1.0000  uncertainty_coeffi: 1.0000  loss: 0.1724  lr: 0.000030  time: 0.4784  data: 0.4096  max mem: 2671
      TTA Epoch: [29] [60/61]  eta: 0:00:00  entropy: 0.1168  uncertainty: 1.0000  uncertainty_coeffi: 1.0000  loss: 0.1168  lr: 0.000029  time: 0.0608  data: 0.0001  max mem: 2671
      TTA Epoch: [29] Total time: 0:00:04 (0.0681 s / it)
     Averaged stats: entropy: 0.1446  uncertainty: 1.0000  uncertainty_coeffi: 1.0000  loss: 0.1446  lr: 0.0000
     itm tta time 0:00:04
     Computing matching score
      Evaluation: [   0/1978]  eta: 0:02:42    time: 0.0821  data: 0.0036  max mem: 2671
      Evaluation: [ 100/1978]  eta: 0:02:14    time: 0.0717  data: 0.0000  max mem: 2671
      Evaluation: [ 200/1978]  eta: 0:02:07    time: 0.0714  data: 0.0000  max mem: 2671
      Evaluation: [ 300/1978]  eta: 0:02:00    time: 0.0714  data: 0.0000  max mem: 2671
      Evaluation: [ 400/1978]  eta: 0:01:52    time: 0.0714  data: 0.0000  max mem: 2671
      Evaluation: [ 500/1978]  eta: 0:01:45    time: 0.0713  data: 0.0000  max mem: 2671
      Evaluation: [ 600/1978]  eta: 0:01:38    time: 0.0713  data: 0.0000  max mem: 2671
      Evaluation: [ 700/1978]  eta: 0:01:31    time: 0.0715  data: 0.0000  max mem: 2671
      Evaluation: [ 800/1978]  eta: 0:01:24    time: 0.0717  data: 0.0000  max mem: 2671
      Evaluation: [ 900/1978]  eta: 0:01:17    time: 0.0717  data: 0.0000  max mem: 2671
      Evaluation: [1000/1978]  eta: 0:01:09    time: 0.0719  data: 0.0000  max mem: 2671
      Evaluation: [1100/1978]  eta: 0:01:02    time: 0.0716  data: 0.0000  max mem: 2671
      Evaluation: [1200/1978]  eta: 0:00:55    time: 0.0715  data: 0.0000  max mem: 2671
      Evaluation: [1300/1978]  eta: 0:00:48    time: 0.0717  data: 0.0000  max mem: 2671
      Evaluation: [1400/1978]  eta: 0:00:41    time: 0.0718  data: 0.0000  max mem: 2671
      Evaluation: [1500/1978]  eta: 0:00:34    time: 0.0718  data: 0.0000  max mem: 2671
      Evaluation: [1600/1978]  eta: 0:00:27    time: 0.0726  data: 0.0000  max mem: 2671
      Evaluation: [1700/1978]  eta: 0:00:19    time: 0.0722  data: 0.0000  max mem: 2671
      Evaluation: [1800/1978]  eta: 0:00:12    time: 0.0721  data: 0.0000  max mem: 2671
      Evaluation: [1900/1978]  eta: 0:00:05    time: 0.0720  data: 0.0000  max mem: 2671
      Evaluation: [1977/1978]  eta: 0:00:00    time: 0.0721  data: 0.0000  max mem: 2671
      Evaluation: Total time: 0:02:21 (0.0717 s / it)
     Computing matching score time 0:02:22
### TTA ITM Score: 
+-------------------+--------+--------+--------+--------+--------+
|       epoch       |   R1   |   R5   |  R10   |  mAP   |  mINP  |
+-------------------+--------+--------+--------+--------+--------+
|  cos_sim_wo/norm  | 58.544 | 91.860 | 95.703 | 73.596 | 73.596 |
|        -999       | 69.414 | 95.197 | 97.776 | 81.233 | 81.233 |
| itm_score_wo/norm | 84.328 | 98.989 | 99.494 | 91.293 | 91.293 |
|        -999       | 84.277 | 99.039 | 99.596 | 91.276 | 91.276 |
|         0         | 84.277 | 99.039 | 99.596 | 91.276 | 91.276 |
|         1         | 84.530 | 99.039 | 99.596 | 91.401 | 91.401 |
|         2         | 84.631 | 99.039 | 99.596 | 91.431 | 91.431 |
|         4         | 84.884 | 98.888 | 99.545 | 91.540 | 91.540 |
|         9         | 84.530 | 98.787 | 99.393 | 91.267 | 91.267 |
|         14        | 84.479 | 98.635 | 99.292 | 91.210 | 91.210 |
|         19        | 84.681 | 98.635 | 99.343 | 91.316 | 91.316 |
|         29        | 84.378 | 98.686 | 99.292 | 91.178 | 91.178 |
+-------------------+--------+--------+--------+--------+--------+
     logs:  {'epo': 29, 'R1': np.float32(84.378), 'R5': np.float32(98.686), 'R10': np.float32(99.292), 'mAP': np.float32(91.178), 'mINP': np.float32(91.178), 'entropy': 0.144619, 'uncertainty': 1.0, 'uncertainty_coeffi': 1.0, 'loss': 0.144619, 'lr': 3e-05}
      TTA Epoch: [30] [ 0/61]  eta: 0:00:30  entropy: 0.1089  uncertainty: 1.0000  uncertainty_coeffi: 1.0000  loss: 0.1089  lr: 0.000029  time: 0.5003  data: 0.4242  max mem: 2671
      TTA Epoch: [30] [60/61]  eta: 0:00:00  entropy: 0.0858  uncertainty: 1.0000  uncertainty_coeffi: 1.0000  loss: 0.0858  lr: 0.000028  time: 0.0607  data: 0.0001  max mem: 2671
      TTA Epoch: [30] Total time: 0:00:04 (0.0684 s / it)
     Averaged stats: entropy: 0.1415  uncertainty: 1.0000  uncertainty_coeffi: 1.0000  loss: 0.1415  lr: 0.0000
     itm tta time 0:00:04
      TTA Epoch: [31] [ 0/61]  eta: 0:00:25  entropy: 0.2035  uncertainty: 1.0000  uncertainty_coeffi: 1.0000  loss: 0.2035  lr: 0.000028  time: 0.4141  data: 0.3433  max mem: 2671
      TTA Epoch: [31] [60/61]  eta: 0:00:00  entropy: 0.1046  uncertainty: 1.0000  uncertainty_coeffi: 1.0000  loss: 0.1046  lr: 0.000027  time: 0.0600  data: 0.0001  max mem: 2671
      TTA Epoch: [31] Total time: 0:00:04 (0.0666 s / it)
     Averaged stats: entropy: 0.1418  uncertainty: 1.0000  uncertainty_coeffi: 1.0000  loss: 0.1418  lr: 0.0000
     itm tta time 0:00:04
      TTA Epoch: [32] [ 0/61]  eta: 0:00:26  entropy: 0.1616  uncertainty: 1.0000  uncertainty_coeffi: 1.0000  loss: 0.1616  lr: 0.000027  time: 0.4330  data: 0.3523  max mem: 2671
      TTA Epoch: [32] [60/61]  eta: 0:00:00  entropy: 0.1451  uncertainty: 1.0000  uncertainty_coeffi: 1.0000  loss: 0.1451  lr: 0.000013  time: 0.0609  data: 0.0001  max mem: 2671
      TTA Epoch: [32] Total time: 0:00:04 (0.0676 s / it)
     Averaged stats: entropy: 0.1381  uncertainty: 1.0000  uncertainty_coeffi: 1.0000  loss: 0.1381  lr: 0.0000
     itm tta time 0:00:04
      TTA Epoch: [33] [ 0/61]  eta: 0:00:26  entropy: 0.1051  uncertainty: 1.0000  uncertainty_coeffi: 1.0000  loss: 0.1051  lr: 0.000013  time: 0.4320  data: 0.3569  max mem: 2671
      TTA Epoch: [33] [60/61]  eta: 0:00:00  entropy: 0.2207  uncertainty: 1.0000  uncertainty_coeffi: 1.0000  loss: 0.2207  lr: 0.000013  time: 0.0607  data: 0.0001  max mem: 2671
      TTA Epoch: [33] Total time: 0:00:04 (0.0672 s / it)
     Averaged stats: entropy: 0.1332  uncertainty: 1.0000  uncertainty_coeffi: 1.0000  loss: 0.1332  lr: 0.0000
     itm tta time 0:00:04
      TTA Epoch: [34] [ 0/61]  eta: 0:00:25  entropy: 0.1074  uncertainty: 1.0000  uncertainty_coeffi: 1.0000  loss: 0.1074  lr: 0.000013  time: 0.4176  data: 0.3489  max mem: 2671
      TTA Epoch: [34] [60/61]  eta: 0:00:00  entropy: 0.1168  uncertainty: 1.0000  uncertainty_coeffi: 1.0000  loss: 0.1168  lr: 0.000012  time: 0.0607  data: 0.0001  max mem: 2671
      TTA Epoch: [34] Total time: 0:00:04 (0.0670 s / it)
     Averaged stats: entropy: 0.1347  uncertainty: 1.0000  uncertainty_coeffi: 1.0000  loss: 0.1347  lr: 0.0000
     itm tta time 0:00:04
      TTA Epoch: [35] [ 0/61]  eta: 0:00:26  entropy: 0.1554  uncertainty: 1.0000  uncertainty_coeffi: 1.0000  loss: 0.1554  lr: 0.000012  time: 0.4370  data: 0.3674  max mem: 2671
      TTA Epoch: [35] [60/61]  eta: 0:00:00  entropy: 0.0861  uncertainty: 1.0000  uncertainty_coeffi: 1.0000  loss: 0.0861  lr: 0.000012  time: 0.0607  data: 0.0001  max mem: 2671
      TTA Epoch: [35] Total time: 0:00:04 (0.0673 s / it)
     Averaged stats: entropy: 0.1359  uncertainty: 1.0000  uncertainty_coeffi: 1.0000  loss: 0.1359  lr: 0.0000
     itm tta time 0:00:04
      TTA Epoch: [36] [ 0/61]  eta: 0:00:25  entropy: 0.1135  uncertainty: 1.0000  uncertainty_coeffi: 1.0000  loss: 0.1135  lr: 0.000012  time: 0.4246  data: 0.3488  max mem: 2671
      TTA Epoch: [36] [60/61]  eta: 0:00:00  entropy: 0.1633  uncertainty: 1.0000  uncertainty_coeffi: 1.0000  loss: 0.1633  lr: 0.000011  time: 0.0606  data: 0.0001  max mem: 2671
      TTA Epoch: [36] Total time: 0:00:04 (0.0672 s / it)
     Averaged stats: entropy: 0.1336  uncertainty: 1.0000  uncertainty_coeffi: 1.0000  loss: 0.1336  lr: 0.0000
     itm tta time 0:00:04
      TTA Epoch: [37] [ 0/61]  eta: 0:00:26  entropy: 0.1684  uncertainty: 1.0000  uncertainty_coeffi: 1.0000  loss: 0.1684  lr: 0.000011  time: 0.4306  data: 0.3466  max mem: 2671
      TTA Epoch: [37] [60/61]  eta: 0:00:00  entropy: 0.0793  uncertainty: 1.0000  uncertainty_coeffi: 1.0000  loss: 0.0793  lr: 0.000011  time: 0.0607  data: 0.0001  max mem: 2671
      TTA Epoch: [37] Total time: 0:00:04 (0.0673 s / it)
     Averaged stats: entropy: 0.1355  uncertainty: 1.0000  uncertainty_coeffi: 1.0000  loss: 0.1355  lr: 0.0000
     itm tta time 0:00:04
      TTA Epoch: [38] [ 0/61]  eta: 0:00:30  entropy: 0.1611  uncertainty: 1.0000  uncertainty_coeffi: 1.0000  loss: 0.1611  lr: 0.000011  time: 0.4923  data: 0.3791  max mem: 2671
      TTA Epoch: [38] [60/61]  eta: 0:00:00  entropy: 0.1395  uncertainty: 1.0000  uncertainty_coeffi: 1.0000  loss: 0.1395  lr: 0.000010  time: 0.0607  data: 0.0001  max mem: 2671
      TTA Epoch: [38] Total time: 0:00:04 (0.0683 s / it)
     Averaged stats: entropy: 0.1375  uncertainty: 1.0000  uncertainty_coeffi: 1.0000  loss: 0.1375  lr: 0.0000
     itm tta time 0:00:04
      TTA Epoch: [39] [ 0/61]  eta: 0:00:27  entropy: 0.1180  uncertainty: 1.0000  uncertainty_coeffi: 1.0000  loss: 0.1180  lr: 0.000010  time: 0.4581  data: 0.3764  max mem: 2671
      TTA Epoch: [39] [60/61]  eta: 0:00:00  entropy: 0.1463  uncertainty: 1.0000  uncertainty_coeffi: 1.0000  loss: 0.1463  lr: 0.000010  time: 0.0603  data: 0.0001  max mem: 2671
      TTA Epoch: [39] Total time: 0:00:04 (0.0677 s / it)
     Averaged stats: entropy: 0.1332  uncertainty: 1.0000  uncertainty_coeffi: 1.0000  loss: 0.1332  lr: 0.0000
     itm tta time 0:00:04
     Computing matching score
      Evaluation: [   0/1978]  eta: 0:02:25    time: 0.0734  data: 0.0042  max mem: 2671
      Evaluation: [ 100/1978]  eta: 0:02:15    time: 0.0718  data: 0.0000  max mem: 2671
      Evaluation: [ 200/1978]  eta: 0:02:07    time: 0.0716  data: 0.0000  max mem: 2671
      Evaluation: [ 300/1978]  eta: 0:02:00    time: 0.0720  data: 0.0000  max mem: 2671
      Evaluation: [ 400/1978]  eta: 0:01:53    time: 0.0716  data: 0.0000  max mem: 2671
      Evaluation: [ 500/1978]  eta: 0:01:46    time: 0.0717  data: 0.0000  max mem: 2671
      Evaluation: [ 600/1978]  eta: 0:01:39    time: 0.0721  data: 0.0000  max mem: 2671
      Evaluation: [ 700/1978]  eta: 0:01:31    time: 0.0724  data: 0.0000  max mem: 2671
      Evaluation: [ 800/1978]  eta: 0:01:24    time: 0.0721  data: 0.0000  max mem: 2671
      Evaluation: [ 900/1978]  eta: 0:01:17    time: 0.0719  data: 0.0000  max mem: 2671
      Evaluation: [1000/1978]  eta: 0:01:10    time: 0.0720  data: 0.0000  max mem: 2671
      Evaluation: [1100/1978]  eta: 0:01:03    time: 0.0719  data: 0.0000  max mem: 2671
      Evaluation: [1200/1978]  eta: 0:00:56    time: 0.0721  data: 0.0000  max mem: 2671
      Evaluation: [1300/1978]  eta: 0:00:48    time: 0.0723  data: 0.0000  max mem: 2671
      Evaluation: [1400/1978]  eta: 0:00:41    time: 0.0719  data: 0.0000  max mem: 2671
      Evaluation: [1500/1978]  eta: 0:00:34    time: 0.0720  data: 0.0000  max mem: 2671
      Evaluation: [1600/1978]  eta: 0:00:27    time: 0.0717  data: 0.0000  max mem: 2671
      Evaluation: [1700/1978]  eta: 0:00:20    time: 0.0718  data: 0.0000  max mem: 2671
      Evaluation: [1800/1978]  eta: 0:00:12    time: 0.0719  data: 0.0000  max mem: 2671
      Evaluation: [1900/1978]  eta: 0:00:05    time: 0.0722  data: 0.0000  max mem: 2671
      Evaluation: [1977/1978]  eta: 0:00:00    time: 0.0723  data: 0.0000  max mem: 2671
      Evaluation: Total time: 0:02:22 (0.0720 s / it)
     Computing matching score time 0:02:22
### TTA ITM Score: 
+-------------------+--------+--------+--------+--------+--------+
|       epoch       |   R1   |   R5   |  R10   |  mAP   |  mINP  |
+-------------------+--------+--------+--------+--------+--------+
|  cos_sim_wo/norm  | 58.544 | 91.860 | 95.703 | 73.596 | 73.596 |
|        -999       | 69.414 | 95.197 | 97.776 | 81.233 | 81.233 |
| itm_score_wo/norm | 84.328 | 98.989 | 99.494 | 91.293 | 91.293 |
|        -999       | 84.277 | 99.039 | 99.596 | 91.276 | 91.276 |
|         0         | 84.277 | 99.039 | 99.596 | 91.276 | 91.276 |
|         1         | 84.530 | 99.039 | 99.596 | 91.401 | 91.401 |
|         2         | 84.631 | 99.039 | 99.596 | 91.431 | 91.431 |
|         4         | 84.884 | 98.888 | 99.545 | 91.540 | 91.540 |
|         9         | 84.530 | 98.787 | 99.393 | 91.267 | 91.267 |
|         14        | 84.479 | 98.635 | 99.292 | 91.210 | 91.210 |
|         19        | 84.681 | 98.635 | 99.343 | 91.316 | 91.316 |
|         29        | 84.378 | 98.686 | 99.292 | 91.178 | 91.178 |
|         39        | 84.530 | 98.736 | 99.292 | 91.258 | 91.258 |
+-------------------+--------+--------+--------+--------+--------+
     logs:  {'epo': 39, 'R1': np.float32(84.53), 'R5': np.float32(98.736), 'R10': np.float32(99.292), 'mAP': np.float32(91.258), 'mINP': np.float32(91.258), 'entropy': 0.133159, 'uncertainty': 1.0, 'uncertainty_coeffi': 1.0, 'loss': 0.133159, 'lr': 1e-05}
      TTA Epoch: [40] [ 0/61]  eta: 0:00:27  entropy: 0.1100  uncertainty: 1.0000  uncertainty_coeffi: 1.0000  loss: 0.1100  lr: 0.000010  time: 0.4446  data: 0.3742  max mem: 2671
      TTA Epoch: [40] [60/61]  eta: 0:00:00  entropy: 0.1359  uncertainty: 1.0000  uncertainty_coeffi: 1.0000  loss: 0.1359  lr: 0.000009  time: 0.0620  data: 0.0001  max mem: 2671
      TTA Epoch: [40] Total time: 0:00:04 (0.0687 s / it)
     Averaged stats: entropy: 0.1322  uncertainty: 1.0000  uncertainty_coeffi: 1.0000  loss: 0.1322  lr: 0.0000
     itm tta time 0:00:04
      TTA Epoch: [41] [ 0/61]  eta: 0:00:25  entropy: 0.1725  uncertainty: 1.0000  uncertainty_coeffi: 1.0000  loss: 0.1725  lr: 0.000009  time: 0.4254  data: 0.3451  max mem: 2671
      TTA Epoch: [41] [60/61]  eta: 0:00:00  entropy: 0.0947  uncertainty: 1.0000  uncertainty_coeffi: 1.0000  loss: 0.0947  lr: 0.000009  time: 0.0618  data: 0.0001  max mem: 2671
      TTA Epoch: [41] Total time: 0:00:04 (0.0682 s / it)
     Averaged stats: entropy: 0.1350  uncertainty: 1.0000  uncertainty_coeffi: 1.0000  loss: 0.1350  lr: 0.0000
     itm tta time 0:00:04
      TTA Epoch: [42] [ 0/61]  eta: 0:00:26  entropy: 0.1226  uncertainty: 1.0000  uncertainty_coeffi: 1.0000  loss: 0.1226  lr: 0.000009  time: 0.4306  data: 0.3606  max mem: 2671
      TTA Epoch: [42] [60/61]  eta: 0:00:00  entropy: 0.1312  uncertainty: 1.0000  uncertainty_coeffi: 1.0000  loss: 0.1312  lr: 0.000009  time: 0.0619  data: 0.0001  max mem: 2671
      TTA Epoch: [42] Total time: 0:00:04 (0.0681 s / it)
     Averaged stats: entropy: 0.1313  uncertainty: 1.0000  uncertainty_coeffi: 1.0000  loss: 0.1313  lr: 0.0000
     itm tta time 0:00:04
      TTA Epoch: [43] [ 0/61]  eta: 0:00:28  entropy: 0.1497  uncertainty: 1.0000  uncertainty_coeffi: 1.0000  loss: 0.1497  lr: 0.000009  time: 0.4661  data: 0.3592  max mem: 2671
      TTA Epoch: [43] [60/61]  eta: 0:00:00  entropy: 0.1592  uncertainty: 1.0000  uncertainty_coeffi: 1.0000  loss: 0.1592  lr: 0.000008  time: 0.0614  data: 0.0001  max mem: 2671
      TTA Epoch: [43] Total time: 0:00:04 (0.0685 s / it)
     Averaged stats: entropy: 0.1287  uncertainty: 1.0000  uncertainty_coeffi: 1.0000  loss: 0.1287  lr: 0.0000
     itm tta time 0:00:04
      TTA Epoch: [44] [ 0/61]  eta: 0:00:25  entropy: 0.1435  uncertainty: 1.0000  uncertainty_coeffi: 1.0000  loss: 0.1435  lr: 0.000008  time: 0.4148  data: 0.3450  max mem: 2671
      TTA Epoch: [44] [60/61]  eta: 0:00:00  entropy: 0.1520  uncertainty: 1.0000  uncertainty_coeffi: 1.0000  loss: 0.1520  lr: 0.000008  time: 0.0617  data: 0.0001  max mem: 2671
      TTA Epoch: [44] Total time: 0:00:04 (0.0677 s / it)
     Averaged stats: entropy: 0.1327  uncertainty: 1.0000  uncertainty_coeffi: 1.0000  loss: 0.1327  lr: 0.0000
     itm tta time 0:00:04
      TTA Epoch: [45] [ 0/61]  eta: 0:00:26  entropy: 0.1319  uncertainty: 1.0000  uncertainty_coeffi: 1.0000  loss: 0.1319  lr: 0.000008  time: 0.4367  data: 0.3561  max mem: 2671
      TTA Epoch: [45] [60/61]  eta: 0:00:00  entropy: 0.1663  uncertainty: 1.0000  uncertainty_coeffi: 1.0000  loss: 0.1663  lr: 0.000007  time: 0.0614  data: 0.0001  max mem: 2671
      TTA Epoch: [45] Total time: 0:00:04 (0.0677 s / it)
     Averaged stats: entropy: 0.1292  uncertainty: 1.0000  uncertainty_coeffi: 1.0000  loss: 0.1292  lr: 0.0000
     itm tta time 0:00:04
      TTA Epoch: [46] [ 0/61]  eta: 0:00:26  entropy: 0.1465  uncertainty: 1.0000  uncertainty_coeffi: 1.0000  loss: 0.1465  lr: 0.000007  time: 0.4399  data: 0.3615  max mem: 2671
      TTA Epoch: [46] [60/61]  eta: 0:00:00  entropy: 0.1397  uncertainty: 1.0000  uncertainty_coeffi: 1.0000  loss: 0.1397  lr: 0.000007  time: 0.0610  data: 0.0001  max mem: 2671
      TTA Epoch: [46] Total time: 0:00:04 (0.0677 s / it)
     Averaged stats: entropy: 0.1312  uncertainty: 1.0000  uncertainty_coeffi: 1.0000  loss: 0.1312  lr: 0.0000
     itm tta time 0:00:04
      TTA Epoch: [47] [ 0/61]  eta: 0:00:25  entropy: 0.1019  uncertainty: 1.0000  uncertainty_coeffi: 1.0000  loss: 0.1019  lr: 0.000007  time: 0.4201  data: 0.3493  max mem: 2671
      TTA Epoch: [47] [60/61]  eta: 0:00:00  entropy: 0.1509  uncertainty: 1.0000  uncertainty_coeffi: 1.0000  loss: 0.1509  lr: 0.000006  time: 0.0609  data: 0.0001  max mem: 2671
      TTA Epoch: [47] Total time: 0:00:04 (0.0672 s / it)
     Averaged stats: entropy: 0.1270  uncertainty: 1.0000  uncertainty_coeffi: 1.0000  loss: 0.1270  lr: 0.0000
     itm tta time 0:00:04
      TTA Epoch: [48] [ 0/61]  eta: 0:00:27  entropy: 0.0695  uncertainty: 1.0000  uncertainty_coeffi: 1.0000  loss: 0.0695  lr: 0.000006  time: 0.4551  data: 0.3638  max mem: 2671
      TTA Epoch: [48] [60/61]  eta: 0:00:00  entropy: 0.2168  uncertainty: 1.0000  uncertainty_coeffi: 1.0000  loss: 0.2168  lr: 0.000006  time: 0.0612  data: 0.0001  max mem: 2671
      TTA Epoch: [48] Total time: 0:00:04 (0.0680 s / it)
     Averaged stats: entropy: 0.1269  uncertainty: 1.0000  uncertainty_coeffi: 1.0000  loss: 0.1269  lr: 0.0000
     itm tta time 0:00:04
      TTA Epoch: [49] [ 0/61]  eta: 0:00:32  entropy: 0.1874  uncertainty: 1.0000  uncertainty_coeffi: 1.0000  loss: 0.1874  lr: 0.000006  time: 0.5355  data: 0.4278  max mem: 2671
      TTA Epoch: [49] [60/61]  eta: 0:00:00  entropy: 0.0804  uncertainty: 1.0000  uncertainty_coeffi: 1.0000  loss: 0.0804  lr: 0.000005  time: 0.0611  data: 0.0001  max mem: 2671
      TTA Epoch: [49] Total time: 0:00:04 (0.0693 s / it)
     Averaged stats: entropy: 0.1311  uncertainty: 1.0000  uncertainty_coeffi: 1.0000  loss: 0.1311  lr: 0.0000
     itm tta time 0:00:04
     Computing matching score
      Evaluation: [   0/1978]  eta: 0:02:39    time: 0.0806  data: 0.0047  max mem: 2671
      Evaluation: [ 100/1978]  eta: 0:02:15    time: 0.0716  data: 0.0000  max mem: 2671
      Evaluation: [ 200/1978]  eta: 0:02:07    time: 0.0718  data: 0.0000  max mem: 2671
      Evaluation: [ 300/1978]  eta: 0:02:00    time: 0.0720  data: 0.0000  max mem: 2671
      Evaluation: [ 400/1978]  eta: 0:01:53    time: 0.0720  data: 0.0000  max mem: 2671
      Evaluation: [ 500/1978]  eta: 0:01:46    time: 0.0716  data: 0.0000  max mem: 2671
      Evaluation: [ 600/1978]  eta: 0:01:39    time: 0.0719  data: 0.0000  max mem: 2671
      Evaluation: [ 700/1978]  eta: 0:01:31    time: 0.0724  data: 0.0000  max mem: 2671
      Evaluation: [ 800/1978]  eta: 0:01:24    time: 0.0719  data: 0.0000  max mem: 2671
      Evaluation: [ 900/1978]  eta: 0:01:17    time: 0.0718  data: 0.0000  max mem: 2671
      Evaluation: [1000/1978]  eta: 0:01:10    time: 0.0721  data: 0.0000  max mem: 2671
      Evaluation: [1100/1978]  eta: 0:01:03    time: 0.0719  data: 0.0000  max mem: 2671
      Evaluation: [1200/1978]  eta: 0:00:55    time: 0.0717  data: 0.0000  max mem: 2671
      Evaluation: [1300/1978]  eta: 0:00:48    time: 0.0716  data: 0.0000  max mem: 2671
      Evaluation: [1400/1978]  eta: 0:00:41    time: 0.0722  data: 0.0000  max mem: 2671
      Evaluation: [1500/1978]  eta: 0:00:34    time: 0.0717  data: 0.0000  max mem: 2671
      Evaluation: [1600/1978]  eta: 0:00:27    time: 0.0716  data: 0.0000  max mem: 2671
      Evaluation: [1700/1978]  eta: 0:00:19    time: 0.0719  data: 0.0000  max mem: 2671
      Evaluation: [1800/1978]  eta: 0:00:12    time: 0.0718  data: 0.0000  max mem: 2671
      Evaluation: [1900/1978]  eta: 0:00:05    time: 0.0714  data: 0.0000  max mem: 2671
      Evaluation: [1977/1978]  eta: 0:00:00    time: 0.0713  data: 0.0000  max mem: 2671
      Evaluation: Total time: 0:02:22 (0.0718 s / it)
     Computing matching score time 0:02:22
### TTA ITM Score: 
+-------------------+--------+--------+--------+--------+--------+
|       epoch       |   R1   |   R5   |  R10   |  mAP   |  mINP  |
+-------------------+--------+--------+--------+--------+--------+
|  cos_sim_wo/norm  | 58.544 | 91.860 | 95.703 | 73.596 | 73.596 |
|        -999       | 69.414 | 95.197 | 97.776 | 81.233 | 81.233 |
| itm_score_wo/norm | 84.328 | 98.989 | 99.494 | 91.293 | 91.293 |
|        -999       | 84.277 | 99.039 | 99.596 | 91.276 | 91.276 |
|         0         | 84.277 | 99.039 | 99.596 | 91.276 | 91.276 |
|         1         | 84.530 | 99.039 | 99.596 | 91.401 | 91.401 |
|         2         | 84.631 | 99.039 | 99.596 | 91.431 | 91.431 |
|         4         | 84.884 | 98.888 | 99.545 | 91.540 | 91.540 |
|         9         | 84.530 | 98.787 | 99.393 | 91.267 | 91.267 |
|         14        | 84.479 | 98.635 | 99.292 | 91.210 | 91.210 |
|         19        | 84.681 | 98.635 | 99.343 | 91.316 | 91.316 |
|         29        | 84.378 | 98.686 | 99.292 | 91.178 | 91.178 |
|         39        | 84.530 | 98.736 | 99.292 | 91.258 | 91.258 |
|         49        | 84.530 | 98.686 | 99.292 | 91.253 | 91.253 |
+-------------------+--------+--------+--------+--------+--------+
     logs:  {'epo': 49, 'R1': np.float32(84.53), 'R5': np.float32(98.686), 'R10': np.float32(99.292), 'mAP': np.float32(91.253), 'mINP': np.float32(91.253), 'entropy': 0.131064, 'uncertainty': 1.0, 'uncertainty_coeffi': 1.0, 'loss': 0.131064, 'lr': 5e-06}
      TTA Epoch: [50] [ 0/61]  eta: 0:00:29  entropy: 0.2493  uncertainty: 1.0000  uncertainty_coeffi: 1.0000  loss: 0.2493  lr: 0.000005  time: 0.4824  data: 0.3989  max mem: 2671
      TTA Epoch: [50] [60/61]  eta: 0:00:00  entropy: 0.1897  uncertainty: 1.0000  uncertainty_coeffi: 1.0000  loss: 0.1897  lr: 0.000005  time: 0.0615  data: 0.0001  max mem: 2671
      TTA Epoch: [50] Total time: 0:00:04 (0.0686 s / it)
     Averaged stats: entropy: 0.1280  uncertainty: 1.0000  uncertainty_coeffi: 1.0000  loss: 0.1280  lr: 0.0000
     itm tta time 0:00:04
      TTA Epoch: [51] [ 0/61]  eta: 0:00:28  entropy: 0.1035  uncertainty: 1.0000  uncertainty_coeffi: 1.0000  loss: 0.1035  lr: 0.000005  time: 0.4696  data: 0.3635  max mem: 2671
      TTA Epoch: [51] [60/61]  eta: 0:00:00  entropy: 0.1980  uncertainty: 1.0000  uncertainty_coeffi: 1.0000  loss: 0.1980  lr: 0.000004  time: 0.0608  data: 0.0001  max mem: 2671
      TTA Epoch: [51] Total time: 0:00:04 (0.0679 s / it)
     Averaged stats: entropy: 0.1297  uncertainty: 1.0000  uncertainty_coeffi: 1.0000  loss: 0.1297  lr: 0.0000
     itm tta time 0:00:04
      TTA Epoch: [52] [ 0/61]  eta: 0:00:26  entropy: 0.1409  uncertainty: 1.0000  uncertainty_coeffi: 1.0000  loss: 0.1409  lr: 0.000004  time: 0.4286  data: 0.3468  max mem: 2671
      TTA Epoch: [52] [60/61]  eta: 0:00:00  entropy: 0.2392  uncertainty: 1.0000  uncertainty_coeffi: 1.0000  loss: 0.2392  lr: 0.000004  time: 0.0609  data: 0.0001  max mem: 2671
      TTA Epoch: [52] Total time: 0:00:04 (0.0675 s / it)
     Averaged stats: entropy: 0.1310  uncertainty: 1.0000  uncertainty_coeffi: 1.0000  loss: 0.1310  lr: 0.0000
     itm tta time 0:00:04
      TTA Epoch: [53] [ 0/61]  eta: 0:00:26  entropy: 0.0892  uncertainty: 1.0000  uncertainty_coeffi: 1.0000  loss: 0.0892  lr: 0.000004  time: 0.4287  data: 0.3577  max mem: 2671
      TTA Epoch: [53] [60/61]  eta: 0:00:00  entropy: 0.1273  uncertainty: 1.0000  uncertainty_coeffi: 1.0000  loss: 0.1273  lr: 0.000003  time: 0.0611  data: 0.0001  max mem: 2671
      TTA Epoch: [53] Total time: 0:00:04 (0.0673 s / it)
     Averaged stats: entropy: 0.1239  uncertainty: 1.0000  uncertainty_coeffi: 1.0000  loss: 0.1239  lr: 0.0000
     itm tta time 0:00:04
      TTA Epoch: [54] [ 0/61]  eta: 0:00:29  entropy: 0.2094  uncertainty: 1.0000  uncertainty_coeffi: 1.0000  loss: 0.2094  lr: 0.000003  time: 0.4863  data: 0.4144  max mem: 2671
      TTA Epoch: [54] [60/61]  eta: 0:00:00  entropy: 0.1184  uncertainty: 1.0000  uncertainty_coeffi: 1.0000  loss: 0.1184  lr: 0.000003  time: 0.0609  data: 0.0001  max mem: 2671
      TTA Epoch: [54] Total time: 0:00:04 (0.0685 s / it)
     Averaged stats: entropy: 0.1270  uncertainty: 1.0000  uncertainty_coeffi: 1.0000  loss: 0.1270  lr: 0.0000
     itm tta time 0:00:04
      TTA Epoch: [55] [ 0/61]  eta: 0:00:26  entropy: 0.1583  uncertainty: 1.0000  uncertainty_coeffi: 1.0000  loss: 0.1583  lr: 0.000003  time: 0.4386  data: 0.3680  max mem: 2671
      TTA Epoch: [55] [60/61]  eta: 0:00:00  entropy: 0.0982  uncertainty: 1.0000  uncertainty_coeffi: 1.0000  loss: 0.0982  lr: 0.000002  time: 0.0608  data: 0.0001  max mem: 2671
      TTA Epoch: [55] Total time: 0:00:04 (0.0676 s / it)
     Averaged stats: entropy: 0.1284  uncertainty: 1.0000  uncertainty_coeffi: 1.0000  loss: 0.1284  lr: 0.0000
     itm tta time 0:00:04
      TTA Epoch: [56] [ 0/61]  eta: 0:00:26  entropy: 0.0781  uncertainty: 1.0000  uncertainty_coeffi: 1.0000  loss: 0.0781  lr: 0.000002  time: 0.4266  data: 0.3538  max mem: 2671
      TTA Epoch: [56] [60/61]  eta: 0:00:00  entropy: 0.1429  uncertainty: 1.0000  uncertainty_coeffi: 1.0000  loss: 0.1429  lr: 0.000002  time: 0.0607  data: 0.0001  max mem: 2671
      TTA Epoch: [56] Total time: 0:00:04 (0.0672 s / it)
     Averaged stats: entropy: 0.1297  uncertainty: 1.0000  uncertainty_coeffi: 1.0000  loss: 0.1297  lr: 0.0000
     itm tta time 0:00:04
      TTA Epoch: [57] [ 0/61]  eta: 0:00:25  entropy: 0.1357  uncertainty: 1.0000  uncertainty_coeffi: 1.0000  loss: 0.1357  lr: 0.000002  time: 0.4249  data: 0.3542  max mem: 2671
      TTA Epoch: [57] [60/61]  eta: 0:00:00  entropy: 0.0957  uncertainty: 1.0000  uncertainty_coeffi: 1.0000  loss: 0.0957  lr: 0.000001  time: 0.0611  data: 0.0001  max mem: 2671
      TTA Epoch: [57] Total time: 0:00:04 (0.0675 s / it)
     Averaged stats: entropy: 0.1294  uncertainty: 1.0000  uncertainty_coeffi: 1.0000  loss: 0.1294  lr: 0.0000
     itm tta time 0:00:04
      TTA Epoch: [58] [ 0/61]  eta: 0:00:27  entropy: 0.1756  uncertainty: 1.0000  uncertainty_coeffi: 1.0000  loss: 0.1756  lr: 0.000001  time: 0.4445  data: 0.3536  max mem: 2671
      TTA Epoch: [58] [60/61]  eta: 0:00:00  entropy: 0.0998  uncertainty: 1.0000  uncertainty_coeffi: 1.0000  loss: 0.0998  lr: 0.000000  time: 0.0613  data: 0.0001  max mem: 2671
      TTA Epoch: [58] Total time: 0:00:04 (0.0678 s / it)
     Averaged stats: entropy: 0.1251  uncertainty: 1.0000  uncertainty_coeffi: 1.0000  loss: 0.1251  lr: 0.0000
     itm tta time 0:00:04
      TTA Epoch: [59] [ 0/61]  eta: 0:00:26  entropy: 0.0653  uncertainty: 1.0000  uncertainty_coeffi: 1.0000  loss: 0.0653  lr: 0.000000  time: 0.4407  data: 0.3558  max mem: 2671
      TTA Epoch: [59] [60/61]  eta: 0:00:00  entropy: 0.1270  uncertainty: 1.0000  uncertainty_coeffi: 1.0000  loss: 0.1270  lr: 0.000000  time: 0.0610  data: 0.0001  max mem: 2671
      TTA Epoch: [59] Total time: 0:00:04 (0.0675 s / it)
     Averaged stats: entropy: 0.1235  uncertainty: 1.0000  uncertainty_coeffi: 1.0000  loss: 0.1235  lr: 0.0000
     itm tta time 0:00:04
     Computing matching score
      Evaluation: [   0/1978]  eta: 0:02:30    time: 0.0761  data: 0.0044  max mem: 2671
      Evaluation: [ 100/1978]  eta: 0:02:14    time: 0.0713  data: 0.0000  max mem: 2671
      Evaluation: [ 200/1978]  eta: 0:02:06    time: 0.0716  data: 0.0000  max mem: 2671
      Evaluation: [ 300/1978]  eta: 0:01:59    time: 0.0711  data: 0.0000  max mem: 2671
      Evaluation: [ 400/1978]  eta: 0:01:52    time: 0.0710  data: 0.0000  max mem: 2671
      Evaluation: [ 500/1978]  eta: 0:01:45    time: 0.0711  data: 0.0000  max mem: 2671
      Evaluation: [ 600/1978]  eta: 0:01:38    time: 0.0711  data: 0.0000  max mem: 2671
      Evaluation: [ 700/1978]  eta: 0:01:31    time: 0.0712  data: 0.0000  max mem: 2671
      Evaluation: [ 800/1978]  eta: 0:01:23    time: 0.0714  data: 0.0000  max mem: 2671
      Evaluation: [ 900/1978]  eta: 0:01:16    time: 0.0714  data: 0.0000  max mem: 2671
      Evaluation: [1000/1978]  eta: 0:01:09    time: 0.0721  data: 0.0000  max mem: 2671
      Evaluation: [1100/1978]  eta: 0:01:02    time: 0.0713  data: 0.0000  max mem: 2671
      Evaluation: [1200/1978]  eta: 0:00:55    time: 0.0713  data: 0.0000  max mem: 2671
      Evaluation: [1300/1978]  eta: 0:00:48    time: 0.0715  data: 0.0000  max mem: 2671
      Evaluation: [1400/1978]  eta: 0:00:41    time: 0.0712  data: 0.0000  max mem: 2671
      Evaluation: [1500/1978]  eta: 0:00:34    time: 0.0715  data: 0.0000  max mem: 2671
      Evaluation: [1600/1978]  eta: 0:00:26    time: 0.0724  data: 0.0000  max mem: 2671
      Evaluation: [1700/1978]  eta: 0:00:19    time: 0.0719  data: 0.0000  max mem: 2671
      Evaluation: [1800/1978]  eta: 0:00:12    time: 0.0721  data: 0.0000  max mem: 2671
      Evaluation: [1900/1978]  eta: 0:00:05    time: 0.0718  data: 0.0000  max mem: 2671
      Evaluation: [1977/1978]  eta: 0:00:00    time: 0.0719  data: 0.0000  max mem: 2671
      Evaluation: Total time: 0:02:21 (0.0714 s / it)
     Computing matching score time 0:02:21
### TTA ITM Score: 
+-------------------+--------+--------+--------+--------+--------+
|       epoch       |   R1   |   R5   |  R10   |  mAP   |  mINP  |
+-------------------+--------+--------+--------+--------+--------+
|  cos_sim_wo/norm  | 58.544 | 91.860 | 95.703 | 73.596 | 73.596 |
|        -999       | 69.414 | 95.197 | 97.776 | 81.233 | 81.233 |
| itm_score_wo/norm | 84.328 | 98.989 | 99.494 | 91.293 | 91.293 |
|        -999       | 84.277 | 99.039 | 99.596 | 91.276 | 91.276 |
|         0         | 84.277 | 99.039 | 99.596 | 91.276 | 91.276 |
|         1         | 84.530 | 99.039 | 99.596 | 91.401 | 91.401 |
|         2         | 84.631 | 99.039 | 99.596 | 91.431 | 91.431 |
|         4         | 84.884 | 98.888 | 99.545 | 91.540 | 91.540 |
|         9         | 84.530 | 98.787 | 99.393 | 91.267 | 91.267 |
|         14        | 84.479 | 98.635 | 99.292 | 91.210 | 91.210 |
|         19        | 84.681 | 98.635 | 99.343 | 91.316 | 91.316 |
|         29        | 84.378 | 98.686 | 99.292 | 91.178 | 91.178 |
|         39        | 84.530 | 98.736 | 99.292 | 91.258 | 91.258 |
|         49        | 84.530 | 98.686 | 99.292 | 91.253 | 91.253 |
|         59        | 84.580 | 98.686 | 99.292 | 91.281 | 91.281 |
+-------------------+--------+--------+--------+--------+--------+
     logs:  {'epo': 59, 'R1': np.float32(84.58), 'R5': np.float32(98.686), 'R10': np.float32(99.292), 'mAP': np.float32(91.281), 'mINP': np.float32(91.281), 'entropy': 0.123508, 'uncertainty': 1.0, 'uncertainty_coeffi': 1.0, 'loss': 0.123508, 'lr': 0.0}
### best epoch: 4
### Time 0:30:25
NNODES,  1
NODE_RANK,  0
MASTER_ADDR,  127.0.0.1
MASTER_PORT,  1612
NPROC_PER_NODE,  2
task:  exp1.1.3
config:  configs_rerun3/exp1.1.3.yaml
output_dir:  output_rerun3/exp1.1.3/2025092018541
python3 tta.py --config configs_rerun3/exp1.1.3.yaml --task exp1.1.3 --output_dir output_rerun3/exp1.1.3/2025092018541 --checkpoint checkpoint/cmp.pth --bs 0 --epo 0 --lr 0.0 --seed 42 --tta
