/home/jiahao/miniconda3/envs/cmp/lib/python3.10/site-packages/torch/functional.py:554: UserWarning: torch.meshgrid: in an upcoming release, it will be required to pass the indexing argument. (Triggered internally at /pytorch/aten/src/ATen/native/TensorShape.cpp:4322.)
  return _VF.meshgrid(tensors, **kwargs)  # type: ignore[attr-defined]
Not using distributed mode
### Hyper-parameters:
     seed: 42
     device: cuda
     output_dir: output_rerun3/exp1.1.4/2025092019244
     batch_size_tta: 32
     epochs: 60
     lr: 1e-05
### Creating test dataset
from data/PAB/annotation/test/attr.json loading 1978 data
     test dataset -->    be_pose_img: True
     test_dataset: 1978
### Creating test dataloader
### be careful: func create_loader returns a list length of 1
     test_loader: 90
### Creating model
build_vision_encoder: load swin 224 x 224 ====>
missing_keys:  []
unexpected_keys:  ['head.weight', 'head.bias']
build_text_encoder: load bert ====>
missing_keys: ['bert.encoder.layer.10.crossattention.output.LayerNorm.bias', 'bert.encoder.layer.10.crossattention.output.LayerNorm.weight', 'bert.encoder.layer.10.crossattention.output.dense.bias', 'bert.encoder.layer.10.crossattention.output.dense.weight', 'bert.encoder.layer.10.crossattention.self.key.bias', 'bert.encoder.layer.10.crossattention.self.key.weight', 'bert.encoder.layer.10.crossattention.self.query.bias', 'bert.encoder.layer.10.crossattention.self.query.weight', 'bert.encoder.layer.10.crossattention.self.value.bias', 'bert.encoder.layer.10.crossattention.self.value.weight', 'bert.encoder.layer.11.crossattention.output.LayerNorm.bias', 'bert.encoder.layer.11.crossattention.output.LayerNorm.weight', 'bert.encoder.layer.11.crossattention.output.dense.bias', 'bert.encoder.layer.11.crossattention.output.dense.weight', 'bert.encoder.layer.11.crossattention.self.key.bias', 'bert.encoder.layer.11.crossattention.self.key.weight', 'bert.encoder.layer.11.crossattention.self.query.bias', 'bert.encoder.layer.11.crossattention.self.query.weight', 'bert.encoder.layer.11.crossattention.self.value.bias', 'bert.encoder.layer.11.crossattention.self.value.weight', 'bert.encoder.layer.6.crossattention.output.LayerNorm.bias', 'bert.encoder.layer.6.crossattention.output.LayerNorm.weight', 'bert.encoder.layer.6.crossattention.output.dense.bias', 'bert.encoder.layer.6.crossattention.output.dense.weight', 'bert.encoder.layer.6.crossattention.self.key.bias', 'bert.encoder.layer.6.crossattention.self.key.weight', 'bert.encoder.layer.6.crossattention.self.query.bias', 'bert.encoder.layer.6.crossattention.self.query.weight', 'bert.encoder.layer.6.crossattention.self.value.bias', 'bert.encoder.layer.6.crossattention.self.value.weight', 'bert.encoder.layer.7.crossattention.output.LayerNorm.bias', 'bert.encoder.layer.7.crossattention.output.LayerNorm.weight', 'bert.encoder.layer.7.crossattention.output.dense.bias', 'bert.encoder.layer.7.crossattention.output.dense.weight', 'bert.encoder.layer.7.crossattention.self.key.bias', 'bert.encoder.layer.7.crossattention.self.key.weight', 'bert.encoder.layer.7.crossattention.self.query.bias', 'bert.encoder.layer.7.crossattention.self.query.weight', 'bert.encoder.layer.7.crossattention.self.value.bias', 'bert.encoder.layer.7.crossattention.self.value.weight', 'bert.encoder.layer.8.crossattention.output.LayerNorm.bias', 'bert.encoder.layer.8.crossattention.output.LayerNorm.weight', 'bert.encoder.layer.8.crossattention.output.dense.bias', 'bert.encoder.layer.8.crossattention.output.dense.weight', 'bert.encoder.layer.8.crossattention.self.key.bias', 'bert.encoder.layer.8.crossattention.self.key.weight', 'bert.encoder.layer.8.crossattention.self.query.bias', 'bert.encoder.layer.8.crossattention.self.query.weight', 'bert.encoder.layer.8.crossattention.self.value.bias', 'bert.encoder.layer.8.crossattention.self.value.weight', 'bert.encoder.layer.9.crossattention.output.LayerNorm.bias', 'bert.encoder.layer.9.crossattention.output.LayerNorm.weight', 'bert.encoder.layer.9.crossattention.output.dense.bias', 'bert.encoder.layer.9.crossattention.output.dense.weight', 'bert.encoder.layer.9.crossattention.self.key.bias', 'bert.encoder.layer.9.crossattention.self.key.weight', 'bert.encoder.layer.9.crossattention.self.query.bias', 'bert.encoder.layer.9.crossattention.self.query.weight', 'bert.encoder.layer.9.crossattention.self.value.bias', 'bert.encoder.layer.9.crossattention.self.value.weight']
unexpected_keys: ['cls.seq_relationship.bias', 'cls.seq_relationship.weight']
mismatched_keys: []
error_msgs: []
Label Smooth: 0.2
pose_conv
load checkpoint from checkpoint/cmp.pth
missing_keys:  ['uncertainty_temper', 'prompt_learning_embedding']
unexpected_keys:  []
     Total Params Sum:  254264985
### Inference ITC similiarity matrix
### Zero-Shot Score: 
+-------------------+--------+--------+--------+--------+--------+
|       epoch       |   R1   |   R5   |  R10   |  mAP   |  mINP  |
+-------------------+--------+--------+--------+--------+--------+
|  cos_sim_wo/norm  | 58.544 | 91.860 | 95.703 | 73.596 | 73.596 |
|        -999       | 69.414 | 95.197 | 97.776 | 81.233 | 81.233 |
| itm_score_wo/norm | 84.328 | 98.989 | 99.494 | 91.293 | 91.293 |
|        -999       | 84.277 | 99.039 | 99.596 | 91.276 | 91.276 |
+-------------------+--------+--------+--------+--------+--------+
### TTA:
     preprocess_tta_coefficients  start
     sample selection ...
     number of sample after sample_selection: 1958
     uncertainty ...
     preprocess_tta_coefficients  end
### Creating tta dataset
     tta_dataset: 1958
### Creating tta dataloader
### be careful: func create_loader returns a list length of 1
     tta_loader: 61
### Configure adapted weights
     TTA Dropout Modules: 
 [('vision_encoder.pos_drop', Dropout(p=0, inplace=False), True), ('vision_encoder.layers.0.blocks.0.attn.attn_drop', Dropout(p=0.0, inplace=False), True), ('vision_encoder.layers.0.blocks.0.attn.proj_drop', Dropout(p=0, inplace=False), True), ('vision_encoder.layers.0.blocks.0.mlp.drop', Dropout(p=0, inplace=False), True), ('vision_encoder.layers.0.blocks.1.attn.attn_drop', Dropout(p=0.0, inplace=False), True), ('vision_encoder.layers.0.blocks.1.attn.proj_drop', Dropout(p=0, inplace=False), True), ('vision_encoder.layers.0.blocks.1.mlp.drop', Dropout(p=0, inplace=False), True), ('vision_encoder.layers.1.blocks.0.attn.attn_drop', Dropout(p=0.0, inplace=False), True), ('vision_encoder.layers.1.blocks.0.attn.proj_drop', Dropout(p=0, inplace=False), True), ('vision_encoder.layers.1.blocks.0.mlp.drop', Dropout(p=0, inplace=False), True), ('vision_encoder.layers.1.blocks.1.attn.attn_drop', Dropout(p=0.0, inplace=False), True), ('vision_encoder.layers.1.blocks.1.attn.proj_drop', Dropout(p=0, inplace=False), True), ('vision_encoder.layers.1.blocks.1.mlp.drop', Dropout(p=0, inplace=False), True), ('vision_encoder.layers.2.blocks.0.attn.attn_drop', Dropout(p=0.0, inplace=False), True), ('vision_encoder.layers.2.blocks.0.attn.proj_drop', Dropout(p=0, inplace=False), True), ('vision_encoder.layers.2.blocks.0.mlp.drop', Dropout(p=0, inplace=False), True), ('vision_encoder.layers.2.blocks.1.attn.attn_drop', Dropout(p=0.0, inplace=False), True), ('vision_encoder.layers.2.blocks.1.attn.proj_drop', Dropout(p=0, inplace=False), True), ('vision_encoder.layers.2.blocks.1.mlp.drop', Dropout(p=0, inplace=False), True), ('vision_encoder.layers.2.blocks.2.attn.attn_drop', Dropout(p=0.0, inplace=False), True), ('vision_encoder.layers.2.blocks.2.attn.proj_drop', Dropout(p=0, inplace=False), True), ('vision_encoder.layers.2.blocks.2.mlp.drop', Dropout(p=0, inplace=False), True), ('vision_encoder.layers.2.blocks.3.attn.attn_drop', Dropout(p=0.0, inplace=False), True), ('vision_encoder.layers.2.blocks.3.attn.proj_drop', Dropout(p=0, inplace=False), True), ('vision_encoder.layers.2.blocks.3.mlp.drop', Dropout(p=0, inplace=False), True), ('vision_encoder.layers.2.blocks.4.attn.attn_drop', Dropout(p=0.0, inplace=False), True), ('vision_encoder.layers.2.blocks.4.attn.proj_drop', Dropout(p=0, inplace=False), True), ('vision_encoder.layers.2.blocks.4.mlp.drop', Dropout(p=0, inplace=False), True), ('vision_encoder.layers.2.blocks.5.attn.attn_drop', Dropout(p=0.0, inplace=False), True), ('vision_encoder.layers.2.blocks.5.attn.proj_drop', Dropout(p=0, inplace=False), True), ('vision_encoder.layers.2.blocks.5.mlp.drop', Dropout(p=0, inplace=False), True), ('vision_encoder.layers.2.blocks.6.attn.attn_drop', Dropout(p=0.0, inplace=False), True), ('vision_encoder.layers.2.blocks.6.attn.proj_drop', Dropout(p=0, inplace=False), True), ('vision_encoder.layers.2.blocks.6.mlp.drop', Dropout(p=0, inplace=False), True), ('vision_encoder.layers.2.blocks.7.attn.attn_drop', Dropout(p=0.0, inplace=False), True), ('vision_encoder.layers.2.blocks.7.attn.proj_drop', Dropout(p=0, inplace=False), True), ('vision_encoder.layers.2.blocks.7.mlp.drop', Dropout(p=0, inplace=False), True), ('vision_encoder.layers.2.blocks.8.attn.attn_drop', Dropout(p=0.0, inplace=False), True), ('vision_encoder.layers.2.blocks.8.attn.proj_drop', Dropout(p=0, inplace=False), True), ('vision_encoder.layers.2.blocks.8.mlp.drop', Dropout(p=0, inplace=False), True), ('vision_encoder.layers.2.blocks.9.attn.attn_drop', Dropout(p=0.0, inplace=False), True), ('vision_encoder.layers.2.blocks.9.attn.proj_drop', Dropout(p=0, inplace=False), True), ('vision_encoder.layers.2.blocks.9.mlp.drop', Dropout(p=0, inplace=False), True), ('vision_encoder.layers.2.blocks.10.attn.attn_drop', Dropout(p=0.0, inplace=False), True), ('vision_encoder.layers.2.blocks.10.attn.proj_drop', Dropout(p=0, inplace=False), True), ('vision_encoder.layers.2.blocks.10.mlp.drop', Dropout(p=0, inplace=False), True), ('vision_encoder.layers.2.blocks.11.attn.attn_drop', Dropout(p=0.0, inplace=False), True), ('vision_encoder.layers.2.blocks.11.attn.proj_drop', Dropout(p=0, inplace=False), True), ('vision_encoder.layers.2.blocks.11.mlp.drop', Dropout(p=0, inplace=False), True), ('vision_encoder.layers.2.blocks.12.attn.attn_drop', Dropout(p=0.0, inplace=False), True), ('vision_encoder.layers.2.blocks.12.attn.proj_drop', Dropout(p=0, inplace=False), True), ('vision_encoder.layers.2.blocks.12.mlp.drop', Dropout(p=0, inplace=False), True), ('vision_encoder.layers.2.blocks.13.attn.attn_drop', Dropout(p=0.0, inplace=False), True), ('vision_encoder.layers.2.blocks.13.attn.proj_drop', Dropout(p=0, inplace=False), True), ('vision_encoder.layers.2.blocks.13.mlp.drop', Dropout(p=0, inplace=False), True), ('vision_encoder.layers.2.blocks.14.attn.attn_drop', Dropout(p=0.0, inplace=False), True), ('vision_encoder.layers.2.blocks.14.attn.proj_drop', Dropout(p=0, inplace=False), True), ('vision_encoder.layers.2.blocks.14.mlp.drop', Dropout(p=0, inplace=False), True), ('vision_encoder.layers.2.blocks.15.attn.attn_drop', Dropout(p=0.0, inplace=False), True), ('vision_encoder.layers.2.blocks.15.attn.proj_drop', Dropout(p=0, inplace=False), True), ('vision_encoder.layers.2.blocks.15.mlp.drop', Dropout(p=0, inplace=False), True), ('vision_encoder.layers.2.blocks.16.attn.attn_drop', Dropout(p=0.0, inplace=False), True), ('vision_encoder.layers.2.blocks.16.attn.proj_drop', Dropout(p=0, inplace=False), True), ('vision_encoder.layers.2.blocks.16.mlp.drop', Dropout(p=0, inplace=False), True), ('vision_encoder.layers.2.blocks.17.attn.attn_drop', Dropout(p=0.0, inplace=False), True), ('vision_encoder.layers.2.blocks.17.attn.proj_drop', Dropout(p=0, inplace=False), True), ('vision_encoder.layers.2.blocks.17.mlp.drop', Dropout(p=0, inplace=False), True), ('vision_encoder.layers.3.blocks.0.attn.attn_drop', Dropout(p=0.0, inplace=False), True), ('vision_encoder.layers.3.blocks.0.attn.proj_drop', Dropout(p=0, inplace=False), True), ('vision_encoder.layers.3.blocks.0.mlp.drop', Dropout(p=0, inplace=False), True), ('vision_encoder.layers.3.blocks.1.attn.attn_drop', Dropout(p=0.0, inplace=False), True), ('vision_encoder.layers.3.blocks.1.attn.proj_drop', Dropout(p=0, inplace=False), True), ('vision_encoder.layers.3.blocks.1.mlp.drop', Dropout(p=0, inplace=False), True), ('text_encoder.bert.embeddings.dropout', Dropout(p=0.1, inplace=False), True), ('text_encoder.bert.encoder.layer.0.attention.self.dropout', Dropout(p=0.1, inplace=False), True), ('text_encoder.bert.encoder.layer.0.attention.output.dropout', Dropout(p=0.1, inplace=False), True), ('text_encoder.bert.encoder.layer.0.output.dropout', Dropout(p=0.1, inplace=False), True), ('text_encoder.bert.encoder.layer.1.attention.self.dropout', Dropout(p=0.1, inplace=False), True), ('text_encoder.bert.encoder.layer.1.attention.output.dropout', Dropout(p=0.1, inplace=False), True), ('text_encoder.bert.encoder.layer.1.output.dropout', Dropout(p=0.1, inplace=False), True), ('text_encoder.bert.encoder.layer.2.attention.self.dropout', Dropout(p=0.1, inplace=False), True), ('text_encoder.bert.encoder.layer.2.attention.output.dropout', Dropout(p=0.1, inplace=False), True), ('text_encoder.bert.encoder.layer.2.output.dropout', Dropout(p=0.1, inplace=False), True), ('text_encoder.bert.encoder.layer.3.attention.self.dropout', Dropout(p=0.1, inplace=False), True), ('text_encoder.bert.encoder.layer.3.attention.output.dropout', Dropout(p=0.1, inplace=False), True), ('text_encoder.bert.encoder.layer.3.output.dropout', Dropout(p=0.1, inplace=False), True), ('text_encoder.bert.encoder.layer.4.attention.self.dropout', Dropout(p=0.1, inplace=False), True), ('text_encoder.bert.encoder.layer.4.attention.output.dropout', Dropout(p=0.1, inplace=False), True), ('text_encoder.bert.encoder.layer.4.output.dropout', Dropout(p=0.1, inplace=False), True), ('text_encoder.bert.encoder.layer.5.attention.self.dropout', Dropout(p=0.1, inplace=False), True), ('text_encoder.bert.encoder.layer.5.attention.output.dropout', Dropout(p=0.1, inplace=False), True), ('text_encoder.bert.encoder.layer.5.output.dropout', Dropout(p=0.1, inplace=False), True), ('text_encoder.bert.encoder.layer.6.attention.self.dropout', Dropout(p=0.1, inplace=False), True), ('text_encoder.bert.encoder.layer.6.attention.output.dropout', Dropout(p=0.1, inplace=False), True), ('text_encoder.bert.encoder.layer.6.crossattention.self.dropout', Dropout(p=0.1, inplace=False), True), ('text_encoder.bert.encoder.layer.6.crossattention.output.dropout', Dropout(p=0.1, inplace=False), True), ('text_encoder.bert.encoder.layer.6.output.dropout', Dropout(p=0.1, inplace=False), True), ('text_encoder.bert.encoder.layer.7.attention.self.dropout', Dropout(p=0.1, inplace=False), True), ('text_encoder.bert.encoder.layer.7.attention.output.dropout', Dropout(p=0.1, inplace=False), True), ('text_encoder.bert.encoder.layer.7.crossattention.self.dropout', Dropout(p=0.1, inplace=False), True), ('text_encoder.bert.encoder.layer.7.crossattention.output.dropout', Dropout(p=0.1, inplace=False), True), ('text_encoder.bert.encoder.layer.7.output.dropout', Dropout(p=0.1, inplace=False), True), ('text_encoder.bert.encoder.layer.8.attention.self.dropout', Dropout(p=0.1, inplace=False), True), ('text_encoder.bert.encoder.layer.8.attention.output.dropout', Dropout(p=0.1, inplace=False), True), ('text_encoder.bert.encoder.layer.8.crossattention.self.dropout', Dropout(p=0.1, inplace=False), True), ('text_encoder.bert.encoder.layer.8.crossattention.output.dropout', Dropout(p=0.1, inplace=False), True), ('text_encoder.bert.encoder.layer.8.output.dropout', Dropout(p=0.1, inplace=False), True), ('text_encoder.bert.encoder.layer.9.attention.self.dropout', Dropout(p=0.1, inplace=False), True), ('text_encoder.bert.encoder.layer.9.attention.output.dropout', Dropout(p=0.1, inplace=False), True), ('text_encoder.bert.encoder.layer.9.crossattention.self.dropout', Dropout(p=0.1, inplace=False), True), ('text_encoder.bert.encoder.layer.9.crossattention.output.dropout', Dropout(p=0.1, inplace=False), True), ('text_encoder.bert.encoder.layer.9.output.dropout', Dropout(p=0.1, inplace=False), True), ('text_encoder.bert.encoder.layer.10.attention.self.dropout', Dropout(p=0.1, inplace=False), True), ('text_encoder.bert.encoder.layer.10.attention.output.dropout', Dropout(p=0.1, inplace=False), True), ('text_encoder.bert.encoder.layer.10.crossattention.self.dropout', Dropout(p=0.1, inplace=False), True), ('text_encoder.bert.encoder.layer.10.crossattention.output.dropout', Dropout(p=0.1, inplace=False), True), ('text_encoder.bert.encoder.layer.10.output.dropout', Dropout(p=0.1, inplace=False), True), ('text_encoder.bert.encoder.layer.11.attention.self.dropout', Dropout(p=0.1, inplace=False), True), ('text_encoder.bert.encoder.layer.11.attention.output.dropout', Dropout(p=0.1, inplace=False), True), ('text_encoder.bert.encoder.layer.11.crossattention.self.dropout', Dropout(p=0.1, inplace=False), True), ('text_encoder.bert.encoder.layer.11.crossattention.output.dropout', Dropout(p=0.1, inplace=False), True), ('text_encoder.bert.encoder.layer.11.output.dropout', Dropout(p=0.1, inplace=False), True), ('vision_proj.1', Dropout(p=0.5, inplace=False), True), ('text_proj.1', Dropout(p=0.5, inplace=False), True), ('pose_block.attn.attn_drop', Dropout(p=0.0, inplace=False), True), ('pose_block.attn.proj_drop', Dropout(p=0.0, inplace=False), True)]
     TTA Require Gradient Params: 
 [('text_encoder.bert.embeddings.LayerNorm.weight', torch.Size([768])), ('text_encoder.bert.embeddings.LayerNorm.bias', torch.Size([768])), ('text_encoder.bert.encoder.layer.6.attention.output.LayerNorm.weight', torch.Size([768])), ('text_encoder.bert.encoder.layer.6.attention.output.LayerNorm.bias', torch.Size([768])), ('text_encoder.bert.encoder.layer.6.crossattention.output.LayerNorm.weight', torch.Size([768])), ('text_encoder.bert.encoder.layer.6.crossattention.output.LayerNorm.bias', torch.Size([768])), ('text_encoder.bert.encoder.layer.6.output.LayerNorm.weight', torch.Size([768])), ('text_encoder.bert.encoder.layer.6.output.LayerNorm.bias', torch.Size([768])), ('text_encoder.bert.encoder.layer.7.attention.output.LayerNorm.weight', torch.Size([768])), ('text_encoder.bert.encoder.layer.7.attention.output.LayerNorm.bias', torch.Size([768])), ('text_encoder.bert.encoder.layer.7.crossattention.output.LayerNorm.weight', torch.Size([768])), ('text_encoder.bert.encoder.layer.7.crossattention.output.LayerNorm.bias', torch.Size([768])), ('text_encoder.bert.encoder.layer.7.output.LayerNorm.weight', torch.Size([768])), ('text_encoder.bert.encoder.layer.7.output.LayerNorm.bias', torch.Size([768])), ('text_encoder.bert.encoder.layer.8.attention.output.LayerNorm.weight', torch.Size([768])), ('text_encoder.bert.encoder.layer.8.attention.output.LayerNorm.bias', torch.Size([768])), ('text_encoder.bert.encoder.layer.8.crossattention.output.LayerNorm.weight', torch.Size([768])), ('text_encoder.bert.encoder.layer.8.crossattention.output.LayerNorm.bias', torch.Size([768])), ('text_encoder.bert.encoder.layer.8.output.LayerNorm.weight', torch.Size([768])), ('text_encoder.bert.encoder.layer.8.output.LayerNorm.bias', torch.Size([768])), ('text_encoder.bert.encoder.layer.9.attention.output.LayerNorm.weight', torch.Size([768])), ('text_encoder.bert.encoder.layer.9.attention.output.LayerNorm.bias', torch.Size([768])), ('text_encoder.bert.encoder.layer.9.crossattention.output.LayerNorm.weight', torch.Size([768])), ('text_encoder.bert.encoder.layer.9.crossattention.output.LayerNorm.bias', torch.Size([768])), ('text_encoder.bert.encoder.layer.9.output.LayerNorm.weight', torch.Size([768])), ('text_encoder.bert.encoder.layer.9.output.LayerNorm.bias', torch.Size([768])), ('text_encoder.bert.encoder.layer.10.attention.output.LayerNorm.weight', torch.Size([768])), ('text_encoder.bert.encoder.layer.10.attention.output.LayerNorm.bias', torch.Size([768])), ('text_encoder.bert.encoder.layer.10.crossattention.output.LayerNorm.weight', torch.Size([768])), ('text_encoder.bert.encoder.layer.10.crossattention.output.LayerNorm.bias', torch.Size([768])), ('text_encoder.bert.encoder.layer.10.output.LayerNorm.weight', torch.Size([768])), ('text_encoder.bert.encoder.layer.10.output.LayerNorm.bias', torch.Size([768])), ('text_encoder.bert.encoder.layer.11.attention.output.LayerNorm.weight', torch.Size([768])), ('text_encoder.bert.encoder.layer.11.attention.output.LayerNorm.bias', torch.Size([768])), ('text_encoder.bert.encoder.layer.11.crossattention.output.LayerNorm.weight', torch.Size([768])), ('text_encoder.bert.encoder.layer.11.crossattention.output.LayerNorm.bias', torch.Size([768])), ('text_encoder.bert.encoder.layer.11.output.LayerNorm.weight', torch.Size([768])), ('text_encoder.bert.encoder.layer.11.output.LayerNorm.bias', torch.Size([768])), ('text_encoder.cls.predictions.transform.LayerNorm.weight', torch.Size([768])), ('text_encoder.cls.predictions.transform.LayerNorm.bias', torch.Size([768])), ('itm_head.1.weight', torch.Size([1536])), ('itm_head.1.bias', torch.Size([1536]))]
     TTA Dropout Modules Number: 
 126
     TTA Require Gradient Params Sum: 
 33792
     lr:  1e-05    lr_mult:  2
     model has 'init_params',  386
     num_tta_steps:  3720
     num_warmup_steps:  500
     sched: step
/home/jiahao/task/CMP/tta.py:246: FutureWarning: `torch.cuda.amp.GradScaler(args...)` is deprecated. Please use `torch.amp.GradScaler('cuda', args...)` instead.
  scaler = GradScaler()  # bf16
### Start ITM Test Time Adaptation
      TTA Epoch: [0] [ 0/61]  eta: 0:01:06  entropy: 0.3967  uncertainty: 1.0000  uncertainty_coeffi: 1.0000  loss: 0.3967  lr: 0.000000  time: 1.0834  data: 0.4883  max mem: 2639
      TTA Epoch: [0] [60/61]  eta: 0:00:00  entropy: 0.3574  uncertainty: 1.0000  uncertainty_coeffi: 1.0000  loss: 0.3574  lr: 0.000001  time: 0.0609  data: 0.0001  max mem: 2671
      TTA Epoch: [0] Total time: 0:00:04 (0.0810 s / it)
     Averaged stats: entropy: 0.3478  uncertainty: 1.0000  uncertainty_coeffi: 1.0000  loss: 0.3478  lr: 0.0000
     itm tta time 0:00:05
     Computing matching score
      Evaluation: [   0/1978]  eta: 0:04:24    time: 0.1336  data: 0.0031  max mem: 2671
      Evaluation: [ 100/1978]  eta: 0:02:23    time: 0.0754  data: 0.0000  max mem: 2671
      Evaluation: [ 200/1978]  eta: 0:02:15    time: 0.0753  data: 0.0000  max mem: 2671
      Evaluation: [ 300/1978]  eta: 0:02:06    time: 0.0719  data: 0.0000  max mem: 2671
      Evaluation: [ 400/1978]  eta: 0:01:57    time: 0.0714  data: 0.0000  max mem: 2671
      Evaluation: [ 500/1978]  eta: 0:01:49    time: 0.0717  data: 0.0000  max mem: 2671
      Evaluation: [ 600/1978]  eta: 0:01:41    time: 0.0723  data: 0.0000  max mem: 2671
      Evaluation: [ 700/1978]  eta: 0:01:33    time: 0.0715  data: 0.0000  max mem: 2671
      Evaluation: [ 800/1978]  eta: 0:01:26    time: 0.0718  data: 0.0000  max mem: 2671
      Evaluation: [ 900/1978]  eta: 0:01:18    time: 0.0713  data: 0.0000  max mem: 2671
      Evaluation: [1000/1978]  eta: 0:01:11    time: 0.0721  data: 0.0000  max mem: 2671
      Evaluation: [1100/1978]  eta: 0:01:03    time: 0.0721  data: 0.0000  max mem: 2671
      Evaluation: [1200/1978]  eta: 0:00:56    time: 0.0716  data: 0.0000  max mem: 2671
      Evaluation: [1300/1978]  eta: 0:00:49    time: 0.0713  data: 0.0000  max mem: 2671
      Evaluation: [1400/1978]  eta: 0:00:41    time: 0.0723  data: 0.0000  max mem: 2671
      Evaluation: [1500/1978]  eta: 0:00:34    time: 0.0717  data: 0.0000  max mem: 2671
      Evaluation: [1600/1978]  eta: 0:00:27    time: 0.0721  data: 0.0000  max mem: 2671
      Evaluation: [1700/1978]  eta: 0:00:20    time: 0.0719  data: 0.0000  max mem: 2671
      Evaluation: [1800/1978]  eta: 0:00:12    time: 0.0718  data: 0.0000  max mem: 2671
      Evaluation: [1900/1978]  eta: 0:00:05    time: 0.0718  data: 0.0000  max mem: 2671
      Evaluation: [1977/1978]  eta: 0:00:00    time: 0.0716  data: 0.0000  max mem: 2671
      Evaluation: Total time: 0:02:23 (0.0724 s / it)
     Computing matching score time 0:02:23
### TTA ITM Score: 
+-------------------+--------+--------+--------+--------+--------+
|       epoch       |   R1   |   R5   |  R10   |  mAP   |  mINP  |
+-------------------+--------+--------+--------+--------+--------+
|  cos_sim_wo/norm  | 58.544 | 91.860 | 95.703 | 73.596 | 73.596 |
|        -999       | 69.414 | 95.197 | 97.776 | 81.233 | 81.233 |
| itm_score_wo/norm | 84.328 | 98.989 | 99.494 | 91.293 | 91.293 |
|        -999       | 84.277 | 99.039 | 99.596 | 91.276 | 91.276 |
|         0         | 84.328 | 99.039 | 99.596 | 91.301 | 91.301 |
+-------------------+--------+--------+--------+--------+--------+
     logs:  {'epo': 0, 'R1': np.float32(84.328), 'R5': np.float32(99.039), 'R10': np.float32(99.596), 'mAP': np.float32(91.301), 'mINP': np.float32(91.301), 'entropy': 0.347776, 'uncertainty': 1.0, 'uncertainty_coeffi': 1.0, 'loss': 0.347776, 'lr': 1e-06}
      TTA Epoch: [1] [ 0/61]  eta: 0:00:27  entropy: 0.4076  uncertainty: 1.0000  uncertainty_coeffi: 1.0000  loss: 0.4076  lr: 0.000001  time: 0.4566  data: 0.3633  max mem: 2671
      TTA Epoch: [1] [60/61]  eta: 0:00:00  entropy: 0.2802  uncertainty: 1.0000  uncertainty_coeffi: 1.0000  loss: 0.2802  lr: 0.000002  time: 0.0614  data: 0.0001  max mem: 2671
      TTA Epoch: [1] Total time: 0:00:04 (0.0683 s / it)
     Averaged stats: entropy: 0.3526  uncertainty: 1.0000  uncertainty_coeffi: 1.0000  loss: 0.3526  lr: 0.0000
     itm tta time 0:00:04
     Computing matching score
      Evaluation: [   0/1978]  eta: 0:02:26    time: 0.0741  data: 0.0024  max mem: 2671
      Evaluation: [ 100/1978]  eta: 0:02:15    time: 0.0722  data: 0.0000  max mem: 2671
      Evaluation: [ 200/1978]  eta: 0:02:08    time: 0.0718  data: 0.0000  max mem: 2671
      Evaluation: [ 300/1978]  eta: 0:02:00    time: 0.0721  data: 0.0000  max mem: 2671
      Evaluation: [ 400/1978]  eta: 0:01:54    time: 0.0729  data: 0.0000  max mem: 2671
      Evaluation: [ 500/1978]  eta: 0:01:47    time: 0.0727  data: 0.0000  max mem: 2671
      Evaluation: [ 600/1978]  eta: 0:01:39    time: 0.0725  data: 0.0000  max mem: 2671
      Evaluation: [ 700/1978]  eta: 0:01:32    time: 0.0728  data: 0.0000  max mem: 2671
      Evaluation: [ 800/1978]  eta: 0:01:25    time: 0.0732  data: 0.0000  max mem: 2671
      Evaluation: [ 900/1978]  eta: 0:01:18    time: 0.0731  data: 0.0000  max mem: 2671
      Evaluation: [1000/1978]  eta: 0:01:11    time: 0.0728  data: 0.0000  max mem: 2671
      Evaluation: [1100/1978]  eta: 0:01:03    time: 0.0722  data: 0.0000  max mem: 2671
      Evaluation: [1200/1978]  eta: 0:00:56    time: 0.0723  data: 0.0000  max mem: 2671
      Evaluation: [1300/1978]  eta: 0:00:49    time: 0.0724  data: 0.0000  max mem: 2671
      Evaluation: [1400/1978]  eta: 0:00:41    time: 0.0722  data: 0.0000  max mem: 2671
      Evaluation: [1500/1978]  eta: 0:00:34    time: 0.0727  data: 0.0000  max mem: 2671
      Evaluation: [1600/1978]  eta: 0:00:27    time: 0.0718  data: 0.0000  max mem: 2671
      Evaluation: [1700/1978]  eta: 0:00:20    time: 0.0721  data: 0.0000  max mem: 2671
      Evaluation: [1800/1978]  eta: 0:00:12    time: 0.0724  data: 0.0000  max mem: 2671
      Evaluation: [1900/1978]  eta: 0:00:05    time: 0.0720  data: 0.0000  max mem: 2671
      Evaluation: [1977/1978]  eta: 0:00:00    time: 0.0721  data: 0.0000  max mem: 2671
      Evaluation: Total time: 0:02:23 (0.0724 s / it)
     Computing matching score time 0:02:23
### TTA ITM Score: 
+-------------------+--------+--------+--------+--------+--------+
|       epoch       |   R1   |   R5   |  R10   |  mAP   |  mINP  |
+-------------------+--------+--------+--------+--------+--------+
|  cos_sim_wo/norm  | 58.544 | 91.860 | 95.703 | 73.596 | 73.596 |
|        -999       | 69.414 | 95.197 | 97.776 | 81.233 | 81.233 |
| itm_score_wo/norm | 84.328 | 98.989 | 99.494 | 91.293 | 91.293 |
|        -999       | 84.277 | 99.039 | 99.596 | 91.276 | 91.276 |
|         0         | 84.328 | 99.039 | 99.596 | 91.301 | 91.301 |
|         1         | 84.277 | 99.039 | 99.596 | 91.276 | 91.276 |
+-------------------+--------+--------+--------+--------+--------+
     logs:  {'epo': 1, 'R1': np.float32(84.277), 'R5': np.float32(99.039), 'R10': np.float32(99.596), 'mAP': np.float32(91.276), 'mINP': np.float32(91.276), 'entropy': 0.352649, 'uncertainty': 1.0, 'uncertainty_coeffi': 1.0, 'loss': 0.352649, 'lr': 2e-06}
      TTA Epoch: [2] [ 0/61]  eta: 0:00:26  entropy: 0.3085  uncertainty: 1.0000  uncertainty_coeffi: 1.0000  loss: 0.3085  lr: 0.000002  time: 0.4353  data: 0.3490  max mem: 2671
      TTA Epoch: [2] [60/61]  eta: 0:00:00  entropy: 0.3368  uncertainty: 1.0000  uncertainty_coeffi: 1.0000  loss: 0.3368  lr: 0.000004  time: 0.0614  data: 0.0001  max mem: 2671
      TTA Epoch: [2] Total time: 0:00:04 (0.0680 s / it)
     Averaged stats: entropy: 0.3464  uncertainty: 1.0000  uncertainty_coeffi: 1.0000  loss: 0.3464  lr: 0.0000
     itm tta time 0:00:04
     Computing matching score
      Evaluation: [   0/1978]  eta: 0:02:24    time: 0.0733  data: 0.0023  max mem: 2671
      Evaluation: [ 100/1978]  eta: 0:02:15    time: 0.0722  data: 0.0000  max mem: 2671
      Evaluation: [ 200/1978]  eta: 0:02:08    time: 0.0720  data: 0.0000  max mem: 2671
      Evaluation: [ 300/1978]  eta: 0:02:00    time: 0.0721  data: 0.0000  max mem: 2671
      Evaluation: [ 400/1978]  eta: 0:01:53    time: 0.0725  data: 0.0000  max mem: 2671
      Evaluation: [ 500/1978]  eta: 0:01:46    time: 0.0722  data: 0.0000  max mem: 2671
      Evaluation: [ 600/1978]  eta: 0:01:39    time: 0.0721  data: 0.0000  max mem: 2671
      Evaluation: [ 700/1978]  eta: 0:01:32    time: 0.0723  data: 0.0000  max mem: 2671
      Evaluation: [ 800/1978]  eta: 0:01:25    time: 0.0728  data: 0.0000  max mem: 2671
      Evaluation: [ 900/1978]  eta: 0:01:17    time: 0.0721  data: 0.0000  max mem: 2671
      Evaluation: [1000/1978]  eta: 0:01:10    time: 0.0717  data: 0.0000  max mem: 2671
      Evaluation: [1100/1978]  eta: 0:01:03    time: 0.0727  data: 0.0000  max mem: 2671
      Evaluation: [1200/1978]  eta: 0:00:56    time: 0.0719  data: 0.0000  max mem: 2671
      Evaluation: [1300/1978]  eta: 0:00:48    time: 0.0725  data: 0.0000  max mem: 2671
      Evaluation: [1400/1978]  eta: 0:00:41    time: 0.0722  data: 0.0000  max mem: 2671
      Evaluation: [1500/1978]  eta: 0:00:34    time: 0.0721  data: 0.0000  max mem: 2671
      Evaluation: [1600/1978]  eta: 0:00:27    time: 0.0729  data: 0.0000  max mem: 2671
      Evaluation: [1700/1978]  eta: 0:00:20    time: 0.0725  data: 0.0000  max mem: 2671
      Evaluation: [1800/1978]  eta: 0:00:12    time: 0.0721  data: 0.0000  max mem: 2671
      Evaluation: [1900/1978]  eta: 0:00:05    time: 0.0723  data: 0.0000  max mem: 2671
      Evaluation: [1977/1978]  eta: 0:00:00    time: 0.0721  data: 0.0000  max mem: 2671
      Evaluation: Total time: 0:02:22 (0.0722 s / it)
     Computing matching score time 0:02:23
### TTA ITM Score: 
+-------------------+--------+--------+--------+--------+--------+
|       epoch       |   R1   |   R5   |  R10   |  mAP   |  mINP  |
+-------------------+--------+--------+--------+--------+--------+
|  cos_sim_wo/norm  | 58.544 | 91.860 | 95.703 | 73.596 | 73.596 |
|        -999       | 69.414 | 95.197 | 97.776 | 81.233 | 81.233 |
| itm_score_wo/norm | 84.328 | 98.989 | 99.494 | 91.293 | 91.293 |
|        -999       | 84.277 | 99.039 | 99.596 | 91.276 | 91.276 |
|         0         | 84.328 | 99.039 | 99.596 | 91.301 | 91.301 |
|         1         | 84.277 | 99.039 | 99.596 | 91.276 | 91.276 |
|         2         | 84.328 | 99.039 | 99.596 | 91.293 | 91.293 |
+-------------------+--------+--------+--------+--------+--------+
     logs:  {'epo': 2, 'R1': np.float32(84.328), 'R5': np.float32(99.039), 'R10': np.float32(99.596), 'mAP': np.float32(91.293), 'mINP': np.float32(91.293), 'entropy': 0.346376, 'uncertainty': 1.0, 'uncertainty_coeffi': 1.0, 'loss': 0.346376, 'lr': 3e-06}
      TTA Epoch: [3] [ 0/61]  eta: 0:00:28  entropy: 0.2025  uncertainty: 1.0000  uncertainty_coeffi: 1.0000  loss: 0.2025  lr: 0.000004  time: 0.4665  data: 0.3692  max mem: 2671
      TTA Epoch: [3] [60/61]  eta: 0:00:00  entropy: 0.4501  uncertainty: 1.0000  uncertainty_coeffi: 1.0000  loss: 0.4501  lr: 0.000005  time: 0.0610  data: 0.0001  max mem: 2671
      TTA Epoch: [3] Total time: 0:00:04 (0.0683 s / it)
     Averaged stats: entropy: 0.3468  uncertainty: 1.0000  uncertainty_coeffi: 1.0000  loss: 0.3468  lr: 0.0000
     itm tta time 0:00:04
      TTA Epoch: [4] [ 0/61]  eta: 0:00:26  entropy: 0.2203  uncertainty: 1.0000  uncertainty_coeffi: 1.0000  loss: 0.2203  lr: 0.000005  time: 0.4358  data: 0.3449  max mem: 2671
      TTA Epoch: [4] [60/61]  eta: 0:00:00  entropy: 0.2514  uncertainty: 1.0000  uncertainty_coeffi: 1.0000  loss: 0.2514  lr: 0.000006  time: 0.0608  data: 0.0001  max mem: 2671
      TTA Epoch: [4] Total time: 0:00:04 (0.0678 s / it)
     Averaged stats: entropy: 0.3429  uncertainty: 1.0000  uncertainty_coeffi: 1.0000  loss: 0.3429  lr: 0.0000
     itm tta time 0:00:04
     Computing matching score
      Evaluation: [   0/1978]  eta: 0:02:27    time: 0.0747  data: 0.0024  max mem: 2671
      Evaluation: [ 100/1978]  eta: 0:02:14    time: 0.0715  data: 0.0000  max mem: 2671
      Evaluation: [ 200/1978]  eta: 0:02:07    time: 0.0712  data: 0.0000  max mem: 2671
      Evaluation: [ 300/1978]  eta: 0:01:59    time: 0.0714  data: 0.0000  max mem: 2671
      Evaluation: [ 400/1978]  eta: 0:01:52    time: 0.0718  data: 0.0000  max mem: 2671
      Evaluation: [ 500/1978]  eta: 0:01:45    time: 0.0719  data: 0.0000  max mem: 2671
      Evaluation: [ 600/1978]  eta: 0:01:38    time: 0.0717  data: 0.0000  max mem: 2671
      Evaluation: [ 700/1978]  eta: 0:01:31    time: 0.0719  data: 0.0000  max mem: 2671
      Evaluation: [ 800/1978]  eta: 0:01:24    time: 0.0712  data: 0.0000  max mem: 2671
      Evaluation: [ 900/1978]  eta: 0:01:17    time: 0.0713  data: 0.0000  max mem: 2671
      Evaluation: [1000/1978]  eta: 0:01:10    time: 0.0720  data: 0.0000  max mem: 2671
      Evaluation: [1100/1978]  eta: 0:01:02    time: 0.0719  data: 0.0000  max mem: 2671
      Evaluation: [1200/1978]  eta: 0:00:55    time: 0.0725  data: 0.0000  max mem: 2671
      Evaluation: [1300/1978]  eta: 0:00:48    time: 0.0725  data: 0.0000  max mem: 2671
      Evaluation: [1400/1978]  eta: 0:00:41    time: 0.0722  data: 0.0000  max mem: 2671
      Evaluation: [1500/1978]  eta: 0:00:34    time: 0.0725  data: 0.0000  max mem: 2671
      Evaluation: [1600/1978]  eta: 0:00:27    time: 0.0722  data: 0.0000  max mem: 2671
      Evaluation: [1700/1978]  eta: 0:00:19    time: 0.0724  data: 0.0000  max mem: 2671
      Evaluation: [1800/1978]  eta: 0:00:12    time: 0.0725  data: 0.0000  max mem: 2671
      Evaluation: [1900/1978]  eta: 0:00:05    time: 0.0731  data: 0.0000  max mem: 2671
      Evaluation: [1977/1978]  eta: 0:00:00    time: 0.0732  data: 0.0000  max mem: 2671
      Evaluation: Total time: 0:02:22 (0.0720 s / it)
     Computing matching score time 0:02:22
### TTA ITM Score: 
+-------------------+--------+--------+--------+--------+--------+
|       epoch       |   R1   |   R5   |  R10   |  mAP   |  mINP  |
+-------------------+--------+--------+--------+--------+--------+
|  cos_sim_wo/norm  | 58.544 | 91.860 | 95.703 | 73.596 | 73.596 |
|        -999       | 69.414 | 95.197 | 97.776 | 81.233 | 81.233 |
| itm_score_wo/norm | 84.328 | 98.989 | 99.494 | 91.293 | 91.293 |
|        -999       | 84.277 | 99.039 | 99.596 | 91.276 | 91.276 |
|         0         | 84.328 | 99.039 | 99.596 | 91.301 | 91.301 |
|         1         | 84.277 | 99.039 | 99.596 | 91.276 | 91.276 |
|         2         | 84.328 | 99.039 | 99.596 | 91.293 | 91.293 |
|         4         | 84.530 | 99.039 | 99.596 | 91.402 | 91.402 |
+-------------------+--------+--------+--------+--------+--------+
     logs:  {'epo': 4, 'R1': np.float32(84.53), 'R5': np.float32(99.039), 'R10': np.float32(99.596), 'mAP': np.float32(91.402), 'mINP': np.float32(91.402), 'entropy': 0.342947, 'uncertainty': 1.0, 'uncertainty_coeffi': 1.0, 'loss': 0.342947, 'lr': 5e-06}
      TTA Epoch: [5] [ 0/61]  eta: 0:00:25  entropy: 0.3387  uncertainty: 1.0000  uncertainty_coeffi: 1.0000  loss: 0.3387  lr: 0.000006  time: 0.4108  data: 0.3391  max mem: 2671
      TTA Epoch: [5] [60/61]  eta: 0:00:00  entropy: 0.3029  uncertainty: 1.0000  uncertainty_coeffi: 1.0000  loss: 0.3029  lr: 0.000007  time: 0.0610  data: 0.0001  max mem: 2671
      TTA Epoch: [5] Total time: 0:00:04 (0.0672 s / it)
     Averaged stats: entropy: 0.3389  uncertainty: 1.0000  uncertainty_coeffi: 1.0000  loss: 0.3389  lr: 0.0000
     itm tta time 0:00:04
      TTA Epoch: [6] [ 0/61]  eta: 0:00:25  entropy: 0.4730  uncertainty: 1.0000  uncertainty_coeffi: 1.0000  loss: 0.4730  lr: 0.000007  time: 0.4242  data: 0.3349  max mem: 2671
      TTA Epoch: [6] [60/61]  eta: 0:00:00  entropy: 0.3602  uncertainty: 1.0000  uncertainty_coeffi: 1.0000  loss: 0.3602  lr: 0.000009  time: 0.0610  data: 0.0001  max mem: 2671
      TTA Epoch: [6] Total time: 0:00:04 (0.0677 s / it)
     Averaged stats: entropy: 0.3333  uncertainty: 1.0000  uncertainty_coeffi: 1.0000  loss: 0.3333  lr: 0.0000
     itm tta time 0:00:04
      TTA Epoch: [7] [ 0/61]  eta: 0:00:24  entropy: 0.3918  uncertainty: 1.0000  uncertainty_coeffi: 1.0000  loss: 0.3918  lr: 0.000009  time: 0.4074  data: 0.3333  max mem: 2671
      TTA Epoch: [7] [60/61]  eta: 0:00:00  entropy: 0.3377  uncertainty: 1.0000  uncertainty_coeffi: 1.0000  loss: 0.3377  lr: 0.000010  time: 0.0603  data: 0.0001  max mem: 2671
      TTA Epoch: [7] Total time: 0:00:04 (0.0668 s / it)
     Averaged stats: entropy: 0.3262  uncertainty: 1.0000  uncertainty_coeffi: 1.0000  loss: 0.3262  lr: 0.0000
     itm tta time 0:00:04
      TTA Epoch: [8] [ 0/61]  eta: 0:00:26  entropy: 0.2044  uncertainty: 1.0000  uncertainty_coeffi: 1.0000  loss: 0.2044  lr: 0.000010  time: 0.4267  data: 0.3437  max mem: 2671
      TTA Epoch: [8] [60/61]  eta: 0:00:00  entropy: 0.3438  uncertainty: 1.0000  uncertainty_coeffi: 1.0000  loss: 0.3438  lr: 0.000010  time: 0.0610  data: 0.0001  max mem: 2671
      TTA Epoch: [8] Total time: 0:00:04 (0.0674 s / it)
     Averaged stats: entropy: 0.3179  uncertainty: 1.0000  uncertainty_coeffi: 1.0000  loss: 0.3179  lr: 0.0000
     itm tta time 0:00:04
      TTA Epoch: [9] [ 0/61]  eta: 0:00:26  entropy: 0.3624  uncertainty: 1.0000  uncertainty_coeffi: 1.0000  loss: 0.3624  lr: 0.000010  time: 0.4412  data: 0.3479  max mem: 2671
      TTA Epoch: [9] [60/61]  eta: 0:00:00  entropy: 0.2919  uncertainty: 1.0000  uncertainty_coeffi: 1.0000  loss: 0.2919  lr: 0.000010  time: 0.0605  data: 0.0001  max mem: 2671
      TTA Epoch: [9] Total time: 0:00:04 (0.0671 s / it)
     Averaged stats: entropy: 0.3132  uncertainty: 1.0000  uncertainty_coeffi: 1.0000  loss: 0.3132  lr: 0.0000
     itm tta time 0:00:04
     Computing matching score
      Evaluation: [   0/1978]  eta: 0:02:29    time: 0.0755  data: 0.0040  max mem: 2671
      Evaluation: [ 100/1978]  eta: 0:02:16    time: 0.0726  data: 0.0000  max mem: 2671
      Evaluation: [ 200/1978]  eta: 0:02:08    time: 0.0722  data: 0.0000  max mem: 2671
      Evaluation: [ 300/1978]  eta: 0:02:01    time: 0.0723  data: 0.0000  max mem: 2671
      Evaluation: [ 400/1978]  eta: 0:01:54    time: 0.0722  data: 0.0000  max mem: 2671
      Evaluation: [ 500/1978]  eta: 0:01:46    time: 0.0730  data: 0.0000  max mem: 2671
      Evaluation: [ 600/1978]  eta: 0:01:39    time: 0.0726  data: 0.0000  max mem: 2671
      Evaluation: [ 700/1978]  eta: 0:01:32    time: 0.0724  data: 0.0000  max mem: 2671
      Evaluation: [ 800/1978]  eta: 0:01:25    time: 0.0729  data: 0.0000  max mem: 2671
      Evaluation: [ 900/1978]  eta: 0:01:18    time: 0.0724  data: 0.0000  max mem: 2671
      Evaluation: [1000/1978]  eta: 0:01:10    time: 0.0723  data: 0.0000  max mem: 2671
      Evaluation: [1100/1978]  eta: 0:01:03    time: 0.0725  data: 0.0000  max mem: 2671
      Evaluation: [1200/1978]  eta: 0:00:56    time: 0.0729  data: 0.0000  max mem: 2671
      Evaluation: [1300/1978]  eta: 0:00:49    time: 0.0727  data: 0.0000  max mem: 2671
      Evaluation: [1400/1978]  eta: 0:00:41    time: 0.0732  data: 0.0000  max mem: 2671
      Evaluation: [1500/1978]  eta: 0:00:34    time: 0.0722  data: 0.0000  max mem: 2671
      Evaluation: [1600/1978]  eta: 0:00:27    time: 0.0726  data: 0.0000  max mem: 2671
      Evaluation: [1700/1978]  eta: 0:00:20    time: 0.0723  data: 0.0000  max mem: 2671
      Evaluation: [1800/1978]  eta: 0:00:12    time: 0.0724  data: 0.0000  max mem: 2671
      Evaluation: [1900/1978]  eta: 0:00:05    time: 0.0722  data: 0.0000  max mem: 2671
      Evaluation: [1977/1978]  eta: 0:00:00    time: 0.0723  data: 0.0000  max mem: 2671
      Evaluation: Total time: 0:02:23 (0.0725 s / it)
     Computing matching score time 0:02:23
### TTA ITM Score: 
+-------------------+--------+--------+--------+--------+--------+
|       epoch       |   R1   |   R5   |  R10   |  mAP   |  mINP  |
+-------------------+--------+--------+--------+--------+--------+
|  cos_sim_wo/norm  | 58.544 | 91.860 | 95.703 | 73.596 | 73.596 |
|        -999       | 69.414 | 95.197 | 97.776 | 81.233 | 81.233 |
| itm_score_wo/norm | 84.328 | 98.989 | 99.494 | 91.293 | 91.293 |
|        -999       | 84.277 | 99.039 | 99.596 | 91.276 | 91.276 |
|         0         | 84.328 | 99.039 | 99.596 | 91.301 | 91.301 |
|         1         | 84.277 | 99.039 | 99.596 | 91.276 | 91.276 |
|         2         | 84.328 | 99.039 | 99.596 | 91.293 | 91.293 |
|         4         | 84.530 | 99.039 | 99.596 | 91.402 | 91.402 |
|         9         | 84.681 | 98.989 | 99.596 | 91.442 | 91.442 |
+-------------------+--------+--------+--------+--------+--------+
     logs:  {'epo': 9, 'R1': np.float32(84.681), 'R5': np.float32(98.989), 'R10': np.float32(99.596), 'mAP': np.float32(91.442), 'mINP': np.float32(91.442), 'entropy': 0.313171, 'uncertainty': 1.0, 'uncertainty_coeffi': 1.0, 'loss': 0.313171, 'lr': 1e-05}
      TTA Epoch: [10] [ 0/61]  eta: 0:00:25  entropy: 0.2848  uncertainty: 1.0000  uncertainty_coeffi: 1.0000  loss: 0.2848  lr: 0.000010  time: 0.4162  data: 0.3441  max mem: 2671
      TTA Epoch: [10] [60/61]  eta: 0:00:00  entropy: 0.2724  uncertainty: 1.0000  uncertainty_coeffi: 1.0000  loss: 0.2724  lr: 0.000009  time: 0.0609  data: 0.0001  max mem: 2671
      TTA Epoch: [10] Total time: 0:00:04 (0.0674 s / it)
     Averaged stats: entropy: 0.3089  uncertainty: 1.0000  uncertainty_coeffi: 1.0000  loss: 0.3089  lr: 0.0000
     itm tta time 0:00:04
      TTA Epoch: [11] [ 0/61]  eta: 0:00:24  entropy: 0.2884  uncertainty: 1.0000  uncertainty_coeffi: 1.0000  loss: 0.2884  lr: 0.000009  time: 0.4082  data: 0.3393  max mem: 2671
      TTA Epoch: [11] [60/61]  eta: 0:00:00  entropy: 0.2403  uncertainty: 1.0000  uncertainty_coeffi: 1.0000  loss: 0.2403  lr: 0.000009  time: 0.0611  data: 0.0001  max mem: 2671
      TTA Epoch: [11] Total time: 0:00:04 (0.0672 s / it)
     Averaged stats: entropy: 0.3034  uncertainty: 1.0000  uncertainty_coeffi: 1.0000  loss: 0.3034  lr: 0.0000
     itm tta time 0:00:04
      TTA Epoch: [12] [ 0/61]  eta: 0:00:26  entropy: 0.2356  uncertainty: 1.0000  uncertainty_coeffi: 1.0000  loss: 0.2356  lr: 0.000009  time: 0.4418  data: 0.3385  max mem: 2671
      TTA Epoch: [12] [60/61]  eta: 0:00:00  entropy: 0.3481  uncertainty: 1.0000  uncertainty_coeffi: 1.0000  loss: 0.3481  lr: 0.000009  time: 0.0610  data: 0.0001  max mem: 2671
      TTA Epoch: [12] Total time: 0:00:04 (0.0680 s / it)
     Averaged stats: entropy: 0.2990  uncertainty: 1.0000  uncertainty_coeffi: 1.0000  loss: 0.2990  lr: 0.0000
     itm tta time 0:00:04
      TTA Epoch: [13] [ 0/61]  eta: 0:00:26  entropy: 0.2952  uncertainty: 1.0000  uncertainty_coeffi: 1.0000  loss: 0.2952  lr: 0.000009  time: 0.4404  data: 0.3499  max mem: 2671
      TTA Epoch: [13] [60/61]  eta: 0:00:00  entropy: 0.2372  uncertainty: 1.0000  uncertainty_coeffi: 1.0000  loss: 0.2372  lr: 0.000009  time: 0.0600  data: 0.0001  max mem: 2671
      TTA Epoch: [13] Total time: 0:00:04 (0.0668 s / it)
     Averaged stats: entropy: 0.2964  uncertainty: 1.0000  uncertainty_coeffi: 1.0000  loss: 0.2964  lr: 0.0000
     itm tta time 0:00:04
      TTA Epoch: [14] [ 0/61]  eta: 0:00:28  entropy: 0.2081  uncertainty: 1.0000  uncertainty_coeffi: 1.0000  loss: 0.2081  lr: 0.000009  time: 0.4595  data: 0.3477  max mem: 2671
      TTA Epoch: [14] [60/61]  eta: 0:00:00  entropy: 0.3450  uncertainty: 1.0000  uncertainty_coeffi: 1.0000  loss: 0.3450  lr: 0.000009  time: 0.0611  data: 0.0001  max mem: 2671
      TTA Epoch: [14] Total time: 0:00:04 (0.0679 s / it)
     Averaged stats: entropy: 0.2902  uncertainty: 1.0000  uncertainty_coeffi: 1.0000  loss: 0.2902  lr: 0.0000
     itm tta time 0:00:04
     Computing matching score
      Evaluation: [   0/1978]  eta: 0:02:35    time: 0.0786  data: 0.0024  max mem: 2671
      Evaluation: [ 100/1978]  eta: 0:02:15    time: 0.0727  data: 0.0000  max mem: 2671
      Evaluation: [ 200/1978]  eta: 0:02:08    time: 0.0722  data: 0.0000  max mem: 2671
      Evaluation: [ 300/1978]  eta: 0:02:01    time: 0.0726  data: 0.0000  max mem: 2671
      Evaluation: [ 400/1978]  eta: 0:01:54    time: 0.0721  data: 0.0000  max mem: 2671
      Evaluation: [ 500/1978]  eta: 0:01:47    time: 0.0725  data: 0.0000  max mem: 2671
      Evaluation: [ 600/1978]  eta: 0:01:39    time: 0.0731  data: 0.0000  max mem: 2671
      Evaluation: [ 700/1978]  eta: 0:01:32    time: 0.0730  data: 0.0000  max mem: 2671
      Evaluation: [ 800/1978]  eta: 0:01:25    time: 0.0733  data: 0.0000  max mem: 2671
      Evaluation: [ 900/1978]  eta: 0:01:18    time: 0.0731  data: 0.0000  max mem: 2671
      Evaluation: [1000/1978]  eta: 0:01:11    time: 0.0727  data: 0.0000  max mem: 2671
      Evaluation: [1100/1978]  eta: 0:01:03    time: 0.0725  data: 0.0000  max mem: 2671
      Evaluation: [1200/1978]  eta: 0:00:56    time: 0.0729  data: 0.0000  max mem: 2671
      Evaluation: [1300/1978]  eta: 0:00:49    time: 0.0730  data: 0.0000  max mem: 2671
      Evaluation: [1400/1978]  eta: 0:00:42    time: 0.0728  data: 0.0000  max mem: 2671
      Evaluation: [1500/1978]  eta: 0:00:34    time: 0.0729  data: 0.0000  max mem: 2671
      Evaluation: [1600/1978]  eta: 0:00:27    time: 0.0732  data: 0.0000  max mem: 2671
      Evaluation: [1700/1978]  eta: 0:00:20    time: 0.0731  data: 0.0000  max mem: 2671
      Evaluation: [1800/1978]  eta: 0:00:12    time: 0.0732  data: 0.0000  max mem: 2671
      Evaluation: [1900/1978]  eta: 0:00:05    time: 0.0734  data: 0.0000  max mem: 2671
      Evaluation: [1977/1978]  eta: 0:00:00    time: 0.0732  data: 0.0000  max mem: 2671
      Evaluation: Total time: 0:02:24 (0.0729 s / it)
     Computing matching score time 0:02:24
### TTA ITM Score: 
+-------------------+--------+--------+--------+--------+--------+
|       epoch       |   R1   |   R5   |  R10   |  mAP   |  mINP  |
+-------------------+--------+--------+--------+--------+--------+
|  cos_sim_wo/norm  | 58.544 | 91.860 | 95.703 | 73.596 | 73.596 |
|        -999       | 69.414 | 95.197 | 97.776 | 81.233 | 81.233 |
| itm_score_wo/norm | 84.328 | 98.989 | 99.494 | 91.293 | 91.293 |
|        -999       | 84.277 | 99.039 | 99.596 | 91.276 | 91.276 |
|         0         | 84.328 | 99.039 | 99.596 | 91.301 | 91.301 |
|         1         | 84.277 | 99.039 | 99.596 | 91.276 | 91.276 |
|         2         | 84.328 | 99.039 | 99.596 | 91.293 | 91.293 |
|         4         | 84.530 | 99.039 | 99.596 | 91.402 | 91.402 |
|         9         | 84.681 | 98.989 | 99.596 | 91.442 | 91.442 |
|         14        | 84.783 | 98.888 | 99.545 | 91.468 | 91.468 |
+-------------------+--------+--------+--------+--------+--------+
     logs:  {'epo': 14, 'R1': np.float32(84.783), 'R5': np.float32(98.888), 'R10': np.float32(99.545), 'mAP': np.float32(91.468), 'mINP': np.float32(91.468), 'entropy': 0.290171, 'uncertainty': 1.0, 'uncertainty_coeffi': 1.0, 'loss': 0.290171, 'lr': 9e-06}
      TTA Epoch: [15] [ 0/61]  eta: 0:00:26  entropy: 0.3370  uncertainty: 1.0000  uncertainty_coeffi: 1.0000  loss: 0.3370  lr: 0.000009  time: 0.4331  data: 0.3501  max mem: 2671
      TTA Epoch: [15] [60/61]  eta: 0:00:00  entropy: 0.3340  uncertainty: 1.0000  uncertainty_coeffi: 1.0000  loss: 0.3340  lr: 0.000009  time: 0.0618  data: 0.0001  max mem: 2671
      TTA Epoch: [15] Total time: 0:00:04 (0.0686 s / it)
     Averaged stats: entropy: 0.2856  uncertainty: 1.0000  uncertainty_coeffi: 1.0000  loss: 0.2856  lr: 0.0000
     itm tta time 0:00:04
      TTA Epoch: [16] [ 0/61]  eta: 0:00:28  entropy: 0.2448  uncertainty: 1.0000  uncertainty_coeffi: 1.0000  loss: 0.2448  lr: 0.000009  time: 0.4608  data: 0.3819  max mem: 2671
      TTA Epoch: [16] [60/61]  eta: 0:00:00  entropy: 0.3622  uncertainty: 1.0000  uncertainty_coeffi: 1.0000  loss: 0.3622  lr: 0.000008  time: 0.0616  data: 0.0001  max mem: 2671
      TTA Epoch: [16] Total time: 0:00:04 (0.0688 s / it)
     Averaged stats: entropy: 0.2851  uncertainty: 1.0000  uncertainty_coeffi: 1.0000  loss: 0.2851  lr: 0.0000
     itm tta time 0:00:04
      TTA Epoch: [17] [ 0/61]  eta: 0:00:26  entropy: 0.2721  uncertainty: 1.0000  uncertainty_coeffi: 1.0000  loss: 0.2721  lr: 0.000008  time: 0.4329  data: 0.3531  max mem: 2671
      TTA Epoch: [17] [60/61]  eta: 0:00:00  entropy: 0.2776  uncertainty: 1.0000  uncertainty_coeffi: 1.0000  loss: 0.2776  lr: 0.000008  time: 0.0617  data: 0.0001  max mem: 2671
      TTA Epoch: [17] Total time: 0:00:04 (0.0682 s / it)
     Averaged stats: entropy: 0.2793  uncertainty: 1.0000  uncertainty_coeffi: 1.0000  loss: 0.2793  lr: 0.0000
     itm tta time 0:00:04
      TTA Epoch: [18] [ 0/61]  eta: 0:00:25  entropy: 0.3602  uncertainty: 1.0000  uncertainty_coeffi: 1.0000  loss: 0.3602  lr: 0.000008  time: 0.4111  data: 0.3416  max mem: 2671
      TTA Epoch: [18] [60/61]  eta: 0:00:00  entropy: 0.2109  uncertainty: 1.0000  uncertainty_coeffi: 1.0000  loss: 0.2109  lr: 0.000008  time: 0.0607  data: 0.0001  max mem: 2671
      TTA Epoch: [18] Total time: 0:00:04 (0.0670 s / it)
     Averaged stats: entropy: 0.2772  uncertainty: 1.0000  uncertainty_coeffi: 1.0000  loss: 0.2772  lr: 0.0000
     itm tta time 0:00:04
      TTA Epoch: [19] [ 0/61]  eta: 0:00:25  entropy: 0.2576  uncertainty: 1.0000  uncertainty_coeffi: 1.0000  loss: 0.2576  lr: 0.000008  time: 0.4210  data: 0.3506  max mem: 2671
      TTA Epoch: [19] [60/61]  eta: 0:00:00  entropy: 0.3894  uncertainty: 1.0000  uncertainty_coeffi: 1.0000  loss: 0.3894  lr: 0.000008  time: 0.0616  data: 0.0001  max mem: 2671
      TTA Epoch: [19] Total time: 0:00:04 (0.0677 s / it)
     Averaged stats: entropy: 0.2675  uncertainty: 1.0000  uncertainty_coeffi: 1.0000  loss: 0.2675  lr: 0.0000
     itm tta time 0:00:04
     Computing matching score
      Evaluation: [   0/1978]  eta: 0:02:40    time: 0.0811  data: 0.0023  max mem: 2671
      Evaluation: [ 100/1978]  eta: 0:02:17    time: 0.0729  data: 0.0000  max mem: 2671
      Evaluation: [ 200/1978]  eta: 0:02:10    time: 0.0730  data: 0.0000  max mem: 2671
      Evaluation: [ 300/1978]  eta: 0:02:02    time: 0.0732  data: 0.0000  max mem: 2671
      Evaluation: [ 400/1978]  eta: 0:01:55    time: 0.0734  data: 0.0000  max mem: 2671
      Evaluation: [ 500/1978]  eta: 0:01:48    time: 0.0741  data: 0.0000  max mem: 2671
      Evaluation: [ 600/1978]  eta: 0:01:41    time: 0.0738  data: 0.0000  max mem: 2671
      Evaluation: [ 700/1978]  eta: 0:01:33    time: 0.0740  data: 0.0000  max mem: 2671
      Evaluation: [ 800/1978]  eta: 0:01:26    time: 0.0733  data: 0.0000  max mem: 2671
      Evaluation: [ 900/1978]  eta: 0:01:19    time: 0.0732  data: 0.0000  max mem: 2671
      Evaluation: [1000/1978]  eta: 0:01:11    time: 0.0733  data: 0.0000  max mem: 2671
      Evaluation: [1100/1978]  eta: 0:01:04    time: 0.0733  data: 0.0000  max mem: 2671
      Evaluation: [1200/1978]  eta: 0:00:57    time: 0.0731  data: 0.0000  max mem: 2671
      Evaluation: [1300/1978]  eta: 0:00:49    time: 0.0729  data: 0.0000  max mem: 2671
      Evaluation: [1400/1978]  eta: 0:00:42    time: 0.0732  data: 0.0000  max mem: 2671
      Evaluation: [1500/1978]  eta: 0:00:35    time: 0.0733  data: 0.0000  max mem: 2671
      Evaluation: [1600/1978]  eta: 0:00:27    time: 0.0725  data: 0.0000  max mem: 2671
      Evaluation: [1700/1978]  eta: 0:00:20    time: 0.0728  data: 0.0000  max mem: 2671
      Evaluation: [1800/1978]  eta: 0:00:13    time: 0.0729  data: 0.0000  max mem: 2671
      Evaluation: [1900/1978]  eta: 0:00:05    time: 0.0727  data: 0.0000  max mem: 2671
      Evaluation: [1977/1978]  eta: 0:00:00    time: 0.0729  data: 0.0000  max mem: 2671
      Evaluation: Total time: 0:02:24 (0.0732 s / it)
     Computing matching score time 0:02:24
### TTA ITM Score: 
+-------------------+--------+--------+--------+--------+--------+
|       epoch       |   R1   |   R5   |  R10   |  mAP   |  mINP  |
+-------------------+--------+--------+--------+--------+--------+
|  cos_sim_wo/norm  | 58.544 | 91.860 | 95.703 | 73.596 | 73.596 |
|        -999       | 69.414 | 95.197 | 97.776 | 81.233 | 81.233 |
| itm_score_wo/norm | 84.328 | 98.989 | 99.494 | 91.293 | 91.293 |
|        -999       | 84.277 | 99.039 | 99.596 | 91.276 | 91.276 |
|         0         | 84.328 | 99.039 | 99.596 | 91.301 | 91.301 |
|         1         | 84.277 | 99.039 | 99.596 | 91.276 | 91.276 |
|         2         | 84.328 | 99.039 | 99.596 | 91.293 | 91.293 |
|         4         | 84.530 | 99.039 | 99.596 | 91.402 | 91.402 |
|         9         | 84.681 | 98.989 | 99.596 | 91.442 | 91.442 |
|         14        | 84.783 | 98.888 | 99.545 | 91.468 | 91.468 |
|         19        | 84.783 | 98.888 | 99.494 | 91.456 | 91.456 |
+-------------------+--------+--------+--------+--------+--------+
     logs:  {'epo': 19, 'R1': np.float32(84.783), 'R5': np.float32(98.888), 'R10': np.float32(99.494), 'mAP': np.float32(91.456), 'mINP': np.float32(91.456), 'entropy': 0.267516, 'uncertainty': 1.0, 'uncertainty_coeffi': 1.0, 'loss': 0.267516, 'lr': 8e-06}
      TTA Epoch: [20] [ 0/61]  eta: 0:00:28  entropy: 0.2743  uncertainty: 1.0000  uncertainty_coeffi: 1.0000  loss: 0.2743  lr: 0.000008  time: 0.4740  data: 0.3861  max mem: 2671
      TTA Epoch: [20] [60/61]  eta: 0:00:00  entropy: 0.3215  uncertainty: 1.0000  uncertainty_coeffi: 1.0000  loss: 0.3215  lr: 0.000008  time: 0.0612  data: 0.0001  max mem: 2671
      TTA Epoch: [20] Total time: 0:00:04 (0.0685 s / it)
     Averaged stats: entropy: 0.2715  uncertainty: 1.0000  uncertainty_coeffi: 1.0000  loss: 0.2715  lr: 0.0000
     itm tta time 0:00:04
      TTA Epoch: [21] [ 0/61]  eta: 0:00:29  entropy: 0.2533  uncertainty: 1.0000  uncertainty_coeffi: 1.0000  loss: 0.2533  lr: 0.000008  time: 0.4879  data: 0.3864  max mem: 2671
      TTA Epoch: [21] [60/61]  eta: 0:00:00  entropy: 0.3865  uncertainty: 1.0000  uncertainty_coeffi: 1.0000  loss: 0.3865  lr: 0.000007  time: 0.0612  data: 0.0001  max mem: 2671
      TTA Epoch: [21] Total time: 0:00:04 (0.0686 s / it)
     Averaged stats: entropy: 0.2651  uncertainty: 1.0000  uncertainty_coeffi: 1.0000  loss: 0.2651  lr: 0.0000
     itm tta time 0:00:04
      TTA Epoch: [22] [ 0/61]  eta: 0:00:25  entropy: 0.1369  uncertainty: 1.0000  uncertainty_coeffi: 1.0000  loss: 0.1369  lr: 0.000007  time: 0.4131  data: 0.3418  max mem: 2671
      TTA Epoch: [22] [60/61]  eta: 0:00:00  entropy: 0.2775  uncertainty: 1.0000  uncertainty_coeffi: 1.0000  loss: 0.2775  lr: 0.000007  time: 0.0612  data: 0.0001  max mem: 2671
      TTA Epoch: [22] Total time: 0:00:04 (0.0674 s / it)
     Averaged stats: entropy: 0.2683  uncertainty: 1.0000  uncertainty_coeffi: 1.0000  loss: 0.2683  lr: 0.0000
     itm tta time 0:00:04
      TTA Epoch: [23] [ 0/61]  eta: 0:00:30  entropy: 0.3037  uncertainty: 1.0000  uncertainty_coeffi: 1.0000  loss: 0.3037  lr: 0.000007  time: 0.5046  data: 0.3981  max mem: 2671
      TTA Epoch: [23] [60/61]  eta: 0:00:00  entropy: 0.2840  uncertainty: 1.0000  uncertainty_coeffi: 1.0000  loss: 0.2840  lr: 0.000007  time: 0.0603  data: 0.0001  max mem: 2671
      TTA Epoch: [23] Total time: 0:00:04 (0.0680 s / it)
     Averaged stats: entropy: 0.2615  uncertainty: 1.0000  uncertainty_coeffi: 1.0000  loss: 0.2615  lr: 0.0000
     itm tta time 0:00:04
      TTA Epoch: [24] [ 0/61]  eta: 0:00:29  entropy: 0.2461  uncertainty: 1.0000  uncertainty_coeffi: 1.0000  loss: 0.2461  lr: 0.000007  time: 0.4766  data: 0.3813  max mem: 2671
      TTA Epoch: [24] [60/61]  eta: 0:00:00  entropy: 0.2873  uncertainty: 1.0000  uncertainty_coeffi: 1.0000  loss: 0.2873  lr: 0.000007  time: 0.0606  data: 0.0001  max mem: 2671
      TTA Epoch: [24] Total time: 0:00:04 (0.0680 s / it)
     Averaged stats: entropy: 0.2591  uncertainty: 1.0000  uncertainty_coeffi: 1.0000  loss: 0.2591  lr: 0.0000
     itm tta time 0:00:04
      TTA Epoch: [25] [ 0/61]  eta: 0:00:29  entropy: 0.2213  uncertainty: 1.0000  uncertainty_coeffi: 1.0000  loss: 0.2213  lr: 0.000007  time: 0.4848  data: 0.3919  max mem: 2671
      TTA Epoch: [25] [60/61]  eta: 0:00:00  entropy: 0.2819  uncertainty: 1.0000  uncertainty_coeffi: 1.0000  loss: 0.2819  lr: 0.000007  time: 0.0607  data: 0.0001  max mem: 2671
      TTA Epoch: [25] Total time: 0:00:04 (0.0680 s / it)
     Averaged stats: entropy: 0.2558  uncertainty: 1.0000  uncertainty_coeffi: 1.0000  loss: 0.2558  lr: 0.0000
     itm tta time 0:00:04
      TTA Epoch: [26] [ 0/61]  eta: 0:00:26  entropy: 0.3698  uncertainty: 1.0000  uncertainty_coeffi: 1.0000  loss: 0.3698  lr: 0.000007  time: 0.4280  data: 0.3594  max mem: 2671
      TTA Epoch: [26] [60/61]  eta: 0:00:00  entropy: 0.1414  uncertainty: 1.0000  uncertainty_coeffi: 1.0000  loss: 0.1414  lr: 0.000006  time: 0.0606  data: 0.0001  max mem: 2671
      TTA Epoch: [26] Total time: 0:00:04 (0.0668 s / it)
     Averaged stats: entropy: 0.2566  uncertainty: 1.0000  uncertainty_coeffi: 1.0000  loss: 0.2566  lr: 0.0000
     itm tta time 0:00:04
      TTA Epoch: [27] [ 0/61]  eta: 0:00:24  entropy: 0.2272  uncertainty: 1.0000  uncertainty_coeffi: 1.0000  loss: 0.2272  lr: 0.000006  time: 0.4086  data: 0.3383  max mem: 2671
      TTA Epoch: [27] [60/61]  eta: 0:00:00  entropy: 0.4241  uncertainty: 1.0000  uncertainty_coeffi: 1.0000  loss: 0.4241  lr: 0.000006  time: 0.0604  data: 0.0001  max mem: 2671
      TTA Epoch: [27] Total time: 0:00:04 (0.0671 s / it)
     Averaged stats: entropy: 0.2551  uncertainty: 1.0000  uncertainty_coeffi: 1.0000  loss: 0.2551  lr: 0.0000
     itm tta time 0:00:04
      TTA Epoch: [28] [ 0/61]  eta: 0:00:25  entropy: 0.3328  uncertainty: 1.0000  uncertainty_coeffi: 1.0000  loss: 0.3328  lr: 0.000006  time: 0.4201  data: 0.3373  max mem: 2671
      TTA Epoch: [28] [60/61]  eta: 0:00:00  entropy: 0.2292  uncertainty: 1.0000  uncertainty_coeffi: 1.0000  loss: 0.2292  lr: 0.000006  time: 0.0609  data: 0.0001  max mem: 2671
      TTA Epoch: [28] Total time: 0:00:04 (0.0674 s / it)
     Averaged stats: entropy: 0.2493  uncertainty: 1.0000  uncertainty_coeffi: 1.0000  loss: 0.2493  lr: 0.0000
     itm tta time 0:00:04
      TTA Epoch: [29] [ 0/61]  eta: 0:00:25  entropy: 0.2757  uncertainty: 1.0000  uncertainty_coeffi: 1.0000  loss: 0.2757  lr: 0.000006  time: 0.4216  data: 0.3380  max mem: 2671
      TTA Epoch: [29] [60/61]  eta: 0:00:00  entropy: 0.1959  uncertainty: 1.0000  uncertainty_coeffi: 1.0000  loss: 0.1959  lr: 0.000006  time: 0.0608  data: 0.0001  max mem: 2671
      TTA Epoch: [29] Total time: 0:00:04 (0.0673 s / it)
     Averaged stats: entropy: 0.2477  uncertainty: 1.0000  uncertainty_coeffi: 1.0000  loss: 0.2477  lr: 0.0000
     itm tta time 0:00:04
     Computing matching score
      Evaluation: [   0/1978]  eta: 0:02:29    time: 0.0757  data: 0.0023  max mem: 2671
      Evaluation: [ 100/1978]  eta: 0:02:16    time: 0.0724  data: 0.0000  max mem: 2671
      Evaluation: [ 200/1978]  eta: 0:02:08    time: 0.0723  data: 0.0000  max mem: 2671
      Evaluation: [ 300/1978]  eta: 0:02:01    time: 0.0729  data: 0.0000  max mem: 2671
      Evaluation: [ 400/1978]  eta: 0:01:54    time: 0.0726  data: 0.0000  max mem: 2671
      Evaluation: [ 500/1978]  eta: 0:01:47    time: 0.0726  data: 0.0000  max mem: 2671
      Evaluation: [ 600/1978]  eta: 0:01:40    time: 0.0726  data: 0.0000  max mem: 2671
      Evaluation: [ 700/1978]  eta: 0:01:32    time: 0.0728  data: 0.0000  max mem: 2671
      Evaluation: [ 800/1978]  eta: 0:01:25    time: 0.0723  data: 0.0000  max mem: 2671
      Evaluation: [ 900/1978]  eta: 0:01:18    time: 0.0726  data: 0.0000  max mem: 2671
      Evaluation: [1000/1978]  eta: 0:01:11    time: 0.0725  data: 0.0000  max mem: 2671
      Evaluation: [1100/1978]  eta: 0:01:03    time: 0.0730  data: 0.0000  max mem: 2671
      Evaluation: [1200/1978]  eta: 0:00:56    time: 0.0730  data: 0.0000  max mem: 2671
      Evaluation: [1300/1978]  eta: 0:00:49    time: 0.0724  data: 0.0000  max mem: 2671
      Evaluation: [1400/1978]  eta: 0:00:41    time: 0.0723  data: 0.0000  max mem: 2671
      Evaluation: [1500/1978]  eta: 0:00:34    time: 0.0724  data: 0.0000  max mem: 2671
      Evaluation: [1600/1978]  eta: 0:00:27    time: 0.0727  data: 0.0000  max mem: 2671
      Evaluation: [1700/1978]  eta: 0:00:20    time: 0.0723  data: 0.0000  max mem: 2671
      Evaluation: [1800/1978]  eta: 0:00:12    time: 0.0728  data: 0.0000  max mem: 2671
      Evaluation: [1900/1978]  eta: 0:00:05    time: 0.0723  data: 0.0000  max mem: 2671
      Evaluation: [1977/1978]  eta: 0:00:00    time: 0.0722  data: 0.0000  max mem: 2671
      Evaluation: Total time: 0:02:23 (0.0726 s / it)
     Computing matching score time 0:02:23
### TTA ITM Score: 
+-------------------+--------+--------+--------+--------+--------+
|       epoch       |   R1   |   R5   |  R10   |  mAP   |  mINP  |
+-------------------+--------+--------+--------+--------+--------+
|  cos_sim_wo/norm  | 58.544 | 91.860 | 95.703 | 73.596 | 73.596 |
|        -999       | 69.414 | 95.197 | 97.776 | 81.233 | 81.233 |
| itm_score_wo/norm | 84.328 | 98.989 | 99.494 | 91.293 | 91.293 |
|        -999       | 84.277 | 99.039 | 99.596 | 91.276 | 91.276 |
|         0         | 84.328 | 99.039 | 99.596 | 91.301 | 91.301 |
|         1         | 84.277 | 99.039 | 99.596 | 91.276 | 91.276 |
|         2         | 84.328 | 99.039 | 99.596 | 91.293 | 91.293 |
|         4         | 84.530 | 99.039 | 99.596 | 91.402 | 91.402 |
|         9         | 84.681 | 98.989 | 99.596 | 91.442 | 91.442 |
|         14        | 84.783 | 98.888 | 99.545 | 91.468 | 91.468 |
|         19        | 84.783 | 98.888 | 99.494 | 91.456 | 91.456 |
|         29        | 84.479 | 98.787 | 99.494 | 91.292 | 91.292 |
+-------------------+--------+--------+--------+--------+--------+
     logs:  {'epo': 29, 'R1': np.float32(84.479), 'R5': np.float32(98.787), 'R10': np.float32(99.494), 'mAP': np.float32(91.292), 'mINP': np.float32(91.292), 'entropy': 0.24771, 'uncertainty': 1.0, 'uncertainty_coeffi': 1.0, 'loss': 0.24771, 'lr': 6e-06}
      TTA Epoch: [30] [ 0/61]  eta: 0:00:25  entropy: 0.1828  uncertainty: 1.0000  uncertainty_coeffi: 1.0000  loss: 0.1828  lr: 0.000006  time: 0.4166  data: 0.3434  max mem: 2671
      TTA Epoch: [30] [60/61]  eta: 0:00:00  entropy: 0.1906  uncertainty: 1.0000  uncertainty_coeffi: 1.0000  loss: 0.1906  lr: 0.000006  time: 0.0608  data: 0.0001  max mem: 2671
      TTA Epoch: [30] Total time: 0:00:04 (0.0672 s / it)
     Averaged stats: entropy: 0.2478  uncertainty: 1.0000  uncertainty_coeffi: 1.0000  loss: 0.2478  lr: 0.0000
     itm tta time 0:00:04
      TTA Epoch: [31] [ 0/61]  eta: 0:00:26  entropy: 0.2610  uncertainty: 1.0000  uncertainty_coeffi: 1.0000  loss: 0.2610  lr: 0.000006  time: 0.4340  data: 0.3415  max mem: 2671
      TTA Epoch: [31] [60/61]  eta: 0:00:00  entropy: 0.2197  uncertainty: 1.0000  uncertainty_coeffi: 1.0000  loss: 0.2197  lr: 0.000005  time: 0.0607  data: 0.0001  max mem: 2671
      TTA Epoch: [31] Total time: 0:00:04 (0.0672 s / it)
     Averaged stats: entropy: 0.2455  uncertainty: 1.0000  uncertainty_coeffi: 1.0000  loss: 0.2455  lr: 0.0000
     itm tta time 0:00:04
      TTA Epoch: [32] [ 0/61]  eta: 0:00:26  entropy: 0.2536  uncertainty: 1.0000  uncertainty_coeffi: 1.0000  loss: 0.2536  lr: 0.000005  time: 0.4316  data: 0.3448  max mem: 2671
      TTA Epoch: [32] [60/61]  eta: 0:00:00  entropy: 0.2585  uncertainty: 1.0000  uncertainty_coeffi: 1.0000  loss: 0.2585  lr: 0.000003  time: 0.0607  data: 0.0001  max mem: 2671
      TTA Epoch: [32] Total time: 0:00:04 (0.0670 s / it)
     Averaged stats: entropy: 0.2409  uncertainty: 1.0000  uncertainty_coeffi: 1.0000  loss: 0.2409  lr: 0.0000
     itm tta time 0:00:04
      TTA Epoch: [33] [ 0/61]  eta: 0:00:25  entropy: 0.2491  uncertainty: 1.0000  uncertainty_coeffi: 1.0000  loss: 0.2491  lr: 0.000003  time: 0.4157  data: 0.3410  max mem: 2671
      TTA Epoch: [33] [60/61]  eta: 0:00:00  entropy: 0.2957  uncertainty: 1.0000  uncertainty_coeffi: 1.0000  loss: 0.2957  lr: 0.000003  time: 0.0598  data: 0.0001  max mem: 2671
      TTA Epoch: [33] Total time: 0:00:04 (0.0664 s / it)
     Averaged stats: entropy: 0.2443  uncertainty: 1.0000  uncertainty_coeffi: 1.0000  loss: 0.2443  lr: 0.0000
     itm tta time 0:00:04
      TTA Epoch: [34] [ 0/61]  eta: 0:00:26  entropy: 0.2048  uncertainty: 1.0000  uncertainty_coeffi: 1.0000  loss: 0.2048  lr: 0.000003  time: 0.4303  data: 0.3527  max mem: 2671
      TTA Epoch: [34] [60/61]  eta: 0:00:00  entropy: 0.1995  uncertainty: 1.0000  uncertainty_coeffi: 1.0000  loss: 0.1995  lr: 0.000002  time: 0.0603  data: 0.0001  max mem: 2671
      TTA Epoch: [34] Total time: 0:00:04 (0.0669 s / it)
     Averaged stats: entropy: 0.2421  uncertainty: 1.0000  uncertainty_coeffi: 1.0000  loss: 0.2421  lr: 0.0000
     itm tta time 0:00:04
      TTA Epoch: [35] [ 0/61]  eta: 0:00:24  entropy: 0.2816  uncertainty: 1.0000  uncertainty_coeffi: 1.0000  loss: 0.2816  lr: 0.000002  time: 0.4094  data: 0.3378  max mem: 2671
      TTA Epoch: [35] [60/61]  eta: 0:00:00  entropy: 0.2354  uncertainty: 1.0000  uncertainty_coeffi: 1.0000  loss: 0.2354  lr: 0.000002  time: 0.0607  data: 0.0001  max mem: 2671
      TTA Epoch: [35] Total time: 0:00:04 (0.0670 s / it)
     Averaged stats: entropy: 0.2425  uncertainty: 1.0000  uncertainty_coeffi: 1.0000  loss: 0.2425  lr: 0.0000
     itm tta time 0:00:04
      TTA Epoch: [36] [ 0/61]  eta: 0:00:26  entropy: 0.2510  uncertainty: 1.0000  uncertainty_coeffi: 1.0000  loss: 0.2510  lr: 0.000002  time: 0.4269  data: 0.3356  max mem: 2671
      TTA Epoch: [36] [60/61]  eta: 0:00:00  entropy: 0.2744  uncertainty: 1.0000  uncertainty_coeffi: 1.0000  loss: 0.2744  lr: 0.000002  time: 0.0609  data: 0.0001  max mem: 2671
      TTA Epoch: [36] Total time: 0:00:04 (0.0674 s / it)
     Averaged stats: entropy: 0.2412  uncertainty: 1.0000  uncertainty_coeffi: 1.0000  loss: 0.2412  lr: 0.0000
     itm tta time 0:00:04
      TTA Epoch: [37] [ 0/61]  eta: 0:00:26  entropy: 0.2700  uncertainty: 1.0000  uncertainty_coeffi: 1.0000  loss: 0.2700  lr: 0.000002  time: 0.4384  data: 0.3413  max mem: 2671
      TTA Epoch: [37] [60/61]  eta: 0:00:00  entropy: 0.1334  uncertainty: 1.0000  uncertainty_coeffi: 1.0000  loss: 0.1334  lr: 0.000002  time: 0.0611  data: 0.0001  max mem: 2671
      TTA Epoch: [37] Total time: 0:00:04 (0.0677 s / it)
     Averaged stats: entropy: 0.2454  uncertainty: 1.0000  uncertainty_coeffi: 1.0000  loss: 0.2454  lr: 0.0000
     itm tta time 0:00:04
      TTA Epoch: [38] [ 0/61]  eta: 0:00:25  entropy: 0.2965  uncertainty: 1.0000  uncertainty_coeffi: 1.0000  loss: 0.2965  lr: 0.000002  time: 0.4206  data: 0.3397  max mem: 2671
      TTA Epoch: [38] [60/61]  eta: 0:00:00  entropy: 0.2842  uncertainty: 1.0000  uncertainty_coeffi: 1.0000  loss: 0.2842  lr: 0.000002  time: 0.0609  data: 0.0001  max mem: 2671
      TTA Epoch: [38] Total time: 0:00:04 (0.0673 s / it)
     Averaged stats: entropy: 0.2425  uncertainty: 1.0000  uncertainty_coeffi: 1.0000  loss: 0.2425  lr: 0.0000
     itm tta time 0:00:04
      TTA Epoch: [39] [ 0/61]  eta: 0:00:26  entropy: 0.1849  uncertainty: 1.0000  uncertainty_coeffi: 1.0000  loss: 0.1849  lr: 0.000002  time: 0.4306  data: 0.3451  max mem: 2671
      TTA Epoch: [39] [60/61]  eta: 0:00:00  entropy: 0.2763  uncertainty: 1.0000  uncertainty_coeffi: 1.0000  loss: 0.2763  lr: 0.000002  time: 0.0610  data: 0.0001  max mem: 2671
      TTA Epoch: [39] Total time: 0:00:04 (0.0677 s / it)
     Averaged stats: entropy: 0.2419  uncertainty: 1.0000  uncertainty_coeffi: 1.0000  loss: 0.2419  lr: 0.0000
     itm tta time 0:00:04
     Computing matching score
      Evaluation: [   0/1978]  eta: 0:02:26    time: 0.0739  data: 0.0035  max mem: 2671
      Evaluation: [ 100/1978]  eta: 0:02:16    time: 0.0724  data: 0.0000  max mem: 2671
      Evaluation: [ 200/1978]  eta: 0:02:09    time: 0.0727  data: 0.0000  max mem: 2671
      Evaluation: [ 300/1978]  eta: 0:02:01    time: 0.0721  data: 0.0000  max mem: 2671
      Evaluation: [ 400/1978]  eta: 0:01:54    time: 0.0728  data: 0.0000  max mem: 2671
      Evaluation: [ 500/1978]  eta: 0:01:47    time: 0.0725  data: 0.0000  max mem: 2671
      Evaluation: [ 600/1978]  eta: 0:01:39    time: 0.0726  data: 0.0000  max mem: 2671
      Evaluation: [ 700/1978]  eta: 0:01:32    time: 0.0727  data: 0.0000  max mem: 2671
      Evaluation: [ 800/1978]  eta: 0:01:25    time: 0.0730  data: 0.0000  max mem: 2671
      Evaluation: [ 900/1978]  eta: 0:01:18    time: 0.0724  data: 0.0000  max mem: 2671
      Evaluation: [1000/1978]  eta: 0:01:10    time: 0.0718  data: 0.0000  max mem: 2671
      Evaluation: [1100/1978]  eta: 0:01:03    time: 0.0720  data: 0.0000  max mem: 2671
      Evaluation: [1200/1978]  eta: 0:00:56    time: 0.0737  data: 0.0000  max mem: 2671
      Evaluation: [1300/1978]  eta: 0:00:49    time: 0.0720  data: 0.0000  max mem: 2671
      Evaluation: [1400/1978]  eta: 0:00:41    time: 0.0721  data: 0.0000  max mem: 2671
      Evaluation: [1500/1978]  eta: 0:00:34    time: 0.0724  data: 0.0000  max mem: 2671
      Evaluation: [1600/1978]  eta: 0:00:27    time: 0.0720  data: 0.0000  max mem: 2671
      Evaluation: [1700/1978]  eta: 0:00:20    time: 0.0717  data: 0.0000  max mem: 2671
      Evaluation: [1800/1978]  eta: 0:00:12    time: 0.0717  data: 0.0000  max mem: 2671
      Evaluation: [1900/1978]  eta: 0:00:05    time: 0.0716  data: 0.0000  max mem: 2671
      Evaluation: [1977/1978]  eta: 0:00:00    time: 0.0719  data: 0.0000  max mem: 2671
      Evaluation: Total time: 0:02:23 (0.0723 s / it)
     Computing matching score time 0:02:23
### TTA ITM Score: 
+-------------------+--------+--------+--------+--------+--------+
|       epoch       |   R1   |   R5   |  R10   |  mAP   |  mINP  |
+-------------------+--------+--------+--------+--------+--------+
|  cos_sim_wo/norm  | 58.544 | 91.860 | 95.703 | 73.596 | 73.596 |
|        -999       | 69.414 | 95.197 | 97.776 | 81.233 | 81.233 |
| itm_score_wo/norm | 84.328 | 98.989 | 99.494 | 91.293 | 91.293 |
|        -999       | 84.277 | 99.039 | 99.596 | 91.276 | 91.276 |
|         0         | 84.328 | 99.039 | 99.596 | 91.301 | 91.301 |
|         1         | 84.277 | 99.039 | 99.596 | 91.276 | 91.276 |
|         2         | 84.328 | 99.039 | 99.596 | 91.293 | 91.293 |
|         4         | 84.530 | 99.039 | 99.596 | 91.402 | 91.402 |
|         9         | 84.681 | 98.989 | 99.596 | 91.442 | 91.442 |
|         14        | 84.783 | 98.888 | 99.545 | 91.468 | 91.468 |
|         19        | 84.783 | 98.888 | 99.494 | 91.456 | 91.456 |
|         29        | 84.479 | 98.787 | 99.494 | 91.292 | 91.292 |
|         39        | 84.479 | 98.736 | 99.494 | 91.279 | 91.279 |
+-------------------+--------+--------+--------+--------+--------+
     logs:  {'epo': 39, 'R1': np.float32(84.479), 'R5': np.float32(98.736), 'R10': np.float32(99.494), 'mAP': np.float32(91.279), 'mINP': np.float32(91.279), 'entropy': 0.241924, 'uncertainty': 1.0, 'uncertainty_coeffi': 1.0, 'loss': 0.241924, 'lr': 2e-06}
      TTA Epoch: [40] [ 0/61]  eta: 0:00:26  entropy: 0.1958  uncertainty: 1.0000  uncertainty_coeffi: 1.0000  loss: 0.1958  lr: 0.000002  time: 0.4274  data: 0.3501  max mem: 2671
      TTA Epoch: [40] [60/61]  eta: 0:00:00  entropy: 0.2928  uncertainty: 1.0000  uncertainty_coeffi: 1.0000  loss: 0.2928  lr: 0.000002  time: 0.0608  data: 0.0001  max mem: 2671
      TTA Epoch: [40] Total time: 0:00:04 (0.0669 s / it)
     Averaged stats: entropy: 0.2425  uncertainty: 1.0000  uncertainty_coeffi: 1.0000  loss: 0.2425  lr: 0.0000
     itm tta time 0:00:04
      TTA Epoch: [41] [ 0/61]  eta: 0:00:25  entropy: 0.2581  uncertainty: 1.0000  uncertainty_coeffi: 1.0000  loss: 0.2581  lr: 0.000002  time: 0.4111  data: 0.3419  max mem: 2671
      TTA Epoch: [41] [60/61]  eta: 0:00:00  entropy: 0.1732  uncertainty: 1.0000  uncertainty_coeffi: 1.0000  loss: 0.1732  lr: 0.000002  time: 0.0600  data: 0.0001  max mem: 2671
      TTA Epoch: [41] Total time: 0:00:04 (0.0669 s / it)
     Averaged stats: entropy: 0.2447  uncertainty: 1.0000  uncertainty_coeffi: 1.0000  loss: 0.2447  lr: 0.0000
     itm tta time 0:00:04
      TTA Epoch: [42] [ 0/61]  eta: 0:00:25  entropy: 0.2530  uncertainty: 1.0000  uncertainty_coeffi: 1.0000  loss: 0.2530  lr: 0.000002  time: 0.4113  data: 0.3407  max mem: 2671
      TTA Epoch: [42] [60/61]  eta: 0:00:00  entropy: 0.2196  uncertainty: 1.0000  uncertainty_coeffi: 1.0000  loss: 0.2196  lr: 0.000002  time: 0.0609  data: 0.0001  max mem: 2671
      TTA Epoch: [42] Total time: 0:00:04 (0.0672 s / it)
     Averaged stats: entropy: 0.2387  uncertainty: 1.0000  uncertainty_coeffi: 1.0000  loss: 0.2387  lr: 0.0000
     itm tta time 0:00:04
      TTA Epoch: [43] [ 0/61]  eta: 0:00:25  entropy: 0.2360  uncertainty: 1.0000  uncertainty_coeffi: 1.0000  loss: 0.2360  lr: 0.000002  time: 0.4217  data: 0.3474  max mem: 2671
      TTA Epoch: [43] [60/61]  eta: 0:00:00  entropy: 0.2281  uncertainty: 1.0000  uncertainty_coeffi: 1.0000  loss: 0.2281  lr: 0.000002  time: 0.0600  data: 0.0001  max mem: 2671
      TTA Epoch: [43] Total time: 0:00:04 (0.0667 s / it)
     Averaged stats: entropy: 0.2376  uncertainty: 1.0000  uncertainty_coeffi: 1.0000  loss: 0.2376  lr: 0.0000
     itm tta time 0:00:04
      TTA Epoch: [44] [ 0/61]  eta: 0:00:27  entropy: 0.2317  uncertainty: 1.0000  uncertainty_coeffi: 1.0000  loss: 0.2317  lr: 0.000002  time: 0.4580  data: 0.3538  max mem: 2671
      TTA Epoch: [44] [60/61]  eta: 0:00:00  entropy: 0.2692  uncertainty: 1.0000  uncertainty_coeffi: 1.0000  loss: 0.2692  lr: 0.000002  time: 0.0608  data: 0.0001  max mem: 2671
      TTA Epoch: [44] Total time: 0:00:04 (0.0680 s / it)
     Averaged stats: entropy: 0.2407  uncertainty: 1.0000  uncertainty_coeffi: 1.0000  loss: 0.2407  lr: 0.0000
     itm tta time 0:00:04
      TTA Epoch: [45] [ 0/61]  eta: 0:00:25  entropy: 0.2594  uncertainty: 1.0000  uncertainty_coeffi: 1.0000  loss: 0.2594  lr: 0.000002  time: 0.4184  data: 0.3486  max mem: 2671
      TTA Epoch: [45] [60/61]  eta: 0:00:00  entropy: 0.3487  uncertainty: 1.0000  uncertainty_coeffi: 1.0000  loss: 0.3487  lr: 0.000001  time: 0.0609  data: 0.0001  max mem: 2671
      TTA Epoch: [45] Total time: 0:00:04 (0.0672 s / it)
     Averaged stats: entropy: 0.2398  uncertainty: 1.0000  uncertainty_coeffi: 1.0000  loss: 0.2398  lr: 0.0000
     itm tta time 0:00:04
      TTA Epoch: [46] [ 0/61]  eta: 0:00:27  entropy: 0.2938  uncertainty: 1.0000  uncertainty_coeffi: 1.0000  loss: 0.2938  lr: 0.000001  time: 0.4523  data: 0.3773  max mem: 2671
      TTA Epoch: [46] [60/61]  eta: 0:00:00  entropy: 0.2645  uncertainty: 1.0000  uncertainty_coeffi: 1.0000  loss: 0.2645  lr: 0.000001  time: 0.0606  data: 0.0001  max mem: 2671
      TTA Epoch: [46] Total time: 0:00:04 (0.0674 s / it)
     Averaged stats: entropy: 0.2375  uncertainty: 1.0000  uncertainty_coeffi: 1.0000  loss: 0.2375  lr: 0.0000
     itm tta time 0:00:04
      TTA Epoch: [47] [ 0/61]  eta: 0:00:26  entropy: 0.2560  uncertainty: 1.0000  uncertainty_coeffi: 1.0000  loss: 0.2560  lr: 0.000001  time: 0.4419  data: 0.3598  max mem: 2671
      TTA Epoch: [47] [60/61]  eta: 0:00:00  entropy: 0.2367  uncertainty: 1.0000  uncertainty_coeffi: 1.0000  loss: 0.2367  lr: 0.000001  time: 0.0607  data: 0.0001  max mem: 2671
      TTA Epoch: [47] Total time: 0:00:04 (0.0679 s / it)
     Averaged stats: entropy: 0.2377  uncertainty: 1.0000  uncertainty_coeffi: 1.0000  loss: 0.2377  lr: 0.0000
     itm tta time 0:00:04
      TTA Epoch: [48] [ 0/61]  eta: 0:00:25  entropy: 0.1848  uncertainty: 1.0000  uncertainty_coeffi: 1.0000  loss: 0.1848  lr: 0.000001  time: 0.4217  data: 0.3531  max mem: 2671
      TTA Epoch: [48] [60/61]  eta: 0:00:00  entropy: 0.3009  uncertainty: 1.0000  uncertainty_coeffi: 1.0000  loss: 0.3009  lr: 0.000001  time: 0.0608  data: 0.0001  max mem: 2671
      TTA Epoch: [48] Total time: 0:00:04 (0.0675 s / it)
     Averaged stats: entropy: 0.2348  uncertainty: 1.0000  uncertainty_coeffi: 1.0000  loss: 0.2348  lr: 0.0000
     itm tta time 0:00:04
      TTA Epoch: [49] [ 0/61]  eta: 0:00:26  entropy: 0.2935  uncertainty: 1.0000  uncertainty_coeffi: 1.0000  loss: 0.2935  lr: 0.000001  time: 0.4356  data: 0.3517  max mem: 2671
      TTA Epoch: [49] [60/61]  eta: 0:00:00  entropy: 0.1412  uncertainty: 1.0000  uncertainty_coeffi: 1.0000  loss: 0.1412  lr: 0.000001  time: 0.0606  data: 0.0001  max mem: 2671
      TTA Epoch: [49] Total time: 0:00:04 (0.0675 s / it)
     Averaged stats: entropy: 0.2385  uncertainty: 1.0000  uncertainty_coeffi: 1.0000  loss: 0.2385  lr: 0.0000
     itm tta time 0:00:04
     Computing matching score
      Evaluation: [   0/1978]  eta: 0:02:28    time: 0.0751  data: 0.0029  max mem: 2671
      Evaluation: [ 100/1978]  eta: 0:02:14    time: 0.0717  data: 0.0000  max mem: 2671
      Evaluation: [ 200/1978]  eta: 0:02:07    time: 0.0725  data: 0.0000  max mem: 2671
      Evaluation: [ 300/1978]  eta: 0:02:01    time: 0.0722  data: 0.0000  max mem: 2671
      Evaluation: [ 400/1978]  eta: 0:01:53    time: 0.0728  data: 0.0000  max mem: 2671
      Evaluation: [ 500/1978]  eta: 0:01:46    time: 0.0727  data: 0.0000  max mem: 2671
      Evaluation: [ 600/1978]  eta: 0:01:39    time: 0.0718  data: 0.0000  max mem: 2671
      Evaluation: [ 700/1978]  eta: 0:01:32    time: 0.0720  data: 0.0000  max mem: 2671
      Evaluation: [ 800/1978]  eta: 0:01:25    time: 0.0718  data: 0.0000  max mem: 2671
      Evaluation: [ 900/1978]  eta: 0:01:17    time: 0.0728  data: 0.0000  max mem: 2671
      Evaluation: [1000/1978]  eta: 0:01:10    time: 0.0718  data: 0.0000  max mem: 2671
      Evaluation: [1100/1978]  eta: 0:01:03    time: 0.0719  data: 0.0000  max mem: 2671
      Evaluation: [1200/1978]  eta: 0:00:56    time: 0.0718  data: 0.0000  max mem: 2671
      Evaluation: [1300/1978]  eta: 0:00:48    time: 0.0718  data: 0.0000  max mem: 2671
      Evaluation: [1400/1978]  eta: 0:00:41    time: 0.0715  data: 0.0000  max mem: 2671
      Evaluation: [1500/1978]  eta: 0:00:34    time: 0.0714  data: 0.0000  max mem: 2671
      Evaluation: [1600/1978]  eta: 0:00:27    time: 0.0713  data: 0.0000  max mem: 2671
      Evaluation: [1700/1978]  eta: 0:00:20    time: 0.0713  data: 0.0000  max mem: 2671
      Evaluation: [1800/1978]  eta: 0:00:12    time: 0.0717  data: 0.0000  max mem: 2671
      Evaluation: [1900/1978]  eta: 0:00:05    time: 0.0716  data: 0.0000  max mem: 2671
      Evaluation: [1977/1978]  eta: 0:00:00    time: 0.0719  data: 0.0000  max mem: 2671
      Evaluation: Total time: 0:02:22 (0.0719 s / it)
     Computing matching score time 0:02:22
### TTA ITM Score: 
+-------------------+--------+--------+--------+--------+--------+
|       epoch       |   R1   |   R5   |  R10   |  mAP   |  mINP  |
+-------------------+--------+--------+--------+--------+--------+
|  cos_sim_wo/norm  | 58.544 | 91.860 | 95.703 | 73.596 | 73.596 |
|        -999       | 69.414 | 95.197 | 97.776 | 81.233 | 81.233 |
| itm_score_wo/norm | 84.328 | 98.989 | 99.494 | 91.293 | 91.293 |
|        -999       | 84.277 | 99.039 | 99.596 | 91.276 | 91.276 |
|         0         | 84.328 | 99.039 | 99.596 | 91.301 | 91.301 |
|         1         | 84.277 | 99.039 | 99.596 | 91.276 | 91.276 |
|         2         | 84.328 | 99.039 | 99.596 | 91.293 | 91.293 |
|         4         | 84.530 | 99.039 | 99.596 | 91.402 | 91.402 |
|         9         | 84.681 | 98.989 | 99.596 | 91.442 | 91.442 |
|         14        | 84.783 | 98.888 | 99.545 | 91.468 | 91.468 |
|         19        | 84.783 | 98.888 | 99.494 | 91.456 | 91.456 |
|         29        | 84.479 | 98.787 | 99.494 | 91.292 | 91.292 |
|         39        | 84.479 | 98.736 | 99.494 | 91.279 | 91.279 |
|         49        | 84.530 | 98.736 | 99.494 | 91.282 | 91.282 |
+-------------------+--------+--------+--------+--------+--------+
     logs:  {'epo': 49, 'R1': np.float32(84.53), 'R5': np.float32(98.736), 'R10': np.float32(99.494), 'mAP': np.float32(91.282), 'mINP': np.float32(91.282), 'entropy': 0.238466, 'uncertainty': 1.0, 'uncertainty_coeffi': 1.0, 'loss': 0.238466, 'lr': 1e-06}
      TTA Epoch: [50] [ 0/61]  eta: 0:00:26  entropy: 0.3835  uncertainty: 1.0000  uncertainty_coeffi: 1.0000  loss: 0.3835  lr: 0.000001  time: 0.4290  data: 0.3576  max mem: 2671
      TTA Epoch: [50] [60/61]  eta: 0:00:00  entropy: 0.3232  uncertainty: 1.0000  uncertainty_coeffi: 1.0000  loss: 0.3232  lr: 0.000001  time: 0.0612  data: 0.0001  max mem: 2671
      TTA Epoch: [50] Total time: 0:00:04 (0.0677 s / it)
     Averaged stats: entropy: 0.2369  uncertainty: 1.0000  uncertainty_coeffi: 1.0000  loss: 0.2369  lr: 0.0000
     itm tta time 0:00:04
      TTA Epoch: [51] [ 0/61]  eta: 0:00:25  entropy: 0.2345  uncertainty: 1.0000  uncertainty_coeffi: 1.0000  loss: 0.2345  lr: 0.000001  time: 0.4181  data: 0.3421  max mem: 2671
      TTA Epoch: [51] [60/61]  eta: 0:00:00  entropy: 0.3560  uncertainty: 1.0000  uncertainty_coeffi: 1.0000  loss: 0.3560  lr: 0.000001  time: 0.0601  data: 0.0001  max mem: 2671
      TTA Epoch: [51] Total time: 0:00:04 (0.0668 s / it)
     Averaged stats: entropy: 0.2397  uncertainty: 1.0000  uncertainty_coeffi: 1.0000  loss: 0.2397  lr: 0.0000
     itm tta time 0:00:04
      TTA Epoch: [52] [ 0/61]  eta: 0:00:25  entropy: 0.2415  uncertainty: 1.0000  uncertainty_coeffi: 1.0000  loss: 0.2415  lr: 0.000001  time: 0.4114  data: 0.3407  max mem: 2671
      TTA Epoch: [52] [60/61]  eta: 0:00:00  entropy: 0.4041  uncertainty: 1.0000  uncertainty_coeffi: 1.0000  loss: 0.4041  lr: 0.000001  time: 0.0612  data: 0.0001  max mem: 2671
      TTA Epoch: [52] Total time: 0:00:04 (0.0673 s / it)
     Averaged stats: entropy: 0.2372  uncertainty: 1.0000  uncertainty_coeffi: 1.0000  loss: 0.2372  lr: 0.0000
     itm tta time 0:00:04
      TTA Epoch: [53] [ 0/61]  eta: 0:00:28  entropy: 0.1926  uncertainty: 1.0000  uncertainty_coeffi: 1.0000  loss: 0.1926  lr: 0.000001  time: 0.4658  data: 0.3792  max mem: 2671
      TTA Epoch: [53] [60/61]  eta: 0:00:00  entropy: 0.2096  uncertainty: 1.0000  uncertainty_coeffi: 1.0000  loss: 0.2096  lr: 0.000001  time: 0.0610  data: 0.0001  max mem: 2671
      TTA Epoch: [53] Total time: 0:00:04 (0.0680 s / it)
     Averaged stats: entropy: 0.2338  uncertainty: 1.0000  uncertainty_coeffi: 1.0000  loss: 0.2338  lr: 0.0000
     itm tta time 0:00:04
      TTA Epoch: [54] [ 0/61]  eta: 0:00:33  entropy: 0.3434  uncertainty: 1.0000  uncertainty_coeffi: 1.0000  loss: 0.3434  lr: 0.000001  time: 0.5424  data: 0.4385  max mem: 2671
      TTA Epoch: [54] [60/61]  eta: 0:00:00  entropy: 0.2282  uncertainty: 1.0000  uncertainty_coeffi: 1.0000  loss: 0.2282  lr: 0.000001  time: 0.0603  data: 0.0001  max mem: 2671
      TTA Epoch: [54] Total time: 0:00:04 (0.0688 s / it)
     Averaged stats: entropy: 0.2363  uncertainty: 1.0000  uncertainty_coeffi: 1.0000  loss: 0.2363  lr: 0.0000
     itm tta time 0:00:04
      TTA Epoch: [55] [ 0/61]  eta: 0:00:27  entropy: 0.2906  uncertainty: 1.0000  uncertainty_coeffi: 1.0000  loss: 0.2906  lr: 0.000001  time: 0.4543  data: 0.3603  max mem: 2671
      TTA Epoch: [55] [60/61]  eta: 0:00:00  entropy: 0.1947  uncertainty: 1.0000  uncertainty_coeffi: 1.0000  loss: 0.1947  lr: 0.000000  time: 0.0610  data: 0.0001  max mem: 2671
      TTA Epoch: [55] Total time: 0:00:04 (0.0678 s / it)
     Averaged stats: entropy: 0.2357  uncertainty: 1.0000  uncertainty_coeffi: 1.0000  loss: 0.2357  lr: 0.0000
     itm tta time 0:00:04
      TTA Epoch: [56] [ 0/61]  eta: 0:00:25  entropy: 0.1203  uncertainty: 1.0000  uncertainty_coeffi: 1.0000  loss: 0.1203  lr: 0.000000  time: 0.4231  data: 0.3540  max mem: 2671
      TTA Epoch: [56] [60/61]  eta: 0:00:00  entropy: 0.2581  uncertainty: 1.0000  uncertainty_coeffi: 1.0000  loss: 0.2581  lr: 0.000000  time: 0.0607  data: 0.0001  max mem: 2671
      TTA Epoch: [56] Total time: 0:00:04 (0.0673 s / it)
     Averaged stats: entropy: 0.2364  uncertainty: 1.0000  uncertainty_coeffi: 1.0000  loss: 0.2364  lr: 0.0000
     itm tta time 0:00:04
      TTA Epoch: [57] [ 0/61]  eta: 0:00:24  entropy: 0.2926  uncertainty: 1.0000  uncertainty_coeffi: 1.0000  loss: 0.2926  lr: 0.000000  time: 0.4089  data: 0.3389  max mem: 2671
      TTA Epoch: [57] [60/61]  eta: 0:00:00  entropy: 0.2255  uncertainty: 1.0000  uncertainty_coeffi: 1.0000  loss: 0.2255  lr: 0.000000  time: 0.0609  data: 0.0001  max mem: 2671
      TTA Epoch: [57] Total time: 0:00:04 (0.0672 s / it)
     Averaged stats: entropy: 0.2393  uncertainty: 1.0000  uncertainty_coeffi: 1.0000  loss: 0.2393  lr: 0.0000
     itm tta time 0:00:04
      TTA Epoch: [58] [ 0/61]  eta: 0:00:25  entropy: 0.2555  uncertainty: 1.0000  uncertainty_coeffi: 1.0000  loss: 0.2555  lr: 0.000000  time: 0.4230  data: 0.3476  max mem: 2671
      TTA Epoch: [58] [60/61]  eta: 0:00:00  entropy: 0.3159  uncertainty: 1.0000  uncertainty_coeffi: 1.0000  loss: 0.3159  lr: 0.000000  time: 0.0603  data: 0.0001  max mem: 2671
      TTA Epoch: [58] Total time: 0:00:04 (0.0666 s / it)
     Averaged stats: entropy: 0.2371  uncertainty: 1.0000  uncertainty_coeffi: 1.0000  loss: 0.2371  lr: 0.0000
     itm tta time 0:00:04
      TTA Epoch: [59] [ 0/61]  eta: 0:00:26  entropy: 0.1481  uncertainty: 1.0000  uncertainty_coeffi: 1.0000  loss: 0.1481  lr: 0.000000  time: 0.4270  data: 0.3375  max mem: 2671
      TTA Epoch: [59] [60/61]  eta: 0:00:00  entropy: 0.2515  uncertainty: 1.0000  uncertainty_coeffi: 1.0000  loss: 0.2515  lr: 0.000000  time: 0.0609  data: 0.0001  max mem: 2671
      TTA Epoch: [59] Total time: 0:00:04 (0.0674 s / it)
     Averaged stats: entropy: 0.2354  uncertainty: 1.0000  uncertainty_coeffi: 1.0000  loss: 0.2354  lr: 0.0000
     itm tta time 0:00:04
     Computing matching score
      Evaluation: [   0/1978]  eta: 0:02:30    time: 0.0761  data: 0.0044  max mem: 2671
      Evaluation: [ 100/1978]  eta: 0:02:14    time: 0.0718  data: 0.0000  max mem: 2671
      Evaluation: [ 200/1978]  eta: 0:02:07    time: 0.0714  data: 0.0000  max mem: 2671
      Evaluation: [ 300/1978]  eta: 0:02:00    time: 0.0718  data: 0.0000  max mem: 2671
      Evaluation: [ 400/1978]  eta: 0:01:53    time: 0.0721  data: 0.0000  max mem: 2671
      Evaluation: [ 500/1978]  eta: 0:01:46    time: 0.0719  data: 0.0000  max mem: 2671
      Evaluation: [ 600/1978]  eta: 0:01:38    time: 0.0715  data: 0.0000  max mem: 2671
      Evaluation: [ 700/1978]  eta: 0:01:31    time: 0.0720  data: 0.0000  max mem: 2671
      Evaluation: [ 800/1978]  eta: 0:01:24    time: 0.0719  data: 0.0000  max mem: 2671
      Evaluation: [ 900/1978]  eta: 0:01:17    time: 0.0716  data: 0.0000  max mem: 2671
      Evaluation: [1000/1978]  eta: 0:01:10    time: 0.0718  data: 0.0000  max mem: 2671
      Evaluation: [1100/1978]  eta: 0:01:03    time: 0.0717  data: 0.0000  max mem: 2671
      Evaluation: [1200/1978]  eta: 0:00:55    time: 0.0722  data: 0.0000  max mem: 2671
      Evaluation: [1300/1978]  eta: 0:00:48    time: 0.0721  data: 0.0000  max mem: 2671
      Evaluation: [1400/1978]  eta: 0:00:41    time: 0.0723  data: 0.0000  max mem: 2671
      Evaluation: [1500/1978]  eta: 0:00:34    time: 0.0725  data: 0.0000  max mem: 2671
      Evaluation: [1600/1978]  eta: 0:00:27    time: 0.0722  data: 0.0000  max mem: 2671
      Evaluation: [1700/1978]  eta: 0:00:19    time: 0.0722  data: 0.0000  max mem: 2671
      Evaluation: [1800/1978]  eta: 0:00:12    time: 0.0722  data: 0.0000  max mem: 2671
      Evaluation: [1900/1978]  eta: 0:00:05    time: 0.0727  data: 0.0000  max mem: 2671
      Evaluation: [1977/1978]  eta: 0:00:00    time: 0.0718  data: 0.0000  max mem: 2671
      Evaluation: Total time: 0:02:22 (0.0720 s / it)
     Computing matching score time 0:02:22
### TTA ITM Score: 
+-------------------+--------+--------+--------+--------+--------+
|       epoch       |   R1   |   R5   |  R10   |  mAP   |  mINP  |
+-------------------+--------+--------+--------+--------+--------+
|  cos_sim_wo/norm  | 58.544 | 91.860 | 95.703 | 73.596 | 73.596 |
|        -999       | 69.414 | 95.197 | 97.776 | 81.233 | 81.233 |
| itm_score_wo/norm | 84.328 | 98.989 | 99.494 | 91.293 | 91.293 |
|        -999       | 84.277 | 99.039 | 99.596 | 91.276 | 91.276 |
|         0         | 84.328 | 99.039 | 99.596 | 91.301 | 91.301 |
|         1         | 84.277 | 99.039 | 99.596 | 91.276 | 91.276 |
|         2         | 84.328 | 99.039 | 99.596 | 91.293 | 91.293 |
|         4         | 84.530 | 99.039 | 99.596 | 91.402 | 91.402 |
|         9         | 84.681 | 98.989 | 99.596 | 91.442 | 91.442 |
|         14        | 84.783 | 98.888 | 99.545 | 91.468 | 91.468 |
|         19        | 84.783 | 98.888 | 99.494 | 91.456 | 91.456 |
|         29        | 84.479 | 98.787 | 99.494 | 91.292 | 91.292 |
|         39        | 84.479 | 98.736 | 99.494 | 91.279 | 91.279 |
|         49        | 84.530 | 98.736 | 99.494 | 91.282 | 91.282 |
|         59        | 84.530 | 98.736 | 99.494 | 91.280 | 91.280 |
+-------------------+--------+--------+--------+--------+--------+
     logs:  {'epo': 59, 'R1': np.float32(84.53), 'R5': np.float32(98.736), 'R10': np.float32(99.494), 'mAP': np.float32(91.28), 'mINP': np.float32(91.28), 'entropy': 0.235394, 'uncertainty': 1.0, 'uncertainty_coeffi': 1.0, 'loss': 0.235394, 'lr': 0.0}
### best epoch: 14
### Time 0:30:36
NNODES,  1
NODE_RANK,  0
MASTER_ADDR,  127.0.0.1
MASTER_PORT,  1612
NPROC_PER_NODE,  2
task:  exp1.1.4
config:  configs_rerun3/exp1.1.4.yaml
output_dir:  output_rerun3/exp1.1.4/2025092019244
python3 tta.py --config configs_rerun3/exp1.1.4.yaml --task exp1.1.4 --output_dir output_rerun3/exp1.1.4/2025092019244 --checkpoint checkpoint/cmp.pth --bs 0 --epo 0 --lr 0.0 --seed 42 --tta
