/home/jiahao/miniconda3/envs/cmp/lib/python3.10/site-packages/torch/functional.py:554: UserWarning: torch.meshgrid: in an upcoming release, it will be required to pass the indexing argument. (Triggered internally at /pytorch/aten/src/ATen/native/TensorShape.cpp:4322.)
  return _VF.meshgrid(tensors, **kwargs)  # type: ignore[attr-defined]
Not using distributed mode
### Hyper-parameters:
     seed: 42
     device: cuda
     output_dir: output_rerun3/exp1.1/2025091515432
     batch_size_tta: 32
     epochs: 60
     lr: 0.001
### Creating test dataset
from data/PAB/annotation/test/attr.json loading 1978 data
     test dataset -->    be_pose_img: True
     test_dataset: 1978
### Creating test dataloader
### be careful: func create_loader returns a list length of 1
     test_loader: 90
### Creating model
build_vision_encoder: load swin 224 x 224 ====>
missing_keys:  []
unexpected_keys:  ['head.weight', 'head.bias']
build_text_encoder: load bert ====>
missing_keys: ['bert.encoder.layer.10.crossattention.output.LayerNorm.bias', 'bert.encoder.layer.10.crossattention.output.LayerNorm.weight', 'bert.encoder.layer.10.crossattention.output.dense.bias', 'bert.encoder.layer.10.crossattention.output.dense.weight', 'bert.encoder.layer.10.crossattention.self.key.bias', 'bert.encoder.layer.10.crossattention.self.key.weight', 'bert.encoder.layer.10.crossattention.self.query.bias', 'bert.encoder.layer.10.crossattention.self.query.weight', 'bert.encoder.layer.10.crossattention.self.value.bias', 'bert.encoder.layer.10.crossattention.self.value.weight', 'bert.encoder.layer.11.crossattention.output.LayerNorm.bias', 'bert.encoder.layer.11.crossattention.output.LayerNorm.weight', 'bert.encoder.layer.11.crossattention.output.dense.bias', 'bert.encoder.layer.11.crossattention.output.dense.weight', 'bert.encoder.layer.11.crossattention.self.key.bias', 'bert.encoder.layer.11.crossattention.self.key.weight', 'bert.encoder.layer.11.crossattention.self.query.bias', 'bert.encoder.layer.11.crossattention.self.query.weight', 'bert.encoder.layer.11.crossattention.self.value.bias', 'bert.encoder.layer.11.crossattention.self.value.weight', 'bert.encoder.layer.6.crossattention.output.LayerNorm.bias', 'bert.encoder.layer.6.crossattention.output.LayerNorm.weight', 'bert.encoder.layer.6.crossattention.output.dense.bias', 'bert.encoder.layer.6.crossattention.output.dense.weight', 'bert.encoder.layer.6.crossattention.self.key.bias', 'bert.encoder.layer.6.crossattention.self.key.weight', 'bert.encoder.layer.6.crossattention.self.query.bias', 'bert.encoder.layer.6.crossattention.self.query.weight', 'bert.encoder.layer.6.crossattention.self.value.bias', 'bert.encoder.layer.6.crossattention.self.value.weight', 'bert.encoder.layer.7.crossattention.output.LayerNorm.bias', 'bert.encoder.layer.7.crossattention.output.LayerNorm.weight', 'bert.encoder.layer.7.crossattention.output.dense.bias', 'bert.encoder.layer.7.crossattention.output.dense.weight', 'bert.encoder.layer.7.crossattention.self.key.bias', 'bert.encoder.layer.7.crossattention.self.key.weight', 'bert.encoder.layer.7.crossattention.self.query.bias', 'bert.encoder.layer.7.crossattention.self.query.weight', 'bert.encoder.layer.7.crossattention.self.value.bias', 'bert.encoder.layer.7.crossattention.self.value.weight', 'bert.encoder.layer.8.crossattention.output.LayerNorm.bias', 'bert.encoder.layer.8.crossattention.output.LayerNorm.weight', 'bert.encoder.layer.8.crossattention.output.dense.bias', 'bert.encoder.layer.8.crossattention.output.dense.weight', 'bert.encoder.layer.8.crossattention.self.key.bias', 'bert.encoder.layer.8.crossattention.self.key.weight', 'bert.encoder.layer.8.crossattention.self.query.bias', 'bert.encoder.layer.8.crossattention.self.query.weight', 'bert.encoder.layer.8.crossattention.self.value.bias', 'bert.encoder.layer.8.crossattention.self.value.weight', 'bert.encoder.layer.9.crossattention.output.LayerNorm.bias', 'bert.encoder.layer.9.crossattention.output.LayerNorm.weight', 'bert.encoder.layer.9.crossattention.output.dense.bias', 'bert.encoder.layer.9.crossattention.output.dense.weight', 'bert.encoder.layer.9.crossattention.self.key.bias', 'bert.encoder.layer.9.crossattention.self.key.weight', 'bert.encoder.layer.9.crossattention.self.query.bias', 'bert.encoder.layer.9.crossattention.self.query.weight', 'bert.encoder.layer.9.crossattention.self.value.bias', 'bert.encoder.layer.9.crossattention.self.value.weight']
unexpected_keys: ['cls.seq_relationship.bias', 'cls.seq_relationship.weight']
mismatched_keys: []
error_msgs: []
Label Smooth: 0.2
pose_conv
load checkpoint from checkpoint/cmp.pth
missing_keys:  ['uncertainty_temper', 'prompt_learning_embedding']
unexpected_keys:  []
     Total Params Sum:  254264985
### Inference ITC similiarity matrix
### Zero-Shot Score: 
+-------------------+--------+--------+--------+--------+--------+
|       epoch       |   R1   |   R5   |  R10   |  mAP   |  mINP  |
+-------------------+--------+--------+--------+--------+--------+
|  cos_sim_wo/norm  | 58.544 | 91.860 | 95.703 | 73.596 | 73.596 |
|        -999       | 69.414 | 95.197 | 97.776 | 81.233 | 81.233 |
| itm_score_wo/norm | 84.328 | 98.989 | 99.494 | 91.293 | 91.293 |
|        -999       | 84.277 | 99.039 | 99.596 | 91.276 | 91.276 |
+-------------------+--------+--------+--------+--------+--------+
### TTA:
     preprocess_tta_coefficients  start
     sample selection ...
     number of sample after sample_selection: 1958
     uncertainty ...
     preprocess_tta_coefficients  end
### Creating tta dataset
     tta_dataset: 1958
### Creating tta dataloader
### be careful: func create_loader returns a list length of 1
     tta_loader: 61
### Configure adapted weights
     TTA Dropout Modules: 
 [('vision_encoder.pos_drop', Dropout(p=0, inplace=False), True), ('vision_encoder.layers.0.blocks.0.attn.attn_drop', Dropout(p=0.0, inplace=False), True), ('vision_encoder.layers.0.blocks.0.attn.proj_drop', Dropout(p=0, inplace=False), True), ('vision_encoder.layers.0.blocks.0.mlp.drop', Dropout(p=0, inplace=False), True), ('vision_encoder.layers.0.blocks.1.attn.attn_drop', Dropout(p=0.0, inplace=False), True), ('vision_encoder.layers.0.blocks.1.attn.proj_drop', Dropout(p=0, inplace=False), True), ('vision_encoder.layers.0.blocks.1.mlp.drop', Dropout(p=0, inplace=False), True), ('vision_encoder.layers.1.blocks.0.attn.attn_drop', Dropout(p=0.0, inplace=False), True), ('vision_encoder.layers.1.blocks.0.attn.proj_drop', Dropout(p=0, inplace=False), True), ('vision_encoder.layers.1.blocks.0.mlp.drop', Dropout(p=0, inplace=False), True), ('vision_encoder.layers.1.blocks.1.attn.attn_drop', Dropout(p=0.0, inplace=False), True), ('vision_encoder.layers.1.blocks.1.attn.proj_drop', Dropout(p=0, inplace=False), True), ('vision_encoder.layers.1.blocks.1.mlp.drop', Dropout(p=0, inplace=False), True), ('vision_encoder.layers.2.blocks.0.attn.attn_drop', Dropout(p=0.0, inplace=False), True), ('vision_encoder.layers.2.blocks.0.attn.proj_drop', Dropout(p=0, inplace=False), True), ('vision_encoder.layers.2.blocks.0.mlp.drop', Dropout(p=0, inplace=False), True), ('vision_encoder.layers.2.blocks.1.attn.attn_drop', Dropout(p=0.0, inplace=False), True), ('vision_encoder.layers.2.blocks.1.attn.proj_drop', Dropout(p=0, inplace=False), True), ('vision_encoder.layers.2.blocks.1.mlp.drop', Dropout(p=0, inplace=False), True), ('vision_encoder.layers.2.blocks.2.attn.attn_drop', Dropout(p=0.0, inplace=False), True), ('vision_encoder.layers.2.blocks.2.attn.proj_drop', Dropout(p=0, inplace=False), True), ('vision_encoder.layers.2.blocks.2.mlp.drop', Dropout(p=0, inplace=False), True), ('vision_encoder.layers.2.blocks.3.attn.attn_drop', Dropout(p=0.0, inplace=False), True), ('vision_encoder.layers.2.blocks.3.attn.proj_drop', Dropout(p=0, inplace=False), True), ('vision_encoder.layers.2.blocks.3.mlp.drop', Dropout(p=0, inplace=False), True), ('vision_encoder.layers.2.blocks.4.attn.attn_drop', Dropout(p=0.0, inplace=False), True), ('vision_encoder.layers.2.blocks.4.attn.proj_drop', Dropout(p=0, inplace=False), True), ('vision_encoder.layers.2.blocks.4.mlp.drop', Dropout(p=0, inplace=False), True), ('vision_encoder.layers.2.blocks.5.attn.attn_drop', Dropout(p=0.0, inplace=False), True), ('vision_encoder.layers.2.blocks.5.attn.proj_drop', Dropout(p=0, inplace=False), True), ('vision_encoder.layers.2.blocks.5.mlp.drop', Dropout(p=0, inplace=False), True), ('vision_encoder.layers.2.blocks.6.attn.attn_drop', Dropout(p=0.0, inplace=False), True), ('vision_encoder.layers.2.blocks.6.attn.proj_drop', Dropout(p=0, inplace=False), True), ('vision_encoder.layers.2.blocks.6.mlp.drop', Dropout(p=0, inplace=False), True), ('vision_encoder.layers.2.blocks.7.attn.attn_drop', Dropout(p=0.0, inplace=False), True), ('vision_encoder.layers.2.blocks.7.attn.proj_drop', Dropout(p=0, inplace=False), True), ('vision_encoder.layers.2.blocks.7.mlp.drop', Dropout(p=0, inplace=False), True), ('vision_encoder.layers.2.blocks.8.attn.attn_drop', Dropout(p=0.0, inplace=False), True), ('vision_encoder.layers.2.blocks.8.attn.proj_drop', Dropout(p=0, inplace=False), True), ('vision_encoder.layers.2.blocks.8.mlp.drop', Dropout(p=0, inplace=False), True), ('vision_encoder.layers.2.blocks.9.attn.attn_drop', Dropout(p=0.0, inplace=False), True), ('vision_encoder.layers.2.blocks.9.attn.proj_drop', Dropout(p=0, inplace=False), True), ('vision_encoder.layers.2.blocks.9.mlp.drop', Dropout(p=0, inplace=False), True), ('vision_encoder.layers.2.blocks.10.attn.attn_drop', Dropout(p=0.0, inplace=False), True), ('vision_encoder.layers.2.blocks.10.attn.proj_drop', Dropout(p=0, inplace=False), True), ('vision_encoder.layers.2.blocks.10.mlp.drop', Dropout(p=0, inplace=False), True), ('vision_encoder.layers.2.blocks.11.attn.attn_drop', Dropout(p=0.0, inplace=False), True), ('vision_encoder.layers.2.blocks.11.attn.proj_drop', Dropout(p=0, inplace=False), True), ('vision_encoder.layers.2.blocks.11.mlp.drop', Dropout(p=0, inplace=False), True), ('vision_encoder.layers.2.blocks.12.attn.attn_drop', Dropout(p=0.0, inplace=False), True), ('vision_encoder.layers.2.blocks.12.attn.proj_drop', Dropout(p=0, inplace=False), True), ('vision_encoder.layers.2.blocks.12.mlp.drop', Dropout(p=0, inplace=False), True), ('vision_encoder.layers.2.blocks.13.attn.attn_drop', Dropout(p=0.0, inplace=False), True), ('vision_encoder.layers.2.blocks.13.attn.proj_drop', Dropout(p=0, inplace=False), True), ('vision_encoder.layers.2.blocks.13.mlp.drop', Dropout(p=0, inplace=False), True), ('vision_encoder.layers.2.blocks.14.attn.attn_drop', Dropout(p=0.0, inplace=False), True), ('vision_encoder.layers.2.blocks.14.attn.proj_drop', Dropout(p=0, inplace=False), True), ('vision_encoder.layers.2.blocks.14.mlp.drop', Dropout(p=0, inplace=False), True), ('vision_encoder.layers.2.blocks.15.attn.attn_drop', Dropout(p=0.0, inplace=False), True), ('vision_encoder.layers.2.blocks.15.attn.proj_drop', Dropout(p=0, inplace=False), True), ('vision_encoder.layers.2.blocks.15.mlp.drop', Dropout(p=0, inplace=False), True), ('vision_encoder.layers.2.blocks.16.attn.attn_drop', Dropout(p=0.0, inplace=False), True), ('vision_encoder.layers.2.blocks.16.attn.proj_drop', Dropout(p=0, inplace=False), True), ('vision_encoder.layers.2.blocks.16.mlp.drop', Dropout(p=0, inplace=False), True), ('vision_encoder.layers.2.blocks.17.attn.attn_drop', Dropout(p=0.0, inplace=False), True), ('vision_encoder.layers.2.blocks.17.attn.proj_drop', Dropout(p=0, inplace=False), True), ('vision_encoder.layers.2.blocks.17.mlp.drop', Dropout(p=0, inplace=False), True), ('vision_encoder.layers.3.blocks.0.attn.attn_drop', Dropout(p=0.0, inplace=False), True), ('vision_encoder.layers.3.blocks.0.attn.proj_drop', Dropout(p=0, inplace=False), True), ('vision_encoder.layers.3.blocks.0.mlp.drop', Dropout(p=0, inplace=False), True), ('vision_encoder.layers.3.blocks.1.attn.attn_drop', Dropout(p=0.0, inplace=False), True), ('vision_encoder.layers.3.blocks.1.attn.proj_drop', Dropout(p=0, inplace=False), True), ('vision_encoder.layers.3.blocks.1.mlp.drop', Dropout(p=0, inplace=False), True), ('text_encoder.bert.embeddings.dropout', Dropout(p=0.1, inplace=False), True), ('text_encoder.bert.encoder.layer.0.attention.self.dropout', Dropout(p=0.1, inplace=False), True), ('text_encoder.bert.encoder.layer.0.attention.output.dropout', Dropout(p=0.1, inplace=False), True), ('text_encoder.bert.encoder.layer.0.output.dropout', Dropout(p=0.1, inplace=False), True), ('text_encoder.bert.encoder.layer.1.attention.self.dropout', Dropout(p=0.1, inplace=False), True), ('text_encoder.bert.encoder.layer.1.attention.output.dropout', Dropout(p=0.1, inplace=False), True), ('text_encoder.bert.encoder.layer.1.output.dropout', Dropout(p=0.1, inplace=False), True), ('text_encoder.bert.encoder.layer.2.attention.self.dropout', Dropout(p=0.1, inplace=False), True), ('text_encoder.bert.encoder.layer.2.attention.output.dropout', Dropout(p=0.1, inplace=False), True), ('text_encoder.bert.encoder.layer.2.output.dropout', Dropout(p=0.1, inplace=False), True), ('text_encoder.bert.encoder.layer.3.attention.self.dropout', Dropout(p=0.1, inplace=False), True), ('text_encoder.bert.encoder.layer.3.attention.output.dropout', Dropout(p=0.1, inplace=False), True), ('text_encoder.bert.encoder.layer.3.output.dropout', Dropout(p=0.1, inplace=False), True), ('text_encoder.bert.encoder.layer.4.attention.self.dropout', Dropout(p=0.1, inplace=False), True), ('text_encoder.bert.encoder.layer.4.attention.output.dropout', Dropout(p=0.1, inplace=False), True), ('text_encoder.bert.encoder.layer.4.output.dropout', Dropout(p=0.1, inplace=False), True), ('text_encoder.bert.encoder.layer.5.attention.self.dropout', Dropout(p=0.1, inplace=False), True), ('text_encoder.bert.encoder.layer.5.attention.output.dropout', Dropout(p=0.1, inplace=False), True), ('text_encoder.bert.encoder.layer.5.output.dropout', Dropout(p=0.1, inplace=False), True), ('text_encoder.bert.encoder.layer.6.attention.self.dropout', Dropout(p=0.1, inplace=False), True), ('text_encoder.bert.encoder.layer.6.attention.output.dropout', Dropout(p=0.1, inplace=False), True), ('text_encoder.bert.encoder.layer.6.crossattention.self.dropout', Dropout(p=0.1, inplace=False), True), ('text_encoder.bert.encoder.layer.6.crossattention.output.dropout', Dropout(p=0.1, inplace=False), True), ('text_encoder.bert.encoder.layer.6.output.dropout', Dropout(p=0.1, inplace=False), True), ('text_encoder.bert.encoder.layer.7.attention.self.dropout', Dropout(p=0.1, inplace=False), True), ('text_encoder.bert.encoder.layer.7.attention.output.dropout', Dropout(p=0.1, inplace=False), True), ('text_encoder.bert.encoder.layer.7.crossattention.self.dropout', Dropout(p=0.1, inplace=False), True), ('text_encoder.bert.encoder.layer.7.crossattention.output.dropout', Dropout(p=0.1, inplace=False), True), ('text_encoder.bert.encoder.layer.7.output.dropout', Dropout(p=0.1, inplace=False), True), ('text_encoder.bert.encoder.layer.8.attention.self.dropout', Dropout(p=0.1, inplace=False), True), ('text_encoder.bert.encoder.layer.8.attention.output.dropout', Dropout(p=0.1, inplace=False), True), ('text_encoder.bert.encoder.layer.8.crossattention.self.dropout', Dropout(p=0.1, inplace=False), True), ('text_encoder.bert.encoder.layer.8.crossattention.output.dropout', Dropout(p=0.1, inplace=False), True), ('text_encoder.bert.encoder.layer.8.output.dropout', Dropout(p=0.1, inplace=False), True), ('text_encoder.bert.encoder.layer.9.attention.self.dropout', Dropout(p=0.1, inplace=False), True), ('text_encoder.bert.encoder.layer.9.attention.output.dropout', Dropout(p=0.1, inplace=False), True), ('text_encoder.bert.encoder.layer.9.crossattention.self.dropout', Dropout(p=0.1, inplace=False), True), ('text_encoder.bert.encoder.layer.9.crossattention.output.dropout', Dropout(p=0.1, inplace=False), True), ('text_encoder.bert.encoder.layer.9.output.dropout', Dropout(p=0.1, inplace=False), True), ('text_encoder.bert.encoder.layer.10.attention.self.dropout', Dropout(p=0.1, inplace=False), True), ('text_encoder.bert.encoder.layer.10.attention.output.dropout', Dropout(p=0.1, inplace=False), True), ('text_encoder.bert.encoder.layer.10.crossattention.self.dropout', Dropout(p=0.1, inplace=False), True), ('text_encoder.bert.encoder.layer.10.crossattention.output.dropout', Dropout(p=0.1, inplace=False), True), ('text_encoder.bert.encoder.layer.10.output.dropout', Dropout(p=0.1, inplace=False), True), ('text_encoder.bert.encoder.layer.11.attention.self.dropout', Dropout(p=0.1, inplace=False), True), ('text_encoder.bert.encoder.layer.11.attention.output.dropout', Dropout(p=0.1, inplace=False), True), ('text_encoder.bert.encoder.layer.11.crossattention.self.dropout', Dropout(p=0.1, inplace=False), True), ('text_encoder.bert.encoder.layer.11.crossattention.output.dropout', Dropout(p=0.1, inplace=False), True), ('text_encoder.bert.encoder.layer.11.output.dropout', Dropout(p=0.1, inplace=False), True), ('vision_proj.1', Dropout(p=0.5, inplace=False), True), ('text_proj.1', Dropout(p=0.5, inplace=False), True), ('pose_block.attn.attn_drop', Dropout(p=0.0, inplace=False), True), ('pose_block.attn.proj_drop', Dropout(p=0.0, inplace=False), True)]
     TTA Require Gradient Params: 
 [('text_encoder.bert.embeddings.LayerNorm.weight', torch.Size([768])), ('text_encoder.bert.embeddings.LayerNorm.bias', torch.Size([768])), ('text_encoder.bert.encoder.layer.6.attention.output.LayerNorm.weight', torch.Size([768])), ('text_encoder.bert.encoder.layer.6.attention.output.LayerNorm.bias', torch.Size([768])), ('text_encoder.bert.encoder.layer.6.crossattention.output.LayerNorm.weight', torch.Size([768])), ('text_encoder.bert.encoder.layer.6.crossattention.output.LayerNorm.bias', torch.Size([768])), ('text_encoder.bert.encoder.layer.6.output.LayerNorm.weight', torch.Size([768])), ('text_encoder.bert.encoder.layer.6.output.LayerNorm.bias', torch.Size([768])), ('text_encoder.bert.encoder.layer.7.attention.output.LayerNorm.weight', torch.Size([768])), ('text_encoder.bert.encoder.layer.7.attention.output.LayerNorm.bias', torch.Size([768])), ('text_encoder.bert.encoder.layer.7.crossattention.output.LayerNorm.weight', torch.Size([768])), ('text_encoder.bert.encoder.layer.7.crossattention.output.LayerNorm.bias', torch.Size([768])), ('text_encoder.bert.encoder.layer.7.output.LayerNorm.weight', torch.Size([768])), ('text_encoder.bert.encoder.layer.7.output.LayerNorm.bias', torch.Size([768])), ('text_encoder.bert.encoder.layer.8.attention.output.LayerNorm.weight', torch.Size([768])), ('text_encoder.bert.encoder.layer.8.attention.output.LayerNorm.bias', torch.Size([768])), ('text_encoder.bert.encoder.layer.8.crossattention.output.LayerNorm.weight', torch.Size([768])), ('text_encoder.bert.encoder.layer.8.crossattention.output.LayerNorm.bias', torch.Size([768])), ('text_encoder.bert.encoder.layer.8.output.LayerNorm.weight', torch.Size([768])), ('text_encoder.bert.encoder.layer.8.output.LayerNorm.bias', torch.Size([768])), ('text_encoder.bert.encoder.layer.9.attention.output.LayerNorm.weight', torch.Size([768])), ('text_encoder.bert.encoder.layer.9.attention.output.LayerNorm.bias', torch.Size([768])), ('text_encoder.bert.encoder.layer.9.crossattention.output.LayerNorm.weight', torch.Size([768])), ('text_encoder.bert.encoder.layer.9.crossattention.output.LayerNorm.bias', torch.Size([768])), ('text_encoder.bert.encoder.layer.9.output.LayerNorm.weight', torch.Size([768])), ('text_encoder.bert.encoder.layer.9.output.LayerNorm.bias', torch.Size([768])), ('text_encoder.bert.encoder.layer.10.attention.output.LayerNorm.weight', torch.Size([768])), ('text_encoder.bert.encoder.layer.10.attention.output.LayerNorm.bias', torch.Size([768])), ('text_encoder.bert.encoder.layer.10.crossattention.output.LayerNorm.weight', torch.Size([768])), ('text_encoder.bert.encoder.layer.10.crossattention.output.LayerNorm.bias', torch.Size([768])), ('text_encoder.bert.encoder.layer.10.output.LayerNorm.weight', torch.Size([768])), ('text_encoder.bert.encoder.layer.10.output.LayerNorm.bias', torch.Size([768])), ('text_encoder.bert.encoder.layer.11.attention.output.LayerNorm.weight', torch.Size([768])), ('text_encoder.bert.encoder.layer.11.attention.output.LayerNorm.bias', torch.Size([768])), ('text_encoder.bert.encoder.layer.11.crossattention.output.LayerNorm.weight', torch.Size([768])), ('text_encoder.bert.encoder.layer.11.crossattention.output.LayerNorm.bias', torch.Size([768])), ('text_encoder.bert.encoder.layer.11.output.LayerNorm.weight', torch.Size([768])), ('text_encoder.bert.encoder.layer.11.output.LayerNorm.bias', torch.Size([768])), ('text_encoder.cls.predictions.transform.LayerNorm.weight', torch.Size([768])), ('text_encoder.cls.predictions.transform.LayerNorm.bias', torch.Size([768])), ('itm_head.1.weight', torch.Size([1536])), ('itm_head.1.bias', torch.Size([1536]))]
     TTA Dropout Modules Number: 
 126
     TTA Require Gradient Params Sum: 
 33792
     lr:  0.001    lr_mult:  2
     model has 'init_params',  385
     num_tta_steps:  3720
     num_warmup_steps:  500
     sched: step
/home/jiahao/task/CMP/tta.py:246: FutureWarning: `torch.cuda.amp.GradScaler(args...)` is deprecated. Please use `torch.amp.GradScaler('cuda', args...)` instead.
  scaler = GradScaler()  # bf16
### Start ITM Test Time Adaptation
      TTA Epoch: [0] [ 0/61]  eta: 0:01:06  entropy: 0.3681  uncertainty: 1.0000  uncertainty_coeffi: 1.0000  loss: 0.3681  lr: 0.000002  time: 1.0866  data: 0.5129  max mem: 2639
      TTA Epoch: [0] [60/61]  eta: 0:00:00  entropy: 0.2745  uncertainty: 1.0000  uncertainty_coeffi: 1.0000  loss: 0.2745  lr: 0.000122  time: 0.0750  data: 0.0001  max mem: 2671
      TTA Epoch: [0] Total time: 0:00:05 (0.0840 s / it)
     Averaged stats: entropy: 0.3380  uncertainty: 1.0000  uncertainty_coeffi: 1.0000  loss: 0.3380  lr: 0.0001
     itm tta time 0:00:05
     Computing matching score
      Evaluation: [   0/1978]  eta: 0:04:25    time: 0.1345  data: 0.0034  max mem: 2671
      Evaluation: [ 100/1978]  eta: 0:02:52    time: 0.1163  data: 0.0000  max mem: 2671
      Evaluation: [ 200/1978]  eta: 0:03:01    time: 0.1127  data: 0.0000  max mem: 2671
      Evaluation: [ 300/1978]  eta: 0:02:57    time: 0.1129  data: 0.0000  max mem: 2671
      Evaluation: [ 400/1978]  eta: 0:02:49    time: 0.1116  data: 0.0000  max mem: 2671
      Evaluation: [ 500/1978]  eta: 0:02:34    time: 0.1001  data: 0.0000  max mem: 2671
      Evaluation: [ 600/1978]  eta: 0:02:24    time: 0.1141  data: 0.0000  max mem: 2671
      Evaluation: [ 700/1978]  eta: 0:02:15    time: 0.1126  data: 0.0000  max mem: 2671
      Evaluation: [ 800/1978]  eta: 0:02:05    time: 0.1127  data: 0.0000  max mem: 2671
      Evaluation: [ 900/1978]  eta: 0:01:55    time: 0.0883  data: 0.0000  max mem: 2671
      Evaluation: [1000/1978]  eta: 0:01:43    time: 0.1124  data: 0.0000  max mem: 2671
      Evaluation: [1100/1978]  eta: 0:01:33    time: 0.1116  data: 0.0000  max mem: 2671
      Evaluation: [1200/1978]  eta: 0:01:22    time: 0.1113  data: 0.0000  max mem: 2671
      Evaluation: [1300/1978]  eta: 0:01:12    time: 0.1121  data: 0.0000  max mem: 2671
      Evaluation: [1400/1978]  eta: 0:01:01    time: 0.0910  data: 0.0000  max mem: 2671
      Evaluation: [1500/1978]  eta: 0:00:50    time: 0.1124  data: 0.0000  max mem: 2671
      Evaluation: [1600/1978]  eta: 0:00:40    time: 0.1129  data: 0.0000  max mem: 2671
      Evaluation: [1700/1978]  eta: 0:00:29    time: 0.1127  data: 0.0000  max mem: 2671
      Evaluation: [1800/1978]  eta: 0:00:19    time: 0.1041  data: 0.0000  max mem: 2671
      Evaluation: [1900/1978]  eta: 0:00:08    time: 0.1148  data: 0.0000  max mem: 2671
      Evaluation: [1977/1978]  eta: 0:00:00    time: 0.1131  data: 0.0000  max mem: 2671
      Evaluation: Total time: 0:03:32 (0.1074 s / it)
     Computing matching score time 0:03:33
### TTA ITM Score: 
+-------------------+--------+--------+--------+--------+--------+
|       epoch       |   R1   |   R5   |  R10   |  mAP   |  mINP  |
+-------------------+--------+--------+--------+--------+--------+
|  cos_sim_wo/norm  | 58.544 | 91.860 | 95.703 | 73.596 | 73.596 |
|        -999       | 69.414 | 95.197 | 97.776 | 81.233 | 81.233 |
| itm_score_wo/norm | 84.328 | 98.989 | 99.494 | 91.293 | 91.293 |
|        -999       | 84.277 | 99.039 | 99.596 | 91.276 | 91.276 |
|         0         | 84.631 | 98.938 | 99.545 | 91.415 | 91.415 |
+-------------------+--------+--------+--------+--------+--------+
     logs:  {'epo': 0, 'R1': 84.631, 'R5': 98.938, 'R10': 99.545, 'mAP': 91.415, 'mINP': 91.415, 'entropy': 0.338048, 'uncertainty': 1.0, 'uncertainty_coeffi': 1.0, 'loss': 0.338048, 'lr': 6.2e-05}
      TTA Epoch: [1] [ 0/61]  eta: 0:00:33  entropy: 0.3594  uncertainty: 1.0000  uncertainty_coeffi: 1.0000  loss: 0.3594  lr: 0.000124  time: 0.5529  data: 0.4081  max mem: 2671
      TTA Epoch: [1] [60/61]  eta: 0:00:00  entropy: 0.2081  uncertainty: 1.0000  uncertainty_coeffi: 1.0000  loss: 0.2081  lr: 0.000244  time: 0.1086  data: 0.0001  max mem: 2671
      TTA Epoch: [1] Total time: 0:00:07 (0.1162 s / it)
     Averaged stats: entropy: 0.2794  uncertainty: 1.0000  uncertainty_coeffi: 1.0000  loss: 0.2794  lr: 0.0002
     itm tta time 0:00:07
     Computing matching score
      Evaluation: [   0/1978]  eta: 0:04:16    time: 0.1296  data: 0.0021  max mem: 2671
      Evaluation: [ 100/1978]  eta: 0:03:11    time: 0.0782  data: 0.0000  max mem: 2671
      Evaluation: [ 200/1978]  eta: 0:03:01    time: 0.1135  data: 0.0000  max mem: 2671
      Evaluation: [ 300/1978]  eta: 0:02:57    time: 0.1116  data: 0.0000  max mem: 2671
      Evaluation: [ 400/1978]  eta: 0:02:49    time: 0.1161  data: 0.0000  max mem: 2671
      Evaluation: [ 500/1978]  eta: 0:02:41    time: 0.1152  data: 0.0000  max mem: 2671
      Evaluation: [ 600/1978]  eta: 0:02:30    time: 0.1138  data: 0.0000  max mem: 2671
      Evaluation: [ 700/1978]  eta: 0:02:20    time: 0.1167  data: 0.0000  max mem: 2671
      Evaluation: [ 800/1978]  eta: 0:02:10    time: 0.1137  data: 0.0000  max mem: 2671
      Evaluation: [ 900/1978]  eta: 0:01:59    time: 0.1116  data: 0.0000  max mem: 2671
      Evaluation: [1000/1978]  eta: 0:01:48    time: 0.1123  data: 0.0000  max mem: 2671
      Evaluation: [1100/1978]  eta: 0:01:37    time: 0.1126  data: 0.0000  max mem: 2671
      Evaluation: [1200/1978]  eta: 0:01:26    time: 0.1127  data: 0.0000  max mem: 2671
      Evaluation: [1300/1978]  eta: 0:01:15    time: 0.1128  data: 0.0000  max mem: 2671
      Evaluation: [1400/1978]  eta: 0:01:04    time: 0.1124  data: 0.0000  max mem: 2671
      Evaluation: [1500/1978]  eta: 0:00:53    time: 0.1127  data: 0.0000  max mem: 2671
      Evaluation: [1600/1978]  eta: 0:00:42    time: 0.0980  data: 0.0000  max mem: 2671
      Evaluation: [1700/1978]  eta: 0:00:30    time: 0.1118  data: 0.0000  max mem: 2671
      Evaluation: [1800/1978]  eta: 0:00:19    time: 0.1124  data: 0.0000  max mem: 2671
      Evaluation: [1900/1978]  eta: 0:00:08    time: 0.1114  data: 0.0000  max mem: 2671
      Evaluation: [1977/1978]  eta: 0:00:00    time: 0.0915  data: 0.0000  max mem: 2671
      Evaluation: Total time: 0:03:39 (0.1110 s / it)
     Computing matching score time 0:03:39
### TTA ITM Score: 
+-------------------+--------+--------+--------+--------+--------+
|       epoch       |   R1   |   R5   |  R10   |  mAP   |  mINP  |
+-------------------+--------+--------+--------+--------+--------+
|  cos_sim_wo/norm  | 58.544 | 91.860 | 95.703 | 73.596 | 73.596 |
|        -999       | 69.414 | 95.197 | 97.776 | 81.233 | 81.233 |
| itm_score_wo/norm | 84.328 | 98.989 | 99.494 | 91.293 | 91.293 |
|        -999       | 84.277 | 99.039 | 99.596 | 91.276 | 91.276 |
|         0         | 84.631 | 98.938 | 99.545 | 91.415 | 91.415 |
|         1         | 84.580 | 98.837 | 99.494 | 91.318 | 91.318 |
+-------------------+--------+--------+--------+--------+--------+
     logs:  {'epo': 1, 'R1': 84.58, 'R5': 98.837, 'R10': 99.494, 'mAP': 91.318, 'mINP': 91.318, 'entropy': 0.279409, 'uncertainty': 1.0, 'uncertainty_coeffi': 1.0, 'loss': 0.279409, 'lr': 0.000184}
      TTA Epoch: [2] [ 0/61]  eta: 0:00:24  entropy: 0.2355  uncertainty: 1.0000  uncertainty_coeffi: 1.0000  loss: 0.2355  lr: 0.000246  time: 0.3940  data: 0.3089  max mem: 2671
      TTA Epoch: [2] [60/61]  eta: 0:00:00  entropy: 0.1617  uncertainty: 1.0000  uncertainty_coeffi: 1.0000  loss: 0.1617  lr: 0.000366  time: 0.0751  data: 0.0001  max mem: 2671
      TTA Epoch: [2] Total time: 0:00:05 (0.0861 s / it)
     Averaged stats: entropy: 0.2173  uncertainty: 1.0000  uncertainty_coeffi: 1.0000  loss: 0.2173  lr: 0.0003
     itm tta time 0:00:05
     Computing matching score
      Evaluation: [   0/1978]  eta: 0:04:03    time: 0.1233  data: 0.0036  max mem: 2671
      Evaluation: [ 100/1978]  eta: 0:03:31    time: 0.1119  data: 0.0000  max mem: 2671
      Evaluation: [ 200/1978]  eta: 0:03:20    time: 0.1121  data: 0.0000  max mem: 2671
      Evaluation: [ 300/1978]  eta: 0:03:08    time: 0.1116  data: 0.0000  max mem: 2671
      Evaluation: [ 400/1978]  eta: 0:02:56    time: 0.1126  data: 0.0000  max mem: 2671
      Evaluation: [ 500/1978]  eta: 0:02:45    time: 0.1128  data: 0.0000  max mem: 2671
      Evaluation: [ 600/1978]  eta: 0:02:34    time: 0.1127  data: 0.0000  max mem: 2671
      Evaluation: [ 700/1978]  eta: 0:02:23    time: 0.1127  data: 0.0000  max mem: 2671
      Evaluation: [ 800/1978]  eta: 0:02:11    time: 0.1132  data: 0.0000  max mem: 2671
      Evaluation: [ 900/1978]  eta: 0:02:00    time: 0.1135  data: 0.0000  max mem: 2671
      Evaluation: [1000/1978]  eta: 0:01:49    time: 0.1134  data: 0.0000  max mem: 2671
      Evaluation: [1100/1978]  eta: 0:01:38    time: 0.0983  data: 0.0000  max mem: 2671
      Evaluation: [1200/1978]  eta: 0:01:27    time: 0.1123  data: 0.0000  max mem: 2671
      Evaluation: [1300/1978]  eta: 0:01:16    time: 0.1134  data: 0.0000  max mem: 2671
      Evaluation: [1400/1978]  eta: 0:01:04    time: 0.1121  data: 0.0000  max mem: 2671
      Evaluation: [1500/1978]  eta: 0:00:53    time: 0.1115  data: 0.0000  max mem: 2671
      Evaluation: [1600/1978]  eta: 0:00:42    time: 0.1133  data: 0.0000  max mem: 2671
      Evaluation: [1700/1978]  eta: 0:00:31    time: 0.1133  data: 0.0000  max mem: 2671
      Evaluation: [1800/1978]  eta: 0:00:19    time: 0.1128  data: 0.0000  max mem: 2671
      Evaluation: [1900/1978]  eta: 0:00:08    time: 0.0903  data: 0.0000  max mem: 2671
      Evaluation: [1977/1978]  eta: 0:00:00    time: 0.1142  data: 0.0000  max mem: 2671
      Evaluation: Total time: 0:03:39 (0.1109 s / it)
     Computing matching score time 0:03:40
### TTA ITM Score: 
+-------------------+--------+--------+--------+--------+--------+
|       epoch       |   R1   |   R5   |  R10   |  mAP   |  mINP  |
+-------------------+--------+--------+--------+--------+--------+
|  cos_sim_wo/norm  | 58.544 | 91.860 | 95.703 | 73.596 | 73.596 |
|        -999       | 69.414 | 95.197 | 97.776 | 81.233 | 81.233 |
| itm_score_wo/norm | 84.328 | 98.989 | 99.494 | 91.293 | 91.293 |
|        -999       | 84.277 | 99.039 | 99.596 | 91.276 | 91.276 |
|         0         | 84.631 | 98.938 | 99.545 | 91.415 | 91.415 |
|         1         | 84.580 | 98.837 | 99.494 | 91.318 | 91.318 |
|         2         | 84.479 | 98.686 | 99.292 | 91.214 | 91.214 |
+-------------------+--------+--------+--------+--------+--------+
     logs:  {'epo': 2, 'R1': 84.479, 'R5': 98.686, 'R10': 99.292, 'mAP': 91.214, 'mINP': 91.214, 'entropy': 0.217288, 'uncertainty': 1.0, 'uncertainty_coeffi': 1.0, 'loss': 0.217288, 'lr': 0.000306}
      TTA Epoch: [3] [ 0/61]  eta: 0:00:38  entropy: 0.1670  uncertainty: 1.0000  uncertainty_coeffi: 1.0000  loss: 0.1670  lr: 0.000368  time: 0.6329  data: 0.4850  max mem: 2671
      TTA Epoch: [3] [60/61]  eta: 0:00:00  entropy: 0.1589  uncertainty: 1.0000  uncertainty_coeffi: 1.0000  loss: 0.1589  lr: 0.000488  time: 0.1083  data: 0.0001  max mem: 2671
      TTA Epoch: [3] Total time: 0:00:07 (0.1159 s / it)
     Averaged stats: entropy: 0.1727  uncertainty: 1.0000  uncertainty_coeffi: 1.0000  loss: 0.1727  lr: 0.0004
     itm tta time 0:00:07
      TTA Epoch: [4] [ 0/61]  eta: 0:00:29  entropy: 0.1913  uncertainty: 1.0000  uncertainty_coeffi: 1.0000  loss: 0.1913  lr: 0.000490  time: 0.4823  data: 0.3577  max mem: 2671
      TTA Epoch: [4] [60/61]  eta: 0:00:00  entropy: 0.0849  uncertainty: 1.0000  uncertainty_coeffi: 1.0000  loss: 0.0849  lr: 0.000610  time: 0.1064  data: 0.0001  max mem: 2671
      TTA Epoch: [4] Total time: 0:00:06 (0.1136 s / it)
     Averaged stats: entropy: 0.1362  uncertainty: 1.0000  uncertainty_coeffi: 1.0000  loss: 0.1362  lr: 0.0005
     itm tta time 0:00:07
     Computing matching score
      Evaluation: [   0/1978]  eta: 0:03:46    time: 0.1145  data: 0.0042  max mem: 2671
      Evaluation: [ 100/1978]  eta: 0:03:32    time: 0.1132  data: 0.0000  max mem: 2671
      Evaluation: [ 200/1978]  eta: 0:03:17    time: 0.1115  data: 0.0000  max mem: 2671
      Evaluation: [ 300/1978]  eta: 0:03:07    time: 0.1134  data: 0.0000  max mem: 2671
      Evaluation: [ 400/1978]  eta: 0:02:56    time: 0.1123  data: 0.0000  max mem: 2671
      Evaluation: [ 500/1978]  eta: 0:02:44    time: 0.1078  data: 0.0000  max mem: 2671
      Evaluation: [ 600/1978]  eta: 0:02:33    time: 0.1094  data: 0.0000  max mem: 2671
      Evaluation: [ 700/1978]  eta: 0:02:22    time: 0.1116  data: 0.0000  max mem: 2671
      Evaluation: [ 800/1978]  eta: 0:02:11    time: 0.1138  data: 0.0000  max mem: 2671
      Evaluation: [ 900/1978]  eta: 0:01:59    time: 0.1089  data: 0.0000  max mem: 2671
      Evaluation: [1000/1978]  eta: 0:01:48    time: 0.1126  data: 0.0000  max mem: 2671
      Evaluation: [1100/1978]  eta: 0:01:37    time: 0.1119  data: 0.0000  max mem: 2671
      Evaluation: [1200/1978]  eta: 0:01:26    time: 0.1135  data: 0.0000  max mem: 2671
      Evaluation: [1300/1978]  eta: 0:01:15    time: 0.1132  data: 0.0000  max mem: 2671
      Evaluation: [1400/1978]  eta: 0:01:04    time: 0.1110  data: 0.0000  max mem: 2671
      Evaluation: [1500/1978]  eta: 0:00:53    time: 0.1128  data: 0.0000  max mem: 2671
      Evaluation: [1600/1978]  eta: 0:00:42    time: 0.1125  data: 0.0000  max mem: 2671
      Evaluation: [1700/1978]  eta: 0:00:30    time: 0.1019  data: 0.0000  max mem: 2671
      Evaluation: [1800/1978]  eta: 0:00:19    time: 0.1129  data: 0.0000  max mem: 2671
      Evaluation: [1900/1978]  eta: 0:00:08    time: 0.1107  data: 0.0000  max mem: 2671
      Evaluation: [1977/1978]  eta: 0:00:00    time: 0.1128  data: 0.0000  max mem: 2671
      Evaluation: Total time: 0:03:37 (0.1101 s / it)
     Computing matching score time 0:03:38
### TTA ITM Score: 
+-------------------+--------+--------+--------+--------+--------+
|       epoch       |   R1   |   R5   |  R10   |  mAP   |  mINP  |
+-------------------+--------+--------+--------+--------+--------+
|  cos_sim_wo/norm  | 58.544 | 91.860 | 95.703 | 73.596 | 73.596 |
|        -999       | 69.414 | 95.197 | 97.776 | 81.233 | 81.233 |
| itm_score_wo/norm | 84.328 | 98.989 | 99.494 | 91.293 | 91.293 |
|        -999       | 84.277 | 99.039 | 99.596 | 91.276 | 91.276 |
|         0         | 84.631 | 98.938 | 99.545 | 91.415 | 91.415 |
|         1         | 84.580 | 98.837 | 99.494 | 91.318 | 91.318 |
|         2         | 84.479 | 98.686 | 99.292 | 91.214 | 91.214 |
|         4         | 85.086 | 98.686 | 99.393 | 91.546 | 91.546 |
+-------------------+--------+--------+--------+--------+--------+
     logs:  {'epo': 4, 'R1': 85.086, 'R5': 98.686, 'R10': 99.393, 'mAP': 91.546, 'mINP': 91.546, 'entropy': 0.136232, 'uncertainty': 1.0, 'uncertainty_coeffi': 1.0, 'loss': 0.136232, 'lr': 0.00055}
      TTA Epoch: [5] [ 0/61]  eta: 0:00:32  entropy: 0.1020  uncertainty: 1.0000  uncertainty_coeffi: 1.0000  loss: 0.1020  lr: 0.000612  time: 0.5269  data: 0.4338  max mem: 2671
      TTA Epoch: [5] [60/61]  eta: 0:00:00  entropy: 0.1107  uncertainty: 1.0000  uncertainty_coeffi: 1.0000  loss: 0.1107  lr: 0.000732  time: 0.1044  data: 0.0001  max mem: 2671
      TTA Epoch: [5] Total time: 0:00:06 (0.1120 s / it)
     Averaged stats: entropy: 0.1089  uncertainty: 1.0000  uncertainty_coeffi: 1.0000  loss: 0.1089  lr: 0.0007
     itm tta time 0:00:06
      TTA Epoch: [6] [ 0/61]  eta: 0:00:27  entropy: 0.0833  uncertainty: 1.0000  uncertainty_coeffi: 1.0000  loss: 0.0833  lr: 0.000734  time: 0.4499  data: 0.3694  max mem: 2671
      TTA Epoch: [6] [60/61]  eta: 0:00:00  entropy: 0.1566  uncertainty: 1.0000  uncertainty_coeffi: 1.0000  loss: 0.1566  lr: 0.000854  time: 0.1059  data: 0.0001  max mem: 2671
      TTA Epoch: [6] Total time: 0:00:06 (0.1049 s / it)
     Averaged stats: entropy: 0.0881  uncertainty: 1.0000  uncertainty_coeffi: 1.0000  loss: 0.0881  lr: 0.0008
     itm tta time 0:00:06
      TTA Epoch: [7] [ 0/61]  eta: 0:00:31  entropy: 0.0879  uncertainty: 1.0000  uncertainty_coeffi: 1.0000  loss: 0.0879  lr: 0.000856  time: 0.5233  data: 0.3848  max mem: 2671
      TTA Epoch: [7] [60/61]  eta: 0:00:00  entropy: 0.0575  uncertainty: 1.0000  uncertainty_coeffi: 1.0000  loss: 0.0575  lr: 0.000976  time: 0.1058  data: 0.0001  max mem: 2671
      TTA Epoch: [7] Total time: 0:00:06 (0.1132 s / it)
     Averaged stats: entropy: 0.0751  uncertainty: 1.0000  uncertainty_coeffi: 1.0000  loss: 0.0751  lr: 0.0009
     itm tta time 0:00:06
      TTA Epoch: [8] [ 0/61]  eta: 0:00:34  entropy: 0.0443  uncertainty: 1.0000  uncertainty_coeffi: 1.0000  loss: 0.0443  lr: 0.000978  time: 0.5714  data: 0.4234  max mem: 2671
      TTA Epoch: [8] [60/61]  eta: 0:00:00  entropy: 0.0081  uncertainty: 1.0000  uncertainty_coeffi: 1.0000  loss: 0.0081  lr: 0.000985  time: 0.1073  data: 0.0001  max mem: 2671
      TTA Epoch: [8] Total time: 0:00:07 (0.1148 s / it)
     Averaged stats: entropy: 0.0587  uncertainty: 1.0000  uncertainty_coeffi: 1.0000  loss: 0.0587  lr: 0.0010
     itm tta time 0:00:07
      TTA Epoch: [9] [ 0/61]  eta: 0:00:28  entropy: 0.0414  uncertainty: 1.0000  uncertainty_coeffi: 1.0000  loss: 0.0414  lr: 0.000984  time: 0.4648  data: 0.3544  max mem: 2671
      TTA Epoch: [9] [60/61]  eta: 0:00:00  entropy: 0.1653  uncertainty: 1.0000  uncertainty_coeffi: 1.0000  loss: 0.1653  lr: 0.000966  time: 0.1064  data: 0.0001  max mem: 2671
      TTA Epoch: [9] Total time: 0:00:06 (0.1122 s / it)
     Averaged stats: entropy: 0.0549  uncertainty: 1.0000  uncertainty_coeffi: 1.0000  loss: 0.0549  lr: 0.0010
     itm tta time 0:00:06
     Computing matching score
      Evaluation: [   0/1978]  eta: 0:04:39    time: 0.1412  data: 0.0036  max mem: 2671
      Evaluation: [ 100/1978]  eta: 0:03:32    time: 0.1135  data: 0.0000  max mem: 2671
      Evaluation: [ 200/1978]  eta: 0:03:17    time: 0.1112  data: 0.0000  max mem: 2671
      Evaluation: [ 300/1978]  eta: 0:03:05    time: 0.1116  data: 0.0000  max mem: 2671
      Evaluation: [ 400/1978]  eta: 0:02:55    time: 0.1114  data: 0.0000  max mem: 2671
      Evaluation: [ 500/1978]  eta: 0:02:43    time: 0.0949  data: 0.0000  max mem: 2671
      Evaluation: [ 600/1978]  eta: 0:02:32    time: 0.1122  data: 0.0000  max mem: 2671
      Evaluation: [ 700/1978]  eta: 0:02:21    time: 0.1085  data: 0.0000  max mem: 2671
      Evaluation: [ 800/1978]  eta: 0:02:10    time: 0.1111  data: 0.0000  max mem: 2671
      Evaluation: [ 900/1978]  eta: 0:01:59    time: 0.1123  data: 0.0000  max mem: 2671
      Evaluation: [1000/1978]  eta: 0:01:48    time: 0.1131  data: 0.0000  max mem: 2671
      Evaluation: [1100/1978]  eta: 0:01:37    time: 0.1121  data: 0.0000  max mem: 2671
      Evaluation: [1200/1978]  eta: 0:01:26    time: 0.1107  data: 0.0000  max mem: 2671
      Evaluation: [1300/1978]  eta: 0:01:15    time: 0.1117  data: 0.0000  max mem: 2671
      Evaluation: [1400/1978]  eta: 0:01:04    time: 0.1117  data: 0.0000  max mem: 2671
      Evaluation: [1500/1978]  eta: 0:00:53    time: 0.1137  data: 0.0000  max mem: 2671
      Evaluation: [1600/1978]  eta: 0:00:42    time: 0.1124  data: 0.0000  max mem: 2671
      Evaluation: [1700/1978]  eta: 0:00:30    time: 0.1116  data: 0.0000  max mem: 2671
      Evaluation: [1800/1978]  eta: 0:00:19    time: 0.1119  data: 0.0000  max mem: 2671
      Evaluation: [1900/1978]  eta: 0:00:08    time: 0.1136  data: 0.0000  max mem: 2671
      Evaluation: [1977/1978]  eta: 0:00:00    time: 0.1032  data: 0.0000  max mem: 2671
      Evaluation: Total time: 0:03:40 (0.1113 s / it)
     Computing matching score time 0:03:40
### TTA ITM Score: 
+-------------------+--------+--------+--------+--------+--------+
|       epoch       |   R1   |   R5   |  R10   |  mAP   |  mINP  |
+-------------------+--------+--------+--------+--------+--------+
|  cos_sim_wo/norm  | 58.544 | 91.860 | 95.703 | 73.596 | 73.596 |
|        -999       | 69.414 | 95.197 | 97.776 | 81.233 | 81.233 |
| itm_score_wo/norm | 84.328 | 98.989 | 99.494 | 91.293 | 91.293 |
|        -999       | 84.277 | 99.039 | 99.596 | 91.276 | 91.276 |
|         0         | 84.631 | 98.938 | 99.545 | 91.415 | 91.415 |
|         1         | 84.580 | 98.837 | 99.494 | 91.318 | 91.318 |
|         2         | 84.479 | 98.686 | 99.292 | 91.214 | 91.214 |
|         4         | 85.086 | 98.686 | 99.393 | 91.546 | 91.546 |
|         9         | 82.609 | 98.534 | 99.090 | 90.166 | 90.166 |
+-------------------+--------+--------+--------+--------+--------+
     logs:  {'epo': 9, 'R1': 82.609, 'R5': 98.534, 'R10': 99.09, 'mAP': 90.166, 'mINP': 90.166, 'entropy': 0.054889, 'uncertainty': 1.0, 'uncertainty_coeffi': 1.0, 'loss': 0.054889, 'lr': 0.000975}
      TTA Epoch: [10] [ 0/61]  eta: 0:00:32  entropy: 0.0564  uncertainty: 1.0000  uncertainty_coeffi: 1.0000  loss: 0.0564  lr: 0.000966  time: 0.5291  data: 0.4077  max mem: 2671
      TTA Epoch: [10] [60/61]  eta: 0:00:00  entropy: 0.0404  uncertainty: 1.0000  uncertainty_coeffi: 1.0000  loss: 0.0404  lr: 0.000947  time: 0.1064  data: 0.0001  max mem: 2671
      TTA Epoch: [10] Total time: 0:00:06 (0.1140 s / it)
     Averaged stats: entropy: 0.0496  uncertainty: 1.0000  uncertainty_coeffi: 1.0000  loss: 0.0496  lr: 0.0010
     itm tta time 0:00:07
      TTA Epoch: [11] [ 0/61]  eta: 0:00:30  entropy: 0.0643  uncertainty: 1.0000  uncertainty_coeffi: 1.0000  loss: 0.0643  lr: 0.000947  time: 0.5006  data: 0.3828  max mem: 2671
      TTA Epoch: [11] [60/61]  eta: 0:00:00  entropy: 0.0277  uncertainty: 1.0000  uncertainty_coeffi: 1.0000  loss: 0.0277  lr: 0.000928  time: 0.1061  data: 0.0001  max mem: 2671
      TTA Epoch: [11] Total time: 0:00:06 (0.1125 s / it)
     Averaged stats: entropy: 0.0460  uncertainty: 1.0000  uncertainty_coeffi: 1.0000  loss: 0.0460  lr: 0.0009
     itm tta time 0:00:07
      TTA Epoch: [12] [ 0/61]  eta: 0:00:29  entropy: 0.0671  uncertainty: 1.0000  uncertainty_coeffi: 1.0000  loss: 0.0671  lr: 0.000928  time: 0.4859  data: 0.3846  max mem: 2671
      TTA Epoch: [12] [60/61]  eta: 0:00:00  entropy: 0.0037  uncertainty: 1.0000  uncertainty_coeffi: 1.0000  loss: 0.0037  lr: 0.000909  time: 0.1059  data: 0.0001  max mem: 2671
      TTA Epoch: [12] Total time: 0:00:06 (0.1124 s / it)
     Averaged stats: entropy: 0.0399  uncertainty: 1.0000  uncertainty_coeffi: 1.0000  loss: 0.0399  lr: 0.0009
     itm tta time 0:00:06
      TTA Epoch: [13] [ 0/61]  eta: 0:00:32  entropy: 0.0341  uncertainty: 1.0000  uncertainty_coeffi: 1.0000  loss: 0.0341  lr: 0.000909  time: 0.5362  data: 0.4233  max mem: 2671
      TTA Epoch: [13] [60/61]  eta: 0:00:00  entropy: 0.0521  uncertainty: 1.0000  uncertainty_coeffi: 1.0000  loss: 0.0521  lr: 0.000890  time: 0.1061  data: 0.0001  max mem: 2671
      TTA Epoch: [13] Total time: 0:00:06 (0.1137 s / it)
     Averaged stats: entropy: 0.0450  uncertainty: 1.0000  uncertainty_coeffi: 1.0000  loss: 0.0450  lr: 0.0009
     itm tta time 0:00:07
      TTA Epoch: [14] [ 0/61]  eta: 0:00:30  entropy: 0.0198  uncertainty: 1.0000  uncertainty_coeffi: 1.0000  loss: 0.0198  lr: 0.000890  time: 0.5062  data: 0.4049  max mem: 2671
      TTA Epoch: [14] [60/61]  eta: 0:00:00  entropy: 0.0373  uncertainty: 1.0000  uncertainty_coeffi: 1.0000  loss: 0.0373  lr: 0.000871  time: 0.1068  data: 0.0001  max mem: 2671
      TTA Epoch: [14] Total time: 0:00:06 (0.1136 s / it)
     Averaged stats: entropy: 0.0330  uncertainty: 1.0000  uncertainty_coeffi: 1.0000  loss: 0.0330  lr: 0.0009
     itm tta time 0:00:07
     Computing matching score
      Evaluation: [   0/1978]  eta: 0:02:49    time: 0.0859  data: 0.0022  max mem: 2671
      Evaluation: [ 100/1978]  eta: 0:03:25    time: 0.1110  data: 0.0000  max mem: 2671
      Evaluation: [ 200/1978]  eta: 0:03:17    time: 0.1118  data: 0.0000  max mem: 2671
      Evaluation: [ 300/1978]  eta: 0:03:06    time: 0.1118  data: 0.0000  max mem: 2671
      Evaluation: [ 400/1978]  eta: 0:02:54    time: 0.1071  data: 0.0000  max mem: 2671
      Evaluation: [ 500/1978]  eta: 0:02:43    time: 0.1127  data: 0.0000  max mem: 2671
      Evaluation: [ 600/1978]  eta: 0:02:32    time: 0.1105  data: 0.0000  max mem: 2671
      Evaluation: [ 700/1978]  eta: 0:02:22    time: 0.1099  data: 0.0000  max mem: 2671
      Evaluation: [ 800/1978]  eta: 0:02:08    time: 0.0876  data: 0.0000  max mem: 2671
      Evaluation: [ 900/1978]  eta: 0:01:57    time: 0.1117  data: 0.0000  max mem: 2671
      Evaluation: [1000/1978]  eta: 0:01:47    time: 0.1123  data: 0.0000  max mem: 2671
      Evaluation: [1100/1978]  eta: 0:01:36    time: 0.1122  data: 0.0000  max mem: 2671
      Evaluation: [1200/1978]  eta: 0:01:25    time: 0.0951  data: 0.0000  max mem: 2671
      Evaluation: [1300/1978]  eta: 0:01:14    time: 0.1102  data: 0.0000  max mem: 2671
      Evaluation: [1400/1978]  eta: 0:01:03    time: 0.1109  data: 0.0000  max mem: 2671
      Evaluation: [1500/1978]  eta: 0:00:52    time: 0.1088  data: 0.0000  max mem: 2671
      Evaluation: [1600/1978]  eta: 0:00:41    time: 0.1135  data: 0.0000  max mem: 2671
      Evaluation: [1700/1978]  eta: 0:00:30    time: 0.1122  data: 0.0000  max mem: 2671
      Evaluation: [1800/1978]  eta: 0:00:19    time: 0.1134  data: 0.0000  max mem: 2671
      Evaluation: [1900/1978]  eta: 0:00:08    time: 0.1129  data: 0.0000  max mem: 2671
      Evaluation: [1977/1978]  eta: 0:00:00    time: 0.1122  data: 0.0000  max mem: 2671
      Evaluation: Total time: 0:03:37 (0.1102 s / it)
     Computing matching score time 0:03:38
### TTA ITM Score: 
+-------------------+--------+--------+--------+--------+--------+
|       epoch       |   R1   |   R5   |  R10   |  mAP   |  mINP  |
+-------------------+--------+--------+--------+--------+--------+
|  cos_sim_wo/norm  | 58.544 | 91.860 | 95.703 | 73.596 | 73.596 |
|        -999       | 69.414 | 95.197 | 97.776 | 81.233 | 81.233 |
| itm_score_wo/norm | 84.328 | 98.989 | 99.494 | 91.293 | 91.293 |
|        -999       | 84.277 | 99.039 | 99.596 | 91.276 | 91.276 |
|         0         | 84.631 | 98.938 | 99.545 | 91.415 | 91.415 |
|         1         | 84.580 | 98.837 | 99.494 | 91.318 | 91.318 |
|         2         | 84.479 | 98.686 | 99.292 | 91.214 | 91.214 |
|         4         | 85.086 | 98.686 | 99.393 | 91.546 | 91.546 |
|         9         | 82.609 | 98.534 | 99.090 | 90.166 | 90.166 |
|         14        | 84.732 | 98.534 | 99.191 | 91.278 | 91.278 |
+-------------------+--------+--------+--------+--------+--------+
     logs:  {'epo': 14, 'R1': 84.732, 'R5': 98.534, 'R10': 99.191, 'mAP': 91.278, 'mINP': 91.278, 'entropy': 0.032973, 'uncertainty': 1.0, 'uncertainty_coeffi': 1.0, 'loss': 0.032973, 'lr': 0.00088}
      TTA Epoch: [15] [ 0/61]  eta: 0:00:35  entropy: 0.0188  uncertainty: 1.0000  uncertainty_coeffi: 1.0000  loss: 0.0188  lr: 0.000871  time: 0.5786  data: 0.4395  max mem: 2671
      TTA Epoch: [15] [60/61]  eta: 0:00:00  entropy: 0.0032  uncertainty: 1.0000  uncertainty_coeffi: 1.0000  loss: 0.0032  lr: 0.000852  time: 0.1113  data: 0.0001  max mem: 2671
      TTA Epoch: [15] Total time: 0:00:07 (0.1173 s / it)
     Averaged stats: entropy: 0.0332  uncertainty: 1.0000  uncertainty_coeffi: 1.0000  loss: 0.0332  lr: 0.0009
     itm tta time 0:00:07
      TTA Epoch: [16] [ 0/61]  eta: 0:00:28  entropy: 0.0183  uncertainty: 1.0000  uncertainty_coeffi: 1.0000  loss: 0.0183  lr: 0.000852  time: 0.4704  data: 0.3857  max mem: 2671
      TTA Epoch: [16] [60/61]  eta: 0:00:00  entropy: 0.0427  uncertainty: 1.0000  uncertainty_coeffi: 1.0000  loss: 0.0427  lr: 0.000833  time: 0.1086  data: 0.0001  max mem: 2671
      TTA Epoch: [16] Total time: 0:00:06 (0.1142 s / it)
     Averaged stats: entropy: 0.0351  uncertainty: 1.0000  uncertainty_coeffi: 1.0000  loss: 0.0351  lr: 0.0008
     itm tta time 0:00:07
      TTA Epoch: [17] [ 0/61]  eta: 0:00:35  entropy: 0.0277  uncertainty: 1.0000  uncertainty_coeffi: 1.0000  loss: 0.0277  lr: 0.000833  time: 0.5801  data: 0.4336  max mem: 2671
      TTA Epoch: [17] [60/61]  eta: 0:00:00  entropy: 0.0141  uncertainty: 1.0000  uncertainty_coeffi: 1.0000  loss: 0.0141  lr: 0.000814  time: 0.1078  data: 0.0001  max mem: 2671
      TTA Epoch: [17] Total time: 0:00:07 (0.1149 s / it)
     Averaged stats: entropy: 0.0270  uncertainty: 1.0000  uncertainty_coeffi: 1.0000  loss: 0.0270  lr: 0.0008
     itm tta time 0:00:07
      TTA Epoch: [18] [ 0/61]  eta: 0:00:32  entropy: 0.0226  uncertainty: 1.0000  uncertainty_coeffi: 1.0000  loss: 0.0226  lr: 0.000814  time: 0.5321  data: 0.3848  max mem: 2671
      TTA Epoch: [18] [60/61]  eta: 0:00:00  entropy: 0.0203  uncertainty: 1.0000  uncertainty_coeffi: 1.0000  loss: 0.0203  lr: 0.000795  time: 0.1065  data: 0.0001  max mem: 2671
      TTA Epoch: [18] Total time: 0:00:06 (0.1140 s / it)
     Averaged stats: entropy: 0.0291  uncertainty: 1.0000  uncertainty_coeffi: 1.0000  loss: 0.0291  lr: 0.0008
     itm tta time 0:00:07
      TTA Epoch: [19] [ 0/61]  eta: 0:00:25  entropy: 0.0421  uncertainty: 1.0000  uncertainty_coeffi: 1.0000  loss: 0.0421  lr: 0.000795  time: 0.4262  data: 0.3395  max mem: 2671
      TTA Epoch: [19] [60/61]  eta: 0:00:00  entropy: 0.0238  uncertainty: 1.0000  uncertainty_coeffi: 1.0000  loss: 0.0238  lr: 0.000776  time: 0.1094  data: 0.0001  max mem: 2671
      TTA Epoch: [19] Total time: 0:00:06 (0.1073 s / it)
     Averaged stats: entropy: 0.0258  uncertainty: 1.0000  uncertainty_coeffi: 1.0000  loss: 0.0258  lr: 0.0008
     itm tta time 0:00:06
     Computing matching score
      Evaluation: [   0/1978]  eta: 0:04:30    time: 0.1366  data: 0.0035  max mem: 2671
      Evaluation: [ 100/1978]  eta: 0:03:31    time: 0.1126  data: 0.0000  max mem: 2671
      Evaluation: [ 200/1978]  eta: 0:03:20    time: 0.1123  data: 0.0000  max mem: 2671
      Evaluation: [ 300/1978]  eta: 0:03:08    time: 0.1126  data: 0.0000  max mem: 2671
      Evaluation: [ 400/1978]  eta: 0:02:55    time: 0.1127  data: 0.0000  max mem: 2671
      Evaluation: [ 500/1978]  eta: 0:02:45    time: 0.1136  data: 0.0000  max mem: 2671
      Evaluation: [ 600/1978]  eta: 0:02:34    time: 0.1121  data: 0.0000  max mem: 2671
      Evaluation: [ 700/1978]  eta: 0:02:22    time: 0.0985  data: 0.0000  max mem: 2671
      Evaluation: [ 800/1978]  eta: 0:02:11    time: 0.1130  data: 0.0000  max mem: 2671
      Evaluation: [ 900/1978]  eta: 0:02:00    time: 0.1147  data: 0.0000  max mem: 2671
      Evaluation: [1000/1978]  eta: 0:01:49    time: 0.1113  data: 0.0000  max mem: 2671
      Evaluation: [1100/1978]  eta: 0:01:37    time: 0.1125  data: 0.0000  max mem: 2671
      Evaluation: [1200/1978]  eta: 0:01:26    time: 0.1137  data: 0.0000  max mem: 2671
      Evaluation: [1300/1978]  eta: 0:01:15    time: 0.1129  data: 0.0000  max mem: 2671
      Evaluation: [1400/1978]  eta: 0:01:04    time: 0.1135  data: 0.0000  max mem: 2671
      Evaluation: [1500/1978]  eta: 0:00:53    time: 0.1137  data: 0.0000  max mem: 2671
      Evaluation: [1600/1978]  eta: 0:00:42    time: 0.1134  data: 0.0000  max mem: 2671
      Evaluation: [1700/1978]  eta: 0:00:31    time: 0.1133  data: 0.0000  max mem: 2671
      Evaluation: [1800/1978]  eta: 0:00:19    time: 0.0975  data: 0.0000  max mem: 2671
      Evaluation: [1900/1978]  eta: 0:00:08    time: 0.1122  data: 0.0000  max mem: 2671
      Evaluation: [1977/1978]  eta: 0:00:00    time: 0.1139  data: 0.0000  max mem: 2671
      Evaluation: Total time: 0:03:41 (0.1119 s / it)
     Computing matching score time 0:03:42
### TTA ITM Score: 
+-------------------+--------+--------+--------+--------+--------+
|       epoch       |   R1   |   R5   |  R10   |  mAP   |  mINP  |
+-------------------+--------+--------+--------+--------+--------+
|  cos_sim_wo/norm  | 58.544 | 91.860 | 95.703 | 73.596 | 73.596 |
|        -999       | 69.414 | 95.197 | 97.776 | 81.233 | 81.233 |
| itm_score_wo/norm | 84.328 | 98.989 | 99.494 | 91.293 | 91.293 |
|        -999       | 84.277 | 99.039 | 99.596 | 91.276 | 91.276 |
|         0         | 84.631 | 98.938 | 99.545 | 91.415 | 91.415 |
|         1         | 84.580 | 98.837 | 99.494 | 91.318 | 91.318 |
|         2         | 84.479 | 98.686 | 99.292 | 91.214 | 91.214 |
|         4         | 85.086 | 98.686 | 99.393 | 91.546 | 91.546 |
|         9         | 82.609 | 98.534 | 99.090 | 90.166 | 90.166 |
|         14        | 84.732 | 98.534 | 99.191 | 91.278 | 91.278 |
|         19        | 83.873 | 98.382 | 99.090 | 90.721 | 90.721 |
+-------------------+--------+--------+--------+--------+--------+
     logs:  {'epo': 19, 'R1': 83.873, 'R5': 98.382, 'R10': 99.09, 'mAP': 90.721, 'mINP': 90.721, 'entropy': 0.025764, 'uncertainty': 1.0, 'uncertainty_coeffi': 1.0, 'loss': 0.025764, 'lr': 0.000786}
      TTA Epoch: [20] [ 0/61]  eta: 0:00:39  entropy: 0.0302  uncertainty: 1.0000  uncertainty_coeffi: 1.0000  loss: 0.0302  lr: 0.000776  time: 0.6443  data: 0.5012  max mem: 2671
      TTA Epoch: [20] [60/61]  eta: 0:00:00  entropy: 0.0072  uncertainty: 1.0000  uncertainty_coeffi: 1.0000  loss: 0.0072  lr: 0.000757  time: 0.1101  data: 0.0001  max mem: 2671
      TTA Epoch: [20] Total time: 0:00:07 (0.1172 s / it)
     Averaged stats: entropy: 0.0249  uncertainty: 1.0000  uncertainty_coeffi: 1.0000  loss: 0.0249  lr: 0.0008
     itm tta time 0:00:07
      TTA Epoch: [21] [ 0/61]  eta: 0:00:34  entropy: 0.0697  uncertainty: 1.0000  uncertainty_coeffi: 1.0000  loss: 0.0697  lr: 0.000757  time: 0.5608  data: 0.4188  max mem: 2671
      TTA Epoch: [21] [60/61]  eta: 0:00:00  entropy: 0.0169  uncertainty: 1.0000  uncertainty_coeffi: 1.0000  loss: 0.0169  lr: 0.000739  time: 0.1059  data: 0.0001  max mem: 2671
      TTA Epoch: [21] Total time: 0:00:06 (0.1147 s / it)
     Averaged stats: entropy: 0.0226  uncertainty: 1.0000  uncertainty_coeffi: 1.0000  loss: 0.0226  lr: 0.0007
     itm tta time 0:00:07
      TTA Epoch: [22] [ 0/61]  eta: 0:00:30  entropy: 0.0266  uncertainty: 1.0000  uncertainty_coeffi: 1.0000  loss: 0.0266  lr: 0.000738  time: 0.5003  data: 0.3971  max mem: 2671
      TTA Epoch: [22] [60/61]  eta: 0:00:00  entropy: 0.0423  uncertainty: 1.0000  uncertainty_coeffi: 1.0000  loss: 0.0423  lr: 0.000720  time: 0.0701  data: 0.0001  max mem: 2671
      TTA Epoch: [22] Total time: 0:00:04 (0.0815 s / it)
     Averaged stats: entropy: 0.0231  uncertainty: 1.0000  uncertainty_coeffi: 1.0000  loss: 0.0231  lr: 0.0007
     itm tta time 0:00:05
      TTA Epoch: [23] [ 0/61]  eta: 0:00:32  entropy: 0.0091  uncertainty: 1.0000  uncertainty_coeffi: 1.0000  loss: 0.0091  lr: 0.000719  time: 0.5399  data: 0.3915  max mem: 2671
      TTA Epoch: [23] [60/61]  eta: 0:00:00  entropy: 0.0262  uncertainty: 1.0000  uncertainty_coeffi: 1.0000  loss: 0.0262  lr: 0.000701  time: 0.1079  data: 0.0001  max mem: 2671
      TTA Epoch: [23] Total time: 0:00:06 (0.1064 s / it)
     Averaged stats: entropy: 0.0211  uncertainty: 1.0000  uncertainty_coeffi: 1.0000  loss: 0.0211  lr: 0.0007
     itm tta time 0:00:06
      TTA Epoch: [24] [ 0/61]  eta: 0:00:32  entropy: 0.0003  uncertainty: 1.0000  uncertainty_coeffi: 1.0000  loss: 0.0003  lr: 0.000700  time: 0.5402  data: 0.4375  max mem: 2671
      TTA Epoch: [24] [60/61]  eta: 0:00:00  entropy: 0.0001  uncertainty: 1.0000  uncertainty_coeffi: 1.0000  loss: 0.0001  lr: 0.000682  time: 0.1052  data: 0.0001  max mem: 2671
      TTA Epoch: [24] Total time: 0:00:06 (0.1145 s / it)
     Averaged stats: entropy: 0.0242  uncertainty: 1.0000  uncertainty_coeffi: 1.0000  loss: 0.0242  lr: 0.0007
     itm tta time 0:00:07
      TTA Epoch: [25] [ 0/61]  eta: 0:00:33  entropy: 0.0195  uncertainty: 1.0000  uncertainty_coeffi: 1.0000  loss: 0.0195  lr: 0.000681  time: 0.5485  data: 0.4456  max mem: 2671
      TTA Epoch: [25] [60/61]  eta: 0:00:00  entropy: 0.0222  uncertainty: 1.0000  uncertainty_coeffi: 1.0000  loss: 0.0222  lr: 0.000663  time: 0.1067  data: 0.0001  max mem: 2671
      TTA Epoch: [25] Total time: 0:00:06 (0.1139 s / it)
     Averaged stats: entropy: 0.0172  uncertainty: 1.0000  uncertainty_coeffi: 1.0000  loss: 0.0172  lr: 0.0007
     itm tta time 0:00:07
      TTA Epoch: [26] [ 0/61]  eta: 0:00:34  entropy: 0.0228  uncertainty: 1.0000  uncertainty_coeffi: 1.0000  loss: 0.0228  lr: 0.000662  time: 0.5663  data: 0.4143  max mem: 2671
      TTA Epoch: [26] [60/61]  eta: 0:00:00  entropy: 0.0314  uncertainty: 1.0000  uncertainty_coeffi: 1.0000  loss: 0.0314  lr: 0.000644  time: 0.1066  data: 0.0001  max mem: 2671
      TTA Epoch: [26] Total time: 0:00:06 (0.1147 s / it)
     Averaged stats: entropy: 0.0194  uncertainty: 1.0000  uncertainty_coeffi: 1.0000  loss: 0.0194  lr: 0.0007
     itm tta time 0:00:07
      TTA Epoch: [27] [ 0/61]  eta: 0:00:35  entropy: 0.0241  uncertainty: 1.0000  uncertainty_coeffi: 1.0000  loss: 0.0241  lr: 0.000643  time: 0.5801  data: 0.4341  max mem: 2671
      TTA Epoch: [27] [60/61]  eta: 0:00:00  entropy: 0.0008  uncertainty: 1.0000  uncertainty_coeffi: 1.0000  loss: 0.0008  lr: 0.000625  time: 0.1064  data: 0.0001  max mem: 2671
      TTA Epoch: [27] Total time: 0:00:07 (0.1150 s / it)
     Averaged stats: entropy: 0.0183  uncertainty: 1.0000  uncertainty_coeffi: 1.0000  loss: 0.0183  lr: 0.0006
     itm tta time 0:00:07
      TTA Epoch: [28] [ 0/61]  eta: 0:00:34  entropy: 0.0011  uncertainty: 1.0000  uncertainty_coeffi: 1.0000  loss: 0.0011  lr: 0.000625  time: 0.5630  data: 0.4226  max mem: 2671
      TTA Epoch: [28] [60/61]  eta: 0:00:00  entropy: 0.0199  uncertainty: 1.0000  uncertainty_coeffi: 1.0000  loss: 0.0199  lr: 0.000606  time: 0.1050  data: 0.0001  max mem: 2671
      TTA Epoch: [28] Total time: 0:00:06 (0.1081 s / it)
     Averaged stats: entropy: 0.0183  uncertainty: 1.0000  uncertainty_coeffi: 1.0000  loss: 0.0183  lr: 0.0006
     itm tta time 0:00:06
      TTA Epoch: [29] [ 0/61]  eta: 0:00:35  entropy: 0.0033  uncertainty: 1.0000  uncertainty_coeffi: 1.0000  loss: 0.0033  lr: 0.000606  time: 0.5819  data: 0.4298  max mem: 2671
      TTA Epoch: [29] [60/61]  eta: 0:00:00  entropy: 0.0185  uncertainty: 1.0000  uncertainty_coeffi: 1.0000  loss: 0.0185  lr: 0.000587  time: 0.1060  data: 0.0001  max mem: 2671
      TTA Epoch: [29] Total time: 0:00:06 (0.1147 s / it)
     Averaged stats: entropy: 0.0163  uncertainty: 1.0000  uncertainty_coeffi: 1.0000  loss: 0.0163  lr: 0.0006
     itm tta time 0:00:07
     Computing matching score
      Evaluation: [   0/1978]  eta: 0:02:41    time: 0.0817  data: 0.0040  max mem: 2671
      Evaluation: [ 100/1978]  eta: 0:03:31    time: 0.1128  data: 0.0000  max mem: 2671
      Evaluation: [ 200/1978]  eta: 0:03:19    time: 0.1103  data: 0.0000  max mem: 2671
      Evaluation: [ 300/1978]  eta: 0:03:06    time: 0.1127  data: 0.0000  max mem: 2671
      Evaluation: [ 400/1978]  eta: 0:02:55    time: 0.1134  data: 0.0000  max mem: 2671
      Evaluation: [ 500/1978]  eta: 0:02:45    time: 0.1128  data: 0.0000  max mem: 2671
      Evaluation: [ 600/1978]  eta: 0:02:34    time: 0.1132  data: 0.0000  max mem: 2671
      Evaluation: [ 700/1978]  eta: 0:02:22    time: 0.1118  data: 0.0000  max mem: 2671
      Evaluation: [ 800/1978]  eta: 0:02:12    time: 0.1165  data: 0.0000  max mem: 2671
      Evaluation: [ 900/1978]  eta: 0:02:01    time: 0.1118  data: 0.0000  max mem: 2671
      Evaluation: [1000/1978]  eta: 0:01:49    time: 0.0986  data: 0.0000  max mem: 2671
      Evaluation: [1100/1978]  eta: 0:01:38    time: 0.1145  data: 0.0000  max mem: 2671
      Evaluation: [1200/1978]  eta: 0:01:27    time: 0.1127  data: 0.0000  max mem: 2671
      Evaluation: [1300/1978]  eta: 0:01:16    time: 0.1141  data: 0.0000  max mem: 2671
      Evaluation: [1400/1978]  eta: 0:01:04    time: 0.1145  data: 0.0000  max mem: 2671
      Evaluation: [1500/1978]  eta: 0:00:53    time: 0.1108  data: 0.0000  max mem: 2671
      Evaluation: [1600/1978]  eta: 0:00:42    time: 0.1139  data: 0.0000  max mem: 2671
      Evaluation: [1700/1978]  eta: 0:00:31    time: 0.1123  data: 0.0000  max mem: 2671
      Evaluation: [1800/1978]  eta: 0:00:19    time: 0.1141  data: 0.0000  max mem: 2671
      Evaluation: [1900/1978]  eta: 0:00:08    time: 0.1133  data: 0.0000  max mem: 2671
      Evaluation: [1977/1978]  eta: 0:00:00    time: 0.1129  data: 0.0000  max mem: 2671
      Evaluation: Total time: 0:03:42 (0.1124 s / it)
     Computing matching score time 0:03:43
### TTA ITM Score: 
+-------------------+--------+--------+--------+--------+--------+
|       epoch       |   R1   |   R5   |  R10   |  mAP   |  mINP  |
+-------------------+--------+--------+--------+--------+--------+
|  cos_sim_wo/norm  | 58.544 | 91.860 | 95.703 | 73.596 | 73.596 |
|        -999       | 69.414 | 95.197 | 97.776 | 81.233 | 81.233 |
| itm_score_wo/norm | 84.328 | 98.989 | 99.494 | 91.293 | 91.293 |
|        -999       | 84.277 | 99.039 | 99.596 | 91.276 | 91.276 |
|         0         | 84.631 | 98.938 | 99.545 | 91.415 | 91.415 |
|         1         | 84.580 | 98.837 | 99.494 | 91.318 | 91.318 |
|         2         | 84.479 | 98.686 | 99.292 | 91.214 | 91.214 |
|         4         | 85.086 | 98.686 | 99.393 | 91.546 | 91.546 |
|         9         | 82.609 | 98.534 | 99.090 | 90.166 | 90.166 |
|         14        | 84.732 | 98.534 | 99.191 | 91.278 | 91.278 |
|         19        | 83.873 | 98.382 | 99.090 | 90.721 | 90.721 |
|         29        | 82.204 | 98.079 | 99.090 | 89.744 | 89.744 |
+-------------------+--------+--------+--------+--------+--------+
     logs:  {'epo': 29, 'R1': 82.204, 'R5': 98.079, 'R10': 99.09, 'mAP': 89.744, 'mINP': 89.744, 'entropy': 0.016268, 'uncertainty': 1.0, 'uncertainty_coeffi': 1.0, 'loss': 0.016268, 'lr': 0.000596}
      TTA Epoch: [30] [ 0/61]  eta: 0:00:37  entropy: 0.0081  uncertainty: 1.0000  uncertainty_coeffi: 1.0000  loss: 0.0081  lr: 0.000587  time: 0.6169  data: 0.4572  max mem: 2671
      TTA Epoch: [30] [60/61]  eta: 0:00:00  entropy: 0.0243  uncertainty: 1.0000  uncertainty_coeffi: 1.0000  loss: 0.0243  lr: 0.000568  time: 0.1087  data: 0.0001  max mem: 2671
      TTA Epoch: [30] Total time: 0:00:07 (0.1183 s / it)
     Averaged stats: entropy: 0.0158  uncertainty: 1.0000  uncertainty_coeffi: 1.0000  loss: 0.0158  lr: 0.0006
     itm tta time 0:00:07
      TTA Epoch: [31] [ 0/61]  eta: 0:00:29  entropy: 0.0280  uncertainty: 1.0000  uncertainty_coeffi: 1.0000  loss: 0.0280  lr: 0.000568  time: 0.4802  data: 0.4060  max mem: 2671
      TTA Epoch: [31] [60/61]  eta: 0:00:00  entropy: 0.0412  uncertainty: 1.0000  uncertainty_coeffi: 1.0000  loss: 0.0412  lr: 0.000549  time: 0.1077  data: 0.0001  max mem: 2671
      TTA Epoch: [31] Total time: 0:00:06 (0.1127 s / it)
     Averaged stats: entropy: 0.0183  uncertainty: 1.0000  uncertainty_coeffi: 1.0000  loss: 0.0183  lr: 0.0006
     itm tta time 0:00:06
      TTA Epoch: [32] [ 0/61]  eta: 0:00:31  entropy: 0.0000  uncertainty: 1.0000  uncertainty_coeffi: 1.0000  loss: 0.0000  lr: 0.000549  time: 0.5231  data: 0.3893  max mem: 2671
      TTA Epoch: [32] [60/61]  eta: 0:00:00  entropy: 0.0149  uncertainty: 1.0000  uncertainty_coeffi: 1.0000  loss: 0.0149  lr: 0.000265  time: 0.1065  data: 0.0001  max mem: 2671
      TTA Epoch: [32] Total time: 0:00:07 (0.1152 s / it)
     Averaged stats: entropy: 0.0148  uncertainty: 1.0000  uncertainty_coeffi: 1.0000  loss: 0.0148  lr: 0.0005
     itm tta time 0:00:07
      TTA Epoch: [33] [ 0/61]  eta: 0:00:28  entropy: 0.0017  uncertainty: 1.0000  uncertainty_coeffi: 1.0000  loss: 0.0017  lr: 0.000265  time: 0.4592  data: 0.3613  max mem: 2671
      TTA Epoch: [33] [60/61]  eta: 0:00:00  entropy: 0.0003  uncertainty: 1.0000  uncertainty_coeffi: 1.0000  loss: 0.0003  lr: 0.000256  time: 0.1093  data: 0.0001  max mem: 2671
      TTA Epoch: [33] Total time: 0:00:07 (0.1152 s / it)
     Averaged stats: entropy: 0.0153  uncertainty: 1.0000  uncertainty_coeffi: 1.0000  loss: 0.0153  lr: 0.0003
     itm tta time 0:00:07
      TTA Epoch: [34] [ 0/61]  eta: 0:00:28  entropy: 0.0004  uncertainty: 1.0000  uncertainty_coeffi: 1.0000  loss: 0.0004  lr: 0.000255  time: 0.4711  data: 0.3610  max mem: 2671
      TTA Epoch: [34] [60/61]  eta: 0:00:00  entropy: 0.0000  uncertainty: 1.0000  uncertainty_coeffi: 1.0000  loss: 0.0000  lr: 0.000246  time: 0.1082  data: 0.0001  max mem: 2671
      TTA Epoch: [34] Total time: 0:00:07 (0.1148 s / it)
     Averaged stats: entropy: 0.0143  uncertainty: 1.0000  uncertainty_coeffi: 1.0000  loss: 0.0143  lr: 0.0003
     itm tta time 0:00:07
      TTA Epoch: [35] [ 0/61]  eta: 0:00:32  entropy: 0.0012  uncertainty: 1.0000  uncertainty_coeffi: 1.0000  loss: 0.0012  lr: 0.000246  time: 0.5276  data: 0.4154  max mem: 2671
      TTA Epoch: [35] [60/61]  eta: 0:00:00  entropy: 0.0255  uncertainty: 1.0000  uncertainty_coeffi: 1.0000  loss: 0.0255  lr: 0.000237  time: 0.1086  data: 0.0001  max mem: 2671
      TTA Epoch: [35] Total time: 0:00:07 (0.1166 s / it)
     Averaged stats: entropy: 0.0156  uncertainty: 1.0000  uncertainty_coeffi: 1.0000  loss: 0.0156  lr: 0.0002
     itm tta time 0:00:07
      TTA Epoch: [36] [ 0/61]  eta: 0:00:29  entropy: 0.0028  uncertainty: 1.0000  uncertainty_coeffi: 1.0000  loss: 0.0028  lr: 0.000236  time: 0.4867  data: 0.3736  max mem: 2671
      TTA Epoch: [36] [60/61]  eta: 0:00:00  entropy: 0.0161  uncertainty: 1.0000  uncertainty_coeffi: 1.0000  loss: 0.0161  lr: 0.000227  time: 0.1111  data: 0.0001  max mem: 2671
      TTA Epoch: [36] Total time: 0:00:06 (0.1145 s / it)
     Averaged stats: entropy: 0.0170  uncertainty: 1.0000  uncertainty_coeffi: 1.0000  loss: 0.0170  lr: 0.0002
     itm tta time 0:00:07
      TTA Epoch: [37] [ 0/61]  eta: 0:00:34  entropy: 0.0092  uncertainty: 1.0000  uncertainty_coeffi: 1.0000  loss: 0.0092  lr: 0.000227  time: 0.5670  data: 0.4069  max mem: 2671
      TTA Epoch: [37] [60/61]  eta: 0:00:00  entropy: 0.0199  uncertainty: 1.0000  uncertainty_coeffi: 1.0000  loss: 0.0199  lr: 0.000218  time: 0.1078  data: 0.0001  max mem: 2671
      TTA Epoch: [37] Total time: 0:00:07 (0.1167 s / it)
     Averaged stats: entropy: 0.0157  uncertainty: 1.0000  uncertainty_coeffi: 1.0000  loss: 0.0157  lr: 0.0002
     itm tta time 0:00:07
      TTA Epoch: [38] [ 0/61]  eta: 0:00:34  entropy: 0.0039  uncertainty: 1.0000  uncertainty_coeffi: 1.0000  loss: 0.0039  lr: 0.000218  time: 0.5734  data: 0.4259  max mem: 2671
      TTA Epoch: [38] [60/61]  eta: 0:00:00  entropy: 0.0234  uncertainty: 1.0000  uncertainty_coeffi: 1.0000  loss: 0.0234  lr: 0.000208  time: 0.1072  data: 0.0001  max mem: 2671
      TTA Epoch: [38] Total time: 0:00:07 (0.1157 s / it)
     Averaged stats: entropy: 0.0154  uncertainty: 1.0000  uncertainty_coeffi: 1.0000  loss: 0.0154  lr: 0.0002
     itm tta time 0:00:07
      TTA Epoch: [39] [ 0/61]  eta: 0:00:36  entropy: 0.0343  uncertainty: 1.0000  uncertainty_coeffi: 1.0000  loss: 0.0343  lr: 0.000208  time: 0.6033  data: 0.4666  max mem: 2671
      TTA Epoch: [39] [60/61]  eta: 0:00:00  entropy: 0.0420  uncertainty: 1.0000  uncertainty_coeffi: 1.0000  loss: 0.0420  lr: 0.000199  time: 0.1068  data: 0.0001  max mem: 2671
      TTA Epoch: [39] Total time: 0:00:07 (0.1160 s / it)
     Averaged stats: entropy: 0.0183  uncertainty: 1.0000  uncertainty_coeffi: 1.0000  loss: 0.0183  lr: 0.0002
     itm tta time 0:00:07
     Computing matching score
      Evaluation: [   0/1978]  eta: 0:04:14    time: 0.1289  data: 0.0028  max mem: 2671
      Evaluation: [ 100/1978]  eta: 0:03:26    time: 0.1121  data: 0.0000  max mem: 2671
      Evaluation: [ 200/1978]  eta: 0:03:18    time: 0.1142  data: 0.0000  max mem: 2671
      Evaluation: [ 300/1978]  eta: 0:03:08    time: 0.1128  data: 0.0000  max mem: 2671
      Evaluation: [ 400/1978]  eta: 0:02:57    time: 0.1127  data: 0.0000  max mem: 2671
      Evaluation: [ 500/1978]  eta: 0:02:40    time: 0.1097  data: 0.0000  max mem: 2671
      Evaluation: [ 600/1978]  eta: 0:02:29    time: 0.1115  data: 0.0000  max mem: 2671
      Evaluation: [ 700/1978]  eta: 0:02:19    time: 0.1121  data: 0.0000  max mem: 2671
      Evaluation: [ 800/1978]  eta: 0:02:09    time: 0.1146  data: 0.0000  max mem: 2671
      Evaluation: [ 900/1978]  eta: 0:01:58    time: 0.1111  data: 0.0000  max mem: 2671
      Evaluation: [1000/1978]  eta: 0:01:47    time: 0.1123  data: 0.0000  max mem: 2671
      Evaluation: [1100/1978]  eta: 0:01:36    time: 0.1128  data: 0.0000  max mem: 2671
      Evaluation: [1200/1978]  eta: 0:01:25    time: 0.1126  data: 0.0000  max mem: 2671
      Evaluation: [1300/1978]  eta: 0:01:14    time: 0.1127  data: 0.0000  max mem: 2671
      Evaluation: [1400/1978]  eta: 0:01:03    time: 0.1127  data: 0.0000  max mem: 2671
      Evaluation: [1500/1978]  eta: 0:00:52    time: 0.1128  data: 0.0000  max mem: 2671
      Evaluation: [1600/1978]  eta: 0:00:41    time: 0.1111  data: 0.0000  max mem: 2671
      Evaluation: [1700/1978]  eta: 0:00:30    time: 0.1133  data: 0.0000  max mem: 2671
      Evaluation: [1800/1978]  eta: 0:00:19    time: 0.1140  data: 0.0000  max mem: 2671
      Evaluation: [1900/1978]  eta: 0:00:08    time: 0.1096  data: 0.0000  max mem: 2671
      Evaluation: [1977/1978]  eta: 0:00:00    time: 0.0942  data: 0.0000  max mem: 2671
      Evaluation: Total time: 0:03:39 (0.1108 s / it)
     Computing matching score time 0:03:40
### TTA ITM Score: 
+-------------------+--------+--------+--------+--------+--------+
|       epoch       |   R1   |   R5   |  R10   |  mAP   |  mINP  |
+-------------------+--------+--------+--------+--------+--------+
|  cos_sim_wo/norm  | 58.544 | 91.860 | 95.703 | 73.596 | 73.596 |
|        -999       | 69.414 | 95.197 | 97.776 | 81.233 | 81.233 |
| itm_score_wo/norm | 84.328 | 98.989 | 99.494 | 91.293 | 91.293 |
|        -999       | 84.277 | 99.039 | 99.596 | 91.276 | 91.276 |
|         0         | 84.631 | 98.938 | 99.545 | 91.415 | 91.415 |
|         1         | 84.580 | 98.837 | 99.494 | 91.318 | 91.318 |
|         2         | 84.479 | 98.686 | 99.292 | 91.214 | 91.214 |
|         4         | 85.086 | 98.686 | 99.393 | 91.546 | 91.546 |
|         9         | 82.609 | 98.534 | 99.090 | 90.166 | 90.166 |
|         14        | 84.732 | 98.534 | 99.191 | 91.278 | 91.278 |
|         19        | 83.873 | 98.382 | 99.090 | 90.721 | 90.721 |
|         29        | 82.204 | 98.079 | 99.090 | 89.744 | 89.744 |
|         39        | 82.558 | 98.079 | 99.039 | 89.903 | 89.903 |
+-------------------+--------+--------+--------+--------+--------+
     logs:  {'epo': 39, 'R1': 82.558, 'R5': 98.079, 'R10': 99.039, 'mAP': 89.903, 'mINP': 89.903, 'entropy': 0.018317, 'uncertainty': 1.0, 'uncertainty_coeffi': 1.0, 'loss': 0.018317, 'lr': 0.000203}
      TTA Epoch: [40] [ 0/61]  eta: 0:00:30  entropy: 0.0013  uncertainty: 1.0000  uncertainty_coeffi: 1.0000  loss: 0.0013  lr: 0.000199  time: 0.5058  data: 0.3968  max mem: 2671
      TTA Epoch: [40] [60/61]  eta: 0:00:00  entropy: 0.0024  uncertainty: 1.0000  uncertainty_coeffi: 1.0000  loss: 0.0024  lr: 0.000189  time: 0.1082  data: 0.0001  max mem: 2671
      TTA Epoch: [40] Total time: 0:00:07 (0.1152 s / it)
     Averaged stats: entropy: 0.0149  uncertainty: 1.0000  uncertainty_coeffi: 1.0000  loss: 0.0149  lr: 0.0002
     itm tta time 0:00:07
      TTA Epoch: [41] [ 0/61]  eta: 0:00:30  entropy: 0.0003  uncertainty: 1.0000  uncertainty_coeffi: 1.0000  loss: 0.0003  lr: 0.000189  time: 0.4987  data: 0.3578  max mem: 2671
      TTA Epoch: [41] [60/61]  eta: 0:00:00  entropy: 0.0001  uncertainty: 1.0000  uncertainty_coeffi: 1.0000  loss: 0.0001  lr: 0.000180  time: 0.1064  data: 0.0001  max mem: 2671
      TTA Epoch: [41] Total time: 0:00:06 (0.1147 s / it)
     Averaged stats: entropy: 0.0133  uncertainty: 1.0000  uncertainty_coeffi: 1.0000  loss: 0.0133  lr: 0.0002
     itm tta time 0:00:07
      TTA Epoch: [42] [ 0/61]  eta: 0:00:31  entropy: 0.0106  uncertainty: 1.0000  uncertainty_coeffi: 1.0000  loss: 0.0106  lr: 0.000180  time: 0.5180  data: 0.3754  max mem: 2671
      TTA Epoch: [42] [60/61]  eta: 0:00:00  entropy: 0.0001  uncertainty: 1.0000  uncertainty_coeffi: 1.0000  loss: 0.0001  lr: 0.000170  time: 0.1079  data: 0.0001  max mem: 2671
      TTA Epoch: [42] Total time: 0:00:07 (0.1155 s / it)
     Averaged stats: entropy: 0.0139  uncertainty: 1.0000  uncertainty_coeffi: 1.0000  loss: 0.0139  lr: 0.0002
     itm tta time 0:00:07
      TTA Epoch: [43] [ 0/61]  eta: 0:00:33  entropy: 0.0004  uncertainty: 1.0000  uncertainty_coeffi: 1.0000  loss: 0.0004  lr: 0.000170  time: 0.5459  data: 0.4092  max mem: 2671
      TTA Epoch: [43] [60/61]  eta: 0:00:00  entropy: 0.0220  uncertainty: 1.0000  uncertainty_coeffi: 1.0000  loss: 0.0220  lr: 0.000161  time: 0.1086  data: 0.0001  max mem: 2671
      TTA Epoch: [43] Total time: 0:00:07 (0.1163 s / it)
     Averaged stats: entropy: 0.0151  uncertainty: 1.0000  uncertainty_coeffi: 1.0000  loss: 0.0151  lr: 0.0002
     itm tta time 0:00:07
      TTA Epoch: [44] [ 0/61]  eta: 0:00:27  entropy: 0.0002  uncertainty: 1.0000  uncertainty_coeffi: 1.0000  loss: 0.0002  lr: 0.000161  time: 0.4530  data: 0.3407  max mem: 2671
      TTA Epoch: [44] [60/61]  eta: 0:00:00  entropy: 0.0422  uncertainty: 1.0000  uncertainty_coeffi: 1.0000  loss: 0.0422  lr: 0.000151  time: 0.1115  data: 0.0001  max mem: 2671
      TTA Epoch: [44] Total time: 0:00:06 (0.1095 s / it)
     Averaged stats: entropy: 0.0145  uncertainty: 1.0000  uncertainty_coeffi: 1.0000  loss: 0.0145  lr: 0.0002
     itm tta time 0:00:06
      TTA Epoch: [45] [ 0/61]  eta: 0:00:28  entropy: 0.0001  uncertainty: 1.0000  uncertainty_coeffi: 1.0000  loss: 0.0001  lr: 0.000151  time: 0.4727  data: 0.3582  max mem: 2671
      TTA Epoch: [45] [60/61]  eta: 0:00:00  entropy: 0.0006  uncertainty: 1.0000  uncertainty_coeffi: 1.0000  loss: 0.0006  lr: 0.000142  time: 0.1093  data: 0.0001  max mem: 2671
      TTA Epoch: [45] Total time: 0:00:07 (0.1159 s / it)
     Averaged stats: entropy: 0.0141  uncertainty: 1.0000  uncertainty_coeffi: 1.0000  loss: 0.0141  lr: 0.0001
     itm tta time 0:00:07
      TTA Epoch: [46] [ 0/61]  eta: 0:00:32  entropy: 0.0000  uncertainty: 1.0000  uncertainty_coeffi: 1.0000  loss: 0.0000  lr: 0.000142  time: 0.5366  data: 0.3958  max mem: 2671
      TTA Epoch: [46] [60/61]  eta: 0:00:00  entropy: 0.0087  uncertainty: 1.0000  uncertainty_coeffi: 1.0000  loss: 0.0087  lr: 0.000132  time: 0.1066  data: 0.0001  max mem: 2671
      TTA Epoch: [46] Total time: 0:00:07 (0.1160 s / it)
     Averaged stats: entropy: 0.0120  uncertainty: 1.0000  uncertainty_coeffi: 1.0000  loss: 0.0120  lr: 0.0001
     itm tta time 0:00:07
      TTA Epoch: [47] [ 0/61]  eta: 0:00:30  entropy: 0.0000  uncertainty: 1.0000  uncertainty_coeffi: 1.0000  loss: 0.0000  lr: 0.000132  time: 0.4998  data: 0.3470  max mem: 2671
      TTA Epoch: [47] [60/61]  eta: 0:00:00  entropy: 0.0213  uncertainty: 1.0000  uncertainty_coeffi: 1.0000  loss: 0.0213  lr: 0.000123  time: 0.1076  data: 0.0001  max mem: 2671
      TTA Epoch: [47] Total time: 0:00:07 (0.1150 s / it)
     Averaged stats: entropy: 0.0115  uncertainty: 1.0000  uncertainty_coeffi: 1.0000  loss: 0.0115  lr: 0.0001
     itm tta time 0:00:07
      TTA Epoch: [48] [ 0/61]  eta: 0:00:25  entropy: 0.0145  uncertainty: 1.0000  uncertainty_coeffi: 1.0000  loss: 0.0145  lr: 0.000123  time: 0.4229  data: 0.3316  max mem: 2671
      TTA Epoch: [48] [60/61]  eta: 0:00:00  entropy: 0.0054  uncertainty: 1.0000  uncertainty_coeffi: 1.0000  loss: 0.0054  lr: 0.000114  time: 0.1083  data: 0.0001  max mem: 2671
      TTA Epoch: [48] Total time: 0:00:06 (0.1142 s / it)
     Averaged stats: entropy: 0.0124  uncertainty: 1.0000  uncertainty_coeffi: 1.0000  loss: 0.0124  lr: 0.0001
     itm tta time 0:00:07
      TTA Epoch: [49] [ 0/61]  eta: 0:00:29  entropy: 0.0037  uncertainty: 1.0000  uncertainty_coeffi: 1.0000  loss: 0.0037  lr: 0.000113  time: 0.4912  data: 0.3871  max mem: 2671
      TTA Epoch: [49] [60/61]  eta: 0:00:00  entropy: 0.0019  uncertainty: 1.0000  uncertainty_coeffi: 1.0000  loss: 0.0019  lr: 0.000104  time: 0.1067  data: 0.0001  max mem: 2671
      TTA Epoch: [49] Total time: 0:00:06 (0.1066 s / it)
     Averaged stats: entropy: 0.0115  uncertainty: 1.0000  uncertainty_coeffi: 1.0000  loss: 0.0115  lr: 0.0001
     itm tta time 0:00:06
     Computing matching score
      Evaluation: [   0/1978]  eta: 0:03:45    time: 0.1142  data: 0.0034  max mem: 2671
      Evaluation: [ 100/1978]  eta: 0:03:30    time: 0.1135  data: 0.0000  max mem: 2671
      Evaluation: [ 200/1978]  eta: 0:03:19    time: 0.1140  data: 0.0000  max mem: 2671
      Evaluation: [ 300/1978]  eta: 0:03:09    time: 0.1127  data: 0.0000  max mem: 2671
      Evaluation: [ 400/1978]  eta: 0:02:56    time: 0.1106  data: 0.0000  max mem: 2671
      Evaluation: [ 500/1978]  eta: 0:02:45    time: 0.1125  data: 0.0000  max mem: 2671
      Evaluation: [ 600/1978]  eta: 0:02:34    time: 0.1128  data: 0.0000  max mem: 2671
      Evaluation: [ 700/1978]  eta: 0:02:23    time: 0.1125  data: 0.0000  max mem: 2671
      Evaluation: [ 800/1978]  eta: 0:02:11    time: 0.1123  data: 0.0000  max mem: 2671
      Evaluation: [ 900/1978]  eta: 0:02:00    time: 0.1100  data: 0.0000  max mem: 2671
      Evaluation: [1000/1978]  eta: 0:01:49    time: 0.1130  data: 0.0000  max mem: 2671
      Evaluation: [1100/1978]  eta: 0:01:38    time: 0.1107  data: 0.0000  max mem: 2671
      Evaluation: [1200/1978]  eta: 0:01:26    time: 0.1135  data: 0.0000  max mem: 2671
      Evaluation: [1300/1978]  eta: 0:01:15    time: 0.1132  data: 0.0000  max mem: 2671
      Evaluation: [1400/1978]  eta: 0:01:04    time: 0.1132  data: 0.0000  max mem: 2671
      Evaluation: [1500/1978]  eta: 0:00:52    time: 0.0915  data: 0.0000  max mem: 2671
      Evaluation: [1600/1978]  eta: 0:00:41    time: 0.0720  data: 0.0000  max mem: 2671
      Evaluation: [1700/1978]  eta: 0:00:29    time: 0.0787  data: 0.0000  max mem: 2671
      Evaluation: [1800/1978]  eta: 0:00:18    time: 0.1139  data: 0.0000  max mem: 2671
      Evaluation: [1900/1978]  eta: 0:00:08    time: 0.1104  data: 0.0000  max mem: 2671
      Evaluation: [1977/1978]  eta: 0:00:00    time: 0.1132  data: 0.0000  max mem: 2671
      Evaluation: Total time: 0:03:30 (0.1063 s / it)
     Computing matching score time 0:03:31
### TTA ITM Score: 
+-------------------+--------+--------+--------+--------+--------+
|       epoch       |   R1   |   R5   |  R10   |  mAP   |  mINP  |
+-------------------+--------+--------+--------+--------+--------+
|  cos_sim_wo/norm  | 58.544 | 91.860 | 95.703 | 73.596 | 73.596 |
|        -999       | 69.414 | 95.197 | 97.776 | 81.233 | 81.233 |
| itm_score_wo/norm | 84.328 | 98.989 | 99.494 | 91.293 | 91.293 |
|        -999       | 84.277 | 99.039 | 99.596 | 91.276 | 91.276 |
|         0         | 84.631 | 98.938 | 99.545 | 91.415 | 91.415 |
|         1         | 84.580 | 98.837 | 99.494 | 91.318 | 91.318 |
|         2         | 84.479 | 98.686 | 99.292 | 91.214 | 91.214 |
|         4         | 85.086 | 98.686 | 99.393 | 91.546 | 91.546 |
|         9         | 82.609 | 98.534 | 99.090 | 90.166 | 90.166 |
|         14        | 84.732 | 98.534 | 99.191 | 91.278 | 91.278 |
|         19        | 83.873 | 98.382 | 99.090 | 90.721 | 90.721 |
|         29        | 82.204 | 98.079 | 99.090 | 89.744 | 89.744 |
|         39        | 82.558 | 98.079 | 99.039 | 89.903 | 89.903 |
|         49        | 83.013 | 98.231 | 98.989 | 90.156 | 90.156 |
+-------------------+--------+--------+--------+--------+--------+
     logs:  {'epo': 49, 'R1': 83.013, 'R5': 98.231, 'R10': 98.989, 'mAP': 90.156, 'mINP': 90.156, 'entropy': 0.011489, 'uncertainty': 1.0, 'uncertainty_coeffi': 1.0, 'loss': 0.011489, 'lr': 0.000109}
      TTA Epoch: [50] [ 0/61]  eta: 0:00:36  entropy: 0.0299  uncertainty: 1.0000  uncertainty_coeffi: 1.0000  loss: 0.0299  lr: 0.000104  time: 0.6047  data: 0.4565  max mem: 2671
      TTA Epoch: [50] [60/61]  eta: 0:00:00  entropy: 0.0000  uncertainty: 1.0000  uncertainty_coeffi: 1.0000  loss: 0.0000  lr: 0.000095  time: 0.1092  data: 0.0001  max mem: 2671
      TTA Epoch: [50] Total time: 0:00:07 (0.1166 s / it)
     Averaged stats: entropy: 0.0126  uncertainty: 1.0000  uncertainty_coeffi: 1.0000  loss: 0.0126  lr: 0.0001
     itm tta time 0:00:07
      TTA Epoch: [51] [ 0/61]  eta: 0:00:33  entropy: 0.0004  uncertainty: 1.0000  uncertainty_coeffi: 1.0000  loss: 0.0004  lr: 0.000094  time: 0.5497  data: 0.4311  max mem: 2671
      TTA Epoch: [51] [60/61]  eta: 0:00:00  entropy: 0.0307  uncertainty: 1.0000  uncertainty_coeffi: 1.0000  loss: 0.0307  lr: 0.000085  time: 0.0865  data: 0.0001  max mem: 2671
      TTA Epoch: [51] Total time: 0:00:06 (0.1089 s / it)
     Averaged stats: entropy: 0.0135  uncertainty: 1.0000  uncertainty_coeffi: 1.0000  loss: 0.0135  lr: 0.0001
     itm tta time 0:00:06
      TTA Epoch: [52] [ 0/61]  eta: 0:00:27  entropy: 0.0019  uncertainty: 1.0000  uncertainty_coeffi: 1.0000  loss: 0.0019  lr: 0.000085  time: 0.4526  data: 0.3774  max mem: 2671
      TTA Epoch: [52] [60/61]  eta: 0:00:00  entropy: 0.0268  uncertainty: 1.0000  uncertainty_coeffi: 1.0000  loss: 0.0268  lr: 0.000076  time: 0.0822  data: 0.0001  max mem: 2671
      TTA Epoch: [52] Total time: 0:00:04 (0.0813 s / it)
     Averaged stats: entropy: 0.0149  uncertainty: 1.0000  uncertainty_coeffi: 1.0000  loss: 0.0149  lr: 0.0001
     itm tta time 0:00:05
      TTA Epoch: [53] [ 0/61]  eta: 0:00:40  entropy: 0.0063  uncertainty: 1.0000  uncertainty_coeffi: 1.0000  loss: 0.0063  lr: 0.000075  time: 0.6713  data: 0.5199  max mem: 2671
      TTA Epoch: [53] [60/61]  eta: 0:00:00  entropy: 0.0013  uncertainty: 1.0000  uncertainty_coeffi: 1.0000  loss: 0.0013  lr: 0.000066  time: 0.1065  data: 0.0001  max mem: 2671
      TTA Epoch: [53] Total time: 0:00:06 (0.1146 s / it)
     Averaged stats: entropy: 0.0118  uncertainty: 1.0000  uncertainty_coeffi: 1.0000  loss: 0.0118  lr: 0.0001
     itm tta time 0:00:07
      TTA Epoch: [54] [ 0/61]  eta: 0:00:35  entropy: 0.0166  uncertainty: 1.0000  uncertainty_coeffi: 1.0000  loss: 0.0166  lr: 0.000066  time: 0.5862  data: 0.4432  max mem: 2671
      TTA Epoch: [54] [60/61]  eta: 0:00:00  entropy: 0.0278  uncertainty: 1.0000  uncertainty_coeffi: 1.0000  loss: 0.0278  lr: 0.000057  time: 0.1060  data: 0.0001  max mem: 2671
      TTA Epoch: [54] Total time: 0:00:07 (0.1153 s / it)
     Averaged stats: entropy: 0.0154  uncertainty: 1.0000  uncertainty_coeffi: 1.0000  loss: 0.0154  lr: 0.0001
     itm tta time 0:00:07
      TTA Epoch: [55] [ 0/61]  eta: 0:00:34  entropy: 0.0216  uncertainty: 1.0000  uncertainty_coeffi: 1.0000  loss: 0.0216  lr: 0.000057  time: 0.5594  data: 0.4145  max mem: 2671
      TTA Epoch: [55] [60/61]  eta: 0:00:00  entropy: 0.0045  uncertainty: 1.0000  uncertainty_coeffi: 1.0000  loss: 0.0045  lr: 0.000047  time: 0.1061  data: 0.0001  max mem: 2671
      TTA Epoch: [55] Total time: 0:00:06 (0.1145 s / it)
     Averaged stats: entropy: 0.0121  uncertainty: 1.0000  uncertainty_coeffi: 1.0000  loss: 0.0121  lr: 0.0001
     itm tta time 0:00:07
      TTA Epoch: [56] [ 0/61]  eta: 0:00:35  entropy: 0.0084  uncertainty: 1.0000  uncertainty_coeffi: 1.0000  loss: 0.0084  lr: 0.000047  time: 0.5890  data: 0.4423  max mem: 2671
      TTA Epoch: [56] [60/61]  eta: 0:00:00  entropy: 0.0150  uncertainty: 1.0000  uncertainty_coeffi: 1.0000  loss: 0.0150  lr: 0.000038  time: 0.1061  data: 0.0001  max mem: 2671
      TTA Epoch: [56] Total time: 0:00:06 (0.1147 s / it)
     Averaged stats: entropy: 0.0130  uncertainty: 1.0000  uncertainty_coeffi: 1.0000  loss: 0.0130  lr: 0.0000
     itm tta time 0:00:07
      TTA Epoch: [57] [ 0/61]  eta: 0:00:31  entropy: 0.0026  uncertainty: 1.0000  uncertainty_coeffi: 1.0000  loss: 0.0026  lr: 0.000038  time: 0.5127  data: 0.3937  max mem: 2671
      TTA Epoch: [57] [60/61]  eta: 0:00:00  entropy: 0.0269  uncertainty: 1.0000  uncertainty_coeffi: 1.0000  loss: 0.0269  lr: 0.000011  time: 0.1077  data: 0.0001  max mem: 2671
      TTA Epoch: [57] Total time: 0:00:06 (0.1145 s / it)
     Averaged stats: entropy: 0.0118  uncertainty: 1.0000  uncertainty_coeffi: 1.0000  loss: 0.0118  lr: 0.0000
     itm tta time 0:00:07
      TTA Epoch: [58] [ 0/61]  eta: 0:00:32  entropy: 0.0001  uncertainty: 1.0000  uncertainty_coeffi: 1.0000  loss: 0.0001  lr: 0.000011  time: 0.5389  data: 0.4299  max mem: 2671
      TTA Epoch: [58] [60/61]  eta: 0:00:00  entropy: 0.0077  uncertainty: 1.0000  uncertainty_coeffi: 1.0000  loss: 0.0077  lr: 0.000008  time: 0.0842  data: 0.0001  max mem: 2671
      TTA Epoch: [58] Total time: 0:00:05 (0.0840 s / it)
     Averaged stats: entropy: 0.0168  uncertainty: 1.0000  uncertainty_coeffi: 1.0000  loss: 0.0168  lr: 0.0000
     itm tta time 0:00:05
      TTA Epoch: [59] [ 0/61]  eta: 0:00:37  entropy: 0.0256  uncertainty: 1.0000  uncertainty_coeffi: 1.0000  loss: 0.0256  lr: 0.000007  time: 0.6131  data: 0.5238  max mem: 2671
      TTA Epoch: [59] [60/61]  eta: 0:00:00  entropy: 0.0034  uncertainty: 1.0000  uncertainty_coeffi: 1.0000  loss: 0.0034  lr: 0.000004  time: 0.1060  data: 0.0001  max mem: 2671
      TTA Epoch: [59] Total time: 0:00:06 (0.1048 s / it)
     Averaged stats: entropy: 0.0143  uncertainty: 1.0000  uncertainty_coeffi: 1.0000  loss: 0.0143  lr: 0.0000
     itm tta time 0:00:06
     Computing matching score
      Evaluation: [   0/1978]  eta: 0:04:19    time: 0.1310  data: 0.0037  max mem: 2671
      Evaluation: [ 100/1978]  eta: 0:03:32    time: 0.1132  data: 0.0000  max mem: 2671
      Evaluation: [ 200/1978]  eta: 0:03:21    time: 0.1135  data: 0.0000  max mem: 2671
      Evaluation: [ 300/1978]  eta: 0:03:09    time: 0.1117  data: 0.0000  max mem: 2671
      Evaluation: [ 400/1978]  eta: 0:02:48    time: 0.0821  data: 0.0000  max mem: 2671
      Evaluation: [ 500/1978]  eta: 0:02:39    time: 0.1131  data: 0.0000  max mem: 2671
      Evaluation: [ 600/1978]  eta: 0:02:29    time: 0.1138  data: 0.0000  max mem: 2671
      Evaluation: [ 700/1978]  eta: 0:02:19    time: 0.1135  data: 0.0000  max mem: 2671
      Evaluation: [ 800/1978]  eta: 0:02:08    time: 0.1128  data: 0.0000  max mem: 2671
      Evaluation: [ 900/1978]  eta: 0:01:58    time: 0.1131  data: 0.0000  max mem: 2671
      Evaluation: [1000/1978]  eta: 0:01:47    time: 0.1128  data: 0.0000  max mem: 2671
      Evaluation: [1100/1978]  eta: 0:01:36    time: 0.1135  data: 0.0000  max mem: 2671
      Evaluation: [1200/1978]  eta: 0:01:24    time: 0.1115  data: 0.0000  max mem: 2671
      Evaluation: [1300/1978]  eta: 0:01:13    time: 0.1128  data: 0.0000  max mem: 2671
      Evaluation: [1400/1978]  eta: 0:01:03    time: 0.1125  data: 0.0000  max mem: 2671
      Evaluation: [1500/1978]  eta: 0:00:52    time: 0.1125  data: 0.0000  max mem: 2671
      Evaluation: [1600/1978]  eta: 0:00:41    time: 0.1113  data: 0.0000  max mem: 2671
      Evaluation: [1700/1978]  eta: 0:00:30    time: 0.1130  data: 0.0000  max mem: 2671
      Evaluation: [1800/1978]  eta: 0:00:19    time: 0.1115  data: 0.0000  max mem: 2671
      Evaluation: [1900/1978]  eta: 0:00:08    time: 0.1128  data: 0.0000  max mem: 2671
      Evaluation: [1977/1978]  eta: 0:00:00    time: 0.1126  data: 0.0000  max mem: 2671
      Evaluation: Total time: 0:03:37 (0.1098 s / it)
     Computing matching score time 0:03:38
### TTA ITM Score: 
+-------------------+--------+--------+--------+--------+--------+
|       epoch       |   R1   |   R5   |  R10   |  mAP   |  mINP  |
+-------------------+--------+--------+--------+--------+--------+
|  cos_sim_wo/norm  | 58.544 | 91.860 | 95.703 | 73.596 | 73.596 |
|        -999       | 69.414 | 95.197 | 97.776 | 81.233 | 81.233 |
| itm_score_wo/norm | 84.328 | 98.989 | 99.494 | 91.293 | 91.293 |
|        -999       | 84.277 | 99.039 | 99.596 | 91.276 | 91.276 |
|         0         | 84.631 | 98.938 | 99.545 | 91.415 | 91.415 |
|         1         | 84.580 | 98.837 | 99.494 | 91.318 | 91.318 |
|         2         | 84.479 | 98.686 | 99.292 | 91.214 | 91.214 |
|         4         | 85.086 | 98.686 | 99.393 | 91.546 | 91.546 |
|         9         | 82.609 | 98.534 | 99.090 | 90.166 | 90.166 |
|         14        | 84.732 | 98.534 | 99.191 | 91.278 | 91.278 |
|         19        | 83.873 | 98.382 | 99.090 | 90.721 | 90.721 |
|         29        | 82.204 | 98.079 | 99.090 | 89.744 | 89.744 |
|         39        | 82.558 | 98.079 | 99.039 | 89.903 | 89.903 |
|         49        | 83.013 | 98.231 | 98.989 | 90.156 | 90.156 |
|         59        | 83.266 | 98.231 | 99.039 | 90.293 | 90.293 |
+-------------------+--------+--------+--------+--------+--------+
     logs:  {'epo': 59, 'R1': 83.266, 'R5': 98.231, 'R10': 99.039, 'mAP': 90.293, 'mINP': 90.293, 'entropy': 0.014306, 'uncertainty': 1.0, 'uncertainty_coeffi': 1.0, 'loss': 0.014306, 'lr': 6e-06}
### best epoch: 4
### Time 0:47:06
NNODES,  1
NODE_RANK,  0
MASTER_ADDR,  127.0.0.1
MASTER_PORT,  1612
NPROC_PER_NODE,  2
task:  exp1.1
config:  configs_rerun3/exp1.1.yaml
output_dir:  output_rerun3/exp1.1/2025091515432
python3 tta.py --config configs_rerun3/exp1.1.yaml --task exp1.1 --output_dir output_rerun3/exp1.1/2025091515432 --checkpoint checkpoint/cmp.pth --bs 0 --epo 0 --lr 0.0 --seed 42 --tta
