/home/jiahao/miniconda3/envs/cmp/lib/python3.10/site-packages/torch/functional.py:554: UserWarning: torch.meshgrid: in an upcoming release, it will be required to pass the indexing argument. (Triggered internally at /pytorch/aten/src/ATen/native/TensorShape.cpp:4322.)
  return _VF.meshgrid(tensors, **kwargs)  # type: ignore[attr-defined]
Not using distributed mode
### Hyper-parameters:
     seed: 42
     device: cuda
     output_dir: output_rerun3/exp2.0.1/2025091923185
     batch_size_tta: 16
     epochs: 60
     lr: 0.0005
### Creating test dataset
from data/PAB/annotation/test/attr.json loading 1978 data
     test dataset -->    be_pose_img: True
     test_dataset: 1978
### Creating test dataloader
### be careful: func create_loader returns a list length of 1
     test_loader: 90
### Creating model
build_vision_encoder: load swin 224 x 224 ====>
missing_keys:  []
unexpected_keys:  ['head.weight', 'head.bias']
build_text_encoder: load bert ====>
missing_keys: ['bert.encoder.layer.10.crossattention.output.LayerNorm.bias', 'bert.encoder.layer.10.crossattention.output.LayerNorm.weight', 'bert.encoder.layer.10.crossattention.output.dense.bias', 'bert.encoder.layer.10.crossattention.output.dense.weight', 'bert.encoder.layer.10.crossattention.self.key.bias', 'bert.encoder.layer.10.crossattention.self.key.weight', 'bert.encoder.layer.10.crossattention.self.query.bias', 'bert.encoder.layer.10.crossattention.self.query.weight', 'bert.encoder.layer.10.crossattention.self.value.bias', 'bert.encoder.layer.10.crossattention.self.value.weight', 'bert.encoder.layer.11.crossattention.output.LayerNorm.bias', 'bert.encoder.layer.11.crossattention.output.LayerNorm.weight', 'bert.encoder.layer.11.crossattention.output.dense.bias', 'bert.encoder.layer.11.crossattention.output.dense.weight', 'bert.encoder.layer.11.crossattention.self.key.bias', 'bert.encoder.layer.11.crossattention.self.key.weight', 'bert.encoder.layer.11.crossattention.self.query.bias', 'bert.encoder.layer.11.crossattention.self.query.weight', 'bert.encoder.layer.11.crossattention.self.value.bias', 'bert.encoder.layer.11.crossattention.self.value.weight', 'bert.encoder.layer.6.crossattention.output.LayerNorm.bias', 'bert.encoder.layer.6.crossattention.output.LayerNorm.weight', 'bert.encoder.layer.6.crossattention.output.dense.bias', 'bert.encoder.layer.6.crossattention.output.dense.weight', 'bert.encoder.layer.6.crossattention.self.key.bias', 'bert.encoder.layer.6.crossattention.self.key.weight', 'bert.encoder.layer.6.crossattention.self.query.bias', 'bert.encoder.layer.6.crossattention.self.query.weight', 'bert.encoder.layer.6.crossattention.self.value.bias', 'bert.encoder.layer.6.crossattention.self.value.weight', 'bert.encoder.layer.7.crossattention.output.LayerNorm.bias', 'bert.encoder.layer.7.crossattention.output.LayerNorm.weight', 'bert.encoder.layer.7.crossattention.output.dense.bias', 'bert.encoder.layer.7.crossattention.output.dense.weight', 'bert.encoder.layer.7.crossattention.self.key.bias', 'bert.encoder.layer.7.crossattention.self.key.weight', 'bert.encoder.layer.7.crossattention.self.query.bias', 'bert.encoder.layer.7.crossattention.self.query.weight', 'bert.encoder.layer.7.crossattention.self.value.bias', 'bert.encoder.layer.7.crossattention.self.value.weight', 'bert.encoder.layer.8.crossattention.output.LayerNorm.bias', 'bert.encoder.layer.8.crossattention.output.LayerNorm.weight', 'bert.encoder.layer.8.crossattention.output.dense.bias', 'bert.encoder.layer.8.crossattention.output.dense.weight', 'bert.encoder.layer.8.crossattention.self.key.bias', 'bert.encoder.layer.8.crossattention.self.key.weight', 'bert.encoder.layer.8.crossattention.self.query.bias', 'bert.encoder.layer.8.crossattention.self.query.weight', 'bert.encoder.layer.8.crossattention.self.value.bias', 'bert.encoder.layer.8.crossattention.self.value.weight', 'bert.encoder.layer.9.crossattention.output.LayerNorm.bias', 'bert.encoder.layer.9.crossattention.output.LayerNorm.weight', 'bert.encoder.layer.9.crossattention.output.dense.bias', 'bert.encoder.layer.9.crossattention.output.dense.weight', 'bert.encoder.layer.9.crossattention.self.key.bias', 'bert.encoder.layer.9.crossattention.self.key.weight', 'bert.encoder.layer.9.crossattention.self.query.bias', 'bert.encoder.layer.9.crossattention.self.query.weight', 'bert.encoder.layer.9.crossattention.self.value.bias', 'bert.encoder.layer.9.crossattention.self.value.weight']
unexpected_keys: ['cls.seq_relationship.bias', 'cls.seq_relationship.weight']
mismatched_keys: []
error_msgs: []
Label Smooth: 0.2
pose_conv
load checkpoint from checkpoint/cmp.pth
missing_keys:  ['uncertainty_temper', 'prompt_learning_embedding']
unexpected_keys:  []
     Total Params Sum:  254264985
### Inference ITC similiarity matrix
### Zero-Shot Score: 
+-------------------+--------+--------+--------+--------+--------+
|       epoch       |   R1   |   R5   |  R10   |  mAP   |  mINP  |
+-------------------+--------+--------+--------+--------+--------+
|  cos_sim_wo/norm  | 58.544 | 91.860 | 95.703 | 73.596 | 73.596 |
|        -999       | 69.414 | 95.197 | 97.776 | 81.233 | 81.233 |
| itm_score_wo/norm | 84.328 | 98.989 | 99.494 | 91.293 | 91.293 |
|        -999       | 84.277 | 99.039 | 99.596 | 91.276 | 91.276 |
+-------------------+--------+--------+--------+--------+--------+
### TTA:
     preprocess_tta_coefficients  start
     sample selection ...
     number of sample after sample_selection: 1257
     uncertainty ...
     preprocess_tta_coefficients  end
### Creating tta dataset
     tta_dataset: 1257
### Creating tta dataloader
### be careful: func create_loader returns a list length of 1
     tta_loader: 78
### Configure adapted weights
     TTA Dropout Modules: 
 [('vision_encoder.pos_drop', Dropout(p=0, inplace=False), True), ('vision_encoder.layers.0.blocks.0.attn.attn_drop', Dropout(p=0.0, inplace=False), True), ('vision_encoder.layers.0.blocks.0.attn.proj_drop', Dropout(p=0, inplace=False), True), ('vision_encoder.layers.0.blocks.0.mlp.drop', Dropout(p=0, inplace=False), True), ('vision_encoder.layers.0.blocks.1.attn.attn_drop', Dropout(p=0.0, inplace=False), True), ('vision_encoder.layers.0.blocks.1.attn.proj_drop', Dropout(p=0, inplace=False), True), ('vision_encoder.layers.0.blocks.1.mlp.drop', Dropout(p=0, inplace=False), True), ('vision_encoder.layers.1.blocks.0.attn.attn_drop', Dropout(p=0.0, inplace=False), True), ('vision_encoder.layers.1.blocks.0.attn.proj_drop', Dropout(p=0, inplace=False), True), ('vision_encoder.layers.1.blocks.0.mlp.drop', Dropout(p=0, inplace=False), True), ('vision_encoder.layers.1.blocks.1.attn.attn_drop', Dropout(p=0.0, inplace=False), True), ('vision_encoder.layers.1.blocks.1.attn.proj_drop', Dropout(p=0, inplace=False), True), ('vision_encoder.layers.1.blocks.1.mlp.drop', Dropout(p=0, inplace=False), True), ('vision_encoder.layers.2.blocks.0.attn.attn_drop', Dropout(p=0.0, inplace=False), True), ('vision_encoder.layers.2.blocks.0.attn.proj_drop', Dropout(p=0, inplace=False), True), ('vision_encoder.layers.2.blocks.0.mlp.drop', Dropout(p=0, inplace=False), True), ('vision_encoder.layers.2.blocks.1.attn.attn_drop', Dropout(p=0.0, inplace=False), True), ('vision_encoder.layers.2.blocks.1.attn.proj_drop', Dropout(p=0, inplace=False), True), ('vision_encoder.layers.2.blocks.1.mlp.drop', Dropout(p=0, inplace=False), True), ('vision_encoder.layers.2.blocks.2.attn.attn_drop', Dropout(p=0.0, inplace=False), True), ('vision_encoder.layers.2.blocks.2.attn.proj_drop', Dropout(p=0, inplace=False), True), ('vision_encoder.layers.2.blocks.2.mlp.drop', Dropout(p=0, inplace=False), True), ('vision_encoder.layers.2.blocks.3.attn.attn_drop', Dropout(p=0.0, inplace=False), True), ('vision_encoder.layers.2.blocks.3.attn.proj_drop', Dropout(p=0, inplace=False), True), ('vision_encoder.layers.2.blocks.3.mlp.drop', Dropout(p=0, inplace=False), True), ('vision_encoder.layers.2.blocks.4.attn.attn_drop', Dropout(p=0.0, inplace=False), True), ('vision_encoder.layers.2.blocks.4.attn.proj_drop', Dropout(p=0, inplace=False), True), ('vision_encoder.layers.2.blocks.4.mlp.drop', Dropout(p=0, inplace=False), True), ('vision_encoder.layers.2.blocks.5.attn.attn_drop', Dropout(p=0.0, inplace=False), True), ('vision_encoder.layers.2.blocks.5.attn.proj_drop', Dropout(p=0, inplace=False), True), ('vision_encoder.layers.2.blocks.5.mlp.drop', Dropout(p=0, inplace=False), True), ('vision_encoder.layers.2.blocks.6.attn.attn_drop', Dropout(p=0.0, inplace=False), True), ('vision_encoder.layers.2.blocks.6.attn.proj_drop', Dropout(p=0, inplace=False), True), ('vision_encoder.layers.2.blocks.6.mlp.drop', Dropout(p=0, inplace=False), True), ('vision_encoder.layers.2.blocks.7.attn.attn_drop', Dropout(p=0.0, inplace=False), True), ('vision_encoder.layers.2.blocks.7.attn.proj_drop', Dropout(p=0, inplace=False), True), ('vision_encoder.layers.2.blocks.7.mlp.drop', Dropout(p=0, inplace=False), True), ('vision_encoder.layers.2.blocks.8.attn.attn_drop', Dropout(p=0.0, inplace=False), True), ('vision_encoder.layers.2.blocks.8.attn.proj_drop', Dropout(p=0, inplace=False), True), ('vision_encoder.layers.2.blocks.8.mlp.drop', Dropout(p=0, inplace=False), True), ('vision_encoder.layers.2.blocks.9.attn.attn_drop', Dropout(p=0.0, inplace=False), True), ('vision_encoder.layers.2.blocks.9.attn.proj_drop', Dropout(p=0, inplace=False), True), ('vision_encoder.layers.2.blocks.9.mlp.drop', Dropout(p=0, inplace=False), True), ('vision_encoder.layers.2.blocks.10.attn.attn_drop', Dropout(p=0.0, inplace=False), True), ('vision_encoder.layers.2.blocks.10.attn.proj_drop', Dropout(p=0, inplace=False), True), ('vision_encoder.layers.2.blocks.10.mlp.drop', Dropout(p=0, inplace=False), True), ('vision_encoder.layers.2.blocks.11.attn.attn_drop', Dropout(p=0.0, inplace=False), True), ('vision_encoder.layers.2.blocks.11.attn.proj_drop', Dropout(p=0, inplace=False), True), ('vision_encoder.layers.2.blocks.11.mlp.drop', Dropout(p=0, inplace=False), True), ('vision_encoder.layers.2.blocks.12.attn.attn_drop', Dropout(p=0.0, inplace=False), True), ('vision_encoder.layers.2.blocks.12.attn.proj_drop', Dropout(p=0, inplace=False), True), ('vision_encoder.layers.2.blocks.12.mlp.drop', Dropout(p=0, inplace=False), True), ('vision_encoder.layers.2.blocks.13.attn.attn_drop', Dropout(p=0.0, inplace=False), True), ('vision_encoder.layers.2.blocks.13.attn.proj_drop', Dropout(p=0, inplace=False), True), ('vision_encoder.layers.2.blocks.13.mlp.drop', Dropout(p=0, inplace=False), True), ('vision_encoder.layers.2.blocks.14.attn.attn_drop', Dropout(p=0.0, inplace=False), True), ('vision_encoder.layers.2.blocks.14.attn.proj_drop', Dropout(p=0, inplace=False), True), ('vision_encoder.layers.2.blocks.14.mlp.drop', Dropout(p=0, inplace=False), True), ('vision_encoder.layers.2.blocks.15.attn.attn_drop', Dropout(p=0.0, inplace=False), True), ('vision_encoder.layers.2.blocks.15.attn.proj_drop', Dropout(p=0, inplace=False), True), ('vision_encoder.layers.2.blocks.15.mlp.drop', Dropout(p=0, inplace=False), True), ('vision_encoder.layers.2.blocks.16.attn.attn_drop', Dropout(p=0.0, inplace=False), True), ('vision_encoder.layers.2.blocks.16.attn.proj_drop', Dropout(p=0, inplace=False), True), ('vision_encoder.layers.2.blocks.16.mlp.drop', Dropout(p=0, inplace=False), True), ('vision_encoder.layers.2.blocks.17.attn.attn_drop', Dropout(p=0.0, inplace=False), True), ('vision_encoder.layers.2.blocks.17.attn.proj_drop', Dropout(p=0, inplace=False), True), ('vision_encoder.layers.2.blocks.17.mlp.drop', Dropout(p=0, inplace=False), True), ('vision_encoder.layers.3.blocks.0.attn.attn_drop', Dropout(p=0.0, inplace=False), True), ('vision_encoder.layers.3.blocks.0.attn.proj_drop', Dropout(p=0, inplace=False), True), ('vision_encoder.layers.3.blocks.0.mlp.drop', Dropout(p=0, inplace=False), True), ('vision_encoder.layers.3.blocks.1.attn.attn_drop', Dropout(p=0.0, inplace=False), True), ('vision_encoder.layers.3.blocks.1.attn.proj_drop', Dropout(p=0, inplace=False), True), ('vision_encoder.layers.3.blocks.1.mlp.drop', Dropout(p=0, inplace=False), True), ('text_encoder.bert.embeddings.dropout', Dropout(p=0.1, inplace=False), True), ('text_encoder.bert.encoder.layer.0.attention.self.dropout', Dropout(p=0.1, inplace=False), True), ('text_encoder.bert.encoder.layer.0.attention.output.dropout', Dropout(p=0.1, inplace=False), True), ('text_encoder.bert.encoder.layer.0.output.dropout', Dropout(p=0.1, inplace=False), True), ('text_encoder.bert.encoder.layer.1.attention.self.dropout', Dropout(p=0.1, inplace=False), True), ('text_encoder.bert.encoder.layer.1.attention.output.dropout', Dropout(p=0.1, inplace=False), True), ('text_encoder.bert.encoder.layer.1.output.dropout', Dropout(p=0.1, inplace=False), True), ('text_encoder.bert.encoder.layer.2.attention.self.dropout', Dropout(p=0.1, inplace=False), True), ('text_encoder.bert.encoder.layer.2.attention.output.dropout', Dropout(p=0.1, inplace=False), True), ('text_encoder.bert.encoder.layer.2.output.dropout', Dropout(p=0.1, inplace=False), True), ('text_encoder.bert.encoder.layer.3.attention.self.dropout', Dropout(p=0.1, inplace=False), True), ('text_encoder.bert.encoder.layer.3.attention.output.dropout', Dropout(p=0.1, inplace=False), True), ('text_encoder.bert.encoder.layer.3.output.dropout', Dropout(p=0.1, inplace=False), True), ('text_encoder.bert.encoder.layer.4.attention.self.dropout', Dropout(p=0.1, inplace=False), True), ('text_encoder.bert.encoder.layer.4.attention.output.dropout', Dropout(p=0.1, inplace=False), True), ('text_encoder.bert.encoder.layer.4.output.dropout', Dropout(p=0.1, inplace=False), True), ('text_encoder.bert.encoder.layer.5.attention.self.dropout', Dropout(p=0.1, inplace=False), True), ('text_encoder.bert.encoder.layer.5.attention.output.dropout', Dropout(p=0.1, inplace=False), True), ('text_encoder.bert.encoder.layer.5.output.dropout', Dropout(p=0.1, inplace=False), True), ('text_encoder.bert.encoder.layer.6.attention.self.dropout', Dropout(p=0.1, inplace=False), True), ('text_encoder.bert.encoder.layer.6.attention.output.dropout', Dropout(p=0.1, inplace=False), True), ('text_encoder.bert.encoder.layer.6.crossattention.self.dropout', Dropout(p=0.1, inplace=False), True), ('text_encoder.bert.encoder.layer.6.crossattention.output.dropout', Dropout(p=0.1, inplace=False), True), ('text_encoder.bert.encoder.layer.6.output.dropout', Dropout(p=0.1, inplace=False), True), ('text_encoder.bert.encoder.layer.7.attention.self.dropout', Dropout(p=0.1, inplace=False), True), ('text_encoder.bert.encoder.layer.7.attention.output.dropout', Dropout(p=0.1, inplace=False), True), ('text_encoder.bert.encoder.layer.7.crossattention.self.dropout', Dropout(p=0.1, inplace=False), True), ('text_encoder.bert.encoder.layer.7.crossattention.output.dropout', Dropout(p=0.1, inplace=False), True), ('text_encoder.bert.encoder.layer.7.output.dropout', Dropout(p=0.1, inplace=False), True), ('text_encoder.bert.encoder.layer.8.attention.self.dropout', Dropout(p=0.1, inplace=False), True), ('text_encoder.bert.encoder.layer.8.attention.output.dropout', Dropout(p=0.1, inplace=False), True), ('text_encoder.bert.encoder.layer.8.crossattention.self.dropout', Dropout(p=0.1, inplace=False), True), ('text_encoder.bert.encoder.layer.8.crossattention.output.dropout', Dropout(p=0.1, inplace=False), True), ('text_encoder.bert.encoder.layer.8.output.dropout', Dropout(p=0.1, inplace=False), True), ('text_encoder.bert.encoder.layer.9.attention.self.dropout', Dropout(p=0.1, inplace=False), True), ('text_encoder.bert.encoder.layer.9.attention.output.dropout', Dropout(p=0.1, inplace=False), True), ('text_encoder.bert.encoder.layer.9.crossattention.self.dropout', Dropout(p=0.1, inplace=False), True), ('text_encoder.bert.encoder.layer.9.crossattention.output.dropout', Dropout(p=0.1, inplace=False), True), ('text_encoder.bert.encoder.layer.9.output.dropout', Dropout(p=0.1, inplace=False), True), ('text_encoder.bert.encoder.layer.10.attention.self.dropout', Dropout(p=0.1, inplace=False), True), ('text_encoder.bert.encoder.layer.10.attention.output.dropout', Dropout(p=0.1, inplace=False), True), ('text_encoder.bert.encoder.layer.10.crossattention.self.dropout', Dropout(p=0.1, inplace=False), True), ('text_encoder.bert.encoder.layer.10.crossattention.output.dropout', Dropout(p=0.1, inplace=False), True), ('text_encoder.bert.encoder.layer.10.output.dropout', Dropout(p=0.1, inplace=False), True), ('text_encoder.bert.encoder.layer.11.attention.self.dropout', Dropout(p=0.1, inplace=False), True), ('text_encoder.bert.encoder.layer.11.attention.output.dropout', Dropout(p=0.1, inplace=False), True), ('text_encoder.bert.encoder.layer.11.crossattention.self.dropout', Dropout(p=0.1, inplace=False), True), ('text_encoder.bert.encoder.layer.11.crossattention.output.dropout', Dropout(p=0.1, inplace=False), True), ('text_encoder.bert.encoder.layer.11.output.dropout', Dropout(p=0.1, inplace=False), True), ('vision_proj.1', Dropout(p=0.5, inplace=False), True), ('text_proj.1', Dropout(p=0.5, inplace=False), True), ('pose_block.attn.attn_drop', Dropout(p=0.0, inplace=False), True), ('pose_block.attn.proj_drop', Dropout(p=0.0, inplace=False), True)]
     TTA Require Gradient Params: 
 [('text_encoder.bert.embeddings.LayerNorm.weight', torch.Size([768])), ('text_encoder.bert.embeddings.LayerNorm.bias', torch.Size([768])), ('text_encoder.bert.encoder.layer.6.attention.output.LayerNorm.weight', torch.Size([768])), ('text_encoder.bert.encoder.layer.6.attention.output.LayerNorm.bias', torch.Size([768])), ('text_encoder.bert.encoder.layer.6.crossattention.output.LayerNorm.weight', torch.Size([768])), ('text_encoder.bert.encoder.layer.6.crossattention.output.LayerNorm.bias', torch.Size([768])), ('text_encoder.bert.encoder.layer.6.output.LayerNorm.weight', torch.Size([768])), ('text_encoder.bert.encoder.layer.6.output.LayerNorm.bias', torch.Size([768])), ('text_encoder.bert.encoder.layer.7.attention.output.LayerNorm.weight', torch.Size([768])), ('text_encoder.bert.encoder.layer.7.attention.output.LayerNorm.bias', torch.Size([768])), ('text_encoder.bert.encoder.layer.7.crossattention.output.LayerNorm.weight', torch.Size([768])), ('text_encoder.bert.encoder.layer.7.crossattention.output.LayerNorm.bias', torch.Size([768])), ('text_encoder.bert.encoder.layer.7.output.LayerNorm.weight', torch.Size([768])), ('text_encoder.bert.encoder.layer.7.output.LayerNorm.bias', torch.Size([768])), ('text_encoder.bert.encoder.layer.8.attention.output.LayerNorm.weight', torch.Size([768])), ('text_encoder.bert.encoder.layer.8.attention.output.LayerNorm.bias', torch.Size([768])), ('text_encoder.bert.encoder.layer.8.crossattention.output.LayerNorm.weight', torch.Size([768])), ('text_encoder.bert.encoder.layer.8.crossattention.output.LayerNorm.bias', torch.Size([768])), ('text_encoder.bert.encoder.layer.8.output.LayerNorm.weight', torch.Size([768])), ('text_encoder.bert.encoder.layer.8.output.LayerNorm.bias', torch.Size([768])), ('text_encoder.bert.encoder.layer.9.attention.output.LayerNorm.weight', torch.Size([768])), ('text_encoder.bert.encoder.layer.9.attention.output.LayerNorm.bias', torch.Size([768])), ('text_encoder.bert.encoder.layer.9.crossattention.output.LayerNorm.weight', torch.Size([768])), ('text_encoder.bert.encoder.layer.9.crossattention.output.LayerNorm.bias', torch.Size([768])), ('text_encoder.bert.encoder.layer.9.output.LayerNorm.weight', torch.Size([768])), ('text_encoder.bert.encoder.layer.9.output.LayerNorm.bias', torch.Size([768])), ('text_encoder.bert.encoder.layer.10.attention.output.LayerNorm.weight', torch.Size([768])), ('text_encoder.bert.encoder.layer.10.attention.output.LayerNorm.bias', torch.Size([768])), ('text_encoder.bert.encoder.layer.10.crossattention.output.LayerNorm.weight', torch.Size([768])), ('text_encoder.bert.encoder.layer.10.crossattention.output.LayerNorm.bias', torch.Size([768])), ('text_encoder.bert.encoder.layer.10.output.LayerNorm.weight', torch.Size([768])), ('text_encoder.bert.encoder.layer.10.output.LayerNorm.bias', torch.Size([768])), ('text_encoder.bert.encoder.layer.11.attention.output.LayerNorm.weight', torch.Size([768])), ('text_encoder.bert.encoder.layer.11.attention.output.LayerNorm.bias', torch.Size([768])), ('text_encoder.bert.encoder.layer.11.crossattention.output.LayerNorm.weight', torch.Size([768])), ('text_encoder.bert.encoder.layer.11.crossattention.output.LayerNorm.bias', torch.Size([768])), ('text_encoder.bert.encoder.layer.11.output.LayerNorm.weight', torch.Size([768])), ('text_encoder.bert.encoder.layer.11.output.LayerNorm.bias', torch.Size([768])), ('text_encoder.cls.predictions.transform.LayerNorm.weight', torch.Size([768])), ('text_encoder.cls.predictions.transform.LayerNorm.bias', torch.Size([768])), ('itm_head.1.weight', torch.Size([1536])), ('itm_head.1.bias', torch.Size([1536]))]
     TTA Dropout Modules Number: 
 126
     TTA Require Gradient Params Sum: 
 33792
     lr:  0.0005    lr_mult:  2
     model has 'init_params',  386
     num_tta_steps:  4740
     num_warmup_steps:  500
     sched: step
/home/jiahao/task/CMP/tta.py:246: FutureWarning: `torch.cuda.amp.GradScaler(args...)` is deprecated. Please use `torch.amp.GradScaler('cuda', args...)` instead.
  scaler = GradScaler()  # bf16
### Start ITM Test Time Adaptation
      TTA Epoch: [0] [ 0/78]  eta: 0:00:43  entropy: 0.3108  uncertainty: 1.0000  uncertainty_coeffi: 1.0000  loss: 0.3108  lr: 0.000001  time: 0.5588  data: 0.2285  max mem: 2639
      TTA Epoch: [0] [77/78]  eta: 0:00:00  entropy: 0.2002  uncertainty: 1.0000  uncertainty_coeffi: 1.0000  loss: 0.2002  lr: 0.000078  time: 0.0587  data: 0.0000  max mem: 2671
      TTA Epoch: [0] Total time: 0:00:05 (0.0652 s / it)
     Averaged stats: entropy: 0.3134  uncertainty: 1.0000  uncertainty_coeffi: 1.0000  loss: 0.3134  lr: 0.0000
     itm tta time 0:00:05
     Computing matching score
      Evaluation: [   0/1978]  eta: 0:03:18    time: 0.1004  data: 0.0018  max mem: 2671
      Evaluation: [ 100/1978]  eta: 0:02:06    time: 0.0671  data: 0.0000  max mem: 2671
      Evaluation: [ 200/1978]  eta: 0:01:59    time: 0.0672  data: 0.0000  max mem: 2671
      Evaluation: [ 300/1978]  eta: 0:01:52    time: 0.0673  data: 0.0000  max mem: 2671
      Evaluation: [ 400/1978]  eta: 0:01:46    time: 0.0673  data: 0.0000  max mem: 2671
      Evaluation: [ 500/1978]  eta: 0:01:39    time: 0.0673  data: 0.0000  max mem: 2671
      Evaluation: [ 600/1978]  eta: 0:01:32    time: 0.0672  data: 0.0000  max mem: 2671
      Evaluation: [ 700/1978]  eta: 0:01:26    time: 0.0674  data: 0.0000  max mem: 2671
      Evaluation: [ 800/1978]  eta: 0:01:19    time: 0.0675  data: 0.0000  max mem: 2671
      Evaluation: [ 900/1978]  eta: 0:01:12    time: 0.0674  data: 0.0000  max mem: 2671
      Evaluation: [1000/1978]  eta: 0:01:05    time: 0.0673  data: 0.0000  max mem: 2671
      Evaluation: [1100/1978]  eta: 0:00:59    time: 0.0673  data: 0.0000  max mem: 2671
      Evaluation: [1200/1978]  eta: 0:00:52    time: 0.0675  data: 0.0000  max mem: 2671
      Evaluation: [1300/1978]  eta: 0:00:45    time: 0.0674  data: 0.0000  max mem: 2671
      Evaluation: [1400/1978]  eta: 0:00:38    time: 0.0674  data: 0.0000  max mem: 2671
      Evaluation: [1500/1978]  eta: 0:00:32    time: 0.0674  data: 0.0000  max mem: 2671
      Evaluation: [1600/1978]  eta: 0:00:25    time: 0.0675  data: 0.0000  max mem: 2671
      Evaluation: [1700/1978]  eta: 0:00:18    time: 0.0675  data: 0.0000  max mem: 2671
      Evaluation: [1800/1978]  eta: 0:00:11    time: 0.0675  data: 0.0000  max mem: 2671
      Evaluation: [1900/1978]  eta: 0:00:05    time: 0.0675  data: 0.0000  max mem: 2671
      Evaluation: [1977/1978]  eta: 0:00:00    time: 0.0674  data: 0.0000  max mem: 2671
      Evaluation: Total time: 0:02:13 (0.0674 s / it)
     Computing matching score time 0:02:13
### TTA ITM Score: 
+-------------------+--------+--------+--------+--------+--------+
|       epoch       |   R1   |   R5   |  R10   |  mAP   |  mINP  |
+-------------------+--------+--------+--------+--------+--------+
|  cos_sim_wo/norm  | 58.544 | 91.860 | 95.703 | 73.596 | 73.596 |
|        -999       | 69.414 | 95.197 | 97.776 | 81.233 | 81.233 |
| itm_score_wo/norm | 84.328 | 98.989 | 99.494 | 91.293 | 91.293 |
|        -999       | 84.277 | 99.039 | 99.596 | 91.276 | 91.276 |
|         0         | 84.681 | 98.989 | 99.596 | 91.447 | 91.447 |
+-------------------+--------+--------+--------+--------+--------+
     logs:  {'epo': 0, 'R1': np.float32(84.681), 'R5': np.float32(98.989), 'R10': np.float32(99.596), 'mAP': np.float32(91.447), 'mINP': np.float32(91.447), 'entropy': 0.313423, 'uncertainty': 1.0, 'uncertainty_coeffi': 1.0, 'loss': 0.313423, 'lr': 4e-05}
      TTA Epoch: [1] [ 0/78]  eta: 0:00:21  entropy: 0.3131  uncertainty: 1.0000  uncertainty_coeffi: 1.0000  loss: 0.3131  lr: 0.000079  time: 0.2706  data: 0.2091  max mem: 2671
      TTA Epoch: [1] [77/78]  eta: 0:00:00  entropy: 0.2036  uncertainty: 1.0000  uncertainty_coeffi: 1.0000  loss: 0.2036  lr: 0.000156  time: 0.0598  data: 0.0000  max mem: 2671
      TTA Epoch: [1] Total time: 0:00:04 (0.0626 s / it)
     Averaged stats: entropy: 0.2586  uncertainty: 1.0000  uncertainty_coeffi: 1.0000  loss: 0.2586  lr: 0.0001
     itm tta time 0:00:04
     Computing matching score
      Evaluation: [   0/1978]  eta: 0:02:03    time: 0.0622  data: 0.0008  max mem: 2671
      Evaluation: [ 100/1978]  eta: 0:02:06    time: 0.0676  data: 0.0000  max mem: 2671
      Evaluation: [ 200/1978]  eta: 0:01:59    time: 0.0674  data: 0.0000  max mem: 2671
      Evaluation: [ 300/1978]  eta: 0:01:53    time: 0.0675  data: 0.0000  max mem: 2671
      Evaluation: [ 400/1978]  eta: 0:01:46    time: 0.0675  data: 0.0000  max mem: 2671
      Evaluation: [ 500/1978]  eta: 0:01:39    time: 0.0676  data: 0.0000  max mem: 2671
      Evaluation: [ 600/1978]  eta: 0:01:32    time: 0.0675  data: 0.0000  max mem: 2671
      Evaluation: [ 700/1978]  eta: 0:01:26    time: 0.0675  data: 0.0000  max mem: 2671
      Evaluation: [ 800/1978]  eta: 0:01:19    time: 0.0675  data: 0.0000  max mem: 2671
      Evaluation: [ 900/1978]  eta: 0:01:12    time: 0.0676  data: 0.0000  max mem: 2671
      Evaluation: [1000/1978]  eta: 0:01:06    time: 0.0676  data: 0.0000  max mem: 2671
      Evaluation: [1100/1978]  eta: 0:00:59    time: 0.0674  data: 0.0000  max mem: 2671
      Evaluation: [1200/1978]  eta: 0:00:52    time: 0.0675  data: 0.0000  max mem: 2671
      Evaluation: [1300/1978]  eta: 0:00:45    time: 0.0676  data: 0.0000  max mem: 2671
      Evaluation: [1400/1978]  eta: 0:00:39    time: 0.0674  data: 0.0000  max mem: 2671
      Evaluation: [1500/1978]  eta: 0:00:32    time: 0.0675  data: 0.0000  max mem: 2671
      Evaluation: [1600/1978]  eta: 0:00:25    time: 0.0675  data: 0.0000  max mem: 2671
      Evaluation: [1700/1978]  eta: 0:00:18    time: 0.0676  data: 0.0000  max mem: 2671
      Evaluation: [1800/1978]  eta: 0:00:12    time: 0.0677  data: 0.0000  max mem: 2671
      Evaluation: [1900/1978]  eta: 0:00:05    time: 0.0675  data: 0.0000  max mem: 2671
      Evaluation: [1977/1978]  eta: 0:00:00    time: 0.0676  data: 0.0000  max mem: 2671
      Evaluation: Total time: 0:02:13 (0.0675 s / it)
     Computing matching score time 0:02:13
### TTA ITM Score: 
+-------------------+--------+--------+--------+--------+--------+
|       epoch       |   R1   |   R5   |  R10   |  mAP   |  mINP  |
+-------------------+--------+--------+--------+--------+--------+
|  cos_sim_wo/norm  | 58.544 | 91.860 | 95.703 | 73.596 | 73.596 |
|        -999       | 69.414 | 95.197 | 97.776 | 81.233 | 81.233 |
| itm_score_wo/norm | 84.328 | 98.989 | 99.494 | 91.293 | 91.293 |
|        -999       | 84.277 | 99.039 | 99.596 | 91.276 | 91.276 |
|         0         | 84.681 | 98.989 | 99.596 | 91.447 | 91.447 |
|         1         | 84.580 | 98.837 | 99.494 | 91.327 | 91.327 |
+-------------------+--------+--------+--------+--------+--------+
     logs:  {'epo': 1, 'R1': np.float32(84.58), 'R5': np.float32(98.837), 'R10': np.float32(99.494), 'mAP': np.float32(91.327), 'mINP': np.float32(91.327), 'entropy': 0.258587, 'uncertainty': 1.0, 'uncertainty_coeffi': 1.0, 'loss': 0.258587, 'lr': 0.000118}
      TTA Epoch: [2] [ 0/78]  eta: 0:00:20  entropy: 0.3532  uncertainty: 1.0000  uncertainty_coeffi: 1.0000  loss: 0.3532  lr: 0.000157  time: 0.2614  data: 0.1997  max mem: 2671
      TTA Epoch: [2] [77/78]  eta: 0:00:00  entropy: 0.4302  uncertainty: 1.0000  uncertainty_coeffi: 1.0000  loss: 0.4302  lr: 0.000234  time: 0.0597  data: 0.0000  max mem: 2671
      TTA Epoch: [2] Total time: 0:00:04 (0.0625 s / it)
     Averaged stats: entropy: 0.1980  uncertainty: 1.0000  uncertainty_coeffi: 1.0000  loss: 0.1980  lr: 0.0002
     itm tta time 0:00:04
     Computing matching score
      Evaluation: [   0/1978]  eta: 0:02:04    time: 0.0627  data: 0.0008  max mem: 2671
      Evaluation: [ 100/1978]  eta: 0:02:06    time: 0.0675  data: 0.0000  max mem: 2671
      Evaluation: [ 200/1978]  eta: 0:02:00    time: 0.0675  data: 0.0000  max mem: 2671
      Evaluation: [ 300/1978]  eta: 0:01:53    time: 0.0675  data: 0.0000  max mem: 2671
      Evaluation: [ 400/1978]  eta: 0:01:46    time: 0.0675  data: 0.0000  max mem: 2671
      Evaluation: [ 500/1978]  eta: 0:01:39    time: 0.0677  data: 0.0000  max mem: 2671
      Evaluation: [ 600/1978]  eta: 0:01:33    time: 0.0675  data: 0.0000  max mem: 2671
      Evaluation: [ 700/1978]  eta: 0:01:26    time: 0.0677  data: 0.0000  max mem: 2671
      Evaluation: [ 800/1978]  eta: 0:01:19    time: 0.0677  data: 0.0000  max mem: 2671
      Evaluation: [ 900/1978]  eta: 0:01:12    time: 0.0676  data: 0.0000  max mem: 2671
      Evaluation: [1000/1978]  eta: 0:01:06    time: 0.0676  data: 0.0000  max mem: 2671
      Evaluation: [1100/1978]  eta: 0:00:59    time: 0.0674  data: 0.0000  max mem: 2671
      Evaluation: [1200/1978]  eta: 0:00:52    time: 0.0675  data: 0.0000  max mem: 2671
      Evaluation: [1300/1978]  eta: 0:00:45    time: 0.0710  data: 0.0000  max mem: 2671
      Evaluation: [1400/1978]  eta: 0:00:39    time: 0.0715  data: 0.0000  max mem: 2671
      Evaluation: [1500/1978]  eta: 0:00:32    time: 0.0675  data: 0.0000  max mem: 2671
      Evaluation: [1600/1978]  eta: 0:00:25    time: 0.0680  data: 0.0000  max mem: 2671
      Evaluation: [1700/1978]  eta: 0:00:18    time: 0.0709  data: 0.0000  max mem: 2671
      Evaluation: [1800/1978]  eta: 0:00:12    time: 0.0676  data: 0.0000  max mem: 2671
      Evaluation: [1900/1978]  eta: 0:00:05    time: 0.0677  data: 0.0000  max mem: 2671
      Evaluation: [1977/1978]  eta: 0:00:00    time: 0.0675  data: 0.0000  max mem: 2671
      Evaluation: Total time: 0:02:14 (0.0678 s / it)
     Computing matching score time 0:02:14
### TTA ITM Score: 
+-------------------+--------+--------+--------+--------+--------+
|       epoch       |   R1   |   R5   |  R10   |  mAP   |  mINP  |
+-------------------+--------+--------+--------+--------+--------+
|  cos_sim_wo/norm  | 58.544 | 91.860 | 95.703 | 73.596 | 73.596 |
|        -999       | 69.414 | 95.197 | 97.776 | 81.233 | 81.233 |
| itm_score_wo/norm | 84.328 | 98.989 | 99.494 | 91.293 | 91.293 |
|        -999       | 84.277 | 99.039 | 99.596 | 91.276 | 91.276 |
|         0         | 84.681 | 98.989 | 99.596 | 91.447 | 91.447 |
|         1         | 84.580 | 98.837 | 99.494 | 91.327 | 91.327 |
|         2         | 84.783 | 98.787 | 99.444 | 91.400 | 91.400 |
+-------------------+--------+--------+--------+--------+--------+
     logs:  {'epo': 2, 'R1': np.float32(84.783), 'R5': np.float32(98.787), 'R10': np.float32(99.444), 'mAP': np.float32(91.4), 'mINP': np.float32(91.4), 'entropy': 0.198001, 'uncertainty': 1.0, 'uncertainty_coeffi': 1.0, 'loss': 0.198001, 'lr': 0.000195}
      TTA Epoch: [3] [ 0/78]  eta: 0:00:20  entropy: 0.2792  uncertainty: 1.0000  uncertainty_coeffi: 1.0000  loss: 0.2792  lr: 0.000235  time: 0.2643  data: 0.2027  max mem: 2671
      TTA Epoch: [3] [77/78]  eta: 0:00:00  entropy: 0.1072  uncertainty: 1.0000  uncertainty_coeffi: 1.0000  loss: 0.1072  lr: 0.000312  time: 0.0596  data: 0.0000  max mem: 2671
      TTA Epoch: [3] Total time: 0:00:04 (0.0625 s / it)
     Averaged stats: entropy: 0.1607  uncertainty: 1.0000  uncertainty_coeffi: 1.0000  loss: 0.1607  lr: 0.0003
     itm tta time 0:00:04
      TTA Epoch: [4] [ 0/78]  eta: 0:00:19  entropy: 0.1287  uncertainty: 1.0000  uncertainty_coeffi: 1.0000  loss: 0.1287  lr: 0.000313  time: 0.2472  data: 0.1882  max mem: 2671
      TTA Epoch: [4] [77/78]  eta: 0:00:00  entropy: 0.1465  uncertainty: 1.0000  uncertainty_coeffi: 1.0000  loss: 0.1465  lr: 0.000390  time: 0.0597  data: 0.0000  max mem: 2671
      TTA Epoch: [4] Total time: 0:00:04 (0.0623 s / it)
     Averaged stats: entropy: 0.1217  uncertainty: 1.0000  uncertainty_coeffi: 1.0000  loss: 0.1217  lr: 0.0004
     itm tta time 0:00:04
     Computing matching score
      Evaluation: [   0/1978]  eta: 0:02:06    time: 0.0641  data: 0.0008  max mem: 2671
      Evaluation: [ 100/1978]  eta: 0:02:06    time: 0.0673  data: 0.0000  max mem: 2671
      Evaluation: [ 200/1978]  eta: 0:01:59    time: 0.0673  data: 0.0000  max mem: 2671
      Evaluation: [ 300/1978]  eta: 0:01:53    time: 0.0683  data: 0.0000  max mem: 2671
      Evaluation: [ 400/1978]  eta: 0:01:46    time: 0.0673  data: 0.0000  max mem: 2671
      Evaluation: [ 500/1978]  eta: 0:01:40    time: 0.0674  data: 0.0000  max mem: 2671
      Evaluation: [ 600/1978]  eta: 0:01:33    time: 0.0674  data: 0.0000  max mem: 2671
      Evaluation: [ 700/1978]  eta: 0:01:26    time: 0.0674  data: 0.0000  max mem: 2671
      Evaluation: [ 800/1978]  eta: 0:01:19    time: 0.0674  data: 0.0000  max mem: 2671
      Evaluation: [ 900/1978]  eta: 0:01:12    time: 0.0674  data: 0.0000  max mem: 2671
      Evaluation: [1000/1978]  eta: 0:01:06    time: 0.0675  data: 0.0000  max mem: 2671
      Evaluation: [1100/1978]  eta: 0:00:59    time: 0.0674  data: 0.0000  max mem: 2671
      Evaluation: [1200/1978]  eta: 0:00:52    time: 0.0674  data: 0.0000  max mem: 2671
      Evaluation: [1300/1978]  eta: 0:00:45    time: 0.0674  data: 0.0000  max mem: 2671
      Evaluation: [1400/1978]  eta: 0:00:39    time: 0.0675  data: 0.0000  max mem: 2671
      Evaluation: [1500/1978]  eta: 0:00:32    time: 0.0676  data: 0.0000  max mem: 2671
      Evaluation: [1600/1978]  eta: 0:00:25    time: 0.0675  data: 0.0000  max mem: 2671
      Evaluation: [1700/1978]  eta: 0:00:18    time: 0.0675  data: 0.0000  max mem: 2671
      Evaluation: [1800/1978]  eta: 0:00:12    time: 0.0676  data: 0.0000  max mem: 2671
      Evaluation: [1900/1978]  eta: 0:00:05    time: 0.0676  data: 0.0000  max mem: 2671
      Evaluation: [1977/1978]  eta: 0:00:00    time: 0.0676  data: 0.0000  max mem: 2671
      Evaluation: Total time: 0:02:13 (0.0676 s / it)
     Computing matching score time 0:02:13
### TTA ITM Score: 
+-------------------+--------+--------+--------+--------+--------+
|       epoch       |   R1   |   R5   |  R10   |  mAP   |  mINP  |
+-------------------+--------+--------+--------+--------+--------+
|  cos_sim_wo/norm  | 58.544 | 91.860 | 95.703 | 73.596 | 73.596 |
|        -999       | 69.414 | 95.197 | 97.776 | 81.233 | 81.233 |
| itm_score_wo/norm | 84.328 | 98.989 | 99.494 | 91.293 | 91.293 |
|        -999       | 84.277 | 99.039 | 99.596 | 91.276 | 91.276 |
|         0         | 84.681 | 98.989 | 99.596 | 91.447 | 91.447 |
|         1         | 84.580 | 98.837 | 99.494 | 91.327 | 91.327 |
|         2         | 84.783 | 98.787 | 99.444 | 91.400 | 91.400 |
|         4         | 84.328 | 98.736 | 99.242 | 91.115 | 91.115 |
+-------------------+--------+--------+--------+--------+--------+
     logs:  {'epo': 4, 'R1': np.float32(84.328), 'R5': np.float32(98.736), 'R10': np.float32(99.242), 'mAP': np.float32(91.115), 'mINP': np.float32(91.115), 'entropy': 0.121653, 'uncertainty': 1.0, 'uncertainty_coeffi': 1.0, 'loss': 0.121653, 'lr': 0.000351}
      TTA Epoch: [5] [ 0/78]  eta: 0:00:21  entropy: 0.1525  uncertainty: 1.0000  uncertainty_coeffi: 1.0000  loss: 0.1525  lr: 0.000391  time: 0.2766  data: 0.2172  max mem: 2671
      TTA Epoch: [5] [77/78]  eta: 0:00:00  entropy: 0.1647  uncertainty: 1.0000  uncertainty_coeffi: 1.0000  loss: 0.1647  lr: 0.000468  time: 0.0597  data: 0.0000  max mem: 2671
      TTA Epoch: [5] Total time: 0:00:04 (0.0626 s / it)
     Averaged stats: entropy: 0.1031  uncertainty: 1.0000  uncertainty_coeffi: 1.0000  loss: 0.1031  lr: 0.0004
     itm tta time 0:00:04
      TTA Epoch: [6] [ 0/78]  eta: 0:00:20  entropy: 0.0591  uncertainty: 1.0000  uncertainty_coeffi: 1.0000  loss: 0.0591  lr: 0.000469  time: 0.2659  data: 0.2054  max mem: 2671
      TTA Epoch: [6] [77/78]  eta: 0:00:00  entropy: 0.0494  uncertainty: 1.0000  uncertainty_coeffi: 1.0000  loss: 0.0494  lr: 0.000495  time: 0.0596  data: 0.0000  max mem: 2671
      TTA Epoch: [6] Total time: 0:00:04 (0.0624 s / it)
     Averaged stats: entropy: 0.0806  uncertainty: 1.0000  uncertainty_coeffi: 1.0000  loss: 0.0806  lr: 0.0005
     itm tta time 0:00:04
      TTA Epoch: [7] [ 0/78]  eta: 0:00:18  entropy: 0.0166  uncertainty: 1.0000  uncertainty_coeffi: 1.0000  loss: 0.0166  lr: 0.000494  time: 0.2381  data: 0.1770  max mem: 2671
      TTA Epoch: [7] [77/78]  eta: 0:00:00  entropy: 0.0995  uncertainty: 1.0000  uncertainty_coeffi: 1.0000  loss: 0.0995  lr: 0.000485  time: 0.0600  data: 0.0001  max mem: 2671
      TTA Epoch: [7] Total time: 0:00:04 (0.0624 s / it)
     Averaged stats: entropy: 0.0672  uncertainty: 1.0000  uncertainty_coeffi: 1.0000  loss: 0.0672  lr: 0.0005
     itm tta time 0:00:04
      TTA Epoch: [8] [ 0/78]  eta: 0:00:18  entropy: 0.0241  uncertainty: 1.0000  uncertainty_coeffi: 1.0000  loss: 0.0241  lr: 0.000485  time: 0.2360  data: 0.1756  max mem: 2671
      TTA Epoch: [8] [77/78]  eta: 0:00:00  entropy: 0.0142  uncertainty: 1.0000  uncertainty_coeffi: 1.0000  loss: 0.0142  lr: 0.000476  time: 0.0598  data: 0.0000  max mem: 2671
      TTA Epoch: [8] Total time: 0:00:04 (0.0621 s / it)
     Averaged stats: entropy: 0.0535  uncertainty: 1.0000  uncertainty_coeffi: 1.0000  loss: 0.0535  lr: 0.0005
     itm tta time 0:00:04
      TTA Epoch: [9] [ 0/78]  eta: 0:00:23  entropy: 0.0803  uncertainty: 1.0000  uncertainty_coeffi: 1.0000  loss: 0.0803  lr: 0.000476  time: 0.2978  data: 0.2372  max mem: 2671
      TTA Epoch: [9] [77/78]  eta: 0:00:00  entropy: 0.0437  uncertainty: 1.0000  uncertainty_coeffi: 1.0000  loss: 0.0437  lr: 0.000467  time: 0.0601  data: 0.0001  max mem: 2671
      TTA Epoch: [9] Total time: 0:00:04 (0.0634 s / it)
     Averaged stats: entropy: 0.0498  uncertainty: 1.0000  uncertainty_coeffi: 1.0000  loss: 0.0498  lr: 0.0005
     itm tta time 0:00:04
     Computing matching score
      Evaluation: [   0/1978]  eta: 0:02:04    time: 0.0630  data: 0.0009  max mem: 2671
      Evaluation: [ 100/1978]  eta: 0:02:06    time: 0.0676  data: 0.0000  max mem: 2671
      Evaluation: [ 200/1978]  eta: 0:02:00    time: 0.0676  data: 0.0000  max mem: 2671
      Evaluation: [ 300/1978]  eta: 0:01:53    time: 0.0674  data: 0.0000  max mem: 2671
      Evaluation: [ 400/1978]  eta: 0:01:46    time: 0.0686  data: 0.0000  max mem: 2671
      Evaluation: [ 500/1978]  eta: 0:01:39    time: 0.0674  data: 0.0000  max mem: 2671
      Evaluation: [ 600/1978]  eta: 0:01:32    time: 0.0673  data: 0.0000  max mem: 2671
      Evaluation: [ 700/1978]  eta: 0:01:26    time: 0.0677  data: 0.0000  max mem: 2671
      Evaluation: [ 800/1978]  eta: 0:01:20    time: 0.0680  data: 0.0000  max mem: 2671
      Evaluation: [ 900/1978]  eta: 0:01:13    time: 0.0680  data: 0.0000  max mem: 2671
      Evaluation: [1000/1978]  eta: 0:01:06    time: 0.0681  data: 0.0000  max mem: 2671
      Evaluation: [1100/1978]  eta: 0:00:59    time: 0.0683  data: 0.0000  max mem: 2671
      Evaluation: [1200/1978]  eta: 0:00:52    time: 0.0685  data: 0.0001  max mem: 2671
      Evaluation: [1300/1978]  eta: 0:00:46    time: 0.0683  data: 0.0000  max mem: 2671
      Evaluation: [1400/1978]  eta: 0:00:39    time: 0.0683  data: 0.0000  max mem: 2671
      Evaluation: [1500/1978]  eta: 0:00:32    time: 0.0680  data: 0.0000  max mem: 2671
      Evaluation: [1600/1978]  eta: 0:00:25    time: 0.0676  data: 0.0000  max mem: 2671
      Evaluation: [1700/1978]  eta: 0:00:18    time: 0.0675  data: 0.0000  max mem: 2671
      Evaluation: [1800/1978]  eta: 0:00:12    time: 0.0678  data: 0.0000  max mem: 2671
      Evaluation: [1900/1978]  eta: 0:00:05    time: 0.0680  data: 0.0000  max mem: 2671
      Evaluation: [1977/1978]  eta: 0:00:00    time: 0.0678  data: 0.0000  max mem: 2671
      Evaluation: Total time: 0:02:14 (0.0680 s / it)
     Computing matching score time 0:02:14
### TTA ITM Score: 
+-------------------+--------+--------+--------+--------+--------+
|       epoch       |   R1   |   R5   |  R10   |  mAP   |  mINP  |
+-------------------+--------+--------+--------+--------+--------+
|  cos_sim_wo/norm  | 58.544 | 91.860 | 95.703 | 73.596 | 73.596 |
|        -999       | 69.414 | 95.197 | 97.776 | 81.233 | 81.233 |
| itm_score_wo/norm | 84.328 | 98.989 | 99.494 | 91.293 | 91.293 |
|        -999       | 84.277 | 99.039 | 99.596 | 91.276 | 91.276 |
|         0         | 84.681 | 98.989 | 99.596 | 91.447 | 91.447 |
|         1         | 84.580 | 98.837 | 99.494 | 91.327 | 91.327 |
|         2         | 84.783 | 98.787 | 99.444 | 91.400 | 91.400 |
|         4         | 84.328 | 98.736 | 99.242 | 91.115 | 91.115 |
|         9         | 84.985 | 98.584 | 99.141 | 91.399 | 91.399 |
+-------------------+--------+--------+--------+--------+--------+
     logs:  {'epo': 9, 'R1': np.float32(84.985), 'R5': np.float32(98.584), 'R10': np.float32(99.141), 'mAP': np.float32(91.399), 'mINP': np.float32(91.399), 'entropy': 0.049848, 'uncertainty': 1.0, 'uncertainty_coeffi': 1.0, 'loss': 0.049848, 'lr': 0.000472}
      TTA Epoch: [10] [ 0/78]  eta: 0:00:29  entropy: 0.0725  uncertainty: 1.0000  uncertainty_coeffi: 1.0000  loss: 0.0725  lr: 0.000467  time: 0.3747  data: 0.3022  max mem: 2671
      TTA Epoch: [10] [77/78]  eta: 0:00:00  entropy: 0.0125  uncertainty: 1.0000  uncertainty_coeffi: 1.0000  loss: 0.0125  lr: 0.000458  time: 0.0617  data: 0.0010  max mem: 2671
      TTA Epoch: [10] Total time: 0:00:05 (0.0651 s / it)
     Averaged stats: entropy: 0.0410  uncertainty: 1.0000  uncertainty_coeffi: 1.0000  loss: 0.0410  lr: 0.0005
     itm tta time 0:00:05
      TTA Epoch: [11] [ 0/78]  eta: 0:00:18  entropy: 0.0357  uncertainty: 1.0000  uncertainty_coeffi: 1.0000  loss: 0.0357  lr: 0.000458  time: 0.2333  data: 0.1731  max mem: 2671
      TTA Epoch: [11] [77/78]  eta: 0:00:00  entropy: 0.0175  uncertainty: 1.0000  uncertainty_coeffi: 1.0000  loss: 0.0175  lr: 0.000449  time: 0.0612  data: 0.0001  max mem: 2671
      TTA Epoch: [11] Total time: 0:00:04 (0.0638 s / it)
     Averaged stats: entropy: 0.0356  uncertainty: 1.0000  uncertainty_coeffi: 1.0000  loss: 0.0356  lr: 0.0005
     itm tta time 0:00:05
      TTA Epoch: [12] [ 0/78]  eta: 0:00:18  entropy: 0.1027  uncertainty: 1.0000  uncertainty_coeffi: 1.0000  loss: 0.1027  lr: 0.000448  time: 0.2367  data: 0.1766  max mem: 2671
      TTA Epoch: [12] [77/78]  eta: 0:00:00  entropy: 0.0077  uncertainty: 1.0000  uncertainty_coeffi: 1.0000  loss: 0.0077  lr: 0.000439  time: 0.0614  data: 0.0001  max mem: 2671
      TTA Epoch: [12] Total time: 0:00:04 (0.0638 s / it)
     Averaged stats: entropy: 0.0346  uncertainty: 1.0000  uncertainty_coeffi: 1.0000  loss: 0.0346  lr: 0.0004
     itm tta time 0:00:05
      TTA Epoch: [13] [ 0/78]  eta: 0:00:19  entropy: 0.0187  uncertainty: 1.0000  uncertainty_coeffi: 1.0000  loss: 0.0187  lr: 0.000439  time: 0.2512  data: 0.1919  max mem: 2671
      TTA Epoch: [13] [77/78]  eta: 0:00:00  entropy: 0.0342  uncertainty: 1.0000  uncertainty_coeffi: 1.0000  loss: 0.0342  lr: 0.000430  time: 0.0616  data: 0.0005  max mem: 2671
      TTA Epoch: [13] Total time: 0:00:04 (0.0640 s / it)
     Averaged stats: entropy: 0.0314  uncertainty: 1.0000  uncertainty_coeffi: 1.0000  loss: 0.0314  lr: 0.0004
     itm tta time 0:00:05
      TTA Epoch: [14] [ 0/78]  eta: 0:00:19  entropy: 0.0502  uncertainty: 1.0000  uncertainty_coeffi: 1.0000  loss: 0.0502  lr: 0.000430  time: 0.2498  data: 0.1902  max mem: 2671
      TTA Epoch: [14] [77/78]  eta: 0:00:00  entropy: 0.0227  uncertainty: 1.0000  uncertainty_coeffi: 1.0000  loss: 0.0227  lr: 0.000421  time: 0.0614  data: 0.0009  max mem: 2671
      TTA Epoch: [14] Total time: 0:00:04 (0.0640 s / it)
     Averaged stats: entropy: 0.0291  uncertainty: 1.0000  uncertainty_coeffi: 1.0000  loss: 0.0291  lr: 0.0004
     itm tta time 0:00:05
     Computing matching score
      Evaluation: [   0/1978]  eta: 0:02:21    time: 0.0715  data: 0.0011  max mem: 2671
      Evaluation: [ 100/1978]  eta: 0:02:06    time: 0.0674  data: 0.0000  max mem: 2671
      Evaluation: [ 200/1978]  eta: 0:01:59    time: 0.0673  data: 0.0000  max mem: 2671
      Evaluation: [ 300/1978]  eta: 0:01:53    time: 0.0707  data: 0.0000  max mem: 2671
      Evaluation: [ 400/1978]  eta: 0:01:46    time: 0.0676  data: 0.0000  max mem: 2671
      Evaluation: [ 500/1978]  eta: 0:01:40    time: 0.0675  data: 0.0000  max mem: 2671
      Evaluation: [ 600/1978]  eta: 0:01:33    time: 0.0673  data: 0.0000  max mem: 2671
      Evaluation: [ 700/1978]  eta: 0:01:26    time: 0.0677  data: 0.0000  max mem: 2671
      Evaluation: [ 800/1978]  eta: 0:01:19    time: 0.0675  data: 0.0000  max mem: 2671
      Evaluation: [ 900/1978]  eta: 0:01:12    time: 0.0674  data: 0.0000  max mem: 2671
      Evaluation: [1000/1978]  eta: 0:01:06    time: 0.0674  data: 0.0000  max mem: 2671
      Evaluation: [1100/1978]  eta: 0:00:59    time: 0.0675  data: 0.0000  max mem: 2671
      Evaluation: [1200/1978]  eta: 0:00:52    time: 0.0675  data: 0.0000  max mem: 2671
      Evaluation: [1300/1978]  eta: 0:00:45    time: 0.0675  data: 0.0000  max mem: 2671
      Evaluation: [1400/1978]  eta: 0:00:39    time: 0.0675  data: 0.0000  max mem: 2671
      Evaluation: [1500/1978]  eta: 0:00:32    time: 0.0674  data: 0.0000  max mem: 2671
      Evaluation: [1600/1978]  eta: 0:00:25    time: 0.0676  data: 0.0000  max mem: 2671
      Evaluation: [1700/1978]  eta: 0:00:18    time: 0.0676  data: 0.0000  max mem: 2671
      Evaluation: [1800/1978]  eta: 0:00:12    time: 0.0675  data: 0.0000  max mem: 2671
      Evaluation: [1900/1978]  eta: 0:00:05    time: 0.0675  data: 0.0000  max mem: 2671
      Evaluation: [1977/1978]  eta: 0:00:00    time: 0.0675  data: 0.0000  max mem: 2671
      Evaluation: Total time: 0:02:13 (0.0676 s / it)
     Computing matching score time 0:02:13
### TTA ITM Score: 
+-------------------+--------+--------+--------+--------+--------+
|       epoch       |   R1   |   R5   |  R10   |  mAP   |  mINP  |
+-------------------+--------+--------+--------+--------+--------+
|  cos_sim_wo/norm  | 58.544 | 91.860 | 95.703 | 73.596 | 73.596 |
|        -999       | 69.414 | 95.197 | 97.776 | 81.233 | 81.233 |
| itm_score_wo/norm | 84.328 | 98.989 | 99.494 | 91.293 | 91.293 |
|        -999       | 84.277 | 99.039 | 99.596 | 91.276 | 91.276 |
|         0         | 84.681 | 98.989 | 99.596 | 91.447 | 91.447 |
|         1         | 84.580 | 98.837 | 99.494 | 91.327 | 91.327 |
|         2         | 84.783 | 98.787 | 99.444 | 91.400 | 91.400 |
|         4         | 84.328 | 98.736 | 99.242 | 91.115 | 91.115 |
|         9         | 84.985 | 98.584 | 99.141 | 91.399 | 91.399 |
|         14        | 84.783 | 98.686 | 99.191 | 91.336 | 91.336 |
+-------------------+--------+--------+--------+--------+--------+
     logs:  {'epo': 14, 'R1': np.float32(84.783), 'R5': np.float32(98.686), 'R10': np.float32(99.191), 'mAP': np.float32(91.336), 'mINP': np.float32(91.336), 'entropy': 0.029134, 'uncertainty': 1.0, 'uncertainty_coeffi': 1.0, 'loss': 0.029134, 'lr': 0.000426}
      TTA Epoch: [15] [ 0/78]  eta: 0:00:18  entropy: 0.0423  uncertainty: 1.0000  uncertainty_coeffi: 1.0000  loss: 0.0423  lr: 0.000421  time: 0.2362  data: 0.1739  max mem: 2671
      TTA Epoch: [15] [77/78]  eta: 0:00:00  entropy: 0.0021  uncertainty: 1.0000  uncertainty_coeffi: 1.0000  loss: 0.0021  lr: 0.000412  time: 0.0610  data: 0.0005  max mem: 2671
      TTA Epoch: [15] Total time: 0:00:04 (0.0626 s / it)
     Averaged stats: entropy: 0.0288  uncertainty: 1.0000  uncertainty_coeffi: 1.0000  loss: 0.0288  lr: 0.0004
     itm tta time 0:00:04
      TTA Epoch: [16] [ 0/78]  eta: 0:00:19  entropy: 0.0042  uncertainty: 1.0000  uncertainty_coeffi: 1.0000  loss: 0.0042  lr: 0.000412  time: 0.2471  data: 0.1862  max mem: 2671
      TTA Epoch: [16] [77/78]  eta: 0:00:00  entropy: 0.0263  uncertainty: 1.0000  uncertainty_coeffi: 1.0000  loss: 0.0263  lr: 0.000403  time: 0.0620  data: 0.0001  max mem: 2671
      TTA Epoch: [16] Total time: 0:00:05 (0.0644 s / it)
     Averaged stats: entropy: 0.0225  uncertainty: 1.0000  uncertainty_coeffi: 1.0000  loss: 0.0225  lr: 0.0004
     itm tta time 0:00:05
      TTA Epoch: [17] [ 0/78]  eta: 0:00:16  entropy: 0.0006  uncertainty: 1.0000  uncertainty_coeffi: 1.0000  loss: 0.0006  lr: 0.000402  time: 0.2168  data: 0.1473  max mem: 2671
      TTA Epoch: [17] [77/78]  eta: 0:00:00  entropy: 0.0362  uncertainty: 1.0000  uncertainty_coeffi: 1.0000  loss: 0.0362  lr: 0.000393  time: 0.0619  data: 0.0001  max mem: 2671
      TTA Epoch: [17] Total time: 0:00:04 (0.0638 s / it)
     Averaged stats: entropy: 0.0235  uncertainty: 1.0000  uncertainty_coeffi: 1.0000  loss: 0.0235  lr: 0.0004
     itm tta time 0:00:05
      TTA Epoch: [18] [ 0/78]  eta: 0:00:18  entropy: 0.0583  uncertainty: 1.0000  uncertainty_coeffi: 1.0000  loss: 0.0583  lr: 0.000393  time: 0.2412  data: 0.1812  max mem: 2671
      TTA Epoch: [18] [77/78]  eta: 0:00:00  entropy: 0.0423  uncertainty: 1.0000  uncertainty_coeffi: 1.0000  loss: 0.0423  lr: 0.000384  time: 0.0613  data: 0.0005  max mem: 2671
      TTA Epoch: [18] Total time: 0:00:04 (0.0635 s / it)
     Averaged stats: entropy: 0.0221  uncertainty: 1.0000  uncertainty_coeffi: 1.0000  loss: 0.0221  lr: 0.0004
     itm tta time 0:00:04
      TTA Epoch: [19] [ 0/78]  eta: 0:00:19  entropy: 0.0459  uncertainty: 1.0000  uncertainty_coeffi: 1.0000  loss: 0.0459  lr: 0.000384  time: 0.2458  data: 0.1780  max mem: 2671
      TTA Epoch: [19] [77/78]  eta: 0:00:00  entropy: 0.0056  uncertainty: 1.0000  uncertainty_coeffi: 1.0000  loss: 0.0056  lr: 0.000375  time: 0.0610  data: 0.0001  max mem: 2671
      TTA Epoch: [19] Total time: 0:00:04 (0.0640 s / it)
     Averaged stats: entropy: 0.0209  uncertainty: 1.0000  uncertainty_coeffi: 1.0000  loss: 0.0209  lr: 0.0004
     itm tta time 0:00:05
     Computing matching score
      Evaluation: [   0/1978]  eta: 0:02:04    time: 0.0630  data: 0.0010  max mem: 2671
      Evaluation: [ 100/1978]  eta: 0:02:06    time: 0.0673  data: 0.0000  max mem: 2671
      Evaluation: [ 200/1978]  eta: 0:01:59    time: 0.0674  data: 0.0000  max mem: 2671
      Evaluation: [ 300/1978]  eta: 0:01:52    time: 0.0674  data: 0.0000  max mem: 2671
      Evaluation: [ 400/1978]  eta: 0:01:46    time: 0.0674  data: 0.0000  max mem: 2671
      Evaluation: [ 500/1978]  eta: 0:01:39    time: 0.0687  data: 0.0000  max mem: 2671
      Evaluation: [ 600/1978]  eta: 0:01:32    time: 0.0679  data: 0.0000  max mem: 2671
      Evaluation: [ 700/1978]  eta: 0:01:26    time: 0.0676  data: 0.0000  max mem: 2671
      Evaluation: [ 800/1978]  eta: 0:01:19    time: 0.0676  data: 0.0000  max mem: 2671
      Evaluation: [ 900/1978]  eta: 0:01:12    time: 0.0675  data: 0.0000  max mem: 2671
      Evaluation: [1000/1978]  eta: 0:01:06    time: 0.0674  data: 0.0000  max mem: 2671
      Evaluation: [1100/1978]  eta: 0:00:59    time: 0.0674  data: 0.0000  max mem: 2671
      Evaluation: [1200/1978]  eta: 0:00:52    time: 0.0674  data: 0.0000  max mem: 2671
      Evaluation: [1300/1978]  eta: 0:00:45    time: 0.0674  data: 0.0000  max mem: 2671
      Evaluation: [1400/1978]  eta: 0:00:39    time: 0.0675  data: 0.0000  max mem: 2671
      Evaluation: [1500/1978]  eta: 0:00:32    time: 0.0676  data: 0.0000  max mem: 2671
      Evaluation: [1600/1978]  eta: 0:00:25    time: 0.0676  data: 0.0000  max mem: 2671
      Evaluation: [1700/1978]  eta: 0:00:18    time: 0.0674  data: 0.0000  max mem: 2671
      Evaluation: [1800/1978]  eta: 0:00:12    time: 0.0676  data: 0.0000  max mem: 2671
      Evaluation: [1900/1978]  eta: 0:00:05    time: 0.0675  data: 0.0000  max mem: 2671
      Evaluation: [1977/1978]  eta: 0:00:00    time: 0.0675  data: 0.0000  max mem: 2671
      Evaluation: Total time: 0:02:13 (0.0676 s / it)
     Computing matching score time 0:02:13
### TTA ITM Score: 
+-------------------+--------+--------+--------+--------+--------+
|       epoch       |   R1   |   R5   |  R10   |  mAP   |  mINP  |
+-------------------+--------+--------+--------+--------+--------+
|  cos_sim_wo/norm  | 58.544 | 91.860 | 95.703 | 73.596 | 73.596 |
|        -999       | 69.414 | 95.197 | 97.776 | 81.233 | 81.233 |
| itm_score_wo/norm | 84.328 | 98.989 | 99.494 | 91.293 | 91.293 |
|        -999       | 84.277 | 99.039 | 99.596 | 91.276 | 91.276 |
|         0         | 84.681 | 98.989 | 99.596 | 91.447 | 91.447 |
|         1         | 84.580 | 98.837 | 99.494 | 91.327 | 91.327 |
|         2         | 84.783 | 98.787 | 99.444 | 91.400 | 91.400 |
|         4         | 84.328 | 98.736 | 99.242 | 91.115 | 91.115 |
|         9         | 84.985 | 98.584 | 99.141 | 91.399 | 91.399 |
|         14        | 84.783 | 98.686 | 99.191 | 91.336 | 91.336 |
|         19        | 84.985 | 98.534 | 99.090 | 91.382 | 91.382 |
+-------------------+--------+--------+--------+--------+--------+
     logs:  {'epo': 19, 'R1': np.float32(84.985), 'R5': np.float32(98.534), 'R10': np.float32(99.09), 'mAP': np.float32(91.382), 'mINP': np.float32(91.382), 'entropy': 0.02086, 'uncertainty': 1.0, 'uncertainty_coeffi': 1.0, 'loss': 0.02086, 'lr': 0.00038}
      TTA Epoch: [20] [ 0/78]  eta: 0:00:20  entropy: 0.0009  uncertainty: 1.0000  uncertainty_coeffi: 1.0000  loss: 0.0009  lr: 0.000375  time: 0.2576  data: 0.1968  max mem: 2671
      TTA Epoch: [20] [77/78]  eta: 0:00:00  entropy: 0.0109  uncertainty: 1.0000  uncertainty_coeffi: 1.0000  loss: 0.0109  lr: 0.000366  time: 0.0609  data: 0.0009  max mem: 2671
      TTA Epoch: [20] Total time: 0:00:04 (0.0635 s / it)
     Averaged stats: entropy: 0.0198  uncertainty: 1.0000  uncertainty_coeffi: 1.0000  loss: 0.0198  lr: 0.0004
     itm tta time 0:00:04
      TTA Epoch: [21] [ 0/78]  eta: 0:00:20  entropy: 0.0210  uncertainty: 1.0000  uncertainty_coeffi: 1.0000  loss: 0.0210  lr: 0.000366  time: 0.2584  data: 0.1975  max mem: 2671
      TTA Epoch: [21] [77/78]  eta: 0:00:00  entropy: 0.0003  uncertainty: 1.0000  uncertainty_coeffi: 1.0000  loss: 0.0003  lr: 0.000357  time: 0.0623  data: 0.0009  max mem: 2671
      TTA Epoch: [21] Total time: 0:00:05 (0.0642 s / it)
     Averaged stats: entropy: 0.0172  uncertainty: 1.0000  uncertainty_coeffi: 1.0000  loss: 0.0172  lr: 0.0004
     itm tta time 0:00:05
      TTA Epoch: [22] [ 0/78]  eta: 0:00:18  entropy: 0.0428  uncertainty: 1.0000  uncertainty_coeffi: 1.0000  loss: 0.0428  lr: 0.000356  time: 0.2396  data: 0.1776  max mem: 2671
      TTA Epoch: [22] [77/78]  eta: 0:00:00  entropy: 0.0067  uncertainty: 1.0000  uncertainty_coeffi: 1.0000  loss: 0.0067  lr: 0.000347  time: 0.0607  data: 0.0009  max mem: 2671
      TTA Epoch: [22] Total time: 0:00:04 (0.0633 s / it)
     Averaged stats: entropy: 0.0212  uncertainty: 1.0000  uncertainty_coeffi: 1.0000  loss: 0.0212  lr: 0.0004
     itm tta time 0:00:04
      TTA Epoch: [23] [ 0/78]  eta: 0:00:17  entropy: 0.0153  uncertainty: 1.0000  uncertainty_coeffi: 1.0000  loss: 0.0153  lr: 0.000347  time: 0.2305  data: 0.1610  max mem: 2671
      TTA Epoch: [23] [77/78]  eta: 0:00:00  entropy: 0.0000  uncertainty: 1.0000  uncertainty_coeffi: 1.0000  loss: 0.0000  lr: 0.000338  time: 0.0610  data: 0.0009  max mem: 2671
      TTA Epoch: [23] Total time: 0:00:04 (0.0632 s / it)
     Averaged stats: entropy: 0.0180  uncertainty: 1.0000  uncertainty_coeffi: 1.0000  loss: 0.0180  lr: 0.0003
     itm tta time 0:00:04
      TTA Epoch: [24] [ 0/78]  eta: 0:00:15  entropy: 0.0463  uncertainty: 1.0000  uncertainty_coeffi: 1.0000  loss: 0.0463  lr: 0.000338  time: 0.2024  data: 0.1427  max mem: 2671
      TTA Epoch: [24] [77/78]  eta: 0:00:00  entropy: 0.0002  uncertainty: 1.0000  uncertainty_coeffi: 1.0000  loss: 0.0002  lr: 0.000329  time: 0.0610  data: 0.0005  max mem: 2671
      TTA Epoch: [24] Total time: 0:00:04 (0.0629 s / it)
     Averaged stats: entropy: 0.0142  uncertainty: 1.0000  uncertainty_coeffi: 1.0000  loss: 0.0142  lr: 0.0003
     itm tta time 0:00:04
      TTA Epoch: [25] [ 0/78]  eta: 0:00:18  entropy: 0.0000  uncertainty: 1.0000  uncertainty_coeffi: 1.0000  loss: 0.0000  lr: 0.000329  time: 0.2378  data: 0.1700  max mem: 2671
      TTA Epoch: [25] [77/78]  eta: 0:00:00  entropy: 0.0393  uncertainty: 1.0000  uncertainty_coeffi: 1.0000  loss: 0.0393  lr: 0.000160  time: 0.0603  data: 0.0005  max mem: 2671
      TTA Epoch: [25] Total time: 0:00:04 (0.0629 s / it)
     Averaged stats: entropy: 0.0175  uncertainty: 1.0000  uncertainty_coeffi: 1.0000  loss: 0.0175  lr: 0.0003
     itm tta time 0:00:04
      TTA Epoch: [26] [ 0/78]  eta: 0:00:18  entropy: 0.0073  uncertainty: 1.0000  uncertainty_coeffi: 1.0000  loss: 0.0073  lr: 0.000160  time: 0.2344  data: 0.1752  max mem: 2671
      TTA Epoch: [26] [77/78]  eta: 0:00:00  entropy: 0.0005  uncertainty: 1.0000  uncertainty_coeffi: 1.0000  loss: 0.0005  lr: 0.000155  time: 0.0615  data: 0.0005  max mem: 2671
      TTA Epoch: [26] Total time: 0:00:04 (0.0631 s / it)
     Averaged stats: entropy: 0.0112  uncertainty: 1.0000  uncertainty_coeffi: 1.0000  loss: 0.0112  lr: 0.0002
     itm tta time 0:00:04
      TTA Epoch: [27] [ 0/78]  eta: 0:00:17  entropy: 0.0115  uncertainty: 1.0000  uncertainty_coeffi: 1.0000  loss: 0.0115  lr: 0.000155  time: 0.2301  data: 0.1704  max mem: 2671
      TTA Epoch: [27] [77/78]  eta: 0:00:00  entropy: 0.0542  uncertainty: 1.0000  uncertainty_coeffi: 1.0000  loss: 0.0542  lr: 0.000151  time: 0.0611  data: 0.0005  max mem: 2671
      TTA Epoch: [27] Total time: 0:00:04 (0.0631 s / it)
     Averaged stats: entropy: 0.0135  uncertainty: 1.0000  uncertainty_coeffi: 1.0000  loss: 0.0135  lr: 0.0002
     itm tta time 0:00:04
      TTA Epoch: [28] [ 0/78]  eta: 0:00:17  entropy: 0.0463  uncertainty: 1.0000  uncertainty_coeffi: 1.0000  loss: 0.0463  lr: 0.000151  time: 0.2255  data: 0.1661  max mem: 2671
      TTA Epoch: [28] [77/78]  eta: 0:00:00  entropy: 0.0000  uncertainty: 1.0000  uncertainty_coeffi: 1.0000  loss: 0.0000  lr: 0.000146  time: 0.0622  data: 0.0009  max mem: 2671
      TTA Epoch: [28] Total time: 0:00:04 (0.0629 s / it)
     Averaged stats: entropy: 0.0128  uncertainty: 1.0000  uncertainty_coeffi: 1.0000  loss: 0.0128  lr: 0.0001
     itm tta time 0:00:04
      TTA Epoch: [29] [ 0/78]  eta: 0:00:18  entropy: 0.0523  uncertainty: 1.0000  uncertainty_coeffi: 1.0000  loss: 0.0523  lr: 0.000146  time: 0.2378  data: 0.1786  max mem: 2671
      TTA Epoch: [29] [77/78]  eta: 0:00:00  entropy: 0.0003  uncertainty: 1.0000  uncertainty_coeffi: 1.0000  loss: 0.0003  lr: 0.000142  time: 0.0606  data: 0.0005  max mem: 2671
      TTA Epoch: [29] Total time: 0:00:04 (0.0627 s / it)
     Averaged stats: entropy: 0.0145  uncertainty: 1.0000  uncertainty_coeffi: 1.0000  loss: 0.0145  lr: 0.0001
     itm tta time 0:00:04
     Computing matching score
      Evaluation: [   0/1978]  eta: 0:02:02    time: 0.0621  data: 0.0008  max mem: 2671
      Evaluation: [ 100/1978]  eta: 0:02:06    time: 0.0673  data: 0.0000  max mem: 2671
      Evaluation: [ 200/1978]  eta: 0:01:59    time: 0.0674  data: 0.0000  max mem: 2671
      Evaluation: [ 300/1978]  eta: 0:01:52    time: 0.0674  data: 0.0000  max mem: 2671
      Evaluation: [ 400/1978]  eta: 0:01:46    time: 0.0673  data: 0.0000  max mem: 2671
      Evaluation: [ 500/1978]  eta: 0:01:39    time: 0.0674  data: 0.0000  max mem: 2671
      Evaluation: [ 600/1978]  eta: 0:01:32    time: 0.0675  data: 0.0000  max mem: 2671
      Evaluation: [ 700/1978]  eta: 0:01:26    time: 0.0674  data: 0.0000  max mem: 2671
      Evaluation: [ 800/1978]  eta: 0:01:19    time: 0.0675  data: 0.0000  max mem: 2671
      Evaluation: [ 900/1978]  eta: 0:01:12    time: 0.0674  data: 0.0000  max mem: 2671
      Evaluation: [1000/1978]  eta: 0:01:05    time: 0.0675  data: 0.0000  max mem: 2671
      Evaluation: [1100/1978]  eta: 0:00:59    time: 0.0674  data: 0.0000  max mem: 2671
      Evaluation: [1200/1978]  eta: 0:00:52    time: 0.0675  data: 0.0000  max mem: 2671
      Evaluation: [1300/1978]  eta: 0:00:45    time: 0.0675  data: 0.0000  max mem: 2671
      Evaluation: [1400/1978]  eta: 0:00:38    time: 0.0675  data: 0.0000  max mem: 2671
      Evaluation: [1500/1978]  eta: 0:00:32    time: 0.0676  data: 0.0000  max mem: 2671
      Evaluation: [1600/1978]  eta: 0:00:25    time: 0.0675  data: 0.0000  max mem: 2671
      Evaluation: [1700/1978]  eta: 0:00:18    time: 0.0675  data: 0.0000  max mem: 2671
      Evaluation: [1800/1978]  eta: 0:00:12    time: 0.0676  data: 0.0000  max mem: 2671
      Evaluation: [1900/1978]  eta: 0:00:05    time: 0.0678  data: 0.0000  max mem: 2671
      Evaluation: [1977/1978]  eta: 0:00:00    time: 0.0676  data: 0.0000  max mem: 2671
      Evaluation: Total time: 0:02:13 (0.0675 s / it)
     Computing matching score time 0:02:13
### TTA ITM Score: 
+-------------------+--------+--------+--------+--------+--------+
|       epoch       |   R1   |   R5   |  R10   |  mAP   |  mINP  |
+-------------------+--------+--------+--------+--------+--------+
|  cos_sim_wo/norm  | 58.544 | 91.860 | 95.703 | 73.596 | 73.596 |
|        -999       | 69.414 | 95.197 | 97.776 | 81.233 | 81.233 |
| itm_score_wo/norm | 84.328 | 98.989 | 99.494 | 91.293 | 91.293 |
|        -999       | 84.277 | 99.039 | 99.596 | 91.276 | 91.276 |
|         0         | 84.681 | 98.989 | 99.596 | 91.447 | 91.447 |
|         1         | 84.580 | 98.837 | 99.494 | 91.327 | 91.327 |
|         2         | 84.783 | 98.787 | 99.444 | 91.400 | 91.400 |
|         4         | 84.328 | 98.736 | 99.242 | 91.115 | 91.115 |
|         9         | 84.985 | 98.584 | 99.141 | 91.399 | 91.399 |
|         14        | 84.783 | 98.686 | 99.191 | 91.336 | 91.336 |
|         19        | 84.985 | 98.534 | 99.090 | 91.382 | 91.382 |
|         29        | 85.137 | 98.534 | 99.191 | 91.423 | 91.423 |
+-------------------+--------+--------+--------+--------+--------+
     logs:  {'epo': 29, 'R1': np.float32(85.137), 'R5': np.float32(98.534), 'R10': np.float32(99.191), 'mAP': np.float32(91.423), 'mINP': np.float32(91.423), 'entropy': 0.01449, 'uncertainty': 1.0, 'uncertainty_coeffi': 1.0, 'loss': 0.01449, 'lr': 0.000144}
      TTA Epoch: [30] [ 0/78]  eta: 0:00:18  entropy: 0.0007  uncertainty: 1.0000  uncertainty_coeffi: 1.0000  loss: 0.0007  lr: 0.000141  time: 0.2356  data: 0.1712  max mem: 2671
      TTA Epoch: [30] [77/78]  eta: 0:00:00  entropy: 0.0388  uncertainty: 1.0000  uncertainty_coeffi: 1.0000  loss: 0.0388  lr: 0.000137  time: 0.0605  data: 0.0000  max mem: 2671
      TTA Epoch: [30] Total time: 0:00:04 (0.0627 s / it)
     Averaged stats: entropy: 0.0106  uncertainty: 1.0000  uncertainty_coeffi: 1.0000  loss: 0.0106  lr: 0.0001
     itm tta time 0:00:04
      TTA Epoch: [31] [ 0/78]  eta: 0:00:18  entropy: 0.0431  uncertainty: 1.0000  uncertainty_coeffi: 1.0000  loss: 0.0431  lr: 0.000137  time: 0.2357  data: 0.1742  max mem: 2671
      TTA Epoch: [31] [77/78]  eta: 0:00:00  entropy: 0.0020  uncertainty: 1.0000  uncertainty_coeffi: 1.0000  loss: 0.0020  lr: 0.000132  time: 0.0615  data: 0.0013  max mem: 2671
      TTA Epoch: [31] Total time: 0:00:04 (0.0632 s / it)
     Averaged stats: entropy: 0.0111  uncertainty: 1.0000  uncertainty_coeffi: 1.0000  loss: 0.0111  lr: 0.0001
     itm tta time 0:00:04
      TTA Epoch: [32] [ 0/78]  eta: 0:00:17  entropy: 0.0063  uncertainty: 1.0000  uncertainty_coeffi: 1.0000  loss: 0.0063  lr: 0.000132  time: 0.2247  data: 0.1638  max mem: 2671
      TTA Epoch: [32] [77/78]  eta: 0:00:00  entropy: 0.0610  uncertainty: 1.0000  uncertainty_coeffi: 1.0000  loss: 0.0610  lr: 0.000128  time: 0.0601  data: 0.0001  max mem: 2671
      TTA Epoch: [32] Total time: 0:00:04 (0.0626 s / it)
     Averaged stats: entropy: 0.0150  uncertainty: 1.0000  uncertainty_coeffi: 1.0000  loss: 0.0150  lr: 0.0001
     itm tta time 0:00:04
      TTA Epoch: [33] [ 0/78]  eta: 0:00:20  entropy: 0.0228  uncertainty: 1.0000  uncertainty_coeffi: 1.0000  loss: 0.0228  lr: 0.000128  time: 0.2667  data: 0.2065  max mem: 2671
      TTA Epoch: [33] [77/78]  eta: 0:00:00  entropy: 0.0001  uncertainty: 1.0000  uncertainty_coeffi: 1.0000  loss: 0.0001  lr: 0.000123  time: 0.0601  data: 0.0000  max mem: 2671
      TTA Epoch: [33] Total time: 0:00:04 (0.0630 s / it)
     Averaged stats: entropy: 0.0121  uncertainty: 1.0000  uncertainty_coeffi: 1.0000  loss: 0.0121  lr: 0.0001
     itm tta time 0:00:04
      TTA Epoch: [34] [ 0/78]  eta: 0:00:18  entropy: 0.0015  uncertainty: 1.0000  uncertainty_coeffi: 1.0000  loss: 0.0015  lr: 0.000123  time: 0.2350  data: 0.1656  max mem: 2671
      TTA Epoch: [34] [77/78]  eta: 0:00:00  entropy: 0.0001  uncertainty: 1.0000  uncertainty_coeffi: 1.0000  loss: 0.0001  lr: 0.000119  time: 0.0609  data: 0.0001  max mem: 2671
      TTA Epoch: [34] Total time: 0:00:04 (0.0636 s / it)
     Averaged stats: entropy: 0.0117  uncertainty: 1.0000  uncertainty_coeffi: 1.0000  loss: 0.0117  lr: 0.0001
     itm tta time 0:00:04
      TTA Epoch: [35] [ 0/78]  eta: 0:00:17  entropy: 0.0003  uncertainty: 1.0000  uncertainty_coeffi: 1.0000  loss: 0.0003  lr: 0.000118  time: 0.2277  data: 0.1674  max mem: 2671
      TTA Epoch: [35] [77/78]  eta: 0:00:00  entropy: 0.0000  uncertainty: 1.0000  uncertainty_coeffi: 1.0000  loss: 0.0000  lr: 0.000114  time: 0.0599  data: 0.0000  max mem: 2671
      TTA Epoch: [35] Total time: 0:00:04 (0.0624 s / it)
     Averaged stats: entropy: 0.0111  uncertainty: 1.0000  uncertainty_coeffi: 1.0000  loss: 0.0111  lr: 0.0001
     itm tta time 0:00:04
      TTA Epoch: [36] [ 0/78]  eta: 0:00:18  entropy: 0.0033  uncertainty: 1.0000  uncertainty_coeffi: 1.0000  loss: 0.0033  lr: 0.000114  time: 0.2354  data: 0.1742  max mem: 2671
      TTA Epoch: [36] [77/78]  eta: 0:00:00  entropy: 0.0039  uncertainty: 1.0000  uncertainty_coeffi: 1.0000  loss: 0.0039  lr: 0.000109  time: 0.0607  data: 0.0000  max mem: 2671
      TTA Epoch: [36] Total time: 0:00:04 (0.0631 s / it)
     Averaged stats: entropy: 0.0110  uncertainty: 1.0000  uncertainty_coeffi: 1.0000  loss: 0.0110  lr: 0.0001
     itm tta time 0:00:04
      TTA Epoch: [37] [ 0/78]  eta: 0:00:19  entropy: 0.0018  uncertainty: 1.0000  uncertainty_coeffi: 1.0000  loss: 0.0018  lr: 0.000109  time: 0.2474  data: 0.1885  max mem: 2671
      TTA Epoch: [37] [77/78]  eta: 0:00:00  entropy: 0.0001  uncertainty: 1.0000  uncertainty_coeffi: 1.0000  loss: 0.0001  lr: 0.000105  time: 0.0599  data: 0.0000  max mem: 2671
      TTA Epoch: [37] Total time: 0:00:04 (0.0626 s / it)
     Averaged stats: entropy: 0.0114  uncertainty: 1.0000  uncertainty_coeffi: 1.0000  loss: 0.0114  lr: 0.0001
     itm tta time 0:00:04
      TTA Epoch: [38] [ 0/78]  eta: 0:00:18  entropy: 0.0024  uncertainty: 1.0000  uncertainty_coeffi: 1.0000  loss: 0.0024  lr: 0.000105  time: 0.2407  data: 0.1799  max mem: 2671
      TTA Epoch: [38] [77/78]  eta: 0:00:00  entropy: 0.0012  uncertainty: 1.0000  uncertainty_coeffi: 1.0000  loss: 0.0012  lr: 0.000100  time: 0.0601  data: 0.0000  max mem: 2671
      TTA Epoch: [38] Total time: 0:00:04 (0.0627 s / it)
     Averaged stats: entropy: 0.0077  uncertainty: 1.0000  uncertainty_coeffi: 1.0000  loss: 0.0077  lr: 0.0001
     itm tta time 0:00:04
      TTA Epoch: [39] [ 0/78]  eta: 0:00:16  entropy: 0.0000  uncertainty: 1.0000  uncertainty_coeffi: 1.0000  loss: 0.0000  lr: 0.000100  time: 0.2148  data: 0.1558  max mem: 2671
      TTA Epoch: [39] [77/78]  eta: 0:00:00  entropy: 0.0006  uncertainty: 1.0000  uncertainty_coeffi: 1.0000  loss: 0.0006  lr: 0.000096  time: 0.0602  data: 0.0005  max mem: 2671
      TTA Epoch: [39] Total time: 0:00:04 (0.0624 s / it)
     Averaged stats: entropy: 0.0113  uncertainty: 1.0000  uncertainty_coeffi: 1.0000  loss: 0.0113  lr: 0.0001
     itm tta time 0:00:04
     Computing matching score
      Evaluation: [   0/1978]  eta: 0:02:05    time: 0.0632  data: 0.0010  max mem: 2671
      Evaluation: [ 100/1978]  eta: 0:02:07    time: 0.0672  data: 0.0000  max mem: 2671
      Evaluation: [ 200/1978]  eta: 0:02:00    time: 0.0673  data: 0.0000  max mem: 2671
      Evaluation: [ 300/1978]  eta: 0:01:53    time: 0.0673  data: 0.0000  max mem: 2671
      Evaluation: [ 400/1978]  eta: 0:01:46    time: 0.0675  data: 0.0000  max mem: 2671
      Evaluation: [ 500/1978]  eta: 0:01:40    time: 0.0674  data: 0.0000  max mem: 2671
      Evaluation: [ 600/1978]  eta: 0:01:33    time: 0.0674  data: 0.0000  max mem: 2671
      Evaluation: [ 700/1978]  eta: 0:01:26    time: 0.0675  data: 0.0000  max mem: 2671
      Evaluation: [ 800/1978]  eta: 0:01:19    time: 0.0674  data: 0.0000  max mem: 2671
      Evaluation: [ 900/1978]  eta: 0:01:12    time: 0.0674  data: 0.0000  max mem: 2671
      Evaluation: [1000/1978]  eta: 0:01:06    time: 0.0676  data: 0.0000  max mem: 2671
      Evaluation: [1100/1978]  eta: 0:00:59    time: 0.0674  data: 0.0000  max mem: 2671
      Evaluation: [1200/1978]  eta: 0:00:52    time: 0.0675  data: 0.0000  max mem: 2671
      Evaluation: [1300/1978]  eta: 0:00:45    time: 0.0675  data: 0.0000  max mem: 2671
      Evaluation: [1400/1978]  eta: 0:00:39    time: 0.0674  data: 0.0000  max mem: 2671
      Evaluation: [1500/1978]  eta: 0:00:32    time: 0.0675  data: 0.0000  max mem: 2671
      Evaluation: [1600/1978]  eta: 0:00:25    time: 0.0675  data: 0.0000  max mem: 2671
      Evaluation: [1700/1978]  eta: 0:00:18    time: 0.0674  data: 0.0000  max mem: 2671
      Evaluation: [1800/1978]  eta: 0:00:12    time: 0.0675  data: 0.0000  max mem: 2671
      Evaluation: [1900/1978]  eta: 0:00:05    time: 0.0675  data: 0.0000  max mem: 2671
      Evaluation: [1977/1978]  eta: 0:00:00    time: 0.0674  data: 0.0000  max mem: 2671
      Evaluation: Total time: 0:02:13 (0.0675 s / it)
     Computing matching score time 0:02:13
### TTA ITM Score: 
+-------------------+--------+--------+--------+--------+--------+
|       epoch       |   R1   |   R5   |  R10   |  mAP   |  mINP  |
+-------------------+--------+--------+--------+--------+--------+
|  cos_sim_wo/norm  | 58.544 | 91.860 | 95.703 | 73.596 | 73.596 |
|        -999       | 69.414 | 95.197 | 97.776 | 81.233 | 81.233 |
| itm_score_wo/norm | 84.328 | 98.989 | 99.494 | 91.293 | 91.293 |
|        -999       | 84.277 | 99.039 | 99.596 | 91.276 | 91.276 |
|         0         | 84.681 | 98.989 | 99.596 | 91.447 | 91.447 |
|         1         | 84.580 | 98.837 | 99.494 | 91.327 | 91.327 |
|         2         | 84.783 | 98.787 | 99.444 | 91.400 | 91.400 |
|         4         | 84.328 | 98.736 | 99.242 | 91.115 | 91.115 |
|         9         | 84.985 | 98.584 | 99.141 | 91.399 | 91.399 |
|         14        | 84.783 | 98.686 | 99.191 | 91.336 | 91.336 |
|         19        | 84.985 | 98.534 | 99.090 | 91.382 | 91.382 |
|         29        | 85.137 | 98.534 | 99.191 | 91.423 | 91.423 |
|         39        | 85.035 | 98.584 | 99.343 | 91.399 | 91.399 |
+-------------------+--------+--------+--------+--------+--------+
     logs:  {'epo': 39, 'R1': np.float32(85.035), 'R5': np.float32(98.584), 'R10': np.float32(99.343), 'mAP': np.float32(91.399), 'mINP': np.float32(91.399), 'entropy': 0.011275, 'uncertainty': 1.0, 'uncertainty_coeffi': 1.0, 'loss': 0.011275, 'lr': 9.8e-05}
      TTA Epoch: [40] [ 0/78]  eta: 0:00:18  entropy: 0.0019  uncertainty: 1.0000  uncertainty_coeffi: 1.0000  loss: 0.0019  lr: 0.000095  time: 0.2348  data: 0.1744  max mem: 2671
      TTA Epoch: [40] [77/78]  eta: 0:00:00  entropy: 0.0000  uncertainty: 1.0000  uncertainty_coeffi: 1.0000  loss: 0.0000  lr: 0.000091  time: 0.0602  data: 0.0005  max mem: 2671
      TTA Epoch: [40] Total time: 0:00:04 (0.0625 s / it)
     Averaged stats: entropy: 0.0092  uncertainty: 1.0000  uncertainty_coeffi: 1.0000  loss: 0.0092  lr: 0.0001
     itm tta time 0:00:04
      TTA Epoch: [41] [ 0/78]  eta: 0:00:18  entropy: 0.0012  uncertainty: 1.0000  uncertainty_coeffi: 1.0000  loss: 0.0012  lr: 0.000091  time: 0.2337  data: 0.1729  max mem: 2671
      TTA Epoch: [41] [77/78]  eta: 0:00:00  entropy: 0.0002  uncertainty: 1.0000  uncertainty_coeffi: 1.0000  loss: 0.0002  lr: 0.000086  time: 0.0596  data: 0.0000  max mem: 2671
      TTA Epoch: [41] Total time: 0:00:04 (0.0626 s / it)
     Averaged stats: entropy: 0.0101  uncertainty: 1.0000  uncertainty_coeffi: 1.0000  loss: 0.0101  lr: 0.0001
     itm tta time 0:00:04
      TTA Epoch: [42] [ 0/78]  eta: 0:00:20  entropy: 0.0023  uncertainty: 1.0000  uncertainty_coeffi: 1.0000  loss: 0.0023  lr: 0.000086  time: 0.2574  data: 0.1961  max mem: 2671
      TTA Epoch: [42] [77/78]  eta: 0:00:00  entropy: 0.0003  uncertainty: 1.0000  uncertainty_coeffi: 1.0000  loss: 0.0003  lr: 0.000082  time: 0.0598  data: 0.0000  max mem: 2671
      TTA Epoch: [42] Total time: 0:00:04 (0.0629 s / it)
     Averaged stats: entropy: 0.0105  uncertainty: 1.0000  uncertainty_coeffi: 1.0000  loss: 0.0105  lr: 0.0001
     itm tta time 0:00:04
      TTA Epoch: [43] [ 0/78]  eta: 0:00:18  entropy: 0.0064  uncertainty: 1.0000  uncertainty_coeffi: 1.0000  loss: 0.0064  lr: 0.000082  time: 0.2330  data: 0.1711  max mem: 2671
      TTA Epoch: [43] [77/78]  eta: 0:00:00  entropy: 0.0213  uncertainty: 1.0000  uncertainty_coeffi: 1.0000  loss: 0.0213  lr: 0.000077  time: 0.0602  data: 0.0000  max mem: 2671
      TTA Epoch: [43] Total time: 0:00:04 (0.0624 s / it)
     Averaged stats: entropy: 0.0067  uncertainty: 1.0000  uncertainty_coeffi: 1.0000  loss: 0.0067  lr: 0.0001
     itm tta time 0:00:04
      TTA Epoch: [44] [ 0/78]  eta: 0:00:17  entropy: 0.0036  uncertainty: 1.0000  uncertainty_coeffi: 1.0000  loss: 0.0036  lr: 0.000077  time: 0.2291  data: 0.1690  max mem: 2671
      TTA Epoch: [44] [77/78]  eta: 0:00:00  entropy: 0.0050  uncertainty: 1.0000  uncertainty_coeffi: 1.0000  loss: 0.0050  lr: 0.000029  time: 0.0602  data: 0.0000  max mem: 2671
      TTA Epoch: [44] Total time: 0:00:04 (0.0627 s / it)
     Averaged stats: entropy: 0.0099  uncertainty: 1.0000  uncertainty_coeffi: 1.0000  loss: 0.0099  lr: 0.0001
     itm tta time 0:00:04
      TTA Epoch: [45] [ 0/78]  eta: 0:00:17  entropy: 0.0102  uncertainty: 1.0000  uncertainty_coeffi: 1.0000  loss: 0.0102  lr: 0.000029  time: 0.2198  data: 0.1606  max mem: 2671
      TTA Epoch: [45] [77/78]  eta: 0:00:00  entropy: 0.0242  uncertainty: 1.0000  uncertainty_coeffi: 1.0000  loss: 0.0242  lr: 0.000027  time: 0.0603  data: 0.0005  max mem: 2671
      TTA Epoch: [45] Total time: 0:00:04 (0.0622 s / it)
     Averaged stats: entropy: 0.0116  uncertainty: 1.0000  uncertainty_coeffi: 1.0000  loss: 0.0116  lr: 0.0000
     itm tta time 0:00:04
      TTA Epoch: [46] [ 0/78]  eta: 0:00:18  entropy: 0.0000  uncertainty: 1.0000  uncertainty_coeffi: 1.0000  loss: 0.0000  lr: 0.000027  time: 0.2344  data: 0.1754  max mem: 2671
      TTA Epoch: [46] [77/78]  eta: 0:00:00  entropy: 0.0413  uncertainty: 1.0000  uncertainty_coeffi: 1.0000  loss: 0.0413  lr: 0.000025  time: 0.0599  data: 0.0000  max mem: 2671
      TTA Epoch: [46] Total time: 0:00:04 (0.0625 s / it)
     Averaged stats: entropy: 0.0109  uncertainty: 1.0000  uncertainty_coeffi: 1.0000  loss: 0.0109  lr: 0.0000
     itm tta time 0:00:04
      TTA Epoch: [47] [ 0/78]  eta: 0:00:19  entropy: 0.0182  uncertainty: 1.0000  uncertainty_coeffi: 1.0000  loss: 0.0182  lr: 0.000025  time: 0.2527  data: 0.1931  max mem: 2671
      TTA Epoch: [47] [77/78]  eta: 0:00:00  entropy: 0.0563  uncertainty: 1.0000  uncertainty_coeffi: 1.0000  loss: 0.0563  lr: 0.000023  time: 0.0602  data: 0.0000  max mem: 2671
      TTA Epoch: [47] Total time: 0:00:04 (0.0626 s / it)
     Averaged stats: entropy: 0.0109  uncertainty: 1.0000  uncertainty_coeffi: 1.0000  loss: 0.0109  lr: 0.0000
     itm tta time 0:00:04
      TTA Epoch: [48] [ 0/78]  eta: 0:00:19  entropy: 0.0431  uncertainty: 1.0000  uncertainty_coeffi: 1.0000  loss: 0.0431  lr: 0.000023  time: 0.2504  data: 0.1896  max mem: 2671
      TTA Epoch: [48] [77/78]  eta: 0:00:00  entropy: 0.0007  uncertainty: 1.0000  uncertainty_coeffi: 1.0000  loss: 0.0007  lr: 0.000022  time: 0.0603  data: 0.0000  max mem: 2671
      TTA Epoch: [48] Total time: 0:00:04 (0.0626 s / it)
     Averaged stats: entropy: 0.0098  uncertainty: 1.0000  uncertainty_coeffi: 1.0000  loss: 0.0098  lr: 0.0000
     itm tta time 0:00:04
      TTA Epoch: [49] [ 0/78]  eta: 0:00:17  entropy: 0.0024  uncertainty: 1.0000  uncertainty_coeffi: 1.0000  loss: 0.0024  lr: 0.000022  time: 0.2213  data: 0.1608  max mem: 2671
      TTA Epoch: [49] [77/78]  eta: 0:00:00  entropy: 0.0249  uncertainty: 1.0000  uncertainty_coeffi: 1.0000  loss: 0.0249  lr: 0.000020  time: 0.0606  data: 0.0001  max mem: 2671
      TTA Epoch: [49] Total time: 0:00:04 (0.0620 s / it)
     Averaged stats: entropy: 0.0078  uncertainty: 1.0000  uncertainty_coeffi: 1.0000  loss: 0.0078  lr: 0.0000
     itm tta time 0:00:04
     Computing matching score
      Evaluation: [   0/1978]  eta: 0:02:07    time: 0.0642  data: 0.0010  max mem: 2671
      Evaluation: [ 100/1978]  eta: 0:02:06    time: 0.0673  data: 0.0000  max mem: 2671
      Evaluation: [ 200/1978]  eta: 0:01:59    time: 0.0673  data: 0.0000  max mem: 2671
      Evaluation: [ 300/1978]  eta: 0:01:52    time: 0.0673  data: 0.0000  max mem: 2671
      Evaluation: [ 400/1978]  eta: 0:01:46    time: 0.0673  data: 0.0000  max mem: 2671
      Evaluation: [ 500/1978]  eta: 0:01:39    time: 0.0675  data: 0.0000  max mem: 2671
      Evaluation: [ 600/1978]  eta: 0:01:32    time: 0.0675  data: 0.0000  max mem: 2671
      Evaluation: [ 700/1978]  eta: 0:01:26    time: 0.0674  data: 0.0000  max mem: 2671
      Evaluation: [ 800/1978]  eta: 0:01:19    time: 0.0675  data: 0.0000  max mem: 2671
      Evaluation: [ 900/1978]  eta: 0:01:12    time: 0.0676  data: 0.0000  max mem: 2671
      Evaluation: [1000/1978]  eta: 0:01:05    time: 0.0675  data: 0.0000  max mem: 2671
      Evaluation: [1100/1978]  eta: 0:00:59    time: 0.0675  data: 0.0000  max mem: 2671
      Evaluation: [1200/1978]  eta: 0:00:52    time: 0.0679  data: 0.0000  max mem: 2671
      Evaluation: [1300/1978]  eta: 0:00:45    time: 0.0676  data: 0.0000  max mem: 2671
      Evaluation: [1400/1978]  eta: 0:00:38    time: 0.0675  data: 0.0000  max mem: 2671
      Evaluation: [1500/1978]  eta: 0:00:32    time: 0.0675  data: 0.0000  max mem: 2671
      Evaluation: [1600/1978]  eta: 0:00:25    time: 0.0675  data: 0.0000  max mem: 2671
      Evaluation: [1700/1978]  eta: 0:00:18    time: 0.0676  data: 0.0000  max mem: 2671
      Evaluation: [1800/1978]  eta: 0:00:12    time: 0.0677  data: 0.0000  max mem: 2671
      Evaluation: [1900/1978]  eta: 0:00:05    time: 0.0676  data: 0.0000  max mem: 2671
      Evaluation: [1977/1978]  eta: 0:00:00    time: 0.0676  data: 0.0000  max mem: 2671
      Evaluation: Total time: 0:02:13 (0.0675 s / it)
     Computing matching score time 0:02:13
### TTA ITM Score: 
+-------------------+--------+--------+--------+--------+--------+
|       epoch       |   R1   |   R5   |  R10   |  mAP   |  mINP  |
+-------------------+--------+--------+--------+--------+--------+
|  cos_sim_wo/norm  | 58.544 | 91.860 | 95.703 | 73.596 | 73.596 |
|        -999       | 69.414 | 95.197 | 97.776 | 81.233 | 81.233 |
| itm_score_wo/norm | 84.328 | 98.989 | 99.494 | 91.293 | 91.293 |
|        -999       | 84.277 | 99.039 | 99.596 | 91.276 | 91.276 |
|         0         | 84.681 | 98.989 | 99.596 | 91.447 | 91.447 |
|         1         | 84.580 | 98.837 | 99.494 | 91.327 | 91.327 |
|         2         | 84.783 | 98.787 | 99.444 | 91.400 | 91.400 |
|         4         | 84.328 | 98.736 | 99.242 | 91.115 | 91.115 |
|         9         | 84.985 | 98.584 | 99.141 | 91.399 | 91.399 |
|         14        | 84.783 | 98.686 | 99.191 | 91.336 | 91.336 |
|         19        | 84.985 | 98.534 | 99.090 | 91.382 | 91.382 |
|         29        | 85.137 | 98.534 | 99.191 | 91.423 | 91.423 |
|         39        | 85.035 | 98.584 | 99.343 | 91.399 | 91.399 |
|         49        | 85.035 | 98.635 | 99.242 | 91.397 | 91.397 |
+-------------------+--------+--------+--------+--------+--------+
     logs:  {'epo': 49, 'R1': np.float32(85.035), 'R5': np.float32(98.635), 'R10': np.float32(99.242), 'mAP': np.float32(91.397), 'mINP': np.float32(91.397), 'entropy': 0.007803, 'uncertainty': 1.0, 'uncertainty_coeffi': 1.0, 'loss': 0.007803, 'lr': 2.1e-05}
      TTA Epoch: [50] [ 0/78]  eta: 0:00:18  entropy: 0.0212  uncertainty: 1.0000  uncertainty_coeffi: 1.0000  loss: 0.0212  lr: 0.000020  time: 0.2376  data: 0.1759  max mem: 2671
      TTA Epoch: [50] [77/78]  eta: 0:00:00  entropy: 0.0023  uncertainty: 1.0000  uncertainty_coeffi: 1.0000  loss: 0.0023  lr: 0.000018  time: 0.0603  data: 0.0000  max mem: 2671
      TTA Epoch: [50] Total time: 0:00:04 (0.0623 s / it)
     Averaged stats: entropy: 0.0104  uncertainty: 1.0000  uncertainty_coeffi: 1.0000  loss: 0.0104  lr: 0.0000
     itm tta time 0:00:04
      TTA Epoch: [51] [ 0/78]  eta: 0:00:18  entropy: 0.0001  uncertainty: 1.0000  uncertainty_coeffi: 1.0000  loss: 0.0001  lr: 0.000018  time: 0.2344  data: 0.1727  max mem: 2671
      TTA Epoch: [51] [77/78]  eta: 0:00:00  entropy: 0.0014  uncertainty: 1.0000  uncertainty_coeffi: 1.0000  loss: 0.0014  lr: 0.000016  time: 0.0606  data: 0.0000  max mem: 2671
      TTA Epoch: [51] Total time: 0:00:04 (0.0623 s / it)
     Averaged stats: entropy: 0.0101  uncertainty: 1.0000  uncertainty_coeffi: 1.0000  loss: 0.0101  lr: 0.0000
     itm tta time 0:00:04
      TTA Epoch: [52] [ 0/78]  eta: 0:00:17  entropy: 0.0000  uncertainty: 1.0000  uncertainty_coeffi: 1.0000  loss: 0.0000  lr: 0.000016  time: 0.2273  data: 0.1672  max mem: 2671
      TTA Epoch: [52] [77/78]  eta: 0:00:00  entropy: 0.0446  uncertainty: 1.0000  uncertainty_coeffi: 1.0000  loss: 0.0446  lr: 0.000014  time: 0.0601  data: 0.0000  max mem: 2671
      TTA Epoch: [52] Total time: 0:00:04 (0.0622 s / it)
     Averaged stats: entropy: 0.0122  uncertainty: 1.0000  uncertainty_coeffi: 1.0000  loss: 0.0122  lr: 0.0000
     itm tta time 0:00:04
      TTA Epoch: [53] [ 0/78]  eta: 0:00:17  entropy: 0.0158  uncertainty: 1.0000  uncertainty_coeffi: 1.0000  loss: 0.0158  lr: 0.000014  time: 0.2227  data: 0.1634  max mem: 2671
      TTA Epoch: [53] [77/78]  eta: 0:00:00  entropy: 0.0250  uncertainty: 1.0000  uncertainty_coeffi: 1.0000  loss: 0.0250  lr: 0.000012  time: 0.0598  data: 0.0000  max mem: 2671
      TTA Epoch: [53] Total time: 0:00:04 (0.0619 s / it)
     Averaged stats: entropy: 0.0075  uncertainty: 1.0000  uncertainty_coeffi: 1.0000  loss: 0.0075  lr: 0.0000
     itm tta time 0:00:04
      TTA Epoch: [54] [ 0/78]  eta: 0:00:17  entropy: 0.0105  uncertainty: 1.0000  uncertainty_coeffi: 1.0000  loss: 0.0105  lr: 0.000012  time: 0.2289  data: 0.1675  max mem: 2671
      TTA Epoch: [54] [77/78]  eta: 0:00:00  entropy: 0.0001  uncertainty: 1.0000  uncertainty_coeffi: 1.0000  loss: 0.0001  lr: 0.000011  time: 0.0598  data: 0.0000  max mem: 2671
      TTA Epoch: [54] Total time: 0:00:04 (0.0622 s / it)
     Averaged stats: entropy: 0.0084  uncertainty: 1.0000  uncertainty_coeffi: 1.0000  loss: 0.0084  lr: 0.0000
     itm tta time 0:00:04
      TTA Epoch: [55] [ 0/78]  eta: 0:00:19  entropy: 0.0011  uncertainty: 1.0000  uncertainty_coeffi: 1.0000  loss: 0.0011  lr: 0.000011  time: 0.2465  data: 0.1855  max mem: 2671
      TTA Epoch: [55] [77/78]  eta: 0:00:00  entropy: 0.0473  uncertainty: 1.0000  uncertainty_coeffi: 1.0000  loss: 0.0473  lr: 0.000009  time: 0.0598  data: 0.0000  max mem: 2671
      TTA Epoch: [55] Total time: 0:00:04 (0.0625 s / it)
     Averaged stats: entropy: 0.0104  uncertainty: 1.0000  uncertainty_coeffi: 1.0000  loss: 0.0104  lr: 0.0000
     itm tta time 0:00:04
      TTA Epoch: [56] [ 0/78]  eta: 0:00:18  entropy: 0.0071  uncertainty: 1.0000  uncertainty_coeffi: 1.0000  loss: 0.0071  lr: 0.000009  time: 0.2325  data: 0.1716  max mem: 2671
      TTA Epoch: [56] [77/78]  eta: 0:00:00  entropy: 0.0039  uncertainty: 1.0000  uncertainty_coeffi: 1.0000  loss: 0.0039  lr: 0.000007  time: 0.0597  data: 0.0000  max mem: 2671
      TTA Epoch: [56] Total time: 0:00:04 (0.0624 s / it)
     Averaged stats: entropy: 0.0090  uncertainty: 1.0000  uncertainty_coeffi: 1.0000  loss: 0.0090  lr: 0.0000
     itm tta time 0:00:04
      TTA Epoch: [57] [ 0/78]  eta: 0:00:19  entropy: 0.0028  uncertainty: 1.0000  uncertainty_coeffi: 1.0000  loss: 0.0028  lr: 0.000007  time: 0.2492  data: 0.1888  max mem: 2671
      TTA Epoch: [57] [77/78]  eta: 0:00:00  entropy: 0.0005  uncertainty: 1.0000  uncertainty_coeffi: 1.0000  loss: 0.0005  lr: 0.000005  time: 0.0599  data: 0.0000  max mem: 2671
      TTA Epoch: [57] Total time: 0:00:04 (0.0623 s / it)
     Averaged stats: entropy: 0.0138  uncertainty: 1.0000  uncertainty_coeffi: 1.0000  loss: 0.0138  lr: 0.0000
     itm tta time 0:00:04
      TTA Epoch: [58] [ 0/78]  eta: 0:00:18  entropy: 0.0000  uncertainty: 1.0000  uncertainty_coeffi: 1.0000  loss: 0.0000  lr: 0.000005  time: 0.2364  data: 0.1752  max mem: 2671
      TTA Epoch: [58] [77/78]  eta: 0:00:00  entropy: 0.0004  uncertainty: 1.0000  uncertainty_coeffi: 1.0000  loss: 0.0004  lr: 0.000003  time: 0.0599  data: 0.0000  max mem: 2671
      TTA Epoch: [58] Total time: 0:00:04 (0.0625 s / it)
     Averaged stats: entropy: 0.0090  uncertainty: 1.0000  uncertainty_coeffi: 1.0000  loss: 0.0090  lr: 0.0000
     itm tta time 0:00:04
      TTA Epoch: [59] [ 0/78]  eta: 0:00:18  entropy: 0.0017  uncertainty: 1.0000  uncertainty_coeffi: 1.0000  loss: 0.0017  lr: 0.000003  time: 0.2313  data: 0.1694  max mem: 2671
      TTA Epoch: [59] [77/78]  eta: 0:00:00  entropy: 0.0000  uncertainty: 1.0000  uncertainty_coeffi: 1.0000  loss: 0.0000  lr: 0.000001  time: 0.0603  data: 0.0000  max mem: 2671
      TTA Epoch: [59] Total time: 0:00:04 (0.0623 s / it)
     Averaged stats: entropy: 0.0077  uncertainty: 1.0000  uncertainty_coeffi: 1.0000  loss: 0.0077  lr: 0.0000
     itm tta time 0:00:04
     Computing matching score
      Evaluation: [   0/1978]  eta: 0:02:04    time: 0.0628  data: 0.0009  max mem: 2671
      Evaluation: [ 100/1978]  eta: 0:02:06    time: 0.0673  data: 0.0000  max mem: 2671
      Evaluation: [ 200/1978]  eta: 0:01:59    time: 0.0675  data: 0.0000  max mem: 2671
      Evaluation: [ 300/1978]  eta: 0:01:53    time: 0.0674  data: 0.0000  max mem: 2671
      Evaluation: [ 400/1978]  eta: 0:01:46    time: 0.0674  data: 0.0000  max mem: 2671
      Evaluation: [ 500/1978]  eta: 0:01:39    time: 0.0675  data: 0.0000  max mem: 2671
      Evaluation: [ 600/1978]  eta: 0:01:32    time: 0.0675  data: 0.0000  max mem: 2671
      Evaluation: [ 700/1978]  eta: 0:01:26    time: 0.0675  data: 0.0000  max mem: 2671
      Evaluation: [ 800/1978]  eta: 0:01:19    time: 0.0675  data: 0.0000  max mem: 2671
      Evaluation: [ 900/1978]  eta: 0:01:12    time: 0.0674  data: 0.0000  max mem: 2671
      Evaluation: [1000/1978]  eta: 0:01:05    time: 0.0675  data: 0.0000  max mem: 2671
      Evaluation: [1100/1978]  eta: 0:00:59    time: 0.0676  data: 0.0000  max mem: 2671
      Evaluation: [1200/1978]  eta: 0:00:52    time: 0.0676  data: 0.0000  max mem: 2671
      Evaluation: [1300/1978]  eta: 0:00:45    time: 0.0675  data: 0.0000  max mem: 2671
      Evaluation: [1400/1978]  eta: 0:00:38    time: 0.0675  data: 0.0000  max mem: 2671
      Evaluation: [1500/1978]  eta: 0:00:32    time: 0.0676  data: 0.0000  max mem: 2671
      Evaluation: [1600/1978]  eta: 0:00:25    time: 0.0676  data: 0.0000  max mem: 2671
      Evaluation: [1700/1978]  eta: 0:00:18    time: 0.0675  data: 0.0000  max mem: 2671
      Evaluation: [1800/1978]  eta: 0:00:12    time: 0.0676  data: 0.0000  max mem: 2671
      Evaluation: [1900/1978]  eta: 0:00:05    time: 0.0676  data: 0.0000  max mem: 2671
      Evaluation: [1977/1978]  eta: 0:00:00    time: 0.0675  data: 0.0000  max mem: 2671
      Evaluation: Total time: 0:02:13 (0.0675 s / it)
     Computing matching score time 0:02:13
### TTA ITM Score: 
+-------------------+--------+--------+--------+--------+--------+
|       epoch       |   R1   |   R5   |  R10   |  mAP   |  mINP  |
+-------------------+--------+--------+--------+--------+--------+
|  cos_sim_wo/norm  | 58.544 | 91.860 | 95.703 | 73.596 | 73.596 |
|        -999       | 69.414 | 95.197 | 97.776 | 81.233 | 81.233 |
| itm_score_wo/norm | 84.328 | 98.989 | 99.494 | 91.293 | 91.293 |
|        -999       | 84.277 | 99.039 | 99.596 | 91.276 | 91.276 |
|         0         | 84.681 | 98.989 | 99.596 | 91.447 | 91.447 |
|         1         | 84.580 | 98.837 | 99.494 | 91.327 | 91.327 |
|         2         | 84.783 | 98.787 | 99.444 | 91.400 | 91.400 |
|         4         | 84.328 | 98.736 | 99.242 | 91.115 | 91.115 |
|         9         | 84.985 | 98.584 | 99.141 | 91.399 | 91.399 |
|         14        | 84.783 | 98.686 | 99.191 | 91.336 | 91.336 |
|         19        | 84.985 | 98.534 | 99.090 | 91.382 | 91.382 |
|         29        | 85.137 | 98.534 | 99.191 | 91.423 | 91.423 |
|         39        | 85.035 | 98.584 | 99.343 | 91.399 | 91.399 |
|         49        | 85.035 | 98.635 | 99.242 | 91.397 | 91.397 |
|         59        | 84.985 | 98.584 | 99.343 | 91.378 | 91.378 |
+-------------------+--------+--------+--------+--------+--------+
     logs:  {'epo': 59, 'R1': np.float32(84.985), 'R5': np.float32(98.584), 'R10': np.float32(99.343), 'mAP': np.float32(91.378), 'mINP': np.float32(91.378), 'entropy': 0.007688, 'uncertainty': 1.0, 'uncertainty_coeffi': 1.0, 'loss': 0.007688, 'lr': 2e-06}
### best epoch: 29
### Time 0:29:32
NNODES,  1
NODE_RANK,  0
MASTER_ADDR,  127.0.0.1
MASTER_PORT,  1612
NPROC_PER_NODE,  2
task:  exp2.0.1
config:  configs_rerun3/exp2.0.1.yaml
output_dir:  output_rerun3/exp2.0.1/2025091923185
python3 tta.py --config configs_rerun3/exp2.0.1.yaml --task exp2.0.1 --output_dir output_rerun3/exp2.0.1/2025091923185 --checkpoint checkpoint/cmp.pth --bs 0 --epo 0 --lr 0.0 --seed 42 --tta
