/home/jiahao/miniconda3/envs/cmp/lib/python3.10/site-packages/torch/functional.py:554: UserWarning: torch.meshgrid: in an upcoming release, it will be required to pass the indexing argument. (Triggered internally at /pytorch/aten/src/ATen/native/TensorShape.cpp:4322.)
  return _VF.meshgrid(tensors, **kwargs)  # type: ignore[attr-defined]
Not using distributed mode
### Hyper-parameters:
     seed: 42
     device: cuda
     output_dir: output_rerun3/exp2.1.2/2025092002114
     batch_size_tta: 32
     epochs: 60
     lr: 0.0001
### Creating test dataset
from data/PAB/annotation/test/attr.json loading 1978 data
     test dataset -->    be_pose_img: True
     test_dataset: 1978
### Creating test dataloader
### be careful: func create_loader returns a list length of 1
     test_loader: 90
### Creating model
build_vision_encoder: load swin 224 x 224 ====>
missing_keys:  []
unexpected_keys:  ['head.weight', 'head.bias']
build_text_encoder: load bert ====>
missing_keys: ['bert.encoder.layer.10.crossattention.output.LayerNorm.bias', 'bert.encoder.layer.10.crossattention.output.LayerNorm.weight', 'bert.encoder.layer.10.crossattention.output.dense.bias', 'bert.encoder.layer.10.crossattention.output.dense.weight', 'bert.encoder.layer.10.crossattention.self.key.bias', 'bert.encoder.layer.10.crossattention.self.key.weight', 'bert.encoder.layer.10.crossattention.self.query.bias', 'bert.encoder.layer.10.crossattention.self.query.weight', 'bert.encoder.layer.10.crossattention.self.value.bias', 'bert.encoder.layer.10.crossattention.self.value.weight', 'bert.encoder.layer.11.crossattention.output.LayerNorm.bias', 'bert.encoder.layer.11.crossattention.output.LayerNorm.weight', 'bert.encoder.layer.11.crossattention.output.dense.bias', 'bert.encoder.layer.11.crossattention.output.dense.weight', 'bert.encoder.layer.11.crossattention.self.key.bias', 'bert.encoder.layer.11.crossattention.self.key.weight', 'bert.encoder.layer.11.crossattention.self.query.bias', 'bert.encoder.layer.11.crossattention.self.query.weight', 'bert.encoder.layer.11.crossattention.self.value.bias', 'bert.encoder.layer.11.crossattention.self.value.weight', 'bert.encoder.layer.6.crossattention.output.LayerNorm.bias', 'bert.encoder.layer.6.crossattention.output.LayerNorm.weight', 'bert.encoder.layer.6.crossattention.output.dense.bias', 'bert.encoder.layer.6.crossattention.output.dense.weight', 'bert.encoder.layer.6.crossattention.self.key.bias', 'bert.encoder.layer.6.crossattention.self.key.weight', 'bert.encoder.layer.6.crossattention.self.query.bias', 'bert.encoder.layer.6.crossattention.self.query.weight', 'bert.encoder.layer.6.crossattention.self.value.bias', 'bert.encoder.layer.6.crossattention.self.value.weight', 'bert.encoder.layer.7.crossattention.output.LayerNorm.bias', 'bert.encoder.layer.7.crossattention.output.LayerNorm.weight', 'bert.encoder.layer.7.crossattention.output.dense.bias', 'bert.encoder.layer.7.crossattention.output.dense.weight', 'bert.encoder.layer.7.crossattention.self.key.bias', 'bert.encoder.layer.7.crossattention.self.key.weight', 'bert.encoder.layer.7.crossattention.self.query.bias', 'bert.encoder.layer.7.crossattention.self.query.weight', 'bert.encoder.layer.7.crossattention.self.value.bias', 'bert.encoder.layer.7.crossattention.self.value.weight', 'bert.encoder.layer.8.crossattention.output.LayerNorm.bias', 'bert.encoder.layer.8.crossattention.output.LayerNorm.weight', 'bert.encoder.layer.8.crossattention.output.dense.bias', 'bert.encoder.layer.8.crossattention.output.dense.weight', 'bert.encoder.layer.8.crossattention.self.key.bias', 'bert.encoder.layer.8.crossattention.self.key.weight', 'bert.encoder.layer.8.crossattention.self.query.bias', 'bert.encoder.layer.8.crossattention.self.query.weight', 'bert.encoder.layer.8.crossattention.self.value.bias', 'bert.encoder.layer.8.crossattention.self.value.weight', 'bert.encoder.layer.9.crossattention.output.LayerNorm.bias', 'bert.encoder.layer.9.crossattention.output.LayerNorm.weight', 'bert.encoder.layer.9.crossattention.output.dense.bias', 'bert.encoder.layer.9.crossattention.output.dense.weight', 'bert.encoder.layer.9.crossattention.self.key.bias', 'bert.encoder.layer.9.crossattention.self.key.weight', 'bert.encoder.layer.9.crossattention.self.query.bias', 'bert.encoder.layer.9.crossattention.self.query.weight', 'bert.encoder.layer.9.crossattention.self.value.bias', 'bert.encoder.layer.9.crossattention.self.value.weight']
unexpected_keys: ['cls.seq_relationship.bias', 'cls.seq_relationship.weight']
mismatched_keys: []
error_msgs: []
Label Smooth: 0.2
pose_conv
load checkpoint from checkpoint/cmp.pth
missing_keys:  ['uncertainty_temper', 'prompt_learning_embedding']
unexpected_keys:  []
     Total Params Sum:  254264985
### Inference ITC similiarity matrix
### Zero-Shot Score: 
+-------------------+--------+--------+--------+--------+--------+
|       epoch       |   R1   |   R5   |  R10   |  mAP   |  mINP  |
+-------------------+--------+--------+--------+--------+--------+
|  cos_sim_wo/norm  | 58.544 | 91.860 | 95.703 | 73.596 | 73.596 |
|        -999       | 69.414 | 95.197 | 97.776 | 81.233 | 81.233 |
| itm_score_wo/norm | 84.328 | 98.989 | 99.494 | 91.293 | 91.293 |
|        -999       | 84.277 | 99.039 | 99.596 | 91.276 | 91.276 |
+-------------------+--------+--------+--------+--------+--------+
### TTA:
     preprocess_tta_coefficients  start
     sample selection ...
     number of sample after sample_selection: 1257
     uncertainty ...
     preprocess_tta_coefficients  end
### Creating tta dataset
     tta_dataset: 1257
### Creating tta dataloader
### be careful: func create_loader returns a list length of 1
     tta_loader: 39
### Configure adapted weights
     TTA Dropout Modules: 
 [('vision_encoder.pos_drop', Dropout(p=0, inplace=False), True), ('vision_encoder.layers.0.blocks.0.attn.attn_drop', Dropout(p=0.0, inplace=False), True), ('vision_encoder.layers.0.blocks.0.attn.proj_drop', Dropout(p=0, inplace=False), True), ('vision_encoder.layers.0.blocks.0.mlp.drop', Dropout(p=0, inplace=False), True), ('vision_encoder.layers.0.blocks.1.attn.attn_drop', Dropout(p=0.0, inplace=False), True), ('vision_encoder.layers.0.blocks.1.attn.proj_drop', Dropout(p=0, inplace=False), True), ('vision_encoder.layers.0.blocks.1.mlp.drop', Dropout(p=0, inplace=False), True), ('vision_encoder.layers.1.blocks.0.attn.attn_drop', Dropout(p=0.0, inplace=False), True), ('vision_encoder.layers.1.blocks.0.attn.proj_drop', Dropout(p=0, inplace=False), True), ('vision_encoder.layers.1.blocks.0.mlp.drop', Dropout(p=0, inplace=False), True), ('vision_encoder.layers.1.blocks.1.attn.attn_drop', Dropout(p=0.0, inplace=False), True), ('vision_encoder.layers.1.blocks.1.attn.proj_drop', Dropout(p=0, inplace=False), True), ('vision_encoder.layers.1.blocks.1.mlp.drop', Dropout(p=0, inplace=False), True), ('vision_encoder.layers.2.blocks.0.attn.attn_drop', Dropout(p=0.0, inplace=False), True), ('vision_encoder.layers.2.blocks.0.attn.proj_drop', Dropout(p=0, inplace=False), True), ('vision_encoder.layers.2.blocks.0.mlp.drop', Dropout(p=0, inplace=False), True), ('vision_encoder.layers.2.blocks.1.attn.attn_drop', Dropout(p=0.0, inplace=False), True), ('vision_encoder.layers.2.blocks.1.attn.proj_drop', Dropout(p=0, inplace=False), True), ('vision_encoder.layers.2.blocks.1.mlp.drop', Dropout(p=0, inplace=False), True), ('vision_encoder.layers.2.blocks.2.attn.attn_drop', Dropout(p=0.0, inplace=False), True), ('vision_encoder.layers.2.blocks.2.attn.proj_drop', Dropout(p=0, inplace=False), True), ('vision_encoder.layers.2.blocks.2.mlp.drop', Dropout(p=0, inplace=False), True), ('vision_encoder.layers.2.blocks.3.attn.attn_drop', Dropout(p=0.0, inplace=False), True), ('vision_encoder.layers.2.blocks.3.attn.proj_drop', Dropout(p=0, inplace=False), True), ('vision_encoder.layers.2.blocks.3.mlp.drop', Dropout(p=0, inplace=False), True), ('vision_encoder.layers.2.blocks.4.attn.attn_drop', Dropout(p=0.0, inplace=False), True), ('vision_encoder.layers.2.blocks.4.attn.proj_drop', Dropout(p=0, inplace=False), True), ('vision_encoder.layers.2.blocks.4.mlp.drop', Dropout(p=0, inplace=False), True), ('vision_encoder.layers.2.blocks.5.attn.attn_drop', Dropout(p=0.0, inplace=False), True), ('vision_encoder.layers.2.blocks.5.attn.proj_drop', Dropout(p=0, inplace=False), True), ('vision_encoder.layers.2.blocks.5.mlp.drop', Dropout(p=0, inplace=False), True), ('vision_encoder.layers.2.blocks.6.attn.attn_drop', Dropout(p=0.0, inplace=False), True), ('vision_encoder.layers.2.blocks.6.attn.proj_drop', Dropout(p=0, inplace=False), True), ('vision_encoder.layers.2.blocks.6.mlp.drop', Dropout(p=0, inplace=False), True), ('vision_encoder.layers.2.blocks.7.attn.attn_drop', Dropout(p=0.0, inplace=False), True), ('vision_encoder.layers.2.blocks.7.attn.proj_drop', Dropout(p=0, inplace=False), True), ('vision_encoder.layers.2.blocks.7.mlp.drop', Dropout(p=0, inplace=False), True), ('vision_encoder.layers.2.blocks.8.attn.attn_drop', Dropout(p=0.0, inplace=False), True), ('vision_encoder.layers.2.blocks.8.attn.proj_drop', Dropout(p=0, inplace=False), True), ('vision_encoder.layers.2.blocks.8.mlp.drop', Dropout(p=0, inplace=False), True), ('vision_encoder.layers.2.blocks.9.attn.attn_drop', Dropout(p=0.0, inplace=False), True), ('vision_encoder.layers.2.blocks.9.attn.proj_drop', Dropout(p=0, inplace=False), True), ('vision_encoder.layers.2.blocks.9.mlp.drop', Dropout(p=0, inplace=False), True), ('vision_encoder.layers.2.blocks.10.attn.attn_drop', Dropout(p=0.0, inplace=False), True), ('vision_encoder.layers.2.blocks.10.attn.proj_drop', Dropout(p=0, inplace=False), True), ('vision_encoder.layers.2.blocks.10.mlp.drop', Dropout(p=0, inplace=False), True), ('vision_encoder.layers.2.blocks.11.attn.attn_drop', Dropout(p=0.0, inplace=False), True), ('vision_encoder.layers.2.blocks.11.attn.proj_drop', Dropout(p=0, inplace=False), True), ('vision_encoder.layers.2.blocks.11.mlp.drop', Dropout(p=0, inplace=False), True), ('vision_encoder.layers.2.blocks.12.attn.attn_drop', Dropout(p=0.0, inplace=False), True), ('vision_encoder.layers.2.blocks.12.attn.proj_drop', Dropout(p=0, inplace=False), True), ('vision_encoder.layers.2.blocks.12.mlp.drop', Dropout(p=0, inplace=False), True), ('vision_encoder.layers.2.blocks.13.attn.attn_drop', Dropout(p=0.0, inplace=False), True), ('vision_encoder.layers.2.blocks.13.attn.proj_drop', Dropout(p=0, inplace=False), True), ('vision_encoder.layers.2.blocks.13.mlp.drop', Dropout(p=0, inplace=False), True), ('vision_encoder.layers.2.blocks.14.attn.attn_drop', Dropout(p=0.0, inplace=False), True), ('vision_encoder.layers.2.blocks.14.attn.proj_drop', Dropout(p=0, inplace=False), True), ('vision_encoder.layers.2.blocks.14.mlp.drop', Dropout(p=0, inplace=False), True), ('vision_encoder.layers.2.blocks.15.attn.attn_drop', Dropout(p=0.0, inplace=False), True), ('vision_encoder.layers.2.blocks.15.attn.proj_drop', Dropout(p=0, inplace=False), True), ('vision_encoder.layers.2.blocks.15.mlp.drop', Dropout(p=0, inplace=False), True), ('vision_encoder.layers.2.blocks.16.attn.attn_drop', Dropout(p=0.0, inplace=False), True), ('vision_encoder.layers.2.blocks.16.attn.proj_drop', Dropout(p=0, inplace=False), True), ('vision_encoder.layers.2.blocks.16.mlp.drop', Dropout(p=0, inplace=False), True), ('vision_encoder.layers.2.blocks.17.attn.attn_drop', Dropout(p=0.0, inplace=False), True), ('vision_encoder.layers.2.blocks.17.attn.proj_drop', Dropout(p=0, inplace=False), True), ('vision_encoder.layers.2.blocks.17.mlp.drop', Dropout(p=0, inplace=False), True), ('vision_encoder.layers.3.blocks.0.attn.attn_drop', Dropout(p=0.0, inplace=False), True), ('vision_encoder.layers.3.blocks.0.attn.proj_drop', Dropout(p=0, inplace=False), True), ('vision_encoder.layers.3.blocks.0.mlp.drop', Dropout(p=0, inplace=False), True), ('vision_encoder.layers.3.blocks.1.attn.attn_drop', Dropout(p=0.0, inplace=False), True), ('vision_encoder.layers.3.blocks.1.attn.proj_drop', Dropout(p=0, inplace=False), True), ('vision_encoder.layers.3.blocks.1.mlp.drop', Dropout(p=0, inplace=False), True), ('text_encoder.bert.embeddings.dropout', Dropout(p=0.1, inplace=False), True), ('text_encoder.bert.encoder.layer.0.attention.self.dropout', Dropout(p=0.1, inplace=False), True), ('text_encoder.bert.encoder.layer.0.attention.output.dropout', Dropout(p=0.1, inplace=False), True), ('text_encoder.bert.encoder.layer.0.output.dropout', Dropout(p=0.1, inplace=False), True), ('text_encoder.bert.encoder.layer.1.attention.self.dropout', Dropout(p=0.1, inplace=False), True), ('text_encoder.bert.encoder.layer.1.attention.output.dropout', Dropout(p=0.1, inplace=False), True), ('text_encoder.bert.encoder.layer.1.output.dropout', Dropout(p=0.1, inplace=False), True), ('text_encoder.bert.encoder.layer.2.attention.self.dropout', Dropout(p=0.1, inplace=False), True), ('text_encoder.bert.encoder.layer.2.attention.output.dropout', Dropout(p=0.1, inplace=False), True), ('text_encoder.bert.encoder.layer.2.output.dropout', Dropout(p=0.1, inplace=False), True), ('text_encoder.bert.encoder.layer.3.attention.self.dropout', Dropout(p=0.1, inplace=False), True), ('text_encoder.bert.encoder.layer.3.attention.output.dropout', Dropout(p=0.1, inplace=False), True), ('text_encoder.bert.encoder.layer.3.output.dropout', Dropout(p=0.1, inplace=False), True), ('text_encoder.bert.encoder.layer.4.attention.self.dropout', Dropout(p=0.1, inplace=False), True), ('text_encoder.bert.encoder.layer.4.attention.output.dropout', Dropout(p=0.1, inplace=False), True), ('text_encoder.bert.encoder.layer.4.output.dropout', Dropout(p=0.1, inplace=False), True), ('text_encoder.bert.encoder.layer.5.attention.self.dropout', Dropout(p=0.1, inplace=False), True), ('text_encoder.bert.encoder.layer.5.attention.output.dropout', Dropout(p=0.1, inplace=False), True), ('text_encoder.bert.encoder.layer.5.output.dropout', Dropout(p=0.1, inplace=False), True), ('text_encoder.bert.encoder.layer.6.attention.self.dropout', Dropout(p=0.1, inplace=False), True), ('text_encoder.bert.encoder.layer.6.attention.output.dropout', Dropout(p=0.1, inplace=False), True), ('text_encoder.bert.encoder.layer.6.crossattention.self.dropout', Dropout(p=0.1, inplace=False), True), ('text_encoder.bert.encoder.layer.6.crossattention.output.dropout', Dropout(p=0.1, inplace=False), True), ('text_encoder.bert.encoder.layer.6.output.dropout', Dropout(p=0.1, inplace=False), True), ('text_encoder.bert.encoder.layer.7.attention.self.dropout', Dropout(p=0.1, inplace=False), True), ('text_encoder.bert.encoder.layer.7.attention.output.dropout', Dropout(p=0.1, inplace=False), True), ('text_encoder.bert.encoder.layer.7.crossattention.self.dropout', Dropout(p=0.1, inplace=False), True), ('text_encoder.bert.encoder.layer.7.crossattention.output.dropout', Dropout(p=0.1, inplace=False), True), ('text_encoder.bert.encoder.layer.7.output.dropout', Dropout(p=0.1, inplace=False), True), ('text_encoder.bert.encoder.layer.8.attention.self.dropout', Dropout(p=0.1, inplace=False), True), ('text_encoder.bert.encoder.layer.8.attention.output.dropout', Dropout(p=0.1, inplace=False), True), ('text_encoder.bert.encoder.layer.8.crossattention.self.dropout', Dropout(p=0.1, inplace=False), True), ('text_encoder.bert.encoder.layer.8.crossattention.output.dropout', Dropout(p=0.1, inplace=False), True), ('text_encoder.bert.encoder.layer.8.output.dropout', Dropout(p=0.1, inplace=False), True), ('text_encoder.bert.encoder.layer.9.attention.self.dropout', Dropout(p=0.1, inplace=False), True), ('text_encoder.bert.encoder.layer.9.attention.output.dropout', Dropout(p=0.1, inplace=False), True), ('text_encoder.bert.encoder.layer.9.crossattention.self.dropout', Dropout(p=0.1, inplace=False), True), ('text_encoder.bert.encoder.layer.9.crossattention.output.dropout', Dropout(p=0.1, inplace=False), True), ('text_encoder.bert.encoder.layer.9.output.dropout', Dropout(p=0.1, inplace=False), True), ('text_encoder.bert.encoder.layer.10.attention.self.dropout', Dropout(p=0.1, inplace=False), True), ('text_encoder.bert.encoder.layer.10.attention.output.dropout', Dropout(p=0.1, inplace=False), True), ('text_encoder.bert.encoder.layer.10.crossattention.self.dropout', Dropout(p=0.1, inplace=False), True), ('text_encoder.bert.encoder.layer.10.crossattention.output.dropout', Dropout(p=0.1, inplace=False), True), ('text_encoder.bert.encoder.layer.10.output.dropout', Dropout(p=0.1, inplace=False), True), ('text_encoder.bert.encoder.layer.11.attention.self.dropout', Dropout(p=0.1, inplace=False), True), ('text_encoder.bert.encoder.layer.11.attention.output.dropout', Dropout(p=0.1, inplace=False), True), ('text_encoder.bert.encoder.layer.11.crossattention.self.dropout', Dropout(p=0.1, inplace=False), True), ('text_encoder.bert.encoder.layer.11.crossattention.output.dropout', Dropout(p=0.1, inplace=False), True), ('text_encoder.bert.encoder.layer.11.output.dropout', Dropout(p=0.1, inplace=False), True), ('vision_proj.1', Dropout(p=0.5, inplace=False), True), ('text_proj.1', Dropout(p=0.5, inplace=False), True), ('pose_block.attn.attn_drop', Dropout(p=0.0, inplace=False), True), ('pose_block.attn.proj_drop', Dropout(p=0.0, inplace=False), True)]
     TTA Require Gradient Params: 
 [('text_encoder.bert.embeddings.LayerNorm.weight', torch.Size([768])), ('text_encoder.bert.embeddings.LayerNorm.bias', torch.Size([768])), ('text_encoder.bert.encoder.layer.6.attention.output.LayerNorm.weight', torch.Size([768])), ('text_encoder.bert.encoder.layer.6.attention.output.LayerNorm.bias', torch.Size([768])), ('text_encoder.bert.encoder.layer.6.crossattention.output.LayerNorm.weight', torch.Size([768])), ('text_encoder.bert.encoder.layer.6.crossattention.output.LayerNorm.bias', torch.Size([768])), ('text_encoder.bert.encoder.layer.6.output.LayerNorm.weight', torch.Size([768])), ('text_encoder.bert.encoder.layer.6.output.LayerNorm.bias', torch.Size([768])), ('text_encoder.bert.encoder.layer.7.attention.output.LayerNorm.weight', torch.Size([768])), ('text_encoder.bert.encoder.layer.7.attention.output.LayerNorm.bias', torch.Size([768])), ('text_encoder.bert.encoder.layer.7.crossattention.output.LayerNorm.weight', torch.Size([768])), ('text_encoder.bert.encoder.layer.7.crossattention.output.LayerNorm.bias', torch.Size([768])), ('text_encoder.bert.encoder.layer.7.output.LayerNorm.weight', torch.Size([768])), ('text_encoder.bert.encoder.layer.7.output.LayerNorm.bias', torch.Size([768])), ('text_encoder.bert.encoder.layer.8.attention.output.LayerNorm.weight', torch.Size([768])), ('text_encoder.bert.encoder.layer.8.attention.output.LayerNorm.bias', torch.Size([768])), ('text_encoder.bert.encoder.layer.8.crossattention.output.LayerNorm.weight', torch.Size([768])), ('text_encoder.bert.encoder.layer.8.crossattention.output.LayerNorm.bias', torch.Size([768])), ('text_encoder.bert.encoder.layer.8.output.LayerNorm.weight', torch.Size([768])), ('text_encoder.bert.encoder.layer.8.output.LayerNorm.bias', torch.Size([768])), ('text_encoder.bert.encoder.layer.9.attention.output.LayerNorm.weight', torch.Size([768])), ('text_encoder.bert.encoder.layer.9.attention.output.LayerNorm.bias', torch.Size([768])), ('text_encoder.bert.encoder.layer.9.crossattention.output.LayerNorm.weight', torch.Size([768])), ('text_encoder.bert.encoder.layer.9.crossattention.output.LayerNorm.bias', torch.Size([768])), ('text_encoder.bert.encoder.layer.9.output.LayerNorm.weight', torch.Size([768])), ('text_encoder.bert.encoder.layer.9.output.LayerNorm.bias', torch.Size([768])), ('text_encoder.bert.encoder.layer.10.attention.output.LayerNorm.weight', torch.Size([768])), ('text_encoder.bert.encoder.layer.10.attention.output.LayerNorm.bias', torch.Size([768])), ('text_encoder.bert.encoder.layer.10.crossattention.output.LayerNorm.weight', torch.Size([768])), ('text_encoder.bert.encoder.layer.10.crossattention.output.LayerNorm.bias', torch.Size([768])), ('text_encoder.bert.encoder.layer.10.output.LayerNorm.weight', torch.Size([768])), ('text_encoder.bert.encoder.layer.10.output.LayerNorm.bias', torch.Size([768])), ('text_encoder.bert.encoder.layer.11.attention.output.LayerNorm.weight', torch.Size([768])), ('text_encoder.bert.encoder.layer.11.attention.output.LayerNorm.bias', torch.Size([768])), ('text_encoder.bert.encoder.layer.11.crossattention.output.LayerNorm.weight', torch.Size([768])), ('text_encoder.bert.encoder.layer.11.crossattention.output.LayerNorm.bias', torch.Size([768])), ('text_encoder.bert.encoder.layer.11.output.LayerNorm.weight', torch.Size([768])), ('text_encoder.bert.encoder.layer.11.output.LayerNorm.bias', torch.Size([768])), ('text_encoder.cls.predictions.transform.LayerNorm.weight', torch.Size([768])), ('text_encoder.cls.predictions.transform.LayerNorm.bias', torch.Size([768])), ('itm_head.1.weight', torch.Size([1536])), ('itm_head.1.bias', torch.Size([1536]))]
     TTA Dropout Modules Number: 
 126
     TTA Require Gradient Params Sum: 
 33792
     lr:  0.0001    lr_mult:  2
     model has 'init_params',  386
     num_tta_steps:  2400
     num_warmup_steps:  500
     sched: step
/home/jiahao/task/CMP/tta.py:246: FutureWarning: `torch.cuda.amp.GradScaler(args...)` is deprecated. Please use `torch.amp.GradScaler('cuda', args...)` instead.
  scaler = GradScaler()  # bf16
### Start ITM Test Time Adaptation
      TTA Epoch: [0] [ 0/39]  eta: 0:00:20  entropy: 0.2786  uncertainty: 1.0000  uncertainty_coeffi: 1.0000  loss: 0.2786  lr: 0.000000  time: 0.5247  data: 0.2304  max mem: 2639
      TTA Epoch: [0] [38/39]  eta: 0:00:00  entropy: 0.2445  uncertainty: 1.0000  uncertainty_coeffi: 1.0000  loss: 0.2445  lr: 0.000008  time: 0.0599  data: 0.0000  max mem: 2671
      TTA Epoch: [0] Total time: 0:00:02 (0.0718 s / it)
     Averaged stats: entropy: 0.3014  uncertainty: 1.0000  uncertainty_coeffi: 1.0000  loss: 0.3014  lr: 0.0000
     itm tta time 0:00:02
     Computing matching score
      Evaluation: [   0/1978]  eta: 0:03:04    time: 0.0931  data: 0.0017  max mem: 2671
      Evaluation: [ 100/1978]  eta: 0:02:06    time: 0.0669  data: 0.0000  max mem: 2671
      Evaluation: [ 200/1978]  eta: 0:01:59    time: 0.0670  data: 0.0000  max mem: 2671
      Evaluation: [ 300/1978]  eta: 0:01:52    time: 0.0668  data: 0.0000  max mem: 2671
      Evaluation: [ 400/1978]  eta: 0:01:45    time: 0.0669  data: 0.0000  max mem: 2671
      Evaluation: [ 500/1978]  eta: 0:01:39    time: 0.0718  data: 0.0000  max mem: 2671
      Evaluation: [ 600/1978]  eta: 0:01:32    time: 0.0687  data: 0.0000  max mem: 2671
      Evaluation: [ 700/1978]  eta: 0:01:26    time: 0.0671  data: 0.0000  max mem: 2671
      Evaluation: [ 800/1978]  eta: 0:01:19    time: 0.0672  data: 0.0000  max mem: 2671
      Evaluation: [ 900/1978]  eta: 0:01:12    time: 0.0672  data: 0.0000  max mem: 2671
      Evaluation: [1000/1978]  eta: 0:01:05    time: 0.0672  data: 0.0000  max mem: 2671
      Evaluation: [1100/1978]  eta: 0:00:59    time: 0.0671  data: 0.0000  max mem: 2671
      Evaluation: [1200/1978]  eta: 0:00:52    time: 0.0671  data: 0.0000  max mem: 2671
      Evaluation: [1300/1978]  eta: 0:00:45    time: 0.0671  data: 0.0000  max mem: 2671
      Evaluation: [1400/1978]  eta: 0:00:38    time: 0.0672  data: 0.0000  max mem: 2671
      Evaluation: [1500/1978]  eta: 0:00:32    time: 0.0673  data: 0.0000  max mem: 2671
      Evaluation: [1600/1978]  eta: 0:00:25    time: 0.0672  data: 0.0000  max mem: 2671
      Evaluation: [1700/1978]  eta: 0:00:18    time: 0.0671  data: 0.0000  max mem: 2671
      Evaluation: [1800/1978]  eta: 0:00:11    time: 0.0672  data: 0.0000  max mem: 2671
      Evaluation: [1900/1978]  eta: 0:00:05    time: 0.0673  data: 0.0000  max mem: 2671
      Evaluation: [1977/1978]  eta: 0:00:00    time: 0.0673  data: 0.0000  max mem: 2671
      Evaluation: Total time: 0:02:13 (0.0673 s / it)
     Computing matching score time 0:02:13
### TTA ITM Score: 
+-------------------+--------+--------+--------+--------+--------+
|       epoch       |   R1   |   R5   |  R10   |  mAP   |  mINP  |
+-------------------+--------+--------+--------+--------+--------+
|  cos_sim_wo/norm  | 58.544 | 91.860 | 95.703 | 73.596 | 73.596 |
|        -999       | 69.414 | 95.197 | 97.776 | 81.233 | 81.233 |
| itm_score_wo/norm | 84.328 | 98.989 | 99.494 | 91.293 | 91.293 |
|        -999       | 84.277 | 99.039 | 99.596 | 91.276 | 91.276 |
|         0         | 84.277 | 99.039 | 99.596 | 91.276 | 91.276 |
+-------------------+--------+--------+--------+--------+--------+
     logs:  {'epo': 0, 'R1': np.float32(84.277), 'R5': np.float32(99.039), 'R10': np.float32(99.596), 'mAP': np.float32(91.276), 'mINP': np.float32(91.276), 'entropy': 0.301442, 'uncertainty': 1.0, 'uncertainty_coeffi': 1.0, 'loss': 0.301442, 'lr': 4e-06}
      TTA Epoch: [1] [ 0/39]  eta: 0:00:08  entropy: 0.3302  uncertainty: 1.0000  uncertainty_coeffi: 1.0000  loss: 0.3302  lr: 0.000008  time: 0.2176  data: 0.1556  max mem: 2671
      TTA Epoch: [1] [38/39]  eta: 0:00:00  entropy: 0.3452  uncertainty: 1.0000  uncertainty_coeffi: 1.0000  loss: 0.3452  lr: 0.000016  time: 0.0598  data: 0.0000  max mem: 2671
      TTA Epoch: [1] Total time: 0:00:02 (0.0639 s / it)
     Averaged stats: entropy: 0.2962  uncertainty: 1.0000  uncertainty_coeffi: 1.0000  loss: 0.2962  lr: 0.0000
     itm tta time 0:00:02
     Computing matching score
      Evaluation: [   0/1978]  eta: 0:02:04    time: 0.0628  data: 0.0008  max mem: 2671
      Evaluation: [ 100/1978]  eta: 0:02:06    time: 0.0673  data: 0.0000  max mem: 2671
      Evaluation: [ 200/1978]  eta: 0:01:59    time: 0.0673  data: 0.0000  max mem: 2671
      Evaluation: [ 300/1978]  eta: 0:01:52    time: 0.0671  data: 0.0000  max mem: 2671
      Evaluation: [ 400/1978]  eta: 0:01:46    time: 0.0672  data: 0.0000  max mem: 2671
      Evaluation: [ 500/1978]  eta: 0:01:39    time: 0.0672  data: 0.0000  max mem: 2671
      Evaluation: [ 600/1978]  eta: 0:01:32    time: 0.0672  data: 0.0000  max mem: 2671
      Evaluation: [ 700/1978]  eta: 0:01:25    time: 0.0672  data: 0.0000  max mem: 2671
      Evaluation: [ 800/1978]  eta: 0:01:19    time: 0.0672  data: 0.0000  max mem: 2671
      Evaluation: [ 900/1978]  eta: 0:01:12    time: 0.0672  data: 0.0000  max mem: 2671
      Evaluation: [1000/1978]  eta: 0:01:05    time: 0.0673  data: 0.0000  max mem: 2671
      Evaluation: [1100/1978]  eta: 0:00:59    time: 0.0672  data: 0.0000  max mem: 2671
      Evaluation: [1200/1978]  eta: 0:00:52    time: 0.0673  data: 0.0000  max mem: 2671
      Evaluation: [1300/1978]  eta: 0:00:45    time: 0.0671  data: 0.0000  max mem: 2671
      Evaluation: [1400/1978]  eta: 0:00:38    time: 0.0692  data: 0.0000  max mem: 2671
      Evaluation: [1500/1978]  eta: 0:00:32    time: 0.0675  data: 0.0000  max mem: 2671
      Evaluation: [1600/1978]  eta: 0:00:25    time: 0.0674  data: 0.0000  max mem: 2671
      Evaluation: [1700/1978]  eta: 0:00:18    time: 0.0672  data: 0.0000  max mem: 2671
      Evaluation: [1800/1978]  eta: 0:00:11    time: 0.0672  data: 0.0000  max mem: 2671
      Evaluation: [1900/1978]  eta: 0:00:05    time: 0.0672  data: 0.0000  max mem: 2671
      Evaluation: [1977/1978]  eta: 0:00:00    time: 0.0671  data: 0.0000  max mem: 2671
      Evaluation: Total time: 0:02:13 (0.0673 s / it)
     Computing matching score time 0:02:13
### TTA ITM Score: 
+-------------------+--------+--------+--------+--------+--------+
|       epoch       |   R1   |   R5   |  R10   |  mAP   |  mINP  |
+-------------------+--------+--------+--------+--------+--------+
|  cos_sim_wo/norm  | 58.544 | 91.860 | 95.703 | 73.596 | 73.596 |
|        -999       | 69.414 | 95.197 | 97.776 | 81.233 | 81.233 |
| itm_score_wo/norm | 84.328 | 98.989 | 99.494 | 91.293 | 91.293 |
|        -999       | 84.277 | 99.039 | 99.596 | 91.276 | 91.276 |
|         0         | 84.277 | 99.039 | 99.596 | 91.276 | 91.276 |
|         1         | 84.580 | 99.039 | 99.596 | 91.418 | 91.418 |
+-------------------+--------+--------+--------+--------+--------+
     logs:  {'epo': 1, 'R1': np.float32(84.58), 'R5': np.float32(99.039), 'R10': np.float32(99.596), 'mAP': np.float32(91.418), 'mINP': np.float32(91.418), 'entropy': 0.296206, 'uncertainty': 1.0, 'uncertainty_coeffi': 1.0, 'loss': 0.296206, 'lr': 1.2e-05}
      TTA Epoch: [2] [ 0/39]  eta: 0:00:08  entropy: 0.3228  uncertainty: 1.0000  uncertainty_coeffi: 1.0000  loss: 0.3228  lr: 0.000016  time: 0.2115  data: 0.1506  max mem: 2671
      TTA Epoch: [2] [38/39]  eta: 0:00:00  entropy: 0.3485  uncertainty: 1.0000  uncertainty_coeffi: 1.0000  loss: 0.3485  lr: 0.000023  time: 0.0598  data: 0.0000  max mem: 2671
      TTA Epoch: [2] Total time: 0:00:02 (0.0637 s / it)
     Averaged stats: entropy: 0.2883  uncertainty: 1.0000  uncertainty_coeffi: 1.0000  loss: 0.2883  lr: 0.0000
     itm tta time 0:00:02
     Computing matching score
      Evaluation: [   0/1978]  eta: 0:02:04    time: 0.0632  data: 0.0010  max mem: 2671
      Evaluation: [ 100/1978]  eta: 0:02:07    time: 0.0673  data: 0.0000  max mem: 2671
      Evaluation: [ 200/1978]  eta: 0:02:00    time: 0.0677  data: 0.0000  max mem: 2671
      Evaluation: [ 300/1978]  eta: 0:01:53    time: 0.0672  data: 0.0000  max mem: 2671
      Evaluation: [ 400/1978]  eta: 0:01:46    time: 0.0673  data: 0.0000  max mem: 2671
      Evaluation: [ 500/1978]  eta: 0:01:39    time: 0.0673  data: 0.0000  max mem: 2671
      Evaluation: [ 600/1978]  eta: 0:01:32    time: 0.0672  data: 0.0000  max mem: 2671
      Evaluation: [ 700/1978]  eta: 0:01:26    time: 0.0672  data: 0.0000  max mem: 2671
      Evaluation: [ 800/1978]  eta: 0:01:19    time: 0.0672  data: 0.0000  max mem: 2671
      Evaluation: [ 900/1978]  eta: 0:01:12    time: 0.0675  data: 0.0000  max mem: 2671
      Evaluation: [1000/1978]  eta: 0:01:05    time: 0.0672  data: 0.0000  max mem: 2671
      Evaluation: [1100/1978]  eta: 0:00:59    time: 0.0672  data: 0.0000  max mem: 2671
      Evaluation: [1200/1978]  eta: 0:00:52    time: 0.0672  data: 0.0000  max mem: 2671
      Evaluation: [1300/1978]  eta: 0:00:45    time: 0.0673  data: 0.0000  max mem: 2671
      Evaluation: [1400/1978]  eta: 0:00:38    time: 0.0673  data: 0.0000  max mem: 2671
      Evaluation: [1500/1978]  eta: 0:00:32    time: 0.0673  data: 0.0000  max mem: 2671
      Evaluation: [1600/1978]  eta: 0:00:25    time: 0.0673  data: 0.0000  max mem: 2671
      Evaluation: [1700/1978]  eta: 0:00:18    time: 0.0672  data: 0.0000  max mem: 2671
      Evaluation: [1800/1978]  eta: 0:00:11    time: 0.0674  data: 0.0000  max mem: 2671
      Evaluation: [1900/1978]  eta: 0:00:05    time: 0.0675  data: 0.0000  max mem: 2671
      Evaluation: [1977/1978]  eta: 0:00:00    time: 0.0672  data: 0.0000  max mem: 2671
      Evaluation: Total time: 0:02:13 (0.0673 s / it)
     Computing matching score time 0:02:13
### TTA ITM Score: 
+-------------------+--------+--------+--------+--------+--------+
|       epoch       |   R1   |   R5   |  R10   |  mAP   |  mINP  |
+-------------------+--------+--------+--------+--------+--------+
|  cos_sim_wo/norm  | 58.544 | 91.860 | 95.703 | 73.596 | 73.596 |
|        -999       | 69.414 | 95.197 | 97.776 | 81.233 | 81.233 |
| itm_score_wo/norm | 84.328 | 98.989 | 99.494 | 91.293 | 91.293 |
|        -999       | 84.277 | 99.039 | 99.596 | 91.276 | 91.276 |
|         0         | 84.277 | 99.039 | 99.596 | 91.276 | 91.276 |
|         1         | 84.580 | 99.039 | 99.596 | 91.418 | 91.418 |
|         2         | 84.580 | 98.989 | 99.596 | 91.402 | 91.402 |
+-------------------+--------+--------+--------+--------+--------+
     logs:  {'epo': 2, 'R1': np.float32(84.58), 'R5': np.float32(98.989), 'R10': np.float32(99.596), 'mAP': np.float32(91.402), 'mINP': np.float32(91.402), 'entropy': 0.288331, 'uncertainty': 1.0, 'uncertainty_coeffi': 1.0, 'loss': 0.288331, 'lr': 2e-05}
      TTA Epoch: [3] [ 0/39]  eta: 0:00:08  entropy: 0.2419  uncertainty: 1.0000  uncertainty_coeffi: 1.0000  loss: 0.2419  lr: 0.000024  time: 0.2188  data: 0.1560  max mem: 2671
      TTA Epoch: [3] [38/39]  eta: 0:00:00  entropy: 0.3809  uncertainty: 1.0000  uncertainty_coeffi: 1.0000  loss: 0.3809  lr: 0.000031  time: 0.0600  data: 0.0000  max mem: 2671
      TTA Epoch: [3] Total time: 0:00:02 (0.0641 s / it)
     Averaged stats: entropy: 0.2735  uncertainty: 1.0000  uncertainty_coeffi: 1.0000  loss: 0.2735  lr: 0.0000
     itm tta time 0:00:02
      TTA Epoch: [4] [ 0/39]  eta: 0:00:08  entropy: 0.2724  uncertainty: 1.0000  uncertainty_coeffi: 1.0000  loss: 0.2724  lr: 0.000031  time: 0.2190  data: 0.1563  max mem: 2671
      TTA Epoch: [4] [38/39]  eta: 0:00:00  entropy: 0.2894  uncertainty: 1.0000  uncertainty_coeffi: 1.0000  loss: 0.2894  lr: 0.000039  time: 0.0598  data: 0.0000  max mem: 2671
      TTA Epoch: [4] Total time: 0:00:02 (0.0640 s / it)
     Averaged stats: entropy: 0.2613  uncertainty: 1.0000  uncertainty_coeffi: 1.0000  loss: 0.2613  lr: 0.0000
     itm tta time 0:00:02
     Computing matching score
      Evaluation: [   0/1978]  eta: 0:02:02    time: 0.0619  data: 0.0008  max mem: 2671
      Evaluation: [ 100/1978]  eta: 0:02:06    time: 0.0672  data: 0.0000  max mem: 2671
      Evaluation: [ 200/1978]  eta: 0:01:59    time: 0.0673  data: 0.0000  max mem: 2671
      Evaluation: [ 300/1978]  eta: 0:01:52    time: 0.0672  data: 0.0000  max mem: 2671
      Evaluation: [ 400/1978]  eta: 0:01:46    time: 0.0672  data: 0.0000  max mem: 2671
      Evaluation: [ 500/1978]  eta: 0:01:39    time: 0.0673  data: 0.0000  max mem: 2671
      Evaluation: [ 600/1978]  eta: 0:01:32    time: 0.0673  data: 0.0000  max mem: 2671
      Evaluation: [ 700/1978]  eta: 0:01:25    time: 0.0675  data: 0.0000  max mem: 2671
      Evaluation: [ 800/1978]  eta: 0:01:19    time: 0.0675  data: 0.0000  max mem: 2671
      Evaluation: [ 900/1978]  eta: 0:01:12    time: 0.0673  data: 0.0000  max mem: 2671
      Evaluation: [1000/1978]  eta: 0:01:05    time: 0.0676  data: 0.0000  max mem: 2671
      Evaluation: [1100/1978]  eta: 0:00:59    time: 0.0677  data: 0.0000  max mem: 2671
      Evaluation: [1200/1978]  eta: 0:00:52    time: 0.0672  data: 0.0000  max mem: 2671
      Evaluation: [1300/1978]  eta: 0:00:45    time: 0.0671  data: 0.0000  max mem: 2671
      Evaluation: [1400/1978]  eta: 0:00:38    time: 0.0670  data: 0.0000  max mem: 2671
      Evaluation: [1500/1978]  eta: 0:00:32    time: 0.0671  data: 0.0000  max mem: 2671
      Evaluation: [1600/1978]  eta: 0:00:25    time: 0.0703  data: 0.0000  max mem: 2671
      Evaluation: [1700/1978]  eta: 0:00:18    time: 0.0697  data: 0.0000  max mem: 2671
      Evaluation: [1800/1978]  eta: 0:00:11    time: 0.0673  data: 0.0000  max mem: 2671
      Evaluation: [1900/1978]  eta: 0:00:05    time: 0.0673  data: 0.0000  max mem: 2671
      Evaluation: [1977/1978]  eta: 0:00:00    time: 0.0672  data: 0.0000  max mem: 2671
      Evaluation: Total time: 0:02:13 (0.0674 s / it)
     Computing matching score time 0:02:13
### TTA ITM Score: 
+-------------------+--------+--------+--------+--------+--------+
|       epoch       |   R1   |   R5   |  R10   |  mAP   |  mINP  |
+-------------------+--------+--------+--------+--------+--------+
|  cos_sim_wo/norm  | 58.544 | 91.860 | 95.703 | 73.596 | 73.596 |
|        -999       | 69.414 | 95.197 | 97.776 | 81.233 | 81.233 |
| itm_score_wo/norm | 84.328 | 98.989 | 99.494 | 91.293 | 91.293 |
|        -999       | 84.277 | 99.039 | 99.596 | 91.276 | 91.276 |
|         0         | 84.277 | 99.039 | 99.596 | 91.276 | 91.276 |
|         1         | 84.580 | 99.039 | 99.596 | 91.418 | 91.418 |
|         2         | 84.580 | 98.989 | 99.596 | 91.402 | 91.402 |
|         4         | 84.783 | 98.888 | 99.545 | 91.480 | 91.480 |
+-------------------+--------+--------+--------+--------+--------+
     logs:  {'epo': 4, 'R1': np.float32(84.783), 'R5': np.float32(98.888), 'R10': np.float32(99.545), 'mAP': np.float32(91.48), 'mINP': np.float32(91.48), 'entropy': 0.261323, 'uncertainty': 1.0, 'uncertainty_coeffi': 1.0, 'loss': 0.261323, 'lr': 3.5e-05}
      TTA Epoch: [5] [ 0/39]  eta: 0:00:08  entropy: 0.3088  uncertainty: 1.0000  uncertainty_coeffi: 1.0000  loss: 0.3088  lr: 0.000039  time: 0.2092  data: 0.1479  max mem: 2671
      TTA Epoch: [5] [38/39]  eta: 0:00:00  entropy: 0.2659  uncertainty: 1.0000  uncertainty_coeffi: 1.0000  loss: 0.2659  lr: 0.000047  time: 0.0600  data: 0.0001  max mem: 2671
      TTA Epoch: [5] Total time: 0:00:02 (0.0638 s / it)
     Averaged stats: entropy: 0.2449  uncertainty: 1.0000  uncertainty_coeffi: 1.0000  loss: 0.2449  lr: 0.0000
     itm tta time 0:00:02
      TTA Epoch: [6] [ 0/39]  eta: 0:00:08  entropy: 0.2524  uncertainty: 1.0000  uncertainty_coeffi: 1.0000  loss: 0.2524  lr: 0.000047  time: 0.2104  data: 0.1479  max mem: 2671
      TTA Epoch: [6] [38/39]  eta: 0:00:00  entropy: 0.1835  uncertainty: 1.0000  uncertainty_coeffi: 1.0000  loss: 0.1835  lr: 0.000055  time: 0.0597  data: 0.0000  max mem: 2671
      TTA Epoch: [6] Total time: 0:00:02 (0.0637 s / it)
     Averaged stats: entropy: 0.2316  uncertainty: 1.0000  uncertainty_coeffi: 1.0000  loss: 0.2316  lr: 0.0001
     itm tta time 0:00:02
      TTA Epoch: [7] [ 0/39]  eta: 0:00:09  entropy: 0.1695  uncertainty: 1.0000  uncertainty_coeffi: 1.0000  loss: 0.1695  lr: 0.000055  time: 0.2361  data: 0.1722  max mem: 2671
      TTA Epoch: [7] [38/39]  eta: 0:00:00  entropy: 0.1571  uncertainty: 1.0000  uncertainty_coeffi: 1.0000  loss: 0.1571  lr: 0.000062  time: 0.0599  data: 0.0001  max mem: 2671
      TTA Epoch: [7] Total time: 0:00:02 (0.0643 s / it)
     Averaged stats: entropy: 0.2109  uncertainty: 1.0000  uncertainty_coeffi: 1.0000  loss: 0.2109  lr: 0.0001
     itm tta time 0:00:02
      TTA Epoch: [8] [ 0/39]  eta: 0:00:08  entropy: 0.1406  uncertainty: 1.0000  uncertainty_coeffi: 1.0000  loss: 0.1406  lr: 0.000063  time: 0.2263  data: 0.1640  max mem: 2671
      TTA Epoch: [8] [38/39]  eta: 0:00:00  entropy: 0.2116  uncertainty: 1.0000  uncertainty_coeffi: 1.0000  loss: 0.2116  lr: 0.000070  time: 0.0598  data: 0.0001  max mem: 2671
      TTA Epoch: [8] Total time: 0:00:02 (0.0641 s / it)
     Averaged stats: entropy: 0.1960  uncertainty: 1.0000  uncertainty_coeffi: 1.0000  loss: 0.1960  lr: 0.0001
     itm tta time 0:00:02
      TTA Epoch: [9] [ 0/39]  eta: 0:00:08  entropy: 0.2767  uncertainty: 1.0000  uncertainty_coeffi: 1.0000  loss: 0.2767  lr: 0.000070  time: 0.2210  data: 0.1595  max mem: 2671
      TTA Epoch: [9] [38/39]  eta: 0:00:00  entropy: 0.1704  uncertainty: 1.0000  uncertainty_coeffi: 1.0000  loss: 0.1704  lr: 0.000078  time: 0.0598  data: 0.0000  max mem: 2671
      TTA Epoch: [9] Total time: 0:00:02 (0.0639 s / it)
     Averaged stats: entropy: 0.1842  uncertainty: 1.0000  uncertainty_coeffi: 1.0000  loss: 0.1842  lr: 0.0001
     itm tta time 0:00:02
     Computing matching score
      Evaluation: [   0/1978]  eta: 0:02:02    time: 0.0618  data: 0.0008  max mem: 2671
      Evaluation: [ 100/1978]  eta: 0:02:06    time: 0.0672  data: 0.0000  max mem: 2671
      Evaluation: [ 200/1978]  eta: 0:01:59    time: 0.0673  data: 0.0000  max mem: 2671
      Evaluation: [ 300/1978]  eta: 0:01:52    time: 0.0672  data: 0.0000  max mem: 2671
      Evaluation: [ 400/1978]  eta: 0:01:46    time: 0.0672  data: 0.0000  max mem: 2671
      Evaluation: [ 500/1978]  eta: 0:01:39    time: 0.0673  data: 0.0000  max mem: 2671
      Evaluation: [ 600/1978]  eta: 0:01:32    time: 0.0672  data: 0.0000  max mem: 2671
      Evaluation: [ 700/1978]  eta: 0:01:25    time: 0.0673  data: 0.0000  max mem: 2671
      Evaluation: [ 800/1978]  eta: 0:01:19    time: 0.0673  data: 0.0000  max mem: 2671
      Evaluation: [ 900/1978]  eta: 0:01:12    time: 0.0673  data: 0.0000  max mem: 2671
      Evaluation: [1000/1978]  eta: 0:01:05    time: 0.0673  data: 0.0000  max mem: 2671
      Evaluation: [1100/1978]  eta: 0:00:59    time: 0.0672  data: 0.0000  max mem: 2671
      Evaluation: [1200/1978]  eta: 0:00:52    time: 0.0673  data: 0.0000  max mem: 2671
      Evaluation: [1300/1978]  eta: 0:00:45    time: 0.0674  data: 0.0000  max mem: 2671
      Evaluation: [1400/1978]  eta: 0:00:38    time: 0.0673  data: 0.0000  max mem: 2671
      Evaluation: [1500/1978]  eta: 0:00:32    time: 0.0673  data: 0.0000  max mem: 2671
      Evaluation: [1600/1978]  eta: 0:00:25    time: 0.0672  data: 0.0000  max mem: 2671
      Evaluation: [1700/1978]  eta: 0:00:18    time: 0.0673  data: 0.0000  max mem: 2671
      Evaluation: [1800/1978]  eta: 0:00:11    time: 0.0673  data: 0.0000  max mem: 2671
      Evaluation: [1900/1978]  eta: 0:00:05    time: 0.0675  data: 0.0000  max mem: 2671
      Evaluation: [1977/1978]  eta: 0:00:00    time: 0.0674  data: 0.0000  max mem: 2671
      Evaluation: Total time: 0:02:13 (0.0673 s / it)
     Computing matching score time 0:02:13
### TTA ITM Score: 
+-------------------+--------+--------+--------+--------+--------+
|       epoch       |   R1   |   R5   |  R10   |  mAP   |  mINP  |
+-------------------+--------+--------+--------+--------+--------+
|  cos_sim_wo/norm  | 58.544 | 91.860 | 95.703 | 73.596 | 73.596 |
|        -999       | 69.414 | 95.197 | 97.776 | 81.233 | 81.233 |
| itm_score_wo/norm | 84.328 | 98.989 | 99.494 | 91.293 | 91.293 |
|        -999       | 84.277 | 99.039 | 99.596 | 91.276 | 91.276 |
|         0         | 84.277 | 99.039 | 99.596 | 91.276 | 91.276 |
|         1         | 84.580 | 99.039 | 99.596 | 91.418 | 91.418 |
|         2         | 84.580 | 98.989 | 99.596 | 91.402 | 91.402 |
|         4         | 84.783 | 98.888 | 99.545 | 91.480 | 91.480 |
|         9         | 84.530 | 98.736 | 99.393 | 91.273 | 91.273 |
+-------------------+--------+--------+--------+--------+--------+
     logs:  {'epo': 9, 'R1': np.float32(84.53), 'R5': np.float32(98.736), 'R10': np.float32(99.393), 'mAP': np.float32(91.273), 'mINP': np.float32(91.273), 'entropy': 0.184193, 'uncertainty': 1.0, 'uncertainty_coeffi': 1.0, 'loss': 0.184193, 'lr': 7.4e-05}
      TTA Epoch: [10] [ 0/39]  eta: 0:00:07  entropy: 0.1601  uncertainty: 1.0000  uncertainty_coeffi: 1.0000  loss: 0.1601  lr: 0.000078  time: 0.1973  data: 0.1335  max mem: 2671
      TTA Epoch: [10] [38/39]  eta: 0:00:00  entropy: 0.1411  uncertainty: 1.0000  uncertainty_coeffi: 1.0000  loss: 0.1411  lr: 0.000086  time: 0.0601  data: 0.0001  max mem: 2671
      TTA Epoch: [10] Total time: 0:00:02 (0.0637 s / it)
     Averaged stats: entropy: 0.1695  uncertainty: 1.0000  uncertainty_coeffi: 1.0000  loss: 0.1695  lr: 0.0001
     itm tta time 0:00:02
      TTA Epoch: [11] [ 0/39]  eta: 0:00:07  entropy: 0.1538  uncertainty: 1.0000  uncertainty_coeffi: 1.0000  loss: 0.1538  lr: 0.000086  time: 0.2039  data: 0.1420  max mem: 2671
      TTA Epoch: [11] [38/39]  eta: 0:00:00  entropy: 0.1686  uncertainty: 1.0000  uncertainty_coeffi: 1.0000  loss: 0.1686  lr: 0.000094  time: 0.0598  data: 0.0000  max mem: 2671
      TTA Epoch: [11] Total time: 0:00:02 (0.0636 s / it)
     Averaged stats: entropy: 0.1584  uncertainty: 1.0000  uncertainty_coeffi: 1.0000  loss: 0.1584  lr: 0.0001
     itm tta time 0:00:02
      TTA Epoch: [12] [ 0/39]  eta: 0:00:08  entropy: 0.2092  uncertainty: 1.0000  uncertainty_coeffi: 1.0000  loss: 0.2092  lr: 0.000094  time: 0.2170  data: 0.1565  max mem: 2671
      TTA Epoch: [12] [38/39]  eta: 0:00:00  entropy: 0.1261  uncertainty: 1.0000  uncertainty_coeffi: 1.0000  loss: 0.1261  lr: 0.000100  time: 0.0599  data: 0.0000  max mem: 2671
      TTA Epoch: [12] Total time: 0:00:02 (0.0641 s / it)
     Averaged stats: entropy: 0.1527  uncertainty: 1.0000  uncertainty_coeffi: 1.0000  loss: 0.1527  lr: 0.0001
     itm tta time 0:00:02
      TTA Epoch: [13] [ 0/39]  eta: 0:00:08  entropy: 0.0697  uncertainty: 1.0000  uncertainty_coeffi: 1.0000  loss: 0.0697  lr: 0.000100  time: 0.2123  data: 0.1503  max mem: 2671
      TTA Epoch: [13] [38/39]  eta: 0:00:00  entropy: 0.1490  uncertainty: 1.0000  uncertainty_coeffi: 1.0000  loss: 0.1490  lr: 0.000098  time: 0.0601  data: 0.0001  max mem: 2671
      TTA Epoch: [13] Total time: 0:00:02 (0.0641 s / it)
     Averaged stats: entropy: 0.1432  uncertainty: 1.0000  uncertainty_coeffi: 1.0000  loss: 0.1432  lr: 0.0001
     itm tta time 0:00:02
      TTA Epoch: [14] [ 0/39]  eta: 0:00:08  entropy: 0.1274  uncertainty: 1.0000  uncertainty_coeffi: 1.0000  loss: 0.1274  lr: 0.000098  time: 0.2261  data: 0.1651  max mem: 2671
      TTA Epoch: [14] [38/39]  eta: 0:00:00  entropy: 0.1278  uncertainty: 1.0000  uncertainty_coeffi: 1.0000  loss: 0.1278  lr: 0.000096  time: 0.0599  data: 0.0001  max mem: 2671
      TTA Epoch: [14] Total time: 0:00:02 (0.0642 s / it)
     Averaged stats: entropy: 0.1379  uncertainty: 1.0000  uncertainty_coeffi: 1.0000  loss: 0.1379  lr: 0.0001
     itm tta time 0:00:02
     Computing matching score
      Evaluation: [   0/1978]  eta: 0:02:02    time: 0.0620  data: 0.0008  max mem: 2671
      Evaluation: [ 100/1978]  eta: 0:02:06    time: 0.0672  data: 0.0000  max mem: 2671
      Evaluation: [ 200/1978]  eta: 0:01:59    time: 0.0672  data: 0.0000  max mem: 2671
      Evaluation: [ 300/1978]  eta: 0:01:52    time: 0.0673  data: 0.0000  max mem: 2671
      Evaluation: [ 400/1978]  eta: 0:01:46    time: 0.0673  data: 0.0000  max mem: 2671
      Evaluation: [ 500/1978]  eta: 0:01:39    time: 0.0673  data: 0.0000  max mem: 2671
      Evaluation: [ 600/1978]  eta: 0:01:32    time: 0.0671  data: 0.0000  max mem: 2671
      Evaluation: [ 700/1978]  eta: 0:01:25    time: 0.0674  data: 0.0000  max mem: 2671
      Evaluation: [ 800/1978]  eta: 0:01:19    time: 0.0673  data: 0.0000  max mem: 2671
      Evaluation: [ 900/1978]  eta: 0:01:12    time: 0.0672  data: 0.0000  max mem: 2671
      Evaluation: [1000/1978]  eta: 0:01:05    time: 0.0673  data: 0.0000  max mem: 2671
      Evaluation: [1100/1978]  eta: 0:00:59    time: 0.0672  data: 0.0000  max mem: 2671
      Evaluation: [1200/1978]  eta: 0:00:52    time: 0.0673  data: 0.0000  max mem: 2671
      Evaluation: [1300/1978]  eta: 0:00:45    time: 0.0673  data: 0.0000  max mem: 2671
      Evaluation: [1400/1978]  eta: 0:00:38    time: 0.0672  data: 0.0000  max mem: 2671
      Evaluation: [1500/1978]  eta: 0:00:32    time: 0.0673  data: 0.0000  max mem: 2671
      Evaluation: [1600/1978]  eta: 0:00:25    time: 0.0673  data: 0.0000  max mem: 2671
      Evaluation: [1700/1978]  eta: 0:00:18    time: 0.0672  data: 0.0000  max mem: 2671
      Evaluation: [1800/1978]  eta: 0:00:11    time: 0.0673  data: 0.0000  max mem: 2671
      Evaluation: [1900/1978]  eta: 0:00:05    time: 0.0673  data: 0.0000  max mem: 2671
      Evaluation: [1977/1978]  eta: 0:00:00    time: 0.0673  data: 0.0000  max mem: 2671
      Evaluation: Total time: 0:02:13 (0.0673 s / it)
     Computing matching score time 0:02:13
### TTA ITM Score: 
+-------------------+--------+--------+--------+--------+--------+
|       epoch       |   R1   |   R5   |  R10   |  mAP   |  mINP  |
+-------------------+--------+--------+--------+--------+--------+
|  cos_sim_wo/norm  | 58.544 | 91.860 | 95.703 | 73.596 | 73.596 |
|        -999       | 69.414 | 95.197 | 97.776 | 81.233 | 81.233 |
| itm_score_wo/norm | 84.328 | 98.989 | 99.494 | 91.293 | 91.293 |
|        -999       | 84.277 | 99.039 | 99.596 | 91.276 | 91.276 |
|         0         | 84.277 | 99.039 | 99.596 | 91.276 | 91.276 |
|         1         | 84.580 | 99.039 | 99.596 | 91.418 | 91.418 |
|         2         | 84.580 | 98.989 | 99.596 | 91.402 | 91.402 |
|         4         | 84.783 | 98.888 | 99.545 | 91.480 | 91.480 |
|         9         | 84.530 | 98.736 | 99.393 | 91.273 | 91.273 |
|         14        | 84.429 | 98.686 | 99.141 | 91.163 | 91.163 |
+-------------------+--------+--------+--------+--------+--------+
     logs:  {'epo': 14, 'R1': np.float32(84.429), 'R5': np.float32(98.686), 'R10': np.float32(99.141), 'mAP': np.float32(91.163), 'mINP': np.float32(91.163), 'entropy': 0.137868, 'uncertainty': 1.0, 'uncertainty_coeffi': 1.0, 'loss': 0.137868, 'lr': 9.7e-05}
      TTA Epoch: [15] [ 0/39]  eta: 0:00:08  entropy: 0.1656  uncertainty: 1.0000  uncertainty_coeffi: 1.0000  loss: 0.1656  lr: 0.000095  time: 0.2164  data: 0.1552  max mem: 2671
      TTA Epoch: [15] [38/39]  eta: 0:00:00  entropy: 0.1204  uncertainty: 1.0000  uncertainty_coeffi: 1.0000  loss: 0.1204  lr: 0.000093  time: 0.0598  data: 0.0000  max mem: 2671
      TTA Epoch: [15] Total time: 0:00:02 (0.0640 s / it)
     Averaged stats: entropy: 0.1344  uncertainty: 1.0000  uncertainty_coeffi: 1.0000  loss: 0.1344  lr: 0.0001
     itm tta time 0:00:02
      TTA Epoch: [16] [ 0/39]  eta: 0:00:08  entropy: 0.1034  uncertainty: 1.0000  uncertainty_coeffi: 1.0000  loss: 0.1034  lr: 0.000093  time: 0.2088  data: 0.1478  max mem: 2671
      TTA Epoch: [16] [38/39]  eta: 0:00:00  entropy: 0.0448  uncertainty: 1.0000  uncertainty_coeffi: 1.0000  loss: 0.0448  lr: 0.000091  time: 0.0598  data: 0.0000  max mem: 2671
      TTA Epoch: [16] Total time: 0:00:02 (0.0638 s / it)
     Averaged stats: entropy: 0.1271  uncertainty: 1.0000  uncertainty_coeffi: 1.0000  loss: 0.1271  lr: 0.0001
     itm tta time 0:00:02
      TTA Epoch: [17] [ 0/39]  eta: 0:00:08  entropy: 0.1473  uncertainty: 1.0000  uncertainty_coeffi: 1.0000  loss: 0.1473  lr: 0.000091  time: 0.2225  data: 0.1596  max mem: 2671
      TTA Epoch: [17] [38/39]  eta: 0:00:00  entropy: 0.1305  uncertainty: 1.0000  uncertainty_coeffi: 1.0000  loss: 0.1305  lr: 0.000089  time: 0.0599  data: 0.0000  max mem: 2671
      TTA Epoch: [17] Total time: 0:00:02 (0.0642 s / it)
     Averaged stats: entropy: 0.1172  uncertainty: 1.0000  uncertainty_coeffi: 1.0000  loss: 0.1172  lr: 0.0001
     itm tta time 0:00:02
      TTA Epoch: [18] [ 0/39]  eta: 0:00:08  entropy: 0.1495  uncertainty: 1.0000  uncertainty_coeffi: 1.0000  loss: 0.1495  lr: 0.000089  time: 0.2212  data: 0.1602  max mem: 2671
      TTA Epoch: [18] [38/39]  eta: 0:00:00  entropy: 0.1432  uncertainty: 1.0000  uncertainty_coeffi: 1.0000  loss: 0.1432  lr: 0.000087  time: 0.0599  data: 0.0000  max mem: 2671
      TTA Epoch: [18] Total time: 0:00:02 (0.0642 s / it)
     Averaged stats: entropy: 0.1138  uncertainty: 1.0000  uncertainty_coeffi: 1.0000  loss: 0.1138  lr: 0.0001
     itm tta time 0:00:02
      TTA Epoch: [19] [ 0/39]  eta: 0:00:08  entropy: 0.1380  uncertainty: 1.0000  uncertainty_coeffi: 1.0000  loss: 0.1380  lr: 0.000087  time: 0.2224  data: 0.1615  max mem: 2671
      TTA Epoch: [19] [38/39]  eta: 0:00:00  entropy: 0.1011  uncertainty: 1.0000  uncertainty_coeffi: 1.0000  loss: 0.1011  lr: 0.000085  time: 0.0597  data: 0.0000  max mem: 2671
      TTA Epoch: [19] Total time: 0:00:02 (0.0640 s / it)
     Averaged stats: entropy: 0.1102  uncertainty: 1.0000  uncertainty_coeffi: 1.0000  loss: 0.1102  lr: 0.0001
     itm tta time 0:00:02
     Computing matching score
      Evaluation: [   0/1978]  eta: 0:02:03    time: 0.0624  data: 0.0008  max mem: 2671
      Evaluation: [ 100/1978]  eta: 0:02:06    time: 0.0673  data: 0.0000  max mem: 2671
      Evaluation: [ 200/1978]  eta: 0:01:59    time: 0.0672  data: 0.0000  max mem: 2671
      Evaluation: [ 300/1978]  eta: 0:01:52    time: 0.0673  data: 0.0000  max mem: 2671
      Evaluation: [ 400/1978]  eta: 0:01:46    time: 0.0672  data: 0.0000  max mem: 2671
      Evaluation: [ 500/1978]  eta: 0:01:39    time: 0.0673  data: 0.0000  max mem: 2671
      Evaluation: [ 600/1978]  eta: 0:01:32    time: 0.0672  data: 0.0000  max mem: 2671
      Evaluation: [ 700/1978]  eta: 0:01:26    time: 0.0677  data: 0.0000  max mem: 2671
      Evaluation: [ 800/1978]  eta: 0:01:19    time: 0.0675  data: 0.0000  max mem: 2671
      Evaluation: [ 900/1978]  eta: 0:01:12    time: 0.0674  data: 0.0000  max mem: 2671
      Evaluation: [1000/1978]  eta: 0:01:05    time: 0.0671  data: 0.0000  max mem: 2671
      Evaluation: [1100/1978]  eta: 0:00:59    time: 0.0692  data: 0.0000  max mem: 2671
      Evaluation: [1200/1978]  eta: 0:00:52    time: 0.0671  data: 0.0000  max mem: 2671
      Evaluation: [1300/1978]  eta: 0:00:45    time: 0.0671  data: 0.0000  max mem: 2671
      Evaluation: [1400/1978]  eta: 0:00:38    time: 0.0676  data: 0.0000  max mem: 2671
      Evaluation: [1500/1978]  eta: 0:00:32    time: 0.0674  data: 0.0000  max mem: 2671
      Evaluation: [1600/1978]  eta: 0:00:25    time: 0.0673  data: 0.0000  max mem: 2671
      Evaluation: [1700/1978]  eta: 0:00:18    time: 0.0672  data: 0.0000  max mem: 2671
      Evaluation: [1800/1978]  eta: 0:00:12    time: 0.0672  data: 0.0000  max mem: 2671
      Evaluation: [1900/1978]  eta: 0:00:05    time: 0.0673  data: 0.0000  max mem: 2671
      Evaluation: [1977/1978]  eta: 0:00:00    time: 0.0672  data: 0.0000  max mem: 2671
      Evaluation: Total time: 0:02:13 (0.0674 s / it)
     Computing matching score time 0:02:13
### TTA ITM Score: 
+-------------------+--------+--------+--------+--------+--------+
|       epoch       |   R1   |   R5   |  R10   |  mAP   |  mINP  |
+-------------------+--------+--------+--------+--------+--------+
|  cos_sim_wo/norm  | 58.544 | 91.860 | 95.703 | 73.596 | 73.596 |
|        -999       | 69.414 | 95.197 | 97.776 | 81.233 | 81.233 |
| itm_score_wo/norm | 84.328 | 98.989 | 99.494 | 91.293 | 91.293 |
|        -999       | 84.277 | 99.039 | 99.596 | 91.276 | 91.276 |
|         0         | 84.277 | 99.039 | 99.596 | 91.276 | 91.276 |
|         1         | 84.580 | 99.039 | 99.596 | 91.418 | 91.418 |
|         2         | 84.580 | 98.989 | 99.596 | 91.402 | 91.402 |
|         4         | 84.783 | 98.888 | 99.545 | 91.480 | 91.480 |
|         9         | 84.530 | 98.736 | 99.393 | 91.273 | 91.273 |
|         14        | 84.429 | 98.686 | 99.141 | 91.163 | 91.163 |
|         19        | 84.378 | 98.736 | 99.242 | 91.146 | 91.146 |
+-------------------+--------+--------+--------+--------+--------+
     logs:  {'epo': 19, 'R1': np.float32(84.378), 'R5': np.float32(98.736), 'R10': np.float32(99.242), 'mAP': np.float32(91.146), 'mINP': np.float32(91.146), 'entropy': 0.110235, 'uncertainty': 1.0, 'uncertainty_coeffi': 1.0, 'loss': 0.110235, 'lr': 8.6e-05}
      TTA Epoch: [20] [ 0/39]  eta: 0:00:09  entropy: 0.0527  uncertainty: 1.0000  uncertainty_coeffi: 1.0000  loss: 0.0527  lr: 0.000085  time: 0.2379  data: 0.1729  max mem: 2671
      TTA Epoch: [20] [38/39]  eta: 0:00:00  entropy: 0.0716  uncertainty: 1.0000  uncertainty_coeffi: 1.0000  loss: 0.0716  lr: 0.000083  time: 0.0598  data: 0.0001  max mem: 2671
      TTA Epoch: [20] Total time: 0:00:02 (0.0645 s / it)
     Averaged stats: entropy: 0.1086  uncertainty: 1.0000  uncertainty_coeffi: 1.0000  loss: 0.1086  lr: 0.0001
     itm tta time 0:00:02
      TTA Epoch: [21] [ 0/39]  eta: 0:00:08  entropy: 0.0882  uncertainty: 1.0000  uncertainty_coeffi: 1.0000  loss: 0.0882  lr: 0.000083  time: 0.2205  data: 0.1589  max mem: 2671
      TTA Epoch: [21] [38/39]  eta: 0:00:00  entropy: 0.0716  uncertainty: 1.0000  uncertainty_coeffi: 1.0000  loss: 0.0716  lr: 0.000081  time: 0.0599  data: 0.0000  max mem: 2671
      TTA Epoch: [21] Total time: 0:00:02 (0.0642 s / it)
     Averaged stats: entropy: 0.1040  uncertainty: 1.0000  uncertainty_coeffi: 1.0000  loss: 0.1040  lr: 0.0001
     itm tta time 0:00:02
      TTA Epoch: [22] [ 0/39]  eta: 0:00:08  entropy: 0.0999  uncertainty: 1.0000  uncertainty_coeffi: 1.0000  loss: 0.0999  lr: 0.000081  time: 0.2112  data: 0.1508  max mem: 2671
      TTA Epoch: [22] [38/39]  eta: 0:00:00  entropy: 0.0686  uncertainty: 1.0000  uncertainty_coeffi: 1.0000  loss: 0.0686  lr: 0.000079  time: 0.0598  data: 0.0000  max mem: 2671
      TTA Epoch: [22] Total time: 0:00:02 (0.0638 s / it)
     Averaged stats: entropy: 0.1020  uncertainty: 1.0000  uncertainty_coeffi: 1.0000  loss: 0.1020  lr: 0.0001
     itm tta time 0:00:02
      TTA Epoch: [23] [ 0/39]  eta: 0:00:08  entropy: 0.1315  uncertainty: 1.0000  uncertainty_coeffi: 1.0000  loss: 0.1315  lr: 0.000079  time: 0.2159  data: 0.1551  max mem: 2671
      TTA Epoch: [23] [38/39]  eta: 0:00:00  entropy: 0.1007  uncertainty: 1.0000  uncertainty_coeffi: 1.0000  loss: 0.1007  lr: 0.000077  time: 0.0602  data: 0.0001  max mem: 2671
      TTA Epoch: [23] Total time: 0:00:02 (0.0641 s / it)
     Averaged stats: entropy: 0.0985  uncertainty: 1.0000  uncertainty_coeffi: 1.0000  loss: 0.0985  lr: 0.0001
     itm tta time 0:00:02
      TTA Epoch: [24] [ 0/39]  eta: 0:00:08  entropy: 0.1306  uncertainty: 1.0000  uncertainty_coeffi: 1.0000  loss: 0.1306  lr: 0.000077  time: 0.2198  data: 0.1580  max mem: 2671
      TTA Epoch: [24] [38/39]  eta: 0:00:00  entropy: 0.0443  uncertainty: 1.0000  uncertainty_coeffi: 1.0000  loss: 0.0443  lr: 0.000075  time: 0.0598  data: 0.0000  max mem: 2671
      TTA Epoch: [24] Total time: 0:00:02 (0.0640 s / it)
     Averaged stats: entropy: 0.0943  uncertainty: 1.0000  uncertainty_coeffi: 1.0000  loss: 0.0943  lr: 0.0001
     itm tta time 0:00:02
      TTA Epoch: [25] [ 0/39]  eta: 0:00:08  entropy: 0.0973  uncertainty: 1.0000  uncertainty_coeffi: 1.0000  loss: 0.0973  lr: 0.000075  time: 0.2092  data: 0.1486  max mem: 2671
      TTA Epoch: [25] [38/39]  eta: 0:00:00  entropy: 0.1109  uncertainty: 1.0000  uncertainty_coeffi: 1.0000  loss: 0.1109  lr: 0.000073  time: 0.0598  data: 0.0000  max mem: 2671
      TTA Epoch: [25] Total time: 0:00:02 (0.0637 s / it)
     Averaged stats: entropy: 0.0926  uncertainty: 1.0000  uncertainty_coeffi: 1.0000  loss: 0.0926  lr: 0.0001
     itm tta time 0:00:02
      TTA Epoch: [26] [ 0/39]  eta: 0:00:08  entropy: 0.0474  uncertainty: 1.0000  uncertainty_coeffi: 1.0000  loss: 0.0474  lr: 0.000073  time: 0.2076  data: 0.1464  max mem: 2671
      TTA Epoch: [26] [38/39]  eta: 0:00:00  entropy: 0.1155  uncertainty: 1.0000  uncertainty_coeffi: 1.0000  loss: 0.1155  lr: 0.000071  time: 0.0600  data: 0.0001  max mem: 2671
      TTA Epoch: [26] Total time: 0:00:02 (0.0639 s / it)
     Averaged stats: entropy: 0.0876  uncertainty: 1.0000  uncertainty_coeffi: 1.0000  loss: 0.0876  lr: 0.0001
     itm tta time 0:00:02
      TTA Epoch: [27] [ 0/39]  eta: 0:00:08  entropy: 0.0470  uncertainty: 1.0000  uncertainty_coeffi: 1.0000  loss: 0.0470  lr: 0.000071  time: 0.2172  data: 0.1581  max mem: 2671
      TTA Epoch: [27] [38/39]  eta: 0:00:00  entropy: 0.1629  uncertainty: 1.0000  uncertainty_coeffi: 1.0000  loss: 0.1629  lr: 0.000069  time: 0.0599  data: 0.0000  max mem: 2671
      TTA Epoch: [27] Total time: 0:00:02 (0.0637 s / it)
     Averaged stats: entropy: 0.0942  uncertainty: 1.0000  uncertainty_coeffi: 1.0000  loss: 0.0942  lr: 0.0001
     itm tta time 0:00:02
      TTA Epoch: [28] [ 0/39]  eta: 0:00:08  entropy: 0.0755  uncertainty: 1.0000  uncertainty_coeffi: 1.0000  loss: 0.0755  lr: 0.000069  time: 0.2154  data: 0.1527  max mem: 2671
      TTA Epoch: [28] [38/39]  eta: 0:00:00  entropy: 0.0476  uncertainty: 1.0000  uncertainty_coeffi: 1.0000  loss: 0.0476  lr: 0.000067  time: 0.0598  data: 0.0000  max mem: 2671
      TTA Epoch: [28] Total time: 0:00:02 (0.0639 s / it)
     Averaged stats: entropy: 0.0833  uncertainty: 1.0000  uncertainty_coeffi: 1.0000  loss: 0.0833  lr: 0.0001
     itm tta time 0:00:02
      TTA Epoch: [29] [ 0/39]  eta: 0:00:08  entropy: 0.0677  uncertainty: 1.0000  uncertainty_coeffi: 1.0000  loss: 0.0677  lr: 0.000067  time: 0.2129  data: 0.1539  max mem: 2671
      TTA Epoch: [29] [38/39]  eta: 0:00:00  entropy: 0.1756  uncertainty: 1.0000  uncertainty_coeffi: 1.0000  loss: 0.1756  lr: 0.000065  time: 0.0597  data: 0.0000  max mem: 2671
      TTA Epoch: [29] Total time: 0:00:02 (0.0636 s / it)
     Averaged stats: entropy: 0.0850  uncertainty: 1.0000  uncertainty_coeffi: 1.0000  loss: 0.0850  lr: 0.0001
     itm tta time 0:00:02
     Computing matching score
      Evaluation: [   0/1978]  eta: 0:02:03    time: 0.0623  data: 0.0008  max mem: 2671
      Evaluation: [ 100/1978]  eta: 0:02:05    time: 0.0671  data: 0.0000  max mem: 2671
      Evaluation: [ 200/1978]  eta: 0:01:59    time: 0.0671  data: 0.0000  max mem: 2671
      Evaluation: [ 300/1978]  eta: 0:01:52    time: 0.0671  data: 0.0000  max mem: 2671
      Evaluation: [ 400/1978]  eta: 0:01:45    time: 0.0672  data: 0.0000  max mem: 2671
      Evaluation: [ 500/1978]  eta: 0:01:39    time: 0.0673  data: 0.0000  max mem: 2671
      Evaluation: [ 600/1978]  eta: 0:01:32    time: 0.0671  data: 0.0000  max mem: 2671
      Evaluation: [ 700/1978]  eta: 0:01:25    time: 0.0671  data: 0.0000  max mem: 2671
      Evaluation: [ 800/1978]  eta: 0:01:19    time: 0.0673  data: 0.0000  max mem: 2671
      Evaluation: [ 900/1978]  eta: 0:01:12    time: 0.0672  data: 0.0000  max mem: 2671
      Evaluation: [1000/1978]  eta: 0:01:05    time: 0.0673  data: 0.0000  max mem: 2671
      Evaluation: [1100/1978]  eta: 0:00:58    time: 0.0672  data: 0.0000  max mem: 2671
      Evaluation: [1200/1978]  eta: 0:00:52    time: 0.0672  data: 0.0000  max mem: 2671
      Evaluation: [1300/1978]  eta: 0:00:45    time: 0.0672  data: 0.0000  max mem: 2671
      Evaluation: [1400/1978]  eta: 0:00:38    time: 0.0671  data: 0.0000  max mem: 2671
      Evaluation: [1500/1978]  eta: 0:00:32    time: 0.0672  data: 0.0000  max mem: 2671
      Evaluation: [1600/1978]  eta: 0:00:25    time: 0.0672  data: 0.0000  max mem: 2671
      Evaluation: [1700/1978]  eta: 0:00:18    time: 0.0674  data: 0.0000  max mem: 2671
      Evaluation: [1800/1978]  eta: 0:00:11    time: 0.0674  data: 0.0000  max mem: 2671
      Evaluation: [1900/1978]  eta: 0:00:05    time: 0.0673  data: 0.0000  max mem: 2671
      Evaluation: [1977/1978]  eta: 0:00:00    time: 0.0673  data: 0.0000  max mem: 2671
      Evaluation: Total time: 0:02:12 (0.0672 s / it)
     Computing matching score time 0:02:13
### TTA ITM Score: 
+-------------------+--------+--------+--------+--------+--------+
|       epoch       |   R1   |   R5   |  R10   |  mAP   |  mINP  |
+-------------------+--------+--------+--------+--------+--------+
|  cos_sim_wo/norm  | 58.544 | 91.860 | 95.703 | 73.596 | 73.596 |
|        -999       | 69.414 | 95.197 | 97.776 | 81.233 | 81.233 |
| itm_score_wo/norm | 84.328 | 98.989 | 99.494 | 91.293 | 91.293 |
|        -999       | 84.277 | 99.039 | 99.596 | 91.276 | 91.276 |
|         0         | 84.277 | 99.039 | 99.596 | 91.276 | 91.276 |
|         1         | 84.580 | 99.039 | 99.596 | 91.418 | 91.418 |
|         2         | 84.580 | 98.989 | 99.596 | 91.402 | 91.402 |
|         4         | 84.783 | 98.888 | 99.545 | 91.480 | 91.480 |
|         9         | 84.530 | 98.736 | 99.393 | 91.273 | 91.273 |
|         14        | 84.429 | 98.686 | 99.141 | 91.163 | 91.163 |
|         19        | 84.378 | 98.736 | 99.242 | 91.146 | 91.146 |
|         29        | 84.429 | 98.686 | 99.242 | 91.183 | 91.183 |
+-------------------+--------+--------+--------+--------+--------+
     logs:  {'epo': 29, 'R1': np.float32(84.429), 'R5': np.float32(98.686), 'R10': np.float32(99.242), 'mAP': np.float32(91.183), 'mINP': np.float32(91.183), 'entropy': 0.08502, 'uncertainty': 1.0, 'uncertainty_coeffi': 1.0, 'loss': 0.08502, 'lr': 6.6e-05}
      TTA Epoch: [30] [ 0/39]  eta: 0:00:10  entropy: 0.0612  uncertainty: 1.0000  uncertainty_coeffi: 1.0000  loss: 0.0612  lr: 0.000065  time: 0.2600  data: 0.1990  max mem: 2671
      TTA Epoch: [30] [38/39]  eta: 0:00:00  entropy: 0.0852  uncertainty: 1.0000  uncertainty_coeffi: 1.0000  loss: 0.0852  lr: 0.000063  time: 0.0597  data: 0.0000  max mem: 2671
      TTA Epoch: [30] Total time: 0:00:02 (0.0650 s / it)
     Averaged stats: entropy: 0.0817  uncertainty: 1.0000  uncertainty_coeffi: 1.0000  loss: 0.0817  lr: 0.0001
     itm tta time 0:00:02
      TTA Epoch: [31] [ 0/39]  eta: 0:00:07  entropy: 0.0976  uncertainty: 1.0000  uncertainty_coeffi: 1.0000  loss: 0.0976  lr: 0.000063  time: 0.1999  data: 0.1378  max mem: 2671
      TTA Epoch: [31] [38/39]  eta: 0:00:00  entropy: 0.0731  uncertainty: 1.0000  uncertainty_coeffi: 1.0000  loss: 0.0731  lr: 0.000061  time: 0.0597  data: 0.0000  max mem: 2671
      TTA Epoch: [31] Total time: 0:00:02 (0.0635 s / it)
     Averaged stats: entropy: 0.0779  uncertainty: 1.0000  uncertainty_coeffi: 1.0000  loss: 0.0779  lr: 0.0001
     itm tta time 0:00:02
      TTA Epoch: [32] [ 0/39]  eta: 0:00:07  entropy: 0.0459  uncertainty: 1.0000  uncertainty_coeffi: 1.0000  loss: 0.0459  lr: 0.000061  time: 0.1913  data: 0.1298  max mem: 2671
      TTA Epoch: [32] [38/39]  eta: 0:00:00  entropy: 0.0547  uncertainty: 1.0000  uncertainty_coeffi: 1.0000  loss: 0.0547  lr: 0.000059  time: 0.0597  data: 0.0000  max mem: 2671
      TTA Epoch: [32] Total time: 0:00:02 (0.0630 s / it)
     Averaged stats: entropy: 0.0812  uncertainty: 1.0000  uncertainty_coeffi: 1.0000  loss: 0.0812  lr: 0.0001
     itm tta time 0:00:02
      TTA Epoch: [33] [ 0/39]  eta: 0:00:09  entropy: 0.0229  uncertainty: 1.0000  uncertainty_coeffi: 1.0000  loss: 0.0229  lr: 0.000059  time: 0.2418  data: 0.1515  max mem: 2671
      TTA Epoch: [33] [38/39]  eta: 0:00:00  entropy: 0.0979  uncertainty: 1.0000  uncertainty_coeffi: 1.0000  loss: 0.0979  lr: 0.000057  time: 0.0598  data: 0.0000  max mem: 2671
      TTA Epoch: [33] Total time: 0:00:02 (0.0646 s / it)
     Averaged stats: entropy: 0.0805  uncertainty: 1.0000  uncertainty_coeffi: 1.0000  loss: 0.0805  lr: 0.0001
     itm tta time 0:00:02
      TTA Epoch: [34] [ 0/39]  eta: 0:00:09  entropy: 0.0496  uncertainty: 1.0000  uncertainty_coeffi: 1.0000  loss: 0.0496  lr: 0.000056  time: 0.2381  data: 0.1779  max mem: 2671
      TTA Epoch: [34] [38/39]  eta: 0:00:00  entropy: 0.0930  uncertainty: 1.0000  uncertainty_coeffi: 1.0000  loss: 0.0930  lr: 0.000054  time: 0.0597  data: 0.0000  max mem: 2671
      TTA Epoch: [34] Total time: 0:00:02 (0.0643 s / it)
     Averaged stats: entropy: 0.0764  uncertainty: 1.0000  uncertainty_coeffi: 1.0000  loss: 0.0764  lr: 0.0001
     itm tta time 0:00:02
      TTA Epoch: [35] [ 0/39]  eta: 0:00:08  entropy: 0.0544  uncertainty: 1.0000  uncertainty_coeffi: 1.0000  loss: 0.0544  lr: 0.000054  time: 0.2203  data: 0.1585  max mem: 2671
      TTA Epoch: [35] [38/39]  eta: 0:00:00  entropy: 0.0145  uncertainty: 1.0000  uncertainty_coeffi: 1.0000  loss: 0.0145  lr: 0.000052  time: 0.0597  data: 0.0000  max mem: 2671
      TTA Epoch: [35] Total time: 0:00:02 (0.0640 s / it)
     Averaged stats: entropy: 0.0763  uncertainty: 1.0000  uncertainty_coeffi: 1.0000  loss: 0.0763  lr: 0.0001
     itm tta time 0:00:02
      TTA Epoch: [36] [ 0/39]  eta: 0:00:08  entropy: 0.0919  uncertainty: 1.0000  uncertainty_coeffi: 1.0000  loss: 0.0919  lr: 0.000052  time: 0.2182  data: 0.1576  max mem: 2671
      TTA Epoch: [36] [38/39]  eta: 0:00:00  entropy: 0.1129  uncertainty: 1.0000  uncertainty_coeffi: 1.0000  loss: 0.1129  lr: 0.000050  time: 0.0599  data: 0.0000  max mem: 2671
      TTA Epoch: [36] Total time: 0:00:02 (0.0641 s / it)
     Averaged stats: entropy: 0.0740  uncertainty: 1.0000  uncertainty_coeffi: 1.0000  loss: 0.0740  lr: 0.0001
     itm tta time 0:00:02
      TTA Epoch: [37] [ 0/39]  eta: 0:00:09  entropy: 0.0595  uncertainty: 1.0000  uncertainty_coeffi: 1.0000  loss: 0.0595  lr: 0.000050  time: 0.2345  data: 0.1735  max mem: 2671
      TTA Epoch: [37] [38/39]  eta: 0:00:00  entropy: 0.0570  uncertainty: 1.0000  uncertainty_coeffi: 1.0000  loss: 0.0570  lr: 0.000048  time: 0.0597  data: 0.0000  max mem: 2671
      TTA Epoch: [37] Total time: 0:00:02 (0.0644 s / it)
     Averaged stats: entropy: 0.0711  uncertainty: 1.0000  uncertainty_coeffi: 1.0000  loss: 0.0711  lr: 0.0000
     itm tta time 0:00:02
      TTA Epoch: [38] [ 0/39]  eta: 0:00:09  entropy: 0.1014  uncertainty: 1.0000  uncertainty_coeffi: 1.0000  loss: 0.1014  lr: 0.000048  time: 0.2418  data: 0.1821  max mem: 2671
      TTA Epoch: [38] [38/39]  eta: 0:00:00  entropy: 0.1170  uncertainty: 1.0000  uncertainty_coeffi: 1.0000  loss: 0.1170  lr: 0.000046  time: 0.0597  data: 0.0000  max mem: 2671
      TTA Epoch: [38] Total time: 0:00:02 (0.0645 s / it)
     Averaged stats: entropy: 0.0729  uncertainty: 1.0000  uncertainty_coeffi: 1.0000  loss: 0.0729  lr: 0.0000
     itm tta time 0:00:02
      TTA Epoch: [39] [ 0/39]  eta: 0:00:08  entropy: 0.0387  uncertainty: 1.0000  uncertainty_coeffi: 1.0000  loss: 0.0387  lr: 0.000046  time: 0.2229  data: 0.1616  max mem: 2671
      TTA Epoch: [39] [38/39]  eta: 0:00:00  entropy: 0.0268  uncertainty: 1.0000  uncertainty_coeffi: 1.0000  loss: 0.0268  lr: 0.000044  time: 0.0597  data: 0.0000  max mem: 2671
      TTA Epoch: [39] Total time: 0:00:02 (0.0639 s / it)
     Averaged stats: entropy: 0.0733  uncertainty: 1.0000  uncertainty_coeffi: 1.0000  loss: 0.0733  lr: 0.0000
     itm tta time 0:00:02
     Computing matching score
      Evaluation: [   0/1978]  eta: 0:02:04    time: 0.0631  data: 0.0009  max mem: 2671
      Evaluation: [ 100/1978]  eta: 0:02:06    time: 0.0672  data: 0.0000  max mem: 2671
      Evaluation: [ 200/1978]  eta: 0:01:59    time: 0.0673  data: 0.0000  max mem: 2671
      Evaluation: [ 300/1978]  eta: 0:01:52    time: 0.0671  data: 0.0000  max mem: 2671
      Evaluation: [ 400/1978]  eta: 0:01:45    time: 0.0672  data: 0.0000  max mem: 2671
      Evaluation: [ 500/1978]  eta: 0:01:39    time: 0.0673  data: 0.0000  max mem: 2671
      Evaluation: [ 600/1978]  eta: 0:01:32    time: 0.0672  data: 0.0000  max mem: 2671
      Evaluation: [ 700/1978]  eta: 0:01:25    time: 0.0673  data: 0.0000  max mem: 2671
      Evaluation: [ 800/1978]  eta: 0:01:19    time: 0.0671  data: 0.0000  max mem: 2671
      Evaluation: [ 900/1978]  eta: 0:01:12    time: 0.0673  data: 0.0000  max mem: 2671
      Evaluation: [1000/1978]  eta: 0:01:05    time: 0.0673  data: 0.0000  max mem: 2671
      Evaluation: [1100/1978]  eta: 0:00:59    time: 0.0673  data: 0.0000  max mem: 2671
      Evaluation: [1200/1978]  eta: 0:00:52    time: 0.0672  data: 0.0000  max mem: 2671
      Evaluation: [1300/1978]  eta: 0:00:45    time: 0.0673  data: 0.0000  max mem: 2671
      Evaluation: [1400/1978]  eta: 0:00:38    time: 0.0673  data: 0.0000  max mem: 2671
      Evaluation: [1500/1978]  eta: 0:00:32    time: 0.0672  data: 0.0000  max mem: 2671
      Evaluation: [1600/1978]  eta: 0:00:25    time: 0.0675  data: 0.0000  max mem: 2671
      Evaluation: [1700/1978]  eta: 0:00:18    time: 0.0673  data: 0.0000  max mem: 2671
      Evaluation: [1800/1978]  eta: 0:00:11    time: 0.0674  data: 0.0000  max mem: 2671
      Evaluation: [1900/1978]  eta: 0:00:05    time: 0.0673  data: 0.0000  max mem: 2671
      Evaluation: [1977/1978]  eta: 0:00:00    time: 0.0675  data: 0.0000  max mem: 2671
      Evaluation: Total time: 0:02:13 (0.0673 s / it)
     Computing matching score time 0:02:13
### TTA ITM Score: 
+-------------------+--------+--------+--------+--------+--------+
|       epoch       |   R1   |   R5   |  R10   |  mAP   |  mINP  |
+-------------------+--------+--------+--------+--------+--------+
|  cos_sim_wo/norm  | 58.544 | 91.860 | 95.703 | 73.596 | 73.596 |
|        -999       | 69.414 | 95.197 | 97.776 | 81.233 | 81.233 |
| itm_score_wo/norm | 84.328 | 98.989 | 99.494 | 91.293 | 91.293 |
|        -999       | 84.277 | 99.039 | 99.596 | 91.276 | 91.276 |
|         0         | 84.277 | 99.039 | 99.596 | 91.276 | 91.276 |
|         1         | 84.580 | 99.039 | 99.596 | 91.418 | 91.418 |
|         2         | 84.580 | 98.989 | 99.596 | 91.402 | 91.402 |
|         4         | 84.783 | 98.888 | 99.545 | 91.480 | 91.480 |
|         9         | 84.530 | 98.736 | 99.393 | 91.273 | 91.273 |
|         14        | 84.429 | 98.686 | 99.141 | 91.163 | 91.163 |
|         19        | 84.378 | 98.736 | 99.242 | 91.146 | 91.146 |
|         29        | 84.429 | 98.686 | 99.242 | 91.183 | 91.183 |
|         39        | 84.631 | 98.686 | 99.292 | 91.281 | 91.281 |
+-------------------+--------+--------+--------+--------+--------+
     logs:  {'epo': 39, 'R1': np.float32(84.631), 'R5': np.float32(98.686), 'R10': np.float32(99.292), 'mAP': np.float32(91.281), 'mINP': np.float32(91.281), 'entropy': 0.073261, 'uncertainty': 1.0, 'uncertainty_coeffi': 1.0, 'loss': 0.073261, 'lr': 4.5e-05}
      TTA Epoch: [40] [ 0/39]  eta: 0:00:08  entropy: 0.0725  uncertainty: 1.0000  uncertainty_coeffi: 1.0000  loss: 0.0725  lr: 0.000044  time: 0.2153  data: 0.1517  max mem: 2671
      TTA Epoch: [40] [38/39]  eta: 0:00:00  entropy: 0.0548  uncertainty: 1.0000  uncertainty_coeffi: 1.0000  loss: 0.0548  lr: 0.000042  time: 0.0598  data: 0.0000  max mem: 2671
      TTA Epoch: [40] Total time: 0:00:02 (0.0638 s / it)
     Averaged stats: entropy: 0.0673  uncertainty: 1.0000  uncertainty_coeffi: 1.0000  loss: 0.0673  lr: 0.0000
     itm tta time 0:00:02
      TTA Epoch: [41] [ 0/39]  eta: 0:00:09  entropy: 0.0738  uncertainty: 1.0000  uncertainty_coeffi: 1.0000  loss: 0.0738  lr: 0.000042  time: 0.2458  data: 0.1845  max mem: 2671
      TTA Epoch: [41] [38/39]  eta: 0:00:00  entropy: 0.0619  uncertainty: 1.0000  uncertainty_coeffi: 1.0000  loss: 0.0619  lr: 0.000040  time: 0.0602  data: 0.0001  max mem: 2671
      TTA Epoch: [41] Total time: 0:00:02 (0.0649 s / it)
     Averaged stats: entropy: 0.0720  uncertainty: 1.0000  uncertainty_coeffi: 1.0000  loss: 0.0720  lr: 0.0000
     itm tta time 0:00:02
      TTA Epoch: [42] [ 0/39]  eta: 0:00:08  entropy: 0.0692  uncertainty: 1.0000  uncertainty_coeffi: 1.0000  loss: 0.0692  lr: 0.000040  time: 0.2150  data: 0.1545  max mem: 2671
      TTA Epoch: [42] [38/39]  eta: 0:00:00  entropy: 0.0553  uncertainty: 1.0000  uncertainty_coeffi: 1.0000  loss: 0.0553  lr: 0.000038  time: 0.0598  data: 0.0000  max mem: 2671
      TTA Epoch: [42] Total time: 0:00:02 (0.0638 s / it)
     Averaged stats: entropy: 0.0693  uncertainty: 1.0000  uncertainty_coeffi: 1.0000  loss: 0.0693  lr: 0.0000
     itm tta time 0:00:02
      TTA Epoch: [43] [ 0/39]  eta: 0:00:08  entropy: 0.0797  uncertainty: 1.0000  uncertainty_coeffi: 1.0000  loss: 0.0797  lr: 0.000038  time: 0.2182  data: 0.1574  max mem: 2671
      TTA Epoch: [43] [38/39]  eta: 0:00:00  entropy: 0.0957  uncertainty: 1.0000  uncertainty_coeffi: 1.0000  loss: 0.0957  lr: 0.000036  time: 0.0599  data: 0.0000  max mem: 2671
      TTA Epoch: [43] Total time: 0:00:02 (0.0641 s / it)
     Averaged stats: entropy: 0.0690  uncertainty: 1.0000  uncertainty_coeffi: 1.0000  loss: 0.0690  lr: 0.0000
     itm tta time 0:00:02
      TTA Epoch: [44] [ 0/39]  eta: 0:00:08  entropy: 0.0735  uncertainty: 1.0000  uncertainty_coeffi: 1.0000  loss: 0.0735  lr: 0.000036  time: 0.2185  data: 0.1569  max mem: 2671
      TTA Epoch: [44] [38/39]  eta: 0:00:00  entropy: 0.1094  uncertainty: 1.0000  uncertainty_coeffi: 1.0000  loss: 0.1094  lr: 0.000034  time: 0.0598  data: 0.0000  max mem: 2671
      TTA Epoch: [44] Total time: 0:00:02 (0.0640 s / it)
     Averaged stats: entropy: 0.0651  uncertainty: 1.0000  uncertainty_coeffi: 1.0000  loss: 0.0651  lr: 0.0000
     itm tta time 0:00:02
      TTA Epoch: [45] [ 0/39]  eta: 0:00:08  entropy: 0.0870  uncertainty: 1.0000  uncertainty_coeffi: 1.0000  loss: 0.0870  lr: 0.000034  time: 0.2228  data: 0.1613  max mem: 2671
      TTA Epoch: [45] [38/39]  eta: 0:00:00  entropy: 0.1305  uncertainty: 1.0000  uncertainty_coeffi: 1.0000  loss: 0.1305  lr: 0.000032  time: 0.0599  data: 0.0000  max mem: 2671
      TTA Epoch: [45] Total time: 0:00:02 (0.0641 s / it)
     Averaged stats: entropy: 0.0651  uncertainty: 1.0000  uncertainty_coeffi: 1.0000  loss: 0.0651  lr: 0.0000
     itm tta time 0:00:02
      TTA Epoch: [46] [ 0/39]  eta: 0:00:08  entropy: 0.0394  uncertainty: 1.0000  uncertainty_coeffi: 1.0000  loss: 0.0394  lr: 0.000032  time: 0.2176  data: 0.1556  max mem: 2671
      TTA Epoch: [46] [38/39]  eta: 0:00:00  entropy: 0.0862  uncertainty: 1.0000  uncertainty_coeffi: 1.0000  loss: 0.0862  lr: 0.000030  time: 0.0598  data: 0.0000  max mem: 2671
      TTA Epoch: [46] Total time: 0:00:02 (0.0640 s / it)
     Averaged stats: entropy: 0.0685  uncertainty: 1.0000  uncertainty_coeffi: 1.0000  loss: 0.0685  lr: 0.0000
     itm tta time 0:00:02
      TTA Epoch: [47] [ 0/39]  eta: 0:00:08  entropy: 0.0606  uncertainty: 1.0000  uncertainty_coeffi: 1.0000  loss: 0.0606  lr: 0.000030  time: 0.2218  data: 0.1607  max mem: 2671
      TTA Epoch: [47] [38/39]  eta: 0:00:00  entropy: 0.0604  uncertainty: 1.0000  uncertainty_coeffi: 1.0000  loss: 0.0604  lr: 0.000028  time: 0.0597  data: 0.0000  max mem: 2671
      TTA Epoch: [47] Total time: 0:00:02 (0.0640 s / it)
     Averaged stats: entropy: 0.0720  uncertainty: 1.0000  uncertainty_coeffi: 1.0000  loss: 0.0720  lr: 0.0000
     itm tta time 0:00:02
      TTA Epoch: [48] [ 0/39]  eta: 0:00:08  entropy: 0.0487  uncertainty: 1.0000  uncertainty_coeffi: 1.0000  loss: 0.0487  lr: 0.000028  time: 0.2220  data: 0.1561  max mem: 2671
      TTA Epoch: [48] [38/39]  eta: 0:00:00  entropy: 0.1022  uncertainty: 1.0000  uncertainty_coeffi: 1.0000  loss: 0.1022  lr: 0.000026  time: 0.0596  data: 0.0000  max mem: 2671
      TTA Epoch: [48] Total time: 0:00:02 (0.0639 s / it)
     Averaged stats: entropy: 0.0617  uncertainty: 1.0000  uncertainty_coeffi: 1.0000  loss: 0.0617  lr: 0.0000
     itm tta time 0:00:02
      TTA Epoch: [49] [ 0/39]  eta: 0:00:08  entropy: 0.0686  uncertainty: 1.0000  uncertainty_coeffi: 1.0000  loss: 0.0686  lr: 0.000026  time: 0.2129  data: 0.1510  max mem: 2671
      TTA Epoch: [49] [38/39]  eta: 0:00:00  entropy: 0.0341  uncertainty: 1.0000  uncertainty_coeffi: 1.0000  loss: 0.0341  lr: 0.000024  time: 0.0597  data: 0.0000  max mem: 2671
      TTA Epoch: [49] Total time: 0:00:02 (0.0638 s / it)
     Averaged stats: entropy: 0.0670  uncertainty: 1.0000  uncertainty_coeffi: 1.0000  loss: 0.0670  lr: 0.0000
     itm tta time 0:00:02
     Computing matching score
      Evaluation: [   0/1978]  eta: 0:02:05    time: 0.0636  data: 0.0009  max mem: 2671
      Evaluation: [ 100/1978]  eta: 0:02:06    time: 0.0671  data: 0.0000  max mem: 2671
      Evaluation: [ 200/1978]  eta: 0:01:59    time: 0.0671  data: 0.0000  max mem: 2671
      Evaluation: [ 300/1978]  eta: 0:01:52    time: 0.0671  data: 0.0000  max mem: 2671
      Evaluation: [ 400/1978]  eta: 0:01:45    time: 0.0676  data: 0.0000  max mem: 2671
      Evaluation: [ 500/1978]  eta: 0:01:39    time: 0.0673  data: 0.0000  max mem: 2671
      Evaluation: [ 600/1978]  eta: 0:01:32    time: 0.0671  data: 0.0000  max mem: 2671
      Evaluation: [ 700/1978]  eta: 0:01:25    time: 0.0673  data: 0.0000  max mem: 2671
      Evaluation: [ 800/1978]  eta: 0:01:19    time: 0.0672  data: 0.0000  max mem: 2671
      Evaluation: [ 900/1978]  eta: 0:01:12    time: 0.0673  data: 0.0000  max mem: 2671
      Evaluation: [1000/1978]  eta: 0:01:05    time: 0.0672  data: 0.0000  max mem: 2671
      Evaluation: [1100/1978]  eta: 0:00:59    time: 0.0673  data: 0.0000  max mem: 2671
      Evaluation: [1200/1978]  eta: 0:00:52    time: 0.0672  data: 0.0000  max mem: 2671
      Evaluation: [1300/1978]  eta: 0:00:45    time: 0.0673  data: 0.0000  max mem: 2671
      Evaluation: [1400/1978]  eta: 0:00:38    time: 0.0675  data: 0.0000  max mem: 2671
      Evaluation: [1500/1978]  eta: 0:00:32    time: 0.0673  data: 0.0000  max mem: 2671
      Evaluation: [1600/1978]  eta: 0:00:25    time: 0.0673  data: 0.0000  max mem: 2671
      Evaluation: [1700/1978]  eta: 0:00:18    time: 0.0673  data: 0.0000  max mem: 2671
      Evaluation: [1800/1978]  eta: 0:00:11    time: 0.0672  data: 0.0000  max mem: 2671
      Evaluation: [1900/1978]  eta: 0:00:05    time: 0.0673  data: 0.0000  max mem: 2671
      Evaluation: [1977/1978]  eta: 0:00:00    time: 0.0673  data: 0.0000  max mem: 2671
      Evaluation: Total time: 0:02:13 (0.0673 s / it)
     Computing matching score time 0:02:13
### TTA ITM Score: 
+-------------------+--------+--------+--------+--------+--------+
|       epoch       |   R1   |   R5   |  R10   |  mAP   |  mINP  |
+-------------------+--------+--------+--------+--------+--------+
|  cos_sim_wo/norm  | 58.544 | 91.860 | 95.703 | 73.596 | 73.596 |
|        -999       | 69.414 | 95.197 | 97.776 | 81.233 | 81.233 |
| itm_score_wo/norm | 84.328 | 98.989 | 99.494 | 91.293 | 91.293 |
|        -999       | 84.277 | 99.039 | 99.596 | 91.276 | 91.276 |
|         0         | 84.277 | 99.039 | 99.596 | 91.276 | 91.276 |
|         1         | 84.580 | 99.039 | 99.596 | 91.418 | 91.418 |
|         2         | 84.580 | 98.989 | 99.596 | 91.402 | 91.402 |
|         4         | 84.783 | 98.888 | 99.545 | 91.480 | 91.480 |
|         9         | 84.530 | 98.736 | 99.393 | 91.273 | 91.273 |
|         14        | 84.429 | 98.686 | 99.141 | 91.163 | 91.163 |
|         19        | 84.378 | 98.736 | 99.242 | 91.146 | 91.146 |
|         29        | 84.429 | 98.686 | 99.242 | 91.183 | 91.183 |
|         39        | 84.631 | 98.686 | 99.292 | 91.281 | 91.281 |
|         49        | 84.732 | 98.686 | 99.292 | 91.335 | 91.335 |
+-------------------+--------+--------+--------+--------+--------+
     logs:  {'epo': 49, 'R1': np.float32(84.732), 'R5': np.float32(98.686), 'R10': np.float32(99.292), 'mAP': np.float32(91.335), 'mINP': np.float32(91.335), 'entropy': 0.066987, 'uncertainty': 1.0, 'uncertainty_coeffi': 1.0, 'loss': 0.066987, 'lr': 2.5e-05}
      TTA Epoch: [50] [ 0/39]  eta: 0:00:08  entropy: 0.0484  uncertainty: 1.0000  uncertainty_coeffi: 1.0000  loss: 0.0484  lr: 0.000024  time: 0.2079  data: 0.1464  max mem: 2671
      TTA Epoch: [50] [38/39]  eta: 0:00:00  entropy: 0.1210  uncertainty: 1.0000  uncertainty_coeffi: 1.0000  loss: 0.1210  lr: 0.000022  time: 0.0600  data: 0.0000  max mem: 2671
      TTA Epoch: [50] Total time: 0:00:02 (0.0638 s / it)
     Averaged stats: entropy: 0.0611  uncertainty: 1.0000  uncertainty_coeffi: 1.0000  loss: 0.0611  lr: 0.0000
     itm tta time 0:00:02
      TTA Epoch: [51] [ 0/39]  eta: 0:00:08  entropy: 0.0289  uncertainty: 1.0000  uncertainty_coeffi: 1.0000  loss: 0.0289  lr: 0.000022  time: 0.2187  data: 0.1579  max mem: 2671
      TTA Epoch: [51] [38/39]  eta: 0:00:00  entropy: 0.0921  uncertainty: 1.0000  uncertainty_coeffi: 1.0000  loss: 0.0921  lr: 0.000010  time: 0.0599  data: 0.0000  max mem: 2671
      TTA Epoch: [51] Total time: 0:00:02 (0.0640 s / it)
     Averaged stats: entropy: 0.0652  uncertainty: 1.0000  uncertainty_coeffi: 1.0000  loss: 0.0652  lr: 0.0000
     itm tta time 0:00:02
      TTA Epoch: [52] [ 0/39]  eta: 0:00:08  entropy: 0.0235  uncertainty: 1.0000  uncertainty_coeffi: 1.0000  loss: 0.0235  lr: 0.000010  time: 0.2095  data: 0.1489  max mem: 2671
      TTA Epoch: [52] [38/39]  eta: 0:00:00  entropy: 0.0918  uncertainty: 1.0000  uncertainty_coeffi: 1.0000  loss: 0.0918  lr: 0.000009  time: 0.0597  data: 0.0000  max mem: 2671
      TTA Epoch: [52] Total time: 0:00:02 (0.0637 s / it)
     Averaged stats: entropy: 0.0658  uncertainty: 1.0000  uncertainty_coeffi: 1.0000  loss: 0.0658  lr: 0.0000
     itm tta time 0:00:02
      TTA Epoch: [53] [ 0/39]  eta: 0:00:08  entropy: 0.1036  uncertainty: 1.0000  uncertainty_coeffi: 1.0000  loss: 0.1036  lr: 0.000009  time: 0.2134  data: 0.1529  max mem: 2671
      TTA Epoch: [53] [38/39]  eta: 0:00:00  entropy: 0.0797  uncertainty: 1.0000  uncertainty_coeffi: 1.0000  loss: 0.0797  lr: 0.000008  time: 0.0599  data: 0.0000  max mem: 2671
      TTA Epoch: [53] Total time: 0:00:02 (0.0639 s / it)
     Averaged stats: entropy: 0.0648  uncertainty: 1.0000  uncertainty_coeffi: 1.0000  loss: 0.0648  lr: 0.0000
     itm tta time 0:00:02
      TTA Epoch: [54] [ 0/39]  eta: 0:00:08  entropy: 0.0694  uncertainty: 1.0000  uncertainty_coeffi: 1.0000  loss: 0.0694  lr: 0.000008  time: 0.2123  data: 0.1519  max mem: 2671
      TTA Epoch: [54] [38/39]  eta: 0:00:00  entropy: 0.0136  uncertainty: 1.0000  uncertainty_coeffi: 1.0000  loss: 0.0136  lr: 0.000007  time: 0.0599  data: 0.0000  max mem: 2671
      TTA Epoch: [54] Total time: 0:00:02 (0.0639 s / it)
     Averaged stats: entropy: 0.0612  uncertainty: 1.0000  uncertainty_coeffi: 1.0000  loss: 0.0612  lr: 0.0000
     itm tta time 0:00:02
      TTA Epoch: [55] [ 0/39]  eta: 0:00:08  entropy: 0.0379  uncertainty: 1.0000  uncertainty_coeffi: 1.0000  loss: 0.0379  lr: 0.000007  time: 0.2094  data: 0.1459  max mem: 2671
      TTA Epoch: [55] [38/39]  eta: 0:00:00  entropy: 0.0528  uncertainty: 1.0000  uncertainty_coeffi: 1.0000  loss: 0.0528  lr: 0.000006  time: 0.0599  data: 0.0000  max mem: 2671
      TTA Epoch: [55] Total time: 0:00:02 (0.0639 s / it)
     Averaged stats: entropy: 0.0645  uncertainty: 1.0000  uncertainty_coeffi: 1.0000  loss: 0.0645  lr: 0.0000
     itm tta time 0:00:02
      TTA Epoch: [56] [ 0/39]  eta: 0:00:08  entropy: 0.0576  uncertainty: 1.0000  uncertainty_coeffi: 1.0000  loss: 0.0576  lr: 0.000006  time: 0.2089  data: 0.1485  max mem: 2671
      TTA Epoch: [56] [38/39]  eta: 0:00:00  entropy: 0.0893  uncertainty: 1.0000  uncertainty_coeffi: 1.0000  loss: 0.0893  lr: 0.000005  time: 0.0599  data: 0.0000  max mem: 2671
      TTA Epoch: [56] Total time: 0:00:02 (0.0638 s / it)
     Averaged stats: entropy: 0.0638  uncertainty: 1.0000  uncertainty_coeffi: 1.0000  loss: 0.0638  lr: 0.0000
     itm tta time 0:00:02
      TTA Epoch: [57] [ 0/39]  eta: 0:00:08  entropy: 0.0987  uncertainty: 1.0000  uncertainty_coeffi: 1.0000  loss: 0.0987  lr: 0.000005  time: 0.2081  data: 0.1475  max mem: 2671
      TTA Epoch: [57] [38/39]  eta: 0:00:00  entropy: 0.0468  uncertainty: 1.0000  uncertainty_coeffi: 1.0000  loss: 0.0468  lr: 0.000004  time: 0.0600  data: 0.0000  max mem: 2671
      TTA Epoch: [57] Total time: 0:00:02 (0.0639 s / it)
     Averaged stats: entropy: 0.0630  uncertainty: 1.0000  uncertainty_coeffi: 1.0000  loss: 0.0630  lr: 0.0000
     itm tta time 0:00:02
      TTA Epoch: [58] [ 0/39]  eta: 0:00:08  entropy: 0.0542  uncertainty: 1.0000  uncertainty_coeffi: 1.0000  loss: 0.0542  lr: 0.000004  time: 0.2138  data: 0.1533  max mem: 2671
      TTA Epoch: [58] [38/39]  eta: 0:00:00  entropy: 0.0632  uncertainty: 1.0000  uncertainty_coeffi: 1.0000  loss: 0.0632  lr: 0.000003  time: 0.0598  data: 0.0000  max mem: 2671
      TTA Epoch: [58] Total time: 0:00:02 (0.0639 s / it)
     Averaged stats: entropy: 0.0635  uncertainty: 1.0000  uncertainty_coeffi: 1.0000  loss: 0.0635  lr: 0.0000
     itm tta time 0:00:02
      TTA Epoch: [59] [ 0/39]  eta: 0:00:08  entropy: 0.0764  uncertainty: 1.0000  uncertainty_coeffi: 1.0000  loss: 0.0764  lr: 0.000003  time: 0.2167  data: 0.1561  max mem: 2671
      TTA Epoch: [59] [38/39]  eta: 0:00:00  entropy: 0.0721  uncertainty: 1.0000  uncertainty_coeffi: 1.0000  loss: 0.0721  lr: 0.000002  time: 0.0599  data: 0.0000  max mem: 2671
      TTA Epoch: [59] Total time: 0:00:02 (0.0640 s / it)
     Averaged stats: entropy: 0.0647  uncertainty: 1.0000  uncertainty_coeffi: 1.0000  loss: 0.0647  lr: 0.0000
     itm tta time 0:00:02
     Computing matching score
      Evaluation: [   0/1978]  eta: 0:02:02    time: 0.0619  data: 0.0008  max mem: 2671
      Evaluation: [ 100/1978]  eta: 0:02:05    time: 0.0671  data: 0.0000  max mem: 2671
      Evaluation: [ 200/1978]  eta: 0:01:59    time: 0.0672  data: 0.0000  max mem: 2671
      Evaluation: [ 300/1978]  eta: 0:01:52    time: 0.0672  data: 0.0000  max mem: 2671
      Evaluation: [ 400/1978]  eta: 0:01:45    time: 0.0672  data: 0.0000  max mem: 2671
      Evaluation: [ 500/1978]  eta: 0:01:39    time: 0.0673  data: 0.0000  max mem: 2671
      Evaluation: [ 600/1978]  eta: 0:01:32    time: 0.0672  data: 0.0000  max mem: 2671
      Evaluation: [ 700/1978]  eta: 0:01:25    time: 0.0672  data: 0.0000  max mem: 2671
      Evaluation: [ 800/1978]  eta: 0:01:19    time: 0.0673  data: 0.0000  max mem: 2671
      Evaluation: [ 900/1978]  eta: 0:01:12    time: 0.0672  data: 0.0000  max mem: 2671
      Evaluation: [1000/1978]  eta: 0:01:05    time: 0.0673  data: 0.0000  max mem: 2671
      Evaluation: [1100/1978]  eta: 0:00:58    time: 0.0673  data: 0.0000  max mem: 2671
      Evaluation: [1200/1978]  eta: 0:00:52    time: 0.0671  data: 0.0000  max mem: 2671
      Evaluation: [1300/1978]  eta: 0:00:45    time: 0.0672  data: 0.0000  max mem: 2671
      Evaluation: [1400/1978]  eta: 0:00:38    time: 0.0673  data: 0.0000  max mem: 2671
      Evaluation: [1500/1978]  eta: 0:00:32    time: 0.0673  data: 0.0000  max mem: 2671
      Evaluation: [1600/1978]  eta: 0:00:25    time: 0.0673  data: 0.0000  max mem: 2671
      Evaluation: [1700/1978]  eta: 0:00:18    time: 0.0672  data: 0.0000  max mem: 2671
      Evaluation: [1800/1978]  eta: 0:00:11    time: 0.0673  data: 0.0000  max mem: 2671
      Evaluation: [1900/1978]  eta: 0:00:05    time: 0.0673  data: 0.0000  max mem: 2671
      Evaluation: [1977/1978]  eta: 0:00:00    time: 0.0672  data: 0.0000  max mem: 2671
      Evaluation: Total time: 0:02:12 (0.0672 s / it)
     Computing matching score time 0:02:13
### TTA ITM Score: 
+-------------------+--------+--------+--------+--------+--------+
|       epoch       |   R1   |   R5   |  R10   |  mAP   |  mINP  |
+-------------------+--------+--------+--------+--------+--------+
|  cos_sim_wo/norm  | 58.544 | 91.860 | 95.703 | 73.596 | 73.596 |
|        -999       | 69.414 | 95.197 | 97.776 | 81.233 | 81.233 |
| itm_score_wo/norm | 84.328 | 98.989 | 99.494 | 91.293 | 91.293 |
|        -999       | 84.277 | 99.039 | 99.596 | 91.276 | 91.276 |
|         0         | 84.277 | 99.039 | 99.596 | 91.276 | 91.276 |
|         1         | 84.580 | 99.039 | 99.596 | 91.418 | 91.418 |
|         2         | 84.580 | 98.989 | 99.596 | 91.402 | 91.402 |
|         4         | 84.783 | 98.888 | 99.545 | 91.480 | 91.480 |
|         9         | 84.530 | 98.736 | 99.393 | 91.273 | 91.273 |
|         14        | 84.429 | 98.686 | 99.141 | 91.163 | 91.163 |
|         19        | 84.378 | 98.736 | 99.242 | 91.146 | 91.146 |
|         29        | 84.429 | 98.686 | 99.242 | 91.183 | 91.183 |
|         39        | 84.631 | 98.686 | 99.292 | 91.281 | 91.281 |
|         49        | 84.732 | 98.686 | 99.292 | 91.335 | 91.335 |
|         59        | 84.783 | 98.635 | 99.292 | 91.354 | 91.354 |
+-------------------+--------+--------+--------+--------+--------+
     logs:  {'epo': 59, 'R1': np.float32(84.783), 'R5': np.float32(98.635), 'R10': np.float32(99.292), 'mAP': np.float32(91.354), 'mINP': np.float32(91.354), 'entropy': 0.064693, 'uncertainty': 1.0, 'uncertainty_coeffi': 1.0, 'loss': 0.064693, 'lr': 2e-06}
### best epoch: 4
### Time 0:27:00
NNODES,  1
NODE_RANK,  0
MASTER_ADDR,  127.0.0.1
MASTER_PORT,  1612
NPROC_PER_NODE,  2
task:  exp2.1.2
config:  configs_rerun3/exp2.1.2.yaml
output_dir:  output_rerun3/exp2.1.2/2025092002114
python3 tta.py --config configs_rerun3/exp2.1.2.yaml --task exp2.1.2 --output_dir output_rerun3/exp2.1.2/2025092002114 --checkpoint checkpoint/cmp.pth --bs 0 --epo 0 --lr 0.0 --seed 42 --tta
