/home/jiahao/miniconda3/envs/cmp/lib/python3.10/site-packages/torch/functional.py:554: UserWarning: torch.meshgrid: in an upcoming release, it will be required to pass the indexing argument. (Triggered internally at /pytorch/aten/src/ATen/native/TensorShape.cpp:4322.)
  return _VF.meshgrid(tensors, **kwargs)  # type: ignore[attr-defined]
Not using distributed mode
### Hyper-parameters:
     seed: 42
     device: cuda
     output_dir: output_rerun3/exp2.0.4/2025092000474
     batch_size_tta: 16
     epochs: 60
     lr: 1e-05
### Creating test dataset
from data/PAB/annotation/test/attr.json loading 1978 data
     test dataset -->    be_pose_img: True
     test_dataset: 1978
### Creating test dataloader
### be careful: func create_loader returns a list length of 1
     test_loader: 90
### Creating model
build_vision_encoder: load swin 224 x 224 ====>
missing_keys:  []
unexpected_keys:  ['head.weight', 'head.bias']
build_text_encoder: load bert ====>
missing_keys: ['bert.encoder.layer.10.crossattention.output.LayerNorm.bias', 'bert.encoder.layer.10.crossattention.output.LayerNorm.weight', 'bert.encoder.layer.10.crossattention.output.dense.bias', 'bert.encoder.layer.10.crossattention.output.dense.weight', 'bert.encoder.layer.10.crossattention.self.key.bias', 'bert.encoder.layer.10.crossattention.self.key.weight', 'bert.encoder.layer.10.crossattention.self.query.bias', 'bert.encoder.layer.10.crossattention.self.query.weight', 'bert.encoder.layer.10.crossattention.self.value.bias', 'bert.encoder.layer.10.crossattention.self.value.weight', 'bert.encoder.layer.11.crossattention.output.LayerNorm.bias', 'bert.encoder.layer.11.crossattention.output.LayerNorm.weight', 'bert.encoder.layer.11.crossattention.output.dense.bias', 'bert.encoder.layer.11.crossattention.output.dense.weight', 'bert.encoder.layer.11.crossattention.self.key.bias', 'bert.encoder.layer.11.crossattention.self.key.weight', 'bert.encoder.layer.11.crossattention.self.query.bias', 'bert.encoder.layer.11.crossattention.self.query.weight', 'bert.encoder.layer.11.crossattention.self.value.bias', 'bert.encoder.layer.11.crossattention.self.value.weight', 'bert.encoder.layer.6.crossattention.output.LayerNorm.bias', 'bert.encoder.layer.6.crossattention.output.LayerNorm.weight', 'bert.encoder.layer.6.crossattention.output.dense.bias', 'bert.encoder.layer.6.crossattention.output.dense.weight', 'bert.encoder.layer.6.crossattention.self.key.bias', 'bert.encoder.layer.6.crossattention.self.key.weight', 'bert.encoder.layer.6.crossattention.self.query.bias', 'bert.encoder.layer.6.crossattention.self.query.weight', 'bert.encoder.layer.6.crossattention.self.value.bias', 'bert.encoder.layer.6.crossattention.self.value.weight', 'bert.encoder.layer.7.crossattention.output.LayerNorm.bias', 'bert.encoder.layer.7.crossattention.output.LayerNorm.weight', 'bert.encoder.layer.7.crossattention.output.dense.bias', 'bert.encoder.layer.7.crossattention.output.dense.weight', 'bert.encoder.layer.7.crossattention.self.key.bias', 'bert.encoder.layer.7.crossattention.self.key.weight', 'bert.encoder.layer.7.crossattention.self.query.bias', 'bert.encoder.layer.7.crossattention.self.query.weight', 'bert.encoder.layer.7.crossattention.self.value.bias', 'bert.encoder.layer.7.crossattention.self.value.weight', 'bert.encoder.layer.8.crossattention.output.LayerNorm.bias', 'bert.encoder.layer.8.crossattention.output.LayerNorm.weight', 'bert.encoder.layer.8.crossattention.output.dense.bias', 'bert.encoder.layer.8.crossattention.output.dense.weight', 'bert.encoder.layer.8.crossattention.self.key.bias', 'bert.encoder.layer.8.crossattention.self.key.weight', 'bert.encoder.layer.8.crossattention.self.query.bias', 'bert.encoder.layer.8.crossattention.self.query.weight', 'bert.encoder.layer.8.crossattention.self.value.bias', 'bert.encoder.layer.8.crossattention.self.value.weight', 'bert.encoder.layer.9.crossattention.output.LayerNorm.bias', 'bert.encoder.layer.9.crossattention.output.LayerNorm.weight', 'bert.encoder.layer.9.crossattention.output.dense.bias', 'bert.encoder.layer.9.crossattention.output.dense.weight', 'bert.encoder.layer.9.crossattention.self.key.bias', 'bert.encoder.layer.9.crossattention.self.key.weight', 'bert.encoder.layer.9.crossattention.self.query.bias', 'bert.encoder.layer.9.crossattention.self.query.weight', 'bert.encoder.layer.9.crossattention.self.value.bias', 'bert.encoder.layer.9.crossattention.self.value.weight']
unexpected_keys: ['cls.seq_relationship.bias', 'cls.seq_relationship.weight']
mismatched_keys: []
error_msgs: []
Label Smooth: 0.2
pose_conv
load checkpoint from checkpoint/cmp.pth
missing_keys:  ['uncertainty_temper', 'prompt_learning_embedding']
unexpected_keys:  []
     Total Params Sum:  254264985
### Inference ITC similiarity matrix
### Zero-Shot Score: 
+-------------------+--------+--------+--------+--------+--------+
|       epoch       |   R1   |   R5   |  R10   |  mAP   |  mINP  |
+-------------------+--------+--------+--------+--------+--------+
|  cos_sim_wo/norm  | 58.544 | 91.860 | 95.703 | 73.596 | 73.596 |
|        -999       | 69.414 | 95.197 | 97.776 | 81.233 | 81.233 |
| itm_score_wo/norm | 84.328 | 98.989 | 99.494 | 91.293 | 91.293 |
|        -999       | 84.277 | 99.039 | 99.596 | 91.276 | 91.276 |
+-------------------+--------+--------+--------+--------+--------+
### TTA:
     preprocess_tta_coefficients  start
     sample selection ...
     number of sample after sample_selection: 1257
     uncertainty ...
     preprocess_tta_coefficients  end
### Creating tta dataset
     tta_dataset: 1257
### Creating tta dataloader
### be careful: func create_loader returns a list length of 1
     tta_loader: 78
### Configure adapted weights
     TTA Dropout Modules: 
 [('vision_encoder.pos_drop', Dropout(p=0, inplace=False), True), ('vision_encoder.layers.0.blocks.0.attn.attn_drop', Dropout(p=0.0, inplace=False), True), ('vision_encoder.layers.0.blocks.0.attn.proj_drop', Dropout(p=0, inplace=False), True), ('vision_encoder.layers.0.blocks.0.mlp.drop', Dropout(p=0, inplace=False), True), ('vision_encoder.layers.0.blocks.1.attn.attn_drop', Dropout(p=0.0, inplace=False), True), ('vision_encoder.layers.0.blocks.1.attn.proj_drop', Dropout(p=0, inplace=False), True), ('vision_encoder.layers.0.blocks.1.mlp.drop', Dropout(p=0, inplace=False), True), ('vision_encoder.layers.1.blocks.0.attn.attn_drop', Dropout(p=0.0, inplace=False), True), ('vision_encoder.layers.1.blocks.0.attn.proj_drop', Dropout(p=0, inplace=False), True), ('vision_encoder.layers.1.blocks.0.mlp.drop', Dropout(p=0, inplace=False), True), ('vision_encoder.layers.1.blocks.1.attn.attn_drop', Dropout(p=0.0, inplace=False), True), ('vision_encoder.layers.1.blocks.1.attn.proj_drop', Dropout(p=0, inplace=False), True), ('vision_encoder.layers.1.blocks.1.mlp.drop', Dropout(p=0, inplace=False), True), ('vision_encoder.layers.2.blocks.0.attn.attn_drop', Dropout(p=0.0, inplace=False), True), ('vision_encoder.layers.2.blocks.0.attn.proj_drop', Dropout(p=0, inplace=False), True), ('vision_encoder.layers.2.blocks.0.mlp.drop', Dropout(p=0, inplace=False), True), ('vision_encoder.layers.2.blocks.1.attn.attn_drop', Dropout(p=0.0, inplace=False), True), ('vision_encoder.layers.2.blocks.1.attn.proj_drop', Dropout(p=0, inplace=False), True), ('vision_encoder.layers.2.blocks.1.mlp.drop', Dropout(p=0, inplace=False), True), ('vision_encoder.layers.2.blocks.2.attn.attn_drop', Dropout(p=0.0, inplace=False), True), ('vision_encoder.layers.2.blocks.2.attn.proj_drop', Dropout(p=0, inplace=False), True), ('vision_encoder.layers.2.blocks.2.mlp.drop', Dropout(p=0, inplace=False), True), ('vision_encoder.layers.2.blocks.3.attn.attn_drop', Dropout(p=0.0, inplace=False), True), ('vision_encoder.layers.2.blocks.3.attn.proj_drop', Dropout(p=0, inplace=False), True), ('vision_encoder.layers.2.blocks.3.mlp.drop', Dropout(p=0, inplace=False), True), ('vision_encoder.layers.2.blocks.4.attn.attn_drop', Dropout(p=0.0, inplace=False), True), ('vision_encoder.layers.2.blocks.4.attn.proj_drop', Dropout(p=0, inplace=False), True), ('vision_encoder.layers.2.blocks.4.mlp.drop', Dropout(p=0, inplace=False), True), ('vision_encoder.layers.2.blocks.5.attn.attn_drop', Dropout(p=0.0, inplace=False), True), ('vision_encoder.layers.2.blocks.5.attn.proj_drop', Dropout(p=0, inplace=False), True), ('vision_encoder.layers.2.blocks.5.mlp.drop', Dropout(p=0, inplace=False), True), ('vision_encoder.layers.2.blocks.6.attn.attn_drop', Dropout(p=0.0, inplace=False), True), ('vision_encoder.layers.2.blocks.6.attn.proj_drop', Dropout(p=0, inplace=False), True), ('vision_encoder.layers.2.blocks.6.mlp.drop', Dropout(p=0, inplace=False), True), ('vision_encoder.layers.2.blocks.7.attn.attn_drop', Dropout(p=0.0, inplace=False), True), ('vision_encoder.layers.2.blocks.7.attn.proj_drop', Dropout(p=0, inplace=False), True), ('vision_encoder.layers.2.blocks.7.mlp.drop', Dropout(p=0, inplace=False), True), ('vision_encoder.layers.2.blocks.8.attn.attn_drop', Dropout(p=0.0, inplace=False), True), ('vision_encoder.layers.2.blocks.8.attn.proj_drop', Dropout(p=0, inplace=False), True), ('vision_encoder.layers.2.blocks.8.mlp.drop', Dropout(p=0, inplace=False), True), ('vision_encoder.layers.2.blocks.9.attn.attn_drop', Dropout(p=0.0, inplace=False), True), ('vision_encoder.layers.2.blocks.9.attn.proj_drop', Dropout(p=0, inplace=False), True), ('vision_encoder.layers.2.blocks.9.mlp.drop', Dropout(p=0, inplace=False), True), ('vision_encoder.layers.2.blocks.10.attn.attn_drop', Dropout(p=0.0, inplace=False), True), ('vision_encoder.layers.2.blocks.10.attn.proj_drop', Dropout(p=0, inplace=False), True), ('vision_encoder.layers.2.blocks.10.mlp.drop', Dropout(p=0, inplace=False), True), ('vision_encoder.layers.2.blocks.11.attn.attn_drop', Dropout(p=0.0, inplace=False), True), ('vision_encoder.layers.2.blocks.11.attn.proj_drop', Dropout(p=0, inplace=False), True), ('vision_encoder.layers.2.blocks.11.mlp.drop', Dropout(p=0, inplace=False), True), ('vision_encoder.layers.2.blocks.12.attn.attn_drop', Dropout(p=0.0, inplace=False), True), ('vision_encoder.layers.2.blocks.12.attn.proj_drop', Dropout(p=0, inplace=False), True), ('vision_encoder.layers.2.blocks.12.mlp.drop', Dropout(p=0, inplace=False), True), ('vision_encoder.layers.2.blocks.13.attn.attn_drop', Dropout(p=0.0, inplace=False), True), ('vision_encoder.layers.2.blocks.13.attn.proj_drop', Dropout(p=0, inplace=False), True), ('vision_encoder.layers.2.blocks.13.mlp.drop', Dropout(p=0, inplace=False), True), ('vision_encoder.layers.2.blocks.14.attn.attn_drop', Dropout(p=0.0, inplace=False), True), ('vision_encoder.layers.2.blocks.14.attn.proj_drop', Dropout(p=0, inplace=False), True), ('vision_encoder.layers.2.blocks.14.mlp.drop', Dropout(p=0, inplace=False), True), ('vision_encoder.layers.2.blocks.15.attn.attn_drop', Dropout(p=0.0, inplace=False), True), ('vision_encoder.layers.2.blocks.15.attn.proj_drop', Dropout(p=0, inplace=False), True), ('vision_encoder.layers.2.blocks.15.mlp.drop', Dropout(p=0, inplace=False), True), ('vision_encoder.layers.2.blocks.16.attn.attn_drop', Dropout(p=0.0, inplace=False), True), ('vision_encoder.layers.2.blocks.16.attn.proj_drop', Dropout(p=0, inplace=False), True), ('vision_encoder.layers.2.blocks.16.mlp.drop', Dropout(p=0, inplace=False), True), ('vision_encoder.layers.2.blocks.17.attn.attn_drop', Dropout(p=0.0, inplace=False), True), ('vision_encoder.layers.2.blocks.17.attn.proj_drop', Dropout(p=0, inplace=False), True), ('vision_encoder.layers.2.blocks.17.mlp.drop', Dropout(p=0, inplace=False), True), ('vision_encoder.layers.3.blocks.0.attn.attn_drop', Dropout(p=0.0, inplace=False), True), ('vision_encoder.layers.3.blocks.0.attn.proj_drop', Dropout(p=0, inplace=False), True), ('vision_encoder.layers.3.blocks.0.mlp.drop', Dropout(p=0, inplace=False), True), ('vision_encoder.layers.3.blocks.1.attn.attn_drop', Dropout(p=0.0, inplace=False), True), ('vision_encoder.layers.3.blocks.1.attn.proj_drop', Dropout(p=0, inplace=False), True), ('vision_encoder.layers.3.blocks.1.mlp.drop', Dropout(p=0, inplace=False), True), ('text_encoder.bert.embeddings.dropout', Dropout(p=0.1, inplace=False), True), ('text_encoder.bert.encoder.layer.0.attention.self.dropout', Dropout(p=0.1, inplace=False), True), ('text_encoder.bert.encoder.layer.0.attention.output.dropout', Dropout(p=0.1, inplace=False), True), ('text_encoder.bert.encoder.layer.0.output.dropout', Dropout(p=0.1, inplace=False), True), ('text_encoder.bert.encoder.layer.1.attention.self.dropout', Dropout(p=0.1, inplace=False), True), ('text_encoder.bert.encoder.layer.1.attention.output.dropout', Dropout(p=0.1, inplace=False), True), ('text_encoder.bert.encoder.layer.1.output.dropout', Dropout(p=0.1, inplace=False), True), ('text_encoder.bert.encoder.layer.2.attention.self.dropout', Dropout(p=0.1, inplace=False), True), ('text_encoder.bert.encoder.layer.2.attention.output.dropout', Dropout(p=0.1, inplace=False), True), ('text_encoder.bert.encoder.layer.2.output.dropout', Dropout(p=0.1, inplace=False), True), ('text_encoder.bert.encoder.layer.3.attention.self.dropout', Dropout(p=0.1, inplace=False), True), ('text_encoder.bert.encoder.layer.3.attention.output.dropout', Dropout(p=0.1, inplace=False), True), ('text_encoder.bert.encoder.layer.3.output.dropout', Dropout(p=0.1, inplace=False), True), ('text_encoder.bert.encoder.layer.4.attention.self.dropout', Dropout(p=0.1, inplace=False), True), ('text_encoder.bert.encoder.layer.4.attention.output.dropout', Dropout(p=0.1, inplace=False), True), ('text_encoder.bert.encoder.layer.4.output.dropout', Dropout(p=0.1, inplace=False), True), ('text_encoder.bert.encoder.layer.5.attention.self.dropout', Dropout(p=0.1, inplace=False), True), ('text_encoder.bert.encoder.layer.5.attention.output.dropout', Dropout(p=0.1, inplace=False), True), ('text_encoder.bert.encoder.layer.5.output.dropout', Dropout(p=0.1, inplace=False), True), ('text_encoder.bert.encoder.layer.6.attention.self.dropout', Dropout(p=0.1, inplace=False), True), ('text_encoder.bert.encoder.layer.6.attention.output.dropout', Dropout(p=0.1, inplace=False), True), ('text_encoder.bert.encoder.layer.6.crossattention.self.dropout', Dropout(p=0.1, inplace=False), True), ('text_encoder.bert.encoder.layer.6.crossattention.output.dropout', Dropout(p=0.1, inplace=False), True), ('text_encoder.bert.encoder.layer.6.output.dropout', Dropout(p=0.1, inplace=False), True), ('text_encoder.bert.encoder.layer.7.attention.self.dropout', Dropout(p=0.1, inplace=False), True), ('text_encoder.bert.encoder.layer.7.attention.output.dropout', Dropout(p=0.1, inplace=False), True), ('text_encoder.bert.encoder.layer.7.crossattention.self.dropout', Dropout(p=0.1, inplace=False), True), ('text_encoder.bert.encoder.layer.7.crossattention.output.dropout', Dropout(p=0.1, inplace=False), True), ('text_encoder.bert.encoder.layer.7.output.dropout', Dropout(p=0.1, inplace=False), True), ('text_encoder.bert.encoder.layer.8.attention.self.dropout', Dropout(p=0.1, inplace=False), True), ('text_encoder.bert.encoder.layer.8.attention.output.dropout', Dropout(p=0.1, inplace=False), True), ('text_encoder.bert.encoder.layer.8.crossattention.self.dropout', Dropout(p=0.1, inplace=False), True), ('text_encoder.bert.encoder.layer.8.crossattention.output.dropout', Dropout(p=0.1, inplace=False), True), ('text_encoder.bert.encoder.layer.8.output.dropout', Dropout(p=0.1, inplace=False), True), ('text_encoder.bert.encoder.layer.9.attention.self.dropout', Dropout(p=0.1, inplace=False), True), ('text_encoder.bert.encoder.layer.9.attention.output.dropout', Dropout(p=0.1, inplace=False), True), ('text_encoder.bert.encoder.layer.9.crossattention.self.dropout', Dropout(p=0.1, inplace=False), True), ('text_encoder.bert.encoder.layer.9.crossattention.output.dropout', Dropout(p=0.1, inplace=False), True), ('text_encoder.bert.encoder.layer.9.output.dropout', Dropout(p=0.1, inplace=False), True), ('text_encoder.bert.encoder.layer.10.attention.self.dropout', Dropout(p=0.1, inplace=False), True), ('text_encoder.bert.encoder.layer.10.attention.output.dropout', Dropout(p=0.1, inplace=False), True), ('text_encoder.bert.encoder.layer.10.crossattention.self.dropout', Dropout(p=0.1, inplace=False), True), ('text_encoder.bert.encoder.layer.10.crossattention.output.dropout', Dropout(p=0.1, inplace=False), True), ('text_encoder.bert.encoder.layer.10.output.dropout', Dropout(p=0.1, inplace=False), True), ('text_encoder.bert.encoder.layer.11.attention.self.dropout', Dropout(p=0.1, inplace=False), True), ('text_encoder.bert.encoder.layer.11.attention.output.dropout', Dropout(p=0.1, inplace=False), True), ('text_encoder.bert.encoder.layer.11.crossattention.self.dropout', Dropout(p=0.1, inplace=False), True), ('text_encoder.bert.encoder.layer.11.crossattention.output.dropout', Dropout(p=0.1, inplace=False), True), ('text_encoder.bert.encoder.layer.11.output.dropout', Dropout(p=0.1, inplace=False), True), ('vision_proj.1', Dropout(p=0.5, inplace=False), True), ('text_proj.1', Dropout(p=0.5, inplace=False), True), ('pose_block.attn.attn_drop', Dropout(p=0.0, inplace=False), True), ('pose_block.attn.proj_drop', Dropout(p=0.0, inplace=False), True)]
     TTA Require Gradient Params: 
 [('text_encoder.bert.embeddings.LayerNorm.weight', torch.Size([768])), ('text_encoder.bert.embeddings.LayerNorm.bias', torch.Size([768])), ('text_encoder.bert.encoder.layer.6.attention.output.LayerNorm.weight', torch.Size([768])), ('text_encoder.bert.encoder.layer.6.attention.output.LayerNorm.bias', torch.Size([768])), ('text_encoder.bert.encoder.layer.6.crossattention.output.LayerNorm.weight', torch.Size([768])), ('text_encoder.bert.encoder.layer.6.crossattention.output.LayerNorm.bias', torch.Size([768])), ('text_encoder.bert.encoder.layer.6.output.LayerNorm.weight', torch.Size([768])), ('text_encoder.bert.encoder.layer.6.output.LayerNorm.bias', torch.Size([768])), ('text_encoder.bert.encoder.layer.7.attention.output.LayerNorm.weight', torch.Size([768])), ('text_encoder.bert.encoder.layer.7.attention.output.LayerNorm.bias', torch.Size([768])), ('text_encoder.bert.encoder.layer.7.crossattention.output.LayerNorm.weight', torch.Size([768])), ('text_encoder.bert.encoder.layer.7.crossattention.output.LayerNorm.bias', torch.Size([768])), ('text_encoder.bert.encoder.layer.7.output.LayerNorm.weight', torch.Size([768])), ('text_encoder.bert.encoder.layer.7.output.LayerNorm.bias', torch.Size([768])), ('text_encoder.bert.encoder.layer.8.attention.output.LayerNorm.weight', torch.Size([768])), ('text_encoder.bert.encoder.layer.8.attention.output.LayerNorm.bias', torch.Size([768])), ('text_encoder.bert.encoder.layer.8.crossattention.output.LayerNorm.weight', torch.Size([768])), ('text_encoder.bert.encoder.layer.8.crossattention.output.LayerNorm.bias', torch.Size([768])), ('text_encoder.bert.encoder.layer.8.output.LayerNorm.weight', torch.Size([768])), ('text_encoder.bert.encoder.layer.8.output.LayerNorm.bias', torch.Size([768])), ('text_encoder.bert.encoder.layer.9.attention.output.LayerNorm.weight', torch.Size([768])), ('text_encoder.bert.encoder.layer.9.attention.output.LayerNorm.bias', torch.Size([768])), ('text_encoder.bert.encoder.layer.9.crossattention.output.LayerNorm.weight', torch.Size([768])), ('text_encoder.bert.encoder.layer.9.crossattention.output.LayerNorm.bias', torch.Size([768])), ('text_encoder.bert.encoder.layer.9.output.LayerNorm.weight', torch.Size([768])), ('text_encoder.bert.encoder.layer.9.output.LayerNorm.bias', torch.Size([768])), ('text_encoder.bert.encoder.layer.10.attention.output.LayerNorm.weight', torch.Size([768])), ('text_encoder.bert.encoder.layer.10.attention.output.LayerNorm.bias', torch.Size([768])), ('text_encoder.bert.encoder.layer.10.crossattention.output.LayerNorm.weight', torch.Size([768])), ('text_encoder.bert.encoder.layer.10.crossattention.output.LayerNorm.bias', torch.Size([768])), ('text_encoder.bert.encoder.layer.10.output.LayerNorm.weight', torch.Size([768])), ('text_encoder.bert.encoder.layer.10.output.LayerNorm.bias', torch.Size([768])), ('text_encoder.bert.encoder.layer.11.attention.output.LayerNorm.weight', torch.Size([768])), ('text_encoder.bert.encoder.layer.11.attention.output.LayerNorm.bias', torch.Size([768])), ('text_encoder.bert.encoder.layer.11.crossattention.output.LayerNorm.weight', torch.Size([768])), ('text_encoder.bert.encoder.layer.11.crossattention.output.LayerNorm.bias', torch.Size([768])), ('text_encoder.bert.encoder.layer.11.output.LayerNorm.weight', torch.Size([768])), ('text_encoder.bert.encoder.layer.11.output.LayerNorm.bias', torch.Size([768])), ('text_encoder.cls.predictions.transform.LayerNorm.weight', torch.Size([768])), ('text_encoder.cls.predictions.transform.LayerNorm.bias', torch.Size([768])), ('itm_head.1.weight', torch.Size([1536])), ('itm_head.1.bias', torch.Size([1536]))]
     TTA Dropout Modules Number: 
 126
     TTA Require Gradient Params Sum: 
 33792
     lr:  1e-05    lr_mult:  2
     model has 'init_params',  386
     num_tta_steps:  4740
     num_warmup_steps:  500
     sched: step
/home/jiahao/task/CMP/tta.py:246: FutureWarning: `torch.cuda.amp.GradScaler(args...)` is deprecated. Please use `torch.amp.GradScaler('cuda', args...)` instead.
  scaler = GradScaler()  # bf16
### Start ITM Test Time Adaptation
      TTA Epoch: [0] [ 0/78]  eta: 0:00:47  entropy: 0.3108  uncertainty: 1.0000  uncertainty_coeffi: 1.0000  loss: 0.3108  lr: 0.000000  time: 0.6051  data: 0.2708  max mem: 2639
      TTA Epoch: [0] [77/78]  eta: 0:00:00  entropy: 0.2511  uncertainty: 1.0000  uncertainty_coeffi: 1.0000  loss: 0.2511  lr: 0.000002  time: 0.0598  data: 0.0000  max mem: 2671
      TTA Epoch: [0] Total time: 0:00:05 (0.0666 s / it)
     Averaged stats: entropy: 0.3260  uncertainty: 1.0000  uncertainty_coeffi: 1.0000  loss: 0.3260  lr: 0.0000
     itm tta time 0:00:05
     Computing matching score
      Evaluation: [   0/1978]  eta: 0:03:18    time: 0.1003  data: 0.0014  max mem: 2671
      Evaluation: [ 100/1978]  eta: 0:02:06    time: 0.0672  data: 0.0000  max mem: 2671
      Evaluation: [ 200/1978]  eta: 0:01:59    time: 0.0672  data: 0.0000  max mem: 2671
      Evaluation: [ 300/1978]  eta: 0:01:53    time: 0.0673  data: 0.0000  max mem: 2671
      Evaluation: [ 400/1978]  eta: 0:01:46    time: 0.0675  data: 0.0000  max mem: 2671
      Evaluation: [ 500/1978]  eta: 0:01:39    time: 0.0674  data: 0.0000  max mem: 2671
      Evaluation: [ 600/1978]  eta: 0:01:32    time: 0.0674  data: 0.0000  max mem: 2671
      Evaluation: [ 700/1978]  eta: 0:01:26    time: 0.0673  data: 0.0000  max mem: 2671
      Evaluation: [ 800/1978]  eta: 0:01:19    time: 0.0674  data: 0.0000  max mem: 2671
      Evaluation: [ 900/1978]  eta: 0:01:12    time: 0.0675  data: 0.0000  max mem: 2671
      Evaluation: [1000/1978]  eta: 0:01:05    time: 0.0675  data: 0.0000  max mem: 2671
      Evaluation: [1100/1978]  eta: 0:00:59    time: 0.0675  data: 0.0000  max mem: 2671
      Evaluation: [1200/1978]  eta: 0:00:52    time: 0.0675  data: 0.0000  max mem: 2671
      Evaluation: [1300/1978]  eta: 0:00:45    time: 0.0675  data: 0.0000  max mem: 2671
      Evaluation: [1400/1978]  eta: 0:00:38    time: 0.0675  data: 0.0000  max mem: 2671
      Evaluation: [1500/1978]  eta: 0:00:32    time: 0.0675  data: 0.0000  max mem: 2671
      Evaluation: [1600/1978]  eta: 0:00:25    time: 0.0676  data: 0.0000  max mem: 2671
      Evaluation: [1700/1978]  eta: 0:00:18    time: 0.0677  data: 0.0000  max mem: 2671
      Evaluation: [1800/1978]  eta: 0:00:12    time: 0.0674  data: 0.0000  max mem: 2671
      Evaluation: [1900/1978]  eta: 0:00:05    time: 0.0675  data: 0.0000  max mem: 2671
      Evaluation: [1977/1978]  eta: 0:00:00    time: 0.0675  data: 0.0000  max mem: 2671
      Evaluation: Total time: 0:02:13 (0.0675 s / it)
     Computing matching score time 0:02:13
### TTA ITM Score: 
+-------------------+--------+--------+--------+--------+--------+
|       epoch       |   R1   |   R5   |  R10   |  mAP   |  mINP  |
+-------------------+--------+--------+--------+--------+--------+
|  cos_sim_wo/norm  | 58.544 | 91.860 | 95.703 | 73.596 | 73.596 |
|        -999       | 69.414 | 95.197 | 97.776 | 81.233 | 81.233 |
| itm_score_wo/norm | 84.328 | 98.989 | 99.494 | 91.293 | 91.293 |
|        -999       | 84.277 | 99.039 | 99.596 | 91.276 | 91.276 |
|         0         | 84.328 | 99.039 | 99.596 | 91.301 | 91.301 |
+-------------------+--------+--------+--------+--------+--------+
     logs:  {'epo': 0, 'R1': np.float32(84.328), 'R5': np.float32(99.039), 'R10': np.float32(99.596), 'mAP': np.float32(91.301), 'mINP': np.float32(91.301), 'entropy': 0.326003, 'uncertainty': 1.0, 'uncertainty_coeffi': 1.0, 'loss': 0.326003, 'lr': 1e-06}
      TTA Epoch: [1] [ 0/78]  eta: 0:00:18  entropy: 0.3684  uncertainty: 1.0000  uncertainty_coeffi: 1.0000  loss: 0.3684  lr: 0.000002  time: 0.2401  data: 0.1785  max mem: 2671
      TTA Epoch: [1] [77/78]  eta: 0:00:00  entropy: 0.2816  uncertainty: 1.0000  uncertainty_coeffi: 1.0000  loss: 0.2816  lr: 0.000003  time: 0.0600  data: 0.0000  max mem: 2671
      TTA Epoch: [1] Total time: 0:00:04 (0.0623 s / it)
     Averaged stats: entropy: 0.3244  uncertainty: 1.0000  uncertainty_coeffi: 1.0000  loss: 0.3244  lr: 0.0000
     itm tta time 0:00:04
     Computing matching score
      Evaluation: [   0/1978]  eta: 0:02:01    time: 0.0613  data: 0.0008  max mem: 2671
      Evaluation: [ 100/1978]  eta: 0:02:06    time: 0.0674  data: 0.0000  max mem: 2671
      Evaluation: [ 200/1978]  eta: 0:01:59    time: 0.0673  data: 0.0000  max mem: 2671
      Evaluation: [ 300/1978]  eta: 0:01:52    time: 0.0673  data: 0.0000  max mem: 2671
      Evaluation: [ 400/1978]  eta: 0:01:46    time: 0.0673  data: 0.0000  max mem: 2671
      Evaluation: [ 500/1978]  eta: 0:01:39    time: 0.0673  data: 0.0000  max mem: 2671
      Evaluation: [ 600/1978]  eta: 0:01:32    time: 0.0673  data: 0.0000  max mem: 2671
      Evaluation: [ 700/1978]  eta: 0:01:25    time: 0.0673  data: 0.0000  max mem: 2671
      Evaluation: [ 800/1978]  eta: 0:01:19    time: 0.0673  data: 0.0000  max mem: 2671
      Evaluation: [ 900/1978]  eta: 0:01:12    time: 0.0673  data: 0.0000  max mem: 2671
      Evaluation: [1000/1978]  eta: 0:01:05    time: 0.0673  data: 0.0000  max mem: 2671
      Evaluation: [1100/1978]  eta: 0:00:59    time: 0.0673  data: 0.0000  max mem: 2671
      Evaluation: [1200/1978]  eta: 0:00:52    time: 0.0673  data: 0.0000  max mem: 2671
      Evaluation: [1300/1978]  eta: 0:00:45    time: 0.0673  data: 0.0000  max mem: 2671
      Evaluation: [1400/1978]  eta: 0:00:38    time: 0.0673  data: 0.0000  max mem: 2671
      Evaluation: [1500/1978]  eta: 0:00:32    time: 0.0674  data: 0.0000  max mem: 2671
      Evaluation: [1600/1978]  eta: 0:00:25    time: 0.0674  data: 0.0000  max mem: 2671
      Evaluation: [1700/1978]  eta: 0:00:18    time: 0.0674  data: 0.0000  max mem: 2671
      Evaluation: [1800/1978]  eta: 0:00:11    time: 0.0675  data: 0.0000  max mem: 2671
      Evaluation: [1900/1978]  eta: 0:00:05    time: 0.0673  data: 0.0000  max mem: 2671
      Evaluation: [1977/1978]  eta: 0:00:00    time: 0.0675  data: 0.0000  max mem: 2671
      Evaluation: Total time: 0:02:13 (0.0673 s / it)
     Computing matching score time 0:02:13
### TTA ITM Score: 
+-------------------+--------+--------+--------+--------+--------+
|       epoch       |   R1   |   R5   |  R10   |  mAP   |  mINP  |
+-------------------+--------+--------+--------+--------+--------+
|  cos_sim_wo/norm  | 58.544 | 91.860 | 95.703 | 73.596 | 73.596 |
|        -999       | 69.414 | 95.197 | 97.776 | 81.233 | 81.233 |
| itm_score_wo/norm | 84.328 | 98.989 | 99.494 | 91.293 | 91.293 |
|        -999       | 84.277 | 99.039 | 99.596 | 91.276 | 91.276 |
|         0         | 84.328 | 99.039 | 99.596 | 91.301 | 91.301 |
|         1         | 84.277 | 99.039 | 99.596 | 91.276 | 91.276 |
+-------------------+--------+--------+--------+--------+--------+
     logs:  {'epo': 1, 'R1': np.float32(84.277), 'R5': np.float32(99.039), 'R10': np.float32(99.596), 'mAP': np.float32(91.276), 'mINP': np.float32(91.276), 'entropy': 0.324408, 'uncertainty': 1.0, 'uncertainty_coeffi': 1.0, 'loss': 0.324408, 'lr': 2e-06}
      TTA Epoch: [2] [ 0/78]  eta: 0:00:20  entropy: 0.4413  uncertainty: 1.0000  uncertainty_coeffi: 1.0000  loss: 0.4413  lr: 0.000003  time: 0.2582  data: 0.1968  max mem: 2671
      TTA Epoch: [2] [77/78]  eta: 0:00:00  entropy: 0.6401  uncertainty: 1.0000  uncertainty_coeffi: 1.0000  loss: 0.6401  lr: 0.000005  time: 0.0598  data: 0.0000  max mem: 2671
      TTA Epoch: [2] Total time: 0:00:04 (0.0626 s / it)
     Averaged stats: entropy: 0.3217  uncertainty: 1.0000  uncertainty_coeffi: 1.0000  loss: 0.3217  lr: 0.0000
     itm tta time 0:00:04
     Computing matching score
      Evaluation: [   0/1978]  eta: 0:02:03    time: 0.0624  data: 0.0008  max mem: 2671
      Evaluation: [ 100/1978]  eta: 0:02:06    time: 0.0673  data: 0.0000  max mem: 2671
      Evaluation: [ 200/1978]  eta: 0:01:59    time: 0.0673  data: 0.0000  max mem: 2671
      Evaluation: [ 300/1978]  eta: 0:01:52    time: 0.0673  data: 0.0000  max mem: 2671
      Evaluation: [ 400/1978]  eta: 0:01:46    time: 0.0674  data: 0.0000  max mem: 2671
      Evaluation: [ 500/1978]  eta: 0:01:39    time: 0.0673  data: 0.0000  max mem: 2671
      Evaluation: [ 600/1978]  eta: 0:01:32    time: 0.0674  data: 0.0000  max mem: 2671
      Evaluation: [ 700/1978]  eta: 0:01:25    time: 0.0674  data: 0.0000  max mem: 2671
      Evaluation: [ 800/1978]  eta: 0:01:19    time: 0.0700  data: 0.0000  max mem: 2671
      Evaluation: [ 900/1978]  eta: 0:01:12    time: 0.0677  data: 0.0000  max mem: 2671
      Evaluation: [1000/1978]  eta: 0:01:06    time: 0.0675  data: 0.0000  max mem: 2671
      Evaluation: [1100/1978]  eta: 0:00:59    time: 0.0671  data: 0.0000  max mem: 2671
      Evaluation: [1200/1978]  eta: 0:00:52    time: 0.0671  data: 0.0000  max mem: 2671
      Evaluation: [1300/1978]  eta: 0:00:45    time: 0.0672  data: 0.0000  max mem: 2671
      Evaluation: [1400/1978]  eta: 0:00:38    time: 0.0671  data: 0.0000  max mem: 2671
      Evaluation: [1500/1978]  eta: 0:00:32    time: 0.0673  data: 0.0000  max mem: 2671
      Evaluation: [1600/1978]  eta: 0:00:25    time: 0.0673  data: 0.0000  max mem: 2671
      Evaluation: [1700/1978]  eta: 0:00:18    time: 0.0695  data: 0.0000  max mem: 2671
      Evaluation: [1800/1978]  eta: 0:00:12    time: 0.0673  data: 0.0000  max mem: 2671
      Evaluation: [1900/1978]  eta: 0:00:05    time: 0.0674  data: 0.0000  max mem: 2671
      Evaluation: [1977/1978]  eta: 0:00:00    time: 0.0675  data: 0.0000  max mem: 2671
      Evaluation: Total time: 0:02:13 (0.0676 s / it)
     Computing matching score time 0:02:13
### TTA ITM Score: 
+-------------------+--------+--------+--------+--------+--------+
|       epoch       |   R1   |   R5   |  R10   |  mAP   |  mINP  |
+-------------------+--------+--------+--------+--------+--------+
|  cos_sim_wo/norm  | 58.544 | 91.860 | 95.703 | 73.596 | 73.596 |
|        -999       | 69.414 | 95.197 | 97.776 | 81.233 | 81.233 |
| itm_score_wo/norm | 84.328 | 98.989 | 99.494 | 91.293 | 91.293 |
|        -999       | 84.277 | 99.039 | 99.596 | 91.276 | 91.276 |
|         0         | 84.328 | 99.039 | 99.596 | 91.301 | 91.301 |
|         1         | 84.277 | 99.039 | 99.596 | 91.276 | 91.276 |
|         2         | 84.530 | 99.039 | 99.596 | 91.393 | 91.393 |
+-------------------+--------+--------+--------+--------+--------+
     logs:  {'epo': 2, 'R1': np.float32(84.53), 'R5': np.float32(99.039), 'R10': np.float32(99.596), 'mAP': np.float32(91.393), 'mINP': np.float32(91.393), 'entropy': 0.321698, 'uncertainty': 1.0, 'uncertainty_coeffi': 1.0, 'loss': 0.321698, 'lr': 4e-06}
      TTA Epoch: [3] [ 0/78]  eta: 0:00:19  entropy: 0.3559  uncertainty: 1.0000  uncertainty_coeffi: 1.0000  loss: 0.3559  lr: 0.000005  time: 0.2477  data: 0.1860  max mem: 2671
      TTA Epoch: [3] [77/78]  eta: 0:00:00  entropy: 0.3687  uncertainty: 1.0000  uncertainty_coeffi: 1.0000  loss: 0.3687  lr: 0.000006  time: 0.0600  data: 0.0000  max mem: 2671
      TTA Epoch: [3] Total time: 0:00:04 (0.0625 s / it)
     Averaged stats: entropy: 0.3215  uncertainty: 1.0000  uncertainty_coeffi: 1.0000  loss: 0.3215  lr: 0.0000
     itm tta time 0:00:04
      TTA Epoch: [4] [ 0/78]  eta: 0:00:18  entropy: 0.3242  uncertainty: 1.0000  uncertainty_coeffi: 1.0000  loss: 0.3242  lr: 0.000006  time: 0.2318  data: 0.1708  max mem: 2671
      TTA Epoch: [4] [77/78]  eta: 0:00:00  entropy: 0.4570  uncertainty: 1.0000  uncertainty_coeffi: 1.0000  loss: 0.4570  lr: 0.000008  time: 0.0597  data: 0.0000  max mem: 2671
      TTA Epoch: [4] Total time: 0:00:04 (0.0620 s / it)
     Averaged stats: entropy: 0.3120  uncertainty: 1.0000  uncertainty_coeffi: 1.0000  loss: 0.3120  lr: 0.0000
     itm tta time 0:00:04
     Computing matching score
      Evaluation: [   0/1978]  eta: 0:02:02    time: 0.0617  data: 0.0008  max mem: 2671
      Evaluation: [ 100/1978]  eta: 0:02:05    time: 0.0671  data: 0.0000  max mem: 2671
      Evaluation: [ 200/1978]  eta: 0:01:59    time: 0.0670  data: 0.0000  max mem: 2671
      Evaluation: [ 300/1978]  eta: 0:01:52    time: 0.0671  data: 0.0000  max mem: 2671
      Evaluation: [ 400/1978]  eta: 0:01:46    time: 0.0673  data: 0.0000  max mem: 2671
      Evaluation: [ 500/1978]  eta: 0:01:40    time: 0.0739  data: 0.0000  max mem: 2671
      Evaluation: [ 600/1978]  eta: 0:01:34    time: 0.0673  data: 0.0000  max mem: 2671
      Evaluation: [ 700/1978]  eta: 0:01:27    time: 0.0675  data: 0.0000  max mem: 2671
      Evaluation: [ 800/1978]  eta: 0:01:20    time: 0.0671  data: 0.0000  max mem: 2671
      Evaluation: [ 900/1978]  eta: 0:01:13    time: 0.0672  data: 0.0000  max mem: 2671
      Evaluation: [1000/1978]  eta: 0:01:06    time: 0.0672  data: 0.0000  max mem: 2671
      Evaluation: [1100/1978]  eta: 0:00:59    time: 0.0671  data: 0.0000  max mem: 2671
      Evaluation: [1200/1978]  eta: 0:00:52    time: 0.0672  data: 0.0000  max mem: 2671
      Evaluation: [1300/1978]  eta: 0:00:46    time: 0.0671  data: 0.0000  max mem: 2671
      Evaluation: [1400/1978]  eta: 0:00:39    time: 0.0671  data: 0.0000  max mem: 2671
      Evaluation: [1500/1978]  eta: 0:00:32    time: 0.0672  data: 0.0000  max mem: 2671
      Evaluation: [1600/1978]  eta: 0:00:25    time: 0.0672  data: 0.0000  max mem: 2671
      Evaluation: [1700/1978]  eta: 0:00:18    time: 0.0671  data: 0.0000  max mem: 2671
      Evaluation: [1800/1978]  eta: 0:00:12    time: 0.0672  data: 0.0000  max mem: 2671
      Evaluation: [1900/1978]  eta: 0:00:05    time: 0.0672  data: 0.0000  max mem: 2671
      Evaluation: [1977/1978]  eta: 0:00:00    time: 0.0671  data: 0.0000  max mem: 2671
      Evaluation: Total time: 0:02:13 (0.0677 s / it)
     Computing matching score time 0:02:13
### TTA ITM Score: 
+-------------------+--------+--------+--------+--------+--------+
|       epoch       |   R1   |   R5   |  R10   |  mAP   |  mINP  |
+-------------------+--------+--------+--------+--------+--------+
|  cos_sim_wo/norm  | 58.544 | 91.860 | 95.703 | 73.596 | 73.596 |
|        -999       | 69.414 | 95.197 | 97.776 | 81.233 | 81.233 |
| itm_score_wo/norm | 84.328 | 98.989 | 99.494 | 91.293 | 91.293 |
|        -999       | 84.277 | 99.039 | 99.596 | 91.276 | 91.276 |
|         0         | 84.328 | 99.039 | 99.596 | 91.301 | 91.301 |
|         1         | 84.277 | 99.039 | 99.596 | 91.276 | 91.276 |
|         2         | 84.530 | 99.039 | 99.596 | 91.393 | 91.393 |
|         4         | 84.631 | 98.989 | 99.596 | 91.436 | 91.436 |
+-------------------+--------+--------+--------+--------+--------+
     logs:  {'epo': 4, 'R1': np.float32(84.631), 'R5': np.float32(98.989), 'R10': np.float32(99.596), 'mAP': np.float32(91.436), 'mINP': np.float32(91.436), 'entropy': 0.311973, 'uncertainty': 1.0, 'uncertainty_coeffi': 1.0, 'loss': 0.311973, 'lr': 7e-06}
      TTA Epoch: [5] [ 0/78]  eta: 0:00:18  entropy: 0.3725  uncertainty: 1.0000  uncertainty_coeffi: 1.0000  loss: 0.3725  lr: 0.000008  time: 0.2379  data: 0.1754  max mem: 2671
      TTA Epoch: [5] [77/78]  eta: 0:00:00  entropy: 0.4401  uncertainty: 1.0000  uncertainty_coeffi: 1.0000  loss: 0.4401  lr: 0.000009  time: 0.0597  data: 0.0000  max mem: 2671
      TTA Epoch: [5] Total time: 0:00:04 (0.0622 s / it)
     Averaged stats: entropy: 0.3033  uncertainty: 1.0000  uncertainty_coeffi: 1.0000  loss: 0.3033  lr: 0.0000
     itm tta time 0:00:04
      TTA Epoch: [6] [ 0/78]  eta: 0:00:17  entropy: 0.3061  uncertainty: 1.0000  uncertainty_coeffi: 1.0000  loss: 0.3061  lr: 0.000009  time: 0.2281  data: 0.1680  max mem: 2671
      TTA Epoch: [6] [77/78]  eta: 0:00:00  entropy: 0.2480  uncertainty: 1.0000  uncertainty_coeffi: 1.0000  loss: 0.2480  lr: 0.000010  time: 0.0597  data: 0.0000  max mem: 2671
      TTA Epoch: [6] Total time: 0:00:04 (0.0621 s / it)
     Averaged stats: entropy: 0.2960  uncertainty: 1.0000  uncertainty_coeffi: 1.0000  loss: 0.2960  lr: 0.0000
     itm tta time 0:00:04
      TTA Epoch: [7] [ 0/78]  eta: 0:00:19  entropy: 0.1920  uncertainty: 1.0000  uncertainty_coeffi: 1.0000  loss: 0.1920  lr: 0.000010  time: 0.2449  data: 0.1846  max mem: 2671
      TTA Epoch: [7] [77/78]  eta: 0:00:00  entropy: 0.2048  uncertainty: 1.0000  uncertainty_coeffi: 1.0000  loss: 0.2048  lr: 0.000010  time: 0.0599  data: 0.0000  max mem: 2671
      TTA Epoch: [7] Total time: 0:00:04 (0.0624 s / it)
     Averaged stats: entropy: 0.2853  uncertainty: 1.0000  uncertainty_coeffi: 1.0000  loss: 0.2853  lr: 0.0000
     itm tta time 0:00:04
      TTA Epoch: [8] [ 0/78]  eta: 0:00:19  entropy: 0.1619  uncertainty: 1.0000  uncertainty_coeffi: 1.0000  loss: 0.1619  lr: 0.000010  time: 0.2506  data: 0.1873  max mem: 2671
      TTA Epoch: [8] [77/78]  eta: 0:00:00  entropy: 0.4605  uncertainty: 1.0000  uncertainty_coeffi: 1.0000  loss: 0.4605  lr: 0.000010  time: 0.0598  data: 0.0000  max mem: 2671
      TTA Epoch: [8] Total time: 0:00:04 (0.0624 s / it)
     Averaged stats: entropy: 0.2822  uncertainty: 1.0000  uncertainty_coeffi: 1.0000  loss: 0.2822  lr: 0.0000
     itm tta time 0:00:04
      TTA Epoch: [9] [ 0/78]  eta: 0:00:18  entropy: 0.4263  uncertainty: 1.0000  uncertainty_coeffi: 1.0000  loss: 0.4263  lr: 0.000010  time: 0.2338  data: 0.1733  max mem: 2671
      TTA Epoch: [9] [77/78]  eta: 0:00:00  entropy: 0.2307  uncertainty: 1.0000  uncertainty_coeffi: 1.0000  loss: 0.2307  lr: 0.000009  time: 0.0597  data: 0.0000  max mem: 2671
      TTA Epoch: [9] Total time: 0:00:04 (0.0622 s / it)
     Averaged stats: entropy: 0.2725  uncertainty: 1.0000  uncertainty_coeffi: 1.0000  loss: 0.2725  lr: 0.0000
     itm tta time 0:00:04
     Computing matching score
      Evaluation: [   0/1978]  eta: 0:02:07    time: 0.0644  data: 0.0009  max mem: 2671
      Evaluation: [ 100/1978]  eta: 0:02:05    time: 0.0671  data: 0.0000  max mem: 2671
      Evaluation: [ 200/1978]  eta: 0:01:59    time: 0.0671  data: 0.0000  max mem: 2671
      Evaluation: [ 300/1978]  eta: 0:01:52    time: 0.0672  data: 0.0000  max mem: 2671
      Evaluation: [ 400/1978]  eta: 0:01:45    time: 0.0672  data: 0.0000  max mem: 2671
      Evaluation: [ 500/1978]  eta: 0:01:39    time: 0.0672  data: 0.0000  max mem: 2671
      Evaluation: [ 600/1978]  eta: 0:01:32    time: 0.0672  data: 0.0000  max mem: 2671
      Evaluation: [ 700/1978]  eta: 0:01:25    time: 0.0672  data: 0.0000  max mem: 2671
      Evaluation: [ 800/1978]  eta: 0:01:19    time: 0.0673  data: 0.0000  max mem: 2671
      Evaluation: [ 900/1978]  eta: 0:01:12    time: 0.0672  data: 0.0000  max mem: 2671
      Evaluation: [1000/1978]  eta: 0:01:05    time: 0.0676  data: 0.0000  max mem: 2671
      Evaluation: [1100/1978]  eta: 0:00:59    time: 0.0686  data: 0.0000  max mem: 2671
      Evaluation: [1200/1978]  eta: 0:00:52    time: 0.0674  data: 0.0000  max mem: 2671
      Evaluation: [1300/1978]  eta: 0:00:45    time: 0.0675  data: 0.0000  max mem: 2671
      Evaluation: [1400/1978]  eta: 0:00:38    time: 0.0672  data: 0.0000  max mem: 2671
      Evaluation: [1500/1978]  eta: 0:00:32    time: 0.0672  data: 0.0000  max mem: 2671
      Evaluation: [1600/1978]  eta: 0:00:25    time: 0.0671  data: 0.0000  max mem: 2671
      Evaluation: [1700/1978]  eta: 0:00:18    time: 0.0671  data: 0.0000  max mem: 2671
      Evaluation: [1800/1978]  eta: 0:00:11    time: 0.0674  data: 0.0000  max mem: 2671
      Evaluation: [1900/1978]  eta: 0:00:05    time: 0.0677  data: 0.0000  max mem: 2671
      Evaluation: [1977/1978]  eta: 0:00:00    time: 0.0673  data: 0.0000  max mem: 2671
      Evaluation: Total time: 0:02:13 (0.0674 s / it)
     Computing matching score time 0:02:13
### TTA ITM Score: 
+-------------------+--------+--------+--------+--------+--------+
|       epoch       |   R1   |   R5   |  R10   |  mAP   |  mINP  |
+-------------------+--------+--------+--------+--------+--------+
|  cos_sim_wo/norm  | 58.544 | 91.860 | 95.703 | 73.596 | 73.596 |
|        -999       | 69.414 | 95.197 | 97.776 | 81.233 | 81.233 |
| itm_score_wo/norm | 84.328 | 98.989 | 99.494 | 91.293 | 91.293 |
|        -999       | 84.277 | 99.039 | 99.596 | 91.276 | 91.276 |
|         0         | 84.328 | 99.039 | 99.596 | 91.301 | 91.301 |
|         1         | 84.277 | 99.039 | 99.596 | 91.276 | 91.276 |
|         2         | 84.530 | 99.039 | 99.596 | 91.393 | 91.393 |
|         4         | 84.631 | 98.989 | 99.596 | 91.436 | 91.436 |
|         9         | 84.783 | 98.938 | 99.545 | 91.491 | 91.491 |
+-------------------+--------+--------+--------+--------+--------+
     logs:  {'epo': 9, 'R1': np.float32(84.783), 'R5': np.float32(98.938), 'R10': np.float32(99.545), 'mAP': np.float32(91.491), 'mINP': np.float32(91.491), 'entropy': 0.272521, 'uncertainty': 1.0, 'uncertainty_coeffi': 1.0, 'loss': 0.272521, 'lr': 9e-06}
      TTA Epoch: [10] [ 0/78]  eta: 0:00:20  entropy: 0.3125  uncertainty: 1.0000  uncertainty_coeffi: 1.0000  loss: 0.3125  lr: 0.000009  time: 0.2592  data: 0.1974  max mem: 2671
      TTA Epoch: [10] [77/78]  eta: 0:00:00  entropy: 0.2499  uncertainty: 1.0000  uncertainty_coeffi: 1.0000  loss: 0.2499  lr: 0.000009  time: 0.0596  data: 0.0000  max mem: 2671
      TTA Epoch: [10] Total time: 0:00:04 (0.0624 s / it)
     Averaged stats: entropy: 0.2687  uncertainty: 1.0000  uncertainty_coeffi: 1.0000  loss: 0.2687  lr: 0.0000
     itm tta time 0:00:04
      TTA Epoch: [11] [ 0/78]  eta: 0:00:19  entropy: 0.2557  uncertainty: 1.0000  uncertainty_coeffi: 1.0000  loss: 0.2557  lr: 0.000009  time: 0.2446  data: 0.1855  max mem: 2671
      TTA Epoch: [11] [77/78]  eta: 0:00:00  entropy: 0.2573  uncertainty: 1.0000  uncertainty_coeffi: 1.0000  loss: 0.2573  lr: 0.000009  time: 0.0597  data: 0.0000  max mem: 2671
      TTA Epoch: [11] Total time: 0:00:04 (0.0623 s / it)
     Averaged stats: entropy: 0.2566  uncertainty: 1.0000  uncertainty_coeffi: 1.0000  loss: 0.2566  lr: 0.0000
     itm tta time 0:00:04
      TTA Epoch: [12] [ 0/78]  eta: 0:00:17  entropy: 0.4095  uncertainty: 1.0000  uncertainty_coeffi: 1.0000  loss: 0.4095  lr: 0.000009  time: 0.2288  data: 0.1692  max mem: 2671
      TTA Epoch: [12] [77/78]  eta: 0:00:00  entropy: 0.3381  uncertainty: 1.0000  uncertainty_coeffi: 1.0000  loss: 0.3381  lr: 0.000009  time: 0.0597  data: 0.0000  max mem: 2671
      TTA Epoch: [12] Total time: 0:00:04 (0.0619 s / it)
     Averaged stats: entropy: 0.2566  uncertainty: 1.0000  uncertainty_coeffi: 1.0000  loss: 0.2566  lr: 0.0000
     itm tta time 0:00:04
      TTA Epoch: [13] [ 0/78]  eta: 0:00:19  entropy: 0.3252  uncertainty: 1.0000  uncertainty_coeffi: 1.0000  loss: 0.3252  lr: 0.000009  time: 0.2548  data: 0.1951  max mem: 2671
      TTA Epoch: [13] [77/78]  eta: 0:00:00  entropy: 0.2541  uncertainty: 1.0000  uncertainty_coeffi: 1.0000  loss: 0.2541  lr: 0.000009  time: 0.0597  data: 0.0000  max mem: 2671
      TTA Epoch: [13] Total time: 0:00:04 (0.0623 s / it)
     Averaged stats: entropy: 0.2469  uncertainty: 1.0000  uncertainty_coeffi: 1.0000  loss: 0.2469  lr: 0.0000
     itm tta time 0:00:04
      TTA Epoch: [14] [ 0/78]  eta: 0:00:19  entropy: 0.2315  uncertainty: 1.0000  uncertainty_coeffi: 1.0000  loss: 0.2315  lr: 0.000009  time: 0.2457  data: 0.1867  max mem: 2671
      TTA Epoch: [14] [77/78]  eta: 0:00:00  entropy: 0.2496  uncertainty: 1.0000  uncertainty_coeffi: 1.0000  loss: 0.2496  lr: 0.000008  time: 0.0598  data: 0.0000  max mem: 2671
      TTA Epoch: [14] Total time: 0:00:04 (0.0622 s / it)
     Averaged stats: entropy: 0.2458  uncertainty: 1.0000  uncertainty_coeffi: 1.0000  loss: 0.2458  lr: 0.0000
     itm tta time 0:00:04
     Computing matching score
      Evaluation: [   0/1978]  eta: 0:02:03    time: 0.0622  data: 0.0010  max mem: 2671
      Evaluation: [ 100/1978]  eta: 0:02:06    time: 0.0671  data: 0.0000  max mem: 2671
      Evaluation: [ 200/1978]  eta: 0:01:59    time: 0.0672  data: 0.0000  max mem: 2671
      Evaluation: [ 300/1978]  eta: 0:01:52    time: 0.0673  data: 0.0000  max mem: 2671
      Evaluation: [ 400/1978]  eta: 0:01:45    time: 0.0673  data: 0.0000  max mem: 2671
      Evaluation: [ 500/1978]  eta: 0:01:39    time: 0.0672  data: 0.0000  max mem: 2671
      Evaluation: [ 600/1978]  eta: 0:01:32    time: 0.0671  data: 0.0000  max mem: 2671
      Evaluation: [ 700/1978]  eta: 0:01:25    time: 0.0672  data: 0.0000  max mem: 2671
      Evaluation: [ 800/1978]  eta: 0:01:19    time: 0.0673  data: 0.0000  max mem: 2671
      Evaluation: [ 900/1978]  eta: 0:01:12    time: 0.0673  data: 0.0000  max mem: 2671
      Evaluation: [1000/1978]  eta: 0:01:05    time: 0.0671  data: 0.0000  max mem: 2671
      Evaluation: [1100/1978]  eta: 0:00:58    time: 0.0672  data: 0.0000  max mem: 2671
      Evaluation: [1200/1978]  eta: 0:00:52    time: 0.0675  data: 0.0000  max mem: 2671
      Evaluation: [1300/1978]  eta: 0:00:45    time: 0.0672  data: 0.0000  max mem: 2671
      Evaluation: [1400/1978]  eta: 0:00:38    time: 0.0672  data: 0.0000  max mem: 2671
      Evaluation: [1500/1978]  eta: 0:00:32    time: 0.0672  data: 0.0000  max mem: 2671
      Evaluation: [1600/1978]  eta: 0:00:25    time: 0.0673  data: 0.0000  max mem: 2671
      Evaluation: [1700/1978]  eta: 0:00:18    time: 0.0673  data: 0.0000  max mem: 2671
      Evaluation: [1800/1978]  eta: 0:00:11    time: 0.0674  data: 0.0000  max mem: 2671
      Evaluation: [1900/1978]  eta: 0:00:05    time: 0.0672  data: 0.0000  max mem: 2671
      Evaluation: [1977/1978]  eta: 0:00:00    time: 0.0675  data: 0.0000  max mem: 2671
      Evaluation: Total time: 0:02:12 (0.0672 s / it)
     Computing matching score time 0:02:13
### TTA ITM Score: 
+-------------------+--------+--------+--------+--------+--------+
|       epoch       |   R1   |   R5   |  R10   |  mAP   |  mINP  |
+-------------------+--------+--------+--------+--------+--------+
|  cos_sim_wo/norm  | 58.544 | 91.860 | 95.703 | 73.596 | 73.596 |
|        -999       | 69.414 | 95.197 | 97.776 | 81.233 | 81.233 |
| itm_score_wo/norm | 84.328 | 98.989 | 99.494 | 91.293 | 91.293 |
|        -999       | 84.277 | 99.039 | 99.596 | 91.276 | 91.276 |
|         0         | 84.328 | 99.039 | 99.596 | 91.301 | 91.301 |
|         1         | 84.277 | 99.039 | 99.596 | 91.276 | 91.276 |
|         2         | 84.530 | 99.039 | 99.596 | 91.393 | 91.393 |
|         4         | 84.631 | 98.989 | 99.596 | 91.436 | 91.436 |
|         9         | 84.783 | 98.938 | 99.545 | 91.491 | 91.491 |
|         14        | 84.530 | 98.938 | 99.494 | 91.333 | 91.333 |
+-------------------+--------+--------+--------+--------+--------+
     logs:  {'epo': 14, 'R1': np.float32(84.53), 'R5': np.float32(98.938), 'R10': np.float32(99.494), 'mAP': np.float32(91.333), 'mINP': np.float32(91.333), 'entropy': 0.245843, 'uncertainty': 1.0, 'uncertainty_coeffi': 1.0, 'loss': 0.245843, 'lr': 9e-06}
      TTA Epoch: [15] [ 0/78]  eta: 0:00:18  entropy: 0.1500  uncertainty: 1.0000  uncertainty_coeffi: 1.0000  loss: 0.1500  lr: 0.000008  time: 0.2410  data: 0.1780  max mem: 2671
      TTA Epoch: [15] [77/78]  eta: 0:00:00  entropy: 0.2016  uncertainty: 1.0000  uncertainty_coeffi: 1.0000  loss: 0.2016  lr: 0.000008  time: 0.0599  data: 0.0000  max mem: 2671
      TTA Epoch: [15] Total time: 0:00:04 (0.0623 s / it)
     Averaged stats: entropy: 0.2398  uncertainty: 1.0000  uncertainty_coeffi: 1.0000  loss: 0.2398  lr: 0.0000
     itm tta time 0:00:04
      TTA Epoch: [16] [ 0/78]  eta: 0:00:18  entropy: 0.1640  uncertainty: 1.0000  uncertainty_coeffi: 1.0000  loss: 0.1640  lr: 0.000008  time: 0.2433  data: 0.1821  max mem: 2671
      TTA Epoch: [16] [77/78]  eta: 0:00:00  entropy: 0.1872  uncertainty: 1.0000  uncertainty_coeffi: 1.0000  loss: 0.1872  lr: 0.000008  time: 0.0597  data: 0.0000  max mem: 2671
      TTA Epoch: [16] Total time: 0:00:04 (0.0623 s / it)
     Averaged stats: entropy: 0.2330  uncertainty: 1.0000  uncertainty_coeffi: 1.0000  loss: 0.2330  lr: 0.0000
     itm tta time 0:00:04
      TTA Epoch: [17] [ 0/78]  eta: 0:00:19  entropy: 0.2100  uncertainty: 1.0000  uncertainty_coeffi: 1.0000  loss: 0.2100  lr: 0.000008  time: 0.2460  data: 0.1857  max mem: 2671
      TTA Epoch: [17] [77/78]  eta: 0:00:00  entropy: 0.3086  uncertainty: 1.0000  uncertainty_coeffi: 1.0000  loss: 0.3086  lr: 0.000008  time: 0.0596  data: 0.0000  max mem: 2671
      TTA Epoch: [17] Total time: 0:00:04 (0.0621 s / it)
     Averaged stats: entropy: 0.2385  uncertainty: 1.0000  uncertainty_coeffi: 1.0000  loss: 0.2385  lr: 0.0000
     itm tta time 0:00:04
      TTA Epoch: [18] [ 0/78]  eta: 0:00:18  entropy: 0.3783  uncertainty: 1.0000  uncertainty_coeffi: 1.0000  loss: 0.3783  lr: 0.000008  time: 0.2351  data: 0.1744  max mem: 2671
      TTA Epoch: [18] [77/78]  eta: 0:00:00  entropy: 0.2502  uncertainty: 1.0000  uncertainty_coeffi: 1.0000  loss: 0.2502  lr: 0.000008  time: 0.0598  data: 0.0000  max mem: 2671
      TTA Epoch: [18] Total time: 0:00:04 (0.0622 s / it)
     Averaged stats: entropy: 0.2275  uncertainty: 1.0000  uncertainty_coeffi: 1.0000  loss: 0.2275  lr: 0.0000
     itm tta time 0:00:04
      TTA Epoch: [19] [ 0/78]  eta: 0:00:19  entropy: 0.2648  uncertainty: 1.0000  uncertainty_coeffi: 1.0000  loss: 0.2648  lr: 0.000008  time: 0.2547  data: 0.1963  max mem: 2671
      TTA Epoch: [19] [77/78]  eta: 0:00:00  entropy: 0.1689  uncertainty: 1.0000  uncertainty_coeffi: 1.0000  loss: 0.1689  lr: 0.000008  time: 0.0601  data: 0.0001  max mem: 2671
      TTA Epoch: [19] Total time: 0:00:04 (0.0625 s / it)
     Averaged stats: entropy: 0.2284  uncertainty: 1.0000  uncertainty_coeffi: 1.0000  loss: 0.2284  lr: 0.0000
     itm tta time 0:00:04
     Computing matching score
      Evaluation: [   0/1978]  eta: 0:02:06    time: 0.0638  data: 0.0011  max mem: 2671
      Evaluation: [ 100/1978]  eta: 0:02:07    time: 0.0673  data: 0.0000  max mem: 2671
      Evaluation: [ 200/1978]  eta: 0:02:00    time: 0.0674  data: 0.0000  max mem: 2671
      Evaluation: [ 300/1978]  eta: 0:01:53    time: 0.0671  data: 0.0000  max mem: 2671
      Evaluation: [ 400/1978]  eta: 0:01:46    time: 0.0670  data: 0.0000  max mem: 2671
      Evaluation: [ 500/1978]  eta: 0:01:39    time: 0.0670  data: 0.0000  max mem: 2671
      Evaluation: [ 600/1978]  eta: 0:01:32    time: 0.0670  data: 0.0000  max mem: 2671
      Evaluation: [ 700/1978]  eta: 0:01:26    time: 0.0673  data: 0.0000  max mem: 2671
      Evaluation: [ 800/1978]  eta: 0:01:19    time: 0.0694  data: 0.0000  max mem: 2671
      Evaluation: [ 900/1978]  eta: 0:01:12    time: 0.0672  data: 0.0000  max mem: 2671
      Evaluation: [1000/1978]  eta: 0:01:05    time: 0.0672  data: 0.0000  max mem: 2671
      Evaluation: [1100/1978]  eta: 0:00:59    time: 0.0672  data: 0.0000  max mem: 2671
      Evaluation: [1200/1978]  eta: 0:00:52    time: 0.0673  data: 0.0000  max mem: 2671
      Evaluation: [1300/1978]  eta: 0:00:45    time: 0.0672  data: 0.0000  max mem: 2671
      Evaluation: [1400/1978]  eta: 0:00:38    time: 0.0672  data: 0.0000  max mem: 2671
      Evaluation: [1500/1978]  eta: 0:00:32    time: 0.0672  data: 0.0000  max mem: 2671
      Evaluation: [1600/1978]  eta: 0:00:25    time: 0.0673  data: 0.0000  max mem: 2671
      Evaluation: [1700/1978]  eta: 0:00:18    time: 0.0672  data: 0.0000  max mem: 2671
      Evaluation: [1800/1978]  eta: 0:00:11    time: 0.0672  data: 0.0000  max mem: 2671
      Evaluation: [1900/1978]  eta: 0:00:05    time: 0.0673  data: 0.0000  max mem: 2671
      Evaluation: [1977/1978]  eta: 0:00:00    time: 0.0672  data: 0.0000  max mem: 2671
      Evaluation: Total time: 0:02:13 (0.0673 s / it)
     Computing matching score time 0:02:13
### TTA ITM Score: 
+-------------------+--------+--------+--------+--------+--------+
|       epoch       |   R1   |   R5   |  R10   |  mAP   |  mINP  |
+-------------------+--------+--------+--------+--------+--------+
|  cos_sim_wo/norm  | 58.544 | 91.860 | 95.703 | 73.596 | 73.596 |
|        -999       | 69.414 | 95.197 | 97.776 | 81.233 | 81.233 |
| itm_score_wo/norm | 84.328 | 98.989 | 99.494 | 91.293 | 91.293 |
|        -999       | 84.277 | 99.039 | 99.596 | 91.276 | 91.276 |
|         0         | 84.328 | 99.039 | 99.596 | 91.301 | 91.301 |
|         1         | 84.277 | 99.039 | 99.596 | 91.276 | 91.276 |
|         2         | 84.530 | 99.039 | 99.596 | 91.393 | 91.393 |
|         4         | 84.631 | 98.989 | 99.596 | 91.436 | 91.436 |
|         9         | 84.783 | 98.938 | 99.545 | 91.491 | 91.491 |
|         14        | 84.530 | 98.938 | 99.494 | 91.333 | 91.333 |
|         19        | 84.681 | 98.837 | 99.494 | 91.370 | 91.370 |
+-------------------+--------+--------+--------+--------+--------+
     logs:  {'epo': 19, 'R1': np.float32(84.681), 'R5': np.float32(98.837), 'R10': np.float32(99.494), 'mAP': np.float32(91.37), 'mINP': np.float32(91.37), 'entropy': 0.228409, 'uncertainty': 1.0, 'uncertainty_coeffi': 1.0, 'loss': 0.228409, 'lr': 8e-06}
      TTA Epoch: [20] [ 0/78]  eta: 0:00:19  entropy: 0.1025  uncertainty: 1.0000  uncertainty_coeffi: 1.0000  loss: 0.1025  lr: 0.000007  time: 0.2460  data: 0.1846  max mem: 2671
      TTA Epoch: [20] [77/78]  eta: 0:00:00  entropy: 0.1778  uncertainty: 1.0000  uncertainty_coeffi: 1.0000  loss: 0.1778  lr: 0.000007  time: 0.0598  data: 0.0000  max mem: 2671
      TTA Epoch: [20] Total time: 0:00:04 (0.0624 s / it)
     Averaged stats: entropy: 0.2220  uncertainty: 1.0000  uncertainty_coeffi: 1.0000  loss: 0.2220  lr: 0.0000
     itm tta time 0:00:04
      TTA Epoch: [21] [ 0/78]  eta: 0:00:18  entropy: 0.1541  uncertainty: 1.0000  uncertainty_coeffi: 1.0000  loss: 0.1541  lr: 0.000007  time: 0.2380  data: 0.1768  max mem: 2671
      TTA Epoch: [21] [77/78]  eta: 0:00:00  entropy: 0.1817  uncertainty: 1.0000  uncertainty_coeffi: 1.0000  loss: 0.1817  lr: 0.000007  time: 0.0597  data: 0.0000  max mem: 2671
      TTA Epoch: [21] Total time: 0:00:04 (0.0622 s / it)
     Averaged stats: entropy: 0.2105  uncertainty: 1.0000  uncertainty_coeffi: 1.0000  loss: 0.2105  lr: 0.0000
     itm tta time 0:00:04
      TTA Epoch: [22] [ 0/78]  eta: 0:00:18  entropy: 0.1916  uncertainty: 1.0000  uncertainty_coeffi: 1.0000  loss: 0.1916  lr: 0.000007  time: 0.2365  data: 0.1753  max mem: 2671
      TTA Epoch: [22] [77/78]  eta: 0:00:00  entropy: 0.1468  uncertainty: 1.0000  uncertainty_coeffi: 1.0000  loss: 0.1468  lr: 0.000007  time: 0.0598  data: 0.0000  max mem: 2671
      TTA Epoch: [22] Total time: 0:00:04 (0.0622 s / it)
     Averaged stats: entropy: 0.2116  uncertainty: 1.0000  uncertainty_coeffi: 1.0000  loss: 0.2116  lr: 0.0000
     itm tta time 0:00:04
      TTA Epoch: [23] [ 0/78]  eta: 0:00:18  entropy: 0.2718  uncertainty: 1.0000  uncertainty_coeffi: 1.0000  loss: 0.2718  lr: 0.000007  time: 0.2422  data: 0.1807  max mem: 2671
      TTA Epoch: [23] [77/78]  eta: 0:00:00  entropy: 0.1409  uncertainty: 1.0000  uncertainty_coeffi: 1.0000  loss: 0.1409  lr: 0.000007  time: 0.0598  data: 0.0000  max mem: 2671
      TTA Epoch: [23] Total time: 0:00:04 (0.0622 s / it)
     Averaged stats: entropy: 0.2123  uncertainty: 1.0000  uncertainty_coeffi: 1.0000  loss: 0.2123  lr: 0.0000
     itm tta time 0:00:04
      TTA Epoch: [24] [ 0/78]  eta: 0:00:18  entropy: 0.2547  uncertainty: 1.0000  uncertainty_coeffi: 1.0000  loss: 0.2547  lr: 0.000007  time: 0.2346  data: 0.1746  max mem: 2671
      TTA Epoch: [24] [77/78]  eta: 0:00:00  entropy: 0.1250  uncertainty: 1.0000  uncertainty_coeffi: 1.0000  loss: 0.1250  lr: 0.000007  time: 0.0596  data: 0.0000  max mem: 2671
      TTA Epoch: [24] Total time: 0:00:04 (0.0621 s / it)
     Averaged stats: entropy: 0.2104  uncertainty: 1.0000  uncertainty_coeffi: 1.0000  loss: 0.2104  lr: 0.0000
     itm tta time 0:00:04
      TTA Epoch: [25] [ 0/78]  eta: 0:00:19  entropy: 0.1980  uncertainty: 1.0000  uncertainty_coeffi: 1.0000  loss: 0.1980  lr: 0.000007  time: 0.2461  data: 0.1846  max mem: 2671
      TTA Epoch: [25] [77/78]  eta: 0:00:00  entropy: 0.2476  uncertainty: 1.0000  uncertainty_coeffi: 1.0000  loss: 0.2476  lr: 0.000003  time: 0.0597  data: 0.0000  max mem: 2671
      TTA Epoch: [25] Total time: 0:00:04 (0.0622 s / it)
     Averaged stats: entropy: 0.2060  uncertainty: 1.0000  uncertainty_coeffi: 1.0000  loss: 0.2060  lr: 0.0000
     itm tta time 0:00:04
      TTA Epoch: [26] [ 0/78]  eta: 0:00:18  entropy: 0.1672  uncertainty: 1.0000  uncertainty_coeffi: 1.0000  loss: 0.1672  lr: 0.000003  time: 0.2397  data: 0.1772  max mem: 2671
      TTA Epoch: [26] [77/78]  eta: 0:00:00  entropy: 0.2159  uncertainty: 1.0000  uncertainty_coeffi: 1.0000  loss: 0.2159  lr: 0.000003  time: 0.0598  data: 0.0000  max mem: 2671
      TTA Epoch: [26] Total time: 0:00:04 (0.0620 s / it)
     Averaged stats: entropy: 0.2100  uncertainty: 1.0000  uncertainty_coeffi: 1.0000  loss: 0.2100  lr: 0.0000
     itm tta time 0:00:04
      TTA Epoch: [27] [ 0/78]  eta: 0:00:19  entropy: 0.1761  uncertainty: 1.0000  uncertainty_coeffi: 1.0000  loss: 0.1761  lr: 0.000003  time: 0.2486  data: 0.1873  max mem: 2671
      TTA Epoch: [27] [77/78]  eta: 0:00:00  entropy: 0.2436  uncertainty: 1.0000  uncertainty_coeffi: 1.0000  loss: 0.2436  lr: 0.000003  time: 0.0597  data: 0.0000  max mem: 2671
      TTA Epoch: [27] Total time: 0:00:04 (0.0622 s / it)
     Averaged stats: entropy: 0.2095  uncertainty: 1.0000  uncertainty_coeffi: 1.0000  loss: 0.2095  lr: 0.0000
     itm tta time 0:00:04
      TTA Epoch: [28] [ 0/78]  eta: 0:00:19  entropy: 0.2438  uncertainty: 1.0000  uncertainty_coeffi: 1.0000  loss: 0.2438  lr: 0.000003  time: 0.2445  data: 0.1844  max mem: 2671
      TTA Epoch: [28] [77/78]  eta: 0:00:00  entropy: 0.0238  uncertainty: 1.0000  uncertainty_coeffi: 1.0000  loss: 0.0238  lr: 0.000003  time: 0.0598  data: 0.0000  max mem: 2671
      TTA Epoch: [28] Total time: 0:00:04 (0.0621 s / it)
     Averaged stats: entropy: 0.2097  uncertainty: 1.0000  uncertainty_coeffi: 1.0000  loss: 0.2097  lr: 0.0000
     itm tta time 0:00:04
      TTA Epoch: [29] [ 0/78]  eta: 0:00:19  entropy: 0.1700  uncertainty: 1.0000  uncertainty_coeffi: 1.0000  loss: 0.1700  lr: 0.000003  time: 0.2501  data: 0.1906  max mem: 2671
      TTA Epoch: [29] [77/78]  eta: 0:00:00  entropy: 0.3399  uncertainty: 1.0000  uncertainty_coeffi: 1.0000  loss: 0.3399  lr: 0.000003  time: 0.0599  data: 0.0000  max mem: 2671
      TTA Epoch: [29] Total time: 0:00:04 (0.0624 s / it)
     Averaged stats: entropy: 0.2092  uncertainty: 1.0000  uncertainty_coeffi: 1.0000  loss: 0.2092  lr: 0.0000
     itm tta time 0:00:04
     Computing matching score
      Evaluation: [   0/1978]  eta: 0:02:06    time: 0.0637  data: 0.0018  max mem: 2671
      Evaluation: [ 100/1978]  eta: 0:02:05    time: 0.0671  data: 0.0000  max mem: 2671
      Evaluation: [ 200/1978]  eta: 0:01:59    time: 0.0670  data: 0.0000  max mem: 2671
      Evaluation: [ 300/1978]  eta: 0:01:52    time: 0.0670  data: 0.0000  max mem: 2671
      Evaluation: [ 400/1978]  eta: 0:01:45    time: 0.0671  data: 0.0000  max mem: 2671
      Evaluation: [ 500/1978]  eta: 0:01:39    time: 0.0671  data: 0.0000  max mem: 2671
      Evaluation: [ 600/1978]  eta: 0:01:32    time: 0.0673  data: 0.0000  max mem: 2671
      Evaluation: [ 700/1978]  eta: 0:01:25    time: 0.0671  data: 0.0000  max mem: 2671
      Evaluation: [ 800/1978]  eta: 0:01:19    time: 0.0673  data: 0.0000  max mem: 2671
      Evaluation: [ 900/1978]  eta: 0:01:12    time: 0.0674  data: 0.0000  max mem: 2671
      Evaluation: [1000/1978]  eta: 0:01:05    time: 0.0674  data: 0.0000  max mem: 2671
      Evaluation: [1100/1978]  eta: 0:00:59    time: 0.0674  data: 0.0000  max mem: 2671
      Evaluation: [1200/1978]  eta: 0:00:52    time: 0.0670  data: 0.0000  max mem: 2671
      Evaluation: [1300/1978]  eta: 0:00:45    time: 0.0671  data: 0.0000  max mem: 2671
      Evaluation: [1400/1978]  eta: 0:00:38    time: 0.0671  data: 0.0000  max mem: 2671
      Evaluation: [1500/1978]  eta: 0:00:32    time: 0.0672  data: 0.0000  max mem: 2671
      Evaluation: [1600/1978]  eta: 0:00:25    time: 0.0710  data: 0.0000  max mem: 2671
      Evaluation: [1700/1978]  eta: 0:00:18    time: 0.0673  data: 0.0000  max mem: 2671
      Evaluation: [1800/1978]  eta: 0:00:11    time: 0.0672  data: 0.0000  max mem: 2671
      Evaluation: [1900/1978]  eta: 0:00:05    time: 0.0673  data: 0.0000  max mem: 2671
      Evaluation: [1977/1978]  eta: 0:00:00    time: 0.0675  data: 0.0000  max mem: 2671
      Evaluation: Total time: 0:02:13 (0.0673 s / it)
     Computing matching score time 0:02:13
### TTA ITM Score: 
+-------------------+--------+--------+--------+--------+--------+
|       epoch       |   R1   |   R5   |  R10   |  mAP   |  mINP  |
+-------------------+--------+--------+--------+--------+--------+
|  cos_sim_wo/norm  | 58.544 | 91.860 | 95.703 | 73.596 | 73.596 |
|        -999       | 69.414 | 95.197 | 97.776 | 81.233 | 81.233 |
| itm_score_wo/norm | 84.328 | 98.989 | 99.494 | 91.293 | 91.293 |
|        -999       | 84.277 | 99.039 | 99.596 | 91.276 | 91.276 |
|         0         | 84.328 | 99.039 | 99.596 | 91.301 | 91.301 |
|         1         | 84.277 | 99.039 | 99.596 | 91.276 | 91.276 |
|         2         | 84.530 | 99.039 | 99.596 | 91.393 | 91.393 |
|         4         | 84.631 | 98.989 | 99.596 | 91.436 | 91.436 |
|         9         | 84.783 | 98.938 | 99.545 | 91.491 | 91.491 |
|         14        | 84.530 | 98.938 | 99.494 | 91.333 | 91.333 |
|         19        | 84.681 | 98.837 | 99.494 | 91.370 | 91.370 |
|         29        | 84.681 | 98.787 | 99.494 | 91.359 | 91.359 |
+-------------------+--------+--------+--------+--------+--------+
     logs:  {'epo': 29, 'R1': np.float32(84.681), 'R5': np.float32(98.787), 'R10': np.float32(99.494), 'mAP': np.float32(91.359), 'mINP': np.float32(91.359), 'entropy': 0.209231, 'uncertainty': 1.0, 'uncertainty_coeffi': 1.0, 'loss': 0.209231, 'lr': 3e-06}
      TTA Epoch: [30] [ 0/78]  eta: 0:00:18  entropy: 0.2133  uncertainty: 1.0000  uncertainty_coeffi: 1.0000  loss: 0.2133  lr: 0.000003  time: 0.2411  data: 0.1790  max mem: 2671
      TTA Epoch: [30] [77/78]  eta: 0:00:00  entropy: 0.2316  uncertainty: 1.0000  uncertainty_coeffi: 1.0000  loss: 0.2316  lr: 0.000003  time: 0.0598  data: 0.0000  max mem: 2671
      TTA Epoch: [30] Total time: 0:00:04 (0.0623 s / it)
     Averaged stats: entropy: 0.2084  uncertainty: 1.0000  uncertainty_coeffi: 1.0000  loss: 0.2084  lr: 0.0000
     itm tta time 0:00:04
      TTA Epoch: [31] [ 0/78]  eta: 0:00:19  entropy: 0.3598  uncertainty: 1.0000  uncertainty_coeffi: 1.0000  loss: 0.3598  lr: 0.000003  time: 0.2440  data: 0.1836  max mem: 2671
      TTA Epoch: [31] [77/78]  eta: 0:00:00  entropy: 0.1415  uncertainty: 1.0000  uncertainty_coeffi: 1.0000  loss: 0.1415  lr: 0.000003  time: 0.0597  data: 0.0000  max mem: 2671
      TTA Epoch: [31] Total time: 0:00:04 (0.0623 s / it)
     Averaged stats: entropy: 0.2025  uncertainty: 1.0000  uncertainty_coeffi: 1.0000  loss: 0.2025  lr: 0.0000
     itm tta time 0:00:04
      TTA Epoch: [32] [ 0/78]  eta: 0:00:18  entropy: 0.1869  uncertainty: 1.0000  uncertainty_coeffi: 1.0000  loss: 0.1869  lr: 0.000003  time: 0.2416  data: 0.1807  max mem: 2671
      TTA Epoch: [32] [77/78]  eta: 0:00:00  entropy: 0.1843  uncertainty: 1.0000  uncertainty_coeffi: 1.0000  loss: 0.1843  lr: 0.000003  time: 0.0597  data: 0.0000  max mem: 2671
      TTA Epoch: [32] Total time: 0:00:04 (0.0622 s / it)
     Averaged stats: entropy: 0.2047  uncertainty: 1.0000  uncertainty_coeffi: 1.0000  loss: 0.2047  lr: 0.0000
     itm tta time 0:00:04
      TTA Epoch: [33] [ 0/78]  eta: 0:00:19  entropy: 0.1996  uncertainty: 1.0000  uncertainty_coeffi: 1.0000  loss: 0.1996  lr: 0.000003  time: 0.2472  data: 0.1862  max mem: 2671
      TTA Epoch: [33] [77/78]  eta: 0:00:00  entropy: 0.2215  uncertainty: 1.0000  uncertainty_coeffi: 1.0000  loss: 0.2215  lr: 0.000002  time: 0.0599  data: 0.0000  max mem: 2671
      TTA Epoch: [33] Total time: 0:00:04 (0.0624 s / it)
     Averaged stats: entropy: 0.2032  uncertainty: 1.0000  uncertainty_coeffi: 1.0000  loss: 0.2032  lr: 0.0000
     itm tta time 0:00:04
      TTA Epoch: [34] [ 0/78]  eta: 0:00:19  entropy: 0.1791  uncertainty: 1.0000  uncertainty_coeffi: 1.0000  loss: 0.1791  lr: 0.000002  time: 0.2487  data: 0.1875  max mem: 2671
      TTA Epoch: [34] [77/78]  eta: 0:00:00  entropy: 0.1779  uncertainty: 1.0000  uncertainty_coeffi: 1.0000  loss: 0.1779  lr: 0.000002  time: 0.0599  data: 0.0000  max mem: 2671
      TTA Epoch: [34] Total time: 0:00:04 (0.0624 s / it)
     Averaged stats: entropy: 0.1992  uncertainty: 1.0000  uncertainty_coeffi: 1.0000  loss: 0.1992  lr: 0.0000
     itm tta time 0:00:04
      TTA Epoch: [35] [ 0/78]  eta: 0:00:18  entropy: 0.1596  uncertainty: 1.0000  uncertainty_coeffi: 1.0000  loss: 0.1596  lr: 0.000002  time: 0.2355  data: 0.1718  max mem: 2671
      TTA Epoch: [35] [77/78]  eta: 0:00:00  entropy: 0.1303  uncertainty: 1.0000  uncertainty_coeffi: 1.0000  loss: 0.1303  lr: 0.000002  time: 0.0598  data: 0.0000  max mem: 2671
      TTA Epoch: [35] Total time: 0:00:04 (0.0622 s / it)
     Averaged stats: entropy: 0.2022  uncertainty: 1.0000  uncertainty_coeffi: 1.0000  loss: 0.2022  lr: 0.0000
     itm tta time 0:00:04
      TTA Epoch: [36] [ 0/78]  eta: 0:00:18  entropy: 0.1180  uncertainty: 1.0000  uncertainty_coeffi: 1.0000  loss: 0.1180  lr: 0.000002  time: 0.2428  data: 0.1824  max mem: 2671
      TTA Epoch: [36] [77/78]  eta: 0:00:00  entropy: 0.2390  uncertainty: 1.0000  uncertainty_coeffi: 1.0000  loss: 0.2390  lr: 0.000002  time: 0.0599  data: 0.0000  max mem: 2671
      TTA Epoch: [36] Total time: 0:00:04 (0.0622 s / it)
     Averaged stats: entropy: 0.1965  uncertainty: 1.0000  uncertainty_coeffi: 1.0000  loss: 0.1965  lr: 0.0000
     itm tta time 0:00:04
      TTA Epoch: [37] [ 0/78]  eta: 0:00:19  entropy: 0.2175  uncertainty: 1.0000  uncertainty_coeffi: 1.0000  loss: 0.2175  lr: 0.000002  time: 0.2501  data: 0.1910  max mem: 2671
      TTA Epoch: [37] [77/78]  eta: 0:00:00  entropy: 0.2420  uncertainty: 1.0000  uncertainty_coeffi: 1.0000  loss: 0.2420  lr: 0.000002  time: 0.0597  data: 0.0000  max mem: 2671
      TTA Epoch: [37] Total time: 0:00:04 (0.0623 s / it)
     Averaged stats: entropy: 0.1988  uncertainty: 1.0000  uncertainty_coeffi: 1.0000  loss: 0.1988  lr: 0.0000
     itm tta time 0:00:04
      TTA Epoch: [38] [ 0/78]  eta: 0:00:20  entropy: 0.2639  uncertainty: 1.0000  uncertainty_coeffi: 1.0000  loss: 0.2639  lr: 0.000002  time: 0.2606  data: 0.1992  max mem: 2671
      TTA Epoch: [38] [77/78]  eta: 0:00:00  entropy: 0.1702  uncertainty: 1.0000  uncertainty_coeffi: 1.0000  loss: 0.1702  lr: 0.000002  time: 0.0599  data: 0.0000  max mem: 2671
      TTA Epoch: [38] Total time: 0:00:04 (0.0625 s / it)
     Averaged stats: entropy: 0.2006  uncertainty: 1.0000  uncertainty_coeffi: 1.0000  loss: 0.2006  lr: 0.0000
     itm tta time 0:00:04
      TTA Epoch: [39] [ 0/78]  eta: 0:00:19  entropy: 0.2034  uncertainty: 1.0000  uncertainty_coeffi: 1.0000  loss: 0.2034  lr: 0.000002  time: 0.2525  data: 0.1930  max mem: 2671
      TTA Epoch: [39] [77/78]  eta: 0:00:00  entropy: 0.1555  uncertainty: 1.0000  uncertainty_coeffi: 1.0000  loss: 0.1555  lr: 0.000002  time: 0.0598  data: 0.0000  max mem: 2671
      TTA Epoch: [39] Total time: 0:00:04 (0.0623 s / it)
     Averaged stats: entropy: 0.1965  uncertainty: 1.0000  uncertainty_coeffi: 1.0000  loss: 0.1965  lr: 0.0000
     itm tta time 0:00:04
     Computing matching score
      Evaluation: [   0/1978]  eta: 0:02:05    time: 0.0637  data: 0.0009  max mem: 2671
      Evaluation: [ 100/1978]  eta: 0:02:05    time: 0.0670  data: 0.0000  max mem: 2671
      Evaluation: [ 200/1978]  eta: 0:01:59    time: 0.0671  data: 0.0000  max mem: 2671
      Evaluation: [ 300/1978]  eta: 0:01:52    time: 0.0670  data: 0.0000  max mem: 2671
      Evaluation: [ 400/1978]  eta: 0:01:45    time: 0.0671  data: 0.0000  max mem: 2671
      Evaluation: [ 500/1978]  eta: 0:01:39    time: 0.0671  data: 0.0000  max mem: 2671
      Evaluation: [ 600/1978]  eta: 0:01:32    time: 0.0670  data: 0.0000  max mem: 2671
      Evaluation: [ 700/1978]  eta: 0:01:25    time: 0.0671  data: 0.0000  max mem: 2671
      Evaluation: [ 800/1978]  eta: 0:01:18    time: 0.0672  data: 0.0000  max mem: 2671
      Evaluation: [ 900/1978]  eta: 0:01:12    time: 0.0671  data: 0.0000  max mem: 2671
      Evaluation: [1000/1978]  eta: 0:01:05    time: 0.0671  data: 0.0000  max mem: 2671
      Evaluation: [1100/1978]  eta: 0:00:58    time: 0.0671  data: 0.0000  max mem: 2671
      Evaluation: [1200/1978]  eta: 0:00:52    time: 0.0672  data: 0.0000  max mem: 2671
      Evaluation: [1300/1978]  eta: 0:00:45    time: 0.0672  data: 0.0000  max mem: 2671
      Evaluation: [1400/1978]  eta: 0:00:38    time: 0.0671  data: 0.0000  max mem: 2671
      Evaluation: [1500/1978]  eta: 0:00:32    time: 0.0672  data: 0.0000  max mem: 2671
      Evaluation: [1600/1978]  eta: 0:00:25    time: 0.0672  data: 0.0000  max mem: 2671
      Evaluation: [1700/1978]  eta: 0:00:18    time: 0.0673  data: 0.0000  max mem: 2671
      Evaluation: [1800/1978]  eta: 0:00:11    time: 0.0672  data: 0.0000  max mem: 2671
      Evaluation: [1900/1978]  eta: 0:00:05    time: 0.0672  data: 0.0000  max mem: 2671
      Evaluation: [1977/1978]  eta: 0:00:00    time: 0.0673  data: 0.0000  max mem: 2671
      Evaluation: Total time: 0:02:12 (0.0671 s / it)
     Computing matching score time 0:02:12
### TTA ITM Score: 
+-------------------+--------+--------+--------+--------+--------+
|       epoch       |   R1   |   R5   |  R10   |  mAP   |  mINP  |
+-------------------+--------+--------+--------+--------+--------+
|  cos_sim_wo/norm  | 58.544 | 91.860 | 95.703 | 73.596 | 73.596 |
|        -999       | 69.414 | 95.197 | 97.776 | 81.233 | 81.233 |
| itm_score_wo/norm | 84.328 | 98.989 | 99.494 | 91.293 | 91.293 |
|        -999       | 84.277 | 99.039 | 99.596 | 91.276 | 91.276 |
|         0         | 84.328 | 99.039 | 99.596 | 91.301 | 91.301 |
|         1         | 84.277 | 99.039 | 99.596 | 91.276 | 91.276 |
|         2         | 84.530 | 99.039 | 99.596 | 91.393 | 91.393 |
|         4         | 84.631 | 98.989 | 99.596 | 91.436 | 91.436 |
|         9         | 84.783 | 98.938 | 99.545 | 91.491 | 91.491 |
|         14        | 84.530 | 98.938 | 99.494 | 91.333 | 91.333 |
|         19        | 84.681 | 98.837 | 99.494 | 91.370 | 91.370 |
|         29        | 84.681 | 98.787 | 99.494 | 91.359 | 91.359 |
|         39        | 84.631 | 98.787 | 99.444 | 91.340 | 91.340 |
+-------------------+--------+--------+--------+--------+--------+
     logs:  {'epo': 39, 'R1': np.float32(84.631), 'R5': np.float32(98.787), 'R10': np.float32(99.444), 'mAP': np.float32(91.34), 'mINP': np.float32(91.34), 'entropy': 0.196535, 'uncertainty': 1.0, 'uncertainty_coeffi': 1.0, 'loss': 0.196535, 'lr': 2e-06}
      TTA Epoch: [40] [ 0/78]  eta: 0:00:18  entropy: 0.1854  uncertainty: 1.0000  uncertainty_coeffi: 1.0000  loss: 0.1854  lr: 0.000002  time: 0.2435  data: 0.1828  max mem: 2671
      TTA Epoch: [40] [77/78]  eta: 0:00:00  entropy: 0.2357  uncertainty: 1.0000  uncertainty_coeffi: 1.0000  loss: 0.2357  lr: 0.000002  time: 0.0598  data: 0.0000  max mem: 2671
      TTA Epoch: [40] Total time: 0:00:04 (0.0623 s / it)
     Averaged stats: entropy: 0.1985  uncertainty: 1.0000  uncertainty_coeffi: 1.0000  loss: 0.1985  lr: 0.0000
     itm tta time 0:00:04
      TTA Epoch: [41] [ 0/78]  eta: 0:00:18  entropy: 0.2350  uncertainty: 1.0000  uncertainty_coeffi: 1.0000  loss: 0.2350  lr: 0.000002  time: 0.2427  data: 0.1820  max mem: 2671
      TTA Epoch: [41] [77/78]  eta: 0:00:00  entropy: 0.0836  uncertainty: 1.0000  uncertainty_coeffi: 1.0000  loss: 0.0836  lr: 0.000002  time: 0.0596  data: 0.0000  max mem: 2671
      TTA Epoch: [41] Total time: 0:00:04 (0.0621 s / it)
     Averaged stats: entropy: 0.1970  uncertainty: 1.0000  uncertainty_coeffi: 1.0000  loss: 0.1970  lr: 0.0000
     itm tta time 0:00:04
      TTA Epoch: [42] [ 0/78]  eta: 0:00:18  entropy: 0.0762  uncertainty: 1.0000  uncertainty_coeffi: 1.0000  loss: 0.0762  lr: 0.000002  time: 0.2399  data: 0.1808  max mem: 2671
      TTA Epoch: [42] [77/78]  eta: 0:00:00  entropy: 0.1423  uncertainty: 1.0000  uncertainty_coeffi: 1.0000  loss: 0.1423  lr: 0.000002  time: 0.0597  data: 0.0000  max mem: 2671
      TTA Epoch: [42] Total time: 0:00:04 (0.0621 s / it)
     Averaged stats: entropy: 0.1968  uncertainty: 1.0000  uncertainty_coeffi: 1.0000  loss: 0.1968  lr: 0.0000
     itm tta time 0:00:04
      TTA Epoch: [43] [ 0/78]  eta: 0:00:17  entropy: 0.1255  uncertainty: 1.0000  uncertainty_coeffi: 1.0000  loss: 0.1255  lr: 0.000002  time: 0.2210  data: 0.1616  max mem: 2671
      TTA Epoch: [43] [77/78]  eta: 0:00:00  entropy: 0.1832  uncertainty: 1.0000  uncertainty_coeffi: 1.0000  loss: 0.1832  lr: 0.000002  time: 0.0598  data: 0.0000  max mem: 2671
      TTA Epoch: [43] Total time: 0:00:04 (0.0620 s / it)
     Averaged stats: entropy: 0.2014  uncertainty: 1.0000  uncertainty_coeffi: 1.0000  loss: 0.2014  lr: 0.0000
     itm tta time 0:00:04
      TTA Epoch: [44] [ 0/78]  eta: 0:00:19  entropy: 0.3334  uncertainty: 1.0000  uncertainty_coeffi: 1.0000  loss: 0.3334  lr: 0.000002  time: 0.2456  data: 0.1868  max mem: 2671
      TTA Epoch: [44] [77/78]  eta: 0:00:00  entropy: 0.3281  uncertainty: 1.0000  uncertainty_coeffi: 1.0000  loss: 0.3281  lr: 0.000001  time: 0.0601  data: 0.0000  max mem: 2671
      TTA Epoch: [44] Total time: 0:00:04 (0.0623 s / it)
     Averaged stats: entropy: 0.1918  uncertainty: 1.0000  uncertainty_coeffi: 1.0000  loss: 0.1918  lr: 0.0000
     itm tta time 0:00:04
      TTA Epoch: [45] [ 0/78]  eta: 0:00:18  entropy: 0.2039  uncertainty: 1.0000  uncertainty_coeffi: 1.0000  loss: 0.2039  lr: 0.000001  time: 0.2376  data: 0.1787  max mem: 2671
      TTA Epoch: [45] [77/78]  eta: 0:00:00  entropy: 0.2500  uncertainty: 1.0000  uncertainty_coeffi: 1.0000  loss: 0.2500  lr: 0.000001  time: 0.0598  data: 0.0000  max mem: 2671
      TTA Epoch: [45] Total time: 0:00:04 (0.0622 s / it)
     Averaged stats: entropy: 0.1973  uncertainty: 1.0000  uncertainty_coeffi: 1.0000  loss: 0.1973  lr: 0.0000
     itm tta time 0:00:04
      TTA Epoch: [46] [ 0/78]  eta: 0:00:18  entropy: 0.1473  uncertainty: 1.0000  uncertainty_coeffi: 1.0000  loss: 0.1473  lr: 0.000001  time: 0.2381  data: 0.1763  max mem: 2671
      TTA Epoch: [46] [77/78]  eta: 0:00:00  entropy: 0.2032  uncertainty: 1.0000  uncertainty_coeffi: 1.0000  loss: 0.2032  lr: 0.000001  time: 0.0598  data: 0.0000  max mem: 2671
      TTA Epoch: [46] Total time: 0:00:04 (0.0622 s / it)
     Averaged stats: entropy: 0.1983  uncertainty: 1.0000  uncertainty_coeffi: 1.0000  loss: 0.1983  lr: 0.0000
     itm tta time 0:00:04
      TTA Epoch: [47] [ 0/78]  eta: 0:00:18  entropy: 0.1016  uncertainty: 1.0000  uncertainty_coeffi: 1.0000  loss: 0.1016  lr: 0.000001  time: 0.2333  data: 0.1745  max mem: 2671
      TTA Epoch: [47] [77/78]  eta: 0:00:00  entropy: 0.1868  uncertainty: 1.0000  uncertainty_coeffi: 1.0000  loss: 0.1868  lr: 0.000000  time: 0.0596  data: 0.0000  max mem: 2671
      TTA Epoch: [47] Total time: 0:00:04 (0.0620 s / it)
     Averaged stats: entropy: 0.1996  uncertainty: 1.0000  uncertainty_coeffi: 1.0000  loss: 0.1996  lr: 0.0000
     itm tta time 0:00:04
      TTA Epoch: [48] [ 0/78]  eta: 0:00:18  entropy: 0.1484  uncertainty: 1.0000  uncertainty_coeffi: 1.0000  loss: 0.1484  lr: 0.000000  time: 0.2340  data: 0.1746  max mem: 2671
      TTA Epoch: [48] [77/78]  eta: 0:00:00  entropy: 0.2744  uncertainty: 1.0000  uncertainty_coeffi: 1.0000  loss: 0.2744  lr: 0.000000  time: 0.0598  data: 0.0000  max mem: 2671
      TTA Epoch: [48] Total time: 0:00:04 (0.0621 s / it)
     Averaged stats: entropy: 0.1981  uncertainty: 1.0000  uncertainty_coeffi: 1.0000  loss: 0.1981  lr: 0.0000
     itm tta time 0:00:04
      TTA Epoch: [49] [ 0/78]  eta: 0:00:18  entropy: 0.2866  uncertainty: 1.0000  uncertainty_coeffi: 1.0000  loss: 0.2866  lr: 0.000000  time: 0.2333  data: 0.1742  max mem: 2671
      TTA Epoch: [49] [77/78]  eta: 0:00:00  entropy: 0.1637  uncertainty: 1.0000  uncertainty_coeffi: 1.0000  loss: 0.1637  lr: 0.000000  time: 0.0597  data: 0.0000  max mem: 2671
      TTA Epoch: [49] Total time: 0:00:04 (0.0621 s / it)
     Averaged stats: entropy: 0.1964  uncertainty: 1.0000  uncertainty_coeffi: 1.0000  loss: 0.1964  lr: 0.0000
     itm tta time 0:00:04
     Computing matching score
      Evaluation: [   0/1978]  eta: 0:02:02    time: 0.0621  data: 0.0009  max mem: 2671
      Evaluation: [ 100/1978]  eta: 0:02:05    time: 0.0672  data: 0.0000  max mem: 2671
      Evaluation: [ 200/1978]  eta: 0:01:59    time: 0.0670  data: 0.0000  max mem: 2671
      Evaluation: [ 300/1978]  eta: 0:01:52    time: 0.0671  data: 0.0000  max mem: 2671
      Evaluation: [ 400/1978]  eta: 0:01:45    time: 0.0672  data: 0.0000  max mem: 2671
      Evaluation: [ 500/1978]  eta: 0:01:39    time: 0.0671  data: 0.0000  max mem: 2671
      Evaluation: [ 600/1978]  eta: 0:01:32    time: 0.0671  data: 0.0000  max mem: 2671
      Evaluation: [ 700/1978]  eta: 0:01:25    time: 0.0671  data: 0.0000  max mem: 2671
      Evaluation: [ 800/1978]  eta: 0:01:19    time: 0.0672  data: 0.0000  max mem: 2671
      Evaluation: [ 900/1978]  eta: 0:01:12    time: 0.0671  data: 0.0000  max mem: 2671
      Evaluation: [1000/1978]  eta: 0:01:05    time: 0.0671  data: 0.0000  max mem: 2671
      Evaluation: [1100/1978]  eta: 0:00:58    time: 0.0671  data: 0.0000  max mem: 2671
      Evaluation: [1200/1978]  eta: 0:00:52    time: 0.0672  data: 0.0000  max mem: 2671
      Evaluation: [1300/1978]  eta: 0:00:45    time: 0.0671  data: 0.0000  max mem: 2671
      Evaluation: [1400/1978]  eta: 0:00:38    time: 0.0672  data: 0.0000  max mem: 2671
      Evaluation: [1500/1978]  eta: 0:00:32    time: 0.0672  data: 0.0000  max mem: 2671
      Evaluation: [1600/1978]  eta: 0:00:25    time: 0.0672  data: 0.0000  max mem: 2671
      Evaluation: [1700/1978]  eta: 0:00:18    time: 0.0671  data: 0.0000  max mem: 2671
      Evaluation: [1800/1978]  eta: 0:00:11    time: 0.0675  data: 0.0000  max mem: 2671
      Evaluation: [1900/1978]  eta: 0:00:05    time: 0.0675  data: 0.0000  max mem: 2671
      Evaluation: [1977/1978]  eta: 0:00:00    time: 0.0674  data: 0.0000  max mem: 2671
      Evaluation: Total time: 0:02:12 (0.0672 s / it)
     Computing matching score time 0:02:13
### TTA ITM Score: 
+-------------------+--------+--------+--------+--------+--------+
|       epoch       |   R1   |   R5   |  R10   |  mAP   |  mINP  |
+-------------------+--------+--------+--------+--------+--------+
|  cos_sim_wo/norm  | 58.544 | 91.860 | 95.703 | 73.596 | 73.596 |
|        -999       | 69.414 | 95.197 | 97.776 | 81.233 | 81.233 |
| itm_score_wo/norm | 84.328 | 98.989 | 99.494 | 91.293 | 91.293 |
|        -999       | 84.277 | 99.039 | 99.596 | 91.276 | 91.276 |
|         0         | 84.328 | 99.039 | 99.596 | 91.301 | 91.301 |
|         1         | 84.277 | 99.039 | 99.596 | 91.276 | 91.276 |
|         2         | 84.530 | 99.039 | 99.596 | 91.393 | 91.393 |
|         4         | 84.631 | 98.989 | 99.596 | 91.436 | 91.436 |
|         9         | 84.783 | 98.938 | 99.545 | 91.491 | 91.491 |
|         14        | 84.530 | 98.938 | 99.494 | 91.333 | 91.333 |
|         19        | 84.681 | 98.837 | 99.494 | 91.370 | 91.370 |
|         29        | 84.681 | 98.787 | 99.494 | 91.359 | 91.359 |
|         39        | 84.631 | 98.787 | 99.444 | 91.340 | 91.340 |
|         49        | 84.681 | 98.736 | 99.393 | 91.354 | 91.354 |
+-------------------+--------+--------+--------+--------+--------+
     logs:  {'epo': 49, 'R1': np.float32(84.681), 'R5': np.float32(98.736), 'R10': np.float32(99.393), 'mAP': np.float32(91.354), 'mINP': np.float32(91.354), 'entropy': 0.196438, 'uncertainty': 1.0, 'uncertainty_coeffi': 1.0, 'loss': 0.196438, 'lr': 0.0}
      TTA Epoch: [50] [ 0/78]  eta: 0:00:18  entropy: 0.1692  uncertainty: 1.0000  uncertainty_coeffi: 1.0000  loss: 0.1692  lr: 0.000000  time: 0.2354  data: 0.1741  max mem: 2671
      TTA Epoch: [50] [77/78]  eta: 0:00:00  entropy: 0.2654  uncertainty: 1.0000  uncertainty_coeffi: 1.0000  loss: 0.2654  lr: 0.000000  time: 0.0599  data: 0.0000  max mem: 2671
      TTA Epoch: [50] Total time: 0:00:04 (0.0622 s / it)
     Averaged stats: entropy: 0.1950  uncertainty: 1.0000  uncertainty_coeffi: 1.0000  loss: 0.1950  lr: 0.0000
     itm tta time 0:00:04
      TTA Epoch: [51] [ 0/78]  eta: 0:00:18  entropy: 0.1638  uncertainty: 1.0000  uncertainty_coeffi: 1.0000  loss: 0.1638  lr: 0.000000  time: 0.2318  data: 0.1700  max mem: 2671
      TTA Epoch: [51] [77/78]  eta: 0:00:00  entropy: 0.1934  uncertainty: 1.0000  uncertainty_coeffi: 1.0000  loss: 0.1934  lr: 0.000000  time: 0.0595  data: 0.0000  max mem: 2671
      TTA Epoch: [51] Total time: 0:00:04 (0.0620 s / it)
     Averaged stats: entropy: 0.1950  uncertainty: 1.0000  uncertainty_coeffi: 1.0000  loss: 0.1950  lr: 0.0000
     itm tta time 0:00:04
      TTA Epoch: [52] [ 0/78]  eta: 0:00:17  entropy: 0.0770  uncertainty: 1.0000  uncertainty_coeffi: 1.0000  loss: 0.0770  lr: 0.000000  time: 0.2265  data: 0.1658  max mem: 2671
      TTA Epoch: [52] [77/78]  eta: 0:00:00  entropy: 0.2087  uncertainty: 1.0000  uncertainty_coeffi: 1.0000  loss: 0.2087  lr: 0.000000  time: 0.0598  data: 0.0000  max mem: 2671
      TTA Epoch: [52] Total time: 0:00:04 (0.0623 s / it)
     Averaged stats: entropy: 0.1923  uncertainty: 1.0000  uncertainty_coeffi: 1.0000  loss: 0.1923  lr: 0.0000
     itm tta time 0:00:04
      TTA Epoch: [53] [ 0/78]  eta: 0:00:18  entropy: 0.3284  uncertainty: 1.0000  uncertainty_coeffi: 1.0000  loss: 0.3284  lr: 0.000000  time: 0.2337  data: 0.1722  max mem: 2671
      TTA Epoch: [53] [77/78]  eta: 0:00:00  entropy: 0.3107  uncertainty: 1.0000  uncertainty_coeffi: 1.0000  loss: 0.3107  lr: 0.000000  time: 0.0597  data: 0.0000  max mem: 2671
      TTA Epoch: [53] Total time: 0:00:04 (0.0620 s / it)
     Averaged stats: entropy: 0.1968  uncertainty: 1.0000  uncertainty_coeffi: 1.0000  loss: 0.1968  lr: 0.0000
     itm tta time 0:00:04
      TTA Epoch: [54] [ 0/78]  eta: 0:00:18  entropy: 0.1232  uncertainty: 1.0000  uncertainty_coeffi: 1.0000  loss: 0.1232  lr: 0.000000  time: 0.2409  data: 0.1780  max mem: 2671
      TTA Epoch: [54] [77/78]  eta: 0:00:00  entropy: 0.1372  uncertainty: 1.0000  uncertainty_coeffi: 1.0000  loss: 0.1372  lr: 0.000000  time: 0.0596  data: 0.0000  max mem: 2671
      TTA Epoch: [54] Total time: 0:00:04 (0.0620 s / it)
     Averaged stats: entropy: 0.1936  uncertainty: 1.0000  uncertainty_coeffi: 1.0000  loss: 0.1936  lr: 0.0000
     itm tta time 0:00:04
      TTA Epoch: [55] [ 0/78]  eta: 0:00:18  entropy: 0.1274  uncertainty: 1.0000  uncertainty_coeffi: 1.0000  loss: 0.1274  lr: 0.000000  time: 0.2381  data: 0.1776  max mem: 2671
      TTA Epoch: [55] [77/78]  eta: 0:00:00  entropy: 0.1539  uncertainty: 1.0000  uncertainty_coeffi: 1.0000  loss: 0.1539  lr: 0.000000  time: 0.0615  data: 0.0001  max mem: 2671
      TTA Epoch: [55] Total time: 0:00:04 (0.0624 s / it)
     Averaged stats: entropy: 0.1984  uncertainty: 1.0000  uncertainty_coeffi: 1.0000  loss: 0.1984  lr: 0.0000
     itm tta time 0:00:04
      TTA Epoch: [56] [ 0/78]  eta: 0:00:19  entropy: 0.2253  uncertainty: 1.0000  uncertainty_coeffi: 1.0000  loss: 0.2253  lr: 0.000000  time: 0.2459  data: 0.1856  max mem: 2671
      TTA Epoch: [56] [77/78]  eta: 0:00:00  entropy: 0.2909  uncertainty: 1.0000  uncertainty_coeffi: 1.0000  loss: 0.2909  lr: 0.000000  time: 0.0600  data: 0.0000  max mem: 2671
      TTA Epoch: [56] Total time: 0:00:04 (0.0624 s / it)
     Averaged stats: entropy: 0.1915  uncertainty: 1.0000  uncertainty_coeffi: 1.0000  loss: 0.1915  lr: 0.0000
     itm tta time 0:00:04
      TTA Epoch: [57] [ 0/78]  eta: 0:00:20  entropy: 0.2652  uncertainty: 1.0000  uncertainty_coeffi: 1.0000  loss: 0.2652  lr: 0.000000  time: 0.2576  data: 0.1979  max mem: 2671
      TTA Epoch: [57] [77/78]  eta: 0:00:00  entropy: 0.0673  uncertainty: 1.0000  uncertainty_coeffi: 1.0000  loss: 0.0673  lr: 0.000000  time: 0.0597  data: 0.0000  max mem: 2671
      TTA Epoch: [57] Total time: 0:00:04 (0.0627 s / it)
     Averaged stats: entropy: 0.2020  uncertainty: 1.0000  uncertainty_coeffi: 1.0000  loss: 0.2020  lr: 0.0000
     itm tta time 0:00:04
      TTA Epoch: [58] [ 0/78]  eta: 0:00:19  entropy: 0.2344  uncertainty: 1.0000  uncertainty_coeffi: 1.0000  loss: 0.2344  lr: 0.000000  time: 0.2545  data: 0.1958  max mem: 2671
      TTA Epoch: [58] [77/78]  eta: 0:00:00  entropy: 0.2513  uncertainty: 1.0000  uncertainty_coeffi: 1.0000  loss: 0.2513  lr: 0.000000  time: 0.0598  data: 0.0000  max mem: 2671
      TTA Epoch: [58] Total time: 0:00:04 (0.0625 s / it)
     Averaged stats: entropy: 0.1970  uncertainty: 1.0000  uncertainty_coeffi: 1.0000  loss: 0.1970  lr: 0.0000
     itm tta time 0:00:04
      TTA Epoch: [59] [ 0/78]  eta: 0:00:19  entropy: 0.1963  uncertainty: 1.0000  uncertainty_coeffi: 1.0000  loss: 0.1963  lr: 0.000000  time: 0.2501  data: 0.1872  max mem: 2671
      TTA Epoch: [59] [77/78]  eta: 0:00:00  entropy: 0.1315  uncertainty: 1.0000  uncertainty_coeffi: 1.0000  loss: 0.1315  lr: 0.000000  time: 0.0599  data: 0.0000  max mem: 2671
      TTA Epoch: [59] Total time: 0:00:04 (0.0624 s / it)
     Averaged stats: entropy: 0.1961  uncertainty: 1.0000  uncertainty_coeffi: 1.0000  loss: 0.1961  lr: 0.0000
     itm tta time 0:00:04
     Computing matching score
      Evaluation: [   0/1978]  eta: 0:02:03    time: 0.0625  data: 0.0008  max mem: 2671
      Evaluation: [ 100/1978]  eta: 0:02:05    time: 0.0670  data: 0.0000  max mem: 2671
      Evaluation: [ 200/1978]  eta: 0:01:59    time: 0.0670  data: 0.0000  max mem: 2671
      Evaluation: [ 300/1978]  eta: 0:01:52    time: 0.0670  data: 0.0000  max mem: 2671
      Evaluation: [ 400/1978]  eta: 0:01:45    time: 0.0671  data: 0.0000  max mem: 2671
      Evaluation: [ 500/1978]  eta: 0:01:39    time: 0.0672  data: 0.0000  max mem: 2671
      Evaluation: [ 600/1978]  eta: 0:01:32    time: 0.0671  data: 0.0000  max mem: 2671
      Evaluation: [ 700/1978]  eta: 0:01:25    time: 0.0670  data: 0.0000  max mem: 2671
      Evaluation: [ 800/1978]  eta: 0:01:18    time: 0.0671  data: 0.0000  max mem: 2671
      Evaluation: [ 900/1978]  eta: 0:01:12    time: 0.0671  data: 0.0000  max mem: 2671
      Evaluation: [1000/1978]  eta: 0:01:05    time: 0.0672  data: 0.0000  max mem: 2671
      Evaluation: [1100/1978]  eta: 0:00:58    time: 0.0671  data: 0.0000  max mem: 2671
      Evaluation: [1200/1978]  eta: 0:00:52    time: 0.0671  data: 0.0000  max mem: 2671
      Evaluation: [1300/1978]  eta: 0:00:45    time: 0.0671  data: 0.0000  max mem: 2671
      Evaluation: [1400/1978]  eta: 0:00:38    time: 0.0673  data: 0.0000  max mem: 2671
      Evaluation: [1500/1978]  eta: 0:00:32    time: 0.0672  data: 0.0000  max mem: 2671
      Evaluation: [1600/1978]  eta: 0:00:25    time: 0.0671  data: 0.0000  max mem: 2671
      Evaluation: [1700/1978]  eta: 0:00:18    time: 0.0672  data: 0.0000  max mem: 2671
      Evaluation: [1800/1978]  eta: 0:00:11    time: 0.0672  data: 0.0000  max mem: 2671
      Evaluation: [1900/1978]  eta: 0:00:05    time: 0.0674  data: 0.0000  max mem: 2671
      Evaluation: [1977/1978]  eta: 0:00:00    time: 0.0673  data: 0.0000  max mem: 2671
      Evaluation: Total time: 0:02:12 (0.0671 s / it)
     Computing matching score time 0:02:12
### TTA ITM Score: 
+-------------------+--------+--------+--------+--------+--------+
|       epoch       |   R1   |   R5   |  R10   |  mAP   |  mINP  |
+-------------------+--------+--------+--------+--------+--------+
|  cos_sim_wo/norm  | 58.544 | 91.860 | 95.703 | 73.596 | 73.596 |
|        -999       | 69.414 | 95.197 | 97.776 | 81.233 | 81.233 |
| itm_score_wo/norm | 84.328 | 98.989 | 99.494 | 91.293 | 91.293 |
|        -999       | 84.277 | 99.039 | 99.596 | 91.276 | 91.276 |
|         0         | 84.328 | 99.039 | 99.596 | 91.301 | 91.301 |
|         1         | 84.277 | 99.039 | 99.596 | 91.276 | 91.276 |
|         2         | 84.530 | 99.039 | 99.596 | 91.393 | 91.393 |
|         4         | 84.631 | 98.989 | 99.596 | 91.436 | 91.436 |
|         9         | 84.783 | 98.938 | 99.545 | 91.491 | 91.491 |
|         14        | 84.530 | 98.938 | 99.494 | 91.333 | 91.333 |
|         19        | 84.681 | 98.837 | 99.494 | 91.370 | 91.370 |
|         29        | 84.681 | 98.787 | 99.494 | 91.359 | 91.359 |
|         39        | 84.631 | 98.787 | 99.444 | 91.340 | 91.340 |
|         49        | 84.681 | 98.736 | 99.393 | 91.354 | 91.354 |
|         59        | 84.732 | 98.736 | 99.393 | 91.380 | 91.380 |
+-------------------+--------+--------+--------+--------+--------+
     logs:  {'epo': 59, 'R1': np.float32(84.732), 'R5': np.float32(98.736), 'R10': np.float32(99.393), 'mAP': np.float32(91.38), 'mINP': np.float32(91.38), 'entropy': 0.196109, 'uncertainty': 1.0, 'uncertainty_coeffi': 1.0, 'loss': 0.196109, 'lr': 0.0}
### best epoch: 9
### Time 0:29:23
NNODES,  1
NODE_RANK,  0
MASTER_ADDR,  127.0.0.1
MASTER_PORT,  1612
NPROC_PER_NODE,  2
task:  exp2.0.4
config:  configs_rerun3/exp2.0.4.yaml
output_dir:  output_rerun3/exp2.0.4/2025092000474
python3 tta.py --config configs_rerun3/exp2.0.4.yaml --task exp2.0.4 --output_dir output_rerun3/exp2.0.4/2025092000474 --checkpoint checkpoint/cmp.pth --bs 0 --epo 0 --lr 0.0 --seed 42 --tta
