/home/jiahao/miniconda3/envs/cmp/lib/python3.10/site-packages/torch/functional.py:554: UserWarning: torch.meshgrid: in an upcoming release, it will be required to pass the indexing argument. (Triggered internally at /pytorch/aten/src/ATen/native/TensorShape.cpp:4322.)
  return _VF.meshgrid(tensors, **kwargs)  # type: ignore[attr-defined]
Not using distributed mode
### Hyper-parameters:
     seed: 42
     device: cuda
     output_dir: output_rerun3/exp2/2025091922495
     batch_size_tta: 16
     epochs: 60
     lr: 0.001
### Creating test dataset
from data/PAB/annotation/test/attr.json loading 1978 data
     test dataset -->    be_pose_img: True
     test_dataset: 1978
### Creating test dataloader
### be careful: func create_loader returns a list length of 1
     test_loader: 90
### Creating model
build_vision_encoder: load swin 224 x 224 ====>
missing_keys:  []
unexpected_keys:  ['head.weight', 'head.bias']
build_text_encoder: load bert ====>
missing_keys: ['bert.encoder.layer.10.crossattention.output.LayerNorm.bias', 'bert.encoder.layer.10.crossattention.output.LayerNorm.weight', 'bert.encoder.layer.10.crossattention.output.dense.bias', 'bert.encoder.layer.10.crossattention.output.dense.weight', 'bert.encoder.layer.10.crossattention.self.key.bias', 'bert.encoder.layer.10.crossattention.self.key.weight', 'bert.encoder.layer.10.crossattention.self.query.bias', 'bert.encoder.layer.10.crossattention.self.query.weight', 'bert.encoder.layer.10.crossattention.self.value.bias', 'bert.encoder.layer.10.crossattention.self.value.weight', 'bert.encoder.layer.11.crossattention.output.LayerNorm.bias', 'bert.encoder.layer.11.crossattention.output.LayerNorm.weight', 'bert.encoder.layer.11.crossattention.output.dense.bias', 'bert.encoder.layer.11.crossattention.output.dense.weight', 'bert.encoder.layer.11.crossattention.self.key.bias', 'bert.encoder.layer.11.crossattention.self.key.weight', 'bert.encoder.layer.11.crossattention.self.query.bias', 'bert.encoder.layer.11.crossattention.self.query.weight', 'bert.encoder.layer.11.crossattention.self.value.bias', 'bert.encoder.layer.11.crossattention.self.value.weight', 'bert.encoder.layer.6.crossattention.output.LayerNorm.bias', 'bert.encoder.layer.6.crossattention.output.LayerNorm.weight', 'bert.encoder.layer.6.crossattention.output.dense.bias', 'bert.encoder.layer.6.crossattention.output.dense.weight', 'bert.encoder.layer.6.crossattention.self.key.bias', 'bert.encoder.layer.6.crossattention.self.key.weight', 'bert.encoder.layer.6.crossattention.self.query.bias', 'bert.encoder.layer.6.crossattention.self.query.weight', 'bert.encoder.layer.6.crossattention.self.value.bias', 'bert.encoder.layer.6.crossattention.self.value.weight', 'bert.encoder.layer.7.crossattention.output.LayerNorm.bias', 'bert.encoder.layer.7.crossattention.output.LayerNorm.weight', 'bert.encoder.layer.7.crossattention.output.dense.bias', 'bert.encoder.layer.7.crossattention.output.dense.weight', 'bert.encoder.layer.7.crossattention.self.key.bias', 'bert.encoder.layer.7.crossattention.self.key.weight', 'bert.encoder.layer.7.crossattention.self.query.bias', 'bert.encoder.layer.7.crossattention.self.query.weight', 'bert.encoder.layer.7.crossattention.self.value.bias', 'bert.encoder.layer.7.crossattention.self.value.weight', 'bert.encoder.layer.8.crossattention.output.LayerNorm.bias', 'bert.encoder.layer.8.crossattention.output.LayerNorm.weight', 'bert.encoder.layer.8.crossattention.output.dense.bias', 'bert.encoder.layer.8.crossattention.output.dense.weight', 'bert.encoder.layer.8.crossattention.self.key.bias', 'bert.encoder.layer.8.crossattention.self.key.weight', 'bert.encoder.layer.8.crossattention.self.query.bias', 'bert.encoder.layer.8.crossattention.self.query.weight', 'bert.encoder.layer.8.crossattention.self.value.bias', 'bert.encoder.layer.8.crossattention.self.value.weight', 'bert.encoder.layer.9.crossattention.output.LayerNorm.bias', 'bert.encoder.layer.9.crossattention.output.LayerNorm.weight', 'bert.encoder.layer.9.crossattention.output.dense.bias', 'bert.encoder.layer.9.crossattention.output.dense.weight', 'bert.encoder.layer.9.crossattention.self.key.bias', 'bert.encoder.layer.9.crossattention.self.key.weight', 'bert.encoder.layer.9.crossattention.self.query.bias', 'bert.encoder.layer.9.crossattention.self.query.weight', 'bert.encoder.layer.9.crossattention.self.value.bias', 'bert.encoder.layer.9.crossattention.self.value.weight']
unexpected_keys: ['cls.seq_relationship.bias', 'cls.seq_relationship.weight']
mismatched_keys: []
error_msgs: []
Label Smooth: 0.2
pose_conv
load checkpoint from checkpoint/cmp.pth
missing_keys:  ['uncertainty_temper', 'prompt_learning_embedding']
unexpected_keys:  []
     Total Params Sum:  254264985
### Inference ITC similiarity matrix
### Zero-Shot Score: 
+-------------------+--------+--------+--------+--------+--------+
|       epoch       |   R1   |   R5   |  R10   |  mAP   |  mINP  |
+-------------------+--------+--------+--------+--------+--------+
|  cos_sim_wo/norm  | 58.544 | 91.860 | 95.703 | 73.596 | 73.596 |
|        -999       | 69.414 | 95.197 | 97.776 | 81.233 | 81.233 |
| itm_score_wo/norm | 84.328 | 98.989 | 99.494 | 91.293 | 91.293 |
|        -999       | 84.277 | 99.039 | 99.596 | 91.276 | 91.276 |
+-------------------+--------+--------+--------+--------+--------+
### TTA:
     preprocess_tta_coefficients  start
     sample selection ...
     number of sample after sample_selection: 1257
     uncertainty ...
     preprocess_tta_coefficients  end
### Creating tta dataset
     tta_dataset: 1257
### Creating tta dataloader
### be careful: func create_loader returns a list length of 1
     tta_loader: 78
### Configure adapted weights
     TTA Dropout Modules: 
 [('vision_encoder.pos_drop', Dropout(p=0, inplace=False), True), ('vision_encoder.layers.0.blocks.0.attn.attn_drop', Dropout(p=0.0, inplace=False), True), ('vision_encoder.layers.0.blocks.0.attn.proj_drop', Dropout(p=0, inplace=False), True), ('vision_encoder.layers.0.blocks.0.mlp.drop', Dropout(p=0, inplace=False), True), ('vision_encoder.layers.0.blocks.1.attn.attn_drop', Dropout(p=0.0, inplace=False), True), ('vision_encoder.layers.0.blocks.1.attn.proj_drop', Dropout(p=0, inplace=False), True), ('vision_encoder.layers.0.blocks.1.mlp.drop', Dropout(p=0, inplace=False), True), ('vision_encoder.layers.1.blocks.0.attn.attn_drop', Dropout(p=0.0, inplace=False), True), ('vision_encoder.layers.1.blocks.0.attn.proj_drop', Dropout(p=0, inplace=False), True), ('vision_encoder.layers.1.blocks.0.mlp.drop', Dropout(p=0, inplace=False), True), ('vision_encoder.layers.1.blocks.1.attn.attn_drop', Dropout(p=0.0, inplace=False), True), ('vision_encoder.layers.1.blocks.1.attn.proj_drop', Dropout(p=0, inplace=False), True), ('vision_encoder.layers.1.blocks.1.mlp.drop', Dropout(p=0, inplace=False), True), ('vision_encoder.layers.2.blocks.0.attn.attn_drop', Dropout(p=0.0, inplace=False), True), ('vision_encoder.layers.2.blocks.0.attn.proj_drop', Dropout(p=0, inplace=False), True), ('vision_encoder.layers.2.blocks.0.mlp.drop', Dropout(p=0, inplace=False), True), ('vision_encoder.layers.2.blocks.1.attn.attn_drop', Dropout(p=0.0, inplace=False), True), ('vision_encoder.layers.2.blocks.1.attn.proj_drop', Dropout(p=0, inplace=False), True), ('vision_encoder.layers.2.blocks.1.mlp.drop', Dropout(p=0, inplace=False), True), ('vision_encoder.layers.2.blocks.2.attn.attn_drop', Dropout(p=0.0, inplace=False), True), ('vision_encoder.layers.2.blocks.2.attn.proj_drop', Dropout(p=0, inplace=False), True), ('vision_encoder.layers.2.blocks.2.mlp.drop', Dropout(p=0, inplace=False), True), ('vision_encoder.layers.2.blocks.3.attn.attn_drop', Dropout(p=0.0, inplace=False), True), ('vision_encoder.layers.2.blocks.3.attn.proj_drop', Dropout(p=0, inplace=False), True), ('vision_encoder.layers.2.blocks.3.mlp.drop', Dropout(p=0, inplace=False), True), ('vision_encoder.layers.2.blocks.4.attn.attn_drop', Dropout(p=0.0, inplace=False), True), ('vision_encoder.layers.2.blocks.4.attn.proj_drop', Dropout(p=0, inplace=False), True), ('vision_encoder.layers.2.blocks.4.mlp.drop', Dropout(p=0, inplace=False), True), ('vision_encoder.layers.2.blocks.5.attn.attn_drop', Dropout(p=0.0, inplace=False), True), ('vision_encoder.layers.2.blocks.5.attn.proj_drop', Dropout(p=0, inplace=False), True), ('vision_encoder.layers.2.blocks.5.mlp.drop', Dropout(p=0, inplace=False), True), ('vision_encoder.layers.2.blocks.6.attn.attn_drop', Dropout(p=0.0, inplace=False), True), ('vision_encoder.layers.2.blocks.6.attn.proj_drop', Dropout(p=0, inplace=False), True), ('vision_encoder.layers.2.blocks.6.mlp.drop', Dropout(p=0, inplace=False), True), ('vision_encoder.layers.2.blocks.7.attn.attn_drop', Dropout(p=0.0, inplace=False), True), ('vision_encoder.layers.2.blocks.7.attn.proj_drop', Dropout(p=0, inplace=False), True), ('vision_encoder.layers.2.blocks.7.mlp.drop', Dropout(p=0, inplace=False), True), ('vision_encoder.layers.2.blocks.8.attn.attn_drop', Dropout(p=0.0, inplace=False), True), ('vision_encoder.layers.2.blocks.8.attn.proj_drop', Dropout(p=0, inplace=False), True), ('vision_encoder.layers.2.blocks.8.mlp.drop', Dropout(p=0, inplace=False), True), ('vision_encoder.layers.2.blocks.9.attn.attn_drop', Dropout(p=0.0, inplace=False), True), ('vision_encoder.layers.2.blocks.9.attn.proj_drop', Dropout(p=0, inplace=False), True), ('vision_encoder.layers.2.blocks.9.mlp.drop', Dropout(p=0, inplace=False), True), ('vision_encoder.layers.2.blocks.10.attn.attn_drop', Dropout(p=0.0, inplace=False), True), ('vision_encoder.layers.2.blocks.10.attn.proj_drop', Dropout(p=0, inplace=False), True), ('vision_encoder.layers.2.blocks.10.mlp.drop', Dropout(p=0, inplace=False), True), ('vision_encoder.layers.2.blocks.11.attn.attn_drop', Dropout(p=0.0, inplace=False), True), ('vision_encoder.layers.2.blocks.11.attn.proj_drop', Dropout(p=0, inplace=False), True), ('vision_encoder.layers.2.blocks.11.mlp.drop', Dropout(p=0, inplace=False), True), ('vision_encoder.layers.2.blocks.12.attn.attn_drop', Dropout(p=0.0, inplace=False), True), ('vision_encoder.layers.2.blocks.12.attn.proj_drop', Dropout(p=0, inplace=False), True), ('vision_encoder.layers.2.blocks.12.mlp.drop', Dropout(p=0, inplace=False), True), ('vision_encoder.layers.2.blocks.13.attn.attn_drop', Dropout(p=0.0, inplace=False), True), ('vision_encoder.layers.2.blocks.13.attn.proj_drop', Dropout(p=0, inplace=False), True), ('vision_encoder.layers.2.blocks.13.mlp.drop', Dropout(p=0, inplace=False), True), ('vision_encoder.layers.2.blocks.14.attn.attn_drop', Dropout(p=0.0, inplace=False), True), ('vision_encoder.layers.2.blocks.14.attn.proj_drop', Dropout(p=0, inplace=False), True), ('vision_encoder.layers.2.blocks.14.mlp.drop', Dropout(p=0, inplace=False), True), ('vision_encoder.layers.2.blocks.15.attn.attn_drop', Dropout(p=0.0, inplace=False), True), ('vision_encoder.layers.2.blocks.15.attn.proj_drop', Dropout(p=0, inplace=False), True), ('vision_encoder.layers.2.blocks.15.mlp.drop', Dropout(p=0, inplace=False), True), ('vision_encoder.layers.2.blocks.16.attn.attn_drop', Dropout(p=0.0, inplace=False), True), ('vision_encoder.layers.2.blocks.16.attn.proj_drop', Dropout(p=0, inplace=False), True), ('vision_encoder.layers.2.blocks.16.mlp.drop', Dropout(p=0, inplace=False), True), ('vision_encoder.layers.2.blocks.17.attn.attn_drop', Dropout(p=0.0, inplace=False), True), ('vision_encoder.layers.2.blocks.17.attn.proj_drop', Dropout(p=0, inplace=False), True), ('vision_encoder.layers.2.blocks.17.mlp.drop', Dropout(p=0, inplace=False), True), ('vision_encoder.layers.3.blocks.0.attn.attn_drop', Dropout(p=0.0, inplace=False), True), ('vision_encoder.layers.3.blocks.0.attn.proj_drop', Dropout(p=0, inplace=False), True), ('vision_encoder.layers.3.blocks.0.mlp.drop', Dropout(p=0, inplace=False), True), ('vision_encoder.layers.3.blocks.1.attn.attn_drop', Dropout(p=0.0, inplace=False), True), ('vision_encoder.layers.3.blocks.1.attn.proj_drop', Dropout(p=0, inplace=False), True), ('vision_encoder.layers.3.blocks.1.mlp.drop', Dropout(p=0, inplace=False), True), ('text_encoder.bert.embeddings.dropout', Dropout(p=0.1, inplace=False), True), ('text_encoder.bert.encoder.layer.0.attention.self.dropout', Dropout(p=0.1, inplace=False), True), ('text_encoder.bert.encoder.layer.0.attention.output.dropout', Dropout(p=0.1, inplace=False), True), ('text_encoder.bert.encoder.layer.0.output.dropout', Dropout(p=0.1, inplace=False), True), ('text_encoder.bert.encoder.layer.1.attention.self.dropout', Dropout(p=0.1, inplace=False), True), ('text_encoder.bert.encoder.layer.1.attention.output.dropout', Dropout(p=0.1, inplace=False), True), ('text_encoder.bert.encoder.layer.1.output.dropout', Dropout(p=0.1, inplace=False), True), ('text_encoder.bert.encoder.layer.2.attention.self.dropout', Dropout(p=0.1, inplace=False), True), ('text_encoder.bert.encoder.layer.2.attention.output.dropout', Dropout(p=0.1, inplace=False), True), ('text_encoder.bert.encoder.layer.2.output.dropout', Dropout(p=0.1, inplace=False), True), ('text_encoder.bert.encoder.layer.3.attention.self.dropout', Dropout(p=0.1, inplace=False), True), ('text_encoder.bert.encoder.layer.3.attention.output.dropout', Dropout(p=0.1, inplace=False), True), ('text_encoder.bert.encoder.layer.3.output.dropout', Dropout(p=0.1, inplace=False), True), ('text_encoder.bert.encoder.layer.4.attention.self.dropout', Dropout(p=0.1, inplace=False), True), ('text_encoder.bert.encoder.layer.4.attention.output.dropout', Dropout(p=0.1, inplace=False), True), ('text_encoder.bert.encoder.layer.4.output.dropout', Dropout(p=0.1, inplace=False), True), ('text_encoder.bert.encoder.layer.5.attention.self.dropout', Dropout(p=0.1, inplace=False), True), ('text_encoder.bert.encoder.layer.5.attention.output.dropout', Dropout(p=0.1, inplace=False), True), ('text_encoder.bert.encoder.layer.5.output.dropout', Dropout(p=0.1, inplace=False), True), ('text_encoder.bert.encoder.layer.6.attention.self.dropout', Dropout(p=0.1, inplace=False), True), ('text_encoder.bert.encoder.layer.6.attention.output.dropout', Dropout(p=0.1, inplace=False), True), ('text_encoder.bert.encoder.layer.6.crossattention.self.dropout', Dropout(p=0.1, inplace=False), True), ('text_encoder.bert.encoder.layer.6.crossattention.output.dropout', Dropout(p=0.1, inplace=False), True), ('text_encoder.bert.encoder.layer.6.output.dropout', Dropout(p=0.1, inplace=False), True), ('text_encoder.bert.encoder.layer.7.attention.self.dropout', Dropout(p=0.1, inplace=False), True), ('text_encoder.bert.encoder.layer.7.attention.output.dropout', Dropout(p=0.1, inplace=False), True), ('text_encoder.bert.encoder.layer.7.crossattention.self.dropout', Dropout(p=0.1, inplace=False), True), ('text_encoder.bert.encoder.layer.7.crossattention.output.dropout', Dropout(p=0.1, inplace=False), True), ('text_encoder.bert.encoder.layer.7.output.dropout', Dropout(p=0.1, inplace=False), True), ('text_encoder.bert.encoder.layer.8.attention.self.dropout', Dropout(p=0.1, inplace=False), True), ('text_encoder.bert.encoder.layer.8.attention.output.dropout', Dropout(p=0.1, inplace=False), True), ('text_encoder.bert.encoder.layer.8.crossattention.self.dropout', Dropout(p=0.1, inplace=False), True), ('text_encoder.bert.encoder.layer.8.crossattention.output.dropout', Dropout(p=0.1, inplace=False), True), ('text_encoder.bert.encoder.layer.8.output.dropout', Dropout(p=0.1, inplace=False), True), ('text_encoder.bert.encoder.layer.9.attention.self.dropout', Dropout(p=0.1, inplace=False), True), ('text_encoder.bert.encoder.layer.9.attention.output.dropout', Dropout(p=0.1, inplace=False), True), ('text_encoder.bert.encoder.layer.9.crossattention.self.dropout', Dropout(p=0.1, inplace=False), True), ('text_encoder.bert.encoder.layer.9.crossattention.output.dropout', Dropout(p=0.1, inplace=False), True), ('text_encoder.bert.encoder.layer.9.output.dropout', Dropout(p=0.1, inplace=False), True), ('text_encoder.bert.encoder.layer.10.attention.self.dropout', Dropout(p=0.1, inplace=False), True), ('text_encoder.bert.encoder.layer.10.attention.output.dropout', Dropout(p=0.1, inplace=False), True), ('text_encoder.bert.encoder.layer.10.crossattention.self.dropout', Dropout(p=0.1, inplace=False), True), ('text_encoder.bert.encoder.layer.10.crossattention.output.dropout', Dropout(p=0.1, inplace=False), True), ('text_encoder.bert.encoder.layer.10.output.dropout', Dropout(p=0.1, inplace=False), True), ('text_encoder.bert.encoder.layer.11.attention.self.dropout', Dropout(p=0.1, inplace=False), True), ('text_encoder.bert.encoder.layer.11.attention.output.dropout', Dropout(p=0.1, inplace=False), True), ('text_encoder.bert.encoder.layer.11.crossattention.self.dropout', Dropout(p=0.1, inplace=False), True), ('text_encoder.bert.encoder.layer.11.crossattention.output.dropout', Dropout(p=0.1, inplace=False), True), ('text_encoder.bert.encoder.layer.11.output.dropout', Dropout(p=0.1, inplace=False), True), ('vision_proj.1', Dropout(p=0.5, inplace=False), True), ('text_proj.1', Dropout(p=0.5, inplace=False), True), ('pose_block.attn.attn_drop', Dropout(p=0.0, inplace=False), True), ('pose_block.attn.proj_drop', Dropout(p=0.0, inplace=False), True)]
     TTA Require Gradient Params: 
 [('text_encoder.bert.embeddings.LayerNorm.weight', torch.Size([768])), ('text_encoder.bert.embeddings.LayerNorm.bias', torch.Size([768])), ('text_encoder.bert.encoder.layer.6.attention.output.LayerNorm.weight', torch.Size([768])), ('text_encoder.bert.encoder.layer.6.attention.output.LayerNorm.bias', torch.Size([768])), ('text_encoder.bert.encoder.layer.6.crossattention.output.LayerNorm.weight', torch.Size([768])), ('text_encoder.bert.encoder.layer.6.crossattention.output.LayerNorm.bias', torch.Size([768])), ('text_encoder.bert.encoder.layer.6.output.LayerNorm.weight', torch.Size([768])), ('text_encoder.bert.encoder.layer.6.output.LayerNorm.bias', torch.Size([768])), ('text_encoder.bert.encoder.layer.7.attention.output.LayerNorm.weight', torch.Size([768])), ('text_encoder.bert.encoder.layer.7.attention.output.LayerNorm.bias', torch.Size([768])), ('text_encoder.bert.encoder.layer.7.crossattention.output.LayerNorm.weight', torch.Size([768])), ('text_encoder.bert.encoder.layer.7.crossattention.output.LayerNorm.bias', torch.Size([768])), ('text_encoder.bert.encoder.layer.7.output.LayerNorm.weight', torch.Size([768])), ('text_encoder.bert.encoder.layer.7.output.LayerNorm.bias', torch.Size([768])), ('text_encoder.bert.encoder.layer.8.attention.output.LayerNorm.weight', torch.Size([768])), ('text_encoder.bert.encoder.layer.8.attention.output.LayerNorm.bias', torch.Size([768])), ('text_encoder.bert.encoder.layer.8.crossattention.output.LayerNorm.weight', torch.Size([768])), ('text_encoder.bert.encoder.layer.8.crossattention.output.LayerNorm.bias', torch.Size([768])), ('text_encoder.bert.encoder.layer.8.output.LayerNorm.weight', torch.Size([768])), ('text_encoder.bert.encoder.layer.8.output.LayerNorm.bias', torch.Size([768])), ('text_encoder.bert.encoder.layer.9.attention.output.LayerNorm.weight', torch.Size([768])), ('text_encoder.bert.encoder.layer.9.attention.output.LayerNorm.bias', torch.Size([768])), ('text_encoder.bert.encoder.layer.9.crossattention.output.LayerNorm.weight', torch.Size([768])), ('text_encoder.bert.encoder.layer.9.crossattention.output.LayerNorm.bias', torch.Size([768])), ('text_encoder.bert.encoder.layer.9.output.LayerNorm.weight', torch.Size([768])), ('text_encoder.bert.encoder.layer.9.output.LayerNorm.bias', torch.Size([768])), ('text_encoder.bert.encoder.layer.10.attention.output.LayerNorm.weight', torch.Size([768])), ('text_encoder.bert.encoder.layer.10.attention.output.LayerNorm.bias', torch.Size([768])), ('text_encoder.bert.encoder.layer.10.crossattention.output.LayerNorm.weight', torch.Size([768])), ('text_encoder.bert.encoder.layer.10.crossattention.output.LayerNorm.bias', torch.Size([768])), ('text_encoder.bert.encoder.layer.10.output.LayerNorm.weight', torch.Size([768])), ('text_encoder.bert.encoder.layer.10.output.LayerNorm.bias', torch.Size([768])), ('text_encoder.bert.encoder.layer.11.attention.output.LayerNorm.weight', torch.Size([768])), ('text_encoder.bert.encoder.layer.11.attention.output.LayerNorm.bias', torch.Size([768])), ('text_encoder.bert.encoder.layer.11.crossattention.output.LayerNorm.weight', torch.Size([768])), ('text_encoder.bert.encoder.layer.11.crossattention.output.LayerNorm.bias', torch.Size([768])), ('text_encoder.bert.encoder.layer.11.output.LayerNorm.weight', torch.Size([768])), ('text_encoder.bert.encoder.layer.11.output.LayerNorm.bias', torch.Size([768])), ('text_encoder.cls.predictions.transform.LayerNorm.weight', torch.Size([768])), ('text_encoder.cls.predictions.transform.LayerNorm.bias', torch.Size([768])), ('itm_head.1.weight', torch.Size([1536])), ('itm_head.1.bias', torch.Size([1536]))]
     TTA Dropout Modules Number: 
 126
     TTA Require Gradient Params Sum: 
 33792
     lr:  0.001    lr_mult:  2
     model has 'init_params',  386
     num_tta_steps:  4740
     num_warmup_steps:  500
     sched: step
/home/jiahao/task/CMP/tta.py:246: FutureWarning: `torch.cuda.amp.GradScaler(args...)` is deprecated. Please use `torch.amp.GradScaler('cuda', args...)` instead.
  scaler = GradScaler()  # bf16
### Start ITM Test Time Adaptation
      TTA Epoch: [0] [ 0/78]  eta: 0:00:47  entropy: 0.3108  uncertainty: 1.0000  uncertainty_coeffi: 1.0000  loss: 0.3108  lr: 0.000002  time: 0.6037  data: 0.2659  max mem: 2639
      TTA Epoch: [0] [77/78]  eta: 0:00:00  entropy: 0.1546  uncertainty: 1.0000  uncertainty_coeffi: 1.0000  loss: 0.1546  lr: 0.000156  time: 0.0560  data: 0.0000  max mem: 2671
      TTA Epoch: [0] Total time: 0:00:04 (0.0634 s / it)
     Averaged stats: entropy: 0.3024  uncertainty: 1.0000  uncertainty_coeffi: 1.0000  loss: 0.3024  lr: 0.0001
     itm tta time 0:00:04
     Computing matching score
      Evaluation: [   0/1978]  eta: 0:02:54    time: 0.0882  data: 0.0015  max mem: 2671
      Evaluation: [ 100/1978]  eta: 0:01:58    time: 0.0630  data: 0.0000  max mem: 2671
      Evaluation: [ 200/1978]  eta: 0:01:52    time: 0.0630  data: 0.0000  max mem: 2671
      Evaluation: [ 300/1978]  eta: 0:01:45    time: 0.0631  data: 0.0000  max mem: 2671
      Evaluation: [ 400/1978]  eta: 0:01:39    time: 0.0626  data: 0.0000  max mem: 2671
      Evaluation: [ 500/1978]  eta: 0:01:33    time: 0.0626  data: 0.0000  max mem: 2671
      Evaluation: [ 600/1978]  eta: 0:01:26    time: 0.0629  data: 0.0000  max mem: 2671
      Evaluation: [ 700/1978]  eta: 0:01:20    time: 0.0631  data: 0.0000  max mem: 2671
      Evaluation: [ 800/1978]  eta: 0:01:14    time: 0.0633  data: 0.0000  max mem: 2671
      Evaluation: [ 900/1978]  eta: 0:01:07    time: 0.0634  data: 0.0000  max mem: 2671
      Evaluation: [1000/1978]  eta: 0:01:01    time: 0.0634  data: 0.0000  max mem: 2671
      Evaluation: [1100/1978]  eta: 0:00:55    time: 0.0635  data: 0.0000  max mem: 2671
      Evaluation: [1200/1978]  eta: 0:00:49    time: 0.0636  data: 0.0000  max mem: 2671
      Evaluation: [1300/1978]  eta: 0:00:42    time: 0.0637  data: 0.0000  max mem: 2671
      Evaluation: [1400/1978]  eta: 0:00:36    time: 0.0636  data: 0.0000  max mem: 2671
      Evaluation: [1500/1978]  eta: 0:00:30    time: 0.0636  data: 0.0000  max mem: 2671
      Evaluation: [1600/1978]  eta: 0:00:23    time: 0.0636  data: 0.0000  max mem: 2671
      Evaluation: [1700/1978]  eta: 0:00:17    time: 0.0638  data: 0.0000  max mem: 2671
      Evaluation: [1800/1978]  eta: 0:00:11    time: 0.0638  data: 0.0000  max mem: 2671
      Evaluation: [1900/1978]  eta: 0:00:04    time: 0.0639  data: 0.0000  max mem: 2671
      Evaluation: [1977/1978]  eta: 0:00:00    time: 0.0641  data: 0.0000  max mem: 2671
      Evaluation: Total time: 0:02:05 (0.0634 s / it)
     Computing matching score time 0:02:05
### TTA ITM Score: 
+-------------------+--------+--------+--------+--------+--------+
|       epoch       |   R1   |   R5   |  R10   |  mAP   |  mINP  |
+-------------------+--------+--------+--------+--------+--------+
|  cos_sim_wo/norm  | 58.544 | 91.860 | 95.703 | 73.596 | 73.596 |
|        -999       | 69.414 | 95.197 | 97.776 | 81.233 | 81.233 |
| itm_score_wo/norm | 84.328 | 98.989 | 99.494 | 91.293 | 91.293 |
|        -999       | 84.277 | 99.039 | 99.596 | 91.276 | 91.276 |
|         0         | 84.833 | 98.888 | 99.545 | 91.498 | 91.498 |
+-------------------+--------+--------+--------+--------+--------+
     logs:  {'epo': 0, 'R1': np.float32(84.833), 'R5': np.float32(98.888), 'R10': np.float32(99.545), 'mAP': np.float32(91.498), 'mINP': np.float32(91.498), 'entropy': 0.302386, 'uncertainty': 1.0, 'uncertainty_coeffi': 1.0, 'loss': 0.302386, 'lr': 7.9e-05}
      TTA Epoch: [1] [ 0/78]  eta: 0:00:18  entropy: 0.2613  uncertainty: 1.0000  uncertainty_coeffi: 1.0000  loss: 0.2613  lr: 0.000158  time: 0.2377  data: 0.1780  max mem: 2671
      TTA Epoch: [1] [77/78]  eta: 0:00:00  entropy: 0.1957  uncertainty: 1.0000  uncertainty_coeffi: 1.0000  loss: 0.1957  lr: 0.000312  time: 0.0568  data: 0.0000  max mem: 2671
      TTA Epoch: [1] Total time: 0:00:04 (0.0593 s / it)
     Averaged stats: entropy: 0.2223  uncertainty: 1.0000  uncertainty_coeffi: 1.0000  loss: 0.2223  lr: 0.0002
     itm tta time 0:00:04
     Computing matching score
      Evaluation: [   0/1978]  eta: 0:01:50    time: 0.0559  data: 0.0008  max mem: 2671
      Evaluation: [ 100/1978]  eta: 0:02:00    time: 0.0640  data: 0.0000  max mem: 2671
      Evaluation: [ 200/1978]  eta: 0:01:53    time: 0.0640  data: 0.0000  max mem: 2671
      Evaluation: [ 300/1978]  eta: 0:01:47    time: 0.0641  data: 0.0000  max mem: 2671
      Evaluation: [ 400/1978]  eta: 0:01:41    time: 0.0641  data: 0.0000  max mem: 2671
      Evaluation: [ 500/1978]  eta: 0:01:34    time: 0.0642  data: 0.0000  max mem: 2671
      Evaluation: [ 600/1978]  eta: 0:01:28    time: 0.0641  data: 0.0000  max mem: 2671
      Evaluation: [ 700/1978]  eta: 0:01:21    time: 0.0642  data: 0.0000  max mem: 2671
      Evaluation: [ 800/1978]  eta: 0:01:15    time: 0.0642  data: 0.0000  max mem: 2671
      Evaluation: [ 900/1978]  eta: 0:01:09    time: 0.0643  data: 0.0000  max mem: 2671
      Evaluation: [1000/1978]  eta: 0:01:02    time: 0.0644  data: 0.0000  max mem: 2671
      Evaluation: [1100/1978]  eta: 0:00:56    time: 0.0646  data: 0.0000  max mem: 2671
      Evaluation: [1200/1978]  eta: 0:00:49    time: 0.0645  data: 0.0000  max mem: 2671
      Evaluation: [1300/1978]  eta: 0:00:43    time: 0.0645  data: 0.0000  max mem: 2671
      Evaluation: [1400/1978]  eta: 0:00:37    time: 0.0645  data: 0.0000  max mem: 2671
      Evaluation: [1500/1978]  eta: 0:00:30    time: 0.0646  data: 0.0000  max mem: 2671
      Evaluation: [1600/1978]  eta: 0:00:24    time: 0.0646  data: 0.0000  max mem: 2671
      Evaluation: [1700/1978]  eta: 0:00:17    time: 0.0646  data: 0.0000  max mem: 2671
      Evaluation: [1800/1978]  eta: 0:00:11    time: 0.0647  data: 0.0000  max mem: 2671
      Evaluation: [1900/1978]  eta: 0:00:05    time: 0.0648  data: 0.0000  max mem: 2671
      Evaluation: [1977/1978]  eta: 0:00:00    time: 0.0648  data: 0.0000  max mem: 2671
      Evaluation: Total time: 0:02:07 (0.0644 s / it)
     Computing matching score time 0:02:07
### TTA ITM Score: 
+-------------------+--------+--------+--------+--------+--------+
|       epoch       |   R1   |   R5   |  R10   |  mAP   |  mINP  |
+-------------------+--------+--------+--------+--------+--------+
|  cos_sim_wo/norm  | 58.544 | 91.860 | 95.703 | 73.596 | 73.596 |
|        -999       | 69.414 | 95.197 | 97.776 | 81.233 | 81.233 |
| itm_score_wo/norm | 84.328 | 98.989 | 99.494 | 91.293 | 91.293 |
|        -999       | 84.277 | 99.039 | 99.596 | 91.276 | 91.276 |
|         0         | 84.833 | 98.888 | 99.545 | 91.498 | 91.498 |
|         1         | 84.783 | 98.787 | 99.393 | 91.400 | 91.400 |
+-------------------+--------+--------+--------+--------+--------+
     logs:  {'epo': 1, 'R1': np.float32(84.783), 'R5': np.float32(98.787), 'R10': np.float32(99.393), 'mAP': np.float32(91.4), 'mINP': np.float32(91.4), 'entropy': 0.22226, 'uncertainty': 1.0, 'uncertainty_coeffi': 1.0, 'loss': 0.22226, 'lr': 0.000235}
      TTA Epoch: [2] [ 0/78]  eta: 0:00:18  entropy: 0.2741  uncertainty: 1.0000  uncertainty_coeffi: 1.0000  loss: 0.2741  lr: 0.000314  time: 0.2341  data: 0.1753  max mem: 2671
      TTA Epoch: [2] [77/78]  eta: 0:00:00  entropy: 0.3599  uncertainty: 1.0000  uncertainty_coeffi: 1.0000  loss: 0.3599  lr: 0.000468  time: 0.0572  data: 0.0000  max mem: 2671
      TTA Epoch: [2] Total time: 0:00:04 (0.0597 s / it)
     Averaged stats: entropy: 0.1562  uncertainty: 1.0000  uncertainty_coeffi: 1.0000  loss: 0.1562  lr: 0.0004
     itm tta time 0:00:04
     Computing matching score
      Evaluation: [   0/1978]  eta: 0:01:58    time: 0.0598  data: 0.0008  max mem: 2671
      Evaluation: [ 100/1978]  eta: 0:02:01    time: 0.0648  data: 0.0000  max mem: 2671
      Evaluation: [ 200/1978]  eta: 0:01:55    time: 0.0648  data: 0.0000  max mem: 2671
      Evaluation: [ 300/1978]  eta: 0:01:48    time: 0.0649  data: 0.0000  max mem: 2671
      Evaluation: [ 400/1978]  eta: 0:01:42    time: 0.0649  data: 0.0000  max mem: 2671
      Evaluation: [ 500/1978]  eta: 0:01:35    time: 0.0649  data: 0.0000  max mem: 2671
      Evaluation: [ 600/1978]  eta: 0:01:29    time: 0.0650  data: 0.0000  max mem: 2671
      Evaluation: [ 700/1978]  eta: 0:01:22    time: 0.0649  data: 0.0000  max mem: 2671
      Evaluation: [ 800/1978]  eta: 0:01:16    time: 0.0650  data: 0.0000  max mem: 2671
      Evaluation: [ 900/1978]  eta: 0:01:09    time: 0.0651  data: 0.0000  max mem: 2671
      Evaluation: [1000/1978]  eta: 0:01:03    time: 0.0652  data: 0.0000  max mem: 2671
      Evaluation: [1100/1978]  eta: 0:00:57    time: 0.0650  data: 0.0000  max mem: 2671
      Evaluation: [1200/1978]  eta: 0:00:50    time: 0.0651  data: 0.0000  max mem: 2671
      Evaluation: [1300/1978]  eta: 0:00:44    time: 0.0651  data: 0.0000  max mem: 2671
      Evaluation: [1400/1978]  eta: 0:00:37    time: 0.0650  data: 0.0000  max mem: 2671
      Evaluation: [1500/1978]  eta: 0:00:31    time: 0.0651  data: 0.0000  max mem: 2671
      Evaluation: [1600/1978]  eta: 0:00:24    time: 0.0651  data: 0.0000  max mem: 2671
      Evaluation: [1700/1978]  eta: 0:00:18    time: 0.0651  data: 0.0000  max mem: 2671
      Evaluation: [1800/1978]  eta: 0:00:11    time: 0.0652  data: 0.0000  max mem: 2671
      Evaluation: [1900/1978]  eta: 0:00:05    time: 0.0651  data: 0.0000  max mem: 2671
      Evaluation: [1977/1978]  eta: 0:00:00    time: 0.0652  data: 0.0000  max mem: 2671
      Evaluation: Total time: 0:02:08 (0.0650 s / it)
     Computing matching score time 0:02:08
### TTA ITM Score: 
+-------------------+--------+--------+--------+--------+--------+
|       epoch       |   R1   |   R5   |  R10   |  mAP   |  mINP  |
+-------------------+--------+--------+--------+--------+--------+
|  cos_sim_wo/norm  | 58.544 | 91.860 | 95.703 | 73.596 | 73.596 |
|        -999       | 69.414 | 95.197 | 97.776 | 81.233 | 81.233 |
| itm_score_wo/norm | 84.328 | 98.989 | 99.494 | 91.293 | 91.293 |
|        -999       | 84.277 | 99.039 | 99.596 | 91.276 | 91.276 |
|         0         | 84.833 | 98.888 | 99.545 | 91.498 | 91.498 |
|         1         | 84.783 | 98.787 | 99.393 | 91.400 | 91.400 |
|         2         | 84.783 | 98.837 | 99.494 | 91.423 | 91.423 |
+-------------------+--------+--------+--------+--------+--------+
     logs:  {'epo': 2, 'R1': np.float32(84.783), 'R5': np.float32(98.837), 'R10': np.float32(99.494), 'mAP': np.float32(91.423), 'mINP': np.float32(91.423), 'entropy': 0.15622, 'uncertainty': 1.0, 'uncertainty_coeffi': 1.0, 'loss': 0.15622, 'lr': 0.000391}
      TTA Epoch: [3] [ 0/78]  eta: 0:00:18  entropy: 0.2053  uncertainty: 1.0000  uncertainty_coeffi: 1.0000  loss: 0.2053  lr: 0.000470  time: 0.2361  data: 0.1756  max mem: 2671
      TTA Epoch: [3] [77/78]  eta: 0:00:00  entropy: 0.0475  uncertainty: 1.0000  uncertainty_coeffi: 1.0000  loss: 0.0475  lr: 0.000624  time: 0.0574  data: 0.0000  max mem: 2671
      TTA Epoch: [3] Total time: 0:00:04 (0.0598 s / it)
     Averaged stats: entropy: 0.1179  uncertainty: 1.0000  uncertainty_coeffi: 1.0000  loss: 0.1179  lr: 0.0005
     itm tta time 0:00:04
      TTA Epoch: [4] [ 0/78]  eta: 0:00:18  entropy: 0.0692  uncertainty: 1.0000  uncertainty_coeffi: 1.0000  loss: 0.0692  lr: 0.000626  time: 0.2323  data: 0.1731  max mem: 2671
      TTA Epoch: [4] [77/78]  eta: 0:00:00  entropy: 0.1010  uncertainty: 1.0000  uncertainty_coeffi: 1.0000  loss: 0.1010  lr: 0.000780  time: 0.0573  data: 0.0000  max mem: 2671
      TTA Epoch: [4] Total time: 0:00:04 (0.0598 s / it)
     Averaged stats: entropy: 0.0839  uncertainty: 1.0000  uncertainty_coeffi: 1.0000  loss: 0.0839  lr: 0.0007
     itm tta time 0:00:04
     Computing matching score
      Evaluation: [   0/1978]  eta: 0:01:56    time: 0.0591  data: 0.0008  max mem: 2671
      Evaluation: [ 100/1978]  eta: 0:02:03    time: 0.0656  data: 0.0000  max mem: 2671
      Evaluation: [ 200/1978]  eta: 0:01:56    time: 0.0654  data: 0.0000  max mem: 2671
      Evaluation: [ 300/1978]  eta: 0:01:49    time: 0.0655  data: 0.0000  max mem: 2671
      Evaluation: [ 400/1978]  eta: 0:01:43    time: 0.0656  data: 0.0000  max mem: 2671
      Evaluation: [ 500/1978]  eta: 0:01:36    time: 0.0656  data: 0.0000  max mem: 2671
      Evaluation: [ 600/1978]  eta: 0:01:30    time: 0.0656  data: 0.0000  max mem: 2671
      Evaluation: [ 700/1978]  eta: 0:01:23    time: 0.0656  data: 0.0000  max mem: 2671
      Evaluation: [ 800/1978]  eta: 0:01:17    time: 0.0656  data: 0.0000  max mem: 2671
      Evaluation: [ 900/1978]  eta: 0:01:10    time: 0.0658  data: 0.0000  max mem: 2671
      Evaluation: [1000/1978]  eta: 0:01:04    time: 0.0658  data: 0.0000  max mem: 2671
      Evaluation: [1100/1978]  eta: 0:00:57    time: 0.0656  data: 0.0000  max mem: 2671
      Evaluation: [1200/1978]  eta: 0:00:51    time: 0.0656  data: 0.0000  max mem: 2671
      Evaluation: [1300/1978]  eta: 0:00:44    time: 0.0656  data: 0.0000  max mem: 2671
      Evaluation: [1400/1978]  eta: 0:00:37    time: 0.0656  data: 0.0000  max mem: 2671
      Evaluation: [1500/1978]  eta: 0:00:31    time: 0.0656  data: 0.0000  max mem: 2671
      Evaluation: [1600/1978]  eta: 0:00:24    time: 0.0657  data: 0.0000  max mem: 2671
      Evaluation: [1700/1978]  eta: 0:00:18    time: 0.0657  data: 0.0000  max mem: 2671
      Evaluation: [1800/1978]  eta: 0:00:11    time: 0.0657  data: 0.0000  max mem: 2671
      Evaluation: [1900/1978]  eta: 0:00:05    time: 0.0657  data: 0.0000  max mem: 2671
      Evaluation: [1977/1978]  eta: 0:00:00    time: 0.0657  data: 0.0000  max mem: 2671
      Evaluation: Total time: 0:02:09 (0.0657 s / it)
     Computing matching score time 0:02:09
### TTA ITM Score: 
+-------------------+--------+--------+--------+--------+--------+
|       epoch       |   R1   |   R5   |  R10   |  mAP   |  mINP  |
+-------------------+--------+--------+--------+--------+--------+
|  cos_sim_wo/norm  | 58.544 | 91.860 | 95.703 | 73.596 | 73.596 |
|        -999       | 69.414 | 95.197 | 97.776 | 81.233 | 81.233 |
| itm_score_wo/norm | 84.328 | 98.989 | 99.494 | 91.293 | 91.293 |
|        -999       | 84.277 | 99.039 | 99.596 | 91.276 | 91.276 |
|         0         | 84.833 | 98.888 | 99.545 | 91.498 | 91.498 |
|         1         | 84.783 | 98.787 | 99.393 | 91.400 | 91.400 |
|         2         | 84.783 | 98.837 | 99.494 | 91.423 | 91.423 |
|         4         | 84.580 | 98.736 | 99.292 | 91.313 | 91.313 |
+-------------------+--------+--------+--------+--------+--------+
     logs:  {'epo': 4, 'R1': np.float32(84.58), 'R5': np.float32(98.736), 'R10': np.float32(99.292), 'mAP': np.float32(91.313), 'mINP': np.float32(91.313), 'entropy': 0.083879, 'uncertainty': 1.0, 'uncertainty_coeffi': 1.0, 'loss': 0.083879, 'lr': 0.000703}
      TTA Epoch: [5] [ 0/78]  eta: 0:00:18  entropy: 0.1225  uncertainty: 1.0000  uncertainty_coeffi: 1.0000  loss: 0.1225  lr: 0.000782  time: 0.2336  data: 0.1734  max mem: 2671
      TTA Epoch: [5] [77/78]  eta: 0:00:00  entropy: 0.1264  uncertainty: 1.0000  uncertainty_coeffi: 1.0000  loss: 0.1264  lr: 0.000936  time: 0.0576  data: 0.0000  max mem: 2671
      TTA Epoch: [5] Total time: 0:00:04 (0.0600 s / it)
     Averaged stats: entropy: 0.0686  uncertainty: 1.0000  uncertainty_coeffi: 1.0000  loss: 0.0686  lr: 0.0009
     itm tta time 0:00:04
      TTA Epoch: [6] [ 0/78]  eta: 0:00:18  entropy: 0.0123  uncertainty: 1.0000  uncertainty_coeffi: 1.0000  loss: 0.0123  lr: 0.000938  time: 0.2344  data: 0.1757  max mem: 2671
      TTA Epoch: [6] [77/78]  eta: 0:00:00  entropy: 0.0326  uncertainty: 1.0000  uncertainty_coeffi: 1.0000  loss: 0.0326  lr: 0.000989  time: 0.0577  data: 0.0000  max mem: 2671
      TTA Epoch: [6] Total time: 0:00:04 (0.0600 s / it)
     Averaged stats: entropy: 0.0498  uncertainty: 1.0000  uncertainty_coeffi: 1.0000  loss: 0.0498  lr: 0.0010
     itm tta time 0:00:04
      TTA Epoch: [7] [ 0/78]  eta: 0:00:19  entropy: 0.0026  uncertainty: 1.0000  uncertainty_coeffi: 1.0000  loss: 0.0026  lr: 0.000989  time: 0.2561  data: 0.1971  max mem: 2671
      TTA Epoch: [7] [77/78]  eta: 0:00:00  entropy: 0.0887  uncertainty: 1.0000  uncertainty_coeffi: 1.0000  loss: 0.0887  lr: 0.000971  time: 0.0575  data: 0.0000  max mem: 2671
      TTA Epoch: [7] Total time: 0:00:04 (0.0603 s / it)
     Averaged stats: entropy: 0.0377  uncertainty: 1.0000  uncertainty_coeffi: 1.0000  loss: 0.0377  lr: 0.0010
     itm tta time 0:00:04
      TTA Epoch: [8] [ 0/78]  eta: 0:00:18  entropy: 0.0205  uncertainty: 1.0000  uncertainty_coeffi: 1.0000  loss: 0.0205  lr: 0.000971  time: 0.2379  data: 0.1779  max mem: 2671
      TTA Epoch: [8] [77/78]  eta: 0:00:00  entropy: 0.0066  uncertainty: 1.0000  uncertainty_coeffi: 1.0000  loss: 0.0066  lr: 0.000952  time: 0.0576  data: 0.0000  max mem: 2671
      TTA Epoch: [8] Total time: 0:00:04 (0.0601 s / it)
     Averaged stats: entropy: 0.0337  uncertainty: 1.0000  uncertainty_coeffi: 1.0000  loss: 0.0337  lr: 0.0010
     itm tta time 0:00:04
      TTA Epoch: [9] [ 0/78]  eta: 0:00:18  entropy: 0.0415  uncertainty: 1.0000  uncertainty_coeffi: 1.0000  loss: 0.0415  lr: 0.000952  time: 0.2313  data: 0.1722  max mem: 2671
      TTA Epoch: [9] [77/78]  eta: 0:00:00  entropy: 0.0025  uncertainty: 1.0000  uncertainty_coeffi: 1.0000  loss: 0.0025  lr: 0.000934  time: 0.0577  data: 0.0000  max mem: 2671
      TTA Epoch: [9] Total time: 0:00:04 (0.0600 s / it)
     Averaged stats: entropy: 0.0286  uncertainty: 1.0000  uncertainty_coeffi: 1.0000  loss: 0.0286  lr: 0.0009
     itm tta time 0:00:04
     Computing matching score
      Evaluation: [   0/1978]  eta: 0:02:03    time: 0.0624  data: 0.0018  max mem: 2671
      Evaluation: [ 100/1978]  eta: 0:02:04    time: 0.0670  data: 0.0000  max mem: 2671
      Evaluation: [ 200/1978]  eta: 0:01:58    time: 0.0705  data: 0.0000  max mem: 2671
      Evaluation: [ 300/1978]  eta: 0:01:51    time: 0.0662  data: 0.0000  max mem: 2671
      Evaluation: [ 400/1978]  eta: 0:01:44    time: 0.0663  data: 0.0000  max mem: 2671
      Evaluation: [ 500/1978]  eta: 0:01:38    time: 0.0659  data: 0.0000  max mem: 2671
      Evaluation: [ 600/1978]  eta: 0:01:31    time: 0.0689  data: 0.0000  max mem: 2671
      Evaluation: [ 700/1978]  eta: 0:01:24    time: 0.0658  data: 0.0000  max mem: 2671
      Evaluation: [ 800/1978]  eta: 0:01:18    time: 0.0659  data: 0.0000  max mem: 2671
      Evaluation: [ 900/1978]  eta: 0:01:11    time: 0.0661  data: 0.0000  max mem: 2671
      Evaluation: [1000/1978]  eta: 0:01:04    time: 0.0662  data: 0.0000  max mem: 2671
      Evaluation: [1100/1978]  eta: 0:00:58    time: 0.0664  data: 0.0000  max mem: 2671
      Evaluation: [1200/1978]  eta: 0:00:51    time: 0.0660  data: 0.0000  max mem: 2671
      Evaluation: [1300/1978]  eta: 0:00:45    time: 0.0661  data: 0.0000  max mem: 2671
      Evaluation: [1400/1978]  eta: 0:00:38    time: 0.0662  data: 0.0000  max mem: 2671
      Evaluation: [1500/1978]  eta: 0:00:31    time: 0.0662  data: 0.0000  max mem: 2671
      Evaluation: [1600/1978]  eta: 0:00:25    time: 0.0661  data: 0.0000  max mem: 2671
      Evaluation: [1700/1978]  eta: 0:00:18    time: 0.0662  data: 0.0000  max mem: 2671
      Evaluation: [1800/1978]  eta: 0:00:11    time: 0.0662  data: 0.0000  max mem: 2671
      Evaluation: [1900/1978]  eta: 0:00:05    time: 0.0664  data: 0.0000  max mem: 2671
      Evaluation: [1977/1978]  eta: 0:00:00    time: 0.0663  data: 0.0000  max mem: 2671
      Evaluation: Total time: 0:02:11 (0.0663 s / it)
     Computing matching score time 0:02:11
### TTA ITM Score: 
+-------------------+--------+--------+--------+--------+--------+
|       epoch       |   R1   |   R5   |  R10   |  mAP   |  mINP  |
+-------------------+--------+--------+--------+--------+--------+
|  cos_sim_wo/norm  | 58.544 | 91.860 | 95.703 | 73.596 | 73.596 |
|        -999       | 69.414 | 95.197 | 97.776 | 81.233 | 81.233 |
| itm_score_wo/norm | 84.328 | 98.989 | 99.494 | 91.293 | 91.293 |
|        -999       | 84.277 | 99.039 | 99.596 | 91.276 | 91.276 |
|         0         | 84.833 | 98.888 | 99.545 | 91.498 | 91.498 |
|         1         | 84.783 | 98.787 | 99.393 | 91.400 | 91.400 |
|         2         | 84.783 | 98.837 | 99.494 | 91.423 | 91.423 |
|         4         | 84.580 | 98.736 | 99.292 | 91.313 | 91.313 |
|         9         | 85.137 | 98.534 | 98.989 | 91.469 | 91.469 |
+-------------------+--------+--------+--------+--------+--------+
     logs:  {'epo': 9, 'R1': np.float32(85.137), 'R5': np.float32(98.534), 'R10': np.float32(98.989), 'mAP': np.float32(91.469), 'mINP': np.float32(91.469), 'entropy': 0.028563, 'uncertainty': 1.0, 'uncertainty_coeffi': 1.0, 'loss': 0.028563, 'lr': 0.000943}
      TTA Epoch: [10] [ 0/78]  eta: 0:00:20  entropy: 0.0819  uncertainty: 1.0000  uncertainty_coeffi: 1.0000  loss: 0.0819  lr: 0.000934  time: 0.2687  data: 0.2097  max mem: 2671
      TTA Epoch: [10] [77/78]  eta: 0:00:00  entropy: 0.0332  uncertainty: 1.0000  uncertainty_coeffi: 1.0000  loss: 0.0332  lr: 0.000916  time: 0.0578  data: 0.0000  max mem: 2671
      TTA Epoch: [10] Total time: 0:00:04 (0.0607 s / it)
     Averaged stats: entropy: 0.0276  uncertainty: 1.0000  uncertainty_coeffi: 1.0000  loss: 0.0276  lr: 0.0009
     itm tta time 0:00:04
      TTA Epoch: [11] [ 0/78]  eta: 0:00:18  entropy: 0.0475  uncertainty: 1.0000  uncertainty_coeffi: 1.0000  loss: 0.0475  lr: 0.000915  time: 0.2434  data: 0.1846  max mem: 2671
      TTA Epoch: [11] [77/78]  eta: 0:00:00  entropy: 0.0026  uncertainty: 1.0000  uncertainty_coeffi: 1.0000  loss: 0.0026  lr: 0.000897  time: 0.0578  data: 0.0000  max mem: 2671
      TTA Epoch: [11] Total time: 0:00:04 (0.0604 s / it)
     Averaged stats: entropy: 0.0196  uncertainty: 1.0000  uncertainty_coeffi: 1.0000  loss: 0.0196  lr: 0.0009
     itm tta time 0:00:04
      TTA Epoch: [12] [ 0/78]  eta: 0:00:19  entropy: 0.0159  uncertainty: 1.0000  uncertainty_coeffi: 1.0000  loss: 0.0159  lr: 0.000897  time: 0.2474  data: 0.1885  max mem: 2671
      TTA Epoch: [12] [77/78]  eta: 0:00:00  entropy: 0.0106  uncertainty: 1.0000  uncertainty_coeffi: 1.0000  loss: 0.0106  lr: 0.000879  time: 0.0579  data: 0.0000  max mem: 2671
      TTA Epoch: [12] Total time: 0:00:04 (0.0605 s / it)
     Averaged stats: entropy: 0.0150  uncertainty: 1.0000  uncertainty_coeffi: 1.0000  loss: 0.0150  lr: 0.0009
     itm tta time 0:00:04
      TTA Epoch: [13] [ 0/78]  eta: 0:00:18  entropy: 0.0031  uncertainty: 1.0000  uncertainty_coeffi: 1.0000  loss: 0.0031  lr: 0.000879  time: 0.2365  data: 0.1781  max mem: 2671
      TTA Epoch: [13] [77/78]  eta: 0:00:00  entropy: 0.0037  uncertainty: 1.0000  uncertainty_coeffi: 1.0000  loss: 0.0037  lr: 0.000860  time: 0.0578  data: 0.0000  max mem: 2671
      TTA Epoch: [13] Total time: 0:00:04 (0.0603 s / it)
     Averaged stats: entropy: 0.0152  uncertainty: 1.0000  uncertainty_coeffi: 1.0000  loss: 0.0152  lr: 0.0009
     itm tta time 0:00:04
      TTA Epoch: [14] [ 0/78]  eta: 0:00:19  entropy: 0.0424  uncertainty: 1.0000  uncertainty_coeffi: 1.0000  loss: 0.0424  lr: 0.000860  time: 0.2478  data: 0.1892  max mem: 2671
      TTA Epoch: [14] [77/78]  eta: 0:00:00  entropy: 0.0364  uncertainty: 1.0000  uncertainty_coeffi: 1.0000  loss: 0.0364  lr: 0.000842  time: 0.0579  data: 0.0000  max mem: 2671
      TTA Epoch: [14] Total time: 0:00:04 (0.0605 s / it)
     Averaged stats: entropy: 0.0181  uncertainty: 1.0000  uncertainty_coeffi: 1.0000  loss: 0.0181  lr: 0.0009
     itm tta time 0:00:04
     Computing matching score
      Evaluation: [   0/1978]  eta: 0:02:04    time: 0.0631  data: 0.0010  max mem: 2671
      Evaluation: [ 100/1978]  eta: 0:02:04    time: 0.0663  data: 0.0000  max mem: 2671
      Evaluation: [ 200/1978]  eta: 0:01:58    time: 0.0664  data: 0.0000  max mem: 2671
      Evaluation: [ 300/1978]  eta: 0:01:51    time: 0.0664  data: 0.0000  max mem: 2671
      Evaluation: [ 400/1978]  eta: 0:01:44    time: 0.0664  data: 0.0000  max mem: 2671
      Evaluation: [ 500/1978]  eta: 0:01:38    time: 0.0666  data: 0.0000  max mem: 2671
      Evaluation: [ 600/1978]  eta: 0:01:31    time: 0.0667  data: 0.0000  max mem: 2671
      Evaluation: [ 700/1978]  eta: 0:01:25    time: 0.0668  data: 0.0000  max mem: 2671
      Evaluation: [ 800/1978]  eta: 0:01:18    time: 0.0671  data: 0.0000  max mem: 2671
      Evaluation: [ 900/1978]  eta: 0:01:11    time: 0.0665  data: 0.0000  max mem: 2671
      Evaluation: [1000/1978]  eta: 0:01:05    time: 0.0665  data: 0.0000  max mem: 2671
      Evaluation: [1100/1978]  eta: 0:00:58    time: 0.0664  data: 0.0000  max mem: 2671
      Evaluation: [1200/1978]  eta: 0:00:51    time: 0.0666  data: 0.0000  max mem: 2671
      Evaluation: [1300/1978]  eta: 0:00:45    time: 0.0701  data: 0.0000  max mem: 2671
      Evaluation: [1400/1978]  eta: 0:00:38    time: 0.0671  data: 0.0000  max mem: 2671
      Evaluation: [1500/1978]  eta: 0:00:32    time: 0.0671  data: 0.0000  max mem: 2671
      Evaluation: [1600/1978]  eta: 0:00:25    time: 0.0669  data: 0.0000  max mem: 2671
      Evaluation: [1700/1978]  eta: 0:00:18    time: 0.0668  data: 0.0000  max mem: 2671
      Evaluation: [1800/1978]  eta: 0:00:11    time: 0.0668  data: 0.0000  max mem: 2671
      Evaluation: [1900/1978]  eta: 0:00:05    time: 0.0667  data: 0.0000  max mem: 2671
      Evaluation: [1977/1978]  eta: 0:00:00    time: 0.0667  data: 0.0000  max mem: 2671
      Evaluation: Total time: 0:02:12 (0.0670 s / it)
     Computing matching score time 0:02:12
### TTA ITM Score: 
+-------------------+--------+--------+--------+--------+--------+
|       epoch       |   R1   |   R5   |  R10   |  mAP   |  mINP  |
+-------------------+--------+--------+--------+--------+--------+
|  cos_sim_wo/norm  | 58.544 | 91.860 | 95.703 | 73.596 | 73.596 |
|        -999       | 69.414 | 95.197 | 97.776 | 81.233 | 81.233 |
| itm_score_wo/norm | 84.328 | 98.989 | 99.494 | 91.293 | 91.293 |
|        -999       | 84.277 | 99.039 | 99.596 | 91.276 | 91.276 |
|         0         | 84.833 | 98.888 | 99.545 | 91.498 | 91.498 |
|         1         | 84.783 | 98.787 | 99.393 | 91.400 | 91.400 |
|         2         | 84.783 | 98.837 | 99.494 | 91.423 | 91.423 |
|         4         | 84.580 | 98.736 | 99.292 | 91.313 | 91.313 |
|         9         | 85.137 | 98.534 | 98.989 | 91.469 | 91.469 |
|         14        | 84.934 | 98.635 | 99.444 | 91.423 | 91.423 |
+-------------------+--------+--------+--------+--------+--------+
     logs:  {'epo': 14, 'R1': np.float32(84.934), 'R5': np.float32(98.635), 'R10': np.float32(99.444), 'mAP': np.float32(91.423), 'mINP': np.float32(91.423), 'entropy': 0.018069, 'uncertainty': 1.0, 'uncertainty_coeffi': 1.0, 'loss': 0.018069, 'lr': 0.000851}
      TTA Epoch: [15] [ 0/78]  eta: 0:00:29  entropy: 0.0000  uncertainty: 1.0000  uncertainty_coeffi: 1.0000  loss: 0.0000  lr: 0.000842  time: 0.3765  data: 0.2919  max mem: 2671
      TTA Epoch: [15] [77/78]  eta: 0:00:00  entropy: 0.0001  uncertainty: 1.0000  uncertainty_coeffi: 1.0000  loss: 0.0001  lr: 0.000824  time: 0.0608  data: 0.0001  max mem: 2671
      TTA Epoch: [15] Total time: 0:00:05 (0.0642 s / it)
     Averaged stats: entropy: 0.0126  uncertainty: 1.0000  uncertainty_coeffi: 1.0000  loss: 0.0126  lr: 0.0008
     itm tta time 0:00:05
      TTA Epoch: [16] [ 0/78]  eta: 0:00:18  entropy: 0.0004  uncertainty: 1.0000  uncertainty_coeffi: 1.0000  loss: 0.0004  lr: 0.000823  time: 0.2380  data: 0.1788  max mem: 2671
      TTA Epoch: [16] [77/78]  eta: 0:00:00  entropy: 0.0126  uncertainty: 1.0000  uncertainty_coeffi: 1.0000  loss: 0.0126  lr: 0.000805  time: 0.0608  data: 0.0001  max mem: 2671
      TTA Epoch: [16] Total time: 0:00:04 (0.0629 s / it)
     Averaged stats: entropy: 0.0126  uncertainty: 1.0000  uncertainty_coeffi: 1.0000  loss: 0.0126  lr: 0.0008
     itm tta time 0:00:04
      TTA Epoch: [17] [ 0/78]  eta: 0:00:18  entropy: 0.0000  uncertainty: 1.0000  uncertainty_coeffi: 1.0000  loss: 0.0000  lr: 0.000805  time: 0.2341  data: 0.1749  max mem: 2671
      TTA Epoch: [17] [77/78]  eta: 0:00:00  entropy: 0.0429  uncertainty: 1.0000  uncertainty_coeffi: 1.0000  loss: 0.0429  lr: 0.000787  time: 0.0611  data: 0.0001  max mem: 2671
      TTA Epoch: [17] Total time: 0:00:04 (0.0630 s / it)
     Averaged stats: entropy: 0.0150  uncertainty: 1.0000  uncertainty_coeffi: 1.0000  loss: 0.0150  lr: 0.0008
     itm tta time 0:00:04
      TTA Epoch: [18] [ 0/78]  eta: 0:00:17  entropy: 0.0677  uncertainty: 1.0000  uncertainty_coeffi: 1.0000  loss: 0.0677  lr: 0.000787  time: 0.2301  data: 0.1704  max mem: 2671
      TTA Epoch: [18] [77/78]  eta: 0:00:00  entropy: 0.0000  uncertainty: 1.0000  uncertainty_coeffi: 1.0000  loss: 0.0000  lr: 0.000768  time: 0.0617  data: 0.0013  max mem: 2671
      TTA Epoch: [18] Total time: 0:00:04 (0.0631 s / it)
     Averaged stats: entropy: 0.0141  uncertainty: 1.0000  uncertainty_coeffi: 1.0000  loss: 0.0141  lr: 0.0008
     itm tta time 0:00:04
      TTA Epoch: [19] [ 0/78]  eta: 0:00:21  entropy: 0.0022  uncertainty: 1.0000  uncertainty_coeffi: 1.0000  loss: 0.0022  lr: 0.000768  time: 0.2764  data: 0.2083  max mem: 2671
      TTA Epoch: [19] [77/78]  eta: 0:00:00  entropy: 0.0011  uncertainty: 1.0000  uncertainty_coeffi: 1.0000  loss: 0.0011  lr: 0.000750  time: 0.0601  data: 0.0001  max mem: 2671
      TTA Epoch: [19] Total time: 0:00:04 (0.0628 s / it)
     Averaged stats: entropy: 0.0105  uncertainty: 1.0000  uncertainty_coeffi: 1.0000  loss: 0.0105  lr: 0.0008
     itm tta time 0:00:04
     Computing matching score
      Evaluation: [   0/1978]  eta: 0:02:01    time: 0.0616  data: 0.0011  max mem: 2671
      Evaluation: [ 100/1978]  eta: 0:02:08    time: 0.0685  data: 0.0000  max mem: 2671
      Evaluation: [ 200/1978]  eta: 0:02:01    time: 0.0683  data: 0.0000  max mem: 2671
      Evaluation: [ 300/1978]  eta: 0:01:55    time: 0.0685  data: 0.0000  max mem: 2671
      Evaluation: [ 400/1978]  eta: 0:01:48    time: 0.0686  data: 0.0000  max mem: 2671
      Evaluation: [ 500/1978]  eta: 0:01:41    time: 0.0687  data: 0.0000  max mem: 2671
      Evaluation: [ 600/1978]  eta: 0:01:34    time: 0.0686  data: 0.0000  max mem: 2671
      Evaluation: [ 700/1978]  eta: 0:01:27    time: 0.0685  data: 0.0000  max mem: 2671
      Evaluation: [ 800/1978]  eta: 0:01:20    time: 0.0684  data: 0.0000  max mem: 2671
      Evaluation: [ 900/1978]  eta: 0:01:13    time: 0.0687  data: 0.0000  max mem: 2671
      Evaluation: [1000/1978]  eta: 0:01:07    time: 0.0682  data: 0.0000  max mem: 2671
      Evaluation: [1100/1978]  eta: 0:01:00    time: 0.0691  data: 0.0000  max mem: 2671
      Evaluation: [1200/1978]  eta: 0:00:53    time: 0.0684  data: 0.0000  max mem: 2671
      Evaluation: [1300/1978]  eta: 0:00:46    time: 0.0667  data: 0.0000  max mem: 2671
      Evaluation: [1400/1978]  eta: 0:00:39    time: 0.0667  data: 0.0000  max mem: 2671
      Evaluation: [1500/1978]  eta: 0:00:32    time: 0.0667  data: 0.0000  max mem: 2671
      Evaluation: [1600/1978]  eta: 0:00:25    time: 0.0706  data: 0.0000  max mem: 2671
      Evaluation: [1700/1978]  eta: 0:00:19    time: 0.0698  data: 0.0000  max mem: 2671
      Evaluation: [1800/1978]  eta: 0:00:12    time: 0.0684  data: 0.0000  max mem: 2671
      Evaluation: [1900/1978]  eta: 0:00:05    time: 0.0687  data: 0.0000  max mem: 2671
      Evaluation: [1977/1978]  eta: 0:00:00    time: 0.0682  data: 0.0000  max mem: 2671
      Evaluation: Total time: 0:02:15 (0.0685 s / it)
     Computing matching score time 0:02:15
### TTA ITM Score: 
+-------------------+--------+--------+--------+--------+--------+
|       epoch       |   R1   |   R5   |  R10   |  mAP   |  mINP  |
+-------------------+--------+--------+--------+--------+--------+
|  cos_sim_wo/norm  | 58.544 | 91.860 | 95.703 | 73.596 | 73.596 |
|        -999       | 69.414 | 95.197 | 97.776 | 81.233 | 81.233 |
| itm_score_wo/norm | 84.328 | 98.989 | 99.494 | 91.293 | 91.293 |
|        -999       | 84.277 | 99.039 | 99.596 | 91.276 | 91.276 |
|         0         | 84.833 | 98.888 | 99.545 | 91.498 | 91.498 |
|         1         | 84.783 | 98.787 | 99.393 | 91.400 | 91.400 |
|         2         | 84.783 | 98.837 | 99.494 | 91.423 | 91.423 |
|         4         | 84.580 | 98.736 | 99.292 | 91.313 | 91.313 |
|         9         | 85.137 | 98.534 | 98.989 | 91.469 | 91.469 |
|         14        | 84.934 | 98.635 | 99.444 | 91.423 | 91.423 |
|         19        | 84.783 | 98.787 | 99.393 | 91.379 | 91.379 |
+-------------------+--------+--------+--------+--------+--------+
     logs:  {'epo': 19, 'R1': np.float32(84.783), 'R5': np.float32(98.787), 'R10': np.float32(99.393), 'mAP': np.float32(91.379), 'mINP': np.float32(91.379), 'entropy': 0.010506, 'uncertainty': 1.0, 'uncertainty_coeffi': 1.0, 'loss': 0.010506, 'lr': 0.000759}
      TTA Epoch: [20] [ 0/78]  eta: 0:00:19  entropy: 0.0028  uncertainty: 1.0000  uncertainty_coeffi: 1.0000  loss: 0.0028  lr: 0.000750  time: 0.2511  data: 0.1924  max mem: 2671
      TTA Epoch: [20] [77/78]  eta: 0:00:00  entropy: 0.0062  uncertainty: 1.0000  uncertainty_coeffi: 1.0000  loss: 0.0062  lr: 0.000732  time: 0.0601  data: 0.0001  max mem: 2671
      TTA Epoch: [20] Total time: 0:00:04 (0.0623 s / it)
     Averaged stats: entropy: 0.0100  uncertainty: 1.0000  uncertainty_coeffi: 1.0000  loss: 0.0100  lr: 0.0007
     itm tta time 0:00:04
      TTA Epoch: [21] [ 0/78]  eta: 0:00:18  entropy: 0.0000  uncertainty: 1.0000  uncertainty_coeffi: 1.0000  loss: 0.0000  lr: 0.000731  time: 0.2344  data: 0.1744  max mem: 2671
      TTA Epoch: [21] [77/78]  eta: 0:00:00  entropy: 0.0066  uncertainty: 1.0000  uncertainty_coeffi: 1.0000  loss: 0.0066  lr: 0.000713  time: 0.0598  data: 0.0000  max mem: 2671
      TTA Epoch: [21] Total time: 0:00:04 (0.0622 s / it)
     Averaged stats: entropy: 0.0089  uncertainty: 1.0000  uncertainty_coeffi: 1.0000  loss: 0.0089  lr: 0.0007
     itm tta time 0:00:04
      TTA Epoch: [22] [ 0/78]  eta: 0:00:18  entropy: 0.0183  uncertainty: 1.0000  uncertainty_coeffi: 1.0000  loss: 0.0183  lr: 0.000713  time: 0.2407  data: 0.1811  max mem: 2671
      TTA Epoch: [22] [77/78]  eta: 0:00:00  entropy: 0.0182  uncertainty: 1.0000  uncertainty_coeffi: 1.0000  loss: 0.0182  lr: 0.000695  time: 0.0598  data: 0.0000  max mem: 2671
      TTA Epoch: [22] Total time: 0:00:04 (0.0620 s / it)
     Averaged stats: entropy: 0.0104  uncertainty: 1.0000  uncertainty_coeffi: 1.0000  loss: 0.0104  lr: 0.0007
     itm tta time 0:00:04
      TTA Epoch: [23] [ 0/78]  eta: 0:00:20  entropy: 0.0012  uncertainty: 1.0000  uncertainty_coeffi: 1.0000  loss: 0.0012  lr: 0.000695  time: 0.2572  data: 0.1971  max mem: 2671
      TTA Epoch: [23] [77/78]  eta: 0:00:00  entropy: 0.0000  uncertainty: 1.0000  uncertainty_coeffi: 1.0000  loss: 0.0000  lr: 0.000676  time: 0.0598  data: 0.0001  max mem: 2671
      TTA Epoch: [23] Total time: 0:00:04 (0.0623 s / it)
     Averaged stats: entropy: 0.0088  uncertainty: 1.0000  uncertainty_coeffi: 1.0000  loss: 0.0088  lr: 0.0007
     itm tta time 0:00:04
      TTA Epoch: [24] [ 0/78]  eta: 0:00:18  entropy: 0.0009  uncertainty: 1.0000  uncertainty_coeffi: 1.0000  loss: 0.0009  lr: 0.000676  time: 0.2363  data: 0.1775  max mem: 2671
      TTA Epoch: [24] [77/78]  eta: 0:00:00  entropy: 0.0000  uncertainty: 1.0000  uncertainty_coeffi: 1.0000  loss: 0.0000  lr: 0.000658  time: 0.0598  data: 0.0001  max mem: 2671
      TTA Epoch: [24] Total time: 0:00:04 (0.0621 s / it)
     Averaged stats: entropy: 0.0063  uncertainty: 1.0000  uncertainty_coeffi: 1.0000  loss: 0.0063  lr: 0.0007
     itm tta time 0:00:04
      TTA Epoch: [25] [ 0/78]  eta: 0:00:17  entropy: 0.0045  uncertainty: 1.0000  uncertainty_coeffi: 1.0000  loss: 0.0045  lr: 0.000658  time: 0.2213  data: 0.1604  max mem: 2671
      TTA Epoch: [25] [77/78]  eta: 0:00:00  entropy: 0.0168  uncertainty: 1.0000  uncertainty_coeffi: 1.0000  loss: 0.0168  lr: 0.000320  time: 0.0607  data: 0.0005  max mem: 2671
      TTA Epoch: [25] Total time: 0:00:04 (0.0624 s / it)
     Averaged stats: entropy: 0.0071  uncertainty: 1.0000  uncertainty_coeffi: 1.0000  loss: 0.0071  lr: 0.0005
     itm tta time 0:00:04
      TTA Epoch: [26] [ 0/78]  eta: 0:00:18  entropy: 0.0007  uncertainty: 1.0000  uncertainty_coeffi: 1.0000  loss: 0.0007  lr: 0.000320  time: 0.2421  data: 0.1818  max mem: 2671
      TTA Epoch: [26] [77/78]  eta: 0:00:00  entropy: 0.0392  uncertainty: 1.0000  uncertainty_coeffi: 1.0000  loss: 0.0392  lr: 0.000311  time: 0.0601  data: 0.0000  max mem: 2671
      TTA Epoch: [26] Total time: 0:00:04 (0.0629 s / it)
     Averaged stats: entropy: 0.0100  uncertainty: 1.0000  uncertainty_coeffi: 1.0000  loss: 0.0100  lr: 0.0003
     itm tta time 0:00:04
      TTA Epoch: [27] [ 0/78]  eta: 0:00:19  entropy: 0.0005  uncertainty: 1.0000  uncertainty_coeffi: 1.0000  loss: 0.0005  lr: 0.000310  time: 0.2469  data: 0.1868  max mem: 2671
      TTA Epoch: [27] [77/78]  eta: 0:00:00  entropy: 0.0222  uncertainty: 1.0000  uncertainty_coeffi: 1.0000  loss: 0.0222  lr: 0.000301  time: 0.0596  data: 0.0001  max mem: 2671
      TTA Epoch: [27] Total time: 0:00:04 (0.0626 s / it)
     Averaged stats: entropy: 0.0070  uncertainty: 1.0000  uncertainty_coeffi: 1.0000  loss: 0.0070  lr: 0.0003
     itm tta time 0:00:04
      TTA Epoch: [28] [ 0/78]  eta: 0:00:18  entropy: 0.0003  uncertainty: 1.0000  uncertainty_coeffi: 1.0000  loss: 0.0003  lr: 0.000301  time: 0.2417  data: 0.1823  max mem: 2671
      TTA Epoch: [28] [77/78]  eta: 0:00:00  entropy: 0.0000  uncertainty: 1.0000  uncertainty_coeffi: 1.0000  loss: 0.0000  lr: 0.000292  time: 0.0603  data: 0.0001  max mem: 2671
      TTA Epoch: [28] Total time: 0:00:04 (0.0630 s / it)
     Averaged stats: entropy: 0.0079  uncertainty: 1.0000  uncertainty_coeffi: 1.0000  loss: 0.0079  lr: 0.0003
     itm tta time 0:00:04
      TTA Epoch: [29] [ 0/78]  eta: 0:00:18  entropy: 0.0000  uncertainty: 1.0000  uncertainty_coeffi: 1.0000  loss: 0.0000  lr: 0.000292  time: 0.2400  data: 0.1807  max mem: 2671
      TTA Epoch: [29] [77/78]  eta: 0:00:00  entropy: 0.0001  uncertainty: 1.0000  uncertainty_coeffi: 1.0000  loss: 0.0001  lr: 0.000283  time: 0.0603  data: 0.0001  max mem: 2671
      TTA Epoch: [29] Total time: 0:00:04 (0.0623 s / it)
     Averaged stats: entropy: 0.0086  uncertainty: 1.0000  uncertainty_coeffi: 1.0000  loss: 0.0086  lr: 0.0003
     itm tta time 0:00:04
     Computing matching score
      Evaluation: [   0/1978]  eta: 0:02:02    time: 0.0617  data: 0.0009  max mem: 2671
      Evaluation: [ 100/1978]  eta: 0:02:05    time: 0.0667  data: 0.0000  max mem: 2671
      Evaluation: [ 200/1978]  eta: 0:01:58    time: 0.0668  data: 0.0000  max mem: 2671
      Evaluation: [ 300/1978]  eta: 0:01:52    time: 0.0669  data: 0.0000  max mem: 2671
      Evaluation: [ 400/1978]  eta: 0:01:45    time: 0.0670  data: 0.0000  max mem: 2671
      Evaluation: [ 500/1978]  eta: 0:01:38    time: 0.0669  data: 0.0000  max mem: 2671
      Evaluation: [ 600/1978]  eta: 0:01:32    time: 0.0669  data: 0.0000  max mem: 2671
      Evaluation: [ 700/1978]  eta: 0:01:25    time: 0.0671  data: 0.0000  max mem: 2671
      Evaluation: [ 800/1978]  eta: 0:01:18    time: 0.0672  data: 0.0000  max mem: 2671
      Evaluation: [ 900/1978]  eta: 0:01:12    time: 0.0676  data: 0.0000  max mem: 2671
      Evaluation: [1000/1978]  eta: 0:01:05    time: 0.0687  data: 0.0000  max mem: 2671
      Evaluation: [1100/1978]  eta: 0:00:58    time: 0.0671  data: 0.0000  max mem: 2671
      Evaluation: [1200/1978]  eta: 0:00:52    time: 0.0669  data: 0.0000  max mem: 2671
      Evaluation: [1300/1978]  eta: 0:00:45    time: 0.0684  data: 0.0000  max mem: 2671
      Evaluation: [1400/1978]  eta: 0:00:38    time: 0.0687  data: 0.0000  max mem: 2671
      Evaluation: [1500/1978]  eta: 0:00:32    time: 0.0684  data: 0.0000  max mem: 2671
      Evaluation: [1600/1978]  eta: 0:00:25    time: 0.0686  data: 0.0000  max mem: 2671
      Evaluation: [1700/1978]  eta: 0:00:18    time: 0.0674  data: 0.0000  max mem: 2671
      Evaluation: [1800/1978]  eta: 0:00:12    time: 0.0670  data: 0.0000  max mem: 2671
      Evaluation: [1900/1978]  eta: 0:00:05    time: 0.0670  data: 0.0000  max mem: 2671
      Evaluation: [1977/1978]  eta: 0:00:00    time: 0.0670  data: 0.0000  max mem: 2671
      Evaluation: Total time: 0:02:13 (0.0675 s / it)
     Computing matching score time 0:02:13
### TTA ITM Score: 
+-------------------+--------+--------+--------+--------+--------+
|       epoch       |   R1   |   R5   |  R10   |  mAP   |  mINP  |
+-------------------+--------+--------+--------+--------+--------+
|  cos_sim_wo/norm  | 58.544 | 91.860 | 95.703 | 73.596 | 73.596 |
|        -999       | 69.414 | 95.197 | 97.776 | 81.233 | 81.233 |
| itm_score_wo/norm | 84.328 | 98.989 | 99.494 | 91.293 | 91.293 |
|        -999       | 84.277 | 99.039 | 99.596 | 91.276 | 91.276 |
|         0         | 84.833 | 98.888 | 99.545 | 91.498 | 91.498 |
|         1         | 84.783 | 98.787 | 99.393 | 91.400 | 91.400 |
|         2         | 84.783 | 98.837 | 99.494 | 91.423 | 91.423 |
|         4         | 84.580 | 98.736 | 99.292 | 91.313 | 91.313 |
|         9         | 85.137 | 98.534 | 98.989 | 91.469 | 91.469 |
|         14        | 84.934 | 98.635 | 99.444 | 91.423 | 91.423 |
|         19        | 84.783 | 98.787 | 99.393 | 91.379 | 91.379 |
|         29        | 84.277 | 98.635 | 99.242 | 91.031 | 91.031 |
+-------------------+--------+--------+--------+--------+--------+
     logs:  {'epo': 29, 'R1': np.float32(84.277), 'R5': np.float32(98.635), 'R10': np.float32(99.242), 'mAP': np.float32(91.031), 'mINP': np.float32(91.031), 'entropy': 0.008606, 'uncertainty': 1.0, 'uncertainty_coeffi': 1.0, 'loss': 0.008606, 'lr': 0.000288}
      TTA Epoch: [30] [ 0/78]  eta: 0:00:18  entropy: 0.0002  uncertainty: 1.0000  uncertainty_coeffi: 1.0000  loss: 0.0002  lr: 0.000283  time: 0.2419  data: 0.1825  max mem: 2671
      TTA Epoch: [30] [77/78]  eta: 0:00:00  entropy: 0.0000  uncertainty: 1.0000  uncertainty_coeffi: 1.0000  loss: 0.0000  lr: 0.000274  time: 0.0601  data: 0.0001  max mem: 2671
      TTA Epoch: [30] Total time: 0:00:04 (0.0626 s / it)
     Averaged stats: entropy: 0.0077  uncertainty: 1.0000  uncertainty_coeffi: 1.0000  loss: 0.0077  lr: 0.0003
     itm tta time 0:00:04
      TTA Epoch: [31] [ 0/78]  eta: 0:00:18  entropy: 0.0173  uncertainty: 1.0000  uncertainty_coeffi: 1.0000  loss: 0.0173  lr: 0.000274  time: 0.2327  data: 0.1739  max mem: 2671
      TTA Epoch: [31] [77/78]  eta: 0:00:00  entropy: 0.0013  uncertainty: 1.0000  uncertainty_coeffi: 1.0000  loss: 0.0013  lr: 0.000265  time: 0.0602  data: 0.0000  max mem: 2671
      TTA Epoch: [31] Total time: 0:00:04 (0.0625 s / it)
     Averaged stats: entropy: 0.0084  uncertainty: 1.0000  uncertainty_coeffi: 1.0000  loss: 0.0084  lr: 0.0003
     itm tta time 0:00:04
      TTA Epoch: [32] [ 0/78]  eta: 0:00:18  entropy: 0.0168  uncertainty: 1.0000  uncertainty_coeffi: 1.0000  loss: 0.0168  lr: 0.000265  time: 0.2378  data: 0.1785  max mem: 2671
      TTA Epoch: [32] [77/78]  eta: 0:00:00  entropy: 0.0000  uncertainty: 1.0000  uncertainty_coeffi: 1.0000  loss: 0.0000  lr: 0.000255  time: 0.0602  data: 0.0000  max mem: 2671
      TTA Epoch: [32] Total time: 0:00:04 (0.0628 s / it)
     Averaged stats: entropy: 0.0086  uncertainty: 1.0000  uncertainty_coeffi: 1.0000  loss: 0.0086  lr: 0.0003
     itm tta time 0:00:04
      TTA Epoch: [33] [ 0/78]  eta: 0:00:17  entropy: 0.0015  uncertainty: 1.0000  uncertainty_coeffi: 1.0000  loss: 0.0015  lr: 0.000255  time: 0.2281  data: 0.1691  max mem: 2671
      TTA Epoch: [33] [77/78]  eta: 0:00:00  entropy: 0.0000  uncertainty: 1.0000  uncertainty_coeffi: 1.0000  loss: 0.0000  lr: 0.000246  time: 0.0601  data: 0.0000  max mem: 2671
      TTA Epoch: [33] Total time: 0:00:04 (0.0623 s / it)
     Averaged stats: entropy: 0.0065  uncertainty: 1.0000  uncertainty_coeffi: 1.0000  loss: 0.0065  lr: 0.0003
     itm tta time 0:00:04
      TTA Epoch: [34] [ 0/78]  eta: 0:00:18  entropy: 0.0000  uncertainty: 1.0000  uncertainty_coeffi: 1.0000  loss: 0.0000  lr: 0.000246  time: 0.2371  data: 0.1765  max mem: 2671
      TTA Epoch: [34] [77/78]  eta: 0:00:00  entropy: 0.0000  uncertainty: 1.0000  uncertainty_coeffi: 1.0000  loss: 0.0000  lr: 0.000237  time: 0.0602  data: 0.0000  max mem: 2671
      TTA Epoch: [34] Total time: 0:00:04 (0.0629 s / it)
     Averaged stats: entropy: 0.0059  uncertainty: 1.0000  uncertainty_coeffi: 1.0000  loss: 0.0059  lr: 0.0002
     itm tta time 0:00:04
      TTA Epoch: [35] [ 0/78]  eta: 0:00:18  entropy: 0.0093  uncertainty: 1.0000  uncertainty_coeffi: 1.0000  loss: 0.0093  lr: 0.000237  time: 0.2396  data: 0.1772  max mem: 2671
      TTA Epoch: [35] [77/78]  eta: 0:00:00  entropy: 0.0000  uncertainty: 1.0000  uncertainty_coeffi: 1.0000  loss: 0.0000  lr: 0.000228  time: 0.0600  data: 0.0005  max mem: 2671
      TTA Epoch: [35] Total time: 0:00:04 (0.0628 s / it)
     Averaged stats: entropy: 0.0045  uncertainty: 1.0000  uncertainty_coeffi: 1.0000  loss: 0.0045  lr: 0.0002
     itm tta time 0:00:04
      TTA Epoch: [36] [ 0/78]  eta: 0:00:18  entropy: 0.0010  uncertainty: 1.0000  uncertainty_coeffi: 1.0000  loss: 0.0010  lr: 0.000228  time: 0.2340  data: 0.1739  max mem: 2671
      TTA Epoch: [36] [77/78]  eta: 0:00:00  entropy: 0.0003  uncertainty: 1.0000  uncertainty_coeffi: 1.0000  loss: 0.0003  lr: 0.000219  time: 0.0600  data: 0.0005  max mem: 2671
      TTA Epoch: [36] Total time: 0:00:04 (0.0625 s / it)
     Averaged stats: entropy: 0.0054  uncertainty: 1.0000  uncertainty_coeffi: 1.0000  loss: 0.0054  lr: 0.0002
     itm tta time 0:00:04
      TTA Epoch: [37] [ 0/78]  eta: 0:00:18  entropy: 0.0007  uncertainty: 1.0000  uncertainty_coeffi: 1.0000  loss: 0.0007  lr: 0.000219  time: 0.2321  data: 0.1729  max mem: 2671
      TTA Epoch: [37] [77/78]  eta: 0:00:00  entropy: 0.0002  uncertainty: 1.0000  uncertainty_coeffi: 1.0000  loss: 0.0002  lr: 0.000209  time: 0.0598  data: 0.0000  max mem: 2671
      TTA Epoch: [37] Total time: 0:00:04 (0.0624 s / it)
     Averaged stats: entropy: 0.0070  uncertainty: 1.0000  uncertainty_coeffi: 1.0000  loss: 0.0070  lr: 0.0002
     itm tta time 0:00:04
      TTA Epoch: [38] [ 0/78]  eta: 0:00:20  entropy: 0.0045  uncertainty: 1.0000  uncertainty_coeffi: 1.0000  loss: 0.0045  lr: 0.000209  time: 0.2673  data: 0.2077  max mem: 2671
      TTA Epoch: [38] [77/78]  eta: 0:00:00  entropy: 0.0000  uncertainty: 1.0000  uncertainty_coeffi: 1.0000  loss: 0.0000  lr: 0.000200  time: 0.0601  data: 0.0000  max mem: 2671
      TTA Epoch: [38] Total time: 0:00:04 (0.0627 s / it)
     Averaged stats: entropy: 0.0051  uncertainty: 1.0000  uncertainty_coeffi: 1.0000  loss: 0.0051  lr: 0.0002
     itm tta time 0:00:04
      TTA Epoch: [39] [ 0/78]  eta: 0:00:18  entropy: 0.0000  uncertainty: 1.0000  uncertainty_coeffi: 1.0000  loss: 0.0000  lr: 0.000200  time: 0.2350  data: 0.1759  max mem: 2671
      TTA Epoch: [39] [77/78]  eta: 0:00:00  entropy: 0.0056  uncertainty: 1.0000  uncertainty_coeffi: 1.0000  loss: 0.0056  lr: 0.000191  time: 0.0605  data: 0.0005  max mem: 2671
      TTA Epoch: [39] Total time: 0:00:04 (0.0624 s / it)
     Averaged stats: entropy: 0.0079  uncertainty: 1.0000  uncertainty_coeffi: 1.0000  loss: 0.0079  lr: 0.0002
     itm tta time 0:00:04
     Computing matching score
      Evaluation: [   0/1978]  eta: 0:02:03    time: 0.0624  data: 0.0008  max mem: 2671
      Evaluation: [ 100/1978]  eta: 0:02:05    time: 0.0669  data: 0.0000  max mem: 2671
      Evaluation: [ 200/1978]  eta: 0:01:58    time: 0.0669  data: 0.0000  max mem: 2671
      Evaluation: [ 300/1978]  eta: 0:01:52    time: 0.0669  data: 0.0000  max mem: 2671
      Evaluation: [ 400/1978]  eta: 0:01:45    time: 0.0670  data: 0.0000  max mem: 2671
      Evaluation: [ 500/1978]  eta: 0:01:38    time: 0.0670  data: 0.0000  max mem: 2671
      Evaluation: [ 600/1978]  eta: 0:01:32    time: 0.0670  data: 0.0000  max mem: 2671
      Evaluation: [ 700/1978]  eta: 0:01:25    time: 0.0669  data: 0.0000  max mem: 2671
      Evaluation: [ 800/1978]  eta: 0:01:18    time: 0.0670  data: 0.0000  max mem: 2671
      Evaluation: [ 900/1978]  eta: 0:01:12    time: 0.0670  data: 0.0000  max mem: 2671
      Evaluation: [1000/1978]  eta: 0:01:05    time: 0.0671  data: 0.0000  max mem: 2671
      Evaluation: [1100/1978]  eta: 0:00:58    time: 0.0671  data: 0.0000  max mem: 2671
      Evaluation: [1200/1978]  eta: 0:00:52    time: 0.0671  data: 0.0000  max mem: 2671
      Evaluation: [1300/1978]  eta: 0:00:45    time: 0.0670  data: 0.0000  max mem: 2671
      Evaluation: [1400/1978]  eta: 0:00:38    time: 0.0670  data: 0.0000  max mem: 2671
      Evaluation: [1500/1978]  eta: 0:00:32    time: 0.0672  data: 0.0000  max mem: 2671
      Evaluation: [1600/1978]  eta: 0:00:25    time: 0.0671  data: 0.0000  max mem: 2671
      Evaluation: [1700/1978]  eta: 0:00:18    time: 0.0671  data: 0.0000  max mem: 2671
      Evaluation: [1800/1978]  eta: 0:00:11    time: 0.0672  data: 0.0000  max mem: 2671
      Evaluation: [1900/1978]  eta: 0:00:05    time: 0.0673  data: 0.0000  max mem: 2671
      Evaluation: [1977/1978]  eta: 0:00:00    time: 0.0671  data: 0.0000  max mem: 2671
      Evaluation: Total time: 0:02:12 (0.0671 s / it)
     Computing matching score time 0:02:12
### TTA ITM Score: 
+-------------------+--------+--------+--------+--------+--------+
|       epoch       |   R1   |   R5   |  R10   |  mAP   |  mINP  |
+-------------------+--------+--------+--------+--------+--------+
|  cos_sim_wo/norm  | 58.544 | 91.860 | 95.703 | 73.596 | 73.596 |
|        -999       | 69.414 | 95.197 | 97.776 | 81.233 | 81.233 |
| itm_score_wo/norm | 84.328 | 98.989 | 99.494 | 91.293 | 91.293 |
|        -999       | 84.277 | 99.039 | 99.596 | 91.276 | 91.276 |
|         0         | 84.833 | 98.888 | 99.545 | 91.498 | 91.498 |
|         1         | 84.783 | 98.787 | 99.393 | 91.400 | 91.400 |
|         2         | 84.783 | 98.837 | 99.494 | 91.423 | 91.423 |
|         4         | 84.580 | 98.736 | 99.292 | 91.313 | 91.313 |
|         9         | 85.137 | 98.534 | 98.989 | 91.469 | 91.469 |
|         14        | 84.934 | 98.635 | 99.444 | 91.423 | 91.423 |
|         19        | 84.783 | 98.787 | 99.393 | 91.379 | 91.379 |
|         29        | 84.277 | 98.635 | 99.242 | 91.031 | 91.031 |
|         39        | 84.277 | 98.483 | 99.141 | 90.990 | 90.990 |
+-------------------+--------+--------+--------+--------+--------+
     logs:  {'epo': 39, 'R1': np.float32(84.277), 'R5': np.float32(98.483), 'R10': np.float32(99.141), 'mAP': np.float32(90.99), 'mINP': np.float32(90.99), 'entropy': 0.007912, 'uncertainty': 1.0, 'uncertainty_coeffi': 1.0, 'loss': 0.007912, 'lr': 0.000196}
      TTA Epoch: [40] [ 0/78]  eta: 0:00:20  entropy: 0.0000  uncertainty: 1.0000  uncertainty_coeffi: 1.0000  loss: 0.0000  lr: 0.000191  time: 0.2629  data: 0.2029  max mem: 2671
      TTA Epoch: [40] [77/78]  eta: 0:00:00  entropy: 0.0013  uncertainty: 1.0000  uncertainty_coeffi: 1.0000  loss: 0.0013  lr: 0.000182  time: 0.0598  data: 0.0000  max mem: 2671
      TTA Epoch: [40] Total time: 0:00:04 (0.0629 s / it)
     Averaged stats: entropy: 0.0076  uncertainty: 1.0000  uncertainty_coeffi: 1.0000  loss: 0.0076  lr: 0.0002
     itm tta time 0:00:04
      TTA Epoch: [41] [ 0/78]  eta: 0:00:20  entropy: 0.0000  uncertainty: 1.0000  uncertainty_coeffi: 1.0000  loss: 0.0000  lr: 0.000182  time: 0.2598  data: 0.2010  max mem: 2671
      TTA Epoch: [41] [77/78]  eta: 0:00:00  entropy: 0.0000  uncertainty: 1.0000  uncertainty_coeffi: 1.0000  loss: 0.0000  lr: 0.000173  time: 0.0602  data: 0.0000  max mem: 2671
      TTA Epoch: [41] Total time: 0:00:04 (0.0629 s / it)
     Averaged stats: entropy: 0.0055  uncertainty: 1.0000  uncertainty_coeffi: 1.0000  loss: 0.0055  lr: 0.0002
     itm tta time 0:00:04
      TTA Epoch: [42] [ 0/78]  eta: 0:00:18  entropy: 0.0000  uncertainty: 1.0000  uncertainty_coeffi: 1.0000  loss: 0.0000  lr: 0.000173  time: 0.2344  data: 0.1753  max mem: 2671
      TTA Epoch: [42] [77/78]  eta: 0:00:00  entropy: 0.0434  uncertainty: 1.0000  uncertainty_coeffi: 1.0000  loss: 0.0434  lr: 0.000163  time: 0.0596  data: 0.0000  max mem: 2671
      TTA Epoch: [42] Total time: 0:00:04 (0.0622 s / it)
     Averaged stats: entropy: 0.0084  uncertainty: 1.0000  uncertainty_coeffi: 1.0000  loss: 0.0084  lr: 0.0002
     itm tta time 0:00:04
      TTA Epoch: [43] [ 0/78]  eta: 0:00:18  entropy: 0.0002  uncertainty: 1.0000  uncertainty_coeffi: 1.0000  loss: 0.0002  lr: 0.000163  time: 0.2403  data: 0.1812  max mem: 2671
      TTA Epoch: [43] [77/78]  eta: 0:00:00  entropy: 0.0001  uncertainty: 1.0000  uncertainty_coeffi: 1.0000  loss: 0.0001  lr: 0.000154  time: 0.0602  data: 0.0000  max mem: 2671
      TTA Epoch: [43] Total time: 0:00:04 (0.0623 s / it)
     Averaged stats: entropy: 0.0062  uncertainty: 1.0000  uncertainty_coeffi: 1.0000  loss: 0.0062  lr: 0.0002
     itm tta time 0:00:04
      TTA Epoch: [44] [ 0/78]  eta: 0:00:18  entropy: 0.0000  uncertainty: 1.0000  uncertainty_coeffi: 1.0000  loss: 0.0000  lr: 0.000154  time: 0.2364  data: 0.1772  max mem: 2671
      TTA Epoch: [44] [77/78]  eta: 0:00:00  entropy: 0.0032  uncertainty: 1.0000  uncertainty_coeffi: 1.0000  loss: 0.0032  lr: 0.000058  time: 0.0610  data: 0.0000  max mem: 2671
      TTA Epoch: [44] Total time: 0:00:04 (0.0627 s / it)
     Averaged stats: entropy: 0.0041  uncertainty: 1.0000  uncertainty_coeffi: 1.0000  loss: 0.0041  lr: 0.0001
     itm tta time 0:00:04
      TTA Epoch: [45] [ 0/78]  eta: 0:00:18  entropy: 0.0000  uncertainty: 1.0000  uncertainty_coeffi: 1.0000  loss: 0.0000  lr: 0.000058  time: 0.2341  data: 0.1732  max mem: 2671
      TTA Epoch: [45] [77/78]  eta: 0:00:00  entropy: 0.0076  uncertainty: 1.0000  uncertainty_coeffi: 1.0000  loss: 0.0076  lr: 0.000054  time: 0.0598  data: 0.0001  max mem: 2671
      TTA Epoch: [45] Total time: 0:00:04 (0.0622 s / it)
     Averaged stats: entropy: 0.0055  uncertainty: 1.0000  uncertainty_coeffi: 1.0000  loss: 0.0055  lr: 0.0001
     itm tta time 0:00:04
      TTA Epoch: [46] [ 0/78]  eta: 0:00:19  entropy: 0.0000  uncertainty: 1.0000  uncertainty_coeffi: 1.0000  loss: 0.0000  lr: 0.000054  time: 0.2451  data: 0.1822  max mem: 2671
      TTA Epoch: [46] [77/78]  eta: 0:00:00  entropy: 0.0001  uncertainty: 1.0000  uncertainty_coeffi: 1.0000  loss: 0.0001  lr: 0.000051  time: 0.0601  data: 0.0000  max mem: 2671
      TTA Epoch: [46] Total time: 0:00:04 (0.0627 s / it)
     Averaged stats: entropy: 0.0043  uncertainty: 1.0000  uncertainty_coeffi: 1.0000  loss: 0.0043  lr: 0.0001
     itm tta time 0:00:04
      TTA Epoch: [47] [ 0/78]  eta: 0:00:22  entropy: 0.0025  uncertainty: 1.0000  uncertainty_coeffi: 1.0000  loss: 0.0025  lr: 0.000051  time: 0.2841  data: 0.2255  max mem: 2671
      TTA Epoch: [47] [77/78]  eta: 0:00:00  entropy: 0.0121  uncertainty: 1.0000  uncertainty_coeffi: 1.0000  loss: 0.0121  lr: 0.000047  time: 0.0601  data: 0.0000  max mem: 2671
      TTA Epoch: [47] Total time: 0:00:04 (0.0631 s / it)
     Averaged stats: entropy: 0.0051  uncertainty: 1.0000  uncertainty_coeffi: 1.0000  loss: 0.0051  lr: 0.0000
     itm tta time 0:00:04
      TTA Epoch: [48] [ 0/78]  eta: 0:00:18  entropy: 0.0000  uncertainty: 1.0000  uncertainty_coeffi: 1.0000  loss: 0.0000  lr: 0.000047  time: 0.2381  data: 0.1778  max mem: 2671
      TTA Epoch: [48] [77/78]  eta: 0:00:00  entropy: 0.0076  uncertainty: 1.0000  uncertainty_coeffi: 1.0000  loss: 0.0076  lr: 0.000043  time: 0.0612  data: 0.0001  max mem: 2671
      TTA Epoch: [48] Total time: 0:00:04 (0.0629 s / it)
     Averaged stats: entropy: 0.0047  uncertainty: 1.0000  uncertainty_coeffi: 1.0000  loss: 0.0047  lr: 0.0000
     itm tta time 0:00:04
      TTA Epoch: [49] [ 0/78]  eta: 0:00:19  entropy: 0.0000  uncertainty: 1.0000  uncertainty_coeffi: 1.0000  loss: 0.0000  lr: 0.000043  time: 0.2479  data: 0.1862  max mem: 2671
      TTA Epoch: [49] [77/78]  eta: 0:00:00  entropy: 0.0062  uncertainty: 1.0000  uncertainty_coeffi: 1.0000  loss: 0.0062  lr: 0.000040  time: 0.0598  data: 0.0000  max mem: 2671
      TTA Epoch: [49] Total time: 0:00:04 (0.0628 s / it)
     Averaged stats: entropy: 0.0060  uncertainty: 1.0000  uncertainty_coeffi: 1.0000  loss: 0.0060  lr: 0.0000
     itm tta time 0:00:04
     Computing matching score
      Evaluation: [   0/1978]  eta: 0:02:02    time: 0.0621  data: 0.0009  max mem: 2671
      Evaluation: [ 100/1978]  eta: 0:02:06    time: 0.0672  data: 0.0000  max mem: 2671
      Evaluation: [ 200/1978]  eta: 0:01:59    time: 0.0669  data: 0.0000  max mem: 2671
      Evaluation: [ 300/1978]  eta: 0:01:52    time: 0.0669  data: 0.0000  max mem: 2671
      Evaluation: [ 400/1978]  eta: 0:01:45    time: 0.0668  data: 0.0000  max mem: 2671
      Evaluation: [ 500/1978]  eta: 0:01:39    time: 0.0669  data: 0.0000  max mem: 2671
      Evaluation: [ 600/1978]  eta: 0:01:32    time: 0.0671  data: 0.0000  max mem: 2671
      Evaluation: [ 700/1978]  eta: 0:01:25    time: 0.0676  data: 0.0000  max mem: 2671
      Evaluation: [ 800/1978]  eta: 0:01:19    time: 0.0671  data: 0.0000  max mem: 2671
      Evaluation: [ 900/1978]  eta: 0:01:12    time: 0.0671  data: 0.0000  max mem: 2671
      Evaluation: [1000/1978]  eta: 0:01:05    time: 0.0670  data: 0.0000  max mem: 2671
      Evaluation: [1100/1978]  eta: 0:00:58    time: 0.0670  data: 0.0000  max mem: 2671
      Evaluation: [1200/1978]  eta: 0:00:52    time: 0.0672  data: 0.0000  max mem: 2671
      Evaluation: [1300/1978]  eta: 0:00:45    time: 0.0671  data: 0.0000  max mem: 2671
      Evaluation: [1400/1978]  eta: 0:00:38    time: 0.0672  data: 0.0000  max mem: 2671
      Evaluation: [1500/1978]  eta: 0:00:32    time: 0.0672  data: 0.0000  max mem: 2671
      Evaluation: [1600/1978]  eta: 0:00:25    time: 0.0671  data: 0.0000  max mem: 2671
      Evaluation: [1700/1978]  eta: 0:00:18    time: 0.0672  data: 0.0000  max mem: 2671
      Evaluation: [1800/1978]  eta: 0:00:11    time: 0.0672  data: 0.0000  max mem: 2671
      Evaluation: [1900/1978]  eta: 0:00:05    time: 0.0672  data: 0.0000  max mem: 2671
      Evaluation: [1977/1978]  eta: 0:00:00    time: 0.0672  data: 0.0000  max mem: 2671
      Evaluation: Total time: 0:02:12 (0.0672 s / it)
     Computing matching score time 0:02:12
### TTA ITM Score: 
+-------------------+--------+--------+--------+--------+--------+
|       epoch       |   R1   |   R5   |  R10   |  mAP   |  mINP  |
+-------------------+--------+--------+--------+--------+--------+
|  cos_sim_wo/norm  | 58.544 | 91.860 | 95.703 | 73.596 | 73.596 |
|        -999       | 69.414 | 95.197 | 97.776 | 81.233 | 81.233 |
| itm_score_wo/norm | 84.328 | 98.989 | 99.494 | 91.293 | 91.293 |
|        -999       | 84.277 | 99.039 | 99.596 | 91.276 | 91.276 |
|         0         | 84.833 | 98.888 | 99.545 | 91.498 | 91.498 |
|         1         | 84.783 | 98.787 | 99.393 | 91.400 | 91.400 |
|         2         | 84.783 | 98.837 | 99.494 | 91.423 | 91.423 |
|         4         | 84.580 | 98.736 | 99.292 | 91.313 | 91.313 |
|         9         | 85.137 | 98.534 | 98.989 | 91.469 | 91.469 |
|         14        | 84.934 | 98.635 | 99.444 | 91.423 | 91.423 |
|         19        | 84.783 | 98.787 | 99.393 | 91.379 | 91.379 |
|         29        | 84.277 | 98.635 | 99.242 | 91.031 | 91.031 |
|         39        | 84.277 | 98.483 | 99.141 | 90.990 | 90.990 |
|         49        | 84.378 | 98.433 | 99.039 | 91.012 | 91.012 |
+-------------------+--------+--------+--------+--------+--------+
     logs:  {'epo': 49, 'R1': np.float32(84.378), 'R5': np.float32(98.433), 'R10': np.float32(99.039), 'mAP': np.float32(91.012), 'mINP': np.float32(91.012), 'entropy': 0.006019, 'uncertainty': 1.0, 'uncertainty_coeffi': 1.0, 'loss': 0.006019, 'lr': 4.1e-05}
      TTA Epoch: [50] [ 0/78]  eta: 0:00:18  entropy: 0.0062  uncertainty: 1.0000  uncertainty_coeffi: 1.0000  loss: 0.0062  lr: 0.000040  time: 0.2385  data: 0.1762  max mem: 2671
      TTA Epoch: [50] [77/78]  eta: 0:00:00  entropy: 0.0068  uncertainty: 1.0000  uncertainty_coeffi: 1.0000  loss: 0.0068  lr: 0.000036  time: 0.0602  data: 0.0000  max mem: 2671
      TTA Epoch: [50] Total time: 0:00:04 (0.0628 s / it)
     Averaged stats: entropy: 0.0056  uncertainty: 1.0000  uncertainty_coeffi: 1.0000  loss: 0.0056  lr: 0.0000
     itm tta time 0:00:04
      TTA Epoch: [51] [ 0/78]  eta: 0:00:18  entropy: 0.0000  uncertainty: 1.0000  uncertainty_coeffi: 1.0000  loss: 0.0000  lr: 0.000036  time: 0.2339  data: 0.1739  max mem: 2671
      TTA Epoch: [51] [77/78]  eta: 0:00:00  entropy: 0.0404  uncertainty: 1.0000  uncertainty_coeffi: 1.0000  loss: 0.0404  lr: 0.000032  time: 0.0603  data: 0.0005  max mem: 2671
      TTA Epoch: [51] Total time: 0:00:04 (0.0624 s / it)
     Averaged stats: entropy: 0.0046  uncertainty: 1.0000  uncertainty_coeffi: 1.0000  loss: 0.0046  lr: 0.0000
     itm tta time 0:00:04
      TTA Epoch: [52] [ 0/78]  eta: 0:00:18  entropy: 0.0000  uncertainty: 1.0000  uncertainty_coeffi: 1.0000  loss: 0.0000  lr: 0.000032  time: 0.2417  data: 0.1829  max mem: 2671
      TTA Epoch: [52] [77/78]  eta: 0:00:00  entropy: 0.0001  uncertainty: 1.0000  uncertainty_coeffi: 1.0000  loss: 0.0001  lr: 0.000029  time: 0.0598  data: 0.0000  max mem: 2671
      TTA Epoch: [52] Total time: 0:00:04 (0.0625 s / it)
     Averaged stats: entropy: 0.0053  uncertainty: 1.0000  uncertainty_coeffi: 1.0000  loss: 0.0053  lr: 0.0000
     itm tta time 0:00:04
      TTA Epoch: [53] [ 0/78]  eta: 0:00:19  entropy: 0.0003  uncertainty: 1.0000  uncertainty_coeffi: 1.0000  loss: 0.0003  lr: 0.000029  time: 0.2446  data: 0.1847  max mem: 2671
      TTA Epoch: [53] [77/78]  eta: 0:00:00  entropy: 0.0002  uncertainty: 1.0000  uncertainty_coeffi: 1.0000  loss: 0.0002  lr: 0.000025  time: 0.0599  data: 0.0000  max mem: 2671
      TTA Epoch: [53] Total time: 0:00:04 (0.0623 s / it)
     Averaged stats: entropy: 0.0033  uncertainty: 1.0000  uncertainty_coeffi: 1.0000  loss: 0.0033  lr: 0.0000
     itm tta time 0:00:04
      TTA Epoch: [54] [ 0/78]  eta: 0:00:18  entropy: 0.0001  uncertainty: 1.0000  uncertainty_coeffi: 1.0000  loss: 0.0001  lr: 0.000025  time: 0.2424  data: 0.1829  max mem: 2671
      TTA Epoch: [54] [77/78]  eta: 0:00:00  entropy: 0.0003  uncertainty: 1.0000  uncertainty_coeffi: 1.0000  loss: 0.0003  lr: 0.000021  time: 0.0598  data: 0.0000  max mem: 2671
      TTA Epoch: [54] Total time: 0:00:04 (0.0624 s / it)
     Averaged stats: entropy: 0.0036  uncertainty: 1.0000  uncertainty_coeffi: 1.0000  loss: 0.0036  lr: 0.0000
     itm tta time 0:00:04
      TTA Epoch: [55] [ 0/78]  eta: 0:00:18  entropy: 0.0048  uncertainty: 1.0000  uncertainty_coeffi: 1.0000  loss: 0.0048  lr: 0.000021  time: 0.2432  data: 0.1829  max mem: 2671
      TTA Epoch: [55] [77/78]  eta: 0:00:00  entropy: 0.0229  uncertainty: 1.0000  uncertainty_coeffi: 1.0000  loss: 0.0229  lr: 0.000018  time: 0.0598  data: 0.0000  max mem: 2671
      TTA Epoch: [55] Total time: 0:00:04 (0.0622 s / it)
     Averaged stats: entropy: 0.0058  uncertainty: 1.0000  uncertainty_coeffi: 1.0000  loss: 0.0058  lr: 0.0000
     itm tta time 0:00:04
      TTA Epoch: [56] [ 0/78]  eta: 0:00:18  entropy: 0.0001  uncertainty: 1.0000  uncertainty_coeffi: 1.0000  loss: 0.0001  lr: 0.000017  time: 0.2326  data: 0.1735  max mem: 2671
      TTA Epoch: [56] [77/78]  eta: 0:00:00  entropy: 0.0000  uncertainty: 1.0000  uncertainty_coeffi: 1.0000  loss: 0.0000  lr: 0.000014  time: 0.0597  data: 0.0000  max mem: 2671
      TTA Epoch: [56] Total time: 0:00:04 (0.0621 s / it)
     Averaged stats: entropy: 0.0068  uncertainty: 1.0000  uncertainty_coeffi: 1.0000  loss: 0.0068  lr: 0.0000
     itm tta time 0:00:04
      TTA Epoch: [57] [ 0/78]  eta: 0:00:18  entropy: 0.0000  uncertainty: 1.0000  uncertainty_coeffi: 1.0000  loss: 0.0000  lr: 0.000014  time: 0.2309  data: 0.1715  max mem: 2671
      TTA Epoch: [57] [77/78]  eta: 0:00:00  entropy: 0.0000  uncertainty: 1.0000  uncertainty_coeffi: 1.0000  loss: 0.0000  lr: 0.000010  time: 0.0599  data: 0.0000  max mem: 2671
      TTA Epoch: [57] Total time: 0:00:04 (0.0621 s / it)
     Averaged stats: entropy: 0.0051  uncertainty: 1.0000  uncertainty_coeffi: 1.0000  loss: 0.0051  lr: 0.0000
     itm tta time 0:00:04
      TTA Epoch: [58] [ 0/78]  eta: 0:00:19  entropy: 0.0002  uncertainty: 1.0000  uncertainty_coeffi: 1.0000  loss: 0.0002  lr: 0.000010  time: 0.2451  data: 0.1859  max mem: 2671
      TTA Epoch: [58] [77/78]  eta: 0:00:00  entropy: 0.0004  uncertainty: 1.0000  uncertainty_coeffi: 1.0000  loss: 0.0004  lr: 0.000007  time: 0.0597  data: 0.0000  max mem: 2671
      TTA Epoch: [58] Total time: 0:00:04 (0.0623 s / it)
     Averaged stats: entropy: 0.0044  uncertainty: 1.0000  uncertainty_coeffi: 1.0000  loss: 0.0044  lr: 0.0000
     itm tta time 0:00:04
      TTA Epoch: [59] [ 0/78]  eta: 0:00:18  entropy: 0.0001  uncertainty: 1.0000  uncertainty_coeffi: 1.0000  loss: 0.0001  lr: 0.000006  time: 0.2353  data: 0.1748  max mem: 2671
      TTA Epoch: [59] [77/78]  eta: 0:00:00  entropy: 0.0000  uncertainty: 1.0000  uncertainty_coeffi: 1.0000  loss: 0.0000  lr: 0.000003  time: 0.0604  data: 0.0005  max mem: 2671
      TTA Epoch: [59] Total time: 0:00:04 (0.0624 s / it)
     Averaged stats: entropy: 0.0056  uncertainty: 1.0000  uncertainty_coeffi: 1.0000  loss: 0.0056  lr: 0.0000
     itm tta time 0:00:04
     Computing matching score
      Evaluation: [   0/1978]  eta: 0:02:02    time: 0.0617  data: 0.0009  max mem: 2671
      Evaluation: [ 100/1978]  eta: 0:02:05    time: 0.0671  data: 0.0000  max mem: 2671
      Evaluation: [ 200/1978]  eta: 0:01:59    time: 0.0670  data: 0.0000  max mem: 2671
      Evaluation: [ 300/1978]  eta: 0:01:52    time: 0.0671  data: 0.0000  max mem: 2671
      Evaluation: [ 400/1978]  eta: 0:01:45    time: 0.0670  data: 0.0000  max mem: 2671
      Evaluation: [ 500/1978]  eta: 0:01:39    time: 0.0671  data: 0.0000  max mem: 2671
      Evaluation: [ 600/1978]  eta: 0:01:32    time: 0.0671  data: 0.0000  max mem: 2671
      Evaluation: [ 700/1978]  eta: 0:01:25    time: 0.0672  data: 0.0000  max mem: 2671
      Evaluation: [ 800/1978]  eta: 0:01:18    time: 0.0672  data: 0.0000  max mem: 2671
      Evaluation: [ 900/1978]  eta: 0:01:12    time: 0.0671  data: 0.0000  max mem: 2671
      Evaluation: [1000/1978]  eta: 0:01:05    time: 0.0671  data: 0.0000  max mem: 2671
      Evaluation: [1100/1978]  eta: 0:00:58    time: 0.0672  data: 0.0000  max mem: 2671
      Evaluation: [1200/1978]  eta: 0:00:52    time: 0.0672  data: 0.0000  max mem: 2671
      Evaluation: [1300/1978]  eta: 0:00:45    time: 0.0672  data: 0.0000  max mem: 2671
      Evaluation: [1400/1978]  eta: 0:00:38    time: 0.0671  data: 0.0000  max mem: 2671
      Evaluation: [1500/1978]  eta: 0:00:32    time: 0.0671  data: 0.0000  max mem: 2671
      Evaluation: [1600/1978]  eta: 0:00:25    time: 0.0673  data: 0.0000  max mem: 2671
      Evaluation: [1700/1978]  eta: 0:00:18    time: 0.0672  data: 0.0000  max mem: 2671
      Evaluation: [1800/1978]  eta: 0:00:11    time: 0.0672  data: 0.0000  max mem: 2671
      Evaluation: [1900/1978]  eta: 0:00:05    time: 0.0673  data: 0.0000  max mem: 2671
      Evaluation: [1977/1978]  eta: 0:00:00    time: 0.0672  data: 0.0000  max mem: 2671
      Evaluation: Total time: 0:02:12 (0.0672 s / it)
     Computing matching score time 0:02:12
### TTA ITM Score: 
+-------------------+--------+--------+--------+--------+--------+
|       epoch       |   R1   |   R5   |  R10   |  mAP   |  mINP  |
+-------------------+--------+--------+--------+--------+--------+
|  cos_sim_wo/norm  | 58.544 | 91.860 | 95.703 | 73.596 | 73.596 |
|        -999       | 69.414 | 95.197 | 97.776 | 81.233 | 81.233 |
| itm_score_wo/norm | 84.328 | 98.989 | 99.494 | 91.293 | 91.293 |
|        -999       | 84.277 | 99.039 | 99.596 | 91.276 | 91.276 |
|         0         | 84.833 | 98.888 | 99.545 | 91.498 | 91.498 |
|         1         | 84.783 | 98.787 | 99.393 | 91.400 | 91.400 |
|         2         | 84.783 | 98.837 | 99.494 | 91.423 | 91.423 |
|         4         | 84.580 | 98.736 | 99.292 | 91.313 | 91.313 |
|         9         | 85.137 | 98.534 | 98.989 | 91.469 | 91.469 |
|         14        | 84.934 | 98.635 | 99.444 | 91.423 | 91.423 |
|         19        | 84.783 | 98.787 | 99.393 | 91.379 | 91.379 |
|         29        | 84.277 | 98.635 | 99.242 | 91.031 | 91.031 |
|         39        | 84.277 | 98.483 | 99.141 | 90.990 | 90.990 |
|         49        | 84.378 | 98.433 | 99.039 | 91.012 | 91.012 |
|         59        | 84.378 | 98.534 | 99.242 | 91.047 | 91.047 |
+-------------------+--------+--------+--------+--------+--------+
     logs:  {'epo': 59, 'R1': np.float32(84.378), 'R5': np.float32(98.534), 'R10': np.float32(99.242), 'mAP': np.float32(91.047), 'mINP': np.float32(91.047), 'entropy': 0.005581, 'uncertainty': 1.0, 'uncertainty_coeffi': 1.0, 'loss': 0.005581, 'lr': 5e-06}
### best epoch: 9
### Time 0:28:59
NNODES,  1
NODE_RANK,  0
MASTER_ADDR,  127.0.0.1
MASTER_PORT,  1612
NPROC_PER_NODE,  2
task:  exp2
config:  configs_rerun3/exp2.yaml
output_dir:  output_rerun3/exp2/2025091922495
python3 tta.py --config configs_rerun3/exp2.yaml --task exp2 --output_dir output_rerun3/exp2/2025091922495 --checkpoint checkpoint/cmp.pth --bs 0 --epo 0 --lr 0.0 --seed 42 --tta
