/home/jiahao/miniconda3/envs/cmp/lib/python3.10/site-packages/torch/functional.py:554: UserWarning: torch.meshgrid: in an upcoming release, it will be required to pass the indexing argument. (Triggered internally at /pytorch/aten/src/ATen/native/TensorShape.cpp:4322.)
  return _VF.meshgrid(tensors, **kwargs)  # type: ignore[attr-defined]
Not using distributed mode
### Hyper-parameters:
     seed: 42
     device: cuda
     output_dir: output_rerun3/exp2.0.3/2025092000181
     batch_size_tta: 16
     epochs: 60
     lr: 5e-05
### Creating test dataset
from data/PAB/annotation/test/attr.json loading 1978 data
     test dataset -->    be_pose_img: True
     test_dataset: 1978
### Creating test dataloader
### be careful: func create_loader returns a list length of 1
     test_loader: 90
### Creating model
build_vision_encoder: load swin 224 x 224 ====>
missing_keys:  []
unexpected_keys:  ['head.weight', 'head.bias']
build_text_encoder: load bert ====>
missing_keys: ['bert.encoder.layer.10.crossattention.output.LayerNorm.bias', 'bert.encoder.layer.10.crossattention.output.LayerNorm.weight', 'bert.encoder.layer.10.crossattention.output.dense.bias', 'bert.encoder.layer.10.crossattention.output.dense.weight', 'bert.encoder.layer.10.crossattention.self.key.bias', 'bert.encoder.layer.10.crossattention.self.key.weight', 'bert.encoder.layer.10.crossattention.self.query.bias', 'bert.encoder.layer.10.crossattention.self.query.weight', 'bert.encoder.layer.10.crossattention.self.value.bias', 'bert.encoder.layer.10.crossattention.self.value.weight', 'bert.encoder.layer.11.crossattention.output.LayerNorm.bias', 'bert.encoder.layer.11.crossattention.output.LayerNorm.weight', 'bert.encoder.layer.11.crossattention.output.dense.bias', 'bert.encoder.layer.11.crossattention.output.dense.weight', 'bert.encoder.layer.11.crossattention.self.key.bias', 'bert.encoder.layer.11.crossattention.self.key.weight', 'bert.encoder.layer.11.crossattention.self.query.bias', 'bert.encoder.layer.11.crossattention.self.query.weight', 'bert.encoder.layer.11.crossattention.self.value.bias', 'bert.encoder.layer.11.crossattention.self.value.weight', 'bert.encoder.layer.6.crossattention.output.LayerNorm.bias', 'bert.encoder.layer.6.crossattention.output.LayerNorm.weight', 'bert.encoder.layer.6.crossattention.output.dense.bias', 'bert.encoder.layer.6.crossattention.output.dense.weight', 'bert.encoder.layer.6.crossattention.self.key.bias', 'bert.encoder.layer.6.crossattention.self.key.weight', 'bert.encoder.layer.6.crossattention.self.query.bias', 'bert.encoder.layer.6.crossattention.self.query.weight', 'bert.encoder.layer.6.crossattention.self.value.bias', 'bert.encoder.layer.6.crossattention.self.value.weight', 'bert.encoder.layer.7.crossattention.output.LayerNorm.bias', 'bert.encoder.layer.7.crossattention.output.LayerNorm.weight', 'bert.encoder.layer.7.crossattention.output.dense.bias', 'bert.encoder.layer.7.crossattention.output.dense.weight', 'bert.encoder.layer.7.crossattention.self.key.bias', 'bert.encoder.layer.7.crossattention.self.key.weight', 'bert.encoder.layer.7.crossattention.self.query.bias', 'bert.encoder.layer.7.crossattention.self.query.weight', 'bert.encoder.layer.7.crossattention.self.value.bias', 'bert.encoder.layer.7.crossattention.self.value.weight', 'bert.encoder.layer.8.crossattention.output.LayerNorm.bias', 'bert.encoder.layer.8.crossattention.output.LayerNorm.weight', 'bert.encoder.layer.8.crossattention.output.dense.bias', 'bert.encoder.layer.8.crossattention.output.dense.weight', 'bert.encoder.layer.8.crossattention.self.key.bias', 'bert.encoder.layer.8.crossattention.self.key.weight', 'bert.encoder.layer.8.crossattention.self.query.bias', 'bert.encoder.layer.8.crossattention.self.query.weight', 'bert.encoder.layer.8.crossattention.self.value.bias', 'bert.encoder.layer.8.crossattention.self.value.weight', 'bert.encoder.layer.9.crossattention.output.LayerNorm.bias', 'bert.encoder.layer.9.crossattention.output.LayerNorm.weight', 'bert.encoder.layer.9.crossattention.output.dense.bias', 'bert.encoder.layer.9.crossattention.output.dense.weight', 'bert.encoder.layer.9.crossattention.self.key.bias', 'bert.encoder.layer.9.crossattention.self.key.weight', 'bert.encoder.layer.9.crossattention.self.query.bias', 'bert.encoder.layer.9.crossattention.self.query.weight', 'bert.encoder.layer.9.crossattention.self.value.bias', 'bert.encoder.layer.9.crossattention.self.value.weight']
unexpected_keys: ['cls.seq_relationship.bias', 'cls.seq_relationship.weight']
mismatched_keys: []
error_msgs: []
Label Smooth: 0.2
pose_conv
load checkpoint from checkpoint/cmp.pth
missing_keys:  ['uncertainty_temper', 'prompt_learning_embedding']
unexpected_keys:  []
     Total Params Sum:  254264985
### Inference ITC similiarity matrix
### Zero-Shot Score: 
+-------------------+--------+--------+--------+--------+--------+
|       epoch       |   R1   |   R5   |  R10   |  mAP   |  mINP  |
+-------------------+--------+--------+--------+--------+--------+
|  cos_sim_wo/norm  | 58.544 | 91.860 | 95.703 | 73.596 | 73.596 |
|        -999       | 69.414 | 95.197 | 97.776 | 81.233 | 81.233 |
| itm_score_wo/norm | 84.328 | 98.989 | 99.494 | 91.293 | 91.293 |
|        -999       | 84.277 | 99.039 | 99.596 | 91.276 | 91.276 |
+-------------------+--------+--------+--------+--------+--------+
### TTA:
     preprocess_tta_coefficients  start
     sample selection ...
     number of sample after sample_selection: 1257
     uncertainty ...
     preprocess_tta_coefficients  end
### Creating tta dataset
     tta_dataset: 1257
### Creating tta dataloader
### be careful: func create_loader returns a list length of 1
     tta_loader: 78
### Configure adapted weights
     TTA Dropout Modules: 
 [('vision_encoder.pos_drop', Dropout(p=0, inplace=False), True), ('vision_encoder.layers.0.blocks.0.attn.attn_drop', Dropout(p=0.0, inplace=False), True), ('vision_encoder.layers.0.blocks.0.attn.proj_drop', Dropout(p=0, inplace=False), True), ('vision_encoder.layers.0.blocks.0.mlp.drop', Dropout(p=0, inplace=False), True), ('vision_encoder.layers.0.blocks.1.attn.attn_drop', Dropout(p=0.0, inplace=False), True), ('vision_encoder.layers.0.blocks.1.attn.proj_drop', Dropout(p=0, inplace=False), True), ('vision_encoder.layers.0.blocks.1.mlp.drop', Dropout(p=0, inplace=False), True), ('vision_encoder.layers.1.blocks.0.attn.attn_drop', Dropout(p=0.0, inplace=False), True), ('vision_encoder.layers.1.blocks.0.attn.proj_drop', Dropout(p=0, inplace=False), True), ('vision_encoder.layers.1.blocks.0.mlp.drop', Dropout(p=0, inplace=False), True), ('vision_encoder.layers.1.blocks.1.attn.attn_drop', Dropout(p=0.0, inplace=False), True), ('vision_encoder.layers.1.blocks.1.attn.proj_drop', Dropout(p=0, inplace=False), True), ('vision_encoder.layers.1.blocks.1.mlp.drop', Dropout(p=0, inplace=False), True), ('vision_encoder.layers.2.blocks.0.attn.attn_drop', Dropout(p=0.0, inplace=False), True), ('vision_encoder.layers.2.blocks.0.attn.proj_drop', Dropout(p=0, inplace=False), True), ('vision_encoder.layers.2.blocks.0.mlp.drop', Dropout(p=0, inplace=False), True), ('vision_encoder.layers.2.blocks.1.attn.attn_drop', Dropout(p=0.0, inplace=False), True), ('vision_encoder.layers.2.blocks.1.attn.proj_drop', Dropout(p=0, inplace=False), True), ('vision_encoder.layers.2.blocks.1.mlp.drop', Dropout(p=0, inplace=False), True), ('vision_encoder.layers.2.blocks.2.attn.attn_drop', Dropout(p=0.0, inplace=False), True), ('vision_encoder.layers.2.blocks.2.attn.proj_drop', Dropout(p=0, inplace=False), True), ('vision_encoder.layers.2.blocks.2.mlp.drop', Dropout(p=0, inplace=False), True), ('vision_encoder.layers.2.blocks.3.attn.attn_drop', Dropout(p=0.0, inplace=False), True), ('vision_encoder.layers.2.blocks.3.attn.proj_drop', Dropout(p=0, inplace=False), True), ('vision_encoder.layers.2.blocks.3.mlp.drop', Dropout(p=0, inplace=False), True), ('vision_encoder.layers.2.blocks.4.attn.attn_drop', Dropout(p=0.0, inplace=False), True), ('vision_encoder.layers.2.blocks.4.attn.proj_drop', Dropout(p=0, inplace=False), True), ('vision_encoder.layers.2.blocks.4.mlp.drop', Dropout(p=0, inplace=False), True), ('vision_encoder.layers.2.blocks.5.attn.attn_drop', Dropout(p=0.0, inplace=False), True), ('vision_encoder.layers.2.blocks.5.attn.proj_drop', Dropout(p=0, inplace=False), True), ('vision_encoder.layers.2.blocks.5.mlp.drop', Dropout(p=0, inplace=False), True), ('vision_encoder.layers.2.blocks.6.attn.attn_drop', Dropout(p=0.0, inplace=False), True), ('vision_encoder.layers.2.blocks.6.attn.proj_drop', Dropout(p=0, inplace=False), True), ('vision_encoder.layers.2.blocks.6.mlp.drop', Dropout(p=0, inplace=False), True), ('vision_encoder.layers.2.blocks.7.attn.attn_drop', Dropout(p=0.0, inplace=False), True), ('vision_encoder.layers.2.blocks.7.attn.proj_drop', Dropout(p=0, inplace=False), True), ('vision_encoder.layers.2.blocks.7.mlp.drop', Dropout(p=0, inplace=False), True), ('vision_encoder.layers.2.blocks.8.attn.attn_drop', Dropout(p=0.0, inplace=False), True), ('vision_encoder.layers.2.blocks.8.attn.proj_drop', Dropout(p=0, inplace=False), True), ('vision_encoder.layers.2.blocks.8.mlp.drop', Dropout(p=0, inplace=False), True), ('vision_encoder.layers.2.blocks.9.attn.attn_drop', Dropout(p=0.0, inplace=False), True), ('vision_encoder.layers.2.blocks.9.attn.proj_drop', Dropout(p=0, inplace=False), True), ('vision_encoder.layers.2.blocks.9.mlp.drop', Dropout(p=0, inplace=False), True), ('vision_encoder.layers.2.blocks.10.attn.attn_drop', Dropout(p=0.0, inplace=False), True), ('vision_encoder.layers.2.blocks.10.attn.proj_drop', Dropout(p=0, inplace=False), True), ('vision_encoder.layers.2.blocks.10.mlp.drop', Dropout(p=0, inplace=False), True), ('vision_encoder.layers.2.blocks.11.attn.attn_drop', Dropout(p=0.0, inplace=False), True), ('vision_encoder.layers.2.blocks.11.attn.proj_drop', Dropout(p=0, inplace=False), True), ('vision_encoder.layers.2.blocks.11.mlp.drop', Dropout(p=0, inplace=False), True), ('vision_encoder.layers.2.blocks.12.attn.attn_drop', Dropout(p=0.0, inplace=False), True), ('vision_encoder.layers.2.blocks.12.attn.proj_drop', Dropout(p=0, inplace=False), True), ('vision_encoder.layers.2.blocks.12.mlp.drop', Dropout(p=0, inplace=False), True), ('vision_encoder.layers.2.blocks.13.attn.attn_drop', Dropout(p=0.0, inplace=False), True), ('vision_encoder.layers.2.blocks.13.attn.proj_drop', Dropout(p=0, inplace=False), True), ('vision_encoder.layers.2.blocks.13.mlp.drop', Dropout(p=0, inplace=False), True), ('vision_encoder.layers.2.blocks.14.attn.attn_drop', Dropout(p=0.0, inplace=False), True), ('vision_encoder.layers.2.blocks.14.attn.proj_drop', Dropout(p=0, inplace=False), True), ('vision_encoder.layers.2.blocks.14.mlp.drop', Dropout(p=0, inplace=False), True), ('vision_encoder.layers.2.blocks.15.attn.attn_drop', Dropout(p=0.0, inplace=False), True), ('vision_encoder.layers.2.blocks.15.attn.proj_drop', Dropout(p=0, inplace=False), True), ('vision_encoder.layers.2.blocks.15.mlp.drop', Dropout(p=0, inplace=False), True), ('vision_encoder.layers.2.blocks.16.attn.attn_drop', Dropout(p=0.0, inplace=False), True), ('vision_encoder.layers.2.blocks.16.attn.proj_drop', Dropout(p=0, inplace=False), True), ('vision_encoder.layers.2.blocks.16.mlp.drop', Dropout(p=0, inplace=False), True), ('vision_encoder.layers.2.blocks.17.attn.attn_drop', Dropout(p=0.0, inplace=False), True), ('vision_encoder.layers.2.blocks.17.attn.proj_drop', Dropout(p=0, inplace=False), True), ('vision_encoder.layers.2.blocks.17.mlp.drop', Dropout(p=0, inplace=False), True), ('vision_encoder.layers.3.blocks.0.attn.attn_drop', Dropout(p=0.0, inplace=False), True), ('vision_encoder.layers.3.blocks.0.attn.proj_drop', Dropout(p=0, inplace=False), True), ('vision_encoder.layers.3.blocks.0.mlp.drop', Dropout(p=0, inplace=False), True), ('vision_encoder.layers.3.blocks.1.attn.attn_drop', Dropout(p=0.0, inplace=False), True), ('vision_encoder.layers.3.blocks.1.attn.proj_drop', Dropout(p=0, inplace=False), True), ('vision_encoder.layers.3.blocks.1.mlp.drop', Dropout(p=0, inplace=False), True), ('text_encoder.bert.embeddings.dropout', Dropout(p=0.1, inplace=False), True), ('text_encoder.bert.encoder.layer.0.attention.self.dropout', Dropout(p=0.1, inplace=False), True), ('text_encoder.bert.encoder.layer.0.attention.output.dropout', Dropout(p=0.1, inplace=False), True), ('text_encoder.bert.encoder.layer.0.output.dropout', Dropout(p=0.1, inplace=False), True), ('text_encoder.bert.encoder.layer.1.attention.self.dropout', Dropout(p=0.1, inplace=False), True), ('text_encoder.bert.encoder.layer.1.attention.output.dropout', Dropout(p=0.1, inplace=False), True), ('text_encoder.bert.encoder.layer.1.output.dropout', Dropout(p=0.1, inplace=False), True), ('text_encoder.bert.encoder.layer.2.attention.self.dropout', Dropout(p=0.1, inplace=False), True), ('text_encoder.bert.encoder.layer.2.attention.output.dropout', Dropout(p=0.1, inplace=False), True), ('text_encoder.bert.encoder.layer.2.output.dropout', Dropout(p=0.1, inplace=False), True), ('text_encoder.bert.encoder.layer.3.attention.self.dropout', Dropout(p=0.1, inplace=False), True), ('text_encoder.bert.encoder.layer.3.attention.output.dropout', Dropout(p=0.1, inplace=False), True), ('text_encoder.bert.encoder.layer.3.output.dropout', Dropout(p=0.1, inplace=False), True), ('text_encoder.bert.encoder.layer.4.attention.self.dropout', Dropout(p=0.1, inplace=False), True), ('text_encoder.bert.encoder.layer.4.attention.output.dropout', Dropout(p=0.1, inplace=False), True), ('text_encoder.bert.encoder.layer.4.output.dropout', Dropout(p=0.1, inplace=False), True), ('text_encoder.bert.encoder.layer.5.attention.self.dropout', Dropout(p=0.1, inplace=False), True), ('text_encoder.bert.encoder.layer.5.attention.output.dropout', Dropout(p=0.1, inplace=False), True), ('text_encoder.bert.encoder.layer.5.output.dropout', Dropout(p=0.1, inplace=False), True), ('text_encoder.bert.encoder.layer.6.attention.self.dropout', Dropout(p=0.1, inplace=False), True), ('text_encoder.bert.encoder.layer.6.attention.output.dropout', Dropout(p=0.1, inplace=False), True), ('text_encoder.bert.encoder.layer.6.crossattention.self.dropout', Dropout(p=0.1, inplace=False), True), ('text_encoder.bert.encoder.layer.6.crossattention.output.dropout', Dropout(p=0.1, inplace=False), True), ('text_encoder.bert.encoder.layer.6.output.dropout', Dropout(p=0.1, inplace=False), True), ('text_encoder.bert.encoder.layer.7.attention.self.dropout', Dropout(p=0.1, inplace=False), True), ('text_encoder.bert.encoder.layer.7.attention.output.dropout', Dropout(p=0.1, inplace=False), True), ('text_encoder.bert.encoder.layer.7.crossattention.self.dropout', Dropout(p=0.1, inplace=False), True), ('text_encoder.bert.encoder.layer.7.crossattention.output.dropout', Dropout(p=0.1, inplace=False), True), ('text_encoder.bert.encoder.layer.7.output.dropout', Dropout(p=0.1, inplace=False), True), ('text_encoder.bert.encoder.layer.8.attention.self.dropout', Dropout(p=0.1, inplace=False), True), ('text_encoder.bert.encoder.layer.8.attention.output.dropout', Dropout(p=0.1, inplace=False), True), ('text_encoder.bert.encoder.layer.8.crossattention.self.dropout', Dropout(p=0.1, inplace=False), True), ('text_encoder.bert.encoder.layer.8.crossattention.output.dropout', Dropout(p=0.1, inplace=False), True), ('text_encoder.bert.encoder.layer.8.output.dropout', Dropout(p=0.1, inplace=False), True), ('text_encoder.bert.encoder.layer.9.attention.self.dropout', Dropout(p=0.1, inplace=False), True), ('text_encoder.bert.encoder.layer.9.attention.output.dropout', Dropout(p=0.1, inplace=False), True), ('text_encoder.bert.encoder.layer.9.crossattention.self.dropout', Dropout(p=0.1, inplace=False), True), ('text_encoder.bert.encoder.layer.9.crossattention.output.dropout', Dropout(p=0.1, inplace=False), True), ('text_encoder.bert.encoder.layer.9.output.dropout', Dropout(p=0.1, inplace=False), True), ('text_encoder.bert.encoder.layer.10.attention.self.dropout', Dropout(p=0.1, inplace=False), True), ('text_encoder.bert.encoder.layer.10.attention.output.dropout', Dropout(p=0.1, inplace=False), True), ('text_encoder.bert.encoder.layer.10.crossattention.self.dropout', Dropout(p=0.1, inplace=False), True), ('text_encoder.bert.encoder.layer.10.crossattention.output.dropout', Dropout(p=0.1, inplace=False), True), ('text_encoder.bert.encoder.layer.10.output.dropout', Dropout(p=0.1, inplace=False), True), ('text_encoder.bert.encoder.layer.11.attention.self.dropout', Dropout(p=0.1, inplace=False), True), ('text_encoder.bert.encoder.layer.11.attention.output.dropout', Dropout(p=0.1, inplace=False), True), ('text_encoder.bert.encoder.layer.11.crossattention.self.dropout', Dropout(p=0.1, inplace=False), True), ('text_encoder.bert.encoder.layer.11.crossattention.output.dropout', Dropout(p=0.1, inplace=False), True), ('text_encoder.bert.encoder.layer.11.output.dropout', Dropout(p=0.1, inplace=False), True), ('vision_proj.1', Dropout(p=0.5, inplace=False), True), ('text_proj.1', Dropout(p=0.5, inplace=False), True), ('pose_block.attn.attn_drop', Dropout(p=0.0, inplace=False), True), ('pose_block.attn.proj_drop', Dropout(p=0.0, inplace=False), True)]
     TTA Require Gradient Params: 
 [('text_encoder.bert.embeddings.LayerNorm.weight', torch.Size([768])), ('text_encoder.bert.embeddings.LayerNorm.bias', torch.Size([768])), ('text_encoder.bert.encoder.layer.6.attention.output.LayerNorm.weight', torch.Size([768])), ('text_encoder.bert.encoder.layer.6.attention.output.LayerNorm.bias', torch.Size([768])), ('text_encoder.bert.encoder.layer.6.crossattention.output.LayerNorm.weight', torch.Size([768])), ('text_encoder.bert.encoder.layer.6.crossattention.output.LayerNorm.bias', torch.Size([768])), ('text_encoder.bert.encoder.layer.6.output.LayerNorm.weight', torch.Size([768])), ('text_encoder.bert.encoder.layer.6.output.LayerNorm.bias', torch.Size([768])), ('text_encoder.bert.encoder.layer.7.attention.output.LayerNorm.weight', torch.Size([768])), ('text_encoder.bert.encoder.layer.7.attention.output.LayerNorm.bias', torch.Size([768])), ('text_encoder.bert.encoder.layer.7.crossattention.output.LayerNorm.weight', torch.Size([768])), ('text_encoder.bert.encoder.layer.7.crossattention.output.LayerNorm.bias', torch.Size([768])), ('text_encoder.bert.encoder.layer.7.output.LayerNorm.weight', torch.Size([768])), ('text_encoder.bert.encoder.layer.7.output.LayerNorm.bias', torch.Size([768])), ('text_encoder.bert.encoder.layer.8.attention.output.LayerNorm.weight', torch.Size([768])), ('text_encoder.bert.encoder.layer.8.attention.output.LayerNorm.bias', torch.Size([768])), ('text_encoder.bert.encoder.layer.8.crossattention.output.LayerNorm.weight', torch.Size([768])), ('text_encoder.bert.encoder.layer.8.crossattention.output.LayerNorm.bias', torch.Size([768])), ('text_encoder.bert.encoder.layer.8.output.LayerNorm.weight', torch.Size([768])), ('text_encoder.bert.encoder.layer.8.output.LayerNorm.bias', torch.Size([768])), ('text_encoder.bert.encoder.layer.9.attention.output.LayerNorm.weight', torch.Size([768])), ('text_encoder.bert.encoder.layer.9.attention.output.LayerNorm.bias', torch.Size([768])), ('text_encoder.bert.encoder.layer.9.crossattention.output.LayerNorm.weight', torch.Size([768])), ('text_encoder.bert.encoder.layer.9.crossattention.output.LayerNorm.bias', torch.Size([768])), ('text_encoder.bert.encoder.layer.9.output.LayerNorm.weight', torch.Size([768])), ('text_encoder.bert.encoder.layer.9.output.LayerNorm.bias', torch.Size([768])), ('text_encoder.bert.encoder.layer.10.attention.output.LayerNorm.weight', torch.Size([768])), ('text_encoder.bert.encoder.layer.10.attention.output.LayerNorm.bias', torch.Size([768])), ('text_encoder.bert.encoder.layer.10.crossattention.output.LayerNorm.weight', torch.Size([768])), ('text_encoder.bert.encoder.layer.10.crossattention.output.LayerNorm.bias', torch.Size([768])), ('text_encoder.bert.encoder.layer.10.output.LayerNorm.weight', torch.Size([768])), ('text_encoder.bert.encoder.layer.10.output.LayerNorm.bias', torch.Size([768])), ('text_encoder.bert.encoder.layer.11.attention.output.LayerNorm.weight', torch.Size([768])), ('text_encoder.bert.encoder.layer.11.attention.output.LayerNorm.bias', torch.Size([768])), ('text_encoder.bert.encoder.layer.11.crossattention.output.LayerNorm.weight', torch.Size([768])), ('text_encoder.bert.encoder.layer.11.crossattention.output.LayerNorm.bias', torch.Size([768])), ('text_encoder.bert.encoder.layer.11.output.LayerNorm.weight', torch.Size([768])), ('text_encoder.bert.encoder.layer.11.output.LayerNorm.bias', torch.Size([768])), ('text_encoder.cls.predictions.transform.LayerNorm.weight', torch.Size([768])), ('text_encoder.cls.predictions.transform.LayerNorm.bias', torch.Size([768])), ('itm_head.1.weight', torch.Size([1536])), ('itm_head.1.bias', torch.Size([1536]))]
     TTA Dropout Modules Number: 
 126
     TTA Require Gradient Params Sum: 
 33792
     lr:  5e-05    lr_mult:  2
     model has 'init_params',  386
     num_tta_steps:  4740
     num_warmup_steps:  500
     sched: step
/home/jiahao/task/CMP/tta.py:246: FutureWarning: `torch.cuda.amp.GradScaler(args...)` is deprecated. Please use `torch.amp.GradScaler('cuda', args...)` instead.
  scaler = GradScaler()  # bf16
### Start ITM Test Time Adaptation
      TTA Epoch: [0] [ 0/78]  eta: 0:00:42  entropy: 0.3108  uncertainty: 1.0000  uncertainty_coeffi: 1.0000  loss: 0.3108  lr: 0.000000  time: 0.5504  data: 0.2229  max mem: 2639
      TTA Epoch: [0] [77/78]  eta: 0:00:00  entropy: 0.2462  uncertainty: 1.0000  uncertainty_coeffi: 1.0000  loss: 0.2462  lr: 0.000008  time: 0.0598  data: 0.0000  max mem: 2671
      TTA Epoch: [0] Total time: 0:00:05 (0.0658 s / it)
     Averaged stats: entropy: 0.3249  uncertainty: 1.0000  uncertainty_coeffi: 1.0000  loss: 0.3249  lr: 0.0000
     itm tta time 0:00:05
     Computing matching score
      Evaluation: [   0/1978]  eta: 0:03:04    time: 0.0930  data: 0.0018  max mem: 2671
      Evaluation: [ 100/1978]  eta: 0:02:06    time: 0.0672  data: 0.0000  max mem: 2671
      Evaluation: [ 200/1978]  eta: 0:01:59    time: 0.0671  data: 0.0000  max mem: 2671
      Evaluation: [ 300/1978]  eta: 0:01:53    time: 0.0671  data: 0.0000  max mem: 2671
      Evaluation: [ 400/1978]  eta: 0:01:46    time: 0.0671  data: 0.0000  max mem: 2671
      Evaluation: [ 500/1978]  eta: 0:01:39    time: 0.0672  data: 0.0000  max mem: 2671
      Evaluation: [ 600/1978]  eta: 0:01:33    time: 0.0726  data: 0.0000  max mem: 2671
      Evaluation: [ 700/1978]  eta: 0:01:27    time: 0.0672  data: 0.0000  max mem: 2671
      Evaluation: [ 800/1978]  eta: 0:01:20    time: 0.0672  data: 0.0000  max mem: 2671
      Evaluation: [ 900/1978]  eta: 0:01:13    time: 0.0673  data: 0.0000  max mem: 2671
      Evaluation: [1000/1978]  eta: 0:01:06    time: 0.0675  data: 0.0000  max mem: 2671
      Evaluation: [1100/1978]  eta: 0:00:59    time: 0.0673  data: 0.0000  max mem: 2671
      Evaluation: [1200/1978]  eta: 0:00:52    time: 0.0673  data: 0.0000  max mem: 2671
      Evaluation: [1300/1978]  eta: 0:00:45    time: 0.0673  data: 0.0000  max mem: 2671
      Evaluation: [1400/1978]  eta: 0:00:39    time: 0.0673  data: 0.0000  max mem: 2671
      Evaluation: [1500/1978]  eta: 0:00:32    time: 0.0673  data: 0.0000  max mem: 2671
      Evaluation: [1600/1978]  eta: 0:00:25    time: 0.0674  data: 0.0000  max mem: 2671
      Evaluation: [1700/1978]  eta: 0:00:18    time: 0.0673  data: 0.0000  max mem: 2671
      Evaluation: [1800/1978]  eta: 0:00:12    time: 0.0674  data: 0.0000  max mem: 2671
      Evaluation: [1900/1978]  eta: 0:00:05    time: 0.0674  data: 0.0000  max mem: 2671
      Evaluation: [1977/1978]  eta: 0:00:00    time: 0.0674  data: 0.0000  max mem: 2671
      Evaluation: Total time: 0:02:13 (0.0677 s / it)
     Computing matching score time 0:02:14
### TTA ITM Score: 
+-------------------+--------+--------+--------+--------+--------+
|       epoch       |   R1   |   R5   |  R10   |  mAP   |  mINP  |
+-------------------+--------+--------+--------+--------+--------+
|  cos_sim_wo/norm  | 58.544 | 91.860 | 95.703 | 73.596 | 73.596 |
|        -999       | 69.414 | 95.197 | 97.776 | 81.233 | 81.233 |
| itm_score_wo/norm | 84.328 | 98.989 | 99.494 | 91.293 | 91.293 |
|        -999       | 84.277 | 99.039 | 99.596 | 91.276 | 91.276 |
|         0         | 84.328 | 99.039 | 99.596 | 91.301 | 91.301 |
+-------------------+--------+--------+--------+--------+--------+
     logs:  {'epo': 0, 'R1': np.float32(84.328), 'R5': np.float32(99.039), 'R10': np.float32(99.596), 'mAP': np.float32(91.301), 'mINP': np.float32(91.301), 'entropy': 0.324908, 'uncertainty': 1.0, 'uncertainty_coeffi': 1.0, 'loss': 0.324908, 'lr': 4e-06}
      TTA Epoch: [1] [ 0/78]  eta: 0:00:16  entropy: 0.3636  uncertainty: 1.0000  uncertainty_coeffi: 1.0000  loss: 0.3636  lr: 0.000008  time: 0.2108  data: 0.1502  max mem: 2671
      TTA Epoch: [1] [77/78]  eta: 0:00:00  entropy: 0.2701  uncertainty: 1.0000  uncertainty_coeffi: 1.0000  loss: 0.2701  lr: 0.000016  time: 0.0598  data: 0.0000  max mem: 2671
      TTA Epoch: [1] Total time: 0:00:04 (0.0618 s / it)
     Averaged stats: entropy: 0.3171  uncertainty: 1.0000  uncertainty_coeffi: 1.0000  loss: 0.3171  lr: 0.0000
     itm tta time 0:00:04
     Computing matching score
      Evaluation: [   0/1978]  eta: 0:02:04    time: 0.0628  data: 0.0008  max mem: 2671
      Evaluation: [ 100/1978]  eta: 0:02:05    time: 0.0672  data: 0.0000  max mem: 2671
      Evaluation: [ 200/1978]  eta: 0:01:59    time: 0.0673  data: 0.0000  max mem: 2671
      Evaluation: [ 300/1978]  eta: 0:01:52    time: 0.0671  data: 0.0000  max mem: 2671
      Evaluation: [ 400/1978]  eta: 0:01:45    time: 0.0670  data: 0.0000  max mem: 2671
      Evaluation: [ 500/1978]  eta: 0:01:39    time: 0.0671  data: 0.0000  max mem: 2671
      Evaluation: [ 600/1978]  eta: 0:01:32    time: 0.0672  data: 0.0000  max mem: 2671
      Evaluation: [ 700/1978]  eta: 0:01:25    time: 0.0673  data: 0.0000  max mem: 2671
      Evaluation: [ 800/1978]  eta: 0:01:19    time: 0.0672  data: 0.0000  max mem: 2671
      Evaluation: [ 900/1978]  eta: 0:01:12    time: 0.0672  data: 0.0000  max mem: 2671
      Evaluation: [1000/1978]  eta: 0:01:05    time: 0.0672  data: 0.0000  max mem: 2671
      Evaluation: [1100/1978]  eta: 0:00:58    time: 0.0673  data: 0.0000  max mem: 2671
      Evaluation: [1200/1978]  eta: 0:00:52    time: 0.0672  data: 0.0000  max mem: 2671
      Evaluation: [1300/1978]  eta: 0:00:45    time: 0.0672  data: 0.0000  max mem: 2671
      Evaluation: [1400/1978]  eta: 0:00:38    time: 0.0671  data: 0.0000  max mem: 2671
      Evaluation: [1500/1978]  eta: 0:00:32    time: 0.0676  data: 0.0000  max mem: 2671
      Evaluation: [1600/1978]  eta: 0:00:25    time: 0.0675  data: 0.0000  max mem: 2671
      Evaluation: [1700/1978]  eta: 0:00:18    time: 0.0674  data: 0.0000  max mem: 2671
      Evaluation: [1800/1978]  eta: 0:00:11    time: 0.0671  data: 0.0000  max mem: 2671
      Evaluation: [1900/1978]  eta: 0:00:05    time: 0.0685  data: 0.0000  max mem: 2671
      Evaluation: [1977/1978]  eta: 0:00:00    time: 0.0671  data: 0.0000  max mem: 2671
      Evaluation: Total time: 0:02:13 (0.0673 s / it)
     Computing matching score time 0:02:13
### TTA ITM Score: 
+-------------------+--------+--------+--------+--------+--------+
|       epoch       |   R1   |   R5   |  R10   |  mAP   |  mINP  |
+-------------------+--------+--------+--------+--------+--------+
|  cos_sim_wo/norm  | 58.544 | 91.860 | 95.703 | 73.596 | 73.596 |
|        -999       | 69.414 | 95.197 | 97.776 | 81.233 | 81.233 |
| itm_score_wo/norm | 84.328 | 98.989 | 99.494 | 91.293 | 91.293 |
|        -999       | 84.277 | 99.039 | 99.596 | 91.276 | 91.276 |
|         0         | 84.328 | 99.039 | 99.596 | 91.301 | 91.301 |
|         1         | 84.631 | 99.039 | 99.596 | 91.453 | 91.453 |
+-------------------+--------+--------+--------+--------+--------+
     logs:  {'epo': 1, 'R1': np.float32(84.631), 'R5': np.float32(99.039), 'R10': np.float32(99.596), 'mAP': np.float32(91.453), 'mINP': np.float32(91.453), 'entropy': 0.317144, 'uncertainty': 1.0, 'uncertainty_coeffi': 1.0, 'loss': 0.317144, 'lr': 1.2e-05}
      TTA Epoch: [2] [ 0/78]  eta: 0:00:17  entropy: 0.4323  uncertainty: 1.0000  uncertainty_coeffi: 1.0000  loss: 0.4323  lr: 0.000016  time: 0.2207  data: 0.1595  max mem: 2671
      TTA Epoch: [2] [77/78]  eta: 0:00:00  entropy: 0.6137  uncertainty: 1.0000  uncertainty_coeffi: 1.0000  loss: 0.6137  lr: 0.000023  time: 0.0597  data: 0.0000  max mem: 2671
      TTA Epoch: [2] Total time: 0:00:04 (0.0619 s / it)
     Averaged stats: entropy: 0.3026  uncertainty: 1.0000  uncertainty_coeffi: 1.0000  loss: 0.3026  lr: 0.0000
     itm tta time 0:00:04
     Computing matching score
      Evaluation: [   0/1978]  eta: 0:02:01    time: 0.0615  data: 0.0008  max mem: 2671
      Evaluation: [ 100/1978]  eta: 0:02:08    time: 0.0711  data: 0.0000  max mem: 2671
      Evaluation: [ 200/1978]  eta: 0:02:00    time: 0.0675  data: 0.0000  max mem: 2671
      Evaluation: [ 300/1978]  eta: 0:01:53    time: 0.0673  data: 0.0000  max mem: 2671
      Evaluation: [ 400/1978]  eta: 0:01:46    time: 0.0672  data: 0.0000  max mem: 2671
      Evaluation: [ 500/1978]  eta: 0:01:39    time: 0.0672  data: 0.0000  max mem: 2671
      Evaluation: [ 600/1978]  eta: 0:01:33    time: 0.0672  data: 0.0000  max mem: 2671
      Evaluation: [ 700/1978]  eta: 0:01:26    time: 0.0672  data: 0.0000  max mem: 2671
      Evaluation: [ 800/1978]  eta: 0:01:19    time: 0.0672  data: 0.0000  max mem: 2671
      Evaluation: [ 900/1978]  eta: 0:01:12    time: 0.0671  data: 0.0000  max mem: 2671
      Evaluation: [1000/1978]  eta: 0:01:05    time: 0.0671  data: 0.0000  max mem: 2671
      Evaluation: [1100/1978]  eta: 0:00:59    time: 0.0672  data: 0.0000  max mem: 2671
      Evaluation: [1200/1978]  eta: 0:00:52    time: 0.0673  data: 0.0000  max mem: 2671
      Evaluation: [1300/1978]  eta: 0:00:45    time: 0.0673  data: 0.0000  max mem: 2671
      Evaluation: [1400/1978]  eta: 0:00:38    time: 0.0672  data: 0.0000  max mem: 2671
      Evaluation: [1500/1978]  eta: 0:00:32    time: 0.0672  data: 0.0000  max mem: 2671
      Evaluation: [1600/1978]  eta: 0:00:25    time: 0.0673  data: 0.0000  max mem: 2671
      Evaluation: [1700/1978]  eta: 0:00:18    time: 0.0672  data: 0.0000  max mem: 2671
      Evaluation: [1800/1978]  eta: 0:00:11    time: 0.0672  data: 0.0000  max mem: 2671
      Evaluation: [1900/1978]  eta: 0:00:05    time: 0.0673  data: 0.0000  max mem: 2671
      Evaluation: [1977/1978]  eta: 0:00:00    time: 0.0672  data: 0.0000  max mem: 2671
      Evaluation: Total time: 0:02:13 (0.0673 s / it)
     Computing matching score time 0:02:13
### TTA ITM Score: 
+-------------------+--------+--------+--------+--------+--------+
|       epoch       |   R1   |   R5   |  R10   |  mAP   |  mINP  |
+-------------------+--------+--------+--------+--------+--------+
|  cos_sim_wo/norm  | 58.544 | 91.860 | 95.703 | 73.596 | 73.596 |
|        -999       | 69.414 | 95.197 | 97.776 | 81.233 | 81.233 |
| itm_score_wo/norm | 84.328 | 98.989 | 99.494 | 91.293 | 91.293 |
|        -999       | 84.277 | 99.039 | 99.596 | 91.276 | 91.276 |
|         0         | 84.328 | 99.039 | 99.596 | 91.301 | 91.301 |
|         1         | 84.631 | 99.039 | 99.596 | 91.453 | 91.453 |
|         2         | 84.681 | 98.989 | 99.596 | 91.456 | 91.456 |
+-------------------+--------+--------+--------+--------+--------+
     logs:  {'epo': 2, 'R1': np.float32(84.681), 'R5': np.float32(98.989), 'R10': np.float32(99.596), 'mAP': np.float32(91.456), 'mINP': np.float32(91.456), 'entropy': 0.302614, 'uncertainty': 1.0, 'uncertainty_coeffi': 1.0, 'loss': 0.302614, 'lr': 2e-05}
      TTA Epoch: [3] [ 0/78]  eta: 0:00:17  entropy: 0.3339  uncertainty: 1.0000  uncertainty_coeffi: 1.0000  loss: 0.3339  lr: 0.000023  time: 0.2238  data: 0.1631  max mem: 2671
      TTA Epoch: [3] [77/78]  eta: 0:00:00  entropy: 0.3072  uncertainty: 1.0000  uncertainty_coeffi: 1.0000  loss: 0.3072  lr: 0.000031  time: 0.0599  data: 0.0000  max mem: 2671
      TTA Epoch: [3] Total time: 0:00:04 (0.0624 s / it)
     Averaged stats: entropy: 0.2881  uncertainty: 1.0000  uncertainty_coeffi: 1.0000  loss: 0.2881  lr: 0.0000
     itm tta time 0:00:04
      TTA Epoch: [4] [ 0/78]  eta: 0:00:16  entropy: 0.2834  uncertainty: 1.0000  uncertainty_coeffi: 1.0000  loss: 0.2834  lr: 0.000031  time: 0.2087  data: 0.1480  max mem: 2671
      TTA Epoch: [4] [77/78]  eta: 0:00:00  entropy: 0.3646  uncertainty: 1.0000  uncertainty_coeffi: 1.0000  loss: 0.3646  lr: 0.000039  time: 0.0597  data: 0.0000  max mem: 2671
      TTA Epoch: [4] Total time: 0:00:04 (0.0618 s / it)
     Averaged stats: entropy: 0.2620  uncertainty: 1.0000  uncertainty_coeffi: 1.0000  loss: 0.2620  lr: 0.0000
     itm tta time 0:00:04
     Computing matching score
      Evaluation: [   0/1978]  eta: 0:02:02    time: 0.0620  data: 0.0008  max mem: 2671
      Evaluation: [ 100/1978]  eta: 0:02:06    time: 0.0671  data: 0.0000  max mem: 2671
      Evaluation: [ 200/1978]  eta: 0:01:59    time: 0.0672  data: 0.0000  max mem: 2671
      Evaluation: [ 300/1978]  eta: 0:01:52    time: 0.0672  data: 0.0000  max mem: 2671
      Evaluation: [ 400/1978]  eta: 0:01:45    time: 0.0672  data: 0.0000  max mem: 2671
      Evaluation: [ 500/1978]  eta: 0:01:39    time: 0.0673  data: 0.0000  max mem: 2671
      Evaluation: [ 600/1978]  eta: 0:01:32    time: 0.0674  data: 0.0000  max mem: 2671
      Evaluation: [ 700/1978]  eta: 0:01:25    time: 0.0674  data: 0.0000  max mem: 2671
      Evaluation: [ 800/1978]  eta: 0:01:19    time: 0.0672  data: 0.0000  max mem: 2671
      Evaluation: [ 900/1978]  eta: 0:01:12    time: 0.0702  data: 0.0000  max mem: 2671
      Evaluation: [1000/1978]  eta: 0:01:05    time: 0.0675  data: 0.0000  max mem: 2671
      Evaluation: [1100/1978]  eta: 0:00:59    time: 0.0676  data: 0.0000  max mem: 2671
      Evaluation: [1200/1978]  eta: 0:00:52    time: 0.0671  data: 0.0000  max mem: 2671
      Evaluation: [1300/1978]  eta: 0:00:45    time: 0.0671  data: 0.0000  max mem: 2671
      Evaluation: [1400/1978]  eta: 0:00:38    time: 0.0671  data: 0.0000  max mem: 2671
      Evaluation: [1500/1978]  eta: 0:00:32    time: 0.0672  data: 0.0000  max mem: 2671
      Evaluation: [1600/1978]  eta: 0:00:25    time: 0.0671  data: 0.0000  max mem: 2671
      Evaluation: [1700/1978]  eta: 0:00:18    time: 0.0673  data: 0.0000  max mem: 2671
      Evaluation: [1800/1978]  eta: 0:00:11    time: 0.0673  data: 0.0000  max mem: 2671
      Evaluation: [1900/1978]  eta: 0:00:05    time: 0.0674  data: 0.0000  max mem: 2671
      Evaluation: [1977/1978]  eta: 0:00:00    time: 0.0672  data: 0.0000  max mem: 2671
      Evaluation: Total time: 0:02:13 (0.0674 s / it)
     Computing matching score time 0:02:13
### TTA ITM Score: 
+-------------------+--------+--------+--------+--------+--------+
|       epoch       |   R1   |   R5   |  R10   |  mAP   |  mINP  |
+-------------------+--------+--------+--------+--------+--------+
|  cos_sim_wo/norm  | 58.544 | 91.860 | 95.703 | 73.596 | 73.596 |
|        -999       | 69.414 | 95.197 | 97.776 | 81.233 | 81.233 |
| itm_score_wo/norm | 84.328 | 98.989 | 99.494 | 91.293 | 91.293 |
|        -999       | 84.277 | 99.039 | 99.596 | 91.276 | 91.276 |
|         0         | 84.328 | 99.039 | 99.596 | 91.301 | 91.301 |
|         1         | 84.631 | 99.039 | 99.596 | 91.453 | 91.453 |
|         2         | 84.681 | 98.989 | 99.596 | 91.456 | 91.456 |
|         4         | 84.530 | 98.938 | 99.494 | 91.336 | 91.336 |
+-------------------+--------+--------+--------+--------+--------+
     logs:  {'epo': 4, 'R1': np.float32(84.53), 'R5': np.float32(98.938), 'R10': np.float32(99.494), 'mAP': np.float32(91.336), 'mINP': np.float32(91.336), 'entropy': 0.262028, 'uncertainty': 1.0, 'uncertainty_coeffi': 1.0, 'loss': 0.262028, 'lr': 3.5e-05}
      TTA Epoch: [5] [ 0/78]  eta: 0:00:16  entropy: 0.3143  uncertainty: 1.0000  uncertainty_coeffi: 1.0000  loss: 0.3143  lr: 0.000039  time: 0.2099  data: 0.1493  max mem: 2671
      TTA Epoch: [5] [77/78]  eta: 0:00:00  entropy: 0.3389  uncertainty: 1.0000  uncertainty_coeffi: 1.0000  loss: 0.3389  lr: 0.000047  time: 0.0598  data: 0.0000  max mem: 2671
      TTA Epoch: [5] Total time: 0:00:04 (0.0619 s / it)
     Averaged stats: entropy: 0.2400  uncertainty: 1.0000  uncertainty_coeffi: 1.0000  loss: 0.2400  lr: 0.0000
     itm tta time 0:00:04
      TTA Epoch: [6] [ 0/78]  eta: 0:00:15  entropy: 0.2444  uncertainty: 1.0000  uncertainty_coeffi: 1.0000  loss: 0.2444  lr: 0.000047  time: 0.2008  data: 0.1394  max mem: 2671
      TTA Epoch: [6] [77/78]  eta: 0:00:00  entropy: 0.1680  uncertainty: 1.0000  uncertainty_coeffi: 1.0000  loss: 0.1680  lr: 0.000049  time: 0.0598  data: 0.0001  max mem: 2671
      TTA Epoch: [6] Total time: 0:00:04 (0.0617 s / it)
     Averaged stats: entropy: 0.2187  uncertainty: 1.0000  uncertainty_coeffi: 1.0000  loss: 0.2187  lr: 0.0000
     itm tta time 0:00:04
      TTA Epoch: [7] [ 0/78]  eta: 0:00:16  entropy: 0.1079  uncertainty: 1.0000  uncertainty_coeffi: 1.0000  loss: 0.1079  lr: 0.000049  time: 0.2176  data: 0.1572  max mem: 2671
      TTA Epoch: [7] [77/78]  eta: 0:00:00  entropy: 0.1591  uncertainty: 1.0000  uncertainty_coeffi: 1.0000  loss: 0.1591  lr: 0.000049  time: 0.0598  data: 0.0000  max mem: 2671
      TTA Epoch: [7] Total time: 0:00:04 (0.0619 s / it)
     Averaged stats: entropy: 0.2012  uncertainty: 1.0000  uncertainty_coeffi: 1.0000  loss: 0.2012  lr: 0.0000
     itm tta time 0:00:04
      TTA Epoch: [8] [ 0/78]  eta: 0:00:16  entropy: 0.1018  uncertainty: 1.0000  uncertainty_coeffi: 1.0000  loss: 0.1018  lr: 0.000049  time: 0.2101  data: 0.1491  max mem: 2671
      TTA Epoch: [8] [77/78]  eta: 0:00:00  entropy: 0.3572  uncertainty: 1.0000  uncertainty_coeffi: 1.0000  loss: 0.3572  lr: 0.000048  time: 0.0597  data: 0.0000  max mem: 2671
      TTA Epoch: [8] Total time: 0:00:04 (0.0618 s / it)
     Averaged stats: entropy: 0.1933  uncertainty: 1.0000  uncertainty_coeffi: 1.0000  loss: 0.1933  lr: 0.0000
     itm tta time 0:00:04
      TTA Epoch: [9] [ 0/78]  eta: 0:00:17  entropy: 0.2880  uncertainty: 1.0000  uncertainty_coeffi: 1.0000  loss: 0.2880  lr: 0.000048  time: 0.2206  data: 0.1606  max mem: 2671
      TTA Epoch: [9] [77/78]  eta: 0:00:00  entropy: 0.1153  uncertainty: 1.0000  uncertainty_coeffi: 1.0000  loss: 0.1153  lr: 0.000047  time: 0.0597  data: 0.0000  max mem: 2671
      TTA Epoch: [9] Total time: 0:00:04 (0.0619 s / it)
     Averaged stats: entropy: 0.1799  uncertainty: 1.0000  uncertainty_coeffi: 1.0000  loss: 0.1799  lr: 0.0000
     itm tta time 0:00:04
     Computing matching score
      Evaluation: [   0/1978]  eta: 0:02:01    time: 0.0616  data: 0.0008  max mem: 2671
      Evaluation: [ 100/1978]  eta: 0:02:05    time: 0.0671  data: 0.0000  max mem: 2671
      Evaluation: [ 200/1978]  eta: 0:01:59    time: 0.0671  data: 0.0000  max mem: 2671
      Evaluation: [ 300/1978]  eta: 0:01:52    time: 0.0672  data: 0.0000  max mem: 2671
      Evaluation: [ 400/1978]  eta: 0:01:45    time: 0.0673  data: 0.0000  max mem: 2671
      Evaluation: [ 500/1978]  eta: 0:01:39    time: 0.0671  data: 0.0000  max mem: 2671
      Evaluation: [ 600/1978]  eta: 0:01:32    time: 0.0672  data: 0.0000  max mem: 2671
      Evaluation: [ 700/1978]  eta: 0:01:25    time: 0.0670  data: 0.0000  max mem: 2671
      Evaluation: [ 800/1978]  eta: 0:01:19    time: 0.0671  data: 0.0000  max mem: 2671
      Evaluation: [ 900/1978]  eta: 0:01:12    time: 0.0672  data: 0.0000  max mem: 2671
      Evaluation: [1000/1978]  eta: 0:01:05    time: 0.0674  data: 0.0000  max mem: 2671
      Evaluation: [1100/1978]  eta: 0:00:58    time: 0.0671  data: 0.0000  max mem: 2671
      Evaluation: [1200/1978]  eta: 0:00:52    time: 0.0673  data: 0.0000  max mem: 2671
      Evaluation: [1300/1978]  eta: 0:00:45    time: 0.0674  data: 0.0000  max mem: 2671
      Evaluation: [1400/1978]  eta: 0:00:38    time: 0.0672  data: 0.0000  max mem: 2671
      Evaluation: [1500/1978]  eta: 0:00:32    time: 0.0672  data: 0.0000  max mem: 2671
      Evaluation: [1600/1978]  eta: 0:00:25    time: 0.0671  data: 0.0000  max mem: 2671
      Evaluation: [1700/1978]  eta: 0:00:18    time: 0.0672  data: 0.0000  max mem: 2671
      Evaluation: [1800/1978]  eta: 0:00:11    time: 0.0673  data: 0.0000  max mem: 2671
      Evaluation: [1900/1978]  eta: 0:00:05    time: 0.0673  data: 0.0000  max mem: 2671
      Evaluation: [1977/1978]  eta: 0:00:00    time: 0.0673  data: 0.0000  max mem: 2671
      Evaluation: Total time: 0:02:12 (0.0672 s / it)
     Computing matching score time 0:02:13
### TTA ITM Score: 
+-------------------+--------+--------+--------+--------+--------+
|       epoch       |   R1   |   R5   |  R10   |  mAP   |  mINP  |
+-------------------+--------+--------+--------+--------+--------+
|  cos_sim_wo/norm  | 58.544 | 91.860 | 95.703 | 73.596 | 73.596 |
|        -999       | 69.414 | 95.197 | 97.776 | 81.233 | 81.233 |
| itm_score_wo/norm | 84.328 | 98.989 | 99.494 | 91.293 | 91.293 |
|        -999       | 84.277 | 99.039 | 99.596 | 91.276 | 91.276 |
|         0         | 84.328 | 99.039 | 99.596 | 91.301 | 91.301 |
|         1         | 84.631 | 99.039 | 99.596 | 91.453 | 91.453 |
|         2         | 84.681 | 98.989 | 99.596 | 91.456 | 91.456 |
|         4         | 84.530 | 98.938 | 99.494 | 91.336 | 91.336 |
|         9         | 84.530 | 98.686 | 99.343 | 91.277 | 91.277 |
+-------------------+--------+--------+--------+--------+--------+
     logs:  {'epo': 9, 'R1': np.float32(84.53), 'R5': np.float32(98.686), 'R10': np.float32(99.343), 'mAP': np.float32(91.277), 'mINP': np.float32(91.277), 'entropy': 0.179866, 'uncertainty': 1.0, 'uncertainty_coeffi': 1.0, 'loss': 0.179866, 'lr': 4.7e-05}
      TTA Epoch: [10] [ 0/78]  eta: 0:00:16  entropy: 0.2145  uncertainty: 1.0000  uncertainty_coeffi: 1.0000  loss: 0.2145  lr: 0.000047  time: 0.2063  data: 0.1459  max mem: 2671
      TTA Epoch: [10] [77/78]  eta: 0:00:00  entropy: 0.1603  uncertainty: 1.0000  uncertainty_coeffi: 1.0000  loss: 0.1603  lr: 0.000046  time: 0.0601  data: 0.0001  max mem: 2671
      TTA Epoch: [10] Total time: 0:00:04 (0.0619 s / it)
     Averaged stats: entropy: 0.1741  uncertainty: 1.0000  uncertainty_coeffi: 1.0000  loss: 0.1741  lr: 0.0000
     itm tta time 0:00:04
      TTA Epoch: [11] [ 0/78]  eta: 0:00:16  entropy: 0.1878  uncertainty: 1.0000  uncertainty_coeffi: 1.0000  loss: 0.1878  lr: 0.000046  time: 0.2106  data: 0.1494  max mem: 2671
      TTA Epoch: [11] [77/78]  eta: 0:00:00  entropy: 0.1721  uncertainty: 1.0000  uncertainty_coeffi: 1.0000  loss: 0.1721  lr: 0.000045  time: 0.0595  data: 0.0000  max mem: 2671
      TTA Epoch: [11] Total time: 0:00:04 (0.0618 s / it)
     Averaged stats: entropy: 0.1607  uncertainty: 1.0000  uncertainty_coeffi: 1.0000  loss: 0.1607  lr: 0.0000
     itm tta time 0:00:04
      TTA Epoch: [12] [ 0/78]  eta: 0:00:15  entropy: 0.2749  uncertainty: 1.0000  uncertainty_coeffi: 1.0000  loss: 0.2749  lr: 0.000045  time: 0.2023  data: 0.1405  max mem: 2671
      TTA Epoch: [12] [77/78]  eta: 0:00:00  entropy: 0.2049  uncertainty: 1.0000  uncertainty_coeffi: 1.0000  loss: 0.2049  lr: 0.000044  time: 0.0603  data: 0.0000  max mem: 2671
      TTA Epoch: [12] Total time: 0:00:04 (0.0625 s / it)
     Averaged stats: entropy: 0.1613  uncertainty: 1.0000  uncertainty_coeffi: 1.0000  loss: 0.1613  lr: 0.0000
     itm tta time 0:00:04
      TTA Epoch: [13] [ 0/78]  eta: 0:00:15  entropy: 0.1927  uncertainty: 1.0000  uncertainty_coeffi: 1.0000  loss: 0.1927  lr: 0.000044  time: 0.2038  data: 0.1419  max mem: 2671
      TTA Epoch: [13] [77/78]  eta: 0:00:00  entropy: 0.2161  uncertainty: 1.0000  uncertainty_coeffi: 1.0000  loss: 0.2161  lr: 0.000043  time: 0.0601  data: 0.0000  max mem: 2671
      TTA Epoch: [13] Total time: 0:00:04 (0.0619 s / it)
     Averaged stats: entropy: 0.1499  uncertainty: 1.0000  uncertainty_coeffi: 1.0000  loss: 0.1499  lr: 0.0000
     itm tta time 0:00:04
      TTA Epoch: [14] [ 0/78]  eta: 0:00:16  entropy: 0.1884  uncertainty: 1.0000  uncertainty_coeffi: 1.0000  loss: 0.1884  lr: 0.000043  time: 0.2160  data: 0.1554  max mem: 2671
      TTA Epoch: [14] [77/78]  eta: 0:00:00  entropy: 0.1133  uncertainty: 1.0000  uncertainty_coeffi: 1.0000  loss: 0.1133  lr: 0.000042  time: 0.0599  data: 0.0000  max mem: 2671
      TTA Epoch: [14] Total time: 0:00:04 (0.0620 s / it)
     Averaged stats: entropy: 0.1450  uncertainty: 1.0000  uncertainty_coeffi: 1.0000  loss: 0.1450  lr: 0.0000
     itm tta time 0:00:04
     Computing matching score
      Evaluation: [   0/1978]  eta: 0:02:03    time: 0.0625  data: 0.0008  max mem: 2671
      Evaluation: [ 100/1978]  eta: 0:02:06    time: 0.0669  data: 0.0000  max mem: 2671
      Evaluation: [ 200/1978]  eta: 0:01:59    time: 0.0669  data: 0.0000  max mem: 2671
      Evaluation: [ 300/1978]  eta: 0:01:52    time: 0.0669  data: 0.0000  max mem: 2671
      Evaluation: [ 400/1978]  eta: 0:01:45    time: 0.0671  data: 0.0000  max mem: 2671
      Evaluation: [ 500/1978]  eta: 0:01:39    time: 0.0708  data: 0.0000  max mem: 2671
      Evaluation: [ 600/1978]  eta: 0:01:32    time: 0.0673  data: 0.0000  max mem: 2671
      Evaluation: [ 700/1978]  eta: 0:01:26    time: 0.0671  data: 0.0000  max mem: 2671
      Evaluation: [ 800/1978]  eta: 0:01:19    time: 0.0673  data: 0.0000  max mem: 2671
      Evaluation: [ 900/1978]  eta: 0:01:12    time: 0.0672  data: 0.0000  max mem: 2671
      Evaluation: [1000/1978]  eta: 0:01:05    time: 0.0672  data: 0.0000  max mem: 2671
      Evaluation: [1100/1978]  eta: 0:00:59    time: 0.0671  data: 0.0000  max mem: 2671
      Evaluation: [1200/1978]  eta: 0:00:52    time: 0.0672  data: 0.0000  max mem: 2671
      Evaluation: [1300/1978]  eta: 0:00:45    time: 0.0672  data: 0.0000  max mem: 2671
      Evaluation: [1400/1978]  eta: 0:00:38    time: 0.0671  data: 0.0000  max mem: 2671
      Evaluation: [1500/1978]  eta: 0:00:32    time: 0.0671  data: 0.0000  max mem: 2671
      Evaluation: [1600/1978]  eta: 0:00:25    time: 0.0671  data: 0.0000  max mem: 2671
      Evaluation: [1700/1978]  eta: 0:00:18    time: 0.0671  data: 0.0000  max mem: 2671
      Evaluation: [1800/1978]  eta: 0:00:11    time: 0.0673  data: 0.0000  max mem: 2671
      Evaluation: [1900/1978]  eta: 0:00:05    time: 0.0672  data: 0.0000  max mem: 2671
      Evaluation: [1977/1978]  eta: 0:00:00    time: 0.0672  data: 0.0000  max mem: 2671
      Evaluation: Total time: 0:02:12 (0.0672 s / it)
     Computing matching score time 0:02:13
### TTA ITM Score: 
+-------------------+--------+--------+--------+--------+--------+
|       epoch       |   R1   |   R5   |  R10   |  mAP   |  mINP  |
+-------------------+--------+--------+--------+--------+--------+
|  cos_sim_wo/norm  | 58.544 | 91.860 | 95.703 | 73.596 | 73.596 |
|        -999       | 69.414 | 95.197 | 97.776 | 81.233 | 81.233 |
| itm_score_wo/norm | 84.328 | 98.989 | 99.494 | 91.293 | 91.293 |
|        -999       | 84.277 | 99.039 | 99.596 | 91.276 | 91.276 |
|         0         | 84.328 | 99.039 | 99.596 | 91.301 | 91.301 |
|         1         | 84.631 | 99.039 | 99.596 | 91.453 | 91.453 |
|         2         | 84.681 | 98.989 | 99.596 | 91.456 | 91.456 |
|         4         | 84.530 | 98.938 | 99.494 | 91.336 | 91.336 |
|         9         | 84.530 | 98.686 | 99.343 | 91.277 | 91.277 |
|         14        | 84.479 | 98.635 | 99.141 | 91.220 | 91.220 |
+-------------------+--------+--------+--------+--------+--------+
     logs:  {'epo': 14, 'R1': np.float32(84.479), 'R5': np.float32(98.635), 'R10': np.float32(99.141), 'mAP': np.float32(91.22), 'mINP': np.float32(91.22), 'entropy': 0.145021, 'uncertainty': 1.0, 'uncertainty_coeffi': 1.0, 'loss': 0.145021, 'lr': 4.3e-05}
      TTA Epoch: [15] [ 0/78]  eta: 0:00:16  entropy: 0.1241  uncertainty: 1.0000  uncertainty_coeffi: 1.0000  loss: 0.1241  lr: 0.000042  time: 0.2107  data: 0.1492  max mem: 2671
      TTA Epoch: [15] [77/78]  eta: 0:00:00  entropy: 0.0827  uncertainty: 1.0000  uncertainty_coeffi: 1.0000  loss: 0.0827  lr: 0.000041  time: 0.0599  data: 0.0000  max mem: 2671
      TTA Epoch: [15] Total time: 0:00:04 (0.0619 s / it)
     Averaged stats: entropy: 0.1417  uncertainty: 1.0000  uncertainty_coeffi: 1.0000  loss: 0.1417  lr: 0.0000
     itm tta time 0:00:04
      TTA Epoch: [16] [ 0/78]  eta: 0:00:16  entropy: 0.0926  uncertainty: 1.0000  uncertainty_coeffi: 1.0000  loss: 0.0926  lr: 0.000041  time: 0.2124  data: 0.1501  max mem: 2671
      TTA Epoch: [16] [77/78]  eta: 0:00:00  entropy: 0.0642  uncertainty: 1.0000  uncertainty_coeffi: 1.0000  loss: 0.0642  lr: 0.000040  time: 0.0597  data: 0.0000  max mem: 2671
      TTA Epoch: [16] Total time: 0:00:04 (0.0618 s / it)
     Averaged stats: entropy: 0.1328  uncertainty: 1.0000  uncertainty_coeffi: 1.0000  loss: 0.1328  lr: 0.0000
     itm tta time 0:00:04
      TTA Epoch: [17] [ 0/78]  eta: 0:00:16  entropy: 0.0596  uncertainty: 1.0000  uncertainty_coeffi: 1.0000  loss: 0.0596  lr: 0.000040  time: 0.2080  data: 0.1467  max mem: 2671
      TTA Epoch: [17] [77/78]  eta: 0:00:00  entropy: 0.2084  uncertainty: 1.0000  uncertainty_coeffi: 1.0000  loss: 0.2084  lr: 0.000039  time: 0.0596  data: 0.0000  max mem: 2671
      TTA Epoch: [17] Total time: 0:00:04 (0.0617 s / it)
     Averaged stats: entropy: 0.1348  uncertainty: 1.0000  uncertainty_coeffi: 1.0000  loss: 0.1348  lr: 0.0000
     itm tta time 0:00:04
      TTA Epoch: [18] [ 0/78]  eta: 0:00:17  entropy: 0.1932  uncertainty: 1.0000  uncertainty_coeffi: 1.0000  loss: 0.1932  lr: 0.000039  time: 0.2196  data: 0.1574  max mem: 2671
      TTA Epoch: [18] [77/78]  eta: 0:00:00  entropy: 0.1198  uncertainty: 1.0000  uncertainty_coeffi: 1.0000  loss: 0.1198  lr: 0.000038  time: 0.0597  data: 0.0000  max mem: 2671
      TTA Epoch: [18] Total time: 0:00:04 (0.0619 s / it)
     Averaged stats: entropy: 0.1262  uncertainty: 1.0000  uncertainty_coeffi: 1.0000  loss: 0.1262  lr: 0.0000
     itm tta time 0:00:04
      TTA Epoch: [19] [ 0/78]  eta: 0:00:16  entropy: 0.2086  uncertainty: 1.0000  uncertainty_coeffi: 1.0000  loss: 0.2086  lr: 0.000038  time: 0.2125  data: 0.1514  max mem: 2671
      TTA Epoch: [19] [77/78]  eta: 0:00:00  entropy: 0.1258  uncertainty: 1.0000  uncertainty_coeffi: 1.0000  loss: 0.1258  lr: 0.000038  time: 0.0599  data: 0.0000  max mem: 2671
      TTA Epoch: [19] Total time: 0:00:04 (0.0618 s / it)
     Averaged stats: entropy: 0.1335  uncertainty: 1.0000  uncertainty_coeffi: 1.0000  loss: 0.1335  lr: 0.0000
     itm tta time 0:00:04
     Computing matching score
      Evaluation: [   0/1978]  eta: 0:02:01    time: 0.0617  data: 0.0008  max mem: 2671
      Evaluation: [ 100/1978]  eta: 0:02:05    time: 0.0670  data: 0.0000  max mem: 2671
      Evaluation: [ 200/1978]  eta: 0:01:59    time: 0.0671  data: 0.0000  max mem: 2671
      Evaluation: [ 300/1978]  eta: 0:01:52    time: 0.0672  data: 0.0000  max mem: 2671
      Evaluation: [ 400/1978]  eta: 0:01:45    time: 0.0672  data: 0.0000  max mem: 2671
      Evaluation: [ 500/1978]  eta: 0:01:39    time: 0.0671  data: 0.0000  max mem: 2671
      Evaluation: [ 600/1978]  eta: 0:01:32    time: 0.0672  data: 0.0000  max mem: 2671
      Evaluation: [ 700/1978]  eta: 0:01:25    time: 0.0672  data: 0.0000  max mem: 2671
      Evaluation: [ 800/1978]  eta: 0:01:19    time: 0.0672  data: 0.0000  max mem: 2671
      Evaluation: [ 900/1978]  eta: 0:01:12    time: 0.0671  data: 0.0000  max mem: 2671
      Evaluation: [1000/1978]  eta: 0:01:05    time: 0.0671  data: 0.0000  max mem: 2671
      Evaluation: [1100/1978]  eta: 0:00:58    time: 0.0672  data: 0.0000  max mem: 2671
      Evaluation: [1200/1978]  eta: 0:00:52    time: 0.0673  data: 0.0000  max mem: 2671
      Evaluation: [1300/1978]  eta: 0:00:45    time: 0.0673  data: 0.0000  max mem: 2671
      Evaluation: [1400/1978]  eta: 0:00:38    time: 0.0672  data: 0.0000  max mem: 2671
      Evaluation: [1500/1978]  eta: 0:00:32    time: 0.0672  data: 0.0000  max mem: 2671
      Evaluation: [1600/1978]  eta: 0:00:25    time: 0.0673  data: 0.0000  max mem: 2671
      Evaluation: [1700/1978]  eta: 0:00:18    time: 0.0673  data: 0.0000  max mem: 2671
      Evaluation: [1800/1978]  eta: 0:00:11    time: 0.0673  data: 0.0000  max mem: 2671
      Evaluation: [1900/1978]  eta: 0:00:05    time: 0.0672  data: 0.0000  max mem: 2671
      Evaluation: [1977/1978]  eta: 0:00:00    time: 0.0673  data: 0.0000  max mem: 2671
      Evaluation: Total time: 0:02:13 (0.0672 s / it)
     Computing matching score time 0:02:13
### TTA ITM Score: 
+-------------------+--------+--------+--------+--------+--------+
|       epoch       |   R1   |   R5   |  R10   |  mAP   |  mINP  |
+-------------------+--------+--------+--------+--------+--------+
|  cos_sim_wo/norm  | 58.544 | 91.860 | 95.703 | 73.596 | 73.596 |
|        -999       | 69.414 | 95.197 | 97.776 | 81.233 | 81.233 |
| itm_score_wo/norm | 84.328 | 98.989 | 99.494 | 91.293 | 91.293 |
|        -999       | 84.277 | 99.039 | 99.596 | 91.276 | 91.276 |
|         0         | 84.328 | 99.039 | 99.596 | 91.301 | 91.301 |
|         1         | 84.631 | 99.039 | 99.596 | 91.453 | 91.453 |
|         2         | 84.681 | 98.989 | 99.596 | 91.456 | 91.456 |
|         4         | 84.530 | 98.938 | 99.494 | 91.336 | 91.336 |
|         9         | 84.530 | 98.686 | 99.343 | 91.277 | 91.277 |
|         14        | 84.479 | 98.635 | 99.141 | 91.220 | 91.220 |
|         19        | 84.580 | 98.686 | 99.191 | 91.297 | 91.297 |
+-------------------+--------+--------+--------+--------+--------+
     logs:  {'epo': 19, 'R1': np.float32(84.58), 'R5': np.float32(98.686), 'R10': np.float32(99.191), 'mAP': np.float32(91.297), 'mINP': np.float32(91.297), 'entropy': 0.133516, 'uncertainty': 1.0, 'uncertainty_coeffi': 1.0, 'loss': 0.133516, 'lr': 3.8e-05}
      TTA Epoch: [20] [ 0/78]  eta: 0:00:17  entropy: 0.0221  uncertainty: 1.0000  uncertainty_coeffi: 1.0000  loss: 0.0221  lr: 0.000037  time: 0.2243  data: 0.1632  max mem: 2671
      TTA Epoch: [20] [77/78]  eta: 0:00:00  entropy: 0.1033  uncertainty: 1.0000  uncertainty_coeffi: 1.0000  loss: 0.1033  lr: 0.000037  time: 0.0600  data: 0.0000  max mem: 2671
      TTA Epoch: [20] Total time: 0:00:04 (0.0623 s / it)
     Averaged stats: entropy: 0.1187  uncertainty: 1.0000  uncertainty_coeffi: 1.0000  loss: 0.1187  lr: 0.0000
     itm tta time 0:00:04
      TTA Epoch: [21] [ 0/78]  eta: 0:00:16  entropy: 0.0407  uncertainty: 1.0000  uncertainty_coeffi: 1.0000  loss: 0.0407  lr: 0.000037  time: 0.2178  data: 0.1557  max mem: 2671
      TTA Epoch: [21] [77/78]  eta: 0:00:00  entropy: 0.0973  uncertainty: 1.0000  uncertainty_coeffi: 1.0000  loss: 0.0973  lr: 0.000036  time: 0.0599  data: 0.0000  max mem: 2671
      TTA Epoch: [21] Total time: 0:00:04 (0.0620 s / it)
     Averaged stats: entropy: 0.1088  uncertainty: 1.0000  uncertainty_coeffi: 1.0000  loss: 0.1088  lr: 0.0000
     itm tta time 0:00:04
      TTA Epoch: [22] [ 0/78]  eta: 0:00:17  entropy: 0.0815  uncertainty: 1.0000  uncertainty_coeffi: 1.0000  loss: 0.0815  lr: 0.000036  time: 0.2230  data: 0.1617  max mem: 2671
      TTA Epoch: [22] [77/78]  eta: 0:00:00  entropy: 0.0808  uncertainty: 1.0000  uncertainty_coeffi: 1.0000  loss: 0.0808  lr: 0.000035  time: 0.0598  data: 0.0000  max mem: 2671
      TTA Epoch: [22] Total time: 0:00:04 (0.0619 s / it)
     Averaged stats: entropy: 0.1120  uncertainty: 1.0000  uncertainty_coeffi: 1.0000  loss: 0.1120  lr: 0.0000
     itm tta time 0:00:04
      TTA Epoch: [23] [ 0/78]  eta: 0:00:17  entropy: 0.1567  uncertainty: 1.0000  uncertainty_coeffi: 1.0000  loss: 0.1567  lr: 0.000035  time: 0.2305  data: 0.1685  max mem: 2671
      TTA Epoch: [23] [77/78]  eta: 0:00:00  entropy: 0.0642  uncertainty: 1.0000  uncertainty_coeffi: 1.0000  loss: 0.0642  lr: 0.000034  time: 0.0597  data: 0.0000  max mem: 2671
      TTA Epoch: [23] Total time: 0:00:04 (0.0620 s / it)
     Averaged stats: entropy: 0.1112  uncertainty: 1.0000  uncertainty_coeffi: 1.0000  loss: 0.1112  lr: 0.0000
     itm tta time 0:00:04
      TTA Epoch: [24] [ 0/78]  eta: 0:00:17  entropy: 0.1348  uncertainty: 1.0000  uncertainty_coeffi: 1.0000  loss: 0.1348  lr: 0.000034  time: 0.2261  data: 0.1647  max mem: 2671
      TTA Epoch: [24] [77/78]  eta: 0:00:00  entropy: 0.0670  uncertainty: 1.0000  uncertainty_coeffi: 1.0000  loss: 0.0670  lr: 0.000033  time: 0.0597  data: 0.0000  max mem: 2671
      TTA Epoch: [24] Total time: 0:00:04 (0.0619 s / it)
     Averaged stats: entropy: 0.1119  uncertainty: 1.0000  uncertainty_coeffi: 1.0000  loss: 0.1119  lr: 0.0000
     itm tta time 0:00:04
      TTA Epoch: [25] [ 0/78]  eta: 0:00:15  entropy: 0.0992  uncertainty: 1.0000  uncertainty_coeffi: 1.0000  loss: 0.0992  lr: 0.000033  time: 0.1973  data: 0.1367  max mem: 2671
      TTA Epoch: [25] [77/78]  eta: 0:00:00  entropy: 0.0929  uncertainty: 1.0000  uncertainty_coeffi: 1.0000  loss: 0.0929  lr: 0.000016  time: 0.0596  data: 0.0000  max mem: 2671
      TTA Epoch: [25] Total time: 0:00:04 (0.0616 s / it)
     Averaged stats: entropy: 0.1056  uncertainty: 1.0000  uncertainty_coeffi: 1.0000  loss: 0.1056  lr: 0.0000
     itm tta time 0:00:04
      TTA Epoch: [26] [ 0/78]  eta: 0:00:17  entropy: 0.0991  uncertainty: 1.0000  uncertainty_coeffi: 1.0000  loss: 0.0991  lr: 0.000016  time: 0.2192  data: 0.1553  max mem: 2671
      TTA Epoch: [26] [77/78]  eta: 0:00:00  entropy: 0.1134  uncertainty: 1.0000  uncertainty_coeffi: 1.0000  loss: 0.1134  lr: 0.000016  time: 0.0597  data: 0.0000  max mem: 2671
      TTA Epoch: [26] Total time: 0:00:04 (0.0618 s / it)
     Averaged stats: entropy: 0.1111  uncertainty: 1.0000  uncertainty_coeffi: 1.0000  loss: 0.1111  lr: 0.0000
     itm tta time 0:00:04
      TTA Epoch: [27] [ 0/78]  eta: 0:00:16  entropy: 0.1180  uncertainty: 1.0000  uncertainty_coeffi: 1.0000  loss: 0.1180  lr: 0.000016  time: 0.2099  data: 0.1475  max mem: 2671
      TTA Epoch: [27] [77/78]  eta: 0:00:00  entropy: 0.1805  uncertainty: 1.0000  uncertainty_coeffi: 1.0000  loss: 0.1805  lr: 0.000015  time: 0.0598  data: 0.0000  max mem: 2671
      TTA Epoch: [27] Total time: 0:00:04 (0.0618 s / it)
     Averaged stats: entropy: 0.1064  uncertainty: 1.0000  uncertainty_coeffi: 1.0000  loss: 0.1064  lr: 0.0000
     itm tta time 0:00:04
      TTA Epoch: [28] [ 0/78]  eta: 0:00:17  entropy: 0.1387  uncertainty: 1.0000  uncertainty_coeffi: 1.0000  loss: 0.1387  lr: 0.000015  time: 0.2283  data: 0.1652  max mem: 2671
      TTA Epoch: [28] [77/78]  eta: 0:00:00  entropy: 0.0016  uncertainty: 1.0000  uncertainty_coeffi: 1.0000  loss: 0.0016  lr: 0.000015  time: 0.0596  data: 0.0000  max mem: 2671
      TTA Epoch: [28] Total time: 0:00:04 (0.0620 s / it)
     Averaged stats: entropy: 0.1076  uncertainty: 1.0000  uncertainty_coeffi: 1.0000  loss: 0.1076  lr: 0.0000
     itm tta time 0:00:04
      TTA Epoch: [29] [ 0/78]  eta: 0:00:17  entropy: 0.0586  uncertainty: 1.0000  uncertainty_coeffi: 1.0000  loss: 0.0586  lr: 0.000015  time: 0.2218  data: 0.1623  max mem: 2671
      TTA Epoch: [29] [77/78]  eta: 0:00:00  entropy: 0.1796  uncertainty: 1.0000  uncertainty_coeffi: 1.0000  loss: 0.1796  lr: 0.000014  time: 0.0598  data: 0.0000  max mem: 2671
      TTA Epoch: [29] Total time: 0:00:04 (0.0619 s / it)
     Averaged stats: entropy: 0.1046  uncertainty: 1.0000  uncertainty_coeffi: 1.0000  loss: 0.1046  lr: 0.0000
     itm tta time 0:00:04
     Computing matching score
      Evaluation: [   0/1978]  eta: 0:02:01    time: 0.0615  data: 0.0008  max mem: 2671
      Evaluation: [ 100/1978]  eta: 0:02:05    time: 0.0671  data: 0.0000  max mem: 2671
      Evaluation: [ 200/1978]  eta: 0:01:59    time: 0.0671  data: 0.0000  max mem: 2671
      Evaluation: [ 300/1978]  eta: 0:01:52    time: 0.0671  data: 0.0000  max mem: 2671
      Evaluation: [ 400/1978]  eta: 0:01:45    time: 0.0671  data: 0.0000  max mem: 2671
      Evaluation: [ 500/1978]  eta: 0:01:39    time: 0.0670  data: 0.0000  max mem: 2671
      Evaluation: [ 600/1978]  eta: 0:01:32    time: 0.0673  data: 0.0000  max mem: 2671
      Evaluation: [ 700/1978]  eta: 0:01:25    time: 0.0673  data: 0.0000  max mem: 2671
      Evaluation: [ 800/1978]  eta: 0:01:19    time: 0.0672  data: 0.0000  max mem: 2671
      Evaluation: [ 900/1978]  eta: 0:01:12    time: 0.0677  data: 0.0000  max mem: 2671
      Evaluation: [1000/1978]  eta: 0:01:05    time: 0.0682  data: 0.0000  max mem: 2671
      Evaluation: [1100/1978]  eta: 0:00:59    time: 0.0674  data: 0.0000  max mem: 2671
      Evaluation: [1200/1978]  eta: 0:00:52    time: 0.0674  data: 0.0000  max mem: 2671
      Evaluation: [1300/1978]  eta: 0:00:45    time: 0.0670  data: 0.0000  max mem: 2671
      Evaluation: [1400/1978]  eta: 0:00:38    time: 0.0671  data: 0.0000  max mem: 2671
      Evaluation: [1500/1978]  eta: 0:00:32    time: 0.0671  data: 0.0000  max mem: 2671
      Evaluation: [1600/1978]  eta: 0:00:25    time: 0.0671  data: 0.0000  max mem: 2671
      Evaluation: [1700/1978]  eta: 0:00:18    time: 0.0675  data: 0.0000  max mem: 2671
      Evaluation: [1800/1978]  eta: 0:00:11    time: 0.0673  data: 0.0000  max mem: 2671
      Evaluation: [1900/1978]  eta: 0:00:05    time: 0.0673  data: 0.0000  max mem: 2671
      Evaluation: [1977/1978]  eta: 0:00:00    time: 0.0672  data: 0.0000  max mem: 2671
      Evaluation: Total time: 0:02:13 (0.0673 s / it)
     Computing matching score time 0:02:13
### TTA ITM Score: 
+-------------------+--------+--------+--------+--------+--------+
|       epoch       |   R1   |   R5   |  R10   |  mAP   |  mINP  |
+-------------------+--------+--------+--------+--------+--------+
|  cos_sim_wo/norm  | 58.544 | 91.860 | 95.703 | 73.596 | 73.596 |
|        -999       | 69.414 | 95.197 | 97.776 | 81.233 | 81.233 |
| itm_score_wo/norm | 84.328 | 98.989 | 99.494 | 91.293 | 91.293 |
|        -999       | 84.277 | 99.039 | 99.596 | 91.276 | 91.276 |
|         0         | 84.328 | 99.039 | 99.596 | 91.301 | 91.301 |
|         1         | 84.631 | 99.039 | 99.596 | 91.453 | 91.453 |
|         2         | 84.681 | 98.989 | 99.596 | 91.456 | 91.456 |
|         4         | 84.530 | 98.938 | 99.494 | 91.336 | 91.336 |
|         9         | 84.530 | 98.686 | 99.343 | 91.277 | 91.277 |
|         14        | 84.479 | 98.635 | 99.141 | 91.220 | 91.220 |
|         19        | 84.580 | 98.686 | 99.191 | 91.297 | 91.297 |
|         29        | 84.681 | 98.736 | 99.191 | 91.351 | 91.351 |
+-------------------+--------+--------+--------+--------+--------+
     logs:  {'epo': 29, 'R1': np.float32(84.681), 'R5': np.float32(98.736), 'R10': np.float32(99.191), 'mAP': np.float32(91.351), 'mINP': np.float32(91.351), 'entropy': 0.104558, 'uncertainty': 1.0, 'uncertainty_coeffi': 1.0, 'loss': 0.104558, 'lr': 1.4e-05}
      TTA Epoch: [30] [ 0/78]  eta: 0:00:16  entropy: 0.0764  uncertainty: 1.0000  uncertainty_coeffi: 1.0000  loss: 0.0764  lr: 0.000014  time: 0.2124  data: 0.1508  max mem: 2671
      TTA Epoch: [30] [77/78]  eta: 0:00:00  entropy: 0.1108  uncertainty: 1.0000  uncertainty_coeffi: 1.0000  loss: 0.1108  lr: 0.000014  time: 0.0598  data: 0.0000  max mem: 2671
      TTA Epoch: [30] Total time: 0:00:04 (0.0619 s / it)
     Averaged stats: entropy: 0.1087  uncertainty: 1.0000  uncertainty_coeffi: 1.0000  loss: 0.1087  lr: 0.0000
     itm tta time 0:00:04
      TTA Epoch: [31] [ 0/78]  eta: 0:00:16  entropy: 0.1636  uncertainty: 1.0000  uncertainty_coeffi: 1.0000  loss: 0.1636  lr: 0.000014  time: 0.2118  data: 0.1504  max mem: 2671
      TTA Epoch: [31] [77/78]  eta: 0:00:00  entropy: 0.0803  uncertainty: 1.0000  uncertainty_coeffi: 1.0000  loss: 0.0803  lr: 0.000013  time: 0.0598  data: 0.0000  max mem: 2671
      TTA Epoch: [31] Total time: 0:00:04 (0.0619 s / it)
     Averaged stats: entropy: 0.1055  uncertainty: 1.0000  uncertainty_coeffi: 1.0000  loss: 0.1055  lr: 0.0000
     itm tta time 0:00:04
      TTA Epoch: [32] [ 0/78]  eta: 0:00:16  entropy: 0.1190  uncertainty: 1.0000  uncertainty_coeffi: 1.0000  loss: 0.1190  lr: 0.000013  time: 0.2095  data: 0.1465  max mem: 2671
      TTA Epoch: [32] [77/78]  eta: 0:00:00  entropy: 0.1220  uncertainty: 1.0000  uncertainty_coeffi: 1.0000  loss: 0.1220  lr: 0.000013  time: 0.0598  data: 0.0000  max mem: 2671
      TTA Epoch: [32] Total time: 0:00:04 (0.0619 s / it)
     Averaged stats: entropy: 0.1073  uncertainty: 1.0000  uncertainty_coeffi: 1.0000  loss: 0.1073  lr: 0.0000
     itm tta time 0:00:04
      TTA Epoch: [33] [ 0/78]  eta: 0:00:17  entropy: 0.0979  uncertainty: 1.0000  uncertainty_coeffi: 1.0000  loss: 0.0979  lr: 0.000013  time: 0.2200  data: 0.1596  max mem: 2671
      TTA Epoch: [33] [77/78]  eta: 0:00:00  entropy: 0.0981  uncertainty: 1.0000  uncertainty_coeffi: 1.0000  loss: 0.0981  lr: 0.000012  time: 0.0597  data: 0.0000  max mem: 2671
      TTA Epoch: [33] Total time: 0:00:04 (0.0620 s / it)
     Averaged stats: entropy: 0.1019  uncertainty: 1.0000  uncertainty_coeffi: 1.0000  loss: 0.1019  lr: 0.0000
     itm tta time 0:00:04
      TTA Epoch: [34] [ 0/78]  eta: 0:00:16  entropy: 0.0841  uncertainty: 1.0000  uncertainty_coeffi: 1.0000  loss: 0.0841  lr: 0.000012  time: 0.2118  data: 0.1506  max mem: 2671
      TTA Epoch: [34] [77/78]  eta: 0:00:00  entropy: 0.0846  uncertainty: 1.0000  uncertainty_coeffi: 1.0000  loss: 0.0846  lr: 0.000012  time: 0.0598  data: 0.0000  max mem: 2671
      TTA Epoch: [34] Total time: 0:00:04 (0.0619 s / it)
     Averaged stats: entropy: 0.0943  uncertainty: 1.0000  uncertainty_coeffi: 1.0000  loss: 0.0943  lr: 0.0000
     itm tta time 0:00:04
      TTA Epoch: [35] [ 0/78]  eta: 0:00:17  entropy: 0.0584  uncertainty: 1.0000  uncertainty_coeffi: 1.0000  loss: 0.0584  lr: 0.000012  time: 0.2242  data: 0.1636  max mem: 2671
      TTA Epoch: [35] [77/78]  eta: 0:00:00  entropy: 0.0505  uncertainty: 1.0000  uncertainty_coeffi: 1.0000  loss: 0.0505  lr: 0.000011  time: 0.0597  data: 0.0000  max mem: 2671
      TTA Epoch: [35] Total time: 0:00:04 (0.0620 s / it)
     Averaged stats: entropy: 0.1003  uncertainty: 1.0000  uncertainty_coeffi: 1.0000  loss: 0.1003  lr: 0.0000
     itm tta time 0:00:04
      TTA Epoch: [36] [ 0/78]  eta: 0:00:16  entropy: 0.0598  uncertainty: 1.0000  uncertainty_coeffi: 1.0000  loss: 0.0598  lr: 0.000011  time: 0.2110  data: 0.1519  max mem: 2671
      TTA Epoch: [36] [77/78]  eta: 0:00:00  entropy: 0.1155  uncertainty: 1.0000  uncertainty_coeffi: 1.0000  loss: 0.1155  lr: 0.000011  time: 0.0598  data: 0.0000  max mem: 2671
      TTA Epoch: [36] Total time: 0:00:04 (0.0619 s / it)
     Averaged stats: entropy: 0.0959  uncertainty: 1.0000  uncertainty_coeffi: 1.0000  loss: 0.0959  lr: 0.0000
     itm tta time 0:00:04
      TTA Epoch: [37] [ 0/78]  eta: 0:00:16  entropy: 0.0724  uncertainty: 1.0000  uncertainty_coeffi: 1.0000  loss: 0.0724  lr: 0.000011  time: 0.2152  data: 0.1554  max mem: 2671
      TTA Epoch: [37] [77/78]  eta: 0:00:00  entropy: 0.1264  uncertainty: 1.0000  uncertainty_coeffi: 1.0000  loss: 0.1264  lr: 0.000010  time: 0.0598  data: 0.0000  max mem: 2671
      TTA Epoch: [37] Total time: 0:00:04 (0.0618 s / it)
     Averaged stats: entropy: 0.0962  uncertainty: 1.0000  uncertainty_coeffi: 1.0000  loss: 0.0962  lr: 0.0000
     itm tta time 0:00:04
      TTA Epoch: [38] [ 0/78]  eta: 0:00:16  entropy: 0.1912  uncertainty: 1.0000  uncertainty_coeffi: 1.0000  loss: 0.1912  lr: 0.000010  time: 0.2109  data: 0.1478  max mem: 2671
      TTA Epoch: [38] [77/78]  eta: 0:00:00  entropy: 0.0837  uncertainty: 1.0000  uncertainty_coeffi: 1.0000  loss: 0.0837  lr: 0.000010  time: 0.0597  data: 0.0000  max mem: 2671
      TTA Epoch: [38] Total time: 0:00:04 (0.0617 s / it)
     Averaged stats: entropy: 0.0979  uncertainty: 1.0000  uncertainty_coeffi: 1.0000  loss: 0.0979  lr: 0.0000
     itm tta time 0:00:04
      TTA Epoch: [39] [ 0/78]  eta: 0:00:16  entropy: 0.1263  uncertainty: 1.0000  uncertainty_coeffi: 1.0000  loss: 0.1263  lr: 0.000010  time: 0.2068  data: 0.1478  max mem: 2671
      TTA Epoch: [39] [77/78]  eta: 0:00:00  entropy: 0.0594  uncertainty: 1.0000  uncertainty_coeffi: 1.0000  loss: 0.0594  lr: 0.000010  time: 0.0598  data: 0.0001  max mem: 2671
      TTA Epoch: [39] Total time: 0:00:04 (0.0616 s / it)
     Averaged stats: entropy: 0.0959  uncertainty: 1.0000  uncertainty_coeffi: 1.0000  loss: 0.0959  lr: 0.0000
     itm tta time 0:00:04
     Computing matching score
      Evaluation: [   0/1978]  eta: 0:02:06    time: 0.0637  data: 0.0017  max mem: 2671
      Evaluation: [ 100/1978]  eta: 0:02:05    time: 0.0672  data: 0.0000  max mem: 2671
      Evaluation: [ 200/1978]  eta: 0:01:59    time: 0.0670  data: 0.0000  max mem: 2671
      Evaluation: [ 300/1978]  eta: 0:01:52    time: 0.0670  data: 0.0000  max mem: 2671
      Evaluation: [ 400/1978]  eta: 0:01:45    time: 0.0670  data: 0.0000  max mem: 2671
      Evaluation: [ 500/1978]  eta: 0:01:39    time: 0.0671  data: 0.0000  max mem: 2671
      Evaluation: [ 600/1978]  eta: 0:01:32    time: 0.0671  data: 0.0000  max mem: 2671
      Evaluation: [ 700/1978]  eta: 0:01:25    time: 0.0672  data: 0.0000  max mem: 2671
      Evaluation: [ 800/1978]  eta: 0:01:18    time: 0.0671  data: 0.0000  max mem: 2671
      Evaluation: [ 900/1978]  eta: 0:01:12    time: 0.0674  data: 0.0000  max mem: 2671
      Evaluation: [1000/1978]  eta: 0:01:05    time: 0.0673  data: 0.0000  max mem: 2671
      Evaluation: [1100/1978]  eta: 0:00:58    time: 0.0671  data: 0.0000  max mem: 2671
      Evaluation: [1200/1978]  eta: 0:00:52    time: 0.0672  data: 0.0000  max mem: 2671
      Evaluation: [1300/1978]  eta: 0:00:45    time: 0.0673  data: 0.0000  max mem: 2671
      Evaluation: [1400/1978]  eta: 0:00:38    time: 0.0672  data: 0.0000  max mem: 2671
      Evaluation: [1500/1978]  eta: 0:00:32    time: 0.0672  data: 0.0000  max mem: 2671
      Evaluation: [1600/1978]  eta: 0:00:25    time: 0.0672  data: 0.0000  max mem: 2671
      Evaluation: [1700/1978]  eta: 0:00:18    time: 0.0671  data: 0.0000  max mem: 2671
      Evaluation: [1800/1978]  eta: 0:00:11    time: 0.0674  data: 0.0000  max mem: 2671
      Evaluation: [1900/1978]  eta: 0:00:05    time: 0.0673  data: 0.0000  max mem: 2671
      Evaluation: [1977/1978]  eta: 0:00:00    time: 0.0673  data: 0.0000  max mem: 2671
      Evaluation: Total time: 0:02:12 (0.0671 s / it)
     Computing matching score time 0:02:12
### TTA ITM Score: 
+-------------------+--------+--------+--------+--------+--------+
|       epoch       |   R1   |   R5   |  R10   |  mAP   |  mINP  |
+-------------------+--------+--------+--------+--------+--------+
|  cos_sim_wo/norm  | 58.544 | 91.860 | 95.703 | 73.596 | 73.596 |
|        -999       | 69.414 | 95.197 | 97.776 | 81.233 | 81.233 |
| itm_score_wo/norm | 84.328 | 98.989 | 99.494 | 91.293 | 91.293 |
|        -999       | 84.277 | 99.039 | 99.596 | 91.276 | 91.276 |
|         0         | 84.328 | 99.039 | 99.596 | 91.301 | 91.301 |
|         1         | 84.631 | 99.039 | 99.596 | 91.453 | 91.453 |
|         2         | 84.681 | 98.989 | 99.596 | 91.456 | 91.456 |
|         4         | 84.530 | 98.938 | 99.494 | 91.336 | 91.336 |
|         9         | 84.530 | 98.686 | 99.343 | 91.277 | 91.277 |
|         14        | 84.479 | 98.635 | 99.141 | 91.220 | 91.220 |
|         19        | 84.580 | 98.686 | 99.191 | 91.297 | 91.297 |
|         29        | 84.681 | 98.736 | 99.191 | 91.351 | 91.351 |
|         39        | 84.732 | 98.736 | 99.292 | 91.384 | 91.384 |
+-------------------+--------+--------+--------+--------+--------+
     logs:  {'epo': 39, 'R1': np.float32(84.732), 'R5': np.float32(98.736), 'R10': np.float32(99.292), 'mAP': np.float32(91.384), 'mINP': np.float32(91.384), 'entropy': 0.095852, 'uncertainty': 1.0, 'uncertainty_coeffi': 1.0, 'loss': 0.095852, 'lr': 1e-05}
      TTA Epoch: [40] [ 0/78]  eta: 0:00:17  entropy: 0.0695  uncertainty: 1.0000  uncertainty_coeffi: 1.0000  loss: 0.0695  lr: 0.000010  time: 0.2181  data: 0.1566  max mem: 2671
      TTA Epoch: [40] [77/78]  eta: 0:00:00  entropy: 0.0889  uncertainty: 1.0000  uncertainty_coeffi: 1.0000  loss: 0.0889  lr: 0.000009  time: 0.0597  data: 0.0000  max mem: 2671
      TTA Epoch: [40] Total time: 0:00:04 (0.0619 s / it)
     Averaged stats: entropy: 0.0981  uncertainty: 1.0000  uncertainty_coeffi: 1.0000  loss: 0.0981  lr: 0.0000
     itm tta time 0:00:04
      TTA Epoch: [41] [ 0/78]  eta: 0:00:16  entropy: 0.1391  uncertainty: 1.0000  uncertainty_coeffi: 1.0000  loss: 0.1391  lr: 0.000009  time: 0.2113  data: 0.1465  max mem: 2671
      TTA Epoch: [41] [77/78]  eta: 0:00:00  entropy: 0.0296  uncertainty: 1.0000  uncertainty_coeffi: 1.0000  loss: 0.0296  lr: 0.000009  time: 0.0598  data: 0.0000  max mem: 2671
      TTA Epoch: [41] Total time: 0:00:04 (0.0618 s / it)
     Averaged stats: entropy: 0.0960  uncertainty: 1.0000  uncertainty_coeffi: 1.0000  loss: 0.0960  lr: 0.0000
     itm tta time 0:00:04
      TTA Epoch: [42] [ 0/78]  eta: 0:00:16  entropy: 0.0346  uncertainty: 1.0000  uncertainty_coeffi: 1.0000  loss: 0.0346  lr: 0.000009  time: 0.2134  data: 0.1516  max mem: 2671
      TTA Epoch: [42] [77/78]  eta: 0:00:00  entropy: 0.0602  uncertainty: 1.0000  uncertainty_coeffi: 1.0000  loss: 0.0602  lr: 0.000008  time: 0.0598  data: 0.0000  max mem: 2671
      TTA Epoch: [42] Total time: 0:00:04 (0.0619 s / it)
     Averaged stats: entropy: 0.1000  uncertainty: 1.0000  uncertainty_coeffi: 1.0000  loss: 0.1000  lr: 0.0000
     itm tta time 0:00:04
      TTA Epoch: [43] [ 0/78]  eta: 0:00:17  entropy: 0.0438  uncertainty: 1.0000  uncertainty_coeffi: 1.0000  loss: 0.0438  lr: 0.000008  time: 0.2199  data: 0.1591  max mem: 2671
      TTA Epoch: [43] [77/78]  eta: 0:00:00  entropy: 0.1113  uncertainty: 1.0000  uncertainty_coeffi: 1.0000  loss: 0.1113  lr: 0.000008  time: 0.0596  data: 0.0000  max mem: 2671
      TTA Epoch: [43] Total time: 0:00:04 (0.0619 s / it)
     Averaged stats: entropy: 0.0989  uncertainty: 1.0000  uncertainty_coeffi: 1.0000  loss: 0.0989  lr: 0.0000
     itm tta time 0:00:04
      TTA Epoch: [44] [ 0/78]  eta: 0:00:16  entropy: 0.0903  uncertainty: 1.0000  uncertainty_coeffi: 1.0000  loss: 0.0903  lr: 0.000008  time: 0.2143  data: 0.1528  max mem: 2671
      TTA Epoch: [44] [77/78]  eta: 0:00:00  entropy: 0.2441  uncertainty: 1.0000  uncertainty_coeffi: 1.0000  loss: 0.2441  lr: 0.000003  time: 0.0598  data: 0.0000  max mem: 2671
      TTA Epoch: [44] Total time: 0:00:04 (0.0620 s / it)
     Averaged stats: entropy: 0.0912  uncertainty: 1.0000  uncertainty_coeffi: 1.0000  loss: 0.0912  lr: 0.0000
     itm tta time 0:00:04
      TTA Epoch: [45] [ 0/78]  eta: 0:00:17  entropy: 0.0916  uncertainty: 1.0000  uncertainty_coeffi: 1.0000  loss: 0.0916  lr: 0.000003  time: 0.2254  data: 0.1630  max mem: 2671
      TTA Epoch: [45] [77/78]  eta: 0:00:00  entropy: 0.1033  uncertainty: 1.0000  uncertainty_coeffi: 1.0000  loss: 0.1033  lr: 0.000003  time: 0.0597  data: 0.0000  max mem: 2671
      TTA Epoch: [45] Total time: 0:00:04 (0.0620 s / it)
     Averaged stats: entropy: 0.0973  uncertainty: 1.0000  uncertainty_coeffi: 1.0000  loss: 0.0973  lr: 0.0000
     itm tta time 0:00:04
      TTA Epoch: [46] [ 0/78]  eta: 0:00:17  entropy: 0.0528  uncertainty: 1.0000  uncertainty_coeffi: 1.0000  loss: 0.0528  lr: 0.000003  time: 0.2192  data: 0.1581  max mem: 2671
      TTA Epoch: [46] [77/78]  eta: 0:00:00  entropy: 0.0942  uncertainty: 1.0000  uncertainty_coeffi: 1.0000  loss: 0.0942  lr: 0.000003  time: 0.0599  data: 0.0000  max mem: 2671
      TTA Epoch: [46] Total time: 0:00:04 (0.0620 s / it)
     Averaged stats: entropy: 0.0961  uncertainty: 1.0000  uncertainty_coeffi: 1.0000  loss: 0.0961  lr: 0.0000
     itm tta time 0:00:04
      TTA Epoch: [47] [ 0/78]  eta: 0:00:16  entropy: 0.0605  uncertainty: 1.0000  uncertainty_coeffi: 1.0000  loss: 0.0605  lr: 0.000003  time: 0.2140  data: 0.1533  max mem: 2671
      TTA Epoch: [47] [77/78]  eta: 0:00:00  entropy: 0.0650  uncertainty: 1.0000  uncertainty_coeffi: 1.0000  loss: 0.0650  lr: 0.000002  time: 0.0597  data: 0.0000  max mem: 2671
      TTA Epoch: [47] Total time: 0:00:04 (0.0619 s / it)
     Averaged stats: entropy: 0.0968  uncertainty: 1.0000  uncertainty_coeffi: 1.0000  loss: 0.0968  lr: 0.0000
     itm tta time 0:00:04
      TTA Epoch: [48] [ 0/78]  eta: 0:00:17  entropy: 0.0722  uncertainty: 1.0000  uncertainty_coeffi: 1.0000  loss: 0.0722  lr: 0.000002  time: 0.2300  data: 0.1710  max mem: 2671
      TTA Epoch: [48] [77/78]  eta: 0:00:00  entropy: 0.1400  uncertainty: 1.0000  uncertainty_coeffi: 1.0000  loss: 0.1400  lr: 0.000002  time: 0.0597  data: 0.0000  max mem: 2671
      TTA Epoch: [48] Total time: 0:00:04 (0.0620 s / it)
     Averaged stats: entropy: 0.0940  uncertainty: 1.0000  uncertainty_coeffi: 1.0000  loss: 0.0940  lr: 0.0000
     itm tta time 0:00:04
      TTA Epoch: [49] [ 0/78]  eta: 0:00:16  entropy: 0.1838  uncertainty: 1.0000  uncertainty_coeffi: 1.0000  loss: 0.1838  lr: 0.000002  time: 0.2125  data: 0.1528  max mem: 2671
      TTA Epoch: [49] [77/78]  eta: 0:00:00  entropy: 0.0556  uncertainty: 1.0000  uncertainty_coeffi: 1.0000  loss: 0.0556  lr: 0.000002  time: 0.0597  data: 0.0000  max mem: 2671
      TTA Epoch: [49] Total time: 0:00:04 (0.0618 s / it)
     Averaged stats: entropy: 0.0940  uncertainty: 1.0000  uncertainty_coeffi: 1.0000  loss: 0.0940  lr: 0.0000
     itm tta time 0:00:04
     Computing matching score
      Evaluation: [   0/1978]  eta: 0:02:02    time: 0.0619  data: 0.0011  max mem: 2671
      Evaluation: [ 100/1978]  eta: 0:02:05    time: 0.0670  data: 0.0000  max mem: 2671
      Evaluation: [ 200/1978]  eta: 0:01:59    time: 0.0670  data: 0.0000  max mem: 2671
      Evaluation: [ 300/1978]  eta: 0:01:52    time: 0.0671  data: 0.0000  max mem: 2671
      Evaluation: [ 400/1978]  eta: 0:01:45    time: 0.0673  data: 0.0000  max mem: 2671
      Evaluation: [ 500/1978]  eta: 0:01:39    time: 0.0672  data: 0.0000  max mem: 2671
      Evaluation: [ 600/1978]  eta: 0:01:32    time: 0.0671  data: 0.0000  max mem: 2671
      Evaluation: [ 700/1978]  eta: 0:01:25    time: 0.0672  data: 0.0000  max mem: 2671
      Evaluation: [ 800/1978]  eta: 0:01:19    time: 0.0673  data: 0.0000  max mem: 2671
      Evaluation: [ 900/1978]  eta: 0:01:12    time: 0.0672  data: 0.0000  max mem: 2671
      Evaluation: [1000/1978]  eta: 0:01:05    time: 0.0673  data: 0.0000  max mem: 2671
      Evaluation: [1100/1978]  eta: 0:00:58    time: 0.0672  data: 0.0000  max mem: 2671
      Evaluation: [1200/1978]  eta: 0:00:52    time: 0.0672  data: 0.0000  max mem: 2671
      Evaluation: [1300/1978]  eta: 0:00:45    time: 0.0673  data: 0.0000  max mem: 2671
      Evaluation: [1400/1978]  eta: 0:00:38    time: 0.0673  data: 0.0000  max mem: 2671
      Evaluation: [1500/1978]  eta: 0:00:32    time: 0.0672  data: 0.0000  max mem: 2671
      Evaluation: [1600/1978]  eta: 0:00:25    time: 0.0672  data: 0.0000  max mem: 2671
      Evaluation: [1700/1978]  eta: 0:00:18    time: 0.0677  data: 0.0000  max mem: 2671
      Evaluation: [1800/1978]  eta: 0:00:11    time: 0.0673  data: 0.0000  max mem: 2671
      Evaluation: [1900/1978]  eta: 0:00:05    time: 0.0673  data: 0.0000  max mem: 2671
      Evaluation: [1977/1978]  eta: 0:00:00    time: 0.0673  data: 0.0000  max mem: 2671
      Evaluation: Total time: 0:02:12 (0.0672 s / it)
     Computing matching score time 0:02:13
### TTA ITM Score: 
+-------------------+--------+--------+--------+--------+--------+
|       epoch       |   R1   |   R5   |  R10   |  mAP   |  mINP  |
+-------------------+--------+--------+--------+--------+--------+
|  cos_sim_wo/norm  | 58.544 | 91.860 | 95.703 | 73.596 | 73.596 |
|        -999       | 69.414 | 95.197 | 97.776 | 81.233 | 81.233 |
| itm_score_wo/norm | 84.328 | 98.989 | 99.494 | 91.293 | 91.293 |
|        -999       | 84.277 | 99.039 | 99.596 | 91.276 | 91.276 |
|         0         | 84.328 | 99.039 | 99.596 | 91.301 | 91.301 |
|         1         | 84.631 | 99.039 | 99.596 | 91.453 | 91.453 |
|         2         | 84.681 | 98.989 | 99.596 | 91.456 | 91.456 |
|         4         | 84.530 | 98.938 | 99.494 | 91.336 | 91.336 |
|         9         | 84.530 | 98.686 | 99.343 | 91.277 | 91.277 |
|         14        | 84.479 | 98.635 | 99.141 | 91.220 | 91.220 |
|         19        | 84.580 | 98.686 | 99.191 | 91.297 | 91.297 |
|         29        | 84.681 | 98.736 | 99.191 | 91.351 | 91.351 |
|         39        | 84.732 | 98.736 | 99.292 | 91.384 | 91.384 |
|         49        | 84.732 | 98.736 | 99.343 | 91.390 | 91.390 |
+-------------------+--------+--------+--------+--------+--------+
     logs:  {'epo': 49, 'R1': np.float32(84.732), 'R5': np.float32(98.736), 'R10': np.float32(99.343), 'mAP': np.float32(91.39), 'mINP': np.float32(91.39), 'entropy': 0.093977, 'uncertainty': 1.0, 'uncertainty_coeffi': 1.0, 'loss': 0.093977, 'lr': 2e-06}
      TTA Epoch: [50] [ 0/78]  eta: 0:00:17  entropy: 0.0545  uncertainty: 1.0000  uncertainty_coeffi: 1.0000  loss: 0.0545  lr: 0.000002  time: 0.2266  data: 0.1624  max mem: 2671
      TTA Epoch: [50] [77/78]  eta: 0:00:00  entropy: 0.1297  uncertainty: 1.0000  uncertainty_coeffi: 1.0000  loss: 0.1297  lr: 0.000002  time: 0.0599  data: 0.0000  max mem: 2671
      TTA Epoch: [50] Total time: 0:00:04 (0.0621 s / it)
     Averaged stats: entropy: 0.0925  uncertainty: 1.0000  uncertainty_coeffi: 1.0000  loss: 0.0925  lr: 0.0000
     itm tta time 0:00:04
      TTA Epoch: [51] [ 0/78]  eta: 0:00:16  entropy: 0.0822  uncertainty: 1.0000  uncertainty_coeffi: 1.0000  loss: 0.0822  lr: 0.000002  time: 0.2165  data: 0.1562  max mem: 2671
      TTA Epoch: [51] [77/78]  eta: 0:00:00  entropy: 0.1579  uncertainty: 1.0000  uncertainty_coeffi: 1.0000  loss: 0.1579  lr: 0.000002  time: 0.0598  data: 0.0000  max mem: 2671
      TTA Epoch: [51] Total time: 0:00:04 (0.0620 s / it)
     Averaged stats: entropy: 0.0955  uncertainty: 1.0000  uncertainty_coeffi: 1.0000  loss: 0.0955  lr: 0.0000
     itm tta time 0:00:04
      TTA Epoch: [52] [ 0/78]  eta: 0:00:16  entropy: 0.0039  uncertainty: 1.0000  uncertainty_coeffi: 1.0000  loss: 0.0039  lr: 0.000002  time: 0.2156  data: 0.1525  max mem: 2671
      TTA Epoch: [52] [77/78]  eta: 0:00:00  entropy: 0.0809  uncertainty: 1.0000  uncertainty_coeffi: 1.0000  loss: 0.0809  lr: 0.000001  time: 0.0598  data: 0.0000  max mem: 2671
      TTA Epoch: [52] Total time: 0:00:04 (0.0619 s / it)
     Averaged stats: entropy: 0.0874  uncertainty: 1.0000  uncertainty_coeffi: 1.0000  loss: 0.0874  lr: 0.0000
     itm tta time 0:00:04
      TTA Epoch: [53] [ 0/78]  eta: 0:00:16  entropy: 0.2242  uncertainty: 1.0000  uncertainty_coeffi: 1.0000  loss: 0.2242  lr: 0.000001  time: 0.2101  data: 0.1497  max mem: 2671
      TTA Epoch: [53] [77/78]  eta: 0:00:00  entropy: 0.1211  uncertainty: 1.0000  uncertainty_coeffi: 1.0000  loss: 0.1211  lr: 0.000001  time: 0.0599  data: 0.0000  max mem: 2671
      TTA Epoch: [53] Total time: 0:00:04 (0.0619 s / it)
     Averaged stats: entropy: 0.0961  uncertainty: 1.0000  uncertainty_coeffi: 1.0000  loss: 0.0961  lr: 0.0000
     itm tta time 0:00:04
      TTA Epoch: [54] [ 0/78]  eta: 0:00:16  entropy: 0.0196  uncertainty: 1.0000  uncertainty_coeffi: 1.0000  loss: 0.0196  lr: 0.000001  time: 0.2170  data: 0.1564  max mem: 2671
      TTA Epoch: [54] [77/78]  eta: 0:00:00  entropy: 0.0819  uncertainty: 1.0000  uncertainty_coeffi: 1.0000  loss: 0.0819  lr: 0.000001  time: 0.0597  data: 0.0000  max mem: 2671
      TTA Epoch: [54] Total time: 0:00:04 (0.0620 s / it)
     Averaged stats: entropy: 0.0920  uncertainty: 1.0000  uncertainty_coeffi: 1.0000  loss: 0.0920  lr: 0.0000
     itm tta time 0:00:04
      TTA Epoch: [55] [ 0/78]  eta: 0:00:16  entropy: 0.1248  uncertainty: 1.0000  uncertainty_coeffi: 1.0000  loss: 0.1248  lr: 0.000001  time: 0.2099  data: 0.1495  max mem: 2671
      TTA Epoch: [55] [77/78]  eta: 0:00:00  entropy: 0.1021  uncertainty: 1.0000  uncertainty_coeffi: 1.0000  loss: 0.1021  lr: 0.000001  time: 0.0596  data: 0.0000  max mem: 2671
      TTA Epoch: [55] Total time: 0:00:04 (0.0617 s / it)
     Averaged stats: entropy: 0.0957  uncertainty: 1.0000  uncertainty_coeffi: 1.0000  loss: 0.0957  lr: 0.0000
     itm tta time 0:00:04
      TTA Epoch: [56] [ 0/78]  eta: 0:00:16  entropy: 0.1593  uncertainty: 1.0000  uncertainty_coeffi: 1.0000  loss: 0.1593  lr: 0.000001  time: 0.2138  data: 0.1552  max mem: 2671
      TTA Epoch: [56] [77/78]  eta: 0:00:00  entropy: 0.1502  uncertainty: 1.0000  uncertainty_coeffi: 1.0000  loss: 0.1502  lr: 0.000001  time: 0.0597  data: 0.0000  max mem: 2671
      TTA Epoch: [56] Total time: 0:00:04 (0.0617 s / it)
     Averaged stats: entropy: 0.0905  uncertainty: 1.0000  uncertainty_coeffi: 1.0000  loss: 0.0905  lr: 0.0000
     itm tta time 0:00:04
      TTA Epoch: [57] [ 0/78]  eta: 0:00:16  entropy: 0.1654  uncertainty: 1.0000  uncertainty_coeffi: 1.0000  loss: 0.1654  lr: 0.000001  time: 0.2135  data: 0.1524  max mem: 2671
      TTA Epoch: [57] [77/78]  eta: 0:00:00  entropy: 0.0070  uncertainty: 1.0000  uncertainty_coeffi: 1.0000  loss: 0.0070  lr: 0.000001  time: 0.0597  data: 0.0000  max mem: 2671
      TTA Epoch: [57] Total time: 0:00:04 (0.0617 s / it)
     Averaged stats: entropy: 0.0981  uncertainty: 1.0000  uncertainty_coeffi: 1.0000  loss: 0.0981  lr: 0.0000
     itm tta time 0:00:04
      TTA Epoch: [58] [ 0/78]  eta: 0:00:14  entropy: 0.1215  uncertainty: 1.0000  uncertainty_coeffi: 1.0000  loss: 0.1215  lr: 0.000001  time: 0.1903  data: 0.1288  max mem: 2671
      TTA Epoch: [58] [77/78]  eta: 0:00:00  entropy: 0.1052  uncertainty: 1.0000  uncertainty_coeffi: 1.0000  loss: 0.1052  lr: 0.000000  time: 0.0599  data: 0.0000  max mem: 2671
      TTA Epoch: [58] Total time: 0:00:04 (0.0615 s / it)
     Averaged stats: entropy: 0.0929  uncertainty: 1.0000  uncertainty_coeffi: 1.0000  loss: 0.0929  lr: 0.0000
     itm tta time 0:00:04
      TTA Epoch: [59] [ 0/78]  eta: 0:00:16  entropy: 0.0948  uncertainty: 1.0000  uncertainty_coeffi: 1.0000  loss: 0.0948  lr: 0.000000  time: 0.2095  data: 0.1504  max mem: 2671
      TTA Epoch: [59] [77/78]  eta: 0:00:00  entropy: 0.0660  uncertainty: 1.0000  uncertainty_coeffi: 1.0000  loss: 0.0660  lr: 0.000000  time: 0.0597  data: 0.0000  max mem: 2671
      TTA Epoch: [59] Total time: 0:00:04 (0.0616 s / it)
     Averaged stats: entropy: 0.0926  uncertainty: 1.0000  uncertainty_coeffi: 1.0000  loss: 0.0926  lr: 0.0000
     itm tta time 0:00:04
     Computing matching score
      Evaluation: [   0/1978]  eta: 0:02:02    time: 0.0621  data: 0.0010  max mem: 2671
      Evaluation: [ 100/1978]  eta: 0:02:05    time: 0.0670  data: 0.0000  max mem: 2671
      Evaluation: [ 200/1978]  eta: 0:01:59    time: 0.0670  data: 0.0000  max mem: 2671
      Evaluation: [ 300/1978]  eta: 0:01:52    time: 0.0671  data: 0.0000  max mem: 2671
      Evaluation: [ 400/1978]  eta: 0:01:45    time: 0.0672  data: 0.0000  max mem: 2671
      Evaluation: [ 500/1978]  eta: 0:01:39    time: 0.0671  data: 0.0000  max mem: 2671
      Evaluation: [ 600/1978]  eta: 0:01:32    time: 0.0672  data: 0.0000  max mem: 2671
      Evaluation: [ 700/1978]  eta: 0:01:25    time: 0.0673  data: 0.0000  max mem: 2671
      Evaluation: [ 800/1978]  eta: 0:01:19    time: 0.0673  data: 0.0000  max mem: 2671
      Evaluation: [ 900/1978]  eta: 0:01:12    time: 0.0672  data: 0.0000  max mem: 2671
      Evaluation: [1000/1978]  eta: 0:01:05    time: 0.0671  data: 0.0000  max mem: 2671
      Evaluation: [1100/1978]  eta: 0:00:58    time: 0.0672  data: 0.0000  max mem: 2671
      Evaluation: [1200/1978]  eta: 0:00:52    time: 0.0672  data: 0.0000  max mem: 2671
      Evaluation: [1300/1978]  eta: 0:00:45    time: 0.0674  data: 0.0000  max mem: 2671
      Evaluation: [1400/1978]  eta: 0:00:38    time: 0.0672  data: 0.0000  max mem: 2671
      Evaluation: [1500/1978]  eta: 0:00:32    time: 0.0673  data: 0.0000  max mem: 2671
      Evaluation: [1600/1978]  eta: 0:00:25    time: 0.0673  data: 0.0000  max mem: 2671
      Evaluation: [1700/1978]  eta: 0:00:18    time: 0.0673  data: 0.0000  max mem: 2671
      Evaluation: [1800/1978]  eta: 0:00:11    time: 0.0673  data: 0.0000  max mem: 2671
      Evaluation: [1900/1978]  eta: 0:00:05    time: 0.0671  data: 0.0000  max mem: 2671
      Evaluation: [1977/1978]  eta: 0:00:00    time: 0.0673  data: 0.0000  max mem: 2671
      Evaluation: Total time: 0:02:13 (0.0672 s / it)
     Computing matching score time 0:02:13
### TTA ITM Score: 
+-------------------+--------+--------+--------+--------+--------+
|       epoch       |   R1   |   R5   |  R10   |  mAP   |  mINP  |
+-------------------+--------+--------+--------+--------+--------+
|  cos_sim_wo/norm  | 58.544 | 91.860 | 95.703 | 73.596 | 73.596 |
|        -999       | 69.414 | 95.197 | 97.776 | 81.233 | 81.233 |
| itm_score_wo/norm | 84.328 | 98.989 | 99.494 | 91.293 | 91.293 |
|        -999       | 84.277 | 99.039 | 99.596 | 91.276 | 91.276 |
|         0         | 84.328 | 99.039 | 99.596 | 91.301 | 91.301 |
|         1         | 84.631 | 99.039 | 99.596 | 91.453 | 91.453 |
|         2         | 84.681 | 98.989 | 99.596 | 91.456 | 91.456 |
|         4         | 84.530 | 98.938 | 99.494 | 91.336 | 91.336 |
|         9         | 84.530 | 98.686 | 99.343 | 91.277 | 91.277 |
|         14        | 84.479 | 98.635 | 99.141 | 91.220 | 91.220 |
|         19        | 84.580 | 98.686 | 99.191 | 91.297 | 91.297 |
|         29        | 84.681 | 98.736 | 99.191 | 91.351 | 91.351 |
|         39        | 84.732 | 98.736 | 99.292 | 91.384 | 91.384 |
|         49        | 84.732 | 98.736 | 99.343 | 91.390 | 91.390 |
|         59        | 84.732 | 98.736 | 99.343 | 91.390 | 91.390 |
+-------------------+--------+--------+--------+--------+--------+
     logs:  {'epo': 59, 'R1': np.float32(84.732), 'R5': np.float32(98.736), 'R10': np.float32(99.343), 'mAP': np.float32(91.39), 'mINP': np.float32(91.39), 'entropy': 0.092639, 'uncertainty': 1.0, 'uncertainty_coeffi': 1.0, 'loss': 0.092639, 'lr': 0.0}
### best epoch: 39
### Time 0:29:20
NNODES,  1
NODE_RANK,  0
MASTER_ADDR,  127.0.0.1
MASTER_PORT,  1612
NPROC_PER_NODE,  2
task:  exp2.0.3
config:  configs_rerun3/exp2.0.3.yaml
output_dir:  output_rerun3/exp2.0.3/2025092000181
python3 tta.py --config configs_rerun3/exp2.0.3.yaml --task exp2.0.3 --output_dir output_rerun3/exp2.0.3/2025092000181 --checkpoint checkpoint/cmp.pth --bs 0 --epo 0 --lr 0.0 --seed 42 --tta
