/home/jiahao/miniconda3/envs/cmp/lib/python3.10/site-packages/torch/functional.py:554: UserWarning: torch.meshgrid: in an upcoming release, it will be required to pass the indexing argument. (Triggered internally at /pytorch/aten/src/ATen/native/TensorShape.cpp:4322.)
  return _VF.meshgrid(tensors, **kwargs)  # type: ignore[attr-defined]
Not using distributed mode
### Hyper-parameters:
     seed: 42
     device: cuda
     output_dir: output_rerun3/exp3.1.2/2025092007090
     batch_size_tta: 32
     epochs: 60
     lr: 0.0001
### Creating test dataset
from data/PAB/annotation/test/attr.json loading 1978 data
     test dataset -->    be_pose_img: True
     test_dataset: 1978
### Creating test dataloader
### be careful: func create_loader returns a list length of 1
     test_loader: 90
### Creating model
build_vision_encoder: load swin 224 x 224 ====>
missing_keys:  []
unexpected_keys:  ['head.weight', 'head.bias']
build_text_encoder: load bert ====>
missing_keys: ['bert.encoder.layer.10.crossattention.output.LayerNorm.bias', 'bert.encoder.layer.10.crossattention.output.LayerNorm.weight', 'bert.encoder.layer.10.crossattention.output.dense.bias', 'bert.encoder.layer.10.crossattention.output.dense.weight', 'bert.encoder.layer.10.crossattention.self.key.bias', 'bert.encoder.layer.10.crossattention.self.key.weight', 'bert.encoder.layer.10.crossattention.self.query.bias', 'bert.encoder.layer.10.crossattention.self.query.weight', 'bert.encoder.layer.10.crossattention.self.value.bias', 'bert.encoder.layer.10.crossattention.self.value.weight', 'bert.encoder.layer.11.crossattention.output.LayerNorm.bias', 'bert.encoder.layer.11.crossattention.output.LayerNorm.weight', 'bert.encoder.layer.11.crossattention.output.dense.bias', 'bert.encoder.layer.11.crossattention.output.dense.weight', 'bert.encoder.layer.11.crossattention.self.key.bias', 'bert.encoder.layer.11.crossattention.self.key.weight', 'bert.encoder.layer.11.crossattention.self.query.bias', 'bert.encoder.layer.11.crossattention.self.query.weight', 'bert.encoder.layer.11.crossattention.self.value.bias', 'bert.encoder.layer.11.crossattention.self.value.weight', 'bert.encoder.layer.6.crossattention.output.LayerNorm.bias', 'bert.encoder.layer.6.crossattention.output.LayerNorm.weight', 'bert.encoder.layer.6.crossattention.output.dense.bias', 'bert.encoder.layer.6.crossattention.output.dense.weight', 'bert.encoder.layer.6.crossattention.self.key.bias', 'bert.encoder.layer.6.crossattention.self.key.weight', 'bert.encoder.layer.6.crossattention.self.query.bias', 'bert.encoder.layer.6.crossattention.self.query.weight', 'bert.encoder.layer.6.crossattention.self.value.bias', 'bert.encoder.layer.6.crossattention.self.value.weight', 'bert.encoder.layer.7.crossattention.output.LayerNorm.bias', 'bert.encoder.layer.7.crossattention.output.LayerNorm.weight', 'bert.encoder.layer.7.crossattention.output.dense.bias', 'bert.encoder.layer.7.crossattention.output.dense.weight', 'bert.encoder.layer.7.crossattention.self.key.bias', 'bert.encoder.layer.7.crossattention.self.key.weight', 'bert.encoder.layer.7.crossattention.self.query.bias', 'bert.encoder.layer.7.crossattention.self.query.weight', 'bert.encoder.layer.7.crossattention.self.value.bias', 'bert.encoder.layer.7.crossattention.self.value.weight', 'bert.encoder.layer.8.crossattention.output.LayerNorm.bias', 'bert.encoder.layer.8.crossattention.output.LayerNorm.weight', 'bert.encoder.layer.8.crossattention.output.dense.bias', 'bert.encoder.layer.8.crossattention.output.dense.weight', 'bert.encoder.layer.8.crossattention.self.key.bias', 'bert.encoder.layer.8.crossattention.self.key.weight', 'bert.encoder.layer.8.crossattention.self.query.bias', 'bert.encoder.layer.8.crossattention.self.query.weight', 'bert.encoder.layer.8.crossattention.self.value.bias', 'bert.encoder.layer.8.crossattention.self.value.weight', 'bert.encoder.layer.9.crossattention.output.LayerNorm.bias', 'bert.encoder.layer.9.crossattention.output.LayerNorm.weight', 'bert.encoder.layer.9.crossattention.output.dense.bias', 'bert.encoder.layer.9.crossattention.output.dense.weight', 'bert.encoder.layer.9.crossattention.self.key.bias', 'bert.encoder.layer.9.crossattention.self.key.weight', 'bert.encoder.layer.9.crossattention.self.query.bias', 'bert.encoder.layer.9.crossattention.self.query.weight', 'bert.encoder.layer.9.crossattention.self.value.bias', 'bert.encoder.layer.9.crossattention.self.value.weight']
unexpected_keys: ['cls.seq_relationship.bias', 'cls.seq_relationship.weight']
mismatched_keys: []
error_msgs: []
Label Smooth: 0.2
pose_conv
load checkpoint from checkpoint/cmp.pth
missing_keys:  ['uncertainty_temper', 'prompt_learning_embedding']
unexpected_keys:  []
     Total Params Sum:  254264985
### Inference ITC similiarity matrix
### Zero-Shot Score: 
+-------------------+--------+--------+--------+--------+--------+
|       epoch       |   R1   |   R5   |  R10   |  mAP   |  mINP  |
+-------------------+--------+--------+--------+--------+--------+
|  cos_sim_wo/norm  | 58.544 | 91.860 | 95.703 | 73.596 | 73.596 |
|        -999       | 69.414 | 95.197 | 97.776 | 81.233 | 81.233 |
| itm_score_wo/norm | 84.328 | 98.989 | 99.494 | 91.293 | 91.293 |
|        -999       | 84.277 | 99.039 | 99.596 | 91.276 | 91.276 |
+-------------------+--------+--------+--------+--------+--------+
### TTA:
     preprocess_tta_coefficients  start
     sample selection ...
     number of sample after sample_selection: 1958
     uncertainty ...
     preprocess_tta_coefficients  end
### Creating tta dataset
     tta_dataset: 1958
### Creating tta dataloader
### be careful: func create_loader returns a list length of 1
     tta_loader: 61
### Configure adapted weights
     TTA Dropout Modules: 
 [('vision_encoder.pos_drop', Dropout(p=0, inplace=False), True), ('vision_encoder.layers.0.blocks.0.attn.attn_drop', Dropout(p=0.0, inplace=False), True), ('vision_encoder.layers.0.blocks.0.attn.proj_drop', Dropout(p=0, inplace=False), True), ('vision_encoder.layers.0.blocks.0.mlp.drop', Dropout(p=0, inplace=False), True), ('vision_encoder.layers.0.blocks.1.attn.attn_drop', Dropout(p=0.0, inplace=False), True), ('vision_encoder.layers.0.blocks.1.attn.proj_drop', Dropout(p=0, inplace=False), True), ('vision_encoder.layers.0.blocks.1.mlp.drop', Dropout(p=0, inplace=False), True), ('vision_encoder.layers.1.blocks.0.attn.attn_drop', Dropout(p=0.0, inplace=False), True), ('vision_encoder.layers.1.blocks.0.attn.proj_drop', Dropout(p=0, inplace=False), True), ('vision_encoder.layers.1.blocks.0.mlp.drop', Dropout(p=0, inplace=False), True), ('vision_encoder.layers.1.blocks.1.attn.attn_drop', Dropout(p=0.0, inplace=False), True), ('vision_encoder.layers.1.blocks.1.attn.proj_drop', Dropout(p=0, inplace=False), True), ('vision_encoder.layers.1.blocks.1.mlp.drop', Dropout(p=0, inplace=False), True), ('vision_encoder.layers.2.blocks.0.attn.attn_drop', Dropout(p=0.0, inplace=False), True), ('vision_encoder.layers.2.blocks.0.attn.proj_drop', Dropout(p=0, inplace=False), True), ('vision_encoder.layers.2.blocks.0.mlp.drop', Dropout(p=0, inplace=False), True), ('vision_encoder.layers.2.blocks.1.attn.attn_drop', Dropout(p=0.0, inplace=False), True), ('vision_encoder.layers.2.blocks.1.attn.proj_drop', Dropout(p=0, inplace=False), True), ('vision_encoder.layers.2.blocks.1.mlp.drop', Dropout(p=0, inplace=False), True), ('vision_encoder.layers.2.blocks.2.attn.attn_drop', Dropout(p=0.0, inplace=False), True), ('vision_encoder.layers.2.blocks.2.attn.proj_drop', Dropout(p=0, inplace=False), True), ('vision_encoder.layers.2.blocks.2.mlp.drop', Dropout(p=0, inplace=False), True), ('vision_encoder.layers.2.blocks.3.attn.attn_drop', Dropout(p=0.0, inplace=False), True), ('vision_encoder.layers.2.blocks.3.attn.proj_drop', Dropout(p=0, inplace=False), True), ('vision_encoder.layers.2.blocks.3.mlp.drop', Dropout(p=0, inplace=False), True), ('vision_encoder.layers.2.blocks.4.attn.attn_drop', Dropout(p=0.0, inplace=False), True), ('vision_encoder.layers.2.blocks.4.attn.proj_drop', Dropout(p=0, inplace=False), True), ('vision_encoder.layers.2.blocks.4.mlp.drop', Dropout(p=0, inplace=False), True), ('vision_encoder.layers.2.blocks.5.attn.attn_drop', Dropout(p=0.0, inplace=False), True), ('vision_encoder.layers.2.blocks.5.attn.proj_drop', Dropout(p=0, inplace=False), True), ('vision_encoder.layers.2.blocks.5.mlp.drop', Dropout(p=0, inplace=False), True), ('vision_encoder.layers.2.blocks.6.attn.attn_drop', Dropout(p=0.0, inplace=False), True), ('vision_encoder.layers.2.blocks.6.attn.proj_drop', Dropout(p=0, inplace=False), True), ('vision_encoder.layers.2.blocks.6.mlp.drop', Dropout(p=0, inplace=False), True), ('vision_encoder.layers.2.blocks.7.attn.attn_drop', Dropout(p=0.0, inplace=False), True), ('vision_encoder.layers.2.blocks.7.attn.proj_drop', Dropout(p=0, inplace=False), True), ('vision_encoder.layers.2.blocks.7.mlp.drop', Dropout(p=0, inplace=False), True), ('vision_encoder.layers.2.blocks.8.attn.attn_drop', Dropout(p=0.0, inplace=False), True), ('vision_encoder.layers.2.blocks.8.attn.proj_drop', Dropout(p=0, inplace=False), True), ('vision_encoder.layers.2.blocks.8.mlp.drop', Dropout(p=0, inplace=False), True), ('vision_encoder.layers.2.blocks.9.attn.attn_drop', Dropout(p=0.0, inplace=False), True), ('vision_encoder.layers.2.blocks.9.attn.proj_drop', Dropout(p=0, inplace=False), True), ('vision_encoder.layers.2.blocks.9.mlp.drop', Dropout(p=0, inplace=False), True), ('vision_encoder.layers.2.blocks.10.attn.attn_drop', Dropout(p=0.0, inplace=False), True), ('vision_encoder.layers.2.blocks.10.attn.proj_drop', Dropout(p=0, inplace=False), True), ('vision_encoder.layers.2.blocks.10.mlp.drop', Dropout(p=0, inplace=False), True), ('vision_encoder.layers.2.blocks.11.attn.attn_drop', Dropout(p=0.0, inplace=False), True), ('vision_encoder.layers.2.blocks.11.attn.proj_drop', Dropout(p=0, inplace=False), True), ('vision_encoder.layers.2.blocks.11.mlp.drop', Dropout(p=0, inplace=False), True), ('vision_encoder.layers.2.blocks.12.attn.attn_drop', Dropout(p=0.0, inplace=False), True), ('vision_encoder.layers.2.blocks.12.attn.proj_drop', Dropout(p=0, inplace=False), True), ('vision_encoder.layers.2.blocks.12.mlp.drop', Dropout(p=0, inplace=False), True), ('vision_encoder.layers.2.blocks.13.attn.attn_drop', Dropout(p=0.0, inplace=False), True), ('vision_encoder.layers.2.blocks.13.attn.proj_drop', Dropout(p=0, inplace=False), True), ('vision_encoder.layers.2.blocks.13.mlp.drop', Dropout(p=0, inplace=False), True), ('vision_encoder.layers.2.blocks.14.attn.attn_drop', Dropout(p=0.0, inplace=False), True), ('vision_encoder.layers.2.blocks.14.attn.proj_drop', Dropout(p=0, inplace=False), True), ('vision_encoder.layers.2.blocks.14.mlp.drop', Dropout(p=0, inplace=False), True), ('vision_encoder.layers.2.blocks.15.attn.attn_drop', Dropout(p=0.0, inplace=False), True), ('vision_encoder.layers.2.blocks.15.attn.proj_drop', Dropout(p=0, inplace=False), True), ('vision_encoder.layers.2.blocks.15.mlp.drop', Dropout(p=0, inplace=False), True), ('vision_encoder.layers.2.blocks.16.attn.attn_drop', Dropout(p=0.0, inplace=False), True), ('vision_encoder.layers.2.blocks.16.attn.proj_drop', Dropout(p=0, inplace=False), True), ('vision_encoder.layers.2.blocks.16.mlp.drop', Dropout(p=0, inplace=False), True), ('vision_encoder.layers.2.blocks.17.attn.attn_drop', Dropout(p=0.0, inplace=False), True), ('vision_encoder.layers.2.blocks.17.attn.proj_drop', Dropout(p=0, inplace=False), True), ('vision_encoder.layers.2.blocks.17.mlp.drop', Dropout(p=0, inplace=False), True), ('vision_encoder.layers.3.blocks.0.attn.attn_drop', Dropout(p=0.0, inplace=False), True), ('vision_encoder.layers.3.blocks.0.attn.proj_drop', Dropout(p=0, inplace=False), True), ('vision_encoder.layers.3.blocks.0.mlp.drop', Dropout(p=0, inplace=False), True), ('vision_encoder.layers.3.blocks.1.attn.attn_drop', Dropout(p=0.0, inplace=False), True), ('vision_encoder.layers.3.blocks.1.attn.proj_drop', Dropout(p=0, inplace=False), True), ('vision_encoder.layers.3.blocks.1.mlp.drop', Dropout(p=0, inplace=False), True), ('text_encoder.bert.embeddings.dropout', Dropout(p=0.1, inplace=False), True), ('text_encoder.bert.encoder.layer.0.attention.self.dropout', Dropout(p=0.1, inplace=False), True), ('text_encoder.bert.encoder.layer.0.attention.output.dropout', Dropout(p=0.1, inplace=False), True), ('text_encoder.bert.encoder.layer.0.output.dropout', Dropout(p=0.1, inplace=False), True), ('text_encoder.bert.encoder.layer.1.attention.self.dropout', Dropout(p=0.1, inplace=False), True), ('text_encoder.bert.encoder.layer.1.attention.output.dropout', Dropout(p=0.1, inplace=False), True), ('text_encoder.bert.encoder.layer.1.output.dropout', Dropout(p=0.1, inplace=False), True), ('text_encoder.bert.encoder.layer.2.attention.self.dropout', Dropout(p=0.1, inplace=False), True), ('text_encoder.bert.encoder.layer.2.attention.output.dropout', Dropout(p=0.1, inplace=False), True), ('text_encoder.bert.encoder.layer.2.output.dropout', Dropout(p=0.1, inplace=False), True), ('text_encoder.bert.encoder.layer.3.attention.self.dropout', Dropout(p=0.1, inplace=False), True), ('text_encoder.bert.encoder.layer.3.attention.output.dropout', Dropout(p=0.1, inplace=False), True), ('text_encoder.bert.encoder.layer.3.output.dropout', Dropout(p=0.1, inplace=False), True), ('text_encoder.bert.encoder.layer.4.attention.self.dropout', Dropout(p=0.1, inplace=False), True), ('text_encoder.bert.encoder.layer.4.attention.output.dropout', Dropout(p=0.1, inplace=False), True), ('text_encoder.bert.encoder.layer.4.output.dropout', Dropout(p=0.1, inplace=False), True), ('text_encoder.bert.encoder.layer.5.attention.self.dropout', Dropout(p=0.1, inplace=False), True), ('text_encoder.bert.encoder.layer.5.attention.output.dropout', Dropout(p=0.1, inplace=False), True), ('text_encoder.bert.encoder.layer.5.output.dropout', Dropout(p=0.1, inplace=False), True), ('text_encoder.bert.encoder.layer.6.attention.self.dropout', Dropout(p=0.1, inplace=False), True), ('text_encoder.bert.encoder.layer.6.attention.output.dropout', Dropout(p=0.1, inplace=False), True), ('text_encoder.bert.encoder.layer.6.crossattention.self.dropout', Dropout(p=0.1, inplace=False), True), ('text_encoder.bert.encoder.layer.6.crossattention.output.dropout', Dropout(p=0.1, inplace=False), True), ('text_encoder.bert.encoder.layer.6.output.dropout', Dropout(p=0.1, inplace=False), True), ('text_encoder.bert.encoder.layer.7.attention.self.dropout', Dropout(p=0.1, inplace=False), True), ('text_encoder.bert.encoder.layer.7.attention.output.dropout', Dropout(p=0.1, inplace=False), True), ('text_encoder.bert.encoder.layer.7.crossattention.self.dropout', Dropout(p=0.1, inplace=False), True), ('text_encoder.bert.encoder.layer.7.crossattention.output.dropout', Dropout(p=0.1, inplace=False), True), ('text_encoder.bert.encoder.layer.7.output.dropout', Dropout(p=0.1, inplace=False), True), ('text_encoder.bert.encoder.layer.8.attention.self.dropout', Dropout(p=0.1, inplace=False), True), ('text_encoder.bert.encoder.layer.8.attention.output.dropout', Dropout(p=0.1, inplace=False), True), ('text_encoder.bert.encoder.layer.8.crossattention.self.dropout', Dropout(p=0.1, inplace=False), True), ('text_encoder.bert.encoder.layer.8.crossattention.output.dropout', Dropout(p=0.1, inplace=False), True), ('text_encoder.bert.encoder.layer.8.output.dropout', Dropout(p=0.1, inplace=False), True), ('text_encoder.bert.encoder.layer.9.attention.self.dropout', Dropout(p=0.1, inplace=False), True), ('text_encoder.bert.encoder.layer.9.attention.output.dropout', Dropout(p=0.1, inplace=False), True), ('text_encoder.bert.encoder.layer.9.crossattention.self.dropout', Dropout(p=0.1, inplace=False), True), ('text_encoder.bert.encoder.layer.9.crossattention.output.dropout', Dropout(p=0.1, inplace=False), True), ('text_encoder.bert.encoder.layer.9.output.dropout', Dropout(p=0.1, inplace=False), True), ('text_encoder.bert.encoder.layer.10.attention.self.dropout', Dropout(p=0.1, inplace=False), True), ('text_encoder.bert.encoder.layer.10.attention.output.dropout', Dropout(p=0.1, inplace=False), True), ('text_encoder.bert.encoder.layer.10.crossattention.self.dropout', Dropout(p=0.1, inplace=False), True), ('text_encoder.bert.encoder.layer.10.crossattention.output.dropout', Dropout(p=0.1, inplace=False), True), ('text_encoder.bert.encoder.layer.10.output.dropout', Dropout(p=0.1, inplace=False), True), ('text_encoder.bert.encoder.layer.11.attention.self.dropout', Dropout(p=0.1, inplace=False), True), ('text_encoder.bert.encoder.layer.11.attention.output.dropout', Dropout(p=0.1, inplace=False), True), ('text_encoder.bert.encoder.layer.11.crossattention.self.dropout', Dropout(p=0.1, inplace=False), True), ('text_encoder.bert.encoder.layer.11.crossattention.output.dropout', Dropout(p=0.1, inplace=False), True), ('text_encoder.bert.encoder.layer.11.output.dropout', Dropout(p=0.1, inplace=False), True), ('vision_proj.1', Dropout(p=0.5, inplace=False), True), ('text_proj.1', Dropout(p=0.5, inplace=False), True), ('pose_block.attn.attn_drop', Dropout(p=0.0, inplace=False), True), ('pose_block.attn.proj_drop', Dropout(p=0.0, inplace=False), True)]
     TTA Require Gradient Params: 
 [('text_encoder.bert.embeddings.LayerNorm.weight', torch.Size([768])), ('text_encoder.bert.embeddings.LayerNorm.bias', torch.Size([768])), ('text_encoder.bert.encoder.layer.6.attention.output.LayerNorm.weight', torch.Size([768])), ('text_encoder.bert.encoder.layer.6.attention.output.LayerNorm.bias', torch.Size([768])), ('text_encoder.bert.encoder.layer.6.crossattention.output.LayerNorm.weight', torch.Size([768])), ('text_encoder.bert.encoder.layer.6.crossattention.output.LayerNorm.bias', torch.Size([768])), ('text_encoder.bert.encoder.layer.6.output.LayerNorm.weight', torch.Size([768])), ('text_encoder.bert.encoder.layer.6.output.LayerNorm.bias', torch.Size([768])), ('text_encoder.bert.encoder.layer.7.attention.output.LayerNorm.weight', torch.Size([768])), ('text_encoder.bert.encoder.layer.7.attention.output.LayerNorm.bias', torch.Size([768])), ('text_encoder.bert.encoder.layer.7.crossattention.output.LayerNorm.weight', torch.Size([768])), ('text_encoder.bert.encoder.layer.7.crossattention.output.LayerNorm.bias', torch.Size([768])), ('text_encoder.bert.encoder.layer.7.output.LayerNorm.weight', torch.Size([768])), ('text_encoder.bert.encoder.layer.7.output.LayerNorm.bias', torch.Size([768])), ('text_encoder.bert.encoder.layer.8.attention.output.LayerNorm.weight', torch.Size([768])), ('text_encoder.bert.encoder.layer.8.attention.output.LayerNorm.bias', torch.Size([768])), ('text_encoder.bert.encoder.layer.8.crossattention.output.LayerNorm.weight', torch.Size([768])), ('text_encoder.bert.encoder.layer.8.crossattention.output.LayerNorm.bias', torch.Size([768])), ('text_encoder.bert.encoder.layer.8.output.LayerNorm.weight', torch.Size([768])), ('text_encoder.bert.encoder.layer.8.output.LayerNorm.bias', torch.Size([768])), ('text_encoder.bert.encoder.layer.9.attention.output.LayerNorm.weight', torch.Size([768])), ('text_encoder.bert.encoder.layer.9.attention.output.LayerNorm.bias', torch.Size([768])), ('text_encoder.bert.encoder.layer.9.crossattention.output.LayerNorm.weight', torch.Size([768])), ('text_encoder.bert.encoder.layer.9.crossattention.output.LayerNorm.bias', torch.Size([768])), ('text_encoder.bert.encoder.layer.9.output.LayerNorm.weight', torch.Size([768])), ('text_encoder.bert.encoder.layer.9.output.LayerNorm.bias', torch.Size([768])), ('text_encoder.bert.encoder.layer.10.attention.output.LayerNorm.weight', torch.Size([768])), ('text_encoder.bert.encoder.layer.10.attention.output.LayerNorm.bias', torch.Size([768])), ('text_encoder.bert.encoder.layer.10.crossattention.output.LayerNorm.weight', torch.Size([768])), ('text_encoder.bert.encoder.layer.10.crossattention.output.LayerNorm.bias', torch.Size([768])), ('text_encoder.bert.encoder.layer.10.output.LayerNorm.weight', torch.Size([768])), ('text_encoder.bert.encoder.layer.10.output.LayerNorm.bias', torch.Size([768])), ('text_encoder.bert.encoder.layer.11.attention.output.LayerNorm.weight', torch.Size([768])), ('text_encoder.bert.encoder.layer.11.attention.output.LayerNorm.bias', torch.Size([768])), ('text_encoder.bert.encoder.layer.11.crossattention.output.LayerNorm.weight', torch.Size([768])), ('text_encoder.bert.encoder.layer.11.crossattention.output.LayerNorm.bias', torch.Size([768])), ('text_encoder.bert.encoder.layer.11.output.LayerNorm.weight', torch.Size([768])), ('text_encoder.bert.encoder.layer.11.output.LayerNorm.bias', torch.Size([768])), ('text_encoder.cls.predictions.transform.LayerNorm.weight', torch.Size([768])), ('text_encoder.cls.predictions.transform.LayerNorm.bias', torch.Size([768])), ('itm_head.1.weight', torch.Size([1536])), ('itm_head.1.bias', torch.Size([1536]))]
     TTA Dropout Modules Number: 
 126
     TTA Require Gradient Params Sum: 
 33792
     lr:  0.0001    lr_mult:  2
     model has 'init_params',  386
     num_tta_steps:  3720
     num_warmup_steps:  500
     sched: step
/home/jiahao/task/CMP/tta.py:246: FutureWarning: `torch.cuda.amp.GradScaler(args...)` is deprecated. Please use `torch.amp.GradScaler('cuda', args...)` instead.
  scaler = GradScaler()  # bf16
### Start ITM Test Time Adaptation
      TTA Epoch: [0] [ 0/61]  eta: 0:00:33  entropy: 0.3966  uncertainty: 2.0939  uncertainty_coeffi: 0.0100  loss: 0.2134  lr: 0.000000  time: 0.5523  data: 0.2569  max mem: 2639
      TTA Epoch: [0] [60/61]  eta: 0:00:00  entropy: 0.3518  uncertainty: 2.0020  uncertainty_coeffi: 0.0100  loss: 0.2532  lr: 0.000012  time: 0.0579  data: 0.0000  max mem: 2671
      TTA Epoch: [0] Total time: 0:00:04 (0.0662 s / it)
     Averaged stats: entropy: 0.3463  uncertainty: 2.1780  uncertainty_coeffi: 0.0100  loss: 0.2261  lr: 0.0000
     itm tta time 0:00:04
     Computing matching score
      Evaluation: [   0/1978]  eta: 0:02:47    time: 0.0848  data: 0.0008  max mem: 2671
      Evaluation: [ 100/1978]  eta: 0:02:04    time: 0.0661  data: 0.0000  max mem: 2671
      Evaluation: [ 200/1978]  eta: 0:01:57    time: 0.0663  data: 0.0000  max mem: 2671
      Evaluation: [ 300/1978]  eta: 0:01:51    time: 0.0663  data: 0.0000  max mem: 2671
      Evaluation: [ 400/1978]  eta: 0:01:44    time: 0.0663  data: 0.0000  max mem: 2671
      Evaluation: [ 500/1978]  eta: 0:01:37    time: 0.0661  data: 0.0000  max mem: 2671
      Evaluation: [ 600/1978]  eta: 0:01:31    time: 0.0662  data: 0.0000  max mem: 2671
      Evaluation: [ 700/1978]  eta: 0:01:24    time: 0.0662  data: 0.0000  max mem: 2671
      Evaluation: [ 800/1978]  eta: 0:01:18    time: 0.0663  data: 0.0000  max mem: 2671
      Evaluation: [ 900/1978]  eta: 0:01:11    time: 0.0663  data: 0.0000  max mem: 2671
      Evaluation: [1000/1978]  eta: 0:01:04    time: 0.0662  data: 0.0000  max mem: 2671
      Evaluation: [1100/1978]  eta: 0:00:58    time: 0.0664  data: 0.0000  max mem: 2671
      Evaluation: [1200/1978]  eta: 0:00:51    time: 0.0663  data: 0.0000  max mem: 2671
      Evaluation: [1300/1978]  eta: 0:00:44    time: 0.0663  data: 0.0000  max mem: 2671
      Evaluation: [1400/1978]  eta: 0:00:38    time: 0.0663  data: 0.0000  max mem: 2671
      Evaluation: [1500/1978]  eta: 0:00:31    time: 0.0662  data: 0.0000  max mem: 2671
      Evaluation: [1600/1978]  eta: 0:00:25    time: 0.0662  data: 0.0000  max mem: 2671
      Evaluation: [1700/1978]  eta: 0:00:18    time: 0.0663  data: 0.0000  max mem: 2671
      Evaluation: [1800/1978]  eta: 0:00:11    time: 0.0663  data: 0.0000  max mem: 2671
      Evaluation: [1900/1978]  eta: 0:00:05    time: 0.0663  data: 0.0000  max mem: 2671
      Evaluation: [1977/1978]  eta: 0:00:00    time: 0.0663  data: 0.0000  max mem: 2671
      Evaluation: Total time: 0:02:11 (0.0663 s / it)
     Computing matching score time 0:02:11
### TTA ITM Score: 
+-------------------+--------+--------+--------+--------+--------+
|       epoch       |   R1   |   R5   |  R10   |  mAP   |  mINP  |
+-------------------+--------+--------+--------+--------+--------+
|  cos_sim_wo/norm  | 58.544 | 91.860 | 95.703 | 73.596 | 73.596 |
|        -999       | 69.414 | 95.197 | 97.776 | 81.233 | 81.233 |
| itm_score_wo/norm | 84.328 | 98.989 | 99.494 | 91.293 | 91.293 |
|        -999       | 84.277 | 99.039 | 99.596 | 91.276 | 91.276 |
|         0         | 84.328 | 99.039 | 99.596 | 91.291 | 91.291 |
+-------------------+--------+--------+--------+--------+--------+
     logs:  {'epo': 0, 'R1': np.float32(84.328), 'R5': np.float32(99.039), 'R10': np.float32(99.596), 'mAP': np.float32(91.291), 'mINP': np.float32(91.291), 'entropy': 0.346343, 'uncertainty': 2.178043, 'uncertainty_coeffi': 0.01, 'loss': 0.226139, 'lr': 6e-06}
      TTA Epoch: [1] [ 0/61]  eta: 0:00:15  entropy: 0.4018  uncertainty: 1.7537  uncertainty_coeffi: 0.0100  loss: 0.3004  lr: 0.000012  time: 0.2514  data: 0.1921  max mem: 2671
      TTA Epoch: [1] [60/61]  eta: 0:00:00  entropy: 0.2631  uncertainty: 2.2360  uncertainty_coeffi: 0.0100  loss: 0.1562  lr: 0.000024  time: 0.0582  data: 0.0000  max mem: 2671
      TTA Epoch: [1] Total time: 0:00:03 (0.0615 s / it)
     Averaged stats: entropy: 0.3430  uncertainty: 2.1730  uncertainty_coeffi: 0.0100  loss: 0.2241  lr: 0.0000
     itm tta time 0:00:03
     Computing matching score
      Evaluation: [   0/1978]  eta: 0:02:01    time: 0.0612  data: 0.0009  max mem: 2671
      Evaluation: [ 100/1978]  eta: 0:02:04    time: 0.0663  data: 0.0000  max mem: 2671
      Evaluation: [ 200/1978]  eta: 0:01:57    time: 0.0662  data: 0.0000  max mem: 2671
      Evaluation: [ 300/1978]  eta: 0:01:51    time: 0.0662  data: 0.0000  max mem: 2671
      Evaluation: [ 400/1978]  eta: 0:01:44    time: 0.0663  data: 0.0000  max mem: 2671
      Evaluation: [ 500/1978]  eta: 0:01:37    time: 0.0663  data: 0.0000  max mem: 2671
      Evaluation: [ 600/1978]  eta: 0:01:31    time: 0.0663  data: 0.0000  max mem: 2671
      Evaluation: [ 700/1978]  eta: 0:01:24    time: 0.0663  data: 0.0000  max mem: 2671
      Evaluation: [ 800/1978]  eta: 0:01:18    time: 0.0662  data: 0.0000  max mem: 2671
      Evaluation: [ 900/1978]  eta: 0:01:11    time: 0.0663  data: 0.0000  max mem: 2671
      Evaluation: [1000/1978]  eta: 0:01:04    time: 0.0663  data: 0.0000  max mem: 2671
      Evaluation: [1100/1978]  eta: 0:00:58    time: 0.0662  data: 0.0000  max mem: 2671
      Evaluation: [1200/1978]  eta: 0:00:51    time: 0.0663  data: 0.0000  max mem: 2671
      Evaluation: [1300/1978]  eta: 0:00:44    time: 0.0663  data: 0.0000  max mem: 2671
      Evaluation: [1400/1978]  eta: 0:00:38    time: 0.0663  data: 0.0000  max mem: 2671
      Evaluation: [1500/1978]  eta: 0:00:31    time: 0.0663  data: 0.0000  max mem: 2671
      Evaluation: [1600/1978]  eta: 0:00:25    time: 0.0663  data: 0.0000  max mem: 2671
      Evaluation: [1700/1978]  eta: 0:00:18    time: 0.0663  data: 0.0000  max mem: 2671
      Evaluation: [1800/1978]  eta: 0:00:11    time: 0.0663  data: 0.0000  max mem: 2671
      Evaluation: [1900/1978]  eta: 0:00:05    time: 0.0663  data: 0.0000  max mem: 2671
      Evaluation: [1977/1978]  eta: 0:00:00    time: 0.0663  data: 0.0000  max mem: 2671
      Evaluation: Total time: 0:02:11 (0.0663 s / it)
     Computing matching score time 0:02:11
### TTA ITM Score: 
+-------------------+--------+--------+--------+--------+--------+
|       epoch       |   R1   |   R5   |  R10   |  mAP   |  mINP  |
+-------------------+--------+--------+--------+--------+--------+
|  cos_sim_wo/norm  | 58.544 | 91.860 | 95.703 | 73.596 | 73.596 |
|        -999       | 69.414 | 95.197 | 97.776 | 81.233 | 81.233 |
| itm_score_wo/norm | 84.328 | 98.989 | 99.494 | 91.293 | 91.293 |
|        -999       | 84.277 | 99.039 | 99.596 | 91.276 | 91.276 |
|         0         | 84.328 | 99.039 | 99.596 | 91.291 | 91.291 |
|         1         | 84.681 | 98.989 | 99.596 | 91.453 | 91.453 |
+-------------------+--------+--------+--------+--------+--------+
     logs:  {'epo': 1, 'R1': np.float32(84.681), 'R5': np.float32(98.989), 'R10': np.float32(99.596), 'mAP': np.float32(91.453), 'mINP': np.float32(91.453), 'entropy': 0.342992, 'uncertainty': 2.173012, 'uncertainty_coeffi': 0.01, 'loss': 0.224072, 'lr': 1.8e-05}
      TTA Epoch: [2] [ 0/61]  eta: 0:00:16  entropy: 0.2834  uncertainty: 1.6686  uncertainty_coeffi: 0.0100  loss: 0.2064  lr: 0.000025  time: 0.2624  data: 0.2030  max mem: 2671
      TTA Epoch: [2] [60/61]  eta: 0:00:00  entropy: 0.3075  uncertainty: 2.0149  uncertainty_coeffi: 0.0100  loss: 0.2015  lr: 0.000037  time: 0.0584  data: 0.0000  max mem: 2671
      TTA Epoch: [2] Total time: 0:00:03 (0.0617 s / it)
     Averaged stats: entropy: 0.3219  uncertainty: 2.1749  uncertainty_coeffi: 0.0100  loss: 0.2097  lr: 0.0000
     itm tta time 0:00:03
     Computing matching score
      Evaluation: [   0/1978]  eta: 0:02:01    time: 0.0612  data: 0.0008  max mem: 2671
      Evaluation: [ 100/1978]  eta: 0:02:04    time: 0.0664  data: 0.0000  max mem: 2671
      Evaluation: [ 200/1978]  eta: 0:01:57    time: 0.0664  data: 0.0000  max mem: 2671
      Evaluation: [ 300/1978]  eta: 0:01:51    time: 0.0664  data: 0.0000  max mem: 2671
      Evaluation: [ 400/1978]  eta: 0:01:44    time: 0.0663  data: 0.0000  max mem: 2671
      Evaluation: [ 500/1978]  eta: 0:01:38    time: 0.0663  data: 0.0000  max mem: 2671
      Evaluation: [ 600/1978]  eta: 0:01:31    time: 0.0664  data: 0.0000  max mem: 2671
      Evaluation: [ 700/1978]  eta: 0:01:24    time: 0.0664  data: 0.0000  max mem: 2671
      Evaluation: [ 800/1978]  eta: 0:01:18    time: 0.0663  data: 0.0000  max mem: 2671
      Evaluation: [ 900/1978]  eta: 0:01:11    time: 0.0664  data: 0.0000  max mem: 2671
      Evaluation: [1000/1978]  eta: 0:01:04    time: 0.0664  data: 0.0000  max mem: 2671
      Evaluation: [1100/1978]  eta: 0:00:58    time: 0.0664  data: 0.0000  max mem: 2671
      Evaluation: [1200/1978]  eta: 0:00:51    time: 0.0664  data: 0.0000  max mem: 2671
      Evaluation: [1300/1978]  eta: 0:00:44    time: 0.0663  data: 0.0000  max mem: 2671
      Evaluation: [1400/1978]  eta: 0:00:38    time: 0.0663  data: 0.0000  max mem: 2671
      Evaluation: [1500/1978]  eta: 0:00:31    time: 0.0664  data: 0.0000  max mem: 2671
      Evaluation: [1600/1978]  eta: 0:00:25    time: 0.0664  data: 0.0000  max mem: 2671
      Evaluation: [1700/1978]  eta: 0:00:18    time: 0.0664  data: 0.0000  max mem: 2671
      Evaluation: [1800/1978]  eta: 0:00:11    time: 0.0664  data: 0.0000  max mem: 2671
      Evaluation: [1900/1978]  eta: 0:00:05    time: 0.0664  data: 0.0000  max mem: 2671
      Evaluation: [1977/1978]  eta: 0:00:00    time: 0.0663  data: 0.0000  max mem: 2671
      Evaluation: Total time: 0:02:11 (0.0664 s / it)
     Computing matching score time 0:02:11
### TTA ITM Score: 
+-------------------+--------+--------+--------+--------+--------+
|       epoch       |   R1   |   R5   |  R10   |  mAP   |  mINP  |
+-------------------+--------+--------+--------+--------+--------+
|  cos_sim_wo/norm  | 58.544 | 91.860 | 95.703 | 73.596 | 73.596 |
|        -999       | 69.414 | 95.197 | 97.776 | 81.233 | 81.233 |
| itm_score_wo/norm | 84.328 | 98.989 | 99.494 | 91.293 | 91.293 |
|        -999       | 84.277 | 99.039 | 99.596 | 91.276 | 91.276 |
|         0         | 84.328 | 99.039 | 99.596 | 91.291 | 91.291 |
|         1         | 84.681 | 98.989 | 99.596 | 91.453 | 91.453 |
|         2         | 84.783 | 98.938 | 99.596 | 91.491 | 91.491 |
+-------------------+--------+--------+--------+--------+--------+
     logs:  {'epo': 2, 'R1': np.float32(84.783), 'R5': np.float32(98.938), 'R10': np.float32(99.596), 'mAP': np.float32(91.491), 'mINP': np.float32(91.491), 'entropy': 0.321891, 'uncertainty': 2.174913, 'uncertainty_coeffi': 0.01, 'loss': 0.209686, 'lr': 3.1e-05}
      TTA Epoch: [3] [ 0/61]  eta: 0:00:15  entropy: 0.1873  uncertainty: 2.0314  uncertainty_coeffi: 0.0100  loss: 0.1374  lr: 0.000037  time: 0.2542  data: 0.1947  max mem: 2671
      TTA Epoch: [3] [60/61]  eta: 0:00:00  entropy: 0.4090  uncertainty: 2.2492  uncertainty_coeffi: 0.0100  loss: 0.2504  lr: 0.000049  time: 0.0579  data: 0.0000  max mem: 2671
      TTA Epoch: [3] Total time: 0:00:03 (0.0613 s / it)
     Averaged stats: entropy: 0.3039  uncertainty: 2.1761  uncertainty_coeffi: 0.0100  loss: 0.1964  lr: 0.0000
     itm tta time 0:00:03
      TTA Epoch: [4] [ 0/61]  eta: 0:00:14  entropy: 0.1704  uncertainty: 1.9233  uncertainty_coeffi: 0.0100  loss: 0.1384  lr: 0.000049  time: 0.2435  data: 0.1845  max mem: 2671
      TTA Epoch: [4] [60/61]  eta: 0:00:00  entropy: 0.1631  uncertainty: 2.2358  uncertainty_coeffi: 0.0100  loss: 0.0996  lr: 0.000061  time: 0.0580  data: 0.0000  max mem: 2671
      TTA Epoch: [4] Total time: 0:00:03 (0.0611 s / it)
     Averaged stats: entropy: 0.2815  uncertainty: 2.1728  uncertainty_coeffi: 0.0100  loss: 0.1803  lr: 0.0001
     itm tta time 0:00:03
     Computing matching score
      Evaluation: [   0/1978]  eta: 0:01:58    time: 0.0601  data: 0.0009  max mem: 2671
      Evaluation: [ 100/1978]  eta: 0:02:04    time: 0.0663  data: 0.0000  max mem: 2671
      Evaluation: [ 200/1978]  eta: 0:01:57    time: 0.0663  data: 0.0000  max mem: 2671
      Evaluation: [ 300/1978]  eta: 0:01:51    time: 0.0663  data: 0.0000  max mem: 2671
      Evaluation: [ 400/1978]  eta: 0:01:44    time: 0.0663  data: 0.0000  max mem: 2671
      Evaluation: [ 500/1978]  eta: 0:01:38    time: 0.0663  data: 0.0000  max mem: 2671
      Evaluation: [ 600/1978]  eta: 0:01:31    time: 0.0664  data: 0.0000  max mem: 2671
      Evaluation: [ 700/1978]  eta: 0:01:24    time: 0.0663  data: 0.0000  max mem: 2671
      Evaluation: [ 800/1978]  eta: 0:01:18    time: 0.0663  data: 0.0000  max mem: 2671
      Evaluation: [ 900/1978]  eta: 0:01:11    time: 0.0663  data: 0.0000  max mem: 2671
      Evaluation: [1000/1978]  eta: 0:01:04    time: 0.0664  data: 0.0000  max mem: 2671
      Evaluation: [1100/1978]  eta: 0:00:58    time: 0.0664  data: 0.0000  max mem: 2671
      Evaluation: [1200/1978]  eta: 0:00:51    time: 0.0663  data: 0.0000  max mem: 2671
      Evaluation: [1300/1978]  eta: 0:00:44    time: 0.0663  data: 0.0000  max mem: 2671
      Evaluation: [1400/1978]  eta: 0:00:38    time: 0.0663  data: 0.0000  max mem: 2671
      Evaluation: [1500/1978]  eta: 0:00:31    time: 0.0663  data: 0.0000  max mem: 2671
      Evaluation: [1600/1978]  eta: 0:00:25    time: 0.0664  data: 0.0000  max mem: 2671
      Evaluation: [1700/1978]  eta: 0:00:18    time: 0.0663  data: 0.0000  max mem: 2671
      Evaluation: [1800/1978]  eta: 0:00:11    time: 0.0663  data: 0.0000  max mem: 2671
      Evaluation: [1900/1978]  eta: 0:00:05    time: 0.0662  data: 0.0000  max mem: 2671
      Evaluation: [1977/1978]  eta: 0:00:00    time: 0.0664  data: 0.0000  max mem: 2671
      Evaluation: Total time: 0:02:11 (0.0663 s / it)
     Computing matching score time 0:02:11
### TTA ITM Score: 
+-------------------+--------+--------+--------+--------+--------+
|       epoch       |   R1   |   R5   |  R10   |  mAP   |  mINP  |
+-------------------+--------+--------+--------+--------+--------+
|  cos_sim_wo/norm  | 58.544 | 91.860 | 95.703 | 73.596 | 73.596 |
|        -999       | 69.414 | 95.197 | 97.776 | 81.233 | 81.233 |
| itm_score_wo/norm | 84.328 | 98.989 | 99.494 | 91.293 | 91.293 |
|        -999       | 84.277 | 99.039 | 99.596 | 91.276 | 91.276 |
|         0         | 84.328 | 99.039 | 99.596 | 91.291 | 91.291 |
|         1         | 84.681 | 98.989 | 99.596 | 91.453 | 91.453 |
|         2         | 84.783 | 98.938 | 99.596 | 91.491 | 91.491 |
|         4         | 84.479 | 98.837 | 99.494 | 91.276 | 91.276 |
+-------------------+--------+--------+--------+--------+--------+
     logs:  {'epo': 4, 'R1': np.float32(84.479), 'R5': np.float32(98.837), 'R10': np.float32(99.494), 'mAP': np.float32(91.276), 'mINP': np.float32(91.276), 'entropy': 0.28147, 'uncertainty': 2.172766, 'uncertainty_coeffi': 0.01, 'loss': 0.180324, 'lr': 5.5e-05}
      TTA Epoch: [5] [ 0/61]  eta: 0:00:15  entropy: 0.2885  uncertainty: 1.9746  uncertainty_coeffi: 0.0100  loss: 0.1753  lr: 0.000061  time: 0.2497  data: 0.1901  max mem: 2671
      TTA Epoch: [5] [60/61]  eta: 0:00:00  entropy: 0.2003  uncertainty: 2.1392  uncertainty_coeffi: 0.0100  loss: 0.1112  lr: 0.000073  time: 0.0582  data: 0.0000  max mem: 2671
      TTA Epoch: [5] Total time: 0:00:03 (0.0614 s / it)
     Averaged stats: entropy: 0.2610  uncertainty: 2.1778  uncertainty_coeffi: 0.0100  loss: 0.1652  lr: 0.0001
     itm tta time 0:00:03
      TTA Epoch: [6] [ 0/61]  eta: 0:00:14  entropy: 0.3100  uncertainty: 2.2376  uncertainty_coeffi: 0.0100  loss: 0.1875  lr: 0.000073  time: 0.2429  data: 0.1838  max mem: 2671
      TTA Epoch: [6] [60/61]  eta: 0:00:00  entropy: 0.2180  uncertainty: 2.6435  uncertainty_coeffi: 0.0100  loss: 0.1486  lr: 0.000085  time: 0.0579  data: 0.0000  max mem: 2671
      TTA Epoch: [6] Total time: 0:00:03 (0.0613 s / it)
     Averaged stats: entropy: 0.2414  uncertainty: 2.1709  uncertainty_coeffi: 0.0100  loss: 0.1535  lr: 0.0001
     itm tta time 0:00:03
      TTA Epoch: [7] [ 0/61]  eta: 0:00:14  entropy: 0.2611  uncertainty: 1.8477  uncertainty_coeffi: 0.0100  loss: 0.1911  lr: 0.000086  time: 0.2416  data: 0.1820  max mem: 2671
      TTA Epoch: [7] [60/61]  eta: 0:00:00  entropy: 0.2518  uncertainty: 2.4728  uncertainty_coeffi: 0.0100  loss: 0.1500  lr: 0.000098  time: 0.0581  data: 0.0001  max mem: 2671
      TTA Epoch: [7] Total time: 0:00:03 (0.0612 s / it)
     Averaged stats: entropy: 0.2242  uncertainty: 2.1784  uncertainty_coeffi: 0.0100  loss: 0.1426  lr: 0.0001
     itm tta time 0:00:03
      TTA Epoch: [8] [ 0/61]  eta: 0:00:15  entropy: 0.1018  uncertainty: 1.5272  uncertainty_coeffi: 0.0100  loss: 0.0727  lr: 0.000098  time: 0.2470  data: 0.1853  max mem: 2671
      TTA Epoch: [8] [60/61]  eta: 0:00:00  entropy: 0.2416  uncertainty: 2.5371  uncertainty_coeffi: 0.0100  loss: 0.1504  lr: 0.000098  time: 0.0578  data: 0.0000  max mem: 2671
      TTA Epoch: [8] Total time: 0:00:03 (0.0611 s / it)
     Averaged stats: entropy: 0.2091  uncertainty: 2.1750  uncertainty_coeffi: 0.0100  loss: 0.1332  lr: 0.0001
     itm tta time 0:00:03
      TTA Epoch: [9] [ 0/61]  eta: 0:00:14  entropy: 0.2440  uncertainty: 1.8925  uncertainty_coeffi: 0.0100  loss: 0.1692  lr: 0.000098  time: 0.2424  data: 0.1825  max mem: 2671
      TTA Epoch: [9] [60/61]  eta: 0:00:00  entropy: 0.1777  uncertainty: 2.1139  uncertainty_coeffi: 0.0100  loss: 0.1401  lr: 0.000097  time: 0.0582  data: 0.0001  max mem: 2671
      TTA Epoch: [9] Total time: 0:00:03 (0.0612 s / it)
     Averaged stats: entropy: 0.1960  uncertainty: 2.1719  uncertainty_coeffi: 0.0100  loss: 0.1262  lr: 0.0001
     itm tta time 0:00:03
     Computing matching score
      Evaluation: [   0/1978]  eta: 0:01:58    time: 0.0601  data: 0.0009  max mem: 2671
      Evaluation: [ 100/1978]  eta: 0:02:04    time: 0.0663  data: 0.0000  max mem: 2671
      Evaluation: [ 200/1978]  eta: 0:01:57    time: 0.0663  data: 0.0000  max mem: 2671
      Evaluation: [ 300/1978]  eta: 0:01:51    time: 0.0663  data: 0.0000  max mem: 2671
      Evaluation: [ 400/1978]  eta: 0:01:44    time: 0.0662  data: 0.0000  max mem: 2671
      Evaluation: [ 500/1978]  eta: 0:01:37    time: 0.0662  data: 0.0000  max mem: 2671
      Evaluation: [ 600/1978]  eta: 0:01:31    time: 0.0663  data: 0.0000  max mem: 2671
      Evaluation: [ 700/1978]  eta: 0:01:24    time: 0.0663  data: 0.0000  max mem: 2671
      Evaluation: [ 800/1978]  eta: 0:01:18    time: 0.0665  data: 0.0000  max mem: 2671
      Evaluation: [ 900/1978]  eta: 0:01:11    time: 0.0665  data: 0.0000  max mem: 2671
      Evaluation: [1000/1978]  eta: 0:01:04    time: 0.0663  data: 0.0000  max mem: 2671
      Evaluation: [1100/1978]  eta: 0:00:58    time: 0.0663  data: 0.0000  max mem: 2671
      Evaluation: [1200/1978]  eta: 0:00:51    time: 0.0663  data: 0.0000  max mem: 2671
      Evaluation: [1300/1978]  eta: 0:00:44    time: 0.0663  data: 0.0000  max mem: 2671
      Evaluation: [1400/1978]  eta: 0:00:38    time: 0.0664  data: 0.0000  max mem: 2671
      Evaluation: [1500/1978]  eta: 0:00:31    time: 0.0663  data: 0.0000  max mem: 2671
      Evaluation: [1600/1978]  eta: 0:00:25    time: 0.0663  data: 0.0000  max mem: 2671
      Evaluation: [1700/1978]  eta: 0:00:18    time: 0.0666  data: 0.0000  max mem: 2671
      Evaluation: [1800/1978]  eta: 0:00:11    time: 0.0665  data: 0.0000  max mem: 2671
      Evaluation: [1900/1978]  eta: 0:00:05    time: 0.0663  data: 0.0000  max mem: 2671
      Evaluation: [1977/1978]  eta: 0:00:00    time: 0.0663  data: 0.0000  max mem: 2671
      Evaluation: Total time: 0:02:11 (0.0663 s / it)
     Computing matching score time 0:02:11
### TTA ITM Score: 
+-------------------+--------+--------+--------+--------+--------+
|       epoch       |   R1   |   R5   |  R10   |  mAP   |  mINP  |
+-------------------+--------+--------+--------+--------+--------+
|  cos_sim_wo/norm  | 58.544 | 91.860 | 95.703 | 73.596 | 73.596 |
|        -999       | 69.414 | 95.197 | 97.776 | 81.233 | 81.233 |
| itm_score_wo/norm | 84.328 | 98.989 | 99.494 | 91.293 | 91.293 |
|        -999       | 84.277 | 99.039 | 99.596 | 91.276 | 91.276 |
|         0         | 84.328 | 99.039 | 99.596 | 91.291 | 91.291 |
|         1         | 84.681 | 98.989 | 99.596 | 91.453 | 91.453 |
|         2         | 84.783 | 98.938 | 99.596 | 91.491 | 91.491 |
|         4         | 84.479 | 98.837 | 99.494 | 91.276 | 91.276 |
|         9         | 84.580 | 98.584 | 99.191 | 91.218 | 91.218 |
+-------------------+--------+--------+--------+--------+--------+
     logs:  {'epo': 9, 'R1': np.float32(84.58), 'R5': np.float32(98.584), 'R10': np.float32(99.191), 'mAP': np.float32(91.218), 'mINP': np.float32(91.218), 'entropy': 0.195953, 'uncertainty': 2.171931, 'uncertainty_coeffi': 0.01, 'loss': 0.126211, 'lr': 9.8e-05}
      TTA Epoch: [10] [ 0/61]  eta: 0:00:16  entropy: 0.1631  uncertainty: 2.0499  uncertainty_coeffi: 0.0100  loss: 0.0918  lr: 0.000097  time: 0.2631  data: 0.2014  max mem: 2671
      TTA Epoch: [10] [60/61]  eta: 0:00:00  entropy: 0.1734  uncertainty: 1.8930  uncertainty_coeffi: 0.0100  loss: 0.1163  lr: 0.000095  time: 0.0578  data: 0.0000  max mem: 2671
      TTA Epoch: [10] Total time: 0:00:03 (0.0615 s / it)
     Averaged stats: entropy: 0.1873  uncertainty: 2.1739  uncertainty_coeffi: 0.0100  loss: 0.1186  lr: 0.0001
     itm tta time 0:00:03
      TTA Epoch: [11] [ 0/61]  eta: 0:00:14  entropy: 0.1692  uncertainty: 1.7674  uncertainty_coeffi: 0.0100  loss: 0.1076  lr: 0.000095  time: 0.2388  data: 0.1799  max mem: 2671
      TTA Epoch: [11] [60/61]  eta: 0:00:00  entropy: 0.1031  uncertainty: 2.4413  uncertainty_coeffi: 0.0100  loss: 0.0782  lr: 0.000093  time: 0.0581  data: 0.0000  max mem: 2671
      TTA Epoch: [11] Total time: 0:00:03 (0.0611 s / it)
     Averaged stats: entropy: 0.1789  uncertainty: 2.1770  uncertainty_coeffi: 0.0100  loss: 0.1142  lr: 0.0001
     itm tta time 0:00:03
      TTA Epoch: [12] [ 0/61]  eta: 0:00:15  entropy: 0.0991  uncertainty: 2.0986  uncertainty_coeffi: 0.0100  loss: 0.0760  lr: 0.000093  time: 0.2463  data: 0.1872  max mem: 2671
      TTA Epoch: [12] [60/61]  eta: 0:00:00  entropy: 0.1596  uncertainty: 2.0668  uncertainty_coeffi: 0.0100  loss: 0.1075  lr: 0.000091  time: 0.0579  data: 0.0000  max mem: 2671
      TTA Epoch: [12] Total time: 0:00:03 (0.0612 s / it)
     Averaged stats: entropy: 0.1704  uncertainty: 2.1755  uncertainty_coeffi: 0.0100  loss: 0.1099  lr: 0.0001
     itm tta time 0:00:03
      TTA Epoch: [13] [ 0/61]  eta: 0:00:14  entropy: 0.1526  uncertainty: 1.7219  uncertainty_coeffi: 0.0100  loss: 0.1141  lr: 0.000091  time: 0.2455  data: 0.1859  max mem: 2671
      TTA Epoch: [13] [60/61]  eta: 0:00:00  entropy: 0.0897  uncertainty: 1.7846  uncertainty_coeffi: 0.0100  loss: 0.0873  lr: 0.000089  time: 0.0579  data: 0.0000  max mem: 2671
      TTA Epoch: [13] Total time: 0:00:03 (0.0612 s / it)
     Averaged stats: entropy: 0.1606  uncertainty: 2.1751  uncertainty_coeffi: 0.0100  loss: 0.1044  lr: 0.0001
     itm tta time 0:00:03
      TTA Epoch: [14] [ 0/61]  eta: 0:00:16  entropy: 0.1082  uncertainty: 1.8170  uncertainty_coeffi: 0.0100  loss: 0.0752  lr: 0.000089  time: 0.2690  data: 0.2095  max mem: 2671
      TTA Epoch: [14] [60/61]  eta: 0:00:00  entropy: 0.1623  uncertainty: 2.0283  uncertainty_coeffi: 0.0100  loss: 0.0909  lr: 0.000087  time: 0.0579  data: 0.0000  max mem: 2671
      TTA Epoch: [14] Total time: 0:00:03 (0.0615 s / it)
     Averaged stats: entropy: 0.1517  uncertainty: 2.1715  uncertainty_coeffi: 0.0100  loss: 0.1000  lr: 0.0001
     itm tta time 0:00:03
     Computing matching score
      Evaluation: [   0/1978]  eta: 0:02:01    time: 0.0612  data: 0.0009  max mem: 2671
      Evaluation: [ 100/1978]  eta: 0:02:04    time: 0.0662  data: 0.0000  max mem: 2671
      Evaluation: [ 200/1978]  eta: 0:01:57    time: 0.0663  data: 0.0000  max mem: 2671
      Evaluation: [ 300/1978]  eta: 0:01:51    time: 0.0663  data: 0.0000  max mem: 2671
      Evaluation: [ 400/1978]  eta: 0:01:44    time: 0.0663  data: 0.0000  max mem: 2671
      Evaluation: [ 500/1978]  eta: 0:01:37    time: 0.0662  data: 0.0000  max mem: 2671
      Evaluation: [ 600/1978]  eta: 0:01:31    time: 0.0663  data: 0.0000  max mem: 2671
      Evaluation: [ 700/1978]  eta: 0:01:24    time: 0.0663  data: 0.0000  max mem: 2671
      Evaluation: [ 800/1978]  eta: 0:01:18    time: 0.0663  data: 0.0000  max mem: 2671
      Evaluation: [ 900/1978]  eta: 0:01:11    time: 0.0663  data: 0.0000  max mem: 2671
      Evaluation: [1000/1978]  eta: 0:01:04    time: 0.0663  data: 0.0000  max mem: 2671
      Evaluation: [1100/1978]  eta: 0:00:58    time: 0.0662  data: 0.0000  max mem: 2671
      Evaluation: [1200/1978]  eta: 0:00:51    time: 0.0663  data: 0.0000  max mem: 2671
      Evaluation: [1300/1978]  eta: 0:00:44    time: 0.0663  data: 0.0000  max mem: 2671
      Evaluation: [1400/1978]  eta: 0:00:38    time: 0.0663  data: 0.0000  max mem: 2671
      Evaluation: [1500/1978]  eta: 0:00:31    time: 0.0663  data: 0.0000  max mem: 2671
      Evaluation: [1600/1978]  eta: 0:00:25    time: 0.0665  data: 0.0000  max mem: 2671
      Evaluation: [1700/1978]  eta: 0:00:18    time: 0.0663  data: 0.0000  max mem: 2671
      Evaluation: [1800/1978]  eta: 0:00:11    time: 0.0663  data: 0.0000  max mem: 2671
      Evaluation: [1900/1978]  eta: 0:00:05    time: 0.0663  data: 0.0000  max mem: 2671
      Evaluation: [1977/1978]  eta: 0:00:00    time: 0.0663  data: 0.0000  max mem: 2671
      Evaluation: Total time: 0:02:11 (0.0663 s / it)
     Computing matching score time 0:02:11
### TTA ITM Score: 
+-------------------+--------+--------+--------+--------+--------+
|       epoch       |   R1   |   R5   |  R10   |  mAP   |  mINP  |
+-------------------+--------+--------+--------+--------+--------+
|  cos_sim_wo/norm  | 58.544 | 91.860 | 95.703 | 73.596 | 73.596 |
|        -999       | 69.414 | 95.197 | 97.776 | 81.233 | 81.233 |
| itm_score_wo/norm | 84.328 | 98.989 | 99.494 | 91.293 | 91.293 |
|        -999       | 84.277 | 99.039 | 99.596 | 91.276 | 91.276 |
|         0         | 84.328 | 99.039 | 99.596 | 91.291 | 91.291 |
|         1         | 84.681 | 98.989 | 99.596 | 91.453 | 91.453 |
|         2         | 84.783 | 98.938 | 99.596 | 91.491 | 91.491 |
|         4         | 84.479 | 98.837 | 99.494 | 91.276 | 91.276 |
|         9         | 84.580 | 98.584 | 99.191 | 91.218 | 91.218 |
|         14        | 84.429 | 98.584 | 99.292 | 91.216 | 91.216 |
+-------------------+--------+--------+--------+--------+--------+
     logs:  {'epo': 14, 'R1': np.float32(84.429), 'R5': np.float32(98.584), 'R10': np.float32(99.292), 'mAP': np.float32(91.216), 'mINP': np.float32(91.216), 'entropy': 0.151673, 'uncertainty': 2.171452, 'uncertainty_coeffi': 0.01, 'loss': 0.099989, 'lr': 8.8e-05}
      TTA Epoch: [15] [ 0/61]  eta: 0:00:15  entropy: 0.1545  uncertainty: 1.7202  uncertainty_coeffi: 0.0100  loss: 0.1259  lr: 0.000087  time: 0.2523  data: 0.1932  max mem: 2671
      TTA Epoch: [15] [60/61]  eta: 0:00:00  entropy: 0.1576  uncertainty: 2.1167  uncertainty_coeffi: 0.0100  loss: 0.1055  lr: 0.000085  time: 0.0581  data: 0.0000  max mem: 2671
      TTA Epoch: [15] Total time: 0:00:03 (0.0613 s / it)
     Averaged stats: entropy: 0.1499  uncertainty: 2.1762  uncertainty_coeffi: 0.0100  loss: 0.0983  lr: 0.0001
     itm tta time 0:00:03
      TTA Epoch: [16] [ 0/61]  eta: 0:00:15  entropy: 0.1739  uncertainty: 2.1619  uncertainty_coeffi: 0.0100  loss: 0.0878  lr: 0.000085  time: 0.2498  data: 0.1907  max mem: 2671
      TTA Epoch: [16] [60/61]  eta: 0:00:00  entropy: 0.2098  uncertainty: 2.0604  uncertainty_coeffi: 0.0100  loss: 0.1405  lr: 0.000083  time: 0.0579  data: 0.0000  max mem: 2671
      TTA Epoch: [16] Total time: 0:00:03 (0.0612 s / it)
     Averaged stats: entropy: 0.1474  uncertainty: 2.1774  uncertainty_coeffi: 0.0100  loss: 0.0958  lr: 0.0001
     itm tta time 0:00:03
      TTA Epoch: [17] [ 0/61]  eta: 0:00:14  entropy: 0.1643  uncertainty: 2.1796  uncertainty_coeffi: 0.0100  loss: 0.1069  lr: 0.000083  time: 0.2428  data: 0.1838  max mem: 2671
      TTA Epoch: [17] [60/61]  eta: 0:00:00  entropy: 0.1276  uncertainty: 2.0516  uncertainty_coeffi: 0.0100  loss: 0.0855  lr: 0.000081  time: 0.0580  data: 0.0000  max mem: 2671
      TTA Epoch: [17] Total time: 0:00:03 (0.0613 s / it)
     Averaged stats: entropy: 0.1400  uncertainty: 2.1776  uncertainty_coeffi: 0.0100  loss: 0.0924  lr: 0.0001
     itm tta time 0:00:03
      TTA Epoch: [18] [ 0/61]  eta: 0:00:15  entropy: 0.2315  uncertainty: 2.6044  uncertainty_coeffi: 0.0100  loss: 0.1072  lr: 0.000081  time: 0.2489  data: 0.1892  max mem: 2671
      TTA Epoch: [18] [60/61]  eta: 0:00:00  entropy: 0.1046  uncertainty: 1.9304  uncertainty_coeffi: 0.0100  loss: 0.0668  lr: 0.000080  time: 0.0578  data: 0.0000  max mem: 2671
      TTA Epoch: [18] Total time: 0:00:03 (0.0612 s / it)
     Averaged stats: entropy: 0.1384  uncertainty: 2.1741  uncertainty_coeffi: 0.0100  loss: 0.0924  lr: 0.0001
     itm tta time 0:00:03
      TTA Epoch: [19] [ 0/61]  eta: 0:00:14  entropy: 0.1446  uncertainty: 2.0704  uncertainty_coeffi: 0.0100  loss: 0.1151  lr: 0.000080  time: 0.2410  data: 0.1819  max mem: 2671
      TTA Epoch: [19] [60/61]  eta: 0:00:00  entropy: 0.2058  uncertainty: 2.2641  uncertainty_coeffi: 0.0100  loss: 0.1113  lr: 0.000078  time: 0.0579  data: 0.0000  max mem: 2671
      TTA Epoch: [19] Total time: 0:00:03 (0.0610 s / it)
     Averaged stats: entropy: 0.1267  uncertainty: 2.1741  uncertainty_coeffi: 0.0100  loss: 0.0860  lr: 0.0001
     itm tta time 0:00:03
     Computing matching score
      Evaluation: [   0/1978]  eta: 0:01:58    time: 0.0601  data: 0.0009  max mem: 2671
      Evaluation: [ 100/1978]  eta: 0:02:04    time: 0.0662  data: 0.0000  max mem: 2671
      Evaluation: [ 200/1978]  eta: 0:01:57    time: 0.0663  data: 0.0000  max mem: 2671
      Evaluation: [ 300/1978]  eta: 0:01:51    time: 0.0663  data: 0.0000  max mem: 2671
      Evaluation: [ 400/1978]  eta: 0:01:44    time: 0.0664  data: 0.0000  max mem: 2671
      Evaluation: [ 500/1978]  eta: 0:01:38    time: 0.0664  data: 0.0000  max mem: 2671
      Evaluation: [ 600/1978]  eta: 0:01:31    time: 0.0663  data: 0.0000  max mem: 2671
      Evaluation: [ 700/1978]  eta: 0:01:24    time: 0.0663  data: 0.0000  max mem: 2671
      Evaluation: [ 800/1978]  eta: 0:01:18    time: 0.0664  data: 0.0000  max mem: 2671
      Evaluation: [ 900/1978]  eta: 0:01:11    time: 0.0665  data: 0.0000  max mem: 2671
      Evaluation: [1000/1978]  eta: 0:01:04    time: 0.0663  data: 0.0000  max mem: 2671
      Evaluation: [1100/1978]  eta: 0:00:58    time: 0.0663  data: 0.0000  max mem: 2671
      Evaluation: [1200/1978]  eta: 0:00:51    time: 0.0663  data: 0.0000  max mem: 2671
      Evaluation: [1300/1978]  eta: 0:00:44    time: 0.0663  data: 0.0000  max mem: 2671
      Evaluation: [1400/1978]  eta: 0:00:38    time: 0.0664  data: 0.0000  max mem: 2671
      Evaluation: [1500/1978]  eta: 0:00:31    time: 0.0663  data: 0.0000  max mem: 2671
      Evaluation: [1600/1978]  eta: 0:00:25    time: 0.0663  data: 0.0000  max mem: 2671
      Evaluation: [1700/1978]  eta: 0:00:18    time: 0.0663  data: 0.0000  max mem: 2671
      Evaluation: [1800/1978]  eta: 0:00:11    time: 0.0665  data: 0.0000  max mem: 2671
      Evaluation: [1900/1978]  eta: 0:00:05    time: 0.0664  data: 0.0000  max mem: 2671
      Evaluation: [1977/1978]  eta: 0:00:00    time: 0.0663  data: 0.0000  max mem: 2671
      Evaluation: Total time: 0:02:11 (0.0663 s / it)
     Computing matching score time 0:02:11
### TTA ITM Score: 
+-------------------+--------+--------+--------+--------+--------+
|       epoch       |   R1   |   R5   |  R10   |  mAP   |  mINP  |
+-------------------+--------+--------+--------+--------+--------+
|  cos_sim_wo/norm  | 58.544 | 91.860 | 95.703 | 73.596 | 73.596 |
|        -999       | 69.414 | 95.197 | 97.776 | 81.233 | 81.233 |
| itm_score_wo/norm | 84.328 | 98.989 | 99.494 | 91.293 | 91.293 |
|        -999       | 84.277 | 99.039 | 99.596 | 91.276 | 91.276 |
|         0         | 84.328 | 99.039 | 99.596 | 91.291 | 91.291 |
|         1         | 84.681 | 98.989 | 99.596 | 91.453 | 91.453 |
|         2         | 84.783 | 98.938 | 99.596 | 91.491 | 91.491 |
|         4         | 84.479 | 98.837 | 99.494 | 91.276 | 91.276 |
|         9         | 84.580 | 98.584 | 99.191 | 91.218 | 91.218 |
|         14        | 84.429 | 98.584 | 99.292 | 91.216 | 91.216 |
|         19        | 84.833 | 98.635 | 99.292 | 91.446 | 91.446 |
+-------------------+--------+--------+--------+--------+--------+
     logs:  {'epo': 19, 'R1': np.float32(84.833), 'R5': np.float32(98.635), 'R10': np.float32(99.292), 'mAP': np.float32(91.446), 'mINP': np.float32(91.446), 'entropy': 0.126703, 'uncertainty': 2.174127, 'uncertainty_coeffi': 0.01, 'loss': 0.085988, 'lr': 7.9e-05}
      TTA Epoch: [20] [ 0/61]  eta: 0:00:15  entropy: 0.1617  uncertainty: 2.3153  uncertainty_coeffi: 0.0100  loss: 0.0918  lr: 0.000078  time: 0.2476  data: 0.1875  max mem: 2671
      TTA Epoch: [20] [60/61]  eta: 0:00:00  entropy: 0.1008  uncertainty: 2.0150  uncertainty_coeffi: 0.0100  loss: 0.0632  lr: 0.000076  time: 0.0581  data: 0.0000  max mem: 2671
      TTA Epoch: [20] Total time: 0:00:03 (0.0614 s / it)
     Averaged stats: entropy: 0.1274  uncertainty: 2.1753  uncertainty_coeffi: 0.0100  loss: 0.0859  lr: 0.0001
     itm tta time 0:00:03
      TTA Epoch: [21] [ 0/61]  eta: 0:00:14  entropy: 0.1105  uncertainty: 2.4179  uncertainty_coeffi: 0.0100  loss: 0.0662  lr: 0.000076  time: 0.2435  data: 0.1839  max mem: 2671
      TTA Epoch: [21] [60/61]  eta: 0:00:00  entropy: 0.2289  uncertainty: 2.6254  uncertainty_coeffi: 0.0100  loss: 0.1263  lr: 0.000074  time: 0.0579  data: 0.0000  max mem: 2671
      TTA Epoch: [21] Total time: 0:00:03 (0.0611 s / it)
     Averaged stats: entropy: 0.1230  uncertainty: 2.1774  uncertainty_coeffi: 0.0100  loss: 0.0838  lr: 0.0001
     itm tta time 0:00:03
      TTA Epoch: [22] [ 0/61]  eta: 0:00:15  entropy: 0.0329  uncertainty: 2.1346  uncertainty_coeffi: 0.0100  loss: 0.0332  lr: 0.000074  time: 0.2482  data: 0.1892  max mem: 2671
      TTA Epoch: [22] [60/61]  eta: 0:00:00  entropy: 0.1758  uncertainty: 1.9052  uncertainty_coeffi: 0.0100  loss: 0.1514  lr: 0.000072  time: 0.0579  data: 0.0000  max mem: 2671
      TTA Epoch: [22] Total time: 0:00:03 (0.0612 s / it)
     Averaged stats: entropy: 0.1254  uncertainty: 2.1787  uncertainty_coeffi: 0.0100  loss: 0.0837  lr: 0.0001
     itm tta time 0:00:03
      TTA Epoch: [23] [ 0/61]  eta: 0:00:14  entropy: 0.1347  uncertainty: 2.0280  uncertainty_coeffi: 0.0100  loss: 0.1228  lr: 0.000072  time: 0.2425  data: 0.1812  max mem: 2671
      TTA Epoch: [23] [60/61]  eta: 0:00:00  entropy: 0.1179  uncertainty: 2.0975  uncertainty_coeffi: 0.0100  loss: 0.0779  lr: 0.000070  time: 0.0580  data: 0.0000  max mem: 2671
      TTA Epoch: [23] Total time: 0:00:03 (0.0611 s / it)
     Averaged stats: entropy: 0.1183  uncertainty: 2.1742  uncertainty_coeffi: 0.0100  loss: 0.0814  lr: 0.0001
     itm tta time 0:00:03
      TTA Epoch: [24] [ 0/61]  eta: 0:00:14  entropy: 0.0988  uncertainty: 2.1523  uncertainty_coeffi: 0.0100  loss: 0.0567  lr: 0.000070  time: 0.2328  data: 0.1739  max mem: 2671
      TTA Epoch: [24] [60/61]  eta: 0:00:00  entropy: 0.1548  uncertainty: 2.1846  uncertainty_coeffi: 0.0100  loss: 0.1130  lr: 0.000068  time: 0.0581  data: 0.0000  max mem: 2671
      TTA Epoch: [24] Total time: 0:00:03 (0.0610 s / it)
     Averaged stats: entropy: 0.1149  uncertainty: 2.1762  uncertainty_coeffi: 0.0100  loss: 0.0788  lr: 0.0001
     itm tta time 0:00:03
      TTA Epoch: [25] [ 0/61]  eta: 0:00:16  entropy: 0.0972  uncertainty: 2.4504  uncertainty_coeffi: 0.0100  loss: 0.0643  lr: 0.000068  time: 0.2658  data: 0.2068  max mem: 2671
      TTA Epoch: [25] [60/61]  eta: 0:00:00  entropy: 0.1049  uncertainty: 1.9399  uncertainty_coeffi: 0.0100  loss: 0.0799  lr: 0.000066  time: 0.0579  data: 0.0000  max mem: 2671
      TTA Epoch: [25] Total time: 0:00:03 (0.0614 s / it)
     Averaged stats: entropy: 0.1103  uncertainty: 2.1737  uncertainty_coeffi: 0.0100  loss: 0.0773  lr: 0.0001
     itm tta time 0:00:03
      TTA Epoch: [26] [ 0/61]  eta: 0:00:14  entropy: 0.1581  uncertainty: 2.2312  uncertainty_coeffi: 0.0100  loss: 0.0805  lr: 0.000066  time: 0.2453  data: 0.1860  max mem: 2671
      TTA Epoch: [26] [60/61]  eta: 0:00:00  entropy: 0.0309  uncertainty: 2.2046  uncertainty_coeffi: 0.0100  loss: 0.0476  lr: 0.000064  time: 0.0578  data: 0.0000  max mem: 2671
      TTA Epoch: [26] Total time: 0:00:03 (0.0611 s / it)
     Averaged stats: entropy: 0.1090  uncertainty: 2.1769  uncertainty_coeffi: 0.0100  loss: 0.0755  lr: 0.0001
     itm tta time 0:00:03
      TTA Epoch: [27] [ 0/61]  eta: 0:00:15  entropy: 0.1364  uncertainty: 2.5628  uncertainty_coeffi: 0.0100  loss: 0.0867  lr: 0.000064  time: 0.2606  data: 0.2006  max mem: 2671
      TTA Epoch: [27] [60/61]  eta: 0:00:00  entropy: 0.2576  uncertainty: 2.6061  uncertainty_coeffi: 0.0100  loss: 0.1335  lr: 0.000062  time: 0.0579  data: 0.0000  max mem: 2671
      TTA Epoch: [27] Total time: 0:00:03 (0.0614 s / it)
     Averaged stats: entropy: 0.1066  uncertainty: 2.1729  uncertainty_coeffi: 0.0100  loss: 0.0759  lr: 0.0001
     itm tta time 0:00:03
      TTA Epoch: [28] [ 0/61]  eta: 0:00:14  entropy: 0.1796  uncertainty: 1.9671  uncertainty_coeffi: 0.0100  loss: 0.1094  lr: 0.000062  time: 0.2403  data: 0.1806  max mem: 2671
      TTA Epoch: [28] [60/61]  eta: 0:00:00  entropy: 0.0827  uncertainty: 1.9417  uncertainty_coeffi: 0.0100  loss: 0.0803  lr: 0.000061  time: 0.0579  data: 0.0000  max mem: 2671
      TTA Epoch: [28] Total time: 0:00:03 (0.0610 s / it)
     Averaged stats: entropy: 0.1037  uncertainty: 2.1782  uncertainty_coeffi: 0.0100  loss: 0.0725  lr: 0.0001
     itm tta time 0:00:03
      TTA Epoch: [29] [ 0/61]  eta: 0:00:14  entropy: 0.1445  uncertainty: 2.2956  uncertainty_coeffi: 0.0100  loss: 0.0880  lr: 0.000061  time: 0.2389  data: 0.1798  max mem: 2671
      TTA Epoch: [29] [60/61]  eta: 0:00:00  entropy: 0.0810  uncertainty: 2.3478  uncertainty_coeffi: 0.0100  loss: 0.0719  lr: 0.000059  time: 0.0579  data: 0.0000  max mem: 2671
      TTA Epoch: [29] Total time: 0:00:03 (0.0611 s / it)
     Averaged stats: entropy: 0.1070  uncertainty: 2.1757  uncertainty_coeffi: 0.0100  loss: 0.0738  lr: 0.0001
     itm tta time 0:00:03
     Computing matching score
      Evaluation: [   0/1978]  eta: 0:02:01    time: 0.0615  data: 0.0009  max mem: 2671
      Evaluation: [ 100/1978]  eta: 0:02:04    time: 0.0662  data: 0.0000  max mem: 2671
      Evaluation: [ 200/1978]  eta: 0:01:57    time: 0.0662  data: 0.0000  max mem: 2671
      Evaluation: [ 300/1978]  eta: 0:01:51    time: 0.0663  data: 0.0000  max mem: 2671
      Evaluation: [ 400/1978]  eta: 0:01:44    time: 0.0663  data: 0.0000  max mem: 2671
      Evaluation: [ 500/1978]  eta: 0:01:37    time: 0.0663  data: 0.0000  max mem: 2671
      Evaluation: [ 600/1978]  eta: 0:01:31    time: 0.0662  data: 0.0000  max mem: 2671
      Evaluation: [ 700/1978]  eta: 0:01:24    time: 0.0663  data: 0.0000  max mem: 2671
      Evaluation: [ 800/1978]  eta: 0:01:18    time: 0.0663  data: 0.0000  max mem: 2671
      Evaluation: [ 900/1978]  eta: 0:01:11    time: 0.0663  data: 0.0000  max mem: 2671
      Evaluation: [1000/1978]  eta: 0:01:04    time: 0.0663  data: 0.0000  max mem: 2671
      Evaluation: [1100/1978]  eta: 0:00:58    time: 0.0662  data: 0.0000  max mem: 2671
      Evaluation: [1200/1978]  eta: 0:00:51    time: 0.0662  data: 0.0000  max mem: 2671
      Evaluation: [1300/1978]  eta: 0:00:44    time: 0.0663  data: 0.0000  max mem: 2671
      Evaluation: [1400/1978]  eta: 0:00:38    time: 0.0663  data: 0.0000  max mem: 2671
      Evaluation: [1500/1978]  eta: 0:00:31    time: 0.0663  data: 0.0000  max mem: 2671
      Evaluation: [1600/1978]  eta: 0:00:25    time: 0.0662  data: 0.0000  max mem: 2671
      Evaluation: [1700/1978]  eta: 0:00:18    time: 0.0662  data: 0.0000  max mem: 2671
      Evaluation: [1800/1978]  eta: 0:00:11    time: 0.0663  data: 0.0000  max mem: 2671
      Evaluation: [1900/1978]  eta: 0:00:05    time: 0.0663  data: 0.0000  max mem: 2671
      Evaluation: [1977/1978]  eta: 0:00:00    time: 0.0663  data: 0.0000  max mem: 2671
      Evaluation: Total time: 0:02:11 (0.0663 s / it)
     Computing matching score time 0:02:11
### TTA ITM Score: 
+-------------------+--------+--------+--------+--------+--------+
|       epoch       |   R1   |   R5   |  R10   |  mAP   |  mINP  |
+-------------------+--------+--------+--------+--------+--------+
|  cos_sim_wo/norm  | 58.544 | 91.860 | 95.703 | 73.596 | 73.596 |
|        -999       | 69.414 | 95.197 | 97.776 | 81.233 | 81.233 |
| itm_score_wo/norm | 84.328 | 98.989 | 99.494 | 91.293 | 91.293 |
|        -999       | 84.277 | 99.039 | 99.596 | 91.276 | 91.276 |
|         0         | 84.328 | 99.039 | 99.596 | 91.291 | 91.291 |
|         1         | 84.681 | 98.989 | 99.596 | 91.453 | 91.453 |
|         2         | 84.783 | 98.938 | 99.596 | 91.491 | 91.491 |
|         4         | 84.479 | 98.837 | 99.494 | 91.276 | 91.276 |
|         9         | 84.580 | 98.584 | 99.191 | 91.218 | 91.218 |
|         14        | 84.429 | 98.584 | 99.292 | 91.216 | 91.216 |
|         19        | 84.833 | 98.635 | 99.292 | 91.446 | 91.446 |
|         29        | 84.934 | 98.686 | 99.292 | 91.446 | 91.446 |
+-------------------+--------+--------+--------+--------+--------+
     logs:  {'epo': 29, 'R1': np.float32(84.934), 'R5': np.float32(98.686), 'R10': np.float32(99.292), 'mAP': np.float32(91.446), 'mINP': np.float32(91.446), 'entropy': 0.106976, 'uncertainty': 2.175701, 'uncertainty_coeffi': 0.01, 'loss': 0.073823, 'lr': 6e-05}
      TTA Epoch: [30] [ 0/61]  eta: 0:00:15  entropy: 0.0951  uncertainty: 2.5229  uncertainty_coeffi: 0.0100  loss: 0.0684  lr: 0.000059  time: 0.2461  data: 0.1865  max mem: 2671
      TTA Epoch: [30] [60/61]  eta: 0:00:00  entropy: 0.0486  uncertainty: 1.9284  uncertainty_coeffi: 0.0100  loss: 0.0346  lr: 0.000057  time: 0.0582  data: 0.0000  max mem: 2671
      TTA Epoch: [30] Total time: 0:00:03 (0.0612 s / it)
     Averaged stats: entropy: 0.1006  uncertainty: 2.1734  uncertainty_coeffi: 0.0100  loss: 0.0711  lr: 0.0001
     itm tta time 0:00:03
      TTA Epoch: [31] [ 0/61]  eta: 0:00:14  entropy: 0.1736  uncertainty: 2.3655  uncertainty_coeffi: 0.0100  loss: 0.1164  lr: 0.000057  time: 0.2416  data: 0.1823  max mem: 2671
      TTA Epoch: [31] [60/61]  eta: 0:00:00  entropy: 0.0836  uncertainty: 2.4215  uncertainty_coeffi: 0.0100  loss: 0.0529  lr: 0.000055  time: 0.0581  data: 0.0000  max mem: 2671
      TTA Epoch: [31] Total time: 0:00:03 (0.0612 s / it)
     Averaged stats: entropy: 0.1044  uncertainty: 2.1750  uncertainty_coeffi: 0.0100  loss: 0.0712  lr: 0.0001
     itm tta time 0:00:03
      TTA Epoch: [32] [ 0/61]  eta: 0:00:15  entropy: 0.1066  uncertainty: 2.4651  uncertainty_coeffi: 0.0100  loss: 0.0685  lr: 0.000055  time: 0.2554  data: 0.1949  max mem: 2671
      TTA Epoch: [32] [60/61]  eta: 0:00:00  entropy: 0.0975  uncertainty: 2.1758  uncertainty_coeffi: 0.0100  loss: 0.0633  lr: 0.000027  time: 0.0580  data: 0.0000  max mem: 2671
      TTA Epoch: [32] Total time: 0:00:03 (0.0613 s / it)
     Averaged stats: entropy: 0.1001  uncertainty: 2.1693  uncertainty_coeffi: 0.0100  loss: 0.0715  lr: 0.0000
     itm tta time 0:00:03
      TTA Epoch: [33] [ 0/61]  eta: 0:00:15  entropy: 0.0694  uncertainty: 1.9731  uncertainty_coeffi: 0.0100  loss: 0.0437  lr: 0.000026  time: 0.2482  data: 0.1890  max mem: 2671
      TTA Epoch: [33] [60/61]  eta: 0:00:00  entropy: 0.1848  uncertainty: 2.0669  uncertainty_coeffi: 0.0100  loss: 0.1183  lr: 0.000026  time: 0.0580  data: 0.0000  max mem: 2671
      TTA Epoch: [33] Total time: 0:00:03 (0.0611 s / it)
     Averaged stats: entropy: 0.0975  uncertainty: 2.1766  uncertainty_coeffi: 0.0100  loss: 0.0699  lr: 0.0000
     itm tta time 0:00:03
      TTA Epoch: [34] [ 0/61]  eta: 0:00:14  entropy: 0.0723  uncertainty: 2.1202  uncertainty_coeffi: 0.0100  loss: 0.0647  lr: 0.000026  time: 0.2436  data: 0.1819  max mem: 2671
      TTA Epoch: [34] [60/61]  eta: 0:00:00  entropy: 0.0664  uncertainty: 2.9109  uncertainty_coeffi: 0.0100  loss: 0.0553  lr: 0.000025  time: 0.0579  data: 0.0000  max mem: 2671
      TTA Epoch: [34] Total time: 0:00:03 (0.0611 s / it)
     Averaged stats: entropy: 0.0971  uncertainty: 2.1762  uncertainty_coeffi: 0.0100  loss: 0.0692  lr: 0.0000
     itm tta time 0:00:03
      TTA Epoch: [35] [ 0/61]  eta: 0:00:15  entropy: 0.0899  uncertainty: 1.8286  uncertainty_coeffi: 0.0100  loss: 0.0787  lr: 0.000025  time: 0.2463  data: 0.1874  max mem: 2671
      TTA Epoch: [35] [60/61]  eta: 0:00:00  entropy: 0.0572  uncertainty: 2.6518  uncertainty_coeffi: 0.0100  loss: 0.0457  lr: 0.000024  time: 0.0579  data: 0.0000  max mem: 2671
      TTA Epoch: [35] Total time: 0:00:03 (0.0612 s / it)
     Averaged stats: entropy: 0.0991  uncertainty: 2.1773  uncertainty_coeffi: 0.0100  loss: 0.0687  lr: 0.0000
     itm tta time 0:00:03
      TTA Epoch: [36] [ 0/61]  eta: 0:00:14  entropy: 0.0902  uncertainty: 2.3708  uncertainty_coeffi: 0.0100  loss: 0.0830  lr: 0.000024  time: 0.2414  data: 0.1818  max mem: 2671
      TTA Epoch: [36] [60/61]  eta: 0:00:00  entropy: 0.1121  uncertainty: 2.5238  uncertainty_coeffi: 0.0100  loss: 0.0892  lr: 0.000023  time: 0.0578  data: 0.0000  max mem: 2671
      TTA Epoch: [36] Total time: 0:00:03 (0.0610 s / it)
     Averaged stats: entropy: 0.0958  uncertainty: 2.1761  uncertainty_coeffi: 0.0100  loss: 0.0684  lr: 0.0000
     itm tta time 0:00:03
      TTA Epoch: [37] [ 0/61]  eta: 0:00:15  entropy: 0.1577  uncertainty: 2.4123  uncertainty_coeffi: 0.0100  loss: 0.0743  lr: 0.000023  time: 0.2504  data: 0.1903  max mem: 2671
      TTA Epoch: [37] [60/61]  eta: 0:00:00  entropy: 0.0399  uncertainty: 1.8513  uncertainty_coeffi: 0.0100  loss: 0.0355  lr: 0.000022  time: 0.0578  data: 0.0000  max mem: 2671
      TTA Epoch: [37] Total time: 0:00:03 (0.0612 s / it)
     Averaged stats: entropy: 0.0972  uncertainty: 2.1779  uncertainty_coeffi: 0.0100  loss: 0.0690  lr: 0.0000
     itm tta time 0:00:03
      TTA Epoch: [38] [ 0/61]  eta: 0:00:14  entropy: 0.1172  uncertainty: 2.4640  uncertainty_coeffi: 0.0100  loss: 0.0911  lr: 0.000022  time: 0.2413  data: 0.1799  max mem: 2671
      TTA Epoch: [38] [60/61]  eta: 0:00:00  entropy: 0.1312  uncertainty: 1.9110  uncertainty_coeffi: 0.0100  loss: 0.1116  lr: 0.000021  time: 0.0579  data: 0.0000  max mem: 2671
      TTA Epoch: [38] Total time: 0:00:03 (0.0610 s / it)
     Averaged stats: entropy: 0.1000  uncertainty: 2.1745  uncertainty_coeffi: 0.0100  loss: 0.0718  lr: 0.0000
     itm tta time 0:00:03
      TTA Epoch: [39] [ 0/61]  eta: 0:00:14  entropy: 0.0678  uncertainty: 2.9722  uncertainty_coeffi: 0.0100  loss: 0.0460  lr: 0.000021  time: 0.2417  data: 0.1828  max mem: 2671
      TTA Epoch: [39] [60/61]  eta: 0:00:00  entropy: 0.0616  uncertainty: 2.0893  uncertainty_coeffi: 0.0100  loss: 0.0504  lr: 0.000020  time: 0.0579  data: 0.0000  max mem: 2671
      TTA Epoch: [39] Total time: 0:00:03 (0.0610 s / it)
     Averaged stats: entropy: 0.0945  uncertainty: 2.1757  uncertainty_coeffi: 0.0100  loss: 0.0688  lr: 0.0000
     itm tta time 0:00:03
     Computing matching score
      Evaluation: [   0/1978]  eta: 0:01:59    time: 0.0606  data: 0.0011  max mem: 2671
      Evaluation: [ 100/1978]  eta: 0:02:04    time: 0.0662  data: 0.0000  max mem: 2671
      Evaluation: [ 200/1978]  eta: 0:01:57    time: 0.0663  data: 0.0000  max mem: 2671
      Evaluation: [ 300/1978]  eta: 0:01:51    time: 0.0664  data: 0.0000  max mem: 2671
      Evaluation: [ 400/1978]  eta: 0:01:44    time: 0.0662  data: 0.0000  max mem: 2671
      Evaluation: [ 500/1978]  eta: 0:01:37    time: 0.0661  data: 0.0000  max mem: 2671
      Evaluation: [ 600/1978]  eta: 0:01:31    time: 0.0661  data: 0.0000  max mem: 2671
      Evaluation: [ 700/1978]  eta: 0:01:24    time: 0.0662  data: 0.0000  max mem: 2671
      Evaluation: [ 800/1978]  eta: 0:01:18    time: 0.0663  data: 0.0000  max mem: 2671
      Evaluation: [ 900/1978]  eta: 0:01:11    time: 0.0663  data: 0.0000  max mem: 2671
      Evaluation: [1000/1978]  eta: 0:01:04    time: 0.0662  data: 0.0000  max mem: 2671
      Evaluation: [1100/1978]  eta: 0:00:58    time: 0.0663  data: 0.0000  max mem: 2671
      Evaluation: [1200/1978]  eta: 0:00:51    time: 0.0663  data: 0.0000  max mem: 2671
      Evaluation: [1300/1978]  eta: 0:00:44    time: 0.0662  data: 0.0000  max mem: 2671
      Evaluation: [1400/1978]  eta: 0:00:38    time: 0.0662  data: 0.0000  max mem: 2671
      Evaluation: [1500/1978]  eta: 0:00:31    time: 0.0662  data: 0.0000  max mem: 2671
      Evaluation: [1600/1978]  eta: 0:00:25    time: 0.0662  data: 0.0000  max mem: 2671
      Evaluation: [1700/1978]  eta: 0:00:18    time: 0.0662  data: 0.0000  max mem: 2671
      Evaluation: [1800/1978]  eta: 0:00:11    time: 0.0663  data: 0.0000  max mem: 2671
      Evaluation: [1900/1978]  eta: 0:00:05    time: 0.0664  data: 0.0000  max mem: 2671
      Evaluation: [1977/1978]  eta: 0:00:00    time: 0.0664  data: 0.0000  max mem: 2671
      Evaluation: Total time: 0:02:11 (0.0663 s / it)
     Computing matching score time 0:02:11
### TTA ITM Score: 
+-------------------+--------+--------+--------+--------+--------+
|       epoch       |   R1   |   R5   |  R10   |  mAP   |  mINP  |
+-------------------+--------+--------+--------+--------+--------+
|  cos_sim_wo/norm  | 58.544 | 91.860 | 95.703 | 73.596 | 73.596 |
|        -999       | 69.414 | 95.197 | 97.776 | 81.233 | 81.233 |
| itm_score_wo/norm | 84.328 | 98.989 | 99.494 | 91.293 | 91.293 |
|        -999       | 84.277 | 99.039 | 99.596 | 91.276 | 91.276 |
|         0         | 84.328 | 99.039 | 99.596 | 91.291 | 91.291 |
|         1         | 84.681 | 98.989 | 99.596 | 91.453 | 91.453 |
|         2         | 84.783 | 98.938 | 99.596 | 91.491 | 91.491 |
|         4         | 84.479 | 98.837 | 99.494 | 91.276 | 91.276 |
|         9         | 84.580 | 98.584 | 99.191 | 91.218 | 91.218 |
|         14        | 84.429 | 98.584 | 99.292 | 91.216 | 91.216 |
|         19        | 84.833 | 98.635 | 99.292 | 91.446 | 91.446 |
|         29        | 84.934 | 98.686 | 99.292 | 91.446 | 91.446 |
|         39        | 84.783 | 98.736 | 99.343 | 91.385 | 91.385 |
+-------------------+--------+--------+--------+--------+--------+
     logs:  {'epo': 39, 'R1': np.float32(84.783), 'R5': np.float32(98.736), 'R10': np.float32(99.343), 'mAP': np.float32(91.385), 'mINP': np.float32(91.385), 'entropy': 0.09451, 'uncertainty': 2.175704, 'uncertainty_coeffi': 0.01, 'loss': 0.068794, 'lr': 2e-05}
      TTA Epoch: [40] [ 0/61]  eta: 0:00:14  entropy: 0.0387  uncertainty: 1.6150  uncertainty_coeffi: 0.0100  loss: 0.0398  lr: 0.000020  time: 0.2451  data: 0.1851  max mem: 2671
      TTA Epoch: [40] [60/61]  eta: 0:00:00  entropy: 0.0937  uncertainty: 2.4307  uncertainty_coeffi: 0.0100  loss: 0.0457  lr: 0.000019  time: 0.0580  data: 0.0000  max mem: 2671
      TTA Epoch: [40] Total time: 0:00:03 (0.0613 s / it)
     Averaged stats: entropy: 0.0946  uncertainty: 2.1761  uncertainty_coeffi: 0.0100  loss: 0.0676  lr: 0.0000
     itm tta time 0:00:03
      TTA Epoch: [41] [ 0/61]  eta: 0:00:14  entropy: 0.1474  uncertainty: 2.9071  uncertainty_coeffi: 0.0100  loss: 0.0963  lr: 0.000019  time: 0.2426  data: 0.1834  max mem: 2671
      TTA Epoch: [41] [60/61]  eta: 0:00:00  entropy: 0.0589  uncertainty: 1.7848  uncertainty_coeffi: 0.0100  loss: 0.0569  lr: 0.000018  time: 0.0583  data: 0.0000  max mem: 2671
      TTA Epoch: [41] Total time: 0:00:03 (0.0612 s / it)
     Averaged stats: entropy: 0.0967  uncertainty: 2.1729  uncertainty_coeffi: 0.0100  loss: 0.0700  lr: 0.0000
     itm tta time 0:00:03
      TTA Epoch: [42] [ 0/61]  eta: 0:00:15  entropy: 0.0846  uncertainty: 1.7703  uncertainty_coeffi: 0.0100  loss: 0.0764  lr: 0.000018  time: 0.2500  data: 0.1912  max mem: 2671
      TTA Epoch: [42] [60/61]  eta: 0:00:00  entropy: 0.0997  uncertainty: 1.8426  uncertainty_coeffi: 0.0100  loss: 0.0880  lr: 0.000017  time: 0.0582  data: 0.0000  max mem: 2671
      TTA Epoch: [42] Total time: 0:00:03 (0.0614 s / it)
     Averaged stats: entropy: 0.0968  uncertainty: 2.1764  uncertainty_coeffi: 0.0100  loss: 0.0680  lr: 0.0000
     itm tta time 0:00:03
      TTA Epoch: [43] [ 0/61]  eta: 0:00:15  entropy: 0.1343  uncertainty: 2.5354  uncertainty_coeffi: 0.0100  loss: 0.1003  lr: 0.000017  time: 0.2588  data: 0.1996  max mem: 2671
      TTA Epoch: [43] [60/61]  eta: 0:00:00  entropy: 0.1285  uncertainty: 2.1112  uncertainty_coeffi: 0.0100  loss: 0.0782  lr: 0.000016  time: 0.0579  data: 0.0000  max mem: 2671
      TTA Epoch: [43] Total time: 0:00:03 (0.0614 s / it)
     Averaged stats: entropy: 0.0924  uncertainty: 2.1754  uncertainty_coeffi: 0.0100  loss: 0.0671  lr: 0.0000
     itm tta time 0:00:03
      TTA Epoch: [44] [ 0/61]  eta: 0:00:14  entropy: 0.1370  uncertainty: 2.5507  uncertainty_coeffi: 0.0100  loss: 0.0627  lr: 0.000016  time: 0.2395  data: 0.1807  max mem: 2671
      TTA Epoch: [44] [60/61]  eta: 0:00:00  entropy: 0.1207  uncertainty: 1.9163  uncertainty_coeffi: 0.0100  loss: 0.0970  lr: 0.000015  time: 0.0579  data: 0.0000  max mem: 2671
      TTA Epoch: [44] Total time: 0:00:03 (0.0610 s / it)
     Averaged stats: entropy: 0.0957  uncertainty: 2.1758  uncertainty_coeffi: 0.0100  loss: 0.0671  lr: 0.0000
     itm tta time 0:00:03
      TTA Epoch: [45] [ 0/61]  eta: 0:00:15  entropy: 0.1121  uncertainty: 2.1003  uncertainty_coeffi: 0.0100  loss: 0.0597  lr: 0.000015  time: 0.2517  data: 0.1917  max mem: 2671
      TTA Epoch: [45] [60/61]  eta: 0:00:00  entropy: 0.1255  uncertainty: 2.8541  uncertainty_coeffi: 0.0100  loss: 0.0946  lr: 0.000014  time: 0.0580  data: 0.0000  max mem: 2671
      TTA Epoch: [45] Total time: 0:00:03 (0.0613 s / it)
     Averaged stats: entropy: 0.0923  uncertainty: 2.1757  uncertainty_coeffi: 0.0100  loss: 0.0668  lr: 0.0000
     itm tta time 0:00:03
      TTA Epoch: [46] [ 0/61]  eta: 0:00:15  entropy: 0.0940  uncertainty: 2.1233  uncertainty_coeffi: 0.0100  loss: 0.0710  lr: 0.000014  time: 0.2554  data: 0.1962  max mem: 2671
      TTA Epoch: [46] [60/61]  eta: 0:00:00  entropy: 0.1115  uncertainty: 2.0948  uncertainty_coeffi: 0.0100  loss: 0.0687  lr: 0.000013  time: 0.0579  data: 0.0000  max mem: 2671
      TTA Epoch: [46] Total time: 0:00:03 (0.0613 s / it)
     Averaged stats: entropy: 0.0949  uncertainty: 2.1740  uncertainty_coeffi: 0.0100  loss: 0.0684  lr: 0.0000
     itm tta time 0:00:03
      TTA Epoch: [47] [ 0/61]  eta: 0:00:14  entropy: 0.0454  uncertainty: 1.7152  uncertainty_coeffi: 0.0100  loss: 0.0449  lr: 0.000013  time: 0.2410  data: 0.1818  max mem: 2671
      TTA Epoch: [47] [60/61]  eta: 0:00:00  entropy: 0.1130  uncertainty: 2.0936  uncertainty_coeffi: 0.0100  loss: 0.1007  lr: 0.000012  time: 0.0578  data: 0.0000  max mem: 2671
      TTA Epoch: [47] Total time: 0:00:03 (0.0610 s / it)
     Averaged stats: entropy: 0.0896  uncertainty: 2.1763  uncertainty_coeffi: 0.0100  loss: 0.0645  lr: 0.0000
     itm tta time 0:00:03
      TTA Epoch: [48] [ 0/61]  eta: 0:00:15  entropy: 0.0496  uncertainty: 2.3814  uncertainty_coeffi: 0.0100  loss: 0.0337  lr: 0.000012  time: 0.2560  data: 0.1969  max mem: 2671
      TTA Epoch: [48] [60/61]  eta: 0:00:00  entropy: 0.1664  uncertainty: 2.1801  uncertainty_coeffi: 0.0100  loss: 0.0998  lr: 0.000011  time: 0.0578  data: 0.0000  max mem: 2671
      TTA Epoch: [48] Total time: 0:00:03 (0.0612 s / it)
     Averaged stats: entropy: 0.0896  uncertainty: 2.1730  uncertainty_coeffi: 0.0100  loss: 0.0643  lr: 0.0000
     itm tta time 0:00:03
      TTA Epoch: [49] [ 0/61]  eta: 0:00:14  entropy: 0.1343  uncertainty: 1.9868  uncertainty_coeffi: 0.0100  loss: 0.0940  lr: 0.000011  time: 0.2414  data: 0.1823  max mem: 2671
      TTA Epoch: [49] [60/61]  eta: 0:00:00  entropy: 0.0545  uncertainty: 1.9988  uncertainty_coeffi: 0.0100  loss: 0.0582  lr: 0.000010  time: 0.0578  data: 0.0000  max mem: 2671
      TTA Epoch: [49] Total time: 0:00:03 (0.0610 s / it)
     Averaged stats: entropy: 0.0936  uncertainty: 2.1755  uncertainty_coeffi: 0.0100  loss: 0.0677  lr: 0.0000
     itm tta time 0:00:03
     Computing matching score
      Evaluation: [   0/1978]  eta: 0:02:04    time: 0.0630  data: 0.0019  max mem: 2671
      Evaluation: [ 100/1978]  eta: 0:02:04    time: 0.0662  data: 0.0000  max mem: 2671
      Evaluation: [ 200/1978]  eta: 0:01:57    time: 0.0662  data: 0.0000  max mem: 2671
      Evaluation: [ 300/1978]  eta: 0:01:51    time: 0.0663  data: 0.0000  max mem: 2671
      Evaluation: [ 400/1978]  eta: 0:01:44    time: 0.0663  data: 0.0000  max mem: 2671
      Evaluation: [ 500/1978]  eta: 0:01:37    time: 0.0662  data: 0.0000  max mem: 2671
      Evaluation: [ 600/1978]  eta: 0:01:31    time: 0.0662  data: 0.0000  max mem: 2671
      Evaluation: [ 700/1978]  eta: 0:01:24    time: 0.0662  data: 0.0000  max mem: 2671
      Evaluation: [ 800/1978]  eta: 0:01:18    time: 0.0664  data: 0.0000  max mem: 2671
      Evaluation: [ 900/1978]  eta: 0:01:11    time: 0.0663  data: 0.0000  max mem: 2671
      Evaluation: [1000/1978]  eta: 0:01:04    time: 0.0663  data: 0.0000  max mem: 2671
      Evaluation: [1100/1978]  eta: 0:00:58    time: 0.0663  data: 0.0000  max mem: 2671
      Evaluation: [1200/1978]  eta: 0:00:51    time: 0.0663  data: 0.0000  max mem: 2671
      Evaluation: [1300/1978]  eta: 0:00:44    time: 0.0663  data: 0.0000  max mem: 2671
      Evaluation: [1400/1978]  eta: 0:00:38    time: 0.0663  data: 0.0000  max mem: 2671
      Evaluation: [1500/1978]  eta: 0:00:31    time: 0.0663  data: 0.0000  max mem: 2671
      Evaluation: [1600/1978]  eta: 0:00:25    time: 0.0663  data: 0.0000  max mem: 2671
      Evaluation: [1700/1978]  eta: 0:00:18    time: 0.0663  data: 0.0000  max mem: 2671
      Evaluation: [1800/1978]  eta: 0:00:11    time: 0.0663  data: 0.0000  max mem: 2671
      Evaluation: [1900/1978]  eta: 0:00:05    time: 0.0663  data: 0.0000  max mem: 2671
      Evaluation: [1977/1978]  eta: 0:00:00    time: 0.0663  data: 0.0000  max mem: 2671
      Evaluation: Total time: 0:02:11 (0.0663 s / it)
     Computing matching score time 0:02:11
### TTA ITM Score: 
+-------------------+--------+--------+--------+--------+--------+
|       epoch       |   R1   |   R5   |  R10   |  mAP   |  mINP  |
+-------------------+--------+--------+--------+--------+--------+
|  cos_sim_wo/norm  | 58.544 | 91.860 | 95.703 | 73.596 | 73.596 |
|        -999       | 69.414 | 95.197 | 97.776 | 81.233 | 81.233 |
| itm_score_wo/norm | 84.328 | 98.989 | 99.494 | 91.293 | 91.293 |
|        -999       | 84.277 | 99.039 | 99.596 | 91.276 | 91.276 |
|         0         | 84.328 | 99.039 | 99.596 | 91.291 | 91.291 |
|         1         | 84.681 | 98.989 | 99.596 | 91.453 | 91.453 |
|         2         | 84.783 | 98.938 | 99.596 | 91.491 | 91.491 |
|         4         | 84.479 | 98.837 | 99.494 | 91.276 | 91.276 |
|         9         | 84.580 | 98.584 | 99.191 | 91.218 | 91.218 |
|         14        | 84.429 | 98.584 | 99.292 | 91.216 | 91.216 |
|         19        | 84.833 | 98.635 | 99.292 | 91.446 | 91.446 |
|         29        | 84.934 | 98.686 | 99.292 | 91.446 | 91.446 |
|         39        | 84.783 | 98.736 | 99.343 | 91.385 | 91.385 |
|         49        | 84.884 | 98.736 | 99.393 | 91.427 | 91.427 |
+-------------------+--------+--------+--------+--------+--------+
     logs:  {'epo': 49, 'R1': np.float32(84.884), 'R5': np.float32(98.736), 'R10': np.float32(99.393), 'mAP': np.float32(91.427), 'mINP': np.float32(91.427), 'entropy': 0.093579, 'uncertainty': 2.175457, 'uncertainty_coeffi': 0.01, 'loss': 0.067669, 'lr': 1.1e-05}
      TTA Epoch: [50] [ 0/61]  eta: 0:00:14  entropy: 0.1908  uncertainty: 2.4712  uncertainty_coeffi: 0.0100  loss: 0.0802  lr: 0.000010  time: 0.2443  data: 0.1857  max mem: 2671
      TTA Epoch: [50] [60/61]  eta: 0:00:00  entropy: 0.1465  uncertainty: 1.7546  uncertainty_coeffi: 0.0100  loss: 0.0748  lr: 0.000009  time: 0.0582  data: 0.0000  max mem: 2671
      TTA Epoch: [50] Total time: 0:00:03 (0.0613 s / it)
     Averaged stats: entropy: 0.0899  uncertainty: 2.1762  uncertainty_coeffi: 0.0100  loss: 0.0647  lr: 0.0000
     itm tta time 0:00:03
      TTA Epoch: [51] [ 0/61]  eta: 0:00:15  entropy: 0.0645  uncertainty: 2.1735  uncertainty_coeffi: 0.0100  loss: 0.0586  lr: 0.000009  time: 0.2501  data: 0.1907  max mem: 2671
      TTA Epoch: [51] [60/61]  eta: 0:00:00  entropy: 0.1428  uncertainty: 2.6032  uncertainty_coeffi: 0.0100  loss: 0.0760  lr: 0.000009  time: 0.0579  data: 0.0000  max mem: 2671
      TTA Epoch: [51] Total time: 0:00:03 (0.0614 s / it)
     Averaged stats: entropy: 0.0909  uncertainty: 2.1771  uncertainty_coeffi: 0.0100  loss: 0.0651  lr: 0.0000
     itm tta time 0:00:03
      TTA Epoch: [52] [ 0/61]  eta: 0:00:14  entropy: 0.1227  uncertainty: 2.2323  uncertainty_coeffi: 0.0100  loss: 0.0909  lr: 0.000008  time: 0.2430  data: 0.1832  max mem: 2671
      TTA Epoch: [52] [60/61]  eta: 0:00:00  entropy: 0.1940  uncertainty: 1.9740  uncertainty_coeffi: 0.0100  loss: 0.1213  lr: 0.000008  time: 0.0584  data: 0.0000  max mem: 2671
      TTA Epoch: [52] Total time: 0:00:03 (0.0613 s / it)
     Averaged stats: entropy: 0.0930  uncertainty: 2.1784  uncertainty_coeffi: 0.0100  loss: 0.0657  lr: 0.0000
     itm tta time 0:00:03
      TTA Epoch: [53] [ 0/61]  eta: 0:00:15  entropy: 0.0562  uncertainty: 1.5698  uncertainty_coeffi: 0.0100  loss: 0.0561  lr: 0.000008  time: 0.2514  data: 0.1922  max mem: 2671
      TTA Epoch: [53] [60/61]  eta: 0:00:00  entropy: 0.0964  uncertainty: 2.2752  uncertainty_coeffi: 0.0100  loss: 0.0738  lr: 0.000007  time: 0.0581  data: 0.0000  max mem: 2671
      TTA Epoch: [53] Total time: 0:00:03 (0.0613 s / it)
     Averaged stats: entropy: 0.0857  uncertainty: 2.1754  uncertainty_coeffi: 0.0100  loss: 0.0632  lr: 0.0000
     itm tta time 0:00:03
      TTA Epoch: [54] [ 0/61]  eta: 0:00:14  entropy: 0.1431  uncertainty: 2.6444  uncertainty_coeffi: 0.0100  loss: 0.0843  lr: 0.000007  time: 0.2419  data: 0.1829  max mem: 2671
      TTA Epoch: [54] [60/61]  eta: 0:00:00  entropy: 0.0751  uncertainty: 2.0418  uncertainty_coeffi: 0.0100  loss: 0.0527  lr: 0.000006  time: 0.0581  data: 0.0000  max mem: 2671
      TTA Epoch: [54] Total time: 0:00:03 (0.0611 s / it)
     Averaged stats: entropy: 0.0924  uncertainty: 2.1748  uncertainty_coeffi: 0.0100  loss: 0.0670  lr: 0.0000
     itm tta time 0:00:03
      TTA Epoch: [55] [ 0/61]  eta: 0:00:15  entropy: 0.1176  uncertainty: 2.3709  uncertainty_coeffi: 0.0100  loss: 0.0848  lr: 0.000006  time: 0.2555  data: 0.1941  max mem: 2671
      TTA Epoch: [55] [60/61]  eta: 0:00:00  entropy: 0.0852  uncertainty: 2.6209  uncertainty_coeffi: 0.0100  loss: 0.0500  lr: 0.000005  time: 0.0578  data: 0.0000  max mem: 2671
      TTA Epoch: [55] Total time: 0:00:03 (0.0612 s / it)
     Averaged stats: entropy: 0.0895  uncertainty: 2.1769  uncertainty_coeffi: 0.0100  loss: 0.0653  lr: 0.0000
     itm tta time 0:00:03
      TTA Epoch: [56] [ 0/61]  eta: 0:00:14  entropy: 0.0123  uncertainty: 2.0719  uncertainty_coeffi: 0.0100  loss: 0.0269  lr: 0.000005  time: 0.2382  data: 0.1785  max mem: 2671
      TTA Epoch: [56] [60/61]  eta: 0:00:00  entropy: 0.1025  uncertainty: 2.0782  uncertainty_coeffi: 0.0100  loss: 0.0711  lr: 0.000004  time: 0.0579  data: 0.0000  max mem: 2671
      TTA Epoch: [56] Total time: 0:00:03 (0.0609 s / it)
     Averaged stats: entropy: 0.0931  uncertainty: 2.1770  uncertainty_coeffi: 0.0100  loss: 0.0673  lr: 0.0000
     itm tta time 0:00:03
      TTA Epoch: [57] [ 0/61]  eta: 0:00:16  entropy: 0.0928  uncertainty: 2.7269  uncertainty_coeffi: 0.0100  loss: 0.0778  lr: 0.000004  time: 0.2687  data: 0.2089  max mem: 2671
      TTA Epoch: [57] [60/61]  eta: 0:00:00  entropy: 0.0420  uncertainty: 1.7737  uncertainty_coeffi: 0.0100  loss: 0.0421  lr: 0.000001  time: 0.0578  data: 0.0000  max mem: 2671
      TTA Epoch: [57] Total time: 0:00:03 (0.0614 s / it)
     Averaged stats: entropy: 0.0908  uncertainty: 2.1781  uncertainty_coeffi: 0.0100  loss: 0.0662  lr: 0.0000
     itm tta time 0:00:03
      TTA Epoch: [58] [ 0/61]  eta: 0:00:15  entropy: 0.1047  uncertainty: 2.0124  uncertainty_coeffi: 0.0100  loss: 0.0680  lr: 0.000001  time: 0.2509  data: 0.1918  max mem: 2671
      TTA Epoch: [58] [60/61]  eta: 0:00:00  entropy: 0.0504  uncertainty: 2.1003  uncertainty_coeffi: 0.0100  loss: 0.0367  lr: 0.000001  time: 0.0578  data: 0.0000  max mem: 2671
      TTA Epoch: [58] Total time: 0:00:03 (0.0612 s / it)
     Averaged stats: entropy: 0.0871  uncertainty: 2.1766  uncertainty_coeffi: 0.0100  loss: 0.0636  lr: 0.0000
     itm tta time 0:00:03
      TTA Epoch: [59] [ 0/61]  eta: 0:00:14  entropy: 0.0455  uncertainty: 2.3648  uncertainty_coeffi: 0.0100  loss: 0.0562  lr: 0.000001  time: 0.2437  data: 0.1840  max mem: 2671
      TTA Epoch: [59] [60/61]  eta: 0:00:00  entropy: 0.0762  uncertainty: 2.1444  uncertainty_coeffi: 0.0100  loss: 0.0770  lr: 0.000000  time: 0.0579  data: 0.0000  max mem: 2671
      TTA Epoch: [59] Total time: 0:00:03 (0.0611 s / it)
     Averaged stats: entropy: 0.0871  uncertainty: 2.1778  uncertainty_coeffi: 0.0100  loss: 0.0653  lr: 0.0000
     itm tta time 0:00:03
     Computing matching score
      Evaluation: [   0/1978]  eta: 0:02:00    time: 0.0608  data: 0.0009  max mem: 2671
      Evaluation: [ 100/1978]  eta: 0:02:04    time: 0.0663  data: 0.0000  max mem: 2671
      Evaluation: [ 200/1978]  eta: 0:01:57    time: 0.0663  data: 0.0000  max mem: 2671
      Evaluation: [ 300/1978]  eta: 0:01:51    time: 0.0664  data: 0.0000  max mem: 2671
      Evaluation: [ 400/1978]  eta: 0:01:44    time: 0.0663  data: 0.0000  max mem: 2671
      Evaluation: [ 500/1978]  eta: 0:01:38    time: 0.0664  data: 0.0000  max mem: 2671
      Evaluation: [ 600/1978]  eta: 0:01:31    time: 0.0663  data: 0.0000  max mem: 2671
      Evaluation: [ 700/1978]  eta: 0:01:24    time: 0.0664  data: 0.0000  max mem: 2671
      Evaluation: [ 800/1978]  eta: 0:01:18    time: 0.0664  data: 0.0000  max mem: 2671
      Evaluation: [ 900/1978]  eta: 0:01:11    time: 0.0664  data: 0.0000  max mem: 2671
      Evaluation: [1000/1978]  eta: 0:01:04    time: 0.0663  data: 0.0000  max mem: 2671
      Evaluation: [1100/1978]  eta: 0:00:58    time: 0.0663  data: 0.0000  max mem: 2671
      Evaluation: [1200/1978]  eta: 0:00:51    time: 0.0664  data: 0.0000  max mem: 2671
      Evaluation: [1300/1978]  eta: 0:00:44    time: 0.0664  data: 0.0000  max mem: 2671
      Evaluation: [1400/1978]  eta: 0:00:38    time: 0.0664  data: 0.0000  max mem: 2671
      Evaluation: [1500/1978]  eta: 0:00:31    time: 0.0663  data: 0.0000  max mem: 2671
      Evaluation: [1600/1978]  eta: 0:00:25    time: 0.0663  data: 0.0000  max mem: 2671
      Evaluation: [1700/1978]  eta: 0:00:18    time: 0.0664  data: 0.0000  max mem: 2671
      Evaluation: [1800/1978]  eta: 0:00:11    time: 0.0664  data: 0.0000  max mem: 2671
      Evaluation: [1900/1978]  eta: 0:00:05    time: 0.0664  data: 0.0000  max mem: 2671
      Evaluation: [1977/1978]  eta: 0:00:00    time: 0.0665  data: 0.0000  max mem: 2671
      Evaluation: Total time: 0:02:11 (0.0664 s / it)
     Computing matching score time 0:02:11
### TTA ITM Score: 
+-------------------+--------+--------+--------+--------+--------+
|       epoch       |   R1   |   R5   |  R10   |  mAP   |  mINP  |
+-------------------+--------+--------+--------+--------+--------+
|  cos_sim_wo/norm  | 58.544 | 91.860 | 95.703 | 73.596 | 73.596 |
|        -999       | 69.414 | 95.197 | 97.776 | 81.233 | 81.233 |
| itm_score_wo/norm | 84.328 | 98.989 | 99.494 | 91.293 | 91.293 |
|        -999       | 84.277 | 99.039 | 99.596 | 91.276 | 91.276 |
|         0         | 84.328 | 99.039 | 99.596 | 91.291 | 91.291 |
|         1         | 84.681 | 98.989 | 99.596 | 91.453 | 91.453 |
|         2         | 84.783 | 98.938 | 99.596 | 91.491 | 91.491 |
|         4         | 84.479 | 98.837 | 99.494 | 91.276 | 91.276 |
|         9         | 84.580 | 98.584 | 99.191 | 91.218 | 91.218 |
|         14        | 84.429 | 98.584 | 99.292 | 91.216 | 91.216 |
|         19        | 84.833 | 98.635 | 99.292 | 91.446 | 91.446 |
|         29        | 84.934 | 98.686 | 99.292 | 91.446 | 91.446 |
|         39        | 84.783 | 98.736 | 99.343 | 91.385 | 91.385 |
|         49        | 84.884 | 98.736 | 99.393 | 91.427 | 91.427 |
|         59        | 84.884 | 98.736 | 99.343 | 91.430 | 91.430 |
+-------------------+--------+--------+--------+--------+--------+
     logs:  {'epo': 59, 'R1': np.float32(84.884), 'R5': np.float32(98.736), 'R10': np.float32(99.343), 'mAP': np.float32(91.43), 'mINP': np.float32(91.43), 'entropy': 0.087089, 'uncertainty': 2.177776, 'uncertainty_coeffi': 0.01, 'loss': 0.065311, 'lr': 1e-06}
### best epoch: 29
### Time 0:27:54
NNODES,  1
NODE_RANK,  0
MASTER_ADDR,  127.0.0.1
MASTER_PORT,  1612
NPROC_PER_NODE,  2
task:  exp3.1.2
config:  configs_rerun3/exp3.1.2.yaml
output_dir:  output_rerun3/exp3.1.2/2025092007090
python3 tta.py --config configs_rerun3/exp3.1.2.yaml --task exp3.1.2 --output_dir output_rerun3/exp3.1.2/2025092007090 --checkpoint checkpoint/cmp.pth --bs 0 --epo 0 --lr 0.0 --seed 42 --tta
