/home/jiahao/miniconda3/envs/cmp/lib/python3.10/site-packages/torch/functional.py:554: UserWarning: torch.meshgrid: in an upcoming release, it will be required to pass the indexing argument. (Triggered internally at /pytorch/aten/src/ATen/native/TensorShape.cpp:4322.)
  return _VF.meshgrid(tensors, **kwargs)  # type: ignore[attr-defined]
Not using distributed mode
### Hyper-parameters:
     seed: 42
     device: cuda
     output_dir: output_rerun3/exp3.1.4/2025092021551
     batch_size_tta: 32
     epochs: 60
     lr: 1e-05
### Creating test dataset
from data/PAB/annotation/test/attr.json loading 1978 data
     test dataset -->    be_pose_img: True
     test_dataset: 1978
### Creating test dataloader
### be careful: func create_loader returns a list length of 1
     test_loader: 90
### Creating model
build_vision_encoder: load swin 224 x 224 ====>
missing_keys:  []
unexpected_keys:  ['head.weight', 'head.bias']
build_text_encoder: load bert ====>
missing_keys: ['bert.encoder.layer.10.crossattention.output.LayerNorm.bias', 'bert.encoder.layer.10.crossattention.output.LayerNorm.weight', 'bert.encoder.layer.10.crossattention.output.dense.bias', 'bert.encoder.layer.10.crossattention.output.dense.weight', 'bert.encoder.layer.10.crossattention.self.key.bias', 'bert.encoder.layer.10.crossattention.self.key.weight', 'bert.encoder.layer.10.crossattention.self.query.bias', 'bert.encoder.layer.10.crossattention.self.query.weight', 'bert.encoder.layer.10.crossattention.self.value.bias', 'bert.encoder.layer.10.crossattention.self.value.weight', 'bert.encoder.layer.11.crossattention.output.LayerNorm.bias', 'bert.encoder.layer.11.crossattention.output.LayerNorm.weight', 'bert.encoder.layer.11.crossattention.output.dense.bias', 'bert.encoder.layer.11.crossattention.output.dense.weight', 'bert.encoder.layer.11.crossattention.self.key.bias', 'bert.encoder.layer.11.crossattention.self.key.weight', 'bert.encoder.layer.11.crossattention.self.query.bias', 'bert.encoder.layer.11.crossattention.self.query.weight', 'bert.encoder.layer.11.crossattention.self.value.bias', 'bert.encoder.layer.11.crossattention.self.value.weight', 'bert.encoder.layer.6.crossattention.output.LayerNorm.bias', 'bert.encoder.layer.6.crossattention.output.LayerNorm.weight', 'bert.encoder.layer.6.crossattention.output.dense.bias', 'bert.encoder.layer.6.crossattention.output.dense.weight', 'bert.encoder.layer.6.crossattention.self.key.bias', 'bert.encoder.layer.6.crossattention.self.key.weight', 'bert.encoder.layer.6.crossattention.self.query.bias', 'bert.encoder.layer.6.crossattention.self.query.weight', 'bert.encoder.layer.6.crossattention.self.value.bias', 'bert.encoder.layer.6.crossattention.self.value.weight', 'bert.encoder.layer.7.crossattention.output.LayerNorm.bias', 'bert.encoder.layer.7.crossattention.output.LayerNorm.weight', 'bert.encoder.layer.7.crossattention.output.dense.bias', 'bert.encoder.layer.7.crossattention.output.dense.weight', 'bert.encoder.layer.7.crossattention.self.key.bias', 'bert.encoder.layer.7.crossattention.self.key.weight', 'bert.encoder.layer.7.crossattention.self.query.bias', 'bert.encoder.layer.7.crossattention.self.query.weight', 'bert.encoder.layer.7.crossattention.self.value.bias', 'bert.encoder.layer.7.crossattention.self.value.weight', 'bert.encoder.layer.8.crossattention.output.LayerNorm.bias', 'bert.encoder.layer.8.crossattention.output.LayerNorm.weight', 'bert.encoder.layer.8.crossattention.output.dense.bias', 'bert.encoder.layer.8.crossattention.output.dense.weight', 'bert.encoder.layer.8.crossattention.self.key.bias', 'bert.encoder.layer.8.crossattention.self.key.weight', 'bert.encoder.layer.8.crossattention.self.query.bias', 'bert.encoder.layer.8.crossattention.self.query.weight', 'bert.encoder.layer.8.crossattention.self.value.bias', 'bert.encoder.layer.8.crossattention.self.value.weight', 'bert.encoder.layer.9.crossattention.output.LayerNorm.bias', 'bert.encoder.layer.9.crossattention.output.LayerNorm.weight', 'bert.encoder.layer.9.crossattention.output.dense.bias', 'bert.encoder.layer.9.crossattention.output.dense.weight', 'bert.encoder.layer.9.crossattention.self.key.bias', 'bert.encoder.layer.9.crossattention.self.key.weight', 'bert.encoder.layer.9.crossattention.self.query.bias', 'bert.encoder.layer.9.crossattention.self.query.weight', 'bert.encoder.layer.9.crossattention.self.value.bias', 'bert.encoder.layer.9.crossattention.self.value.weight']
unexpected_keys: ['cls.seq_relationship.bias', 'cls.seq_relationship.weight']
mismatched_keys: []
error_msgs: []
Label Smooth: 0.2
pose_conv
load checkpoint from checkpoint/cmp.pth
missing_keys:  ['uncertainty_temper', 'prompt_learning_embedding']
unexpected_keys:  []
     Total Params Sum:  254264985
### Inference ITC similiarity matrix
### Zero-Shot Score: 
+-------------------+--------+--------+--------+--------+--------+
|       epoch       |   R1   |   R5   |  R10   |  mAP   |  mINP  |
+-------------------+--------+--------+--------+--------+--------+
|  cos_sim_wo/norm  | 58.544 | 91.860 | 95.703 | 73.596 | 73.596 |
|        -999       | 69.414 | 95.197 | 97.776 | 81.233 | 81.233 |
| itm_score_wo/norm | 84.328 | 98.989 | 99.494 | 91.293 | 91.293 |
|        -999       | 84.277 | 99.039 | 99.596 | 91.276 | 91.276 |
+-------------------+--------+--------+--------+--------+--------+
### TTA:
     preprocess_tta_coefficients  start
     sample selection ...
     number of sample after sample_selection: 1958
     uncertainty ...
     preprocess_tta_coefficients  end
### Creating tta dataset
     tta_dataset: 1958
### Creating tta dataloader
### be careful: func create_loader returns a list length of 1
     tta_loader: 61
### Configure adapted weights
     TTA Dropout Modules: 
 [('vision_encoder.pos_drop', Dropout(p=0, inplace=False), True), ('vision_encoder.layers.0.blocks.0.attn.attn_drop', Dropout(p=0.0, inplace=False), True), ('vision_encoder.layers.0.blocks.0.attn.proj_drop', Dropout(p=0, inplace=False), True), ('vision_encoder.layers.0.blocks.0.mlp.drop', Dropout(p=0, inplace=False), True), ('vision_encoder.layers.0.blocks.1.attn.attn_drop', Dropout(p=0.0, inplace=False), True), ('vision_encoder.layers.0.blocks.1.attn.proj_drop', Dropout(p=0, inplace=False), True), ('vision_encoder.layers.0.blocks.1.mlp.drop', Dropout(p=0, inplace=False), True), ('vision_encoder.layers.1.blocks.0.attn.attn_drop', Dropout(p=0.0, inplace=False), True), ('vision_encoder.layers.1.blocks.0.attn.proj_drop', Dropout(p=0, inplace=False), True), ('vision_encoder.layers.1.blocks.0.mlp.drop', Dropout(p=0, inplace=False), True), ('vision_encoder.layers.1.blocks.1.attn.attn_drop', Dropout(p=0.0, inplace=False), True), ('vision_encoder.layers.1.blocks.1.attn.proj_drop', Dropout(p=0, inplace=False), True), ('vision_encoder.layers.1.blocks.1.mlp.drop', Dropout(p=0, inplace=False), True), ('vision_encoder.layers.2.blocks.0.attn.attn_drop', Dropout(p=0.0, inplace=False), True), ('vision_encoder.layers.2.blocks.0.attn.proj_drop', Dropout(p=0, inplace=False), True), ('vision_encoder.layers.2.blocks.0.mlp.drop', Dropout(p=0, inplace=False), True), ('vision_encoder.layers.2.blocks.1.attn.attn_drop', Dropout(p=0.0, inplace=False), True), ('vision_encoder.layers.2.blocks.1.attn.proj_drop', Dropout(p=0, inplace=False), True), ('vision_encoder.layers.2.blocks.1.mlp.drop', Dropout(p=0, inplace=False), True), ('vision_encoder.layers.2.blocks.2.attn.attn_drop', Dropout(p=0.0, inplace=False), True), ('vision_encoder.layers.2.blocks.2.attn.proj_drop', Dropout(p=0, inplace=False), True), ('vision_encoder.layers.2.blocks.2.mlp.drop', Dropout(p=0, inplace=False), True), ('vision_encoder.layers.2.blocks.3.attn.attn_drop', Dropout(p=0.0, inplace=False), True), ('vision_encoder.layers.2.blocks.3.attn.proj_drop', Dropout(p=0, inplace=False), True), ('vision_encoder.layers.2.blocks.3.mlp.drop', Dropout(p=0, inplace=False), True), ('vision_encoder.layers.2.blocks.4.attn.attn_drop', Dropout(p=0.0, inplace=False), True), ('vision_encoder.layers.2.blocks.4.attn.proj_drop', Dropout(p=0, inplace=False), True), ('vision_encoder.layers.2.blocks.4.mlp.drop', Dropout(p=0, inplace=False), True), ('vision_encoder.layers.2.blocks.5.attn.attn_drop', Dropout(p=0.0, inplace=False), True), ('vision_encoder.layers.2.blocks.5.attn.proj_drop', Dropout(p=0, inplace=False), True), ('vision_encoder.layers.2.blocks.5.mlp.drop', Dropout(p=0, inplace=False), True), ('vision_encoder.layers.2.blocks.6.attn.attn_drop', Dropout(p=0.0, inplace=False), True), ('vision_encoder.layers.2.blocks.6.attn.proj_drop', Dropout(p=0, inplace=False), True), ('vision_encoder.layers.2.blocks.6.mlp.drop', Dropout(p=0, inplace=False), True), ('vision_encoder.layers.2.blocks.7.attn.attn_drop', Dropout(p=0.0, inplace=False), True), ('vision_encoder.layers.2.blocks.7.attn.proj_drop', Dropout(p=0, inplace=False), True), ('vision_encoder.layers.2.blocks.7.mlp.drop', Dropout(p=0, inplace=False), True), ('vision_encoder.layers.2.blocks.8.attn.attn_drop', Dropout(p=0.0, inplace=False), True), ('vision_encoder.layers.2.blocks.8.attn.proj_drop', Dropout(p=0, inplace=False), True), ('vision_encoder.layers.2.blocks.8.mlp.drop', Dropout(p=0, inplace=False), True), ('vision_encoder.layers.2.blocks.9.attn.attn_drop', Dropout(p=0.0, inplace=False), True), ('vision_encoder.layers.2.blocks.9.attn.proj_drop', Dropout(p=0, inplace=False), True), ('vision_encoder.layers.2.blocks.9.mlp.drop', Dropout(p=0, inplace=False), True), ('vision_encoder.layers.2.blocks.10.attn.attn_drop', Dropout(p=0.0, inplace=False), True), ('vision_encoder.layers.2.blocks.10.attn.proj_drop', Dropout(p=0, inplace=False), True), ('vision_encoder.layers.2.blocks.10.mlp.drop', Dropout(p=0, inplace=False), True), ('vision_encoder.layers.2.blocks.11.attn.attn_drop', Dropout(p=0.0, inplace=False), True), ('vision_encoder.layers.2.blocks.11.attn.proj_drop', Dropout(p=0, inplace=False), True), ('vision_encoder.layers.2.blocks.11.mlp.drop', Dropout(p=0, inplace=False), True), ('vision_encoder.layers.2.blocks.12.attn.attn_drop', Dropout(p=0.0, inplace=False), True), ('vision_encoder.layers.2.blocks.12.attn.proj_drop', Dropout(p=0, inplace=False), True), ('vision_encoder.layers.2.blocks.12.mlp.drop', Dropout(p=0, inplace=False), True), ('vision_encoder.layers.2.blocks.13.attn.attn_drop', Dropout(p=0.0, inplace=False), True), ('vision_encoder.layers.2.blocks.13.attn.proj_drop', Dropout(p=0, inplace=False), True), ('vision_encoder.layers.2.blocks.13.mlp.drop', Dropout(p=0, inplace=False), True), ('vision_encoder.layers.2.blocks.14.attn.attn_drop', Dropout(p=0.0, inplace=False), True), ('vision_encoder.layers.2.blocks.14.attn.proj_drop', Dropout(p=0, inplace=False), True), ('vision_encoder.layers.2.blocks.14.mlp.drop', Dropout(p=0, inplace=False), True), ('vision_encoder.layers.2.blocks.15.attn.attn_drop', Dropout(p=0.0, inplace=False), True), ('vision_encoder.layers.2.blocks.15.attn.proj_drop', Dropout(p=0, inplace=False), True), ('vision_encoder.layers.2.blocks.15.mlp.drop', Dropout(p=0, inplace=False), True), ('vision_encoder.layers.2.blocks.16.attn.attn_drop', Dropout(p=0.0, inplace=False), True), ('vision_encoder.layers.2.blocks.16.attn.proj_drop', Dropout(p=0, inplace=False), True), ('vision_encoder.layers.2.blocks.16.mlp.drop', Dropout(p=0, inplace=False), True), ('vision_encoder.layers.2.blocks.17.attn.attn_drop', Dropout(p=0.0, inplace=False), True), ('vision_encoder.layers.2.blocks.17.attn.proj_drop', Dropout(p=0, inplace=False), True), ('vision_encoder.layers.2.blocks.17.mlp.drop', Dropout(p=0, inplace=False), True), ('vision_encoder.layers.3.blocks.0.attn.attn_drop', Dropout(p=0.0, inplace=False), True), ('vision_encoder.layers.3.blocks.0.attn.proj_drop', Dropout(p=0, inplace=False), True), ('vision_encoder.layers.3.blocks.0.mlp.drop', Dropout(p=0, inplace=False), True), ('vision_encoder.layers.3.blocks.1.attn.attn_drop', Dropout(p=0.0, inplace=False), True), ('vision_encoder.layers.3.blocks.1.attn.proj_drop', Dropout(p=0, inplace=False), True), ('vision_encoder.layers.3.blocks.1.mlp.drop', Dropout(p=0, inplace=False), True), ('text_encoder.bert.embeddings.dropout', Dropout(p=0.1, inplace=False), True), ('text_encoder.bert.encoder.layer.0.attention.self.dropout', Dropout(p=0.1, inplace=False), True), ('text_encoder.bert.encoder.layer.0.attention.output.dropout', Dropout(p=0.1, inplace=False), True), ('text_encoder.bert.encoder.layer.0.output.dropout', Dropout(p=0.1, inplace=False), True), ('text_encoder.bert.encoder.layer.1.attention.self.dropout', Dropout(p=0.1, inplace=False), True), ('text_encoder.bert.encoder.layer.1.attention.output.dropout', Dropout(p=0.1, inplace=False), True), ('text_encoder.bert.encoder.layer.1.output.dropout', Dropout(p=0.1, inplace=False), True), ('text_encoder.bert.encoder.layer.2.attention.self.dropout', Dropout(p=0.1, inplace=False), True), ('text_encoder.bert.encoder.layer.2.attention.output.dropout', Dropout(p=0.1, inplace=False), True), ('text_encoder.bert.encoder.layer.2.output.dropout', Dropout(p=0.1, inplace=False), True), ('text_encoder.bert.encoder.layer.3.attention.self.dropout', Dropout(p=0.1, inplace=False), True), ('text_encoder.bert.encoder.layer.3.attention.output.dropout', Dropout(p=0.1, inplace=False), True), ('text_encoder.bert.encoder.layer.3.output.dropout', Dropout(p=0.1, inplace=False), True), ('text_encoder.bert.encoder.layer.4.attention.self.dropout', Dropout(p=0.1, inplace=False), True), ('text_encoder.bert.encoder.layer.4.attention.output.dropout', Dropout(p=0.1, inplace=False), True), ('text_encoder.bert.encoder.layer.4.output.dropout', Dropout(p=0.1, inplace=False), True), ('text_encoder.bert.encoder.layer.5.attention.self.dropout', Dropout(p=0.1, inplace=False), True), ('text_encoder.bert.encoder.layer.5.attention.output.dropout', Dropout(p=0.1, inplace=False), True), ('text_encoder.bert.encoder.layer.5.output.dropout', Dropout(p=0.1, inplace=False), True), ('text_encoder.bert.encoder.layer.6.attention.self.dropout', Dropout(p=0.1, inplace=False), True), ('text_encoder.bert.encoder.layer.6.attention.output.dropout', Dropout(p=0.1, inplace=False), True), ('text_encoder.bert.encoder.layer.6.crossattention.self.dropout', Dropout(p=0.1, inplace=False), True), ('text_encoder.bert.encoder.layer.6.crossattention.output.dropout', Dropout(p=0.1, inplace=False), True), ('text_encoder.bert.encoder.layer.6.output.dropout', Dropout(p=0.1, inplace=False), True), ('text_encoder.bert.encoder.layer.7.attention.self.dropout', Dropout(p=0.1, inplace=False), True), ('text_encoder.bert.encoder.layer.7.attention.output.dropout', Dropout(p=0.1, inplace=False), True), ('text_encoder.bert.encoder.layer.7.crossattention.self.dropout', Dropout(p=0.1, inplace=False), True), ('text_encoder.bert.encoder.layer.7.crossattention.output.dropout', Dropout(p=0.1, inplace=False), True), ('text_encoder.bert.encoder.layer.7.output.dropout', Dropout(p=0.1, inplace=False), True), ('text_encoder.bert.encoder.layer.8.attention.self.dropout', Dropout(p=0.1, inplace=False), True), ('text_encoder.bert.encoder.layer.8.attention.output.dropout', Dropout(p=0.1, inplace=False), True), ('text_encoder.bert.encoder.layer.8.crossattention.self.dropout', Dropout(p=0.1, inplace=False), True), ('text_encoder.bert.encoder.layer.8.crossattention.output.dropout', Dropout(p=0.1, inplace=False), True), ('text_encoder.bert.encoder.layer.8.output.dropout', Dropout(p=0.1, inplace=False), True), ('text_encoder.bert.encoder.layer.9.attention.self.dropout', Dropout(p=0.1, inplace=False), True), ('text_encoder.bert.encoder.layer.9.attention.output.dropout', Dropout(p=0.1, inplace=False), True), ('text_encoder.bert.encoder.layer.9.crossattention.self.dropout', Dropout(p=0.1, inplace=False), True), ('text_encoder.bert.encoder.layer.9.crossattention.output.dropout', Dropout(p=0.1, inplace=False), True), ('text_encoder.bert.encoder.layer.9.output.dropout', Dropout(p=0.1, inplace=False), True), ('text_encoder.bert.encoder.layer.10.attention.self.dropout', Dropout(p=0.1, inplace=False), True), ('text_encoder.bert.encoder.layer.10.attention.output.dropout', Dropout(p=0.1, inplace=False), True), ('text_encoder.bert.encoder.layer.10.crossattention.self.dropout', Dropout(p=0.1, inplace=False), True), ('text_encoder.bert.encoder.layer.10.crossattention.output.dropout', Dropout(p=0.1, inplace=False), True), ('text_encoder.bert.encoder.layer.10.output.dropout', Dropout(p=0.1, inplace=False), True), ('text_encoder.bert.encoder.layer.11.attention.self.dropout', Dropout(p=0.1, inplace=False), True), ('text_encoder.bert.encoder.layer.11.attention.output.dropout', Dropout(p=0.1, inplace=False), True), ('text_encoder.bert.encoder.layer.11.crossattention.self.dropout', Dropout(p=0.1, inplace=False), True), ('text_encoder.bert.encoder.layer.11.crossattention.output.dropout', Dropout(p=0.1, inplace=False), True), ('text_encoder.bert.encoder.layer.11.output.dropout', Dropout(p=0.1, inplace=False), True), ('vision_proj.1', Dropout(p=0.5, inplace=False), True), ('text_proj.1', Dropout(p=0.5, inplace=False), True), ('pose_block.attn.attn_drop', Dropout(p=0.0, inplace=False), True), ('pose_block.attn.proj_drop', Dropout(p=0.0, inplace=False), True)]
     TTA Require Gradient Params: 
 [('text_encoder.bert.embeddings.LayerNorm.weight', torch.Size([768])), ('text_encoder.bert.embeddings.LayerNorm.bias', torch.Size([768])), ('text_encoder.bert.encoder.layer.6.attention.output.LayerNorm.weight', torch.Size([768])), ('text_encoder.bert.encoder.layer.6.attention.output.LayerNorm.bias', torch.Size([768])), ('text_encoder.bert.encoder.layer.6.crossattention.output.LayerNorm.weight', torch.Size([768])), ('text_encoder.bert.encoder.layer.6.crossattention.output.LayerNorm.bias', torch.Size([768])), ('text_encoder.bert.encoder.layer.6.output.LayerNorm.weight', torch.Size([768])), ('text_encoder.bert.encoder.layer.6.output.LayerNorm.bias', torch.Size([768])), ('text_encoder.bert.encoder.layer.7.attention.output.LayerNorm.weight', torch.Size([768])), ('text_encoder.bert.encoder.layer.7.attention.output.LayerNorm.bias', torch.Size([768])), ('text_encoder.bert.encoder.layer.7.crossattention.output.LayerNorm.weight', torch.Size([768])), ('text_encoder.bert.encoder.layer.7.crossattention.output.LayerNorm.bias', torch.Size([768])), ('text_encoder.bert.encoder.layer.7.output.LayerNorm.weight', torch.Size([768])), ('text_encoder.bert.encoder.layer.7.output.LayerNorm.bias', torch.Size([768])), ('text_encoder.bert.encoder.layer.8.attention.output.LayerNorm.weight', torch.Size([768])), ('text_encoder.bert.encoder.layer.8.attention.output.LayerNorm.bias', torch.Size([768])), ('text_encoder.bert.encoder.layer.8.crossattention.output.LayerNorm.weight', torch.Size([768])), ('text_encoder.bert.encoder.layer.8.crossattention.output.LayerNorm.bias', torch.Size([768])), ('text_encoder.bert.encoder.layer.8.output.LayerNorm.weight', torch.Size([768])), ('text_encoder.bert.encoder.layer.8.output.LayerNorm.bias', torch.Size([768])), ('text_encoder.bert.encoder.layer.9.attention.output.LayerNorm.weight', torch.Size([768])), ('text_encoder.bert.encoder.layer.9.attention.output.LayerNorm.bias', torch.Size([768])), ('text_encoder.bert.encoder.layer.9.crossattention.output.LayerNorm.weight', torch.Size([768])), ('text_encoder.bert.encoder.layer.9.crossattention.output.LayerNorm.bias', torch.Size([768])), ('text_encoder.bert.encoder.layer.9.output.LayerNorm.weight', torch.Size([768])), ('text_encoder.bert.encoder.layer.9.output.LayerNorm.bias', torch.Size([768])), ('text_encoder.bert.encoder.layer.10.attention.output.LayerNorm.weight', torch.Size([768])), ('text_encoder.bert.encoder.layer.10.attention.output.LayerNorm.bias', torch.Size([768])), ('text_encoder.bert.encoder.layer.10.crossattention.output.LayerNorm.weight', torch.Size([768])), ('text_encoder.bert.encoder.layer.10.crossattention.output.LayerNorm.bias', torch.Size([768])), ('text_encoder.bert.encoder.layer.10.output.LayerNorm.weight', torch.Size([768])), ('text_encoder.bert.encoder.layer.10.output.LayerNorm.bias', torch.Size([768])), ('text_encoder.bert.encoder.layer.11.attention.output.LayerNorm.weight', torch.Size([768])), ('text_encoder.bert.encoder.layer.11.attention.output.LayerNorm.bias', torch.Size([768])), ('text_encoder.bert.encoder.layer.11.crossattention.output.LayerNorm.weight', torch.Size([768])), ('text_encoder.bert.encoder.layer.11.crossattention.output.LayerNorm.bias', torch.Size([768])), ('text_encoder.bert.encoder.layer.11.output.LayerNorm.weight', torch.Size([768])), ('text_encoder.bert.encoder.layer.11.output.LayerNorm.bias', torch.Size([768])), ('text_encoder.cls.predictions.transform.LayerNorm.weight', torch.Size([768])), ('text_encoder.cls.predictions.transform.LayerNorm.bias', torch.Size([768])), ('itm_head.1.weight', torch.Size([1536])), ('itm_head.1.bias', torch.Size([1536]))]
     TTA Dropout Modules Number: 
 126
     TTA Require Gradient Params Sum: 
 33792
     lr:  1e-05    lr_mult:  2
     model has 'init_params',  385
     num_tta_steps:  3720
     num_warmup_steps:  500
     sched: step
/home/jiahao/task/CMP/tta.py:246: FutureWarning: `torch.cuda.amp.GradScaler(args...)` is deprecated. Please use `torch.amp.GradScaler('cuda', args...)` instead.
  scaler = GradScaler()  # bf16
### Start ITM Test Time Adaptation
      TTA Epoch: [0] [ 0/61]  eta: 0:01:05  entropy: 0.3681  uncertainty: 2.0024  uncertainty_coeffi: 0.0100  loss: 2.2339  lr: 0.000000  time: 1.0717  data: 0.4026  max mem: 2639
      TTA Epoch: [0] [60/61]  eta: 0:00:00  entropy: 0.3062  uncertainty: 2.4449  uncertainty_coeffi: 0.0100  loss: 2.6167  lr: 0.000001  time: 0.0590  data: 0.0001  max mem: 2671
      TTA Epoch: [0] Total time: 0:00:04 (0.0764 s / it)
     Averaged stats: entropy: 0.3516  uncertainty: 2.1783  uncertainty_coeffi: 0.0100  loss: 2.3879  lr: 0.0000
     itm tta time 0:00:04
     Computing matching score
      Evaluation: [   0/1978]  eta: 0:04:01    time: 0.1223  data: 0.0031  max mem: 2671
      Evaluation: [ 100/1978]  eta: 0:02:10    time: 0.0683  data: 0.0000  max mem: 2671
      Evaluation: [ 200/1978]  eta: 0:02:03    time: 0.0680  data: 0.0000  max mem: 2671
      Evaluation: [ 300/1978]  eta: 0:01:55    time: 0.0678  data: 0.0000  max mem: 2671
      Evaluation: [ 400/1978]  eta: 0:01:48    time: 0.0678  data: 0.0000  max mem: 2671
      Evaluation: [ 500/1978]  eta: 0:01:41    time: 0.0679  data: 0.0000  max mem: 2671
      Evaluation: [ 600/1978]  eta: 0:01:34    time: 0.0680  data: 0.0000  max mem: 2671
      Evaluation: [ 700/1978]  eta: 0:01:27    time: 0.0678  data: 0.0000  max mem: 2671
      Evaluation: [ 800/1978]  eta: 0:01:20    time: 0.0682  data: 0.0000  max mem: 2671
      Evaluation: [ 900/1978]  eta: 0:01:13    time: 0.0684  data: 0.0000  max mem: 2671
      Evaluation: [1000/1978]  eta: 0:01:06    time: 0.0677  data: 0.0000  max mem: 2671
      Evaluation: [1100/1978]  eta: 0:00:59    time: 0.0678  data: 0.0000  max mem: 2671
      Evaluation: [1200/1978]  eta: 0:00:53    time: 0.0678  data: 0.0000  max mem: 2671
      Evaluation: [1300/1978]  eta: 0:00:46    time: 0.0678  data: 0.0000  max mem: 2671
      Evaluation: [1400/1978]  eta: 0:00:39    time: 0.0677  data: 0.0000  max mem: 2671
      Evaluation: [1500/1978]  eta: 0:00:32    time: 0.0685  data: 0.0000  max mem: 2671
      Evaluation: [1600/1978]  eta: 0:00:25    time: 0.0679  data: 0.0000  max mem: 2671
      Evaluation: [1700/1978]  eta: 0:00:18    time: 0.0679  data: 0.0000  max mem: 2671
      Evaluation: [1800/1978]  eta: 0:00:12    time: 0.0678  data: 0.0000  max mem: 2671
      Evaluation: [1900/1978]  eta: 0:00:05    time: 0.0679  data: 0.0000  max mem: 2671
      Evaluation: [1977/1978]  eta: 0:00:00    time: 0.0681  data: 0.0000  max mem: 2671
      Evaluation: Total time: 0:02:14 (0.0681 s / it)
     Computing matching score time 0:02:14
### TTA ITM Score: 
+-------------------+--------+--------+--------+--------+--------+
|       epoch       |   R1   |   R5   |  R10   |  mAP   |  mINP  |
+-------------------+--------+--------+--------+--------+--------+
|  cos_sim_wo/norm  | 58.544 | 91.860 | 95.703 | 73.596 | 73.596 |
|        -999       | 69.414 | 95.197 | 97.776 | 81.233 | 81.233 |
| itm_score_wo/norm | 84.328 | 98.989 | 99.494 | 91.293 | 91.293 |
|        -999       | 84.277 | 99.039 | 99.596 | 91.276 | 91.276 |
|         0         | 84.328 | 99.039 | 99.596 | 91.301 | 91.301 |
+-------------------+--------+--------+--------+--------+--------+
     logs:  {'epo': 0, 'R1': 84.328, 'R5': 99.039, 'R10': 99.596, 'mAP': 91.301, 'mINP': 91.301, 'entropy': 0.351611, 'uncertainty': 2.1783, 'uncertainty_coeffi': 0.01, 'loss': 2.387887, 'lr': 1e-06}
      TTA Epoch: [1] [ 0/61]  eta: 0:00:30  entropy: 0.4050  uncertainty: 2.2687  uncertainty_coeffi: 0.0100  loss: 2.4905  lr: 0.000001  time: 0.4929  data: 0.4007  max mem: 2671
      TTA Epoch: [1] [60/61]  eta: 0:00:00  entropy: 0.3196  uncertainty: 2.1082  uncertainty_coeffi: 0.0100  loss: 2.2945  lr: 0.000002  time: 0.0603  data: 0.0001  max mem: 2671
      TTA Epoch: [1] Total time: 0:00:04 (0.0681 s / it)
     Averaged stats: entropy: 0.3512  uncertainty: 2.1732  uncertainty_coeffi: 0.0100  loss: 2.3819  lr: 0.0000
     itm tta time 0:00:04
     Computing matching score
      Evaluation: [   0/1978]  eta: 0:02:17    time: 0.0694  data: 0.0034  max mem: 2671
      Evaluation: [ 100/1978]  eta: 0:02:07    time: 0.0678  data: 0.0000  max mem: 2671
      Evaluation: [ 200/1978]  eta: 0:02:00    time: 0.0678  data: 0.0000  max mem: 2671
      Evaluation: [ 300/1978]  eta: 0:01:53    time: 0.0678  data: 0.0000  max mem: 2671
      Evaluation: [ 400/1978]  eta: 0:01:47    time: 0.0677  data: 0.0000  max mem: 2671
      Evaluation: [ 500/1978]  eta: 0:01:40    time: 0.0678  data: 0.0000  max mem: 2671
      Evaluation: [ 600/1978]  eta: 0:01:33    time: 0.0679  data: 0.0000  max mem: 2671
      Evaluation: [ 700/1978]  eta: 0:01:26    time: 0.0679  data: 0.0000  max mem: 2671
      Evaluation: [ 800/1978]  eta: 0:01:19    time: 0.0678  data: 0.0000  max mem: 2671
      Evaluation: [ 900/1978]  eta: 0:01:13    time: 0.0678  data: 0.0000  max mem: 2671
      Evaluation: [1000/1978]  eta: 0:01:06    time: 0.0678  data: 0.0000  max mem: 2671
      Evaluation: [1100/1978]  eta: 0:00:59    time: 0.0678  data: 0.0000  max mem: 2671
      Evaluation: [1200/1978]  eta: 0:00:52    time: 0.0678  data: 0.0000  max mem: 2671
      Evaluation: [1300/1978]  eta: 0:00:45    time: 0.0678  data: 0.0000  max mem: 2671
      Evaluation: [1400/1978]  eta: 0:00:39    time: 0.0678  data: 0.0000  max mem: 2671
      Evaluation: [1500/1978]  eta: 0:00:32    time: 0.0678  data: 0.0000  max mem: 2671
      Evaluation: [1600/1978]  eta: 0:00:25    time: 0.0678  data: 0.0000  max mem: 2671
      Evaluation: [1700/1978]  eta: 0:00:18    time: 0.0678  data: 0.0000  max mem: 2671
      Evaluation: [1800/1978]  eta: 0:00:12    time: 0.0678  data: 0.0000  max mem: 2671
      Evaluation: [1900/1978]  eta: 0:00:05    time: 0.0677  data: 0.0000  max mem: 2671
      Evaluation: [1977/1978]  eta: 0:00:00    time: 0.0680  data: 0.0000  max mem: 2671
      Evaluation: Total time: 0:02:14 (0.0678 s / it)
     Computing matching score time 0:02:14
### TTA ITM Score: 
+-------------------+--------+--------+--------+--------+--------+
|       epoch       |   R1   |   R5   |  R10   |  mAP   |  mINP  |
+-------------------+--------+--------+--------+--------+--------+
|  cos_sim_wo/norm  | 58.544 | 91.860 | 95.703 | 73.596 | 73.596 |
|        -999       | 69.414 | 95.197 | 97.776 | 81.233 | 81.233 |
| itm_score_wo/norm | 84.328 | 98.989 | 99.494 | 91.293 | 91.293 |
|        -999       | 84.277 | 99.039 | 99.596 | 91.276 | 91.276 |
|         0         | 84.328 | 99.039 | 99.596 | 91.301 | 91.301 |
|         1         | 84.277 | 99.039 | 99.596 | 91.276 | 91.276 |
+-------------------+--------+--------+--------+--------+--------+
     logs:  {'epo': 1, 'R1': 84.277, 'R5': 99.039, 'R10': 99.596, 'mAP': 91.276, 'mINP': 91.276, 'entropy': 0.351209, 'uncertainty': 2.173218, 'uncertainty_coeffi': 0.01, 'loss': 2.381888, 'lr': 2e-06}
      TTA Epoch: [2] [ 0/61]  eta: 0:00:29  entropy: 0.3914  uncertainty: 2.4107  uncertainty_coeffi: 0.0100  loss: 2.6404  lr: 0.000002  time: 0.4880  data: 0.3750  max mem: 2671
      TTA Epoch: [2] [60/61]  eta: 0:00:00  entropy: 0.3353  uncertainty: 2.1269  uncertainty_coeffi: 0.0100  loss: 2.3697  lr: 0.000004  time: 0.0603  data: 0.0001  max mem: 2671
      TTA Epoch: [2] Total time: 0:00:04 (0.0683 s / it)
     Averaged stats: entropy: 0.3498  uncertainty: 2.1739  uncertainty_coeffi: 0.0100  loss: 2.3820  lr: 0.0000
     itm tta time 0:00:04
     Computing matching score
      Evaluation: [   0/1978]  eta: 0:02:13    time: 0.0677  data: 0.0022  max mem: 2671
      Evaluation: [ 100/1978]  eta: 0:02:07    time: 0.0679  data: 0.0000  max mem: 2671
      Evaluation: [ 200/1978]  eta: 0:02:00    time: 0.0679  data: 0.0000  max mem: 2671
      Evaluation: [ 300/1978]  eta: 0:01:53    time: 0.0679  data: 0.0000  max mem: 2671
      Evaluation: [ 400/1978]  eta: 0:01:47    time: 0.0677  data: 0.0000  max mem: 2671
      Evaluation: [ 500/1978]  eta: 0:01:40    time: 0.0679  data: 0.0000  max mem: 2671
      Evaluation: [ 600/1978]  eta: 0:01:33    time: 0.0679  data: 0.0000  max mem: 2671
      Evaluation: [ 700/1978]  eta: 0:01:26    time: 0.0675  data: 0.0000  max mem: 2671
      Evaluation: [ 800/1978]  eta: 0:01:19    time: 0.0681  data: 0.0000  max mem: 2671
      Evaluation: [ 900/1978]  eta: 0:01:13    time: 0.0677  data: 0.0000  max mem: 2671
      Evaluation: [1000/1978]  eta: 0:01:06    time: 0.0676  data: 0.0000  max mem: 2671
      Evaluation: [1100/1978]  eta: 0:00:59    time: 0.0676  data: 0.0000  max mem: 2671
      Evaluation: [1200/1978]  eta: 0:00:52    time: 0.0677  data: 0.0000  max mem: 2671
      Evaluation: [1300/1978]  eta: 0:00:45    time: 0.0676  data: 0.0000  max mem: 2671
      Evaluation: [1400/1978]  eta: 0:00:39    time: 0.0677  data: 0.0000  max mem: 2671
      Evaluation: [1500/1978]  eta: 0:00:32    time: 0.0678  data: 0.0000  max mem: 2671
      Evaluation: [1600/1978]  eta: 0:00:25    time: 0.0677  data: 0.0000  max mem: 2671
      Evaluation: [1700/1978]  eta: 0:00:18    time: 0.0679  data: 0.0000  max mem: 2671
      Evaluation: [1800/1978]  eta: 0:00:12    time: 0.0677  data: 0.0000  max mem: 2671
      Evaluation: [1900/1978]  eta: 0:00:05    time: 0.0687  data: 0.0000  max mem: 2671
      Evaluation: [1977/1978]  eta: 0:00:00    time: 0.0679  data: 0.0000  max mem: 2671
      Evaluation: Total time: 0:02:14 (0.0678 s / it)
     Computing matching score time 0:02:14
### TTA ITM Score: 
+-------------------+--------+--------+--------+--------+--------+
|       epoch       |   R1   |   R5   |  R10   |  mAP   |  mINP  |
+-------------------+--------+--------+--------+--------+--------+
|  cos_sim_wo/norm  | 58.544 | 91.860 | 95.703 | 73.596 | 73.596 |
|        -999       | 69.414 | 95.197 | 97.776 | 81.233 | 81.233 |
| itm_score_wo/norm | 84.328 | 98.989 | 99.494 | 91.293 | 91.293 |
|        -999       | 84.277 | 99.039 | 99.596 | 91.276 | 91.276 |
|         0         | 84.328 | 99.039 | 99.596 | 91.301 | 91.301 |
|         1         | 84.277 | 99.039 | 99.596 | 91.276 | 91.276 |
|         2         | 84.328 | 99.039 | 99.596 | 91.292 | 91.292 |
+-------------------+--------+--------+--------+--------+--------+
     logs:  {'epo': 2, 'R1': 84.328, 'R5': 99.039, 'R10': 99.596, 'mAP': 91.292, 'mINP': 91.292, 'entropy': 0.349782, 'uncertainty': 2.173872, 'uncertainty_coeffi': 0.01, 'loss': 2.381992, 'lr': 3e-06}
      TTA Epoch: [3] [ 0/61]  eta: 0:00:27  entropy: 0.2928  uncertainty: 2.0410  uncertainty_coeffi: 0.0100  loss: 2.2277  lr: 0.000004  time: 0.4427  data: 0.3487  max mem: 2671
      TTA Epoch: [3] [60/61]  eta: 0:00:00  entropy: 0.3266  uncertainty: 2.2245  uncertainty_coeffi: 0.0100  loss: 2.4071  lr: 0.000005  time: 0.0613  data: 0.0001  max mem: 2671
      TTA Epoch: [3] Total time: 0:00:04 (0.0684 s / it)
     Averaged stats: entropy: 0.3451  uncertainty: 2.1735  uncertainty_coeffi: 0.0100  loss: 2.3784  lr: 0.0000
     itm tta time 0:00:04
      TTA Epoch: [4] [ 0/61]  eta: 0:00:37  entropy: 0.3855  uncertainty: 2.5144  uncertainty_coeffi: 0.0100  loss: 2.7193  lr: 0.000005  time: 0.6155  data: 0.5395  max mem: 2671
      TTA Epoch: [4] [60/61]  eta: 0:00:00  entropy: 0.3178  uncertainty: 2.6488  uncertainty_coeffi: 0.0100  loss: 2.8043  lr: 0.000006  time: 0.0610  data: 0.0001  max mem: 2671
      TTA Epoch: [4] Total time: 0:00:04 (0.0707 s / it)
     Averaged stats: entropy: 0.3428  uncertainty: 2.1752  uncertainty_coeffi: 0.0100  loss: 2.3779  lr: 0.0000
     itm tta time 0:00:04
     Computing matching score
      Evaluation: [   0/1978]  eta: 0:02:26    time: 0.0743  data: 0.0063  max mem: 2671
      Evaluation: [ 100/1978]  eta: 0:02:10    time: 0.0683  data: 0.0000  max mem: 2671
      Evaluation: [ 200/1978]  eta: 0:02:02    time: 0.0685  data: 0.0000  max mem: 2671
      Evaluation: [ 300/1978]  eta: 0:01:55    time: 0.0683  data: 0.0000  max mem: 2671
      Evaluation: [ 400/1978]  eta: 0:01:48    time: 0.0682  data: 0.0000  max mem: 2671
      Evaluation: [ 500/1978]  eta: 0:01:41    time: 0.0682  data: 0.0000  max mem: 2671
      Evaluation: [ 600/1978]  eta: 0:01:34    time: 0.0682  data: 0.0000  max mem: 2671
      Evaluation: [ 700/1978]  eta: 0:01:27    time: 0.0682  data: 0.0000  max mem: 2671
      Evaluation: [ 800/1978]  eta: 0:01:20    time: 0.0696  data: 0.0000  max mem: 2671
      Evaluation: [ 900/1978]  eta: 0:01:13    time: 0.0682  data: 0.0000  max mem: 2671
      Evaluation: [1000/1978]  eta: 0:01:06    time: 0.0681  data: 0.0000  max mem: 2671
      Evaluation: [1100/1978]  eta: 0:01:00    time: 0.0681  data: 0.0000  max mem: 2671
      Evaluation: [1200/1978]  eta: 0:00:53    time: 0.0682  data: 0.0000  max mem: 2671
      Evaluation: [1300/1978]  eta: 0:00:46    time: 0.0680  data: 0.0000  max mem: 2671
      Evaluation: [1400/1978]  eta: 0:00:39    time: 0.0680  data: 0.0000  max mem: 2671
      Evaluation: [1500/1978]  eta: 0:00:32    time: 0.0679  data: 0.0000  max mem: 2671
      Evaluation: [1600/1978]  eta: 0:00:25    time: 0.0688  data: 0.0000  max mem: 2671
      Evaluation: [1700/1978]  eta: 0:00:18    time: 0.0681  data: 0.0000  max mem: 2671
      Evaluation: [1800/1978]  eta: 0:00:12    time: 0.0680  data: 0.0000  max mem: 2671
      Evaluation: [1900/1978]  eta: 0:00:05    time: 0.0681  data: 0.0000  max mem: 2671
      Evaluation: [1977/1978]  eta: 0:00:00    time: 0.0682  data: 0.0000  max mem: 2671
      Evaluation: Total time: 0:02:15 (0.0683 s / it)
     Computing matching score time 0:02:15
### TTA ITM Score: 
+-------------------+--------+--------+--------+--------+--------+
|       epoch       |   R1   |   R5   |  R10   |  mAP   |  mINP  |
+-------------------+--------+--------+--------+--------+--------+
|  cos_sim_wo/norm  | 58.544 | 91.860 | 95.703 | 73.596 | 73.596 |
|        -999       | 69.414 | 95.197 | 97.776 | 81.233 | 81.233 |
| itm_score_wo/norm | 84.328 | 98.989 | 99.494 | 91.293 | 91.293 |
|        -999       | 84.277 | 99.039 | 99.596 | 91.276 | 91.276 |
|         0         | 84.328 | 99.039 | 99.596 | 91.301 | 91.301 |
|         1         | 84.277 | 99.039 | 99.596 | 91.276 | 91.276 |
|         2         | 84.328 | 99.039 | 99.596 | 91.292 | 91.292 |
|         4         | 84.631 | 99.039 | 99.596 | 91.444 | 91.444 |
+-------------------+--------+--------+--------+--------+--------+
     logs:  {'epo': 4, 'R1': 84.631, 'R5': 99.039, 'R10': 99.596, 'mAP': 91.444, 'mINP': 91.444, 'entropy': 0.342836, 'uncertainty': 2.175181, 'uncertainty_coeffi': 0.01, 'loss': 2.37791, 'lr': 5e-06}
      TTA Epoch: [5] [ 0/61]  eta: 0:00:31  entropy: 0.3084  uncertainty: 2.5851  uncertainty_coeffi: 0.0100  loss: 2.7729  lr: 0.000006  time: 0.5129  data: 0.4078  max mem: 2671
      TTA Epoch: [5] [60/61]  eta: 0:00:00  entropy: 0.3397  uncertainty: 1.8228  uncertainty_coeffi: 0.0100  loss: 2.0487  lr: 0.000007  time: 0.0616  data: 0.0001  max mem: 2671
      TTA Epoch: [5] Total time: 0:00:04 (0.0700 s / it)
     Averaged stats: entropy: 0.3365  uncertainty: 2.1705  uncertainty_coeffi: 0.0100  loss: 2.3686  lr: 0.0000
     itm tta time 0:00:04
      TTA Epoch: [6] [ 0/61]  eta: 0:00:35  entropy: 0.3782  uncertainty: 2.0494  uncertainty_coeffi: 0.0100  loss: 2.2666  lr: 0.000007  time: 0.5890  data: 0.4731  max mem: 2671
      TTA Epoch: [6] [60/61]  eta: 0:00:00  entropy: 0.4727  uncertainty: 2.2741  uncertainty_coeffi: 0.0100  loss: 2.5381  lr: 0.000009  time: 0.0609  data: 0.0001  max mem: 2671
      TTA Epoch: [6] Total time: 0:00:04 (0.0707 s / it)
     Averaged stats: entropy: 0.3318  uncertainty: 2.1771  uncertainty_coeffi: 0.0100  loss: 2.3726  lr: 0.0000
     itm tta time 0:00:04
      TTA Epoch: [7] [ 0/61]  eta: 0:00:30  entropy: 0.2721  uncertainty: 2.3880  uncertainty_coeffi: 0.0100  loss: 2.5528  lr: 0.000009  time: 0.5079  data: 0.4051  max mem: 2671
      TTA Epoch: [7] [60/61]  eta: 0:00:00  entropy: 0.2640  uncertainty: 2.1712  uncertainty_coeffi: 0.0100  loss: 2.3304  lr: 0.000010  time: 0.0621  data: 0.0001  max mem: 2671
      TTA Epoch: [7] Total time: 0:00:04 (0.0699 s / it)
     Averaged stats: entropy: 0.3260  uncertainty: 2.1748  uncertainty_coeffi: 0.0100  loss: 2.3667  lr: 0.0000
     itm tta time 0:00:04
      TTA Epoch: [8] [ 0/61]  eta: 0:00:34  entropy: 0.2527  uncertainty: 1.5995  uncertainty_coeffi: 0.0100  loss: 1.7608  lr: 0.000010  time: 0.5609  data: 0.4442  max mem: 2671
      TTA Epoch: [8] [60/61]  eta: 0:00:00  entropy: 0.2806  uncertainty: 2.0614  uncertainty_coeffi: 0.0100  loss: 2.2467  lr: 0.000010  time: 0.0620  data: 0.0001  max mem: 2671
      TTA Epoch: [8] Total time: 0:00:04 (0.0711 s / it)
     Averaged stats: entropy: 0.3200  uncertainty: 2.1749  uncertainty_coeffi: 0.0100  loss: 2.3608  lr: 0.0000
     itm tta time 0:00:04
      TTA Epoch: [9] [ 0/61]  eta: 0:00:36  entropy: 0.3497  uncertainty: 2.7042  uncertainty_coeffi: 0.0100  loss: 2.8764  lr: 0.000010  time: 0.5941  data: 0.5102  max mem: 2671
      TTA Epoch: [9] [60/61]  eta: 0:00:00  entropy: 0.3536  uncertainty: 2.8373  uncertainty_coeffi: 0.0100  loss: 3.0043  lr: 0.000010  time: 0.0614  data: 0.0001  max mem: 2671
      TTA Epoch: [9] Total time: 0:00:04 (0.0712 s / it)
     Averaged stats: entropy: 0.3117  uncertainty: 2.1771  uncertainty_coeffi: 0.0100  loss: 2.3579  lr: 0.0000
     itm tta time 0:00:04
     Computing matching score
      Evaluation: [   0/1978]  eta: 0:02:20    time: 0.0712  data: 0.0053  max mem: 2671
      Evaluation: [ 100/1978]  eta: 0:02:07    time: 0.0679  data: 0.0000  max mem: 2671
      Evaluation: [ 200/1978]  eta: 0:02:01    time: 0.0680  data: 0.0000  max mem: 2671
      Evaluation: [ 300/1978]  eta: 0:01:54    time: 0.0688  data: 0.0000  max mem: 2671
      Evaluation: [ 400/1978]  eta: 0:01:48    time: 0.0678  data: 0.0000  max mem: 2671
      Evaluation: [ 500/1978]  eta: 0:01:41    time: 0.0678  data: 0.0000  max mem: 2671
      Evaluation: [ 600/1978]  eta: 0:01:34    time: 0.0679  data: 0.0000  max mem: 2671
      Evaluation: [ 700/1978]  eta: 0:01:27    time: 0.0691  data: 0.0000  max mem: 2671
      Evaluation: [ 800/1978]  eta: 0:01:20    time: 0.0679  data: 0.0000  max mem: 2671
      Evaluation: [ 900/1978]  eta: 0:01:13    time: 0.0679  data: 0.0000  max mem: 2671
      Evaluation: [1000/1978]  eta: 0:01:06    time: 0.0679  data: 0.0000  max mem: 2671
      Evaluation: [1100/1978]  eta: 0:01:00    time: 0.0679  data: 0.0000  max mem: 2671
      Evaluation: [1200/1978]  eta: 0:00:53    time: 0.0681  data: 0.0000  max mem: 2671
      Evaluation: [1300/1978]  eta: 0:00:46    time: 0.0677  data: 0.0000  max mem: 2671
      Evaluation: [1400/1978]  eta: 0:00:39    time: 0.0678  data: 0.0000  max mem: 2671
      Evaluation: [1500/1978]  eta: 0:00:32    time: 0.0677  data: 0.0000  max mem: 2671
      Evaluation: [1600/1978]  eta: 0:00:25    time: 0.0677  data: 0.0000  max mem: 2671
      Evaluation: [1700/1978]  eta: 0:00:18    time: 0.0677  data: 0.0000  max mem: 2671
      Evaluation: [1800/1978]  eta: 0:00:12    time: 0.0679  data: 0.0000  max mem: 2671
      Evaluation: [1900/1978]  eta: 0:00:05    time: 0.0679  data: 0.0000  max mem: 2671
      Evaluation: [1977/1978]  eta: 0:00:00    time: 0.0679  data: 0.0000  max mem: 2671
      Evaluation: Total time: 0:02:14 (0.0681 s / it)
     Computing matching score time 0:02:14
### TTA ITM Score: 
+-------------------+--------+--------+--------+--------+--------+
|       epoch       |   R1   |   R5   |  R10   |  mAP   |  mINP  |
+-------------------+--------+--------+--------+--------+--------+
|  cos_sim_wo/norm  | 58.544 | 91.860 | 95.703 | 73.596 | 73.596 |
|        -999       | 69.414 | 95.197 | 97.776 | 81.233 | 81.233 |
| itm_score_wo/norm | 84.328 | 98.989 | 99.494 | 91.293 | 91.293 |
|        -999       | 84.277 | 99.039 | 99.596 | 91.276 | 91.276 |
|         0         | 84.328 | 99.039 | 99.596 | 91.301 | 91.301 |
|         1         | 84.277 | 99.039 | 99.596 | 91.276 | 91.276 |
|         2         | 84.328 | 99.039 | 99.596 | 91.292 | 91.292 |
|         4         | 84.631 | 99.039 | 99.596 | 91.444 | 91.444 |
|         9         | 84.783 | 98.938 | 99.545 | 91.490 | 91.490 |
+-------------------+--------+--------+--------+--------+--------+
     logs:  {'epo': 9, 'R1': 84.783, 'R5': 98.938, 'R10': 99.545, 'mAP': 91.49, 'mINP': 91.49, 'entropy': 0.311728, 'uncertainty': 2.177099, 'uncertainty_coeffi': 0.01, 'loss': 2.357945, 'lr': 1e-05}
      TTA Epoch: [10] [ 0/61]  eta: 0:00:27  entropy: 0.3244  uncertainty: 2.3940  uncertainty_coeffi: 0.0100  loss: 2.5689  lr: 0.000010  time: 0.4441  data: 0.3594  max mem: 2671
      TTA Epoch: [10] [60/61]  eta: 0:00:00  entropy: 0.2506  uncertainty: 2.1875  uncertainty_coeffi: 0.0100  loss: 2.3309  lr: 0.000009  time: 0.0606  data: 0.0001  max mem: 2671
      TTA Epoch: [10] Total time: 0:00:04 (0.0674 s / it)
     Averaged stats: entropy: 0.3061  uncertainty: 2.1726  uncertainty_coeffi: 0.0100  loss: 2.3503  lr: 0.0000
     itm tta time 0:00:04
      TTA Epoch: [11] [ 0/61]  eta: 0:00:30  entropy: 0.2639  uncertainty: 2.1573  uncertainty_coeffi: 0.0100  loss: 2.2890  lr: 0.000009  time: 0.5022  data: 0.4014  max mem: 2671
      TTA Epoch: [11] [60/61]  eta: 0:00:00  entropy: 0.2501  uncertainty: 2.2922  uncertainty_coeffi: 0.0100  loss: 2.4077  lr: 0.000009  time: 0.0603  data: 0.0001  max mem: 2671
      TTA Epoch: [11] Total time: 0:00:04 (0.0685 s / it)
     Averaged stats: entropy: 0.3068  uncertainty: 2.1754  uncertainty_coeffi: 0.0100  loss: 2.3522  lr: 0.0000
     itm tta time 0:00:04
      TTA Epoch: [12] [ 0/61]  eta: 0:00:28  entropy: 0.3539  uncertainty: 1.9971  uncertainty_coeffi: 0.0100  loss: 2.2103  lr: 0.000009  time: 0.4591  data: 0.3637  max mem: 2671
      TTA Epoch: [12] [60/61]  eta: 0:00:00  entropy: 0.1909  uncertainty: 2.0599  uncertainty_coeffi: 0.0100  loss: 2.1564  lr: 0.000009  time: 0.0611  data: 0.0001  max mem: 2671
      TTA Epoch: [12] Total time: 0:00:04 (0.0684 s / it)
     Averaged stats: entropy: 0.2998  uncertainty: 2.1753  uncertainty_coeffi: 0.0100  loss: 2.3471  lr: 0.0000
     itm tta time 0:00:04
      TTA Epoch: [13] [ 0/61]  eta: 0:00:28  entropy: 0.3052  uncertainty: 2.0665  uncertainty_coeffi: 0.0100  loss: 2.2235  lr: 0.000009  time: 0.4609  data: 0.3681  max mem: 2671
      TTA Epoch: [13] [60/61]  eta: 0:00:00  entropy: 0.3006  uncertainty: 1.6763  uncertainty_coeffi: 0.0100  loss: 1.8795  lr: 0.000009  time: 0.0613  data: 0.0001  max mem: 2671
      TTA Epoch: [13] Total time: 0:00:04 (0.0687 s / it)
     Averaged stats: entropy: 0.2951  uncertainty: 2.1725  uncertainty_coeffi: 0.0100  loss: 2.3412  lr: 0.0000
     itm tta time 0:00:04
      TTA Epoch: [14] [ 0/61]  eta: 0:00:31  entropy: 0.2043  uncertainty: 2.0461  uncertainty_coeffi: 0.0100  loss: 2.1755  lr: 0.000009  time: 0.5162  data: 0.4190  max mem: 2671
      TTA Epoch: [14] [60/61]  eta: 0:00:00  entropy: 0.2045  uncertainty: 2.2261  uncertainty_coeffi: 0.0100  loss: 2.3290  lr: 0.000009  time: 0.0611  data: 0.0001  max mem: 2671
      TTA Epoch: [14] Total time: 0:00:04 (0.0696 s / it)
     Averaged stats: entropy: 0.2909  uncertainty: 2.1754  uncertainty_coeffi: 0.0100  loss: 2.3413  lr: 0.0000
     itm tta time 0:00:04
     Computing matching score
      Evaluation: [   0/1978]  eta: 0:02:20    time: 0.0709  data: 0.0045  max mem: 2671
      Evaluation: [ 100/1978]  eta: 0:02:10    time: 0.0678  data: 0.0000  max mem: 2671
      Evaluation: [ 200/1978]  eta: 0:02:01    time: 0.0679  data: 0.0000  max mem: 2671
      Evaluation: [ 300/1978]  eta: 0:01:54    time: 0.0677  data: 0.0000  max mem: 2671
      Evaluation: [ 400/1978]  eta: 0:01:47    time: 0.0678  data: 0.0000  max mem: 2671
      Evaluation: [ 500/1978]  eta: 0:01:40    time: 0.0679  data: 0.0000  max mem: 2671
      Evaluation: [ 600/1978]  eta: 0:01:33    time: 0.0678  data: 0.0000  max mem: 2671
      Evaluation: [ 700/1978]  eta: 0:01:26    time: 0.0677  data: 0.0000  max mem: 2671
      Evaluation: [ 800/1978]  eta: 0:01:20    time: 0.0677  data: 0.0000  max mem: 2671
      Evaluation: [ 900/1978]  eta: 0:01:13    time: 0.0679  data: 0.0000  max mem: 2671
      Evaluation: [1000/1978]  eta: 0:01:06    time: 0.0678  data: 0.0000  max mem: 2671
      Evaluation: [1100/1978]  eta: 0:00:59    time: 0.0677  data: 0.0000  max mem: 2671
      Evaluation: [1200/1978]  eta: 0:00:52    time: 0.0678  data: 0.0000  max mem: 2671
      Evaluation: [1300/1978]  eta: 0:00:46    time: 0.0679  data: 0.0000  max mem: 2671
      Evaluation: [1400/1978]  eta: 0:00:39    time: 0.0678  data: 0.0000  max mem: 2671
      Evaluation: [1500/1978]  eta: 0:00:32    time: 0.0677  data: 0.0000  max mem: 2671
      Evaluation: [1600/1978]  eta: 0:00:25    time: 0.0675  data: 0.0000  max mem: 2671
      Evaluation: [1700/1978]  eta: 0:00:18    time: 0.0679  data: 0.0000  max mem: 2671
      Evaluation: [1800/1978]  eta: 0:00:12    time: 0.0678  data: 0.0000  max mem: 2671
      Evaluation: [1900/1978]  eta: 0:00:05    time: 0.0681  data: 0.0000  max mem: 2671
      Evaluation: [1977/1978]  eta: 0:00:00    time: 0.0678  data: 0.0000  max mem: 2671
      Evaluation: Total time: 0:02:14 (0.0679 s / it)
     Computing matching score time 0:02:14
### TTA ITM Score: 
+-------------------+--------+--------+--------+--------+--------+
|       epoch       |   R1   |   R5   |  R10   |  mAP   |  mINP  |
+-------------------+--------+--------+--------+--------+--------+
|  cos_sim_wo/norm  | 58.544 | 91.860 | 95.703 | 73.596 | 73.596 |
|        -999       | 69.414 | 95.197 | 97.776 | 81.233 | 81.233 |
| itm_score_wo/norm | 84.328 | 98.989 | 99.494 | 91.293 | 91.293 |
|        -999       | 84.277 | 99.039 | 99.596 | 91.276 | 91.276 |
|         0         | 84.328 | 99.039 | 99.596 | 91.301 | 91.301 |
|         1         | 84.277 | 99.039 | 99.596 | 91.276 | 91.276 |
|         2         | 84.328 | 99.039 | 99.596 | 91.292 | 91.292 |
|         4         | 84.631 | 99.039 | 99.596 | 91.444 | 91.444 |
|         9         | 84.783 | 98.938 | 99.545 | 91.490 | 91.490 |
|         14        | 84.631 | 98.888 | 99.494 | 91.387 | 91.387 |
+-------------------+--------+--------+--------+--------+--------+
     logs:  {'epo': 14, 'R1': 84.631, 'R5': 98.888, 'R10': 99.494, 'mAP': 91.387, 'mINP': 91.387, 'entropy': 0.290888, 'uncertainty': 2.175408, 'uncertainty_coeffi': 0.01, 'loss': 2.341266, 'lr': 9e-06}
      TTA Epoch: [15] [ 0/61]  eta: 0:00:25  entropy: 0.2717  uncertainty: 2.1319  uncertainty_coeffi: 0.0100  loss: 2.2835  lr: 0.000009  time: 0.4123  data: 0.3209  max mem: 2671
      TTA Epoch: [15] [60/61]  eta: 0:00:00  entropy: 0.3269  uncertainty: 2.2884  uncertainty_coeffi: 0.0100  loss: 2.4546  lr: 0.000009  time: 0.0618  data: 0.0001  max mem: 2671
      TTA Epoch: [15] Total time: 0:00:04 (0.0688 s / it)
     Averaged stats: entropy: 0.2888  uncertainty: 2.1781  uncertainty_coeffi: 0.0100  loss: 2.3423  lr: 0.0000
     itm tta time 0:00:04
      TTA Epoch: [16] [ 0/61]  eta: 0:00:35  entropy: 0.2385  uncertainty: 2.3589  uncertainty_coeffi: 0.0100  loss: 2.4912  lr: 0.000009  time: 0.5827  data: 0.4672  max mem: 2671
      TTA Epoch: [16] [60/61]  eta: 0:00:00  entropy: 0.2988  uncertainty: 2.3516  uncertainty_coeffi: 0.0100  loss: 2.5087  lr: 0.000008  time: 0.0613  data: 0.0001  max mem: 2671
      TTA Epoch: [16] Total time: 0:00:04 (0.0705 s / it)
     Averaged stats: entropy: 0.2833  uncertainty: 2.1741  uncertainty_coeffi: 0.0100  loss: 2.3353  lr: 0.0000
     itm tta time 0:00:04
      TTA Epoch: [17] [ 0/61]  eta: 0:00:29  entropy: 0.2225  uncertainty: 2.0871  uncertainty_coeffi: 0.0100  loss: 2.2336  lr: 0.000008  time: 0.4864  data: 0.3831  max mem: 2671
      TTA Epoch: [17] [60/61]  eta: 0:00:00  entropy: 0.2771  uncertainty: 1.9556  uncertainty_coeffi: 0.0100  loss: 2.1214  lr: 0.000008  time: 0.0620  data: 0.0001  max mem: 2671
      TTA Epoch: [17] Total time: 0:00:04 (0.0693 s / it)
     Averaged stats: entropy: 0.2788  uncertainty: 2.1707  uncertainty_coeffi: 0.0100  loss: 2.3293  lr: 0.0000
     itm tta time 0:00:04
      TTA Epoch: [18] [ 0/61]  eta: 0:00:38  entropy: 0.2833  uncertainty: 1.8879  uncertainty_coeffi: 0.0100  loss: 2.0530  lr: 0.000008  time: 0.6379  data: 0.5260  max mem: 2671
      TTA Epoch: [18] [60/61]  eta: 0:00:00  entropy: 0.2871  uncertainty: 1.9007  uncertainty_coeffi: 0.0100  loss: 2.0703  lr: 0.000008  time: 0.0616  data: 0.0001  max mem: 2671
      TTA Epoch: [18] Total time: 0:00:04 (0.0719 s / it)
     Averaged stats: entropy: 0.2758  uncertainty: 2.1700  uncertainty_coeffi: 0.0100  loss: 2.3259  lr: 0.0000
     itm tta time 0:00:04
      TTA Epoch: [19] [ 0/61]  eta: 0:00:33  entropy: 0.3072  uncertainty: 2.0350  uncertainty_coeffi: 0.0100  loss: 2.1901  lr: 0.000008  time: 0.5438  data: 0.4298  max mem: 2671
      TTA Epoch: [19] [60/61]  eta: 0:00:00  entropy: 0.3127  uncertainty: 2.5358  uncertainty_coeffi: 0.0100  loss: 2.7096  lr: 0.000008  time: 0.0607  data: 0.0001  max mem: 2671
      TTA Epoch: [19] Total time: 0:00:04 (0.0694 s / it)
     Averaged stats: entropy: 0.2721  uncertainty: 2.1775  uncertainty_coeffi: 0.0100  loss: 2.3300  lr: 0.0000
     itm tta time 0:00:04
     Computing matching score
      Evaluation: [   0/1978]  eta: 0:02:20    time: 0.0711  data: 0.0038  max mem: 2671
      Evaluation: [ 100/1978]  eta: 0:02:07    time: 0.0679  data: 0.0000  max mem: 2671
      Evaluation: [ 200/1978]  eta: 0:02:00    time: 0.0678  data: 0.0000  max mem: 2671
      Evaluation: [ 300/1978]  eta: 0:01:53    time: 0.0678  data: 0.0000  max mem: 2671
      Evaluation: [ 400/1978]  eta: 0:01:47    time: 0.0678  data: 0.0000  max mem: 2671
      Evaluation: [ 500/1978]  eta: 0:01:40    time: 0.0679  data: 0.0000  max mem: 2671
      Evaluation: [ 600/1978]  eta: 0:01:33    time: 0.0678  data: 0.0000  max mem: 2671
      Evaluation: [ 700/1978]  eta: 0:01:26    time: 0.0678  data: 0.0000  max mem: 2671
      Evaluation: [ 800/1978]  eta: 0:01:19    time: 0.0680  data: 0.0000  max mem: 2671
      Evaluation: [ 900/1978]  eta: 0:01:13    time: 0.0679  data: 0.0000  max mem: 2671
      Evaluation: [1000/1978]  eta: 0:01:06    time: 0.0678  data: 0.0000  max mem: 2671
      Evaluation: [1100/1978]  eta: 0:00:59    time: 0.0679  data: 0.0000  max mem: 2671
      Evaluation: [1200/1978]  eta: 0:00:52    time: 0.0680  data: 0.0000  max mem: 2671
      Evaluation: [1300/1978]  eta: 0:00:46    time: 0.0679  data: 0.0000  max mem: 2671
      Evaluation: [1400/1978]  eta: 0:00:39    time: 0.0679  data: 0.0000  max mem: 2671
      Evaluation: [1500/1978]  eta: 0:00:32    time: 0.0680  data: 0.0000  max mem: 2671
      Evaluation: [1600/1978]  eta: 0:00:25    time: 0.0680  data: 0.0000  max mem: 2671
      Evaluation: [1700/1978]  eta: 0:00:18    time: 0.0679  data: 0.0000  max mem: 2671
      Evaluation: [1800/1978]  eta: 0:00:12    time: 0.0679  data: 0.0000  max mem: 2671
      Evaluation: [1900/1978]  eta: 0:00:05    time: 0.0681  data: 0.0000  max mem: 2671
      Evaluation: [1977/1978]  eta: 0:00:00    time: 0.0678  data: 0.0000  max mem: 2671
      Evaluation: Total time: 0:02:14 (0.0679 s / it)
     Computing matching score time 0:02:14
### TTA ITM Score: 
+-------------------+--------+--------+--------+--------+--------+
|       epoch       |   R1   |   R5   |  R10   |  mAP   |  mINP  |
+-------------------+--------+--------+--------+--------+--------+
|  cos_sim_wo/norm  | 58.544 | 91.860 | 95.703 | 73.596 | 73.596 |
|        -999       | 69.414 | 95.197 | 97.776 | 81.233 | 81.233 |
| itm_score_wo/norm | 84.328 | 98.989 | 99.494 | 91.293 | 91.293 |
|        -999       | 84.277 | 99.039 | 99.596 | 91.276 | 91.276 |
|         0         | 84.328 | 99.039 | 99.596 | 91.301 | 91.301 |
|         1         | 84.277 | 99.039 | 99.596 | 91.276 | 91.276 |
|         2         | 84.328 | 99.039 | 99.596 | 91.292 | 91.292 |
|         4         | 84.631 | 99.039 | 99.596 | 91.444 | 91.444 |
|         9         | 84.783 | 98.938 | 99.545 | 91.490 | 91.490 |
|         14        | 84.631 | 98.888 | 99.494 | 91.387 | 91.387 |
|         19        | 84.580 | 98.837 | 99.494 | 91.331 | 91.331 |
+-------------------+--------+--------+--------+--------+--------+
     logs:  {'epo': 19, 'R1': 84.58, 'R5': 98.837, 'R10': 99.494, 'mAP': 91.331, 'mINP': 91.331, 'entropy': 0.272064, 'uncertainty': 2.177548, 'uncertainty_coeffi': 0.01, 'loss': 2.33002, 'lr': 8e-06}
      TTA Epoch: [20] [ 0/61]  eta: 0:00:26  entropy: 0.2993  uncertainty: 2.0334  uncertainty_coeffi: 0.0100  loss: 2.1978  lr: 0.000008  time: 0.4307  data: 0.3561  max mem: 2671
      TTA Epoch: [20] [60/61]  eta: 0:00:00  entropy: 0.1809  uncertainty: 2.0914  uncertainty_coeffi: 0.0100  loss: 2.2020  lr: 0.000008  time: 0.0603  data: 0.0001  max mem: 2671
      TTA Epoch: [20] Total time: 0:00:04 (0.0670 s / it)
     Averaged stats: entropy: 0.2698  uncertainty: 2.1731  uncertainty_coeffi: 0.0100  loss: 2.3239  lr: 0.0000
     itm tta time 0:00:04
      TTA Epoch: [21] [ 0/61]  eta: 0:00:30  entropy: 0.3059  uncertainty: 2.1959  uncertainty_coeffi: 0.0100  loss: 2.3230  lr: 0.000008  time: 0.5046  data: 0.3950  max mem: 2671
      TTA Epoch: [21] [60/61]  eta: 0:00:00  entropy: 0.2414  uncertainty: 2.5320  uncertainty_coeffi: 0.0100  loss: 2.6904  lr: 0.000007  time: 0.0602  data: 0.0001  max mem: 2671
      TTA Epoch: [21] Total time: 0:00:04 (0.0685 s / it)
     Averaged stats: entropy: 0.2655  uncertainty: 2.1776  uncertainty_coeffi: 0.0100  loss: 2.3251  lr: 0.0000
     itm tta time 0:00:04
      TTA Epoch: [22] [ 0/61]  eta: 0:00:28  entropy: 0.3108  uncertainty: 1.5192  uncertainty_coeffi: 0.0100  loss: 1.7169  lr: 0.000007  time: 0.4668  data: 0.3874  max mem: 2671
      TTA Epoch: [22] [60/61]  eta: 0:00:00  entropy: 0.3717  uncertainty: 3.0235  uncertainty_coeffi: 0.0100  loss: 3.2110  lr: 0.000007  time: 0.0611  data: 0.0001  max mem: 2671
      TTA Epoch: [22] Total time: 0:00:04 (0.0686 s / it)
     Averaged stats: entropy: 0.2622  uncertainty: 2.1750  uncertainty_coeffi: 0.0100  loss: 2.3216  lr: 0.0000
     itm tta time 0:00:04
      TTA Epoch: [23] [ 0/61]  eta: 0:00:31  entropy: 0.2133  uncertainty: 1.4669  uncertainty_coeffi: 0.0100  loss: 1.6185  lr: 0.000007  time: 0.5213  data: 0.4155  max mem: 2671
      TTA Epoch: [23] [60/61]  eta: 0:00:00  entropy: 0.2917  uncertainty: 2.5243  uncertainty_coeffi: 0.0100  loss: 2.6366  lr: 0.000007  time: 0.0612  data: 0.0001  max mem: 2671
      TTA Epoch: [23] Total time: 0:00:04 (0.0697 s / it)
     Averaged stats: entropy: 0.2628  uncertainty: 2.1759  uncertainty_coeffi: 0.0100  loss: 2.3223  lr: 0.0000
     itm tta time 0:00:04
      TTA Epoch: [24] [ 0/61]  eta: 0:00:31  entropy: 0.1962  uncertainty: 2.3088  uncertainty_coeffi: 0.0100  loss: 2.4144  lr: 0.000007  time: 0.5223  data: 0.4137  max mem: 2671
      TTA Epoch: [24] [60/61]  eta: 0:00:00  entropy: 0.1910  uncertainty: 1.9749  uncertainty_coeffi: 0.0100  loss: 2.0755  lr: 0.000007  time: 0.0612  data: 0.0001  max mem: 2671
      TTA Epoch: [24] Total time: 0:00:04 (0.0698 s / it)
     Averaged stats: entropy: 0.2618  uncertainty: 2.1749  uncertainty_coeffi: 0.0100  loss: 2.3197  lr: 0.0000
     itm tta time 0:00:04
      TTA Epoch: [25] [ 0/61]  eta: 0:00:30  entropy: 0.1864  uncertainty: 1.9838  uncertainty_coeffi: 0.0100  loss: 2.1111  lr: 0.000007  time: 0.4963  data: 0.4038  max mem: 2671
      TTA Epoch: [25] [60/61]  eta: 0:00:00  entropy: 0.2653  uncertainty: 2.1692  uncertainty_coeffi: 0.0100  loss: 2.3251  lr: 0.000007  time: 0.0613  data: 0.0001  max mem: 2671
      TTA Epoch: [25] Total time: 0:00:04 (0.0696 s / it)
     Averaged stats: entropy: 0.2579  uncertainty: 2.1777  uncertainty_coeffi: 0.0100  loss: 2.3209  lr: 0.0000
     itm tta time 0:00:04
      TTA Epoch: [26] [ 0/61]  eta: 0:00:33  entropy: 0.2899  uncertainty: 1.9774  uncertainty_coeffi: 0.0100  loss: 2.1670  lr: 0.000007  time: 0.5570  data: 0.4443  max mem: 2671
      TTA Epoch: [26] [60/61]  eta: 0:00:00  entropy: 0.1985  uncertainty: 1.5129  uncertainty_coeffi: 0.0100  loss: 1.6379  lr: 0.000006  time: 0.0614  data: 0.0001  max mem: 2671
      TTA Epoch: [26] Total time: 0:00:04 (0.0708 s / it)
     Averaged stats: entropy: 0.2545  uncertainty: 2.1766  uncertainty_coeffi: 0.0100  loss: 2.3179  lr: 0.0000
     itm tta time 0:00:04
      TTA Epoch: [27] [ 0/61]  eta: 0:00:29  entropy: 0.3539  uncertainty: 2.3660  uncertainty_coeffi: 0.0100  loss: 2.5389  lr: 0.000006  time: 0.4770  data: 0.3861  max mem: 2671
      TTA Epoch: [27] [60/61]  eta: 0:00:00  entropy: 0.1845  uncertainty: 1.7437  uncertainty_coeffi: 0.0100  loss: 1.8504  lr: 0.000006  time: 0.0609  data: 0.0001  max mem: 2671
      TTA Epoch: [27] Total time: 0:00:04 (0.0687 s / it)
     Averaged stats: entropy: 0.2549  uncertainty: 2.1763  uncertainty_coeffi: 0.0100  loss: 2.3169  lr: 0.0000
     itm tta time 0:00:04
      TTA Epoch: [28] [ 0/61]  eta: 0:00:27  entropy: 0.3153  uncertainty: 2.1184  uncertainty_coeffi: 0.0100  loss: 2.2994  lr: 0.000006  time: 0.4480  data: 0.3428  max mem: 2671
      TTA Epoch: [28] [60/61]  eta: 0:00:00  entropy: 0.1831  uncertainty: 1.9710  uncertainty_coeffi: 0.0100  loss: 2.0743  lr: 0.000006  time: 0.0609  data: 0.0001  max mem: 2671
      TTA Epoch: [28] Total time: 0:00:04 (0.0678 s / it)
     Averaged stats: entropy: 0.2560  uncertainty: 2.1719  uncertainty_coeffi: 0.0100  loss: 2.3132  lr: 0.0000
     itm tta time 0:00:04
      TTA Epoch: [29] [ 0/61]  eta: 0:00:33  entropy: 0.2343  uncertainty: 1.9803  uncertainty_coeffi: 0.0100  loss: 2.1265  lr: 0.000006  time: 0.5473  data: 0.4313  max mem: 2671
      TTA Epoch: [29] [60/61]  eta: 0:00:00  entropy: 0.3679  uncertainty: 2.3838  uncertainty_coeffi: 0.0100  loss: 2.5805  lr: 0.000006  time: 0.0615  data: 0.0001  max mem: 2671
      TTA Epoch: [29] Total time: 0:00:04 (0.0707 s / it)
     Averaged stats: entropy: 0.2520  uncertainty: 2.1765  uncertainty_coeffi: 0.0100  loss: 2.3146  lr: 0.0000
     itm tta time 0:00:04
     Computing matching score
      Evaluation: [   0/1978]  eta: 0:02:26    time: 0.0741  data: 0.0062  max mem: 2671
      Evaluation: [ 100/1978]  eta: 0:02:08    time: 0.0678  data: 0.0000  max mem: 2671
      Evaluation: [ 200/1978]  eta: 0:02:00    time: 0.0676  data: 0.0000  max mem: 2671
      Evaluation: [ 300/1978]  eta: 0:01:53    time: 0.0678  data: 0.0000  max mem: 2671
      Evaluation: [ 400/1978]  eta: 0:01:47    time: 0.0677  data: 0.0000  max mem: 2671
      Evaluation: [ 500/1978]  eta: 0:01:40    time: 0.0676  data: 0.0000  max mem: 2671
      Evaluation: [ 600/1978]  eta: 0:01:33    time: 0.0677  data: 0.0000  max mem: 2671
      Evaluation: [ 700/1978]  eta: 0:01:26    time: 0.0677  data: 0.0000  max mem: 2671
      Evaluation: [ 800/1978]  eta: 0:01:19    time: 0.0677  data: 0.0000  max mem: 2671
      Evaluation: [ 900/1978]  eta: 0:01:13    time: 0.0677  data: 0.0000  max mem: 2671
      Evaluation: [1000/1978]  eta: 0:01:06    time: 0.0679  data: 0.0000  max mem: 2671
      Evaluation: [1100/1978]  eta: 0:00:59    time: 0.0677  data: 0.0000  max mem: 2671
      Evaluation: [1200/1978]  eta: 0:00:52    time: 0.0677  data: 0.0000  max mem: 2671
      Evaluation: [1300/1978]  eta: 0:00:45    time: 0.0677  data: 0.0000  max mem: 2671
      Evaluation: [1400/1978]  eta: 0:00:39    time: 0.0678  data: 0.0000  max mem: 2671
      Evaluation: [1500/1978]  eta: 0:00:32    time: 0.0677  data: 0.0000  max mem: 2671
      Evaluation: [1600/1978]  eta: 0:00:25    time: 0.0680  data: 0.0000  max mem: 2671
      Evaluation: [1700/1978]  eta: 0:00:18    time: 0.0679  data: 0.0000  max mem: 2671
      Evaluation: [1800/1978]  eta: 0:00:12    time: 0.0679  data: 0.0000  max mem: 2671
      Evaluation: [1900/1978]  eta: 0:00:05    time: 0.0677  data: 0.0000  max mem: 2671
      Evaluation: [1977/1978]  eta: 0:00:00    time: 0.0680  data: 0.0000  max mem: 2671
      Evaluation: Total time: 0:02:14 (0.0678 s / it)
     Computing matching score time 0:02:14
### TTA ITM Score: 
+-------------------+--------+--------+--------+--------+--------+
|       epoch       |   R1   |   R5   |  R10   |  mAP   |  mINP  |
+-------------------+--------+--------+--------+--------+--------+
|  cos_sim_wo/norm  | 58.544 | 91.860 | 95.703 | 73.596 | 73.596 |
|        -999       | 69.414 | 95.197 | 97.776 | 81.233 | 81.233 |
| itm_score_wo/norm | 84.328 | 98.989 | 99.494 | 91.293 | 91.293 |
|        -999       | 84.277 | 99.039 | 99.596 | 91.276 | 91.276 |
|         0         | 84.328 | 99.039 | 99.596 | 91.301 | 91.301 |
|         1         | 84.277 | 99.039 | 99.596 | 91.276 | 91.276 |
|         2         | 84.328 | 99.039 | 99.596 | 91.292 | 91.292 |
|         4         | 84.631 | 99.039 | 99.596 | 91.444 | 91.444 |
|         9         | 84.783 | 98.938 | 99.545 | 91.490 | 91.490 |
|         14        | 84.631 | 98.888 | 99.494 | 91.387 | 91.387 |
|         19        | 84.580 | 98.837 | 99.494 | 91.331 | 91.331 |
|         29        | 84.681 | 98.787 | 99.494 | 91.363 | 91.363 |
+-------------------+--------+--------+--------+--------+--------+
     logs:  {'epo': 29, 'R1': 84.681, 'R5': 98.787, 'R10': 99.494, 'mAP': 91.363, 'mINP': 91.363, 'entropy': 0.252046, 'uncertainty': 2.176487, 'uncertainty_coeffi': 0.01, 'loss': 2.314556, 'lr': 6e-06}
      TTA Epoch: [30] [ 0/61]  eta: 0:00:27  entropy: 0.2486  uncertainty: 2.3637  uncertainty_coeffi: 0.0100  loss: 2.4911  lr: 0.000006  time: 0.4559  data: 0.3652  max mem: 2671
      TTA Epoch: [30] [60/61]  eta: 0:00:00  entropy: 0.2388  uncertainty: 2.4159  uncertainty_coeffi: 0.0100  loss: 2.5230  lr: 0.000006  time: 0.0616  data: 0.0001  max mem: 2671
      TTA Epoch: [30] Total time: 0:00:04 (0.0688 s / it)
     Averaged stats: entropy: 0.2496  uncertainty: 2.1745  uncertainty_coeffi: 0.0100  loss: 2.3113  lr: 0.0000
     itm tta time 0:00:04
      TTA Epoch: [31] [ 0/61]  eta: 0:00:38  entropy: 0.2033  uncertainty: 1.7443  uncertainty_coeffi: 0.0100  loss: 1.8842  lr: 0.000006  time: 0.6322  data: 0.5371  max mem: 2671
      TTA Epoch: [31] [60/61]  eta: 0:00:00  entropy: 0.2330  uncertainty: 2.3321  uncertainty_coeffi: 0.0100  loss: 2.4588  lr: 0.000005  time: 0.0609  data: 0.0001  max mem: 2671
      TTA Epoch: [31] Total time: 0:00:04 (0.0716 s / it)
     Averaged stats: entropy: 0.2480  uncertainty: 2.1780  uncertainty_coeffi: 0.0100  loss: 2.3142  lr: 0.0000
     itm tta time 0:00:04
      TTA Epoch: [32] [ 0/61]  eta: 0:00:34  entropy: 0.1918  uncertainty: 2.3566  uncertainty_coeffi: 0.0100  loss: 2.4362  lr: 0.000005  time: 0.5736  data: 0.4580  max mem: 2671
      TTA Epoch: [32] [60/61]  eta: 0:00:00  entropy: 0.2739  uncertainty: 2.5684  uncertainty_coeffi: 0.0100  loss: 2.6877  lr: 0.000003  time: 0.0617  data: 0.0001  max mem: 2671
      TTA Epoch: [32] Total time: 0:00:04 (0.0709 s / it)
     Averaged stats: entropy: 0.2454  uncertainty: 2.1754  uncertainty_coeffi: 0.0100  loss: 2.3089  lr: 0.0000
     itm tta time 0:00:04
      TTA Epoch: [33] [ 0/61]  eta: 0:00:25  entropy: 0.1786  uncertainty: 1.8836  uncertainty_coeffi: 0.0100  loss: 2.0092  lr: 0.000003  time: 0.4104  data: 0.3088  max mem: 2671
      TTA Epoch: [33] [60/61]  eta: 0:00:00  entropy: 0.2935  uncertainty: 2.2616  uncertainty_coeffi: 0.0100  loss: 2.4112  lr: 0.000003  time: 0.0618  data: 0.0001  max mem: 2671
      TTA Epoch: [33] Total time: 0:00:04 (0.0683 s / it)
     Averaged stats: entropy: 0.2475  uncertainty: 2.1786  uncertainty_coeffi: 0.0100  loss: 2.3146  lr: 0.0000
     itm tta time 0:00:04
      TTA Epoch: [34] [ 0/61]  eta: 0:00:39  entropy: 0.1541  uncertainty: 1.8168  uncertainty_coeffi: 0.0100  loss: 1.9096  lr: 0.000003  time: 0.6525  data: 0.5368  max mem: 2671
      TTA Epoch: [34] [60/61]  eta: 0:00:00  entropy: 0.1456  uncertainty: 2.0517  uncertainty_coeffi: 0.0100  loss: 2.1253  lr: 0.000002  time: 0.0617  data: 0.0001  max mem: 2671
      TTA Epoch: [34] Total time: 0:00:04 (0.0725 s / it)
     Averaged stats: entropy: 0.2453  uncertainty: 2.1760  uncertainty_coeffi: 0.0100  loss: 2.3090  lr: 0.0000
     itm tta time 0:00:04
      TTA Epoch: [35] [ 0/61]  eta: 0:00:39  entropy: 0.2227  uncertainty: 2.4003  uncertainty_coeffi: 0.0100  loss: 2.5216  lr: 0.000002  time: 0.6407  data: 0.5243  max mem: 2671
      TTA Epoch: [35] [60/61]  eta: 0:00:00  entropy: 0.1995  uncertainty: 2.4604  uncertainty_coeffi: 0.0100  loss: 2.5499  lr: 0.000002  time: 0.0620  data: 0.0001  max mem: 2671
      TTA Epoch: [35] Total time: 0:00:04 (0.0724 s / it)
     Averaged stats: entropy: 0.2473  uncertainty: 2.1764  uncertainty_coeffi: 0.0100  loss: 2.3125  lr: 0.0000
     itm tta time 0:00:04
      TTA Epoch: [36] [ 0/61]  eta: 0:00:38  entropy: 0.2512  uncertainty: 2.7663  uncertainty_coeffi: 0.0100  loss: 2.8908  lr: 0.000002  time: 0.6291  data: 0.5102  max mem: 2671
      TTA Epoch: [36] [60/61]  eta: 0:00:00  entropy: 0.2172  uncertainty: 2.1818  uncertainty_coeffi: 0.0100  loss: 2.2961  lr: 0.000002  time: 0.0620  data: 0.0001  max mem: 2671
      TTA Epoch: [36] Total time: 0:00:04 (0.0722 s / it)
     Averaged stats: entropy: 0.2425  uncertainty: 2.1760  uncertainty_coeffi: 0.0100  loss: 2.3087  lr: 0.0000
     itm tta time 0:00:04
      TTA Epoch: [37] [ 0/61]  eta: 0:00:39  entropy: 0.2633  uncertainty: 1.7350  uncertainty_coeffi: 0.0100  loss: 1.9029  lr: 0.000002  time: 0.6441  data: 0.5266  max mem: 2671
      TTA Epoch: [37] [60/61]  eta: 0:00:00  entropy: 0.2802  uncertainty: 2.3759  uncertainty_coeffi: 0.0100  loss: 2.5270  lr: 0.000002  time: 0.0619  data: 0.0001  max mem: 2671
      TTA Epoch: [37] Total time: 0:00:04 (0.0724 s / it)
     Averaged stats: entropy: 0.2452  uncertainty: 2.1743  uncertainty_coeffi: 0.0100  loss: 2.3081  lr: 0.0000
     itm tta time 0:00:04
      TTA Epoch: [38] [ 0/61]  eta: 0:00:33  entropy: 0.2950  uncertainty: 2.5516  uncertainty_coeffi: 0.0100  loss: 2.6841  lr: 0.000002  time: 0.5459  data: 0.4311  max mem: 2671
      TTA Epoch: [38] [60/61]  eta: 0:00:00  entropy: 0.2171  uncertainty: 2.2862  uncertainty_coeffi: 0.0100  loss: 2.3972  lr: 0.000002  time: 0.0619  data: 0.0001  max mem: 2671
      TTA Epoch: [38] Total time: 0:00:04 (0.0708 s / it)
     Averaged stats: entropy: 0.2455  uncertainty: 2.1727  uncertainty_coeffi: 0.0100  loss: 2.3074  lr: 0.0000
     itm tta time 0:00:04
      TTA Epoch: [39] [ 0/61]  eta: 0:00:36  entropy: 0.3067  uncertainty: 2.5469  uncertainty_coeffi: 0.0100  loss: 2.6836  lr: 0.000002  time: 0.5912  data: 0.4744  max mem: 2671
      TTA Epoch: [39] [60/61]  eta: 0:00:00  entropy: 0.3255  uncertainty: 2.3753  uncertainty_coeffi: 0.0100  loss: 2.5086  lr: 0.000002  time: 0.0621  data: 0.0001  max mem: 2671
      TTA Epoch: [39] Total time: 0:00:04 (0.0715 s / it)
     Averaged stats: entropy: 0.2433  uncertainty: 2.1778  uncertainty_coeffi: 0.0100  loss: 2.3102  lr: 0.0000
     itm tta time 0:00:04
     Computing matching score
      Evaluation: [   0/1978]  eta: 0:02:30    time: 0.0759  data: 0.0054  max mem: 2671
      Evaluation: [ 100/1978]  eta: 0:02:10    time: 0.0688  data: 0.0000  max mem: 2671
      Evaluation: [ 200/1978]  eta: 0:02:02    time: 0.0688  data: 0.0000  max mem: 2671
      Evaluation: [ 300/1978]  eta: 0:01:55    time: 0.0688  data: 0.0000  max mem: 2671
      Evaluation: [ 400/1978]  eta: 0:01:48    time: 0.0687  data: 0.0000  max mem: 2671
      Evaluation: [ 500/1978]  eta: 0:01:41    time: 0.0686  data: 0.0000  max mem: 2671
      Evaluation: [ 600/1978]  eta: 0:01:34    time: 0.0686  data: 0.0000  max mem: 2671
      Evaluation: [ 700/1978]  eta: 0:01:27    time: 0.0686  data: 0.0000  max mem: 2671
      Evaluation: [ 800/1978]  eta: 0:01:21    time: 0.0687  data: 0.0000  max mem: 2671
      Evaluation: [ 900/1978]  eta: 0:01:14    time: 0.0688  data: 0.0000  max mem: 2671
      Evaluation: [1000/1978]  eta: 0:01:07    time: 0.0687  data: 0.0000  max mem: 2671
      Evaluation: [1100/1978]  eta: 0:01:00    time: 0.0686  data: 0.0000  max mem: 2671
      Evaluation: [1200/1978]  eta: 0:00:53    time: 0.0687  data: 0.0000  max mem: 2671
      Evaluation: [1300/1978]  eta: 0:00:46    time: 0.0684  data: 0.0000  max mem: 2671
      Evaluation: [1400/1978]  eta: 0:00:39    time: 0.0684  data: 0.0000  max mem: 2671
      Evaluation: [1500/1978]  eta: 0:00:32    time: 0.0685  data: 0.0000  max mem: 2671
      Evaluation: [1600/1978]  eta: 0:00:25    time: 0.0684  data: 0.0000  max mem: 2671
      Evaluation: [1700/1978]  eta: 0:00:19    time: 0.0690  data: 0.0000  max mem: 2671
      Evaluation: [1800/1978]  eta: 0:00:12    time: 0.0683  data: 0.0000  max mem: 2671
      Evaluation: [1900/1978]  eta: 0:00:05    time: 0.0683  data: 0.0000  max mem: 2671
      Evaluation: [1977/1978]  eta: 0:00:00    time: 0.0684  data: 0.0000  max mem: 2671
      Evaluation: Total time: 0:02:15 (0.0687 s / it)
     Computing matching score time 0:02:16
### TTA ITM Score: 
+-------------------+--------+--------+--------+--------+--------+
|       epoch       |   R1   |   R5   |  R10   |  mAP   |  mINP  |
+-------------------+--------+--------+--------+--------+--------+
|  cos_sim_wo/norm  | 58.544 | 91.860 | 95.703 | 73.596 | 73.596 |
|        -999       | 69.414 | 95.197 | 97.776 | 81.233 | 81.233 |
| itm_score_wo/norm | 84.328 | 98.989 | 99.494 | 91.293 | 91.293 |
|        -999       | 84.277 | 99.039 | 99.596 | 91.276 | 91.276 |
|         0         | 84.328 | 99.039 | 99.596 | 91.301 | 91.301 |
|         1         | 84.277 | 99.039 | 99.596 | 91.276 | 91.276 |
|         2         | 84.328 | 99.039 | 99.596 | 91.292 | 91.292 |
|         4         | 84.631 | 99.039 | 99.596 | 91.444 | 91.444 |
|         9         | 84.783 | 98.938 | 99.545 | 91.490 | 91.490 |
|         14        | 84.631 | 98.888 | 99.494 | 91.387 | 91.387 |
|         19        | 84.580 | 98.837 | 99.494 | 91.331 | 91.331 |
|         29        | 84.681 | 98.787 | 99.494 | 91.363 | 91.363 |
|         39        | 84.681 | 98.736 | 99.393 | 91.351 | 91.351 |
+-------------------+--------+--------+--------+--------+--------+
     logs:  {'epo': 39, 'R1': 84.681, 'R5': 98.736, 'R10': 99.393, 'mAP': 91.351, 'mINP': 91.351, 'entropy': 0.243323, 'uncertainty': 2.177763, 'uncertainty_coeffi': 0.01, 'loss': 2.31019, 'lr': 2e-06}
      TTA Epoch: [40] [ 0/61]  eta: 0:00:26  entropy: 0.3387  uncertainty: 2.4062  uncertainty_coeffi: 0.0100  loss: 2.5578  lr: 0.000002  time: 0.4308  data: 0.3504  max mem: 2671
      TTA Epoch: [40] [60/61]  eta: 0:00:00  entropy: 0.2318  uncertainty: 2.1862  uncertainty_coeffi: 0.0100  loss: 2.2957  lr: 0.000002  time: 0.0606  data: 0.0001  max mem: 2671
      TTA Epoch: [40] Total time: 0:00:04 (0.0674 s / it)
     Averaged stats: entropy: 0.2438  uncertainty: 2.1757  uncertainty_coeffi: 0.0100  loss: 2.3085  lr: 0.0000
     itm tta time 0:00:04
      TTA Epoch: [41] [ 0/61]  eta: 0:00:26  entropy: 0.3171  uncertainty: 2.5004  uncertainty_coeffi: 0.0100  loss: 2.6944  lr: 0.000002  time: 0.4366  data: 0.3517  max mem: 2671
      TTA Epoch: [41] [60/61]  eta: 0:00:00  entropy: 0.2652  uncertainty: 2.2878  uncertainty_coeffi: 0.0100  loss: 2.3906  lr: 0.000002  time: 0.0602  data: 0.0001  max mem: 2671
      TTA Epoch: [41] Total time: 0:00:04 (0.0672 s / it)
     Averaged stats: entropy: 0.2374  uncertainty: 2.1779  uncertainty_coeffi: 0.0100  loss: 2.3074  lr: 0.0000
     itm tta time 0:00:04
      TTA Epoch: [42] [ 0/61]  eta: 0:00:26  entropy: 0.2126  uncertainty: 2.1768  uncertainty_coeffi: 0.0100  loss: 2.2625  lr: 0.000002  time: 0.4367  data: 0.3605  max mem: 2671
      TTA Epoch: [42] [60/61]  eta: 0:00:00  entropy: 0.1690  uncertainty: 2.2876  uncertainty_coeffi: 0.0100  loss: 2.3637  lr: 0.000002  time: 0.0609  data: 0.0001  max mem: 2671
      TTA Epoch: [42] Total time: 0:00:04 (0.0683 s / it)
     Averaged stats: entropy: 0.2381  uncertainty: 2.1768  uncertainty_coeffi: 0.0100  loss: 2.3049  lr: 0.0000
     itm tta time 0:00:04
      TTA Epoch: [43] [ 0/61]  eta: 0:00:30  entropy: 0.2050  uncertainty: 2.2097  uncertainty_coeffi: 0.0100  loss: 2.3253  lr: 0.000002  time: 0.4928  data: 0.3867  max mem: 2671
      TTA Epoch: [43] [60/61]  eta: 0:00:00  entropy: 0.2858  uncertainty: 1.9364  uncertainty_coeffi: 0.0100  loss: 2.1113  lr: 0.000002  time: 0.0608  data: 0.0001  max mem: 2671
      TTA Epoch: [43] Total time: 0:00:04 (0.0692 s / it)
     Averaged stats: entropy: 0.2411  uncertainty: 2.1783  uncertainty_coeffi: 0.0100  loss: 2.3101  lr: 0.0000
     itm tta time 0:00:04
      TTA Epoch: [44] [ 0/61]  eta: 0:00:31  entropy: 0.2141  uncertainty: 1.9703  uncertainty_coeffi: 0.0100  loss: 2.0782  lr: 0.000002  time: 0.5230  data: 0.4190  max mem: 2671
      TTA Epoch: [44] [60/61]  eta: 0:00:00  entropy: 0.2963  uncertainty: 2.2861  uncertainty_coeffi: 0.0100  loss: 2.4602  lr: 0.000002  time: 0.0610  data: 0.0001  max mem: 2671
      TTA Epoch: [44] Total time: 0:00:04 (0.0698 s / it)
     Averaged stats: entropy: 0.2430  uncertainty: 2.1773  uncertainty_coeffi: 0.0100  loss: 2.3089  lr: 0.0000
     itm tta time 0:00:04
      TTA Epoch: [45] [ 0/61]  eta: 0:00:29  entropy: 0.1559  uncertainty: 1.5789  uncertainty_coeffi: 0.0100  loss: 1.6929  lr: 0.000002  time: 0.4884  data: 0.3944  max mem: 2671
      TTA Epoch: [45] [60/61]  eta: 0:00:00  entropy: 0.2170  uncertainty: 2.2744  uncertainty_coeffi: 0.0100  loss: 2.3907  lr: 0.000001  time: 0.0609  data: 0.0001  max mem: 2671
      TTA Epoch: [45] Total time: 0:00:04 (0.0692 s / it)
     Averaged stats: entropy: 0.2392  uncertainty: 2.1773  uncertainty_coeffi: 0.0100  loss: 2.3079  lr: 0.0000
     itm tta time 0:00:04
      TTA Epoch: [46] [ 0/61]  eta: 0:00:26  entropy: 0.2283  uncertainty: 2.3224  uncertainty_coeffi: 0.0100  loss: 2.4320  lr: 0.000001  time: 0.4300  data: 0.3495  max mem: 2671
      TTA Epoch: [46] [60/61]  eta: 0:00:00  entropy: 0.2943  uncertainty: 1.6787  uncertainty_coeffi: 0.0100  loss: 1.8642  lr: 0.000001  time: 0.0610  data: 0.0001  max mem: 2671
      TTA Epoch: [46] Total time: 0:00:04 (0.0681 s / it)
     Averaged stats: entropy: 0.2411  uncertainty: 2.1780  uncertainty_coeffi: 0.0100  loss: 2.3089  lr: 0.0000
     itm tta time 0:00:04
      TTA Epoch: [47] [ 0/61]  eta: 0:00:29  entropy: 0.2339  uncertainty: 2.4616  uncertainty_coeffi: 0.0100  loss: 2.5965  lr: 0.000001  time: 0.4819  data: 0.3850  max mem: 2671
      TTA Epoch: [47] [60/61]  eta: 0:00:00  entropy: 0.2446  uncertainty: 1.9465  uncertainty_coeffi: 0.0100  loss: 2.1039  lr: 0.000001  time: 0.0612  data: 0.0001  max mem: 2671
      TTA Epoch: [47] Total time: 0:00:04 (0.0689 s / it)
     Averaged stats: entropy: 0.2428  uncertainty: 2.1754  uncertainty_coeffi: 0.0100  loss: 2.3081  lr: 0.0000
     itm tta time 0:00:04
      TTA Epoch: [48] [ 0/61]  eta: 0:00:30  entropy: 0.1872  uncertainty: 1.8755  uncertainty_coeffi: 0.0100  loss: 1.9880  lr: 0.000001  time: 0.4943  data: 0.3782  max mem: 2671
      TTA Epoch: [48] [60/61]  eta: 0:00:00  entropy: 0.3316  uncertainty: 2.5304  uncertainty_coeffi: 0.0100  loss: 2.7032  lr: 0.000001  time: 0.0609  data: 0.0001  max mem: 2671
      TTA Epoch: [48] Total time: 0:00:04 (0.0693 s / it)
     Averaged stats: entropy: 0.2398  uncertainty: 2.1712  uncertainty_coeffi: 0.0100  loss: 2.3020  lr: 0.0000
     itm tta time 0:00:04
      TTA Epoch: [49] [ 0/61]  eta: 0:00:33  entropy: 0.2820  uncertainty: 2.4245  uncertainty_coeffi: 0.0100  loss: 2.5733  lr: 0.000001  time: 0.5560  data: 0.4526  max mem: 2671
      TTA Epoch: [49] [60/61]  eta: 0:00:00  entropy: 0.2867  uncertainty: 2.2230  uncertainty_coeffi: 0.0100  loss: 2.3815  lr: 0.000001  time: 0.0609  data: 0.0001  max mem: 2671
      TTA Epoch: [49] Total time: 0:00:04 (0.0701 s / it)
     Averaged stats: entropy: 0.2425  uncertainty: 2.1701  uncertainty_coeffi: 0.0100  loss: 2.3009  lr: 0.0000
     itm tta time 0:00:04
     Computing matching score
      Evaluation: [   0/1978]  eta: 0:02:25    time: 0.0736  data: 0.0057  max mem: 2671
      Evaluation: [ 100/1978]  eta: 0:02:09    time: 0.0704  data: 0.0000  max mem: 2671
      Evaluation: [ 200/1978]  eta: 0:02:02    time: 0.0678  data: 0.0000  max mem: 2671
      Evaluation: [ 300/1978]  eta: 0:01:54    time: 0.0678  data: 0.0000  max mem: 2671
      Evaluation: [ 400/1978]  eta: 0:01:47    time: 0.0678  data: 0.0000  max mem: 2671
      Evaluation: [ 500/1978]  eta: 0:01:40    time: 0.0679  data: 0.0000  max mem: 2671
      Evaluation: [ 600/1978]  eta: 0:01:33    time: 0.0677  data: 0.0000  max mem: 2671
      Evaluation: [ 700/1978]  eta: 0:01:27    time: 0.0696  data: 0.0000  max mem: 2671
      Evaluation: [ 800/1978]  eta: 0:01:20    time: 0.0697  data: 0.0000  max mem: 2671
      Evaluation: [ 900/1978]  eta: 0:01:14    time: 0.0696  data: 0.0000  max mem: 2671
      Evaluation: [1000/1978]  eta: 0:01:07    time: 0.0696  data: 0.0000  max mem: 2671
      Evaluation: [1100/1978]  eta: 0:01:00    time: 0.0696  data: 0.0000  max mem: 2671
      Evaluation: [1200/1978]  eta: 0:00:53    time: 0.0697  data: 0.0000  max mem: 2671
      Evaluation: [1300/1978]  eta: 0:00:46    time: 0.0696  data: 0.0000  max mem: 2671
      Evaluation: [1400/1978]  eta: 0:00:39    time: 0.0696  data: 0.0000  max mem: 2671
      Evaluation: [1500/1978]  eta: 0:00:33    time: 0.0696  data: 0.0000  max mem: 2671
      Evaluation: [1600/1978]  eta: 0:00:26    time: 0.0696  data: 0.0000  max mem: 2671
      Evaluation: [1700/1978]  eta: 0:00:19    time: 0.0696  data: 0.0000  max mem: 2671
      Evaluation: [1800/1978]  eta: 0:00:12    time: 0.0696  data: 0.0000  max mem: 2671
      Evaluation: [1900/1978]  eta: 0:00:05    time: 0.0696  data: 0.0000  max mem: 2671
      Evaluation: [1977/1978]  eta: 0:00:00    time: 0.0697  data: 0.0000  max mem: 2671
      Evaluation: Total time: 0:02:16 (0.0692 s / it)
     Computing matching score time 0:02:17
### TTA ITM Score: 
+-------------------+--------+--------+--------+--------+--------+
|       epoch       |   R1   |   R5   |  R10   |  mAP   |  mINP  |
+-------------------+--------+--------+--------+--------+--------+
|  cos_sim_wo/norm  | 58.544 | 91.860 | 95.703 | 73.596 | 73.596 |
|        -999       | 69.414 | 95.197 | 97.776 | 81.233 | 81.233 |
| itm_score_wo/norm | 84.328 | 98.989 | 99.494 | 91.293 | 91.293 |
|        -999       | 84.277 | 99.039 | 99.596 | 91.276 | 91.276 |
|         0         | 84.328 | 99.039 | 99.596 | 91.301 | 91.301 |
|         1         | 84.277 | 99.039 | 99.596 | 91.276 | 91.276 |
|         2         | 84.328 | 99.039 | 99.596 | 91.292 | 91.292 |
|         4         | 84.631 | 99.039 | 99.596 | 91.444 | 91.444 |
|         9         | 84.783 | 98.938 | 99.545 | 91.490 | 91.490 |
|         14        | 84.631 | 98.888 | 99.494 | 91.387 | 91.387 |
|         19        | 84.580 | 98.837 | 99.494 | 91.331 | 91.331 |
|         29        | 84.681 | 98.787 | 99.494 | 91.363 | 91.363 |
|         39        | 84.681 | 98.736 | 99.393 | 91.351 | 91.351 |
|         49        | 84.732 | 98.736 | 99.343 | 91.374 | 91.374 |
+-------------------+--------+--------+--------+--------+--------+
     logs:  {'epo': 49, 'R1': 84.732, 'R5': 98.736, 'R10': 99.343, 'mAP': 91.374, 'mINP': 91.374, 'entropy': 0.242512, 'uncertainty': 2.170085, 'uncertainty_coeffi': 0.01, 'loss': 2.30088, 'lr': 1e-06}
      TTA Epoch: [50] [ 0/61]  eta: 0:00:26  entropy: 0.2690  uncertainty: 1.8125  uncertainty_coeffi: 0.0100  loss: 1.9764  lr: 0.000001  time: 0.4335  data: 0.3615  max mem: 2671
      TTA Epoch: [50] [60/61]  eta: 0:00:00  entropy: 0.1542  uncertainty: 1.7858  uncertainty_coeffi: 0.0100  loss: 1.8775  lr: 0.000001  time: 0.0609  data: 0.0001  max mem: 2671
      TTA Epoch: [50] Total time: 0:00:04 (0.0675 s / it)
     Averaged stats: entropy: 0.2388  uncertainty: 2.1777  uncertainty_coeffi: 0.0100  loss: 2.3079  lr: 0.0000
     itm tta time 0:00:04
      TTA Epoch: [51] [ 0/61]  eta: 0:00:37  entropy: 0.2836  uncertainty: 2.2612  uncertainty_coeffi: 0.0100  loss: 2.4047  lr: 0.000001  time: 0.6127  data: 0.4959  max mem: 2671
      TTA Epoch: [51] [60/61]  eta: 0:00:00  entropy: 0.2150  uncertainty: 2.5834  uncertainty_coeffi: 0.0100  loss: 2.7107  lr: 0.000001  time: 0.0609  data: 0.0001  max mem: 2671
      TTA Epoch: [51] Total time: 0:00:04 (0.0706 s / it)
     Averaged stats: entropy: 0.2400  uncertainty: 2.1732  uncertainty_coeffi: 0.0100  loss: 2.3026  lr: 0.0000
     itm tta time 0:00:04
      TTA Epoch: [52] [ 0/61]  eta: 0:00:37  entropy: 0.2933  uncertainty: 1.9578  uncertainty_coeffi: 0.0100  loss: 2.1412  lr: 0.000001  time: 0.6114  data: 0.4988  max mem: 2671
      TTA Epoch: [52] [60/61]  eta: 0:00:00  entropy: 0.2214  uncertainty: 1.7655  uncertainty_coeffi: 0.0100  loss: 1.8872  lr: 0.000001  time: 0.0616  data: 0.0001  max mem: 2671
      TTA Epoch: [52] Total time: 0:00:04 (0.0713 s / it)
     Averaged stats: entropy: 0.2397  uncertainty: 2.1785  uncertainty_coeffi: 0.0100  loss: 2.3085  lr: 0.0000
     itm tta time 0:00:04
      TTA Epoch: [53] [ 0/61]  eta: 0:00:29  entropy: 0.3008  uncertainty: 1.7908  uncertainty_coeffi: 0.0100  loss: 1.9504  lr: 0.000001  time: 0.4779  data: 0.3801  max mem: 2671
      TTA Epoch: [53] [60/61]  eta: 0:00:00  entropy: 0.2775  uncertainty: 2.3199  uncertainty_coeffi: 0.0100  loss: 2.4727  lr: 0.000001  time: 0.0611  data: 0.0001  max mem: 2671
      TTA Epoch: [53] Total time: 0:00:04 (0.0691 s / it)
     Averaged stats: entropy: 0.2422  uncertainty: 2.1781  uncertainty_coeffi: 0.0100  loss: 2.3099  lr: 0.0000
     itm tta time 0:00:04
      TTA Epoch: [54] [ 0/61]  eta: 0:00:27  entropy: 0.2532  uncertainty: 2.2735  uncertainty_coeffi: 0.0100  loss: 2.4138  lr: 0.000001  time: 0.4516  data: 0.3587  max mem: 2671
      TTA Epoch: [54] [60/61]  eta: 0:00:00  entropy: 0.1558  uncertainty: 1.9320  uncertainty_coeffi: 0.0100  loss: 2.0288  lr: 0.000001  time: 0.0602  data: 0.0001  max mem: 2671
      TTA Epoch: [54] Total time: 0:00:04 (0.0673 s / it)
     Averaged stats: entropy: 0.2360  uncertainty: 2.1707  uncertainty_coeffi: 0.0100  loss: 2.2987  lr: 0.0000
     itm tta time 0:00:04
      TTA Epoch: [55] [ 0/61]  eta: 0:00:26  entropy: 0.1610  uncertainty: 1.9194  uncertainty_coeffi: 0.0100  loss: 2.0345  lr: 0.000001  time: 0.4274  data: 0.3523  max mem: 2671
      TTA Epoch: [55] [60/61]  eta: 0:00:00  entropy: 0.2046  uncertainty: 2.0887  uncertainty_coeffi: 0.0100  loss: 2.1989  lr: 0.000000  time: 0.0601  data: 0.0001  max mem: 2671
      TTA Epoch: [55] Total time: 0:00:04 (0.0670 s / it)
     Averaged stats: entropy: 0.2427  uncertainty: 2.1765  uncertainty_coeffi: 0.0100  loss: 2.3085  lr: 0.0000
     itm tta time 0:00:04
      TTA Epoch: [56] [ 0/61]  eta: 0:00:30  entropy: 0.1928  uncertainty: 2.5826  uncertainty_coeffi: 0.0100  loss: 2.6668  lr: 0.000000  time: 0.5068  data: 0.4028  max mem: 2671
      TTA Epoch: [56] [60/61]  eta: 0:00:00  entropy: 0.3166  uncertainty: 2.6474  uncertainty_coeffi: 0.0100  loss: 2.8183  lr: 0.000000  time: 0.0602  data: 0.0001  max mem: 2671
      TTA Epoch: [56] Total time: 0:00:04 (0.0686 s / it)
     Averaged stats: entropy: 0.2370  uncertainty: 2.1724  uncertainty_coeffi: 0.0100  loss: 2.3015  lr: 0.0000
     itm tta time 0:00:04
      TTA Epoch: [57] [ 0/61]  eta: 0:00:30  entropy: 0.3243  uncertainty: 2.0918  uncertainty_coeffi: 0.0100  loss: 2.2704  lr: 0.000000  time: 0.4965  data: 0.3903  max mem: 2671
      TTA Epoch: [57] [60/61]  eta: 0:00:00  entropy: 0.3153  uncertainty: 2.7939  uncertainty_coeffi: 0.0100  loss: 2.9627  lr: 0.000000  time: 0.0599  data: 0.0001  max mem: 2671
      TTA Epoch: [57] Total time: 0:00:04 (0.0682 s / it)
     Averaged stats: entropy: 0.2439  uncertainty: 2.1764  uncertainty_coeffi: 0.0100  loss: 2.3089  lr: 0.0000
     itm tta time 0:00:04
      TTA Epoch: [58] [ 0/61]  eta: 0:00:24  entropy: 0.1191  uncertainty: 1.6667  uncertainty_coeffi: 0.0100  loss: 1.7350  lr: 0.000000  time: 0.4041  data: 0.3149  max mem: 2671
      TTA Epoch: [58] [60/61]  eta: 0:00:00  entropy: 0.1638  uncertainty: 2.2929  uncertainty_coeffi: 0.0100  loss: 2.3760  lr: 0.000000  time: 0.0606  data: 0.0001  max mem: 2671
      TTA Epoch: [58] Total time: 0:00:04 (0.0677 s / it)
     Averaged stats: entropy: 0.2399  uncertainty: 2.1730  uncertainty_coeffi: 0.0100  loss: 2.3031  lr: 0.0000
     itm tta time 0:00:04
      TTA Epoch: [59] [ 0/61]  eta: 0:00:29  entropy: 0.2828  uncertainty: 2.2675  uncertainty_coeffi: 0.0100  loss: 2.4141  lr: 0.000000  time: 0.4779  data: 0.3861  max mem: 2671
      TTA Epoch: [59] [60/61]  eta: 0:00:00  entropy: 0.1756  uncertainty: 2.3013  uncertainty_coeffi: 0.0100  loss: 2.3861  lr: 0.000000  time: 0.0610  data: 0.0001  max mem: 2671
      TTA Epoch: [59] Total time: 0:00:04 (0.0687 s / it)
     Averaged stats: entropy: 0.2424  uncertainty: 2.1752  uncertainty_coeffi: 0.0100  loss: 2.3066  lr: 0.0000
     itm tta time 0:00:04
     Computing matching score
      Evaluation: [   0/1978]  eta: 0:02:27    time: 0.0744  data: 0.0031  max mem: 2671
      Evaluation: [ 100/1978]  eta: 0:02:10    time: 0.0701  data: 0.0000  max mem: 2671
      Evaluation: [ 200/1978]  eta: 0:02:03    time: 0.0688  data: 0.0000  max mem: 2671
      Evaluation: [ 300/1978]  eta: 0:01:55    time: 0.0688  data: 0.0000  max mem: 2671
      Evaluation: [ 400/1978]  eta: 0:01:48    time: 0.0688  data: 0.0000  max mem: 2671
      Evaluation: [ 500/1978]  eta: 0:01:41    time: 0.0688  data: 0.0000  max mem: 2671
      Evaluation: [ 600/1978]  eta: 0:01:35    time: 0.0688  data: 0.0000  max mem: 2671
      Evaluation: [ 700/1978]  eta: 0:01:28    time: 0.0688  data: 0.0000  max mem: 2671
      Evaluation: [ 800/1978]  eta: 0:01:21    time: 0.0689  data: 0.0000  max mem: 2671
      Evaluation: [ 900/1978]  eta: 0:01:14    time: 0.0692  data: 0.0000  max mem: 2671
      Evaluation: [1000/1978]  eta: 0:01:07    time: 0.0686  data: 0.0000  max mem: 2671
      Evaluation: [1100/1978]  eta: 0:01:00    time: 0.0680  data: 0.0000  max mem: 2671
      Evaluation: [1200/1978]  eta: 0:00:53    time: 0.0674  data: 0.0000  max mem: 2671
      Evaluation: [1300/1978]  eta: 0:00:46    time: 0.0676  data: 0.0000  max mem: 2671
      Evaluation: [1400/1978]  eta: 0:00:39    time: 0.0675  data: 0.0000  max mem: 2671
      Evaluation: [1500/1978]  eta: 0:00:32    time: 0.0689  data: 0.0000  max mem: 2671
      Evaluation: [1600/1978]  eta: 0:00:25    time: 0.0683  data: 0.0000  max mem: 2671
      Evaluation: [1700/1978]  eta: 0:00:19    time: 0.0681  data: 0.0000  max mem: 2671
      Evaluation: [1800/1978]  eta: 0:00:12    time: 0.0682  data: 0.0000  max mem: 2671
      Evaluation: [1900/1978]  eta: 0:00:05    time: 0.0682  data: 0.0000  max mem: 2671
      Evaluation: [1977/1978]  eta: 0:00:00    time: 0.0684  data: 0.0000  max mem: 2671
      Evaluation: Total time: 0:02:15 (0.0685 s / it)
     Computing matching score time 0:02:15
### TTA ITM Score: 
+-------------------+--------+--------+--------+--------+--------+
|       epoch       |   R1   |   R5   |  R10   |  mAP   |  mINP  |
+-------------------+--------+--------+--------+--------+--------+
|  cos_sim_wo/norm  | 58.544 | 91.860 | 95.703 | 73.596 | 73.596 |
|        -999       | 69.414 | 95.197 | 97.776 | 81.233 | 81.233 |
| itm_score_wo/norm | 84.328 | 98.989 | 99.494 | 91.293 | 91.293 |
|        -999       | 84.277 | 99.039 | 99.596 | 91.276 | 91.276 |
|         0         | 84.328 | 99.039 | 99.596 | 91.301 | 91.301 |
|         1         | 84.277 | 99.039 | 99.596 | 91.276 | 91.276 |
|         2         | 84.328 | 99.039 | 99.596 | 91.292 | 91.292 |
|         4         | 84.631 | 99.039 | 99.596 | 91.444 | 91.444 |
|         9         | 84.783 | 98.938 | 99.545 | 91.490 | 91.490 |
|         14        | 84.631 | 98.888 | 99.494 | 91.387 | 91.387 |
|         19        | 84.580 | 98.837 | 99.494 | 91.331 | 91.331 |
|         29        | 84.681 | 98.787 | 99.494 | 91.363 | 91.363 |
|         39        | 84.681 | 98.736 | 99.393 | 91.351 | 91.351 |
|         49        | 84.732 | 98.736 | 99.343 | 91.374 | 91.374 |
|         59        | 84.783 | 98.787 | 99.343 | 91.400 | 91.400 |
+-------------------+--------+--------+--------+--------+--------+
     logs:  {'epo': 59, 'R1': 84.783, 'R5': 98.787, 'R10': 99.343, 'mAP': 91.4, 'mINP': 91.4, 'entropy': 0.242397, 'uncertainty': 2.175232, 'uncertainty_coeffi': 0.01, 'loss': 2.306609, 'lr': 0.0}
### best epoch: 9
### Time 0:29:12
NNODES,  1
NODE_RANK,  0
MASTER_ADDR,  127.0.0.1
MASTER_PORT,  1612
NPROC_PER_NODE,  2
task:  exp3.1.4
config:  configs_rerun3/exp3.1.4.yaml
output_dir:  output_rerun3/exp3.1.4/2025092021551
python3 tta.py --config configs_rerun3/exp3.1.4.yaml --task exp3.1.4 --output_dir output_rerun3/exp3.1.4/2025092021551 --checkpoint checkpoint/cmp.pth --bs 0 --epo 0 --lr 0.0 --seed 42 --tta
