/home/jiahao/miniconda3/envs/cmp/lib/python3.10/site-packages/torch/functional.py:554: UserWarning: torch.meshgrid: in an upcoming release, it will be required to pass the indexing argument. (Triggered internally at /pytorch/aten/src/ATen/native/TensorShape.cpp:4322.)
  return _VF.meshgrid(tensors, **kwargs)  # type: ignore[attr-defined]
Not using distributed mode
### Hyper-parameters:
     seed: 42
     device: cuda
     output_dir: output_rerun3/exp4.1.2/2025091704192
     batch_size_tta: 32
     epochs: 60
     lr: 0.0001
### Creating test dataset
from data/PAB/annotation/test/attr.json loading 1978 data
     test dataset -->    be_pose_img: True
     test_dataset: 1978
### Creating test dataloader
### be careful: func create_loader returns a list length of 1
     test_loader: 90
### Creating model
build_vision_encoder: load swin 224 x 224 ====>
missing_keys:  []
unexpected_keys:  ['head.weight', 'head.bias']
build_text_encoder: load bert ====>
missing_keys: ['bert.encoder.layer.10.crossattention.output.LayerNorm.bias', 'bert.encoder.layer.10.crossattention.output.LayerNorm.weight', 'bert.encoder.layer.10.crossattention.output.dense.bias', 'bert.encoder.layer.10.crossattention.output.dense.weight', 'bert.encoder.layer.10.crossattention.self.key.bias', 'bert.encoder.layer.10.crossattention.self.key.weight', 'bert.encoder.layer.10.crossattention.self.query.bias', 'bert.encoder.layer.10.crossattention.self.query.weight', 'bert.encoder.layer.10.crossattention.self.value.bias', 'bert.encoder.layer.10.crossattention.self.value.weight', 'bert.encoder.layer.11.crossattention.output.LayerNorm.bias', 'bert.encoder.layer.11.crossattention.output.LayerNorm.weight', 'bert.encoder.layer.11.crossattention.output.dense.bias', 'bert.encoder.layer.11.crossattention.output.dense.weight', 'bert.encoder.layer.11.crossattention.self.key.bias', 'bert.encoder.layer.11.crossattention.self.key.weight', 'bert.encoder.layer.11.crossattention.self.query.bias', 'bert.encoder.layer.11.crossattention.self.query.weight', 'bert.encoder.layer.11.crossattention.self.value.bias', 'bert.encoder.layer.11.crossattention.self.value.weight', 'bert.encoder.layer.6.crossattention.output.LayerNorm.bias', 'bert.encoder.layer.6.crossattention.output.LayerNorm.weight', 'bert.encoder.layer.6.crossattention.output.dense.bias', 'bert.encoder.layer.6.crossattention.output.dense.weight', 'bert.encoder.layer.6.crossattention.self.key.bias', 'bert.encoder.layer.6.crossattention.self.key.weight', 'bert.encoder.layer.6.crossattention.self.query.bias', 'bert.encoder.layer.6.crossattention.self.query.weight', 'bert.encoder.layer.6.crossattention.self.value.bias', 'bert.encoder.layer.6.crossattention.self.value.weight', 'bert.encoder.layer.7.crossattention.output.LayerNorm.bias', 'bert.encoder.layer.7.crossattention.output.LayerNorm.weight', 'bert.encoder.layer.7.crossattention.output.dense.bias', 'bert.encoder.layer.7.crossattention.output.dense.weight', 'bert.encoder.layer.7.crossattention.self.key.bias', 'bert.encoder.layer.7.crossattention.self.key.weight', 'bert.encoder.layer.7.crossattention.self.query.bias', 'bert.encoder.layer.7.crossattention.self.query.weight', 'bert.encoder.layer.7.crossattention.self.value.bias', 'bert.encoder.layer.7.crossattention.self.value.weight', 'bert.encoder.layer.8.crossattention.output.LayerNorm.bias', 'bert.encoder.layer.8.crossattention.output.LayerNorm.weight', 'bert.encoder.layer.8.crossattention.output.dense.bias', 'bert.encoder.layer.8.crossattention.output.dense.weight', 'bert.encoder.layer.8.crossattention.self.key.bias', 'bert.encoder.layer.8.crossattention.self.key.weight', 'bert.encoder.layer.8.crossattention.self.query.bias', 'bert.encoder.layer.8.crossattention.self.query.weight', 'bert.encoder.layer.8.crossattention.self.value.bias', 'bert.encoder.layer.8.crossattention.self.value.weight', 'bert.encoder.layer.9.crossattention.output.LayerNorm.bias', 'bert.encoder.layer.9.crossattention.output.LayerNorm.weight', 'bert.encoder.layer.9.crossattention.output.dense.bias', 'bert.encoder.layer.9.crossattention.output.dense.weight', 'bert.encoder.layer.9.crossattention.self.key.bias', 'bert.encoder.layer.9.crossattention.self.key.weight', 'bert.encoder.layer.9.crossattention.self.query.bias', 'bert.encoder.layer.9.crossattention.self.query.weight', 'bert.encoder.layer.9.crossattention.self.value.bias', 'bert.encoder.layer.9.crossattention.self.value.weight']
unexpected_keys: ['cls.seq_relationship.bias', 'cls.seq_relationship.weight']
mismatched_keys: []
error_msgs: []
Label Smooth: 0.2
pose_conv
load checkpoint from checkpoint/cmp.pth
missing_keys:  ['uncertainty_temper', 'prompt_learning_embedding']
unexpected_keys:  []
     Total Params Sum:  254264985
### Inference ITC similiarity matrix
### Zero-Shot Score: 
+-------------------+--------+--------+--------+--------+--------+
|       epoch       |   R1   |   R5   |  R10   |  mAP   |  mINP  |
+-------------------+--------+--------+--------+--------+--------+
|  cos_sim_wo/norm  | 58.544 | 91.860 | 95.703 | 73.596 | 73.596 |
|        -999       | 69.414 | 95.197 | 97.776 | 81.233 | 81.233 |
| itm_score_wo/norm | 84.328 | 98.989 | 99.494 | 91.293 | 91.293 |
|        -999       | 84.277 | 99.039 | 99.596 | 91.276 | 91.276 |
+-------------------+--------+--------+--------+--------+--------+
### TTA:
     preprocess_tta_coefficients  start
     sample selection ...
     number of sample after sample_selection: 1958
     uncertainty ...
     preprocess_tta_coefficients  end
### Creating tta dataset
     tta_dataset: 1958
### Creating tta dataloader
### be careful: func create_loader returns a list length of 1
     tta_loader: 61
### Configure adapted weights
     TTA Dropout Modules: 
 [('vision_encoder.pos_drop', Dropout(p=0, inplace=False), True), ('vision_encoder.layers.0.blocks.0.attn.attn_drop', Dropout(p=0.0, inplace=False), True), ('vision_encoder.layers.0.blocks.0.attn.proj_drop', Dropout(p=0, inplace=False), True), ('vision_encoder.layers.0.blocks.0.mlp.drop', Dropout(p=0, inplace=False), True), ('vision_encoder.layers.0.blocks.1.attn.attn_drop', Dropout(p=0.0, inplace=False), True), ('vision_encoder.layers.0.blocks.1.attn.proj_drop', Dropout(p=0, inplace=False), True), ('vision_encoder.layers.0.blocks.1.mlp.drop', Dropout(p=0, inplace=False), True), ('vision_encoder.layers.1.blocks.0.attn.attn_drop', Dropout(p=0.0, inplace=False), True), ('vision_encoder.layers.1.blocks.0.attn.proj_drop', Dropout(p=0, inplace=False), True), ('vision_encoder.layers.1.blocks.0.mlp.drop', Dropout(p=0, inplace=False), True), ('vision_encoder.layers.1.blocks.1.attn.attn_drop', Dropout(p=0.0, inplace=False), True), ('vision_encoder.layers.1.blocks.1.attn.proj_drop', Dropout(p=0, inplace=False), True), ('vision_encoder.layers.1.blocks.1.mlp.drop', Dropout(p=0, inplace=False), True), ('vision_encoder.layers.2.blocks.0.attn.attn_drop', Dropout(p=0.0, inplace=False), True), ('vision_encoder.layers.2.blocks.0.attn.proj_drop', Dropout(p=0, inplace=False), True), ('vision_encoder.layers.2.blocks.0.mlp.drop', Dropout(p=0, inplace=False), True), ('vision_encoder.layers.2.blocks.1.attn.attn_drop', Dropout(p=0.0, inplace=False), True), ('vision_encoder.layers.2.blocks.1.attn.proj_drop', Dropout(p=0, inplace=False), True), ('vision_encoder.layers.2.blocks.1.mlp.drop', Dropout(p=0, inplace=False), True), ('vision_encoder.layers.2.blocks.2.attn.attn_drop', Dropout(p=0.0, inplace=False), True), ('vision_encoder.layers.2.blocks.2.attn.proj_drop', Dropout(p=0, inplace=False), True), ('vision_encoder.layers.2.blocks.2.mlp.drop', Dropout(p=0, inplace=False), True), ('vision_encoder.layers.2.blocks.3.attn.attn_drop', Dropout(p=0.0, inplace=False), True), ('vision_encoder.layers.2.blocks.3.attn.proj_drop', Dropout(p=0, inplace=False), True), ('vision_encoder.layers.2.blocks.3.mlp.drop', Dropout(p=0, inplace=False), True), ('vision_encoder.layers.2.blocks.4.attn.attn_drop', Dropout(p=0.0, inplace=False), True), ('vision_encoder.layers.2.blocks.4.attn.proj_drop', Dropout(p=0, inplace=False), True), ('vision_encoder.layers.2.blocks.4.mlp.drop', Dropout(p=0, inplace=False), True), ('vision_encoder.layers.2.blocks.5.attn.attn_drop', Dropout(p=0.0, inplace=False), True), ('vision_encoder.layers.2.blocks.5.attn.proj_drop', Dropout(p=0, inplace=False), True), ('vision_encoder.layers.2.blocks.5.mlp.drop', Dropout(p=0, inplace=False), True), ('vision_encoder.layers.2.blocks.6.attn.attn_drop', Dropout(p=0.0, inplace=False), True), ('vision_encoder.layers.2.blocks.6.attn.proj_drop', Dropout(p=0, inplace=False), True), ('vision_encoder.layers.2.blocks.6.mlp.drop', Dropout(p=0, inplace=False), True), ('vision_encoder.layers.2.blocks.7.attn.attn_drop', Dropout(p=0.0, inplace=False), True), ('vision_encoder.layers.2.blocks.7.attn.proj_drop', Dropout(p=0, inplace=False), True), ('vision_encoder.layers.2.blocks.7.mlp.drop', Dropout(p=0, inplace=False), True), ('vision_encoder.layers.2.blocks.8.attn.attn_drop', Dropout(p=0.0, inplace=False), True), ('vision_encoder.layers.2.blocks.8.attn.proj_drop', Dropout(p=0, inplace=False), True), ('vision_encoder.layers.2.blocks.8.mlp.drop', Dropout(p=0, inplace=False), True), ('vision_encoder.layers.2.blocks.9.attn.attn_drop', Dropout(p=0.0, inplace=False), True), ('vision_encoder.layers.2.blocks.9.attn.proj_drop', Dropout(p=0, inplace=False), True), ('vision_encoder.layers.2.blocks.9.mlp.drop', Dropout(p=0, inplace=False), True), ('vision_encoder.layers.2.blocks.10.attn.attn_drop', Dropout(p=0.0, inplace=False), True), ('vision_encoder.layers.2.blocks.10.attn.proj_drop', Dropout(p=0, inplace=False), True), ('vision_encoder.layers.2.blocks.10.mlp.drop', Dropout(p=0, inplace=False), True), ('vision_encoder.layers.2.blocks.11.attn.attn_drop', Dropout(p=0.0, inplace=False), True), ('vision_encoder.layers.2.blocks.11.attn.proj_drop', Dropout(p=0, inplace=False), True), ('vision_encoder.layers.2.blocks.11.mlp.drop', Dropout(p=0, inplace=False), True), ('vision_encoder.layers.2.blocks.12.attn.attn_drop', Dropout(p=0.0, inplace=False), True), ('vision_encoder.layers.2.blocks.12.attn.proj_drop', Dropout(p=0, inplace=False), True), ('vision_encoder.layers.2.blocks.12.mlp.drop', Dropout(p=0, inplace=False), True), ('vision_encoder.layers.2.blocks.13.attn.attn_drop', Dropout(p=0.0, inplace=False), True), ('vision_encoder.layers.2.blocks.13.attn.proj_drop', Dropout(p=0, inplace=False), True), ('vision_encoder.layers.2.blocks.13.mlp.drop', Dropout(p=0, inplace=False), True), ('vision_encoder.layers.2.blocks.14.attn.attn_drop', Dropout(p=0.0, inplace=False), True), ('vision_encoder.layers.2.blocks.14.attn.proj_drop', Dropout(p=0, inplace=False), True), ('vision_encoder.layers.2.blocks.14.mlp.drop', Dropout(p=0, inplace=False), True), ('vision_encoder.layers.2.blocks.15.attn.attn_drop', Dropout(p=0.0, inplace=False), True), ('vision_encoder.layers.2.blocks.15.attn.proj_drop', Dropout(p=0, inplace=False), True), ('vision_encoder.layers.2.blocks.15.mlp.drop', Dropout(p=0, inplace=False), True), ('vision_encoder.layers.2.blocks.16.attn.attn_drop', Dropout(p=0.0, inplace=False), True), ('vision_encoder.layers.2.blocks.16.attn.proj_drop', Dropout(p=0, inplace=False), True), ('vision_encoder.layers.2.blocks.16.mlp.drop', Dropout(p=0, inplace=False), True), ('vision_encoder.layers.2.blocks.17.attn.attn_drop', Dropout(p=0.0, inplace=False), True), ('vision_encoder.layers.2.blocks.17.attn.proj_drop', Dropout(p=0, inplace=False), True), ('vision_encoder.layers.2.blocks.17.mlp.drop', Dropout(p=0, inplace=False), True), ('vision_encoder.layers.3.blocks.0.attn.attn_drop', Dropout(p=0.0, inplace=False), True), ('vision_encoder.layers.3.blocks.0.attn.proj_drop', Dropout(p=0, inplace=False), True), ('vision_encoder.layers.3.blocks.0.mlp.drop', Dropout(p=0, inplace=False), True), ('vision_encoder.layers.3.blocks.1.attn.attn_drop', Dropout(p=0.0, inplace=False), True), ('vision_encoder.layers.3.blocks.1.attn.proj_drop', Dropout(p=0, inplace=False), True), ('vision_encoder.layers.3.blocks.1.mlp.drop', Dropout(p=0, inplace=False), True), ('text_encoder.bert.embeddings.dropout', Dropout(p=0.1, inplace=False), True), ('text_encoder.bert.encoder.layer.0.attention.self.dropout', Dropout(p=0.1, inplace=False), True), ('text_encoder.bert.encoder.layer.0.attention.output.dropout', Dropout(p=0.1, inplace=False), True), ('text_encoder.bert.encoder.layer.0.output.dropout', Dropout(p=0.1, inplace=False), True), ('text_encoder.bert.encoder.layer.1.attention.self.dropout', Dropout(p=0.1, inplace=False), True), ('text_encoder.bert.encoder.layer.1.attention.output.dropout', Dropout(p=0.1, inplace=False), True), ('text_encoder.bert.encoder.layer.1.output.dropout', Dropout(p=0.1, inplace=False), True), ('text_encoder.bert.encoder.layer.2.attention.self.dropout', Dropout(p=0.1, inplace=False), True), ('text_encoder.bert.encoder.layer.2.attention.output.dropout', Dropout(p=0.1, inplace=False), True), ('text_encoder.bert.encoder.layer.2.output.dropout', Dropout(p=0.1, inplace=False), True), ('text_encoder.bert.encoder.layer.3.attention.self.dropout', Dropout(p=0.1, inplace=False), True), ('text_encoder.bert.encoder.layer.3.attention.output.dropout', Dropout(p=0.1, inplace=False), True), ('text_encoder.bert.encoder.layer.3.output.dropout', Dropout(p=0.1, inplace=False), True), ('text_encoder.bert.encoder.layer.4.attention.self.dropout', Dropout(p=0.1, inplace=False), True), ('text_encoder.bert.encoder.layer.4.attention.output.dropout', Dropout(p=0.1, inplace=False), True), ('text_encoder.bert.encoder.layer.4.output.dropout', Dropout(p=0.1, inplace=False), True), ('text_encoder.bert.encoder.layer.5.attention.self.dropout', Dropout(p=0.1, inplace=False), True), ('text_encoder.bert.encoder.layer.5.attention.output.dropout', Dropout(p=0.1, inplace=False), True), ('text_encoder.bert.encoder.layer.5.output.dropout', Dropout(p=0.1, inplace=False), True), ('text_encoder.bert.encoder.layer.6.attention.self.dropout', Dropout(p=0.1, inplace=False), True), ('text_encoder.bert.encoder.layer.6.attention.output.dropout', Dropout(p=0.1, inplace=False), True), ('text_encoder.bert.encoder.layer.6.crossattention.self.dropout', Dropout(p=0.1, inplace=False), True), ('text_encoder.bert.encoder.layer.6.crossattention.output.dropout', Dropout(p=0.1, inplace=False), True), ('text_encoder.bert.encoder.layer.6.output.dropout', Dropout(p=0.1, inplace=False), True), ('text_encoder.bert.encoder.layer.7.attention.self.dropout', Dropout(p=0.1, inplace=False), True), ('text_encoder.bert.encoder.layer.7.attention.output.dropout', Dropout(p=0.1, inplace=False), True), ('text_encoder.bert.encoder.layer.7.crossattention.self.dropout', Dropout(p=0.1, inplace=False), True), ('text_encoder.bert.encoder.layer.7.crossattention.output.dropout', Dropout(p=0.1, inplace=False), True), ('text_encoder.bert.encoder.layer.7.output.dropout', Dropout(p=0.1, inplace=False), True), ('text_encoder.bert.encoder.layer.8.attention.self.dropout', Dropout(p=0.1, inplace=False), True), ('text_encoder.bert.encoder.layer.8.attention.output.dropout', Dropout(p=0.1, inplace=False), True), ('text_encoder.bert.encoder.layer.8.crossattention.self.dropout', Dropout(p=0.1, inplace=False), True), ('text_encoder.bert.encoder.layer.8.crossattention.output.dropout', Dropout(p=0.1, inplace=False), True), ('text_encoder.bert.encoder.layer.8.output.dropout', Dropout(p=0.1, inplace=False), True), ('text_encoder.bert.encoder.layer.9.attention.self.dropout', Dropout(p=0.1, inplace=False), True), ('text_encoder.bert.encoder.layer.9.attention.output.dropout', Dropout(p=0.1, inplace=False), True), ('text_encoder.bert.encoder.layer.9.crossattention.self.dropout', Dropout(p=0.1, inplace=False), True), ('text_encoder.bert.encoder.layer.9.crossattention.output.dropout', Dropout(p=0.1, inplace=False), True), ('text_encoder.bert.encoder.layer.9.output.dropout', Dropout(p=0.1, inplace=False), True), ('text_encoder.bert.encoder.layer.10.attention.self.dropout', Dropout(p=0.1, inplace=False), True), ('text_encoder.bert.encoder.layer.10.attention.output.dropout', Dropout(p=0.1, inplace=False), True), ('text_encoder.bert.encoder.layer.10.crossattention.self.dropout', Dropout(p=0.1, inplace=False), True), ('text_encoder.bert.encoder.layer.10.crossattention.output.dropout', Dropout(p=0.1, inplace=False), True), ('text_encoder.bert.encoder.layer.10.output.dropout', Dropout(p=0.1, inplace=False), True), ('text_encoder.bert.encoder.layer.11.attention.self.dropout', Dropout(p=0.1, inplace=False), True), ('text_encoder.bert.encoder.layer.11.attention.output.dropout', Dropout(p=0.1, inplace=False), True), ('text_encoder.bert.encoder.layer.11.crossattention.self.dropout', Dropout(p=0.1, inplace=False), True), ('text_encoder.bert.encoder.layer.11.crossattention.output.dropout', Dropout(p=0.1, inplace=False), True), ('text_encoder.bert.encoder.layer.11.output.dropout', Dropout(p=0.1, inplace=False), True), ('vision_proj.1', Dropout(p=0.5, inplace=False), True), ('text_proj.1', Dropout(p=0.5, inplace=False), True), ('pose_block.attn.attn_drop', Dropout(p=0.0, inplace=False), True), ('pose_block.attn.proj_drop', Dropout(p=0.0, inplace=False), True)]
     TTA Require Gradient Params: 
 [('text_encoder.bert.embeddings.LayerNorm.weight', torch.Size([768])), ('text_encoder.bert.embeddings.LayerNorm.bias', torch.Size([768])), ('text_encoder.bert.encoder.layer.6.attention.output.LayerNorm.weight', torch.Size([768])), ('text_encoder.bert.encoder.layer.6.attention.output.LayerNorm.bias', torch.Size([768])), ('text_encoder.bert.encoder.layer.6.crossattention.output.LayerNorm.weight', torch.Size([768])), ('text_encoder.bert.encoder.layer.6.crossattention.output.LayerNorm.bias', torch.Size([768])), ('text_encoder.bert.encoder.layer.6.output.LayerNorm.weight', torch.Size([768])), ('text_encoder.bert.encoder.layer.6.output.LayerNorm.bias', torch.Size([768])), ('text_encoder.bert.encoder.layer.7.attention.output.LayerNorm.weight', torch.Size([768])), ('text_encoder.bert.encoder.layer.7.attention.output.LayerNorm.bias', torch.Size([768])), ('text_encoder.bert.encoder.layer.7.crossattention.output.LayerNorm.weight', torch.Size([768])), ('text_encoder.bert.encoder.layer.7.crossattention.output.LayerNorm.bias', torch.Size([768])), ('text_encoder.bert.encoder.layer.7.output.LayerNorm.weight', torch.Size([768])), ('text_encoder.bert.encoder.layer.7.output.LayerNorm.bias', torch.Size([768])), ('text_encoder.bert.encoder.layer.8.attention.output.LayerNorm.weight', torch.Size([768])), ('text_encoder.bert.encoder.layer.8.attention.output.LayerNorm.bias', torch.Size([768])), ('text_encoder.bert.encoder.layer.8.crossattention.output.LayerNorm.weight', torch.Size([768])), ('text_encoder.bert.encoder.layer.8.crossattention.output.LayerNorm.bias', torch.Size([768])), ('text_encoder.bert.encoder.layer.8.output.LayerNorm.weight', torch.Size([768])), ('text_encoder.bert.encoder.layer.8.output.LayerNorm.bias', torch.Size([768])), ('text_encoder.bert.encoder.layer.9.attention.output.LayerNorm.weight', torch.Size([768])), ('text_encoder.bert.encoder.layer.9.attention.output.LayerNorm.bias', torch.Size([768])), ('text_encoder.bert.encoder.layer.9.crossattention.output.LayerNorm.weight', torch.Size([768])), ('text_encoder.bert.encoder.layer.9.crossattention.output.LayerNorm.bias', torch.Size([768])), ('text_encoder.bert.encoder.layer.9.output.LayerNorm.weight', torch.Size([768])), ('text_encoder.bert.encoder.layer.9.output.LayerNorm.bias', torch.Size([768])), ('text_encoder.bert.encoder.layer.10.attention.output.LayerNorm.weight', torch.Size([768])), ('text_encoder.bert.encoder.layer.10.attention.output.LayerNorm.bias', torch.Size([768])), ('text_encoder.bert.encoder.layer.10.crossattention.output.LayerNorm.weight', torch.Size([768])), ('text_encoder.bert.encoder.layer.10.crossattention.output.LayerNorm.bias', torch.Size([768])), ('text_encoder.bert.encoder.layer.10.output.LayerNorm.weight', torch.Size([768])), ('text_encoder.bert.encoder.layer.10.output.LayerNorm.bias', torch.Size([768])), ('text_encoder.bert.encoder.layer.11.attention.output.LayerNorm.weight', torch.Size([768])), ('text_encoder.bert.encoder.layer.11.attention.output.LayerNorm.bias', torch.Size([768])), ('text_encoder.bert.encoder.layer.11.crossattention.output.LayerNorm.weight', torch.Size([768])), ('text_encoder.bert.encoder.layer.11.crossattention.output.LayerNorm.bias', torch.Size([768])), ('text_encoder.bert.encoder.layer.11.output.LayerNorm.weight', torch.Size([768])), ('text_encoder.bert.encoder.layer.11.output.LayerNorm.bias', torch.Size([768])), ('text_encoder.cls.predictions.transform.LayerNorm.weight', torch.Size([768])), ('text_encoder.cls.predictions.transform.LayerNorm.bias', torch.Size([768])), ('itm_head.1.weight', torch.Size([1536])), ('itm_head.1.bias', torch.Size([1536]))]
     TTA Dropout Modules Number: 
 126
     TTA Require Gradient Params Sum: 
 33792
     lr:  0.0001    lr_mult:  2
     model has 'init_params',  385
     num_tta_steps:  3720
     num_warmup_steps:  500
     sched: step
/home/jiahao/task/CMP/tta.py:246: FutureWarning: `torch.cuda.amp.GradScaler(args...)` is deprecated. Please use `torch.amp.GradScaler('cuda', args...)` instead.
  scaler = GradScaler()  # bf16
### Start ITM Test Time Adaptation
      TTA Epoch: [0] [ 0/61]  eta: 0:01:16  entropy: 0.3681  uncertainty: 0.6209  uncertainty_coeffi: 0.0100  loss: 4.2082  lr: 0.000000  time: 1.2547  data: 0.6034  max mem: 2639
      TTA Epoch: [0] [60/61]  eta: 0:00:00  entropy: 0.3053  uncertainty: 0.8633  uncertainty_coeffi: 0.0100  loss: 3.8670  lr: 0.000012  time: 0.1125  data: 0.0001  max mem: 2671
      TTA Epoch: [0] Total time: 0:00:07 (0.1247 s / it)
     Averaged stats: entropy: 0.3510  uncertainty: 0.7004  uncertainty_coeffi: 0.0100  loss: 6.4635  lr: 0.0000
     itm tta time 0:00:07
     Computing matching score
      Evaluation: [   0/1978]  eta: 0:06:18    time: 0.1913  data: 0.0023  max mem: 2671
      Evaluation: [ 100/1978]  eta: 0:03:31    time: 0.1144  data: 0.0000  max mem: 2671
      Evaluation: [ 200/1978]  eta: 0:03:20    time: 0.1081  data: 0.0000  max mem: 2671
      Evaluation: [ 300/1978]  eta: 0:03:08    time: 0.1151  data: 0.0000  max mem: 2671
      Evaluation: [ 400/1978]  eta: 0:02:56    time: 0.1164  data: 0.0000  max mem: 2671
      Evaluation: [ 500/1978]  eta: 0:02:45    time: 0.1143  data: 0.0000  max mem: 2671
      Evaluation: [ 600/1978]  eta: 0:02:34    time: 0.1099  data: 0.0000  max mem: 2671
      Evaluation: [ 700/1978]  eta: 0:02:23    time: 0.1125  data: 0.0000  max mem: 2671
      Evaluation: [ 800/1978]  eta: 0:02:09    time: 0.1116  data: 0.0000  max mem: 2671
      Evaluation: [ 900/1978]  eta: 0:01:54    time: 0.0710  data: 0.0000  max mem: 2671
      Evaluation: [1000/1978]  eta: 0:01:40    time: 0.0735  data: 0.0000  max mem: 2671
      Evaluation: [1100/1978]  eta: 0:01:30    time: 0.1159  data: 0.0000  max mem: 2671
      Evaluation: [1200/1978]  eta: 0:01:20    time: 0.0909  data: 0.0000  max mem: 2671
      Evaluation: [1300/1978]  eta: 0:01:09    time: 0.1161  data: 0.0000  max mem: 2671
      Evaluation: [1400/1978]  eta: 0:01:00    time: 0.0961  data: 0.0000  max mem: 2671
      Evaluation: [1500/1978]  eta: 0:00:49    time: 0.1140  data: 0.0000  max mem: 2671
      Evaluation: [1600/1978]  eta: 0:00:39    time: 0.0976  data: 0.0000  max mem: 2671
      Evaluation: [1700/1978]  eta: 0:00:28    time: 0.1148  data: 0.0000  max mem: 2671
      Evaluation: [1800/1978]  eta: 0:00:18    time: 0.1123  data: 0.0000  max mem: 2671
      Evaluation: [1900/1978]  eta: 0:00:08    time: 0.1153  data: 0.0000  max mem: 2671
      Evaluation: [1977/1978]  eta: 0:00:00    time: 0.0736  data: 0.0000  max mem: 2671
      Evaluation: Total time: 0:03:26 (0.1042 s / it)
     Computing matching score time 0:03:26
### TTA ITM Score: 
+-------------------+--------+--------+--------+--------+--------+
|       epoch       |   R1   |   R5   |  R10   |  mAP   |  mINP  |
+-------------------+--------+--------+--------+--------+--------+
|  cos_sim_wo/norm  | 58.544 | 91.860 | 95.703 | 73.596 | 73.596 |
|        -999       | 69.414 | 95.197 | 97.776 | 81.233 | 81.233 |
| itm_score_wo/norm | 84.328 | 98.989 | 99.494 | 91.293 | 91.293 |
|        -999       | 84.277 | 99.039 | 99.596 | 91.276 | 91.276 |
|         0         | 84.328 | 99.039 | 99.596 | 91.301 | 91.301 |
+-------------------+--------+--------+--------+--------+--------+
     logs:  {'epo': 0, 'R1': 84.328, 'R5': 99.039, 'R10': 99.596, 'mAP': 91.301, 'mINP': 91.301, 'entropy': 0.35099, 'uncertainty': 0.700363, 'uncertainty_coeffi': 0.01, 'loss': 6.463489, 'lr': 6e-06}
      TTA Epoch: [1] [ 0/61]  eta: 0:00:47  entropy: 0.4024  uncertainty: 0.7372  uncertainty_coeffi: 0.0100  loss: 8.1666  lr: 0.000012  time: 0.7769  data: 0.6663  max mem: 2671
      TTA Epoch: [1] [60/61]  eta: 0:00:00  entropy: 0.3122  uncertainty: 0.6669  uncertainty_coeffi: 0.0100  loss: 14.9199  lr: 0.000024  time: 0.1115  data: 0.0001  max mem: 2671
      TTA Epoch: [1] Total time: 0:00:06 (0.1106 s / it)
     Averaged stats: entropy: 0.3484  uncertainty: 0.6978  uncertainty_coeffi: 0.0100  loss: 5.7096  lr: 0.0000
     itm tta time 0:00:06
     Computing matching score
      Evaluation: [   0/1978]  eta: 0:04:04    time: 0.1238  data: 0.0049  max mem: 2671
      Evaluation: [ 100/1978]  eta: 0:03:32    time: 0.0944  data: 0.0000  max mem: 2671
      Evaluation: [ 200/1978]  eta: 0:03:24    time: 0.1170  data: 0.0000  max mem: 2671
      Evaluation: [ 300/1978]  eta: 0:03:11    time: 0.1162  data: 0.0000  max mem: 2671
      Evaluation: [ 400/1978]  eta: 0:02:59    time: 0.1169  data: 0.0000  max mem: 2671
      Evaluation: [ 500/1978]  eta: 0:02:47    time: 0.1019  data: 0.0000  max mem: 2671
      Evaluation: [ 600/1978]  eta: 0:02:36    time: 0.1148  data: 0.0000  max mem: 2671
      Evaluation: [ 700/1978]  eta: 0:02:21    time: 0.0858  data: 0.0000  max mem: 2671
      Evaluation: [ 800/1978]  eta: 0:02:10    time: 0.1151  data: 0.0000  max mem: 2671
      Evaluation: [ 900/1978]  eta: 0:01:59    time: 0.1173  data: 0.0000  max mem: 2671
      Evaluation: [1000/1978]  eta: 0:01:48    time: 0.1154  data: 0.0000  max mem: 2671
      Evaluation: [1100/1978]  eta: 0:01:37    time: 0.1102  data: 0.0000  max mem: 2671
      Evaluation: [1200/1978]  eta: 0:01:27    time: 0.1177  data: 0.0000  max mem: 2671
      Evaluation: [1300/1978]  eta: 0:01:16    time: 0.1179  data: 0.0000  max mem: 2671
      Evaluation: [1400/1978]  eta: 0:01:04    time: 0.0983  data: 0.0000  max mem: 2671
      Evaluation: [1500/1978]  eta: 0:00:53    time: 0.1153  data: 0.0000  max mem: 2671
      Evaluation: [1600/1978]  eta: 0:00:42    time: 0.1171  data: 0.0000  max mem: 2671
      Evaluation: [1700/1978]  eta: 0:00:30    time: 0.1113  data: 0.0000  max mem: 2671
      Evaluation: [1800/1978]  eta: 0:00:19    time: 0.0949  data: 0.0000  max mem: 2671
      Evaluation: [1900/1978]  eta: 0:00:08    time: 0.1142  data: 0.0000  max mem: 2671
      Evaluation: [1977/1978]  eta: 0:00:00    time: 0.1142  data: 0.0000  max mem: 2671
      Evaluation: Total time: 0:03:40 (0.1113 s / it)
     Computing matching score time 0:03:41
### TTA ITM Score: 
+-------------------+--------+--------+--------+--------+--------+
|       epoch       |   R1   |   R5   |  R10   |  mAP   |  mINP  |
+-------------------+--------+--------+--------+--------+--------+
|  cos_sim_wo/norm  | 58.544 | 91.860 | 95.703 | 73.596 | 73.596 |
|        -999       | 69.414 | 95.197 | 97.776 | 81.233 | 81.233 |
| itm_score_wo/norm | 84.328 | 98.989 | 99.494 | 91.293 | 91.293 |
|        -999       | 84.277 | 99.039 | 99.596 | 91.276 | 91.276 |
|         0         | 84.328 | 99.039 | 99.596 | 91.301 | 91.301 |
|         1         | 84.580 | 99.039 | 99.596 | 91.418 | 91.418 |
+-------------------+--------+--------+--------+--------+--------+
     logs:  {'epo': 1, 'R1': 84.58, 'R5': 99.039, 'R10': 99.596, 'mAP': 91.418, 'mINP': 91.418, 'entropy': 0.34836, 'uncertainty': 0.697795, 'uncertainty_coeffi': 0.01, 'loss': 5.709601, 'lr': 1.8e-05}
      TTA Epoch: [2] [ 0/61]  eta: 0:00:32  entropy: 0.3841  uncertainty: 0.8228  uncertainty_coeffi: 0.0100  loss: 2.1957  lr: 0.000025  time: 0.5257  data: 0.3918  max mem: 2671
      TTA Epoch: [2] [60/61]  eta: 0:00:00  entropy: 0.3265  uncertainty: 0.6558  uncertainty_coeffi: 0.0100  loss: 21.2297  lr: 0.000037  time: 0.0944  data: 0.0001  max mem: 2671
      TTA Epoch: [2] Total time: 0:00:06 (0.1114 s / it)
     Averaged stats: entropy: 0.3428  uncertainty: 0.6980  uncertainty_coeffi: 0.0100  loss: 5.6837  lr: 0.0000
     itm tta time 0:00:06
     Computing matching score
      Evaluation: [   0/1978]  eta: 0:02:19    time: 0.0704  data: 0.0019  max mem: 2671
      Evaluation: [ 100/1978]  eta: 0:02:55    time: 0.1156  data: 0.0000  max mem: 2671
      Evaluation: [ 200/1978]  eta: 0:03:03    time: 0.1128  data: 0.0000  max mem: 2671
      Evaluation: [ 300/1978]  eta: 0:02:57    time: 0.1175  data: 0.0000  max mem: 2671
      Evaluation: [ 400/1978]  eta: 0:02:49    time: 0.1158  data: 0.0000  max mem: 2671
      Evaluation: [ 500/1978]  eta: 0:02:40    time: 0.1144  data: 0.0000  max mem: 2671
      Evaluation: [ 600/1978]  eta: 0:02:30    time: 0.1088  data: 0.0000  max mem: 2671
      Evaluation: [ 700/1978]  eta: 0:02:20    time: 0.1154  data: 0.0000  max mem: 2671
      Evaluation: [ 800/1978]  eta: 0:02:09    time: 0.1136  data: 0.0000  max mem: 2671
      Evaluation: [ 900/1978]  eta: 0:01:58    time: 0.1166  data: 0.0000  max mem: 2671
      Evaluation: [1000/1978]  eta: 0:01:48    time: 0.1108  data: 0.0000  max mem: 2671
      Evaluation: [1100/1978]  eta: 0:01:37    time: 0.1162  data: 0.0000  max mem: 2671
      Evaluation: [1200/1978]  eta: 0:01:26    time: 0.1164  data: 0.0000  max mem: 2671
      Evaluation: [1300/1978]  eta: 0:01:15    time: 0.1158  data: 0.0000  max mem: 2671
      Evaluation: [1400/1978]  eta: 0:01:04    time: 0.1019  data: 0.0000  max mem: 2671
      Evaluation: [1500/1978]  eta: 0:00:52    time: 0.1172  data: 0.0000  max mem: 2671
      Evaluation: [1600/1978]  eta: 0:00:41    time: 0.1090  data: 0.0000  max mem: 2671
      Evaluation: [1700/1978]  eta: 0:00:30    time: 0.1156  data: 0.0000  max mem: 2671
      Evaluation: [1800/1978]  eta: 0:00:19    time: 0.1154  data: 0.0000  max mem: 2671
      Evaluation: [1900/1978]  eta: 0:00:08    time: 0.1149  data: 0.0000  max mem: 2671
      Evaluation: [1977/1978]  eta: 0:00:00    time: 0.1166  data: 0.0000  max mem: 2671
      Evaluation: Total time: 0:03:38 (0.1107 s / it)
     Computing matching score time 0:03:39
### TTA ITM Score: 
+-------------------+--------+--------+--------+--------+--------+
|       epoch       |   R1   |   R5   |  R10   |  mAP   |  mINP  |
+-------------------+--------+--------+--------+--------+--------+
|  cos_sim_wo/norm  | 58.544 | 91.860 | 95.703 | 73.596 | 73.596 |
|        -999       | 69.414 | 95.197 | 97.776 | 81.233 | 81.233 |
| itm_score_wo/norm | 84.328 | 98.989 | 99.494 | 91.293 | 91.293 |
|        -999       | 84.277 | 99.039 | 99.596 | 91.276 | 91.276 |
|         0         | 84.328 | 99.039 | 99.596 | 91.301 | 91.301 |
|         1         | 84.580 | 99.039 | 99.596 | 91.418 | 91.418 |
|         2         | 84.783 | 98.989 | 99.596 | 91.515 | 91.515 |
+-------------------+--------+--------+--------+--------+--------+
     logs:  {'epo': 2, 'R1': 84.783, 'R5': 98.989, 'R10': 99.596, 'mAP': 91.515, 'mINP': 91.515, 'entropy': 0.342838, 'uncertainty': 0.69797, 'uncertainty_coeffi': 0.01, 'loss': 5.683677, 'lr': 3.1e-05}
      TTA Epoch: [3] [ 0/61]  eta: 0:00:34  entropy: 0.2842  uncertainty: 0.6080  uncertainty_coeffi: 0.0100  loss: 2.2962  lr: 0.000037  time: 0.5588  data: 0.4101  max mem: 2671
      TTA Epoch: [3] [60/61]  eta: 0:00:00  entropy: 0.3146  uncertainty: 0.7272  uncertainty_coeffi: 0.0100  loss: 4.7832  lr: 0.000049  time: 0.1115  data: 0.0001  max mem: 2671
      TTA Epoch: [3] Total time: 0:00:07 (0.1184 s / it)
     Averaged stats: entropy: 0.3332  uncertainty: 0.6979  uncertainty_coeffi: 0.0100  loss: 4.9820  lr: 0.0000
     itm tta time 0:00:07
      TTA Epoch: [4] [ 0/61]  eta: 0:00:30  entropy: 0.3806  uncertainty: 0.8748  uncertainty_coeffi: 0.0100  loss: 1.3119  lr: 0.000049  time: 0.5040  data: 0.4059  max mem: 2671
      TTA Epoch: [4] [60/61]  eta: 0:00:00  entropy: 0.2992  uncertainty: 0.9475  uncertainty_coeffi: 0.0100  loss: 1.4088  lr: 0.000061  time: 0.0903  data: 0.0001  max mem: 2671
      TTA Epoch: [4] Total time: 0:00:06 (0.1119 s / it)
     Averaged stats: entropy: 0.3261  uncertainty: 0.6987  uncertainty_coeffi: 0.0100  loss: 4.5686  lr: 0.0001
     itm tta time 0:00:06
     Computing matching score
      Evaluation: [   0/1978]  eta: 0:04:05    time: 0.1243  data: 0.0027  max mem: 2671
      Evaluation: [ 100/1978]  eta: 0:03:36    time: 0.1152  data: 0.0000  max mem: 2671
      Evaluation: [ 200/1978]  eta: 0:03:20    time: 0.1141  data: 0.0000  max mem: 2671
      Evaluation: [ 300/1978]  eta: 0:03:07    time: 0.1124  data: 0.0000  max mem: 2671
      Evaluation: [ 400/1978]  eta: 0:02:56    time: 0.1015  data: 0.0000  max mem: 2671
      Evaluation: [ 500/1978]  eta: 0:02:45    time: 0.1151  data: 0.0000  max mem: 2671
      Evaluation: [ 600/1978]  eta: 0:02:33    time: 0.1150  data: 0.0000  max mem: 2671
      Evaluation: [ 700/1978]  eta: 0:02:19    time: 0.0770  data: 0.0000  max mem: 2671
      Evaluation: [ 800/1978]  eta: 0:02:08    time: 0.1165  data: 0.0000  max mem: 2671
      Evaluation: [ 900/1978]  eta: 0:01:57    time: 0.1119  data: 0.0000  max mem: 2671
      Evaluation: [1000/1978]  eta: 0:01:47    time: 0.0990  data: 0.0000  max mem: 2671
      Evaluation: [1100/1978]  eta: 0:01:36    time: 0.1118  data: 0.0000  max mem: 2671
      Evaluation: [1200/1978]  eta: 0:01:25    time: 0.1150  data: 0.0000  max mem: 2671
      Evaluation: [1300/1978]  eta: 0:01:14    time: 0.1136  data: 0.0000  max mem: 2671
      Evaluation: [1400/1978]  eta: 0:01:03    time: 0.0986  data: 0.0000  max mem: 2671
      Evaluation: [1500/1978]  eta: 0:00:52    time: 0.1130  data: 0.0000  max mem: 2671
      Evaluation: [1600/1978]  eta: 0:00:41    time: 0.1143  data: 0.0000  max mem: 2671
      Evaluation: [1700/1978]  eta: 0:00:30    time: 0.1142  data: 0.0000  max mem: 2671
      Evaluation: [1800/1978]  eta: 0:00:19    time: 0.1146  data: 0.0000  max mem: 2671
      Evaluation: [1900/1978]  eta: 0:00:08    time: 0.1139  data: 0.0000  max mem: 2671
      Evaluation: [1977/1978]  eta: 0:00:00    time: 0.1130  data: 0.0000  max mem: 2671
      Evaluation: Total time: 0:03:38 (0.1104 s / it)
     Computing matching score time 0:03:39
### TTA ITM Score: 
+-------------------+--------+--------+--------+--------+--------+
|       epoch       |   R1   |   R5   |  R10   |  mAP   |  mINP  |
+-------------------+--------+--------+--------+--------+--------+
|  cos_sim_wo/norm  | 58.544 | 91.860 | 95.703 | 73.596 | 73.596 |
|        -999       | 69.414 | 95.197 | 97.776 | 81.233 | 81.233 |
| itm_score_wo/norm | 84.328 | 98.989 | 99.494 | 91.293 | 91.293 |
|        -999       | 84.277 | 99.039 | 99.596 | 91.276 | 91.276 |
|         0         | 84.328 | 99.039 | 99.596 | 91.301 | 91.301 |
|         1         | 84.580 | 99.039 | 99.596 | 91.418 | 91.418 |
|         2         | 84.783 | 98.989 | 99.596 | 91.515 | 91.515 |
|         4         | 84.681 | 98.989 | 99.596 | 91.442 | 91.442 |
+-------------------+--------+--------+--------+--------+--------+
     logs:  {'epo': 4, 'R1': 84.681, 'R5': 98.989, 'R10': 99.596, 'mAP': 91.442, 'mINP': 91.442, 'entropy': 0.326078, 'uncertainty': 0.698664, 'uncertainty_coeffi': 0.01, 'loss': 4.568618, 'lr': 5.5e-05}
      TTA Epoch: [5] [ 0/61]  eta: 0:00:31  entropy: 0.2927  uncertainty: 0.9525  uncertainty_coeffi: 0.0100  loss: 3.4508  lr: 0.000061  time: 0.5232  data: 0.3579  max mem: 2671
      TTA Epoch: [5] [60/61]  eta: 0:00:00  entropy: 0.3096  uncertainty: 0.5098  uncertainty_coeffi: 0.0100  loss: 7.6401  lr: 0.000073  time: 0.1104  data: 0.0001  max mem: 2671
      TTA Epoch: [5] Total time: 0:00:07 (0.1174 s / it)
     Averaged stats: entropy: 0.3134  uncertainty: 0.6962  uncertainty_coeffi: 0.0100  loss: 4.1682  lr: 0.0001
     itm tta time 0:00:07
      TTA Epoch: [6] [ 0/61]  eta: 0:00:32  entropy: 0.3601  uncertainty: 0.6541  uncertainty_coeffi: 0.0100  loss: 4.0850  lr: 0.000073  time: 0.5361  data: 0.4335  max mem: 2671
      TTA Epoch: [6] [60/61]  eta: 0:00:00  entropy: 0.4202  uncertainty: 0.7611  uncertainty_coeffi: 0.0100  loss: 2.6597  lr: 0.000085  time: 0.0845  data: 0.0001  max mem: 2671
      TTA Epoch: [6] Total time: 0:00:05 (0.0840 s / it)
     Averaged stats: entropy: 0.3017  uncertainty: 0.6995  uncertainty_coeffi: 0.0100  loss: 3.7374  lr: 0.0001
     itm tta time 0:00:05
      TTA Epoch: [7] [ 0/61]  eta: 0:00:30  entropy: 0.2529  uncertainty: 0.7742  uncertainty_coeffi: 0.0100  loss: 11.0496  lr: 0.000086  time: 0.4996  data: 0.3712  max mem: 2671
      TTA Epoch: [7] [60/61]  eta: 0:00:00  entropy: 0.2403  uncertainty: 0.6949  uncertainty_coeffi: 0.0100  loss: 1.2089  lr: 0.000098  time: 0.1095  data: 0.0001  max mem: 2671
      TTA Epoch: [7] Total time: 0:00:06 (0.1041 s / it)
     Averaged stats: entropy: 0.2891  uncertainty: 0.6987  uncertainty_coeffi: 0.0100  loss: 3.0354  lr: 0.0001
     itm tta time 0:00:06
      TTA Epoch: [8] [ 0/61]  eta: 0:00:31  entropy: 0.2224  uncertainty: 0.3915  uncertainty_coeffi: 0.0100  loss: 1.3771  lr: 0.000098  time: 0.5094  data: 0.3630  max mem: 2671
      TTA Epoch: [8] [60/61]  eta: 0:00:00  entropy: 0.1874  uncertainty: 0.6814  uncertainty_coeffi: 0.0100  loss: 4.1191  lr: 0.000098  time: 0.1101  data: 0.0001  max mem: 2671
      TTA Epoch: [8] Total time: 0:00:07 (0.1163 s / it)
     Averaged stats: entropy: 0.2779  uncertainty: 0.6988  uncertainty_coeffi: 0.0100  loss: 2.8850  lr: 0.0001
     itm tta time 0:00:07
      TTA Epoch: [9] [ 0/61]  eta: 0:00:37  entropy: 0.3300  uncertainty: 0.9539  uncertainty_coeffi: 0.0100  loss: 5.7716  lr: 0.000098  time: 0.6190  data: 0.4578  max mem: 2671
      TTA Epoch: [9] [60/61]  eta: 0:00:00  entropy: 0.3431  uncertainty: 1.0678  uncertainty_coeffi: 0.0100  loss: 2.5864  lr: 0.000097  time: 0.1083  data: 0.0001  max mem: 2671
      TTA Epoch: [9] Total time: 0:00:06 (0.1102 s / it)
     Averaged stats: entropy: 0.2676  uncertainty: 0.6997  uncertainty_coeffi: 0.0100  loss: 2.4058  lr: 0.0001
     itm tta time 0:00:06
     Computing matching score
      Evaluation: [   0/1978]  eta: 0:02:52    time: 0.0871  data: 0.0028  max mem: 2671
      Evaluation: [ 100/1978]  eta: 0:03:26    time: 0.1084  data: 0.0000  max mem: 2671
      Evaluation: [ 200/1978]  eta: 0:03:18    time: 0.1145  data: 0.0000  max mem: 2671
      Evaluation: [ 300/1978]  eta: 0:03:06    time: 0.1112  data: 0.0000  max mem: 2671
      Evaluation: [ 400/1978]  eta: 0:02:55    time: 0.1140  data: 0.0000  max mem: 2671
      Evaluation: [ 500/1978]  eta: 0:02:43    time: 0.1018  data: 0.0000  max mem: 2671
      Evaluation: [ 600/1978]  eta: 0:02:33    time: 0.1147  data: 0.0000  max mem: 2671
      Evaluation: [ 700/1978]  eta: 0:02:22    time: 0.1156  data: 0.0000  max mem: 2671
      Evaluation: [ 800/1978]  eta: 0:02:10    time: 0.1138  data: 0.0000  max mem: 2671
      Evaluation: [ 900/1978]  eta: 0:01:59    time: 0.1067  data: 0.0000  max mem: 2671
      Evaluation: [1000/1978]  eta: 0:01:49    time: 0.1150  data: 0.0000  max mem: 2671
      Evaluation: [1100/1978]  eta: 0:01:37    time: 0.1131  data: 0.0000  max mem: 2671
      Evaluation: [1200/1978]  eta: 0:01:25    time: 0.0697  data: 0.0000  max mem: 2671
      Evaluation: [1300/1978]  eta: 0:01:12    time: 0.0692  data: 0.0000  max mem: 2671
      Evaluation: [1400/1978]  eta: 0:01:00    time: 0.0772  data: 0.0000  max mem: 2671
      Evaluation: [1500/1978]  eta: 0:00:49    time: 0.1046  data: 0.0000  max mem: 2671
      Evaluation: [1600/1978]  eta: 0:00:39    time: 0.1161  data: 0.0000  max mem: 2671
      Evaluation: [1700/1978]  eta: 0:00:28    time: 0.0943  data: 0.0000  max mem: 2671
      Evaluation: [1800/1978]  eta: 0:00:18    time: 0.1176  data: 0.0000  max mem: 2671
      Evaluation: [1900/1978]  eta: 0:00:08    time: 0.0922  data: 0.0000  max mem: 2671
      Evaluation: [1977/1978]  eta: 0:00:00    time: 0.1153  data: 0.0000  max mem: 2671
      Evaluation: Total time: 0:03:26 (0.1046 s / it)
     Computing matching score time 0:03:27
### TTA ITM Score: 
+-------------------+--------+--------+--------+--------+--------+
|       epoch       |   R1   |   R5   |  R10   |  mAP   |  mINP  |
+-------------------+--------+--------+--------+--------+--------+
|  cos_sim_wo/norm  | 58.544 | 91.860 | 95.703 | 73.596 | 73.596 |
|        -999       | 69.414 | 95.197 | 97.776 | 81.233 | 81.233 |
| itm_score_wo/norm | 84.328 | 98.989 | 99.494 | 91.293 | 91.293 |
|        -999       | 84.277 | 99.039 | 99.596 | 91.276 | 91.276 |
|         0         | 84.328 | 99.039 | 99.596 | 91.301 | 91.301 |
|         1         | 84.580 | 99.039 | 99.596 | 91.418 | 91.418 |
|         2         | 84.783 | 98.989 | 99.596 | 91.515 | 91.515 |
|         4         | 84.681 | 98.989 | 99.596 | 91.442 | 91.442 |
|         9         | 84.732 | 98.837 | 99.494 | 91.388 | 91.388 |
+-------------------+--------+--------+--------+--------+--------+
     logs:  {'epo': 9, 'R1': 84.732, 'R5': 98.837, 'R10': 99.494, 'mAP': 91.388, 'mINP': 91.388, 'entropy': 0.267601, 'uncertainty': 0.699707, 'uncertainty_coeffi': 0.01, 'loss': 2.405771, 'lr': 9.8e-05}
      TTA Epoch: [10] [ 0/61]  eta: 0:00:36  entropy: 0.2726  uncertainty: 0.8111  uncertainty_coeffi: 0.0100  loss: 0.7770  lr: 0.000097  time: 0.6052  data: 0.4632  max mem: 2671
      TTA Epoch: [10] [60/61]  eta: 0:00:00  entropy: 0.1915  uncertainty: 0.7241  uncertainty_coeffi: 0.0100  loss: 0.4604  lr: 0.000095  time: 0.0607  data: 0.0001  max mem: 2671
      TTA Epoch: [10] Total time: 0:00:05 (0.0862 s / it)
     Averaged stats: entropy: 0.2567  uncertainty: 0.6971  uncertainty_coeffi: 0.0100  loss: 2.2116  lr: 0.0001
     itm tta time 0:00:05
      TTA Epoch: [11] [ 0/61]  eta: 0:00:28  entropy: 0.2283  uncertainty: 0.7033  uncertainty_coeffi: 0.0100  loss: 0.4637  lr: 0.000095  time: 0.4691  data: 0.3965  max mem: 2671
      TTA Epoch: [11] [60/61]  eta: 0:00:00  entropy: 0.2566  uncertainty: 0.7243  uncertainty_coeffi: 0.0100  loss: 1.7832  lr: 0.000093  time: 0.1081  data: 0.0001  max mem: 2671
      TTA Epoch: [11] Total time: 0:00:06 (0.1027 s / it)
     Averaged stats: entropy: 0.2519  uncertainty: 0.6987  uncertainty_coeffi: 0.0100  loss: 2.0168  lr: 0.0001
     itm tta time 0:00:06
      TTA Epoch: [12] [ 0/61]  eta: 0:00:31  entropy: 0.2847  uncertainty: 0.5763  uncertainty_coeffi: 0.0100  loss: 1.2072  lr: 0.000093  time: 0.5215  data: 0.3864  max mem: 2671
      TTA Epoch: [12] [60/61]  eta: 0:00:00  entropy: 0.0976  uncertainty: 0.6463  uncertainty_coeffi: 0.0100  loss: 0.1836  lr: 0.000091  time: 0.1081  data: 0.0001  max mem: 2671
      TTA Epoch: [12] Total time: 0:00:07 (0.1153 s / it)
     Averaged stats: entropy: 0.2436  uncertainty: 0.6987  uncertainty_coeffi: 0.0100  loss: 1.8060  lr: 0.0001
     itm tta time 0:00:07
      TTA Epoch: [13] [ 0/61]  eta: 0:00:33  entropy: 0.2131  uncertainty: 0.6154  uncertainty_coeffi: 0.0100  loss: 0.5098  lr: 0.000091  time: 0.5479  data: 0.4212  max mem: 2671
      TTA Epoch: [13] [60/61]  eta: 0:00:00  entropy: 0.2155  uncertainty: 0.4526  uncertainty_coeffi: 0.0100  loss: 1.2228  lr: 0.000089  time: 0.1073  data: 0.0001  max mem: 2671
      TTA Epoch: [13] Total time: 0:00:06 (0.1095 s / it)
     Averaged stats: entropy: 0.2371  uncertainty: 0.6973  uncertainty_coeffi: 0.0100  loss: 1.6131  lr: 0.0001
     itm tta time 0:00:06
      TTA Epoch: [14] [ 0/61]  eta: 0:00:31  entropy: 0.1871  uncertainty: 0.6131  uncertainty_coeffi: 0.0100  loss: 0.5703  lr: 0.000089  time: 0.5135  data: 0.3531  max mem: 2671
      TTA Epoch: [14] [60/61]  eta: 0:00:00  entropy: 0.1972  uncertainty: 0.7457  uncertainty_coeffi: 0.0100  loss: 0.5677  lr: 0.000087  time: 0.1092  data: 0.0001  max mem: 2671
      TTA Epoch: [14] Total time: 0:00:07 (0.1163 s / it)
     Averaged stats: entropy: 0.2349  uncertainty: 0.6986  uncertainty_coeffi: 0.0100  loss: 1.6119  lr: 0.0001
     itm tta time 0:00:07
     Computing matching score
      Evaluation: [   0/1978]  eta: 0:04:38    time: 0.1406  data: 0.0023  max mem: 2671
      Evaluation: [ 100/1978]  eta: 0:02:56    time: 0.1117  data: 0.0000  max mem: 2671
      Evaluation: [ 200/1978]  eta: 0:02:59    time: 0.1158  data: 0.0000  max mem: 2671
      Evaluation: [ 300/1978]  eta: 0:02:55    time: 0.1141  data: 0.0000  max mem: 2671
      Evaluation: [ 400/1978]  eta: 0:02:47    time: 0.1130  data: 0.0000  max mem: 2671
      Evaluation: [ 500/1978]  eta: 0:02:39    time: 0.1141  data: 0.0000  max mem: 2671
      Evaluation: [ 600/1978]  eta: 0:02:29    time: 0.1136  data: 0.0000  max mem: 2671
      Evaluation: [ 700/1978]  eta: 0:02:19    time: 0.1144  data: 0.0000  max mem: 2671
      Evaluation: [ 800/1978]  eta: 0:02:07    time: 0.0881  data: 0.0000  max mem: 2671
      Evaluation: [ 900/1978]  eta: 0:01:55    time: 0.1142  data: 0.0000  max mem: 2671
      Evaluation: [1000/1978]  eta: 0:01:45    time: 0.0938  data: 0.0000  max mem: 2671
      Evaluation: [1100/1978]  eta: 0:01:35    time: 0.1142  data: 0.0000  max mem: 2671
      Evaluation: [1200/1978]  eta: 0:01:24    time: 0.1142  data: 0.0000  max mem: 2671
      Evaluation: [1300/1978]  eta: 0:01:13    time: 0.1132  data: 0.0000  max mem: 2671
      Evaluation: [1400/1978]  eta: 0:01:02    time: 0.1001  data: 0.0000  max mem: 2671
      Evaluation: [1500/1978]  eta: 0:00:52    time: 0.1128  data: 0.0000  max mem: 2671
      Evaluation: [1600/1978]  eta: 0:00:40    time: 0.0991  data: 0.0000  max mem: 2671
      Evaluation: [1700/1978]  eta: 0:00:30    time: 0.1137  data: 0.0000  max mem: 2671
      Evaluation: [1800/1978]  eta: 0:00:19    time: 0.1140  data: 0.0000  max mem: 2671
      Evaluation: [1900/1978]  eta: 0:00:08    time: 0.1034  data: 0.0000  max mem: 2671
      Evaluation: [1977/1978]  eta: 0:00:00    time: 0.1136  data: 0.0000  max mem: 2671
      Evaluation: Total time: 0:03:34 (0.1087 s / it)
     Computing matching score time 0:03:35
### TTA ITM Score: 
+-------------------+--------+--------+--------+--------+--------+
|       epoch       |   R1   |   R5   |  R10   |  mAP   |  mINP  |
+-------------------+--------+--------+--------+--------+--------+
|  cos_sim_wo/norm  | 58.544 | 91.860 | 95.703 | 73.596 | 73.596 |
|        -999       | 69.414 | 95.197 | 97.776 | 81.233 | 81.233 |
| itm_score_wo/norm | 84.328 | 98.989 | 99.494 | 91.293 | 91.293 |
|        -999       | 84.277 | 99.039 | 99.596 | 91.276 | 91.276 |
|         0         | 84.328 | 99.039 | 99.596 | 91.301 | 91.301 |
|         1         | 84.580 | 99.039 | 99.596 | 91.418 | 91.418 |
|         2         | 84.783 | 98.989 | 99.596 | 91.515 | 91.515 |
|         4         | 84.681 | 98.989 | 99.596 | 91.442 | 91.442 |
|         9         | 84.732 | 98.837 | 99.494 | 91.388 | 91.388 |
|         14        | 84.176 | 98.736 | 99.090 | 91.024 | 91.024 |
+-------------------+--------+--------+--------+--------+--------+
     logs:  {'epo': 14, 'R1': 84.176, 'R5': 98.736, 'R10': 99.09, 'mAP': 91.024, 'mINP': 91.024, 'entropy': 0.234913, 'uncertainty': 0.698629, 'uncertainty_coeffi': 0.01, 'loss': 1.611905, 'lr': 8.8e-05}
      TTA Epoch: [15] [ 0/61]  eta: 0:00:29  entropy: 0.2463  uncertainty: 0.6742  uncertainty_coeffi: 0.0100  loss: 0.9656  lr: 0.000087  time: 0.4806  data: 0.3340  max mem: 2671
      TTA Epoch: [15] [60/61]  eta: 0:00:00  entropy: 0.2852  uncertainty: 0.8125  uncertainty_coeffi: 0.0100  loss: 0.7297  lr: 0.000085  time: 0.1092  data: 0.0001  max mem: 2671
      TTA Epoch: [15] Total time: 0:00:06 (0.1083 s / it)
     Averaged stats: entropy: 0.2302  uncertainty: 0.7002  uncertainty_coeffi: 0.0100  loss: 1.5106  lr: 0.0001
     itm tta time 0:00:06
      TTA Epoch: [16] [ 0/61]  eta: 0:00:33  entropy: 0.1777  uncertainty: 0.8118  uncertainty_coeffi: 0.0100  loss: 1.3784  lr: 0.000085  time: 0.5432  data: 0.3872  max mem: 2671
      TTA Epoch: [16] [60/61]  eta: 0:00:00  entropy: 0.2469  uncertainty: 0.7593  uncertainty_coeffi: 0.0100  loss: 2.0680  lr: 0.000083  time: 0.1090  data: 0.0001  max mem: 2671
      TTA Epoch: [16] Total time: 0:00:07 (0.1173 s / it)
     Averaged stats: entropy: 0.2208  uncertainty: 0.6980  uncertainty_coeffi: 0.0100  loss: 1.4784  lr: 0.0001
     itm tta time 0:00:07
      TTA Epoch: [17] [ 0/61]  eta: 0:00:36  entropy: 0.1418  uncertainty: 0.6395  uncertainty_coeffi: 0.0100  loss: 3.6823  lr: 0.000083  time: 0.6046  data: 0.4606  max mem: 2671
      TTA Epoch: [17] [60/61]  eta: 0:00:00  entropy: 0.2363  uncertainty: 0.5672  uncertainty_coeffi: 0.0100  loss: 0.7538  lr: 0.000081  time: 0.1076  data: 0.0001  max mem: 2671
      TTA Epoch: [17] Total time: 0:00:06 (0.1096 s / it)
     Averaged stats: entropy: 0.2170  uncertainty: 0.6962  uncertainty_coeffi: 0.0100  loss: 1.3438  lr: 0.0001
     itm tta time 0:00:06
      TTA Epoch: [18] [ 0/61]  eta: 0:00:35  entropy: 0.1959  uncertainty: 0.5565  uncertainty_coeffi: 0.0100  loss: 3.1430  lr: 0.000081  time: 0.5782  data: 0.4327  max mem: 2671
      TTA Epoch: [18] [60/61]  eta: 0:00:00  entropy: 0.1992  uncertainty: 0.5409  uncertainty_coeffi: 0.0100  loss: 0.7576  lr: 0.000080  time: 0.1099  data: 0.0001  max mem: 2671
      TTA Epoch: [18] Total time: 0:00:07 (0.1173 s / it)
     Averaged stats: entropy: 0.2120  uncertainty: 0.6961  uncertainty_coeffi: 0.0100  loss: 1.3522  lr: 0.0001
     itm tta time 0:00:07
      TTA Epoch: [19] [ 0/61]  eta: 0:00:29  entropy: 0.2152  uncertainty: 0.6248  uncertainty_coeffi: 0.0100  loss: 0.9882  lr: 0.000080  time: 0.4833  data: 0.4049  max mem: 2671
      TTA Epoch: [19] [60/61]  eta: 0:00:00  entropy: 0.2607  uncertainty: 0.9123  uncertainty_coeffi: 0.0100  loss: 0.8442  lr: 0.000078  time: 0.0851  data: 0.0001  max mem: 2671
      TTA Epoch: [19] Total time: 0:00:05 (0.0837 s / it)
     Averaged stats: entropy: 0.2064  uncertainty: 0.6999  uncertainty_coeffi: 0.0100  loss: 1.2198  lr: 0.0001
     itm tta time 0:00:05
     Computing matching score
      Evaluation: [   0/1978]  eta: 0:02:28    time: 0.0752  data: 0.0050  max mem: 2671
      Evaluation: [ 100/1978]  eta: 0:03:22    time: 0.1135  data: 0.0000  max mem: 2671
      Evaluation: [ 200/1978]  eta: 0:03:13    time: 0.1132  data: 0.0000  max mem: 2671
      Evaluation: [ 300/1978]  eta: 0:03:03    time: 0.0972  data: 0.0000  max mem: 2671
      Evaluation: [ 400/1978]  eta: 0:02:53    time: 0.1114  data: 0.0000  max mem: 2671
      Evaluation: [ 500/1978]  eta: 0:02:42    time: 0.1128  data: 0.0000  max mem: 2671
      Evaluation: [ 600/1978]  eta: 0:02:31    time: 0.1145  data: 0.0000  max mem: 2671
      Evaluation: [ 700/1978]  eta: 0:02:20    time: 0.0959  data: 0.0000  max mem: 2671
      Evaluation: [ 800/1978]  eta: 0:02:10    time: 0.1126  data: 0.0000  max mem: 2671
      Evaluation: [ 900/1978]  eta: 0:01:59    time: 0.1140  data: 0.0000  max mem: 2671
      Evaluation: [1000/1978]  eta: 0:01:48    time: 0.1113  data: 0.0000  max mem: 2671
      Evaluation: [1100/1978]  eta: 0:01:37    time: 0.1046  data: 0.0000  max mem: 2671
      Evaluation: [1200/1978]  eta: 0:01:26    time: 0.1134  data: 0.0000  max mem: 2671
      Evaluation: [1300/1978]  eta: 0:01:14    time: 0.1137  data: 0.0000  max mem: 2671
      Evaluation: [1400/1978]  eta: 0:01:03    time: 0.0877  data: 0.0000  max mem: 2671
      Evaluation: [1500/1978]  eta: 0:00:52    time: 0.1107  data: 0.0000  max mem: 2671
      Evaluation: [1600/1978]  eta: 0:00:41    time: 0.0963  data: 0.0000  max mem: 2671
      Evaluation: [1700/1978]  eta: 0:00:30    time: 0.1153  data: 0.0000  max mem: 2671
      Evaluation: [1800/1978]  eta: 0:00:19    time: 0.1161  data: 0.0000  max mem: 2671
      Evaluation: [1900/1978]  eta: 0:00:08    time: 0.1154  data: 0.0000  max mem: 2671
      Evaluation: [1977/1978]  eta: 0:00:00    time: 0.1161  data: 0.0000  max mem: 2671
      Evaluation: Total time: 0:03:37 (0.1101 s / it)
     Computing matching score time 0:03:37
### TTA ITM Score: 
+-------------------+--------+--------+--------+--------+--------+
|       epoch       |   R1   |   R5   |  R10   |  mAP   |  mINP  |
+-------------------+--------+--------+--------+--------+--------+
|  cos_sim_wo/norm  | 58.544 | 91.860 | 95.703 | 73.596 | 73.596 |
|        -999       | 69.414 | 95.197 | 97.776 | 81.233 | 81.233 |
| itm_score_wo/norm | 84.328 | 98.989 | 99.494 | 91.293 | 91.293 |
|        -999       | 84.277 | 99.039 | 99.596 | 91.276 | 91.276 |
|         0         | 84.328 | 99.039 | 99.596 | 91.301 | 91.301 |
|         1         | 84.580 | 99.039 | 99.596 | 91.418 | 91.418 |
|         2         | 84.783 | 98.989 | 99.596 | 91.515 | 91.515 |
|         4         | 84.681 | 98.989 | 99.596 | 91.442 | 91.442 |
|         9         | 84.732 | 98.837 | 99.494 | 91.388 | 91.388 |
|         14        | 84.176 | 98.736 | 99.090 | 91.024 | 91.024 |
|         19        | 84.226 | 98.736 | 99.039 | 91.051 | 91.051 |
+-------------------+--------+--------+--------+--------+--------+
     logs:  {'epo': 19, 'R1': 84.226, 'R5': 98.736, 'R10': 99.039, 'mAP': 91.051, 'mINP': 91.051, 'entropy': 0.206408, 'uncertainty': 0.699949, 'uncertainty_coeffi': 0.01, 'loss': 1.219798, 'lr': 7.9e-05}
      TTA Epoch: [20] [ 0/61]  eta: 0:00:36  entropy: 0.2221  uncertainty: 0.6159  uncertainty_coeffi: 0.0100  loss: 0.5576  lr: 0.000078  time: 0.5999  data: 0.4597  max mem: 2671
      TTA Epoch: [20] [60/61]  eta: 0:00:00  entropy: 0.1246  uncertainty: 0.6423  uncertainty_coeffi: 0.0100  loss: 0.4503  lr: 0.000076  time: 0.1109  data: 0.0001  max mem: 2671
      TTA Epoch: [20] Total time: 0:00:07 (0.1177 s / it)
     Averaged stats: entropy: 0.2011  uncertainty: 0.6975  uncertainty_coeffi: 0.0100  loss: 1.1753  lr: 0.0001
     itm tta time 0:00:07
      TTA Epoch: [21] [ 0/61]  eta: 0:00:34  entropy: 0.2337  uncertainty: 0.6938  uncertainty_coeffi: 0.0100  loss: 0.4964  lr: 0.000076  time: 0.5665  data: 0.4518  max mem: 2671
      TTA Epoch: [21] [60/61]  eta: 0:00:00  entropy: 0.2098  uncertainty: 0.9059  uncertainty_coeffi: 0.0100  loss: 0.9942  lr: 0.000074  time: 0.0888  data: 0.0001  max mem: 2671
      TTA Epoch: [21] Total time: 0:00:06 (0.1121 s / it)
     Averaged stats: entropy: 0.1987  uncertainty: 0.6999  uncertainty_coeffi: 0.0100  loss: 1.1695  lr: 0.0001
     itm tta time 0:00:06
      TTA Epoch: [22] [ 0/61]  eta: 0:00:35  entropy: 0.2149  uncertainty: 0.3667  uncertainty_coeffi: 0.0100  loss: 0.7407  lr: 0.000074  time: 0.5785  data: 0.4386  max mem: 2671
      TTA Epoch: [22] [60/61]  eta: 0:00:00  entropy: 0.2780  uncertainty: 1.1301  uncertainty_coeffi: 0.0100  loss: 0.8179  lr: 0.000072  time: 0.1107  data: 0.0001  max mem: 2671
      TTA Epoch: [22] Total time: 0:00:07 (0.1186 s / it)
     Averaged stats: entropy: 0.1949  uncertainty: 0.6985  uncertainty_coeffi: 0.0100  loss: 0.9767  lr: 0.0001
     itm tta time 0:00:07
      TTA Epoch: [23] [ 0/61]  eta: 0:00:29  entropy: 0.1464  uncertainty: 0.3306  uncertainty_coeffi: 0.0100  loss: 0.6301  lr: 0.000072  time: 0.4819  data: 0.3608  max mem: 2671
      TTA Epoch: [23] [60/61]  eta: 0:00:00  entropy: 0.2291  uncertainty: 0.8871  uncertainty_coeffi: 0.0100  loss: 0.4490  lr: 0.000070  time: 0.1087  data: 0.0001  max mem: 2671
      TTA Epoch: [23] Total time: 0:00:06 (0.1104 s / it)
     Averaged stats: entropy: 0.1933  uncertainty: 0.6991  uncertainty_coeffi: 0.0100  loss: 0.9806  lr: 0.0001
     itm tta time 0:00:06
      TTA Epoch: [24] [ 0/61]  eta: 0:00:33  entropy: 0.1416  uncertainty: 0.7624  uncertainty_coeffi: 0.0100  loss: 0.5818  lr: 0.000070  time: 0.5556  data: 0.4082  max mem: 2671
      TTA Epoch: [24] [60/61]  eta: 0:00:00  entropy: 0.1458  uncertainty: 0.6109  uncertainty_coeffi: 0.0100  loss: 0.3358  lr: 0.000068  time: 0.1109  data: 0.0001  max mem: 2671
      TTA Epoch: [24] Total time: 0:00:07 (0.1179 s / it)
     Averaged stats: entropy: 0.1918  uncertainty: 0.6986  uncertainty_coeffi: 0.0100  loss: 0.9199  lr: 0.0001
     itm tta time 0:00:07
      TTA Epoch: [25] [ 0/61]  eta: 0:00:33  entropy: 0.0737  uncertainty: 0.6034  uncertainty_coeffi: 0.0100  loss: 0.2988  lr: 0.000068  time: 0.5440  data: 0.4240  max mem: 2671
      TTA Epoch: [25] [60/61]  eta: 0:00:00  entropy: 0.2214  uncertainty: 0.6969  uncertainty_coeffi: 0.0100  loss: 2.3566  lr: 0.000066  time: 0.1130  data: 0.0001  max mem: 2671
      TTA Epoch: [25] Total time: 0:00:06 (0.1110 s / it)
     Averaged stats: entropy: 0.1880  uncertainty: 0.7000  uncertainty_coeffi: 0.0100  loss: 0.9231  lr: 0.0001
     itm tta time 0:00:06
      TTA Epoch: [26] [ 0/61]  eta: 0:00:32  entropy: 0.2293  uncertainty: 0.6033  uncertainty_coeffi: 0.0100  loss: 2.4362  lr: 0.000066  time: 0.5378  data: 0.4065  max mem: 2671
      TTA Epoch: [26] [60/61]  eta: 0:00:00  entropy: 0.1195  uncertainty: 0.3624  uncertainty_coeffi: 0.0100  loss: 0.4204  lr: 0.000064  time: 0.1105  data: 0.0001  max mem: 2671
      TTA Epoch: [26] Total time: 0:00:07 (0.1188 s / it)
     Averaged stats: entropy: 0.1843  uncertainty: 0.6994  uncertainty_coeffi: 0.0100  loss: 0.9082  lr: 0.0001
     itm tta time 0:00:07
      TTA Epoch: [27] [ 0/61]  eta: 0:00:34  entropy: 0.3379  uncertainty: 0.7818  uncertainty_coeffi: 0.0100  loss: 0.9311  lr: 0.000064  time: 0.5724  data: 0.4296  max mem: 2671
      TTA Epoch: [27] [60/61]  eta: 0:00:00  entropy: 0.0746  uncertainty: 0.4958  uncertainty_coeffi: 0.0100  loss: 0.5555  lr: 0.000062  time: 0.1094  data: 0.0001  max mem: 2671
      TTA Epoch: [27] Total time: 0:00:06 (0.1098 s / it)
     Averaged stats: entropy: 0.1879  uncertainty: 0.6993  uncertainty_coeffi: 0.0100  loss: 0.8253  lr: 0.0001
     itm tta time 0:00:06
      TTA Epoch: [28] [ 0/61]  eta: 0:00:34  entropy: 0.2111  uncertainty: 0.6760  uncertainty_coeffi: 0.0100  loss: 0.9434  lr: 0.000062  time: 0.5649  data: 0.4331  max mem: 2671
      TTA Epoch: [28] [60/61]  eta: 0:00:00  entropy: 0.1702  uncertainty: 0.5889  uncertainty_coeffi: 0.0100  loss: 0.4581  lr: 0.000061  time: 0.1047  data: 0.0001  max mem: 2671
      TTA Epoch: [28] Total time: 0:00:07 (0.1162 s / it)
     Averaged stats: entropy: 0.1821  uncertainty: 0.6969  uncertainty_coeffi: 0.0100  loss: 0.9123  lr: 0.0001
     itm tta time 0:00:07
      TTA Epoch: [29] [ 0/61]  eta: 0:00:33  entropy: 0.1484  uncertainty: 0.6006  uncertainty_coeffi: 0.0100  loss: 4.6342  lr: 0.000061  time: 0.5427  data: 0.4029  max mem: 2671
      TTA Epoch: [29] [60/61]  eta: 0:00:00  entropy: 0.3169  uncertainty: 0.8404  uncertainty_coeffi: 0.0100  loss: 2.6384  lr: 0.000059  time: 0.1118  data: 0.0001  max mem: 2671
      TTA Epoch: [29] Total time: 0:00:07 (0.1182 s / it)
     Averaged stats: entropy: 0.1764  uncertainty: 0.6994  uncertainty_coeffi: 0.0100  loss: 0.8362  lr: 0.0001
     itm tta time 0:00:07
     Computing matching score
      Evaluation: [   0/1978]  eta: 0:04:30    time: 0.1369  data: 0.0025  max mem: 2671
      Evaluation: [ 100/1978]  eta: 0:03:02    time: 0.0690  data: 0.0000  max mem: 2671
      Evaluation: [ 200/1978]  eta: 0:03:02    time: 0.1167  data: 0.0000  max mem: 2671
      Evaluation: [ 300/1978]  eta: 0:02:57    time: 0.1141  data: 0.0000  max mem: 2671
      Evaluation: [ 400/1978]  eta: 0:02:48    time: 0.0955  data: 0.0000  max mem: 2671
      Evaluation: [ 500/1978]  eta: 0:02:40    time: 0.1148  data: 0.0000  max mem: 2671
      Evaluation: [ 600/1978]  eta: 0:02:30    time: 0.1149  data: 0.0000  max mem: 2671
      Evaluation: [ 700/1978]  eta: 0:02:19    time: 0.1151  data: 0.0000  max mem: 2671
      Evaluation: [ 800/1978]  eta: 0:02:09    time: 0.0995  data: 0.0000  max mem: 2671
      Evaluation: [ 900/1978]  eta: 0:01:58    time: 0.1139  data: 0.0000  max mem: 2671
      Evaluation: [1000/1978]  eta: 0:01:47    time: 0.1120  data: 0.0000  max mem: 2671
      Evaluation: [1100/1978]  eta: 0:01:36    time: 0.1145  data: 0.0000  max mem: 2671
      Evaluation: [1200/1978]  eta: 0:01:25    time: 0.0978  data: 0.0000  max mem: 2671
      Evaluation: [1300/1978]  eta: 0:01:14    time: 0.1170  data: 0.0000  max mem: 2671
      Evaluation: [1400/1978]  eta: 0:01:03    time: 0.1154  data: 0.0000  max mem: 2671
      Evaluation: [1500/1978]  eta: 0:00:52    time: 0.0752  data: 0.0000  max mem: 2671
      Evaluation: [1600/1978]  eta: 0:00:41    time: 0.1138  data: 0.0000  max mem: 2671
      Evaluation: [1700/1978]  eta: 0:00:30    time: 0.1132  data: 0.0000  max mem: 2671
      Evaluation: [1800/1978]  eta: 0:00:19    time: 0.1008  data: 0.0000  max mem: 2671
      Evaluation: [1900/1978]  eta: 0:00:08    time: 0.1113  data: 0.0000  max mem: 2671
      Evaluation: [1977/1978]  eta: 0:00:00    time: 0.1154  data: 0.0000  max mem: 2671
      Evaluation: Total time: 0:03:37 (0.1100 s / it)
     Computing matching score time 0:03:38
### TTA ITM Score: 
+-------------------+--------+--------+--------+--------+--------+
|       epoch       |   R1   |   R5   |  R10   |  mAP   |  mINP  |
+-------------------+--------+--------+--------+--------+--------+
|  cos_sim_wo/norm  | 58.544 | 91.860 | 95.703 | 73.596 | 73.596 |
|        -999       | 69.414 | 95.197 | 97.776 | 81.233 | 81.233 |
| itm_score_wo/norm | 84.328 | 98.989 | 99.494 | 91.293 | 91.293 |
|        -999       | 84.277 | 99.039 | 99.596 | 91.276 | 91.276 |
|         0         | 84.328 | 99.039 | 99.596 | 91.301 | 91.301 |
|         1         | 84.580 | 99.039 | 99.596 | 91.418 | 91.418 |
|         2         | 84.783 | 98.989 | 99.596 | 91.515 | 91.515 |
|         4         | 84.681 | 98.989 | 99.596 | 91.442 | 91.442 |
|         9         | 84.732 | 98.837 | 99.494 | 91.388 | 91.388 |
|         14        | 84.176 | 98.736 | 99.090 | 91.024 | 91.024 |
|         19        | 84.226 | 98.736 | 99.039 | 91.051 | 91.051 |
|         29        | 83.873 | 98.686 | 99.090 | 90.831 | 90.831 |
+-------------------+--------+--------+--------+--------+--------+
     logs:  {'epo': 29, 'R1': 83.873, 'R5': 98.686, 'R10': 99.09, 'mAP': 90.831, 'mINP': 90.831, 'entropy': 0.176444, 'uncertainty': 0.699358, 'uncertainty_coeffi': 0.01, 'loss': 0.83618, 'lr': 6e-05}
      TTA Epoch: [30] [ 0/61]  eta: 0:00:31  entropy: 0.1695  uncertainty: 0.8179  uncertainty_coeffi: 0.0100  loss: 0.2951  lr: 0.000059  time: 0.5154  data: 0.3870  max mem: 2671
      TTA Epoch: [30] [60/61]  eta: 0:00:00  entropy: 0.1576  uncertainty: 0.8246  uncertainty_coeffi: 0.0100  loss: 0.1822  lr: 0.000057  time: 0.0871  data: 0.0001  max mem: 2671
      TTA Epoch: [30] Total time: 0:00:06 (0.1105 s / it)
     Averaged stats: entropy: 0.1739  uncertainty: 0.6985  uncertainty_coeffi: 0.0100  loss: 0.8511  lr: 0.0001
     itm tta time 0:00:06
      TTA Epoch: [31] [ 0/61]  eta: 0:00:31  entropy: 0.1196  uncertainty: 0.4707  uncertainty_coeffi: 0.0100  loss: 0.7070  lr: 0.000057  time: 0.5212  data: 0.4276  max mem: 2671
      TTA Epoch: [31] [60/61]  eta: 0:00:00  entropy: 0.2208  uncertainty: 0.7686  uncertainty_coeffi: 0.0100  loss: 0.9622  lr: 0.000055  time: 0.1094  data: 0.0001  max mem: 2671
      TTA Epoch: [31] Total time: 0:00:07 (0.1168 s / it)
     Averaged stats: entropy: 0.1767  uncertainty: 0.7002  uncertainty_coeffi: 0.0100  loss: 0.7464  lr: 0.0001
     itm tta time 0:00:07
      TTA Epoch: [32] [ 0/61]  eta: 0:00:32  entropy: 0.1610  uncertainty: 0.8144  uncertainty_coeffi: 0.0100  loss: 0.2696  lr: 0.000055  time: 0.5372  data: 0.4019  max mem: 2671
      TTA Epoch: [32] [60/61]  eta: 0:00:00  entropy: 0.2089  uncertainty: 0.8911  uncertainty_coeffi: 0.0100  loss: 0.9583  lr: 0.000027  time: 0.0947  data: 0.0001  max mem: 2671
      TTA Epoch: [32] Total time: 0:00:06 (0.1091 s / it)
     Averaged stats: entropy: 0.1767  uncertainty: 0.6989  uncertainty_coeffi: 0.0100  loss: 0.7144  lr: 0.0000
     itm tta time 0:00:06
      TTA Epoch: [33] [ 0/61]  eta: 0:00:33  entropy: 0.0994  uncertainty: 0.5524  uncertainty_coeffi: 0.0100  loss: 0.6410  lr: 0.000026  time: 0.5533  data: 0.4035  max mem: 2671
      TTA Epoch: [33] [60/61]  eta: 0:00:00  entropy: 0.2156  uncertainty: 0.7297  uncertainty_coeffi: 0.0100  loss: 0.7285  lr: 0.000026  time: 0.1108  data: 0.0001  max mem: 2671
      TTA Epoch: [33] Total time: 0:00:07 (0.1184 s / it)
     Averaged stats: entropy: 0.1740  uncertainty: 0.7006  uncertainty_coeffi: 0.0100  loss: 0.7770  lr: 0.0000
     itm tta time 0:00:07
      TTA Epoch: [34] [ 0/61]  eta: 0:00:33  entropy: 0.1329  uncertainty: 0.4975  uncertainty_coeffi: 0.0100  loss: 0.3025  lr: 0.000026  time: 0.5546  data: 0.4092  max mem: 2671
      TTA Epoch: [34] [60/61]  eta: 0:00:00  entropy: 0.1067  uncertainty: 0.6677  uncertainty_coeffi: 0.0100  loss: 0.3225  lr: 0.000025  time: 0.1080  data: 0.0001  max mem: 2671
      TTA Epoch: [34] Total time: 0:00:06 (0.1093 s / it)
     Averaged stats: entropy: 0.1747  uncertainty: 0.6991  uncertainty_coeffi: 0.0100  loss: 0.6914  lr: 0.0000
     itm tta time 0:00:06
      TTA Epoch: [35] [ 0/61]  eta: 0:00:27  entropy: 0.1154  uncertainty: 0.8126  uncertainty_coeffi: 0.0100  loss: 0.6414  lr: 0.000025  time: 0.4478  data: 0.3306  max mem: 2671
      TTA Epoch: [35] [60/61]  eta: 0:00:00  entropy: 0.1383  uncertainty: 0.8282  uncertainty_coeffi: 0.0100  loss: 0.2499  lr: 0.000024  time: 0.1094  data: 0.0001  max mem: 2671
      TTA Epoch: [35] Total time: 0:00:07 (0.1162 s / it)
     Averaged stats: entropy: 0.1747  uncertainty: 0.6994  uncertainty_coeffi: 0.0100  loss: 0.7692  lr: 0.0000
     itm tta time 0:00:07
      TTA Epoch: [36] [ 0/61]  eta: 0:00:35  entropy: 0.1594  uncertainty: 1.0049  uncertainty_coeffi: 0.0100  loss: 0.6130  lr: 0.000024  time: 0.5751  data: 0.4222  max mem: 2671
      TTA Epoch: [36] [60/61]  eta: 0:00:00  entropy: 0.1783  uncertainty: 0.7015  uncertainty_coeffi: 0.0100  loss: 0.4115  lr: 0.000023  time: 0.1105  data: 0.0001  max mem: 2671
      TTA Epoch: [36] Total time: 0:00:06 (0.1118 s / it)
     Averaged stats: entropy: 0.1714  uncertainty: 0.6992  uncertainty_coeffi: 0.0100  loss: 0.7174  lr: 0.0000
     itm tta time 0:00:06
      TTA Epoch: [37] [ 0/61]  eta: 0:00:33  entropy: 0.1686  uncertainty: 0.4525  uncertainty_coeffi: 0.0100  loss: 0.8072  lr: 0.000023  time: 0.5456  data: 0.3981  max mem: 2671
      TTA Epoch: [37] [60/61]  eta: 0:00:00  entropy: 0.1795  uncertainty: 0.8042  uncertainty_coeffi: 0.0100  loss: 0.4125  lr: 0.000022  time: 0.1114  data: 0.0001  max mem: 2671
      TTA Epoch: [37] Total time: 0:00:07 (0.1185 s / it)
     Averaged stats: entropy: 0.1715  uncertainty: 0.6983  uncertainty_coeffi: 0.0100  loss: 0.7210  lr: 0.0000
     itm tta time 0:00:07
      TTA Epoch: [38] [ 0/61]  eta: 0:00:35  entropy: 0.2024  uncertainty: 0.8951  uncertainty_coeffi: 0.0100  loss: 0.4351  lr: 0.000022  time: 0.5843  data: 0.4318  max mem: 2671
      TTA Epoch: [38] [60/61]  eta: 0:00:00  entropy: 0.2096  uncertainty: 0.7660  uncertainty_coeffi: 0.0100  loss: 0.4836  lr: 0.000021  time: 0.1095  data: 0.0001  max mem: 2671
      TTA Epoch: [38] Total time: 0:00:06 (0.1111 s / it)
     Averaged stats: entropy: 0.1741  uncertainty: 0.6973  uncertainty_coeffi: 0.0100  loss: 0.7722  lr: 0.0000
     itm tta time 0:00:06
      TTA Epoch: [39] [ 0/61]  eta: 0:00:31  entropy: 0.2930  uncertainty: 0.9126  uncertainty_coeffi: 0.0100  loss: 0.7372  lr: 0.000021  time: 0.5209  data: 0.3849  max mem: 2671
      TTA Epoch: [39] [60/61]  eta: 0:00:00  entropy: 0.2982  uncertainty: 0.7480  uncertainty_coeffi: 0.0100  loss: 0.4652  lr: 0.000020  time: 0.1075  data: 0.0001  max mem: 2671
      TTA Epoch: [39] Total time: 0:00:07 (0.1164 s / it)
     Averaged stats: entropy: 0.1697  uncertainty: 0.7000  uncertainty_coeffi: 0.0100  loss: 0.7930  lr: 0.0000
     itm tta time 0:00:07
     Computing matching score
      Evaluation: [   0/1978]  eta: 0:02:19    time: 0.0708  data: 0.0022  max mem: 2671
      Evaluation: [ 100/1978]  eta: 0:03:30    time: 0.1112  data: 0.0000  max mem: 2671
      Evaluation: [ 200/1978]  eta: 0:03:02    time: 0.0981  data: 0.0000  max mem: 2671
      Evaluation: [ 300/1978]  eta: 0:02:35    time: 0.0704  data: 0.0000  max mem: 2671
      Evaluation: [ 400/1978]  eta: 0:02:19    time: 0.0712  data: 0.0000  max mem: 2671
      Evaluation: [ 500/1978]  eta: 0:02:14    time: 0.1155  data: 0.0000  max mem: 2671
      Evaluation: [ 600/1978]  eta: 0:02:09    time: 0.0879  data: 0.0000  max mem: 2671
      Evaluation: [ 700/1978]  eta: 0:02:00    time: 0.1143  data: 0.0000  max mem: 2671
      Evaluation: [ 800/1978]  eta: 0:01:53    time: 0.0984  data: 0.0000  max mem: 2671
      Evaluation: [ 900/1978]  eta: 0:01:43    time: 0.1128  data: 0.0000  max mem: 2671
      Evaluation: [1000/1978]  eta: 0:01:35    time: 0.1118  data: 0.0000  max mem: 2671
      Evaluation: [1100/1978]  eta: 0:01:25    time: 0.1151  data: 0.0000  max mem: 2671
      Evaluation: [1200/1978]  eta: 0:01:16    time: 0.1092  data: 0.0000  max mem: 2671
      Evaluation: [1300/1978]  eta: 0:01:07    time: 0.1149  data: 0.0000  max mem: 2671
      Evaluation: [1400/1978]  eta: 0:00:57    time: 0.0918  data: 0.0000  max mem: 2671
      Evaluation: [1500/1978]  eta: 0:00:47    time: 0.1162  data: 0.0000  max mem: 2671
      Evaluation: [1600/1978]  eta: 0:00:38    time: 0.1150  data: 0.0000  max mem: 2671
      Evaluation: [1700/1978]  eta: 0:00:28    time: 0.1083  data: 0.0000  max mem: 2671
      Evaluation: [1800/1978]  eta: 0:00:18    time: 0.1138  data: 0.0000  max mem: 2671
      Evaluation: [1900/1978]  eta: 0:00:07    time: 0.1132  data: 0.0000  max mem: 2671
      Evaluation: [1977/1978]  eta: 0:00:00    time: 0.1156  data: 0.0000  max mem: 2671
      Evaluation: Total time: 0:03:23 (0.1028 s / it)
     Computing matching score time 0:03:24
### TTA ITM Score: 
+-------------------+--------+--------+--------+--------+--------+
|       epoch       |   R1   |   R5   |  R10   |  mAP   |  mINP  |
+-------------------+--------+--------+--------+--------+--------+
|  cos_sim_wo/norm  | 58.544 | 91.860 | 95.703 | 73.596 | 73.596 |
|        -999       | 69.414 | 95.197 | 97.776 | 81.233 | 81.233 |
| itm_score_wo/norm | 84.328 | 98.989 | 99.494 | 91.293 | 91.293 |
|        -999       | 84.277 | 99.039 | 99.596 | 91.276 | 91.276 |
|         0         | 84.328 | 99.039 | 99.596 | 91.301 | 91.301 |
|         1         | 84.580 | 99.039 | 99.596 | 91.418 | 91.418 |
|         2         | 84.783 | 98.989 | 99.596 | 91.515 | 91.515 |
|         4         | 84.681 | 98.989 | 99.596 | 91.442 | 91.442 |
|         9         | 84.732 | 98.837 | 99.494 | 91.388 | 91.388 |
|         14        | 84.176 | 98.736 | 99.090 | 91.024 | 91.024 |
|         19        | 84.226 | 98.736 | 99.039 | 91.051 | 91.051 |
|         29        | 83.873 | 98.686 | 99.090 | 90.831 | 90.831 |
|         39        | 83.974 | 98.686 | 99.090 | 90.875 | 90.875 |
+-------------------+--------+--------+--------+--------+--------+
     logs:  {'epo': 39, 'R1': 83.974, 'R5': 98.686, 'R10': 99.09, 'mAP': 90.875, 'mINP': 90.875, 'entropy': 0.169703, 'uncertainty': 0.700044, 'uncertainty_coeffi': 0.01, 'loss': 0.793027, 'lr': 2e-05}
      TTA Epoch: [40] [ 0/61]  eta: 0:00:38  entropy: 0.2380  uncertainty: 0.8159  uncertainty_coeffi: 0.0100  loss: 0.3623  lr: 0.000020  time: 0.6378  data: 0.4942  max mem: 2671
      TTA Epoch: [40] [60/61]  eta: 0:00:00  entropy: 0.1871  uncertainty: 0.6727  uncertainty_coeffi: 0.0100  loss: 0.5732  lr: 0.000019  time: 0.1057  data: 0.0001  max mem: 2671
      TTA Epoch: [40] Total time: 0:00:07 (0.1166 s / it)
     Averaged stats: entropy: 0.1694  uncertainty: 0.6989  uncertainty_coeffi: 0.0100  loss: 0.6837  lr: 0.0000
     itm tta time 0:00:07
      TTA Epoch: [41] [ 0/61]  eta: 0:00:30  entropy: 0.1524  uncertainty: 0.8708  uncertainty_coeffi: 0.0100  loss: 0.5299  lr: 0.000019  time: 0.4982  data: 0.3857  max mem: 2671
      TTA Epoch: [41] [60/61]  eta: 0:00:00  entropy: 0.2258  uncertainty: 0.7522  uncertainty_coeffi: 0.0100  loss: 0.3124  lr: 0.000018  time: 0.0605  data: 0.0001  max mem: 2671
      TTA Epoch: [41] Total time: 0:00:04 (0.0762 s / it)
     Averaged stats: entropy: 0.1651  uncertainty: 0.7002  uncertainty_coeffi: 0.0100  loss: 0.6233  lr: 0.0000
     itm tta time 0:00:04
      TTA Epoch: [42] [ 0/61]  eta: 0:00:31  entropy: 0.1561  uncertainty: 0.6901  uncertainty_coeffi: 0.0100  loss: 0.2071  lr: 0.000018  time: 0.5126  data: 0.3709  max mem: 2671
      TTA Epoch: [42] [60/61]  eta: 0:00:00  entropy: 0.1351  uncertainty: 0.7746  uncertainty_coeffi: 0.0100  loss: 0.5329  lr: 0.000017  time: 0.1091  data: 0.0001  max mem: 2671
      TTA Epoch: [42] Total time: 0:00:06 (0.1012 s / it)
     Averaged stats: entropy: 0.1655  uncertainty: 0.6995  uncertainty_coeffi: 0.0100  loss: 0.6163  lr: 0.0000
     itm tta time 0:00:06
      TTA Epoch: [43] [ 0/61]  eta: 0:00:30  entropy: 0.1110  uncertainty: 0.7027  uncertainty_coeffi: 0.0100  loss: 0.1951  lr: 0.000017  time: 0.5056  data: 0.3631  max mem: 2671
      TTA Epoch: [43] [60/61]  eta: 0:00:00  entropy: 0.1760  uncertainty: 0.5951  uncertainty_coeffi: 0.0100  loss: 0.4550  lr: 0.000016  time: 0.1153  data: 0.0001  max mem: 2671
      TTA Epoch: [43] Total time: 0:00:07 (0.1198 s / it)
     Averaged stats: entropy: 0.1672  uncertainty: 0.7003  uncertainty_coeffi: 0.0100  loss: 0.6583  lr: 0.0000
     itm tta time 0:00:07
      TTA Epoch: [44] [ 0/61]  eta: 0:00:27  entropy: 0.1524  uncertainty: 0.6005  uncertainty_coeffi: 0.0100  loss: 0.6758  lr: 0.000016  time: 0.4525  data: 0.3493  max mem: 2671
      TTA Epoch: [44] [60/61]  eta: 0:00:00  entropy: 0.1882  uncertainty: 0.7502  uncertainty_coeffi: 0.0100  loss: 0.5897  lr: 0.000015  time: 0.1149  data: 0.0001  max mem: 2671
      TTA Epoch: [44] Total time: 0:00:06 (0.1116 s / it)
     Averaged stats: entropy: 0.1696  uncertainty: 0.6999  uncertainty_coeffi: 0.0100  loss: 0.6757  lr: 0.0000
     itm tta time 0:00:06
      TTA Epoch: [45] [ 0/61]  eta: 0:00:30  entropy: 0.1284  uncertainty: 0.3608  uncertainty_coeffi: 0.0100  loss: 0.7204  lr: 0.000015  time: 0.4919  data: 0.3754  max mem: 2671
      TTA Epoch: [45] [60/61]  eta: 0:00:00  entropy: 0.1317  uncertainty: 0.7622  uncertainty_coeffi: 0.0100  loss: 0.2872  lr: 0.000014  time: 0.1076  data: 0.0001  max mem: 2671
      TTA Epoch: [45] Total time: 0:00:07 (0.1185 s / it)
     Averaged stats: entropy: 0.1588  uncertainty: 0.6998  uncertainty_coeffi: 0.0100  loss: 0.6662  lr: 0.0000
     itm tta time 0:00:07
      TTA Epoch: [46] [ 0/61]  eta: 0:00:32  entropy: 0.1803  uncertainty: 0.7486  uncertainty_coeffi: 0.0100  loss: 3.1022  lr: 0.000014  time: 0.5316  data: 0.3864  max mem: 2671
      TTA Epoch: [46] [60/61]  eta: 0:00:00  entropy: 0.1515  uncertainty: 0.4372  uncertainty_coeffi: 0.0100  loss: 0.4528  lr: 0.000013  time: 0.1093  data: 0.0001  max mem: 2671
      TTA Epoch: [46] Total time: 0:00:07 (0.1179 s / it)
     Averaged stats: entropy: 0.1616  uncertainty: 0.7001  uncertainty_coeffi: 0.0100  loss: 0.5873  lr: 0.0000
     itm tta time 0:00:07
      TTA Epoch: [47] [ 0/61]  eta: 0:00:34  entropy: 0.1475  uncertainty: 0.8518  uncertainty_coeffi: 0.0100  loss: 0.6288  lr: 0.000013  time: 0.5657  data: 0.4105  max mem: 2671
      TTA Epoch: [47] [60/61]  eta: 0:00:00  entropy: 0.1445  uncertainty: 0.5522  uncertainty_coeffi: 0.0100  loss: 0.6844  lr: 0.000012  time: 0.0874  data: 0.0001  max mem: 2671
      TTA Epoch: [47] Total time: 0:00:06 (0.1108 s / it)
     Averaged stats: entropy: 0.1653  uncertainty: 0.6988  uncertainty_coeffi: 0.0100  loss: 0.6427  lr: 0.0000
     itm tta time 0:00:06
      TTA Epoch: [48] [ 0/61]  eta: 0:00:31  entropy: 0.1223  uncertainty: 0.5301  uncertainty_coeffi: 0.0100  loss: 0.7836  lr: 0.000012  time: 0.5174  data: 0.3730  max mem: 2671
      TTA Epoch: [48] [60/61]  eta: 0:00:00  entropy: 0.2550  uncertainty: 0.8761  uncertainty_coeffi: 0.0100  loss: 0.9119  lr: 0.000011  time: 0.1096  data: 0.0001  max mem: 2671
      TTA Epoch: [48] Total time: 0:00:07 (0.1179 s / it)
     Averaged stats: entropy: 0.1682  uncertainty: 0.6968  uncertainty_coeffi: 0.0100  loss: 0.7430  lr: 0.0000
     itm tta time 0:00:07
      TTA Epoch: [49] [ 0/61]  eta: 0:00:33  entropy: 0.1586  uncertainty: 0.8322  uncertainty_coeffi: 0.0100  loss: 1.8214  lr: 0.000011  time: 0.5540  data: 0.4032  max mem: 2671
      TTA Epoch: [49] [60/61]  eta: 0:00:00  entropy: 0.2149  uncertainty: 0.7218  uncertainty_coeffi: 0.0100  loss: 0.9208  lr: 0.000010  time: 0.1133  data: 0.0001  max mem: 2671
      TTA Epoch: [49] Total time: 0:00:06 (0.1120 s / it)
     Averaged stats: entropy: 0.1658  uncertainty: 0.6956  uncertainty_coeffi: 0.0100  loss: 0.6482  lr: 0.0000
     itm tta time 0:00:06
     Computing matching score
      Evaluation: [   0/1978]  eta: 0:04:06    time: 0.1249  data: 0.0048  max mem: 2671
      Evaluation: [ 100/1978]  eta: 0:03:32    time: 0.1117  data: 0.0000  max mem: 2671
      Evaluation: [ 200/1978]  eta: 0:02:59    time: 0.1053  data: 0.0000  max mem: 2671
      Evaluation: [ 300/1978]  eta: 0:02:56    time: 0.1149  data: 0.0000  max mem: 2671
      Evaluation: [ 400/1978]  eta: 0:02:48    time: 0.1136  data: 0.0000  max mem: 2671
      Evaluation: [ 500/1978]  eta: 0:02:38    time: 0.1116  data: 0.0000  max mem: 2671
      Evaluation: [ 600/1978]  eta: 0:02:28    time: 0.0967  data: 0.0000  max mem: 2671
      Evaluation: [ 700/1978]  eta: 0:02:18    time: 0.1156  data: 0.0000  max mem: 2671
      Evaluation: [ 800/1978]  eta: 0:02:08    time: 0.1127  data: 0.0000  max mem: 2671
      Evaluation: [ 900/1978]  eta: 0:01:55    time: 0.0688  data: 0.0000  max mem: 2671
      Evaluation: [1000/1978]  eta: 0:01:44    time: 0.1108  data: 0.0000  max mem: 2671
      Evaluation: [1100/1978]  eta: 0:01:34    time: 0.1132  data: 0.0000  max mem: 2671
      Evaluation: [1200/1978]  eta: 0:01:23    time: 0.1139  data: 0.0000  max mem: 2671
      Evaluation: [1300/1978]  eta: 0:01:13    time: 0.1141  data: 0.0000  max mem: 2671
      Evaluation: [1400/1978]  eta: 0:01:02    time: 0.1130  data: 0.0000  max mem: 2671
      Evaluation: [1500/1978]  eta: 0:00:51    time: 0.1117  data: 0.0000  max mem: 2671
      Evaluation: [1600/1978]  eta: 0:00:41    time: 0.1126  data: 0.0000  max mem: 2671
      Evaluation: [1700/1978]  eta: 0:00:30    time: 0.1121  data: 0.0000  max mem: 2671
      Evaluation: [1800/1978]  eta: 0:00:19    time: 0.1127  data: 0.0000  max mem: 2671
      Evaluation: [1900/1978]  eta: 0:00:08    time: 0.0959  data: 0.0000  max mem: 2671
      Evaluation: [1977/1978]  eta: 0:00:00    time: 0.1151  data: 0.0000  max mem: 2671
      Evaluation: Total time: 0:03:35 (0.1089 s / it)
     Computing matching score time 0:03:36
### TTA ITM Score: 
+-------------------+--------+--------+--------+--------+--------+
|       epoch       |   R1   |   R5   |  R10   |  mAP   |  mINP  |
+-------------------+--------+--------+--------+--------+--------+
|  cos_sim_wo/norm  | 58.544 | 91.860 | 95.703 | 73.596 | 73.596 |
|        -999       | 69.414 | 95.197 | 97.776 | 81.233 | 81.233 |
| itm_score_wo/norm | 84.328 | 98.989 | 99.494 | 91.293 | 91.293 |
|        -999       | 84.277 | 99.039 | 99.596 | 91.276 | 91.276 |
|         0         | 84.328 | 99.039 | 99.596 | 91.301 | 91.301 |
|         1         | 84.580 | 99.039 | 99.596 | 91.418 | 91.418 |
|         2         | 84.783 | 98.989 | 99.596 | 91.515 | 91.515 |
|         4         | 84.681 | 98.989 | 99.596 | 91.442 | 91.442 |
|         9         | 84.732 | 98.837 | 99.494 | 91.388 | 91.388 |
|         14        | 84.176 | 98.736 | 99.090 | 91.024 | 91.024 |
|         19        | 84.226 | 98.736 | 99.039 | 91.051 | 91.051 |
|         29        | 83.873 | 98.686 | 99.090 | 90.831 | 90.831 |
|         39        | 83.974 | 98.686 | 99.090 | 90.875 | 90.875 |
|         49        | 84.024 | 98.686 | 99.090 | 90.920 | 90.920 |
+-------------------+--------+--------+--------+--------+--------+
     logs:  {'epo': 49, 'R1': 84.024, 'R5': 98.686, 'R10': 99.09, 'mAP': 90.92, 'mINP': 90.92, 'entropy': 0.165797, 'uncertainty': 0.69564, 'uncertainty_coeffi': 0.01, 'loss': 0.648207, 'lr': 1.1e-05}
      TTA Epoch: [50] [ 0/61]  eta: 0:00:33  entropy: 0.1868  uncertainty: 0.5299  uncertainty_coeffi: 0.0100  loss: 0.6286  lr: 0.000010  time: 0.5538  data: 0.4257  max mem: 2671
      TTA Epoch: [50] [60/61]  eta: 0:00:00  entropy: 0.0840  uncertainty: 0.4894  uncertainty_coeffi: 0.0100  loss: 0.4071  lr: 0.000009  time: 0.1097  data: 0.0001  max mem: 2671
      TTA Epoch: [50] Total time: 0:00:06 (0.1118 s / it)
     Averaged stats: entropy: 0.1602  uncertainty: 0.7000  uncertainty_coeffi: 0.0100  loss: 0.5580  lr: 0.0000
     itm tta time 0:00:06
      TTA Epoch: [51] [ 0/61]  eta: 0:00:31  entropy: 0.2548  uncertainty: 0.7283  uncertainty_coeffi: 0.0100  loss: 1.0802  lr: 0.000009  time: 0.5233  data: 0.3818  max mem: 2671
      TTA Epoch: [51] [60/61]  eta: 0:00:00  entropy: 0.1252  uncertainty: 0.8672  uncertainty_coeffi: 0.0100  loss: 0.5675  lr: 0.000009  time: 0.1103  data: 0.0001  max mem: 2671
      TTA Epoch: [51] Total time: 0:00:07 (0.1173 s / it)
     Averaged stats: entropy: 0.1585  uncertainty: 0.6979  uncertainty_coeffi: 0.0100  loss: 0.6074  lr: 0.0000
     itm tta time 0:00:07
      TTA Epoch: [52] [ 0/61]  eta: 0:00:30  entropy: 0.2077  uncertainty: 0.5945  uncertainty_coeffi: 0.0100  loss: 0.9529  lr: 0.000008  time: 0.5067  data: 0.4278  max mem: 2671
      TTA Epoch: [52] [60/61]  eta: 0:00:00  entropy: 0.1786  uncertainty: 0.4919  uncertainty_coeffi: 0.0100  loss: 0.4657  lr: 0.000008  time: 0.1109  data: 0.0001  max mem: 2671
      TTA Epoch: [52] Total time: 0:00:07 (0.1154 s / it)
     Averaged stats: entropy: 0.1637  uncertainty: 0.7005  uncertainty_coeffi: 0.0100  loss: 0.7319  lr: 0.0000
     itm tta time 0:00:07
      TTA Epoch: [53] [ 0/61]  eta: 0:00:35  entropy: 0.2386  uncertainty: 0.4926  uncertainty_coeffi: 0.0100  loss: 0.6167  lr: 0.000008  time: 0.5900  data: 0.4442  max mem: 2671
      TTA Epoch: [53] [60/61]  eta: 0:00:00  entropy: 0.1517  uncertainty: 0.7718  uncertainty_coeffi: 0.0100  loss: 0.3507  lr: 0.000007  time: 0.0812  data: 0.0001  max mem: 2671
      TTA Epoch: [53] Total time: 0:00:06 (0.1096 s / it)
     Averaged stats: entropy: 0.1635  uncertainty: 0.7002  uncertainty_coeffi: 0.0100  loss: 0.6974  lr: 0.0000
     itm tta time 0:00:06
      TTA Epoch: [54] [ 0/61]  eta: 0:00:30  entropy: 0.1882  uncertainty: 0.7381  uncertainty_coeffi: 0.0100  loss: 0.9210  lr: 0.000007  time: 0.5012  data: 0.4061  max mem: 2671
      TTA Epoch: [54] [60/61]  eta: 0:00:00  entropy: 0.1033  uncertainty: 0.6111  uncertainty_coeffi: 0.0100  loss: 0.3000  lr: 0.000006  time: 0.0826  data: 0.0001  max mem: 2671
      TTA Epoch: [54] Total time: 0:00:05 (0.0832 s / it)
     Averaged stats: entropy: 0.1606  uncertainty: 0.6962  uncertainty_coeffi: 0.0100  loss: 0.5905  lr: 0.0000
     itm tta time 0:00:05
      TTA Epoch: [55] [ 0/61]  eta: 0:00:34  entropy: 0.0797  uncertainty: 0.5944  uncertainty_coeffi: 0.0100  loss: 0.2588  lr: 0.000006  time: 0.5604  data: 0.4134  max mem: 2671
      TTA Epoch: [55] [60/61]  eta: 0:00:00  entropy: 0.1248  uncertainty: 0.6975  uncertainty_coeffi: 0.0100  loss: 0.3566  lr: 0.000005  time: 0.1110  data: 0.0001  max mem: 2671
      TTA Epoch: [55] Total time: 0:00:07 (0.1194 s / it)
     Averaged stats: entropy: 0.1643  uncertainty: 0.6994  uncertainty_coeffi: 0.0100  loss: 0.5927  lr: 0.0000
     itm tta time 0:00:07
      TTA Epoch: [56] [ 0/61]  eta: 0:00:29  entropy: 0.0946  uncertainty: 0.9098  uncertainty_coeffi: 0.0100  loss: 0.1276  lr: 0.000005  time: 0.4845  data: 0.3812  max mem: 2671
      TTA Epoch: [56] [60/61]  eta: 0:00:00  entropy: 0.2243  uncertainty: 0.9544  uncertainty_coeffi: 0.0100  loss: 0.5858  lr: 0.000004  time: 0.0990  data: 0.0001  max mem: 2671
      TTA Epoch: [56] Total time: 0:00:06 (0.1111 s / it)
     Averaged stats: entropy: 0.1597  uncertainty: 0.6972  uncertainty_coeffi: 0.0100  loss: 0.7056  lr: 0.0000
     itm tta time 0:00:06
      TTA Epoch: [57] [ 0/61]  eta: 0:00:29  entropy: 0.2445  uncertainty: 0.6639  uncertainty_coeffi: 0.0100  loss: 0.5234  lr: 0.000004  time: 0.4816  data: 0.3302  max mem: 2671
      TTA Epoch: [57] [60/61]  eta: 0:00:00  entropy: 0.1664  uncertainty: 1.0330  uncertainty_coeffi: 0.0100  loss: 1.7102  lr: 0.000001  time: 0.1101  data: 0.0001  max mem: 2671
      TTA Epoch: [57] Total time: 0:00:07 (0.1171 s / it)
     Averaged stats: entropy: 0.1655  uncertainty: 0.6993  uncertainty_coeffi: 0.0100  loss: 0.6884  lr: 0.0000
     itm tta time 0:00:07
      TTA Epoch: [58] [ 0/61]  eta: 0:00:32  entropy: 0.0927  uncertainty: 0.4294  uncertainty_coeffi: 0.0100  loss: 0.3421  lr: 0.000001  time: 0.5268  data: 0.3863  max mem: 2671
      TTA Epoch: [58] [60/61]  eta: 0:00:00  entropy: 0.0681  uncertainty: 0.7673  uncertainty_coeffi: 0.0100  loss: 0.1427  lr: 0.000001  time: 0.1124  data: 0.0001  max mem: 2671
      TTA Epoch: [58] Total time: 0:00:06 (0.1115 s / it)
     Averaged stats: entropy: 0.1568  uncertainty: 0.6976  uncertainty_coeffi: 0.0100  loss: 0.6044  lr: 0.0000
     itm tta time 0:00:06
      TTA Epoch: [59] [ 0/61]  eta: 0:00:29  entropy: 0.1959  uncertainty: 0.7753  uncertainty_coeffi: 0.0100  loss: 1.1692  lr: 0.000001  time: 0.4826  data: 0.3876  max mem: 2671
      TTA Epoch: [59] [60/61]  eta: 0:00:00  entropy: 0.0956  uncertainty: 0.8017  uncertainty_coeffi: 0.0100  loss: 0.1351  lr: 0.000000  time: 0.1114  data: 0.0001  max mem: 2671
      TTA Epoch: [59] Total time: 0:00:07 (0.1177 s / it)
     Averaged stats: entropy: 0.1635  uncertainty: 0.6986  uncertainty_coeffi: 0.0100  loss: 0.6076  lr: 0.0000
     itm tta time 0:00:07
     Computing matching score
      Evaluation: [   0/1978]  eta: 0:03:40    time: 0.1115  data: 0.0035  max mem: 2671
      Evaluation: [ 100/1978]  eta: 0:03:31    time: 0.1152  data: 0.0000  max mem: 2671
      Evaluation: [ 200/1978]  eta: 0:03:19    time: 0.1169  data: 0.0000  max mem: 2671
      Evaluation: [ 300/1978]  eta: 0:03:07    time: 0.0957  data: 0.0000  max mem: 2671
      Evaluation: [ 400/1978]  eta: 0:02:57    time: 0.1152  data: 0.0000  max mem: 2671
      Evaluation: [ 500/1978]  eta: 0:02:45    time: 0.1143  data: 0.0000  max mem: 2671
      Evaluation: [ 600/1978]  eta: 0:02:34    time: 0.1147  data: 0.0000  max mem: 2671
      Evaluation: [ 700/1978]  eta: 0:02:22    time: 0.0966  data: 0.0000  max mem: 2671
      Evaluation: [ 800/1978]  eta: 0:02:11    time: 0.1132  data: 0.0000  max mem: 2671
      Evaluation: [ 900/1978]  eta: 0:02:00    time: 0.1139  data: 0.0000  max mem: 2671
      Evaluation: [1000/1978]  eta: 0:01:47    time: 0.0688  data: 0.0000  max mem: 2671
      Evaluation: [1100/1978]  eta: 0:01:36    time: 0.1164  data: 0.0000  max mem: 2671
      Evaluation: [1200/1978]  eta: 0:01:25    time: 0.1164  data: 0.0000  max mem: 2671
      Evaluation: [1300/1978]  eta: 0:01:14    time: 0.0978  data: 0.0000  max mem: 2671
      Evaluation: [1400/1978]  eta: 0:01:03    time: 0.1156  data: 0.0000  max mem: 2671
      Evaluation: [1500/1978]  eta: 0:00:52    time: 0.1151  data: 0.0000  max mem: 2671
      Evaluation: [1600/1978]  eta: 0:00:41    time: 0.1134  data: 0.0000  max mem: 2671
      Evaluation: [1700/1978]  eta: 0:00:30    time: 0.0987  data: 0.0000  max mem: 2671
      Evaluation: [1800/1978]  eta: 0:00:19    time: 0.1157  data: 0.0000  max mem: 2671
      Evaluation: [1900/1978]  eta: 0:00:08    time: 0.1145  data: 0.0000  max mem: 2671
      Evaluation: [1977/1978]  eta: 0:00:00    time: 0.1159  data: 0.0000  max mem: 2671
      Evaluation: Total time: 0:03:39 (0.1109 s / it)
     Computing matching score time 0:03:40
### TTA ITM Score: 
+-------------------+--------+--------+--------+--------+--------+
|       epoch       |   R1   |   R5   |  R10   |  mAP   |  mINP  |
+-------------------+--------+--------+--------+--------+--------+
|  cos_sim_wo/norm  | 58.544 | 91.860 | 95.703 | 73.596 | 73.596 |
|        -999       | 69.414 | 95.197 | 97.776 | 81.233 | 81.233 |
| itm_score_wo/norm | 84.328 | 98.989 | 99.494 | 91.293 | 91.293 |
|        -999       | 84.277 | 99.039 | 99.596 | 91.276 | 91.276 |
|         0         | 84.328 | 99.039 | 99.596 | 91.301 | 91.301 |
|         1         | 84.580 | 99.039 | 99.596 | 91.418 | 91.418 |
|         2         | 84.783 | 98.989 | 99.596 | 91.515 | 91.515 |
|         4         | 84.681 | 98.989 | 99.596 | 91.442 | 91.442 |
|         9         | 84.732 | 98.837 | 99.494 | 91.388 | 91.388 |
|         14        | 84.176 | 98.736 | 99.090 | 91.024 | 91.024 |
|         19        | 84.226 | 98.736 | 99.039 | 91.051 | 91.051 |
|         29        | 83.873 | 98.686 | 99.090 | 90.831 | 90.831 |
|         39        | 83.974 | 98.686 | 99.090 | 90.875 | 90.875 |
|         49        | 84.024 | 98.686 | 99.090 | 90.920 | 90.920 |
|         59        | 83.923 | 98.686 | 99.090 | 90.869 | 90.869 |
+-------------------+--------+--------+--------+--------+--------+
     logs:  {'epo': 59, 'R1': 83.923, 'R5': 98.686, 'R10': 99.09, 'mAP': 90.869, 'mINP': 90.869, 'entropy': 0.163534, 'uncertainty': 0.698648, 'uncertainty_coeffi': 0.01, 'loss': 0.607557, 'lr': 1e-06}
### best epoch: 2
### Time 0:46:28
NNODES,  1
NODE_RANK,  0
MASTER_ADDR,  127.0.0.1
MASTER_PORT,  1612
NPROC_PER_NODE,  2
task:  exp4.1.2
config:  configs_rerun3/exp4.1.2.yaml
output_dir:  output_rerun3/exp4.1.2/2025091704192
python3 tta.py --config configs_rerun3/exp4.1.2.yaml --task exp4.1.2 --output_dir output_rerun3/exp4.1.2/2025091704192 --checkpoint checkpoint/cmp.pth --bs 0 --epo 0 --lr 0.0 --seed 42 --tta
