/home/jiahao/miniconda3/envs/cmp/lib/python3.10/site-packages/torch/functional.py:554: UserWarning: torch.meshgrid: in an upcoming release, it will be required to pass the indexing argument. (Triggered internally at /pytorch/aten/src/ATen/native/TensorShape.cpp:4322.)
  return _VF.meshgrid(tensors, **kwargs)  # type: ignore[attr-defined]
Not using distributed mode
### Hyper-parameters:
     seed: 42
     device: cuda
     output_dir: output_rerun3/exp4.1.1/2025091703323
     batch_size_tta: 32
     epochs: 60
     lr: 0.0005
### Creating test dataset
from data/PAB/annotation/test/attr.json loading 1978 data
     test dataset -->    be_pose_img: True
     test_dataset: 1978
### Creating test dataloader
### be careful: func create_loader returns a list length of 1
     test_loader: 90
### Creating model
build_vision_encoder: load swin 224 x 224 ====>
missing_keys:  []
unexpected_keys:  ['head.weight', 'head.bias']
build_text_encoder: load bert ====>
missing_keys: ['bert.encoder.layer.10.crossattention.output.LayerNorm.bias', 'bert.encoder.layer.10.crossattention.output.LayerNorm.weight', 'bert.encoder.layer.10.crossattention.output.dense.bias', 'bert.encoder.layer.10.crossattention.output.dense.weight', 'bert.encoder.layer.10.crossattention.self.key.bias', 'bert.encoder.layer.10.crossattention.self.key.weight', 'bert.encoder.layer.10.crossattention.self.query.bias', 'bert.encoder.layer.10.crossattention.self.query.weight', 'bert.encoder.layer.10.crossattention.self.value.bias', 'bert.encoder.layer.10.crossattention.self.value.weight', 'bert.encoder.layer.11.crossattention.output.LayerNorm.bias', 'bert.encoder.layer.11.crossattention.output.LayerNorm.weight', 'bert.encoder.layer.11.crossattention.output.dense.bias', 'bert.encoder.layer.11.crossattention.output.dense.weight', 'bert.encoder.layer.11.crossattention.self.key.bias', 'bert.encoder.layer.11.crossattention.self.key.weight', 'bert.encoder.layer.11.crossattention.self.query.bias', 'bert.encoder.layer.11.crossattention.self.query.weight', 'bert.encoder.layer.11.crossattention.self.value.bias', 'bert.encoder.layer.11.crossattention.self.value.weight', 'bert.encoder.layer.6.crossattention.output.LayerNorm.bias', 'bert.encoder.layer.6.crossattention.output.LayerNorm.weight', 'bert.encoder.layer.6.crossattention.output.dense.bias', 'bert.encoder.layer.6.crossattention.output.dense.weight', 'bert.encoder.layer.6.crossattention.self.key.bias', 'bert.encoder.layer.6.crossattention.self.key.weight', 'bert.encoder.layer.6.crossattention.self.query.bias', 'bert.encoder.layer.6.crossattention.self.query.weight', 'bert.encoder.layer.6.crossattention.self.value.bias', 'bert.encoder.layer.6.crossattention.self.value.weight', 'bert.encoder.layer.7.crossattention.output.LayerNorm.bias', 'bert.encoder.layer.7.crossattention.output.LayerNorm.weight', 'bert.encoder.layer.7.crossattention.output.dense.bias', 'bert.encoder.layer.7.crossattention.output.dense.weight', 'bert.encoder.layer.7.crossattention.self.key.bias', 'bert.encoder.layer.7.crossattention.self.key.weight', 'bert.encoder.layer.7.crossattention.self.query.bias', 'bert.encoder.layer.7.crossattention.self.query.weight', 'bert.encoder.layer.7.crossattention.self.value.bias', 'bert.encoder.layer.7.crossattention.self.value.weight', 'bert.encoder.layer.8.crossattention.output.LayerNorm.bias', 'bert.encoder.layer.8.crossattention.output.LayerNorm.weight', 'bert.encoder.layer.8.crossattention.output.dense.bias', 'bert.encoder.layer.8.crossattention.output.dense.weight', 'bert.encoder.layer.8.crossattention.self.key.bias', 'bert.encoder.layer.8.crossattention.self.key.weight', 'bert.encoder.layer.8.crossattention.self.query.bias', 'bert.encoder.layer.8.crossattention.self.query.weight', 'bert.encoder.layer.8.crossattention.self.value.bias', 'bert.encoder.layer.8.crossattention.self.value.weight', 'bert.encoder.layer.9.crossattention.output.LayerNorm.bias', 'bert.encoder.layer.9.crossattention.output.LayerNorm.weight', 'bert.encoder.layer.9.crossattention.output.dense.bias', 'bert.encoder.layer.9.crossattention.output.dense.weight', 'bert.encoder.layer.9.crossattention.self.key.bias', 'bert.encoder.layer.9.crossattention.self.key.weight', 'bert.encoder.layer.9.crossattention.self.query.bias', 'bert.encoder.layer.9.crossattention.self.query.weight', 'bert.encoder.layer.9.crossattention.self.value.bias', 'bert.encoder.layer.9.crossattention.self.value.weight']
unexpected_keys: ['cls.seq_relationship.bias', 'cls.seq_relationship.weight']
mismatched_keys: []
error_msgs: []
Label Smooth: 0.2
pose_conv
load checkpoint from checkpoint/cmp.pth
missing_keys:  ['uncertainty_temper', 'prompt_learning_embedding']
unexpected_keys:  []
     Total Params Sum:  254264985
### Inference ITC similiarity matrix
### Zero-Shot Score: 
+-------------------+--------+--------+--------+--------+--------+
|       epoch       |   R1   |   R5   |  R10   |  mAP   |  mINP  |
+-------------------+--------+--------+--------+--------+--------+
|  cos_sim_wo/norm  | 58.544 | 91.860 | 95.703 | 73.596 | 73.596 |
|        -999       | 69.414 | 95.197 | 97.776 | 81.233 | 81.233 |
| itm_score_wo/norm | 84.328 | 98.989 | 99.494 | 91.293 | 91.293 |
|        -999       | 84.277 | 99.039 | 99.596 | 91.276 | 91.276 |
+-------------------+--------+--------+--------+--------+--------+
### TTA:
     preprocess_tta_coefficients  start
     sample selection ...
     number of sample after sample_selection: 1958
     uncertainty ...
     preprocess_tta_coefficients  end
### Creating tta dataset
     tta_dataset: 1958
### Creating tta dataloader
### be careful: func create_loader returns a list length of 1
     tta_loader: 61
### Configure adapted weights
     TTA Dropout Modules: 
 [('vision_encoder.pos_drop', Dropout(p=0, inplace=False), True), ('vision_encoder.layers.0.blocks.0.attn.attn_drop', Dropout(p=0.0, inplace=False), True), ('vision_encoder.layers.0.blocks.0.attn.proj_drop', Dropout(p=0, inplace=False), True), ('vision_encoder.layers.0.blocks.0.mlp.drop', Dropout(p=0, inplace=False), True), ('vision_encoder.layers.0.blocks.1.attn.attn_drop', Dropout(p=0.0, inplace=False), True), ('vision_encoder.layers.0.blocks.1.attn.proj_drop', Dropout(p=0, inplace=False), True), ('vision_encoder.layers.0.blocks.1.mlp.drop', Dropout(p=0, inplace=False), True), ('vision_encoder.layers.1.blocks.0.attn.attn_drop', Dropout(p=0.0, inplace=False), True), ('vision_encoder.layers.1.blocks.0.attn.proj_drop', Dropout(p=0, inplace=False), True), ('vision_encoder.layers.1.blocks.0.mlp.drop', Dropout(p=0, inplace=False), True), ('vision_encoder.layers.1.blocks.1.attn.attn_drop', Dropout(p=0.0, inplace=False), True), ('vision_encoder.layers.1.blocks.1.attn.proj_drop', Dropout(p=0, inplace=False), True), ('vision_encoder.layers.1.blocks.1.mlp.drop', Dropout(p=0, inplace=False), True), ('vision_encoder.layers.2.blocks.0.attn.attn_drop', Dropout(p=0.0, inplace=False), True), ('vision_encoder.layers.2.blocks.0.attn.proj_drop', Dropout(p=0, inplace=False), True), ('vision_encoder.layers.2.blocks.0.mlp.drop', Dropout(p=0, inplace=False), True), ('vision_encoder.layers.2.blocks.1.attn.attn_drop', Dropout(p=0.0, inplace=False), True), ('vision_encoder.layers.2.blocks.1.attn.proj_drop', Dropout(p=0, inplace=False), True), ('vision_encoder.layers.2.blocks.1.mlp.drop', Dropout(p=0, inplace=False), True), ('vision_encoder.layers.2.blocks.2.attn.attn_drop', Dropout(p=0.0, inplace=False), True), ('vision_encoder.layers.2.blocks.2.attn.proj_drop', Dropout(p=0, inplace=False), True), ('vision_encoder.layers.2.blocks.2.mlp.drop', Dropout(p=0, inplace=False), True), ('vision_encoder.layers.2.blocks.3.attn.attn_drop', Dropout(p=0.0, inplace=False), True), ('vision_encoder.layers.2.blocks.3.attn.proj_drop', Dropout(p=0, inplace=False), True), ('vision_encoder.layers.2.blocks.3.mlp.drop', Dropout(p=0, inplace=False), True), ('vision_encoder.layers.2.blocks.4.attn.attn_drop', Dropout(p=0.0, inplace=False), True), ('vision_encoder.layers.2.blocks.4.attn.proj_drop', Dropout(p=0, inplace=False), True), ('vision_encoder.layers.2.blocks.4.mlp.drop', Dropout(p=0, inplace=False), True), ('vision_encoder.layers.2.blocks.5.attn.attn_drop', Dropout(p=0.0, inplace=False), True), ('vision_encoder.layers.2.blocks.5.attn.proj_drop', Dropout(p=0, inplace=False), True), ('vision_encoder.layers.2.blocks.5.mlp.drop', Dropout(p=0, inplace=False), True), ('vision_encoder.layers.2.blocks.6.attn.attn_drop', Dropout(p=0.0, inplace=False), True), ('vision_encoder.layers.2.blocks.6.attn.proj_drop', Dropout(p=0, inplace=False), True), ('vision_encoder.layers.2.blocks.6.mlp.drop', Dropout(p=0, inplace=False), True), ('vision_encoder.layers.2.blocks.7.attn.attn_drop', Dropout(p=0.0, inplace=False), True), ('vision_encoder.layers.2.blocks.7.attn.proj_drop', Dropout(p=0, inplace=False), True), ('vision_encoder.layers.2.blocks.7.mlp.drop', Dropout(p=0, inplace=False), True), ('vision_encoder.layers.2.blocks.8.attn.attn_drop', Dropout(p=0.0, inplace=False), True), ('vision_encoder.layers.2.blocks.8.attn.proj_drop', Dropout(p=0, inplace=False), True), ('vision_encoder.layers.2.blocks.8.mlp.drop', Dropout(p=0, inplace=False), True), ('vision_encoder.layers.2.blocks.9.attn.attn_drop', Dropout(p=0.0, inplace=False), True), ('vision_encoder.layers.2.blocks.9.attn.proj_drop', Dropout(p=0, inplace=False), True), ('vision_encoder.layers.2.blocks.9.mlp.drop', Dropout(p=0, inplace=False), True), ('vision_encoder.layers.2.blocks.10.attn.attn_drop', Dropout(p=0.0, inplace=False), True), ('vision_encoder.layers.2.blocks.10.attn.proj_drop', Dropout(p=0, inplace=False), True), ('vision_encoder.layers.2.blocks.10.mlp.drop', Dropout(p=0, inplace=False), True), ('vision_encoder.layers.2.blocks.11.attn.attn_drop', Dropout(p=0.0, inplace=False), True), ('vision_encoder.layers.2.blocks.11.attn.proj_drop', Dropout(p=0, inplace=False), True), ('vision_encoder.layers.2.blocks.11.mlp.drop', Dropout(p=0, inplace=False), True), ('vision_encoder.layers.2.blocks.12.attn.attn_drop', Dropout(p=0.0, inplace=False), True), ('vision_encoder.layers.2.blocks.12.attn.proj_drop', Dropout(p=0, inplace=False), True), ('vision_encoder.layers.2.blocks.12.mlp.drop', Dropout(p=0, inplace=False), True), ('vision_encoder.layers.2.blocks.13.attn.attn_drop', Dropout(p=0.0, inplace=False), True), ('vision_encoder.layers.2.blocks.13.attn.proj_drop', Dropout(p=0, inplace=False), True), ('vision_encoder.layers.2.blocks.13.mlp.drop', Dropout(p=0, inplace=False), True), ('vision_encoder.layers.2.blocks.14.attn.attn_drop', Dropout(p=0.0, inplace=False), True), ('vision_encoder.layers.2.blocks.14.attn.proj_drop', Dropout(p=0, inplace=False), True), ('vision_encoder.layers.2.blocks.14.mlp.drop', Dropout(p=0, inplace=False), True), ('vision_encoder.layers.2.blocks.15.attn.attn_drop', Dropout(p=0.0, inplace=False), True), ('vision_encoder.layers.2.blocks.15.attn.proj_drop', Dropout(p=0, inplace=False), True), ('vision_encoder.layers.2.blocks.15.mlp.drop', Dropout(p=0, inplace=False), True), ('vision_encoder.layers.2.blocks.16.attn.attn_drop', Dropout(p=0.0, inplace=False), True), ('vision_encoder.layers.2.blocks.16.attn.proj_drop', Dropout(p=0, inplace=False), True), ('vision_encoder.layers.2.blocks.16.mlp.drop', Dropout(p=0, inplace=False), True), ('vision_encoder.layers.2.blocks.17.attn.attn_drop', Dropout(p=0.0, inplace=False), True), ('vision_encoder.layers.2.blocks.17.attn.proj_drop', Dropout(p=0, inplace=False), True), ('vision_encoder.layers.2.blocks.17.mlp.drop', Dropout(p=0, inplace=False), True), ('vision_encoder.layers.3.blocks.0.attn.attn_drop', Dropout(p=0.0, inplace=False), True), ('vision_encoder.layers.3.blocks.0.attn.proj_drop', Dropout(p=0, inplace=False), True), ('vision_encoder.layers.3.blocks.0.mlp.drop', Dropout(p=0, inplace=False), True), ('vision_encoder.layers.3.blocks.1.attn.attn_drop', Dropout(p=0.0, inplace=False), True), ('vision_encoder.layers.3.blocks.1.attn.proj_drop', Dropout(p=0, inplace=False), True), ('vision_encoder.layers.3.blocks.1.mlp.drop', Dropout(p=0, inplace=False), True), ('text_encoder.bert.embeddings.dropout', Dropout(p=0.1, inplace=False), True), ('text_encoder.bert.encoder.layer.0.attention.self.dropout', Dropout(p=0.1, inplace=False), True), ('text_encoder.bert.encoder.layer.0.attention.output.dropout', Dropout(p=0.1, inplace=False), True), ('text_encoder.bert.encoder.layer.0.output.dropout', Dropout(p=0.1, inplace=False), True), ('text_encoder.bert.encoder.layer.1.attention.self.dropout', Dropout(p=0.1, inplace=False), True), ('text_encoder.bert.encoder.layer.1.attention.output.dropout', Dropout(p=0.1, inplace=False), True), ('text_encoder.bert.encoder.layer.1.output.dropout', Dropout(p=0.1, inplace=False), True), ('text_encoder.bert.encoder.layer.2.attention.self.dropout', Dropout(p=0.1, inplace=False), True), ('text_encoder.bert.encoder.layer.2.attention.output.dropout', Dropout(p=0.1, inplace=False), True), ('text_encoder.bert.encoder.layer.2.output.dropout', Dropout(p=0.1, inplace=False), True), ('text_encoder.bert.encoder.layer.3.attention.self.dropout', Dropout(p=0.1, inplace=False), True), ('text_encoder.bert.encoder.layer.3.attention.output.dropout', Dropout(p=0.1, inplace=False), True), ('text_encoder.bert.encoder.layer.3.output.dropout', Dropout(p=0.1, inplace=False), True), ('text_encoder.bert.encoder.layer.4.attention.self.dropout', Dropout(p=0.1, inplace=False), True), ('text_encoder.bert.encoder.layer.4.attention.output.dropout', Dropout(p=0.1, inplace=False), True), ('text_encoder.bert.encoder.layer.4.output.dropout', Dropout(p=0.1, inplace=False), True), ('text_encoder.bert.encoder.layer.5.attention.self.dropout', Dropout(p=0.1, inplace=False), True), ('text_encoder.bert.encoder.layer.5.attention.output.dropout', Dropout(p=0.1, inplace=False), True), ('text_encoder.bert.encoder.layer.5.output.dropout', Dropout(p=0.1, inplace=False), True), ('text_encoder.bert.encoder.layer.6.attention.self.dropout', Dropout(p=0.1, inplace=False), True), ('text_encoder.bert.encoder.layer.6.attention.output.dropout', Dropout(p=0.1, inplace=False), True), ('text_encoder.bert.encoder.layer.6.crossattention.self.dropout', Dropout(p=0.1, inplace=False), True), ('text_encoder.bert.encoder.layer.6.crossattention.output.dropout', Dropout(p=0.1, inplace=False), True), ('text_encoder.bert.encoder.layer.6.output.dropout', Dropout(p=0.1, inplace=False), True), ('text_encoder.bert.encoder.layer.7.attention.self.dropout', Dropout(p=0.1, inplace=False), True), ('text_encoder.bert.encoder.layer.7.attention.output.dropout', Dropout(p=0.1, inplace=False), True), ('text_encoder.bert.encoder.layer.7.crossattention.self.dropout', Dropout(p=0.1, inplace=False), True), ('text_encoder.bert.encoder.layer.7.crossattention.output.dropout', Dropout(p=0.1, inplace=False), True), ('text_encoder.bert.encoder.layer.7.output.dropout', Dropout(p=0.1, inplace=False), True), ('text_encoder.bert.encoder.layer.8.attention.self.dropout', Dropout(p=0.1, inplace=False), True), ('text_encoder.bert.encoder.layer.8.attention.output.dropout', Dropout(p=0.1, inplace=False), True), ('text_encoder.bert.encoder.layer.8.crossattention.self.dropout', Dropout(p=0.1, inplace=False), True), ('text_encoder.bert.encoder.layer.8.crossattention.output.dropout', Dropout(p=0.1, inplace=False), True), ('text_encoder.bert.encoder.layer.8.output.dropout', Dropout(p=0.1, inplace=False), True), ('text_encoder.bert.encoder.layer.9.attention.self.dropout', Dropout(p=0.1, inplace=False), True), ('text_encoder.bert.encoder.layer.9.attention.output.dropout', Dropout(p=0.1, inplace=False), True), ('text_encoder.bert.encoder.layer.9.crossattention.self.dropout', Dropout(p=0.1, inplace=False), True), ('text_encoder.bert.encoder.layer.9.crossattention.output.dropout', Dropout(p=0.1, inplace=False), True), ('text_encoder.bert.encoder.layer.9.output.dropout', Dropout(p=0.1, inplace=False), True), ('text_encoder.bert.encoder.layer.10.attention.self.dropout', Dropout(p=0.1, inplace=False), True), ('text_encoder.bert.encoder.layer.10.attention.output.dropout', Dropout(p=0.1, inplace=False), True), ('text_encoder.bert.encoder.layer.10.crossattention.self.dropout', Dropout(p=0.1, inplace=False), True), ('text_encoder.bert.encoder.layer.10.crossattention.output.dropout', Dropout(p=0.1, inplace=False), True), ('text_encoder.bert.encoder.layer.10.output.dropout', Dropout(p=0.1, inplace=False), True), ('text_encoder.bert.encoder.layer.11.attention.self.dropout', Dropout(p=0.1, inplace=False), True), ('text_encoder.bert.encoder.layer.11.attention.output.dropout', Dropout(p=0.1, inplace=False), True), ('text_encoder.bert.encoder.layer.11.crossattention.self.dropout', Dropout(p=0.1, inplace=False), True), ('text_encoder.bert.encoder.layer.11.crossattention.output.dropout', Dropout(p=0.1, inplace=False), True), ('text_encoder.bert.encoder.layer.11.output.dropout', Dropout(p=0.1, inplace=False), True), ('vision_proj.1', Dropout(p=0.5, inplace=False), True), ('text_proj.1', Dropout(p=0.5, inplace=False), True), ('pose_block.attn.attn_drop', Dropout(p=0.0, inplace=False), True), ('pose_block.attn.proj_drop', Dropout(p=0.0, inplace=False), True)]
     TTA Require Gradient Params: 
 [('text_encoder.bert.embeddings.LayerNorm.weight', torch.Size([768])), ('text_encoder.bert.embeddings.LayerNorm.bias', torch.Size([768])), ('text_encoder.bert.encoder.layer.6.attention.output.LayerNorm.weight', torch.Size([768])), ('text_encoder.bert.encoder.layer.6.attention.output.LayerNorm.bias', torch.Size([768])), ('text_encoder.bert.encoder.layer.6.crossattention.output.LayerNorm.weight', torch.Size([768])), ('text_encoder.bert.encoder.layer.6.crossattention.output.LayerNorm.bias', torch.Size([768])), ('text_encoder.bert.encoder.layer.6.output.LayerNorm.weight', torch.Size([768])), ('text_encoder.bert.encoder.layer.6.output.LayerNorm.bias', torch.Size([768])), ('text_encoder.bert.encoder.layer.7.attention.output.LayerNorm.weight', torch.Size([768])), ('text_encoder.bert.encoder.layer.7.attention.output.LayerNorm.bias', torch.Size([768])), ('text_encoder.bert.encoder.layer.7.crossattention.output.LayerNorm.weight', torch.Size([768])), ('text_encoder.bert.encoder.layer.7.crossattention.output.LayerNorm.bias', torch.Size([768])), ('text_encoder.bert.encoder.layer.7.output.LayerNorm.weight', torch.Size([768])), ('text_encoder.bert.encoder.layer.7.output.LayerNorm.bias', torch.Size([768])), ('text_encoder.bert.encoder.layer.8.attention.output.LayerNorm.weight', torch.Size([768])), ('text_encoder.bert.encoder.layer.8.attention.output.LayerNorm.bias', torch.Size([768])), ('text_encoder.bert.encoder.layer.8.crossattention.output.LayerNorm.weight', torch.Size([768])), ('text_encoder.bert.encoder.layer.8.crossattention.output.LayerNorm.bias', torch.Size([768])), ('text_encoder.bert.encoder.layer.8.output.LayerNorm.weight', torch.Size([768])), ('text_encoder.bert.encoder.layer.8.output.LayerNorm.bias', torch.Size([768])), ('text_encoder.bert.encoder.layer.9.attention.output.LayerNorm.weight', torch.Size([768])), ('text_encoder.bert.encoder.layer.9.attention.output.LayerNorm.bias', torch.Size([768])), ('text_encoder.bert.encoder.layer.9.crossattention.output.LayerNorm.weight', torch.Size([768])), ('text_encoder.bert.encoder.layer.9.crossattention.output.LayerNorm.bias', torch.Size([768])), ('text_encoder.bert.encoder.layer.9.output.LayerNorm.weight', torch.Size([768])), ('text_encoder.bert.encoder.layer.9.output.LayerNorm.bias', torch.Size([768])), ('text_encoder.bert.encoder.layer.10.attention.output.LayerNorm.weight', torch.Size([768])), ('text_encoder.bert.encoder.layer.10.attention.output.LayerNorm.bias', torch.Size([768])), ('text_encoder.bert.encoder.layer.10.crossattention.output.LayerNorm.weight', torch.Size([768])), ('text_encoder.bert.encoder.layer.10.crossattention.output.LayerNorm.bias', torch.Size([768])), ('text_encoder.bert.encoder.layer.10.output.LayerNorm.weight', torch.Size([768])), ('text_encoder.bert.encoder.layer.10.output.LayerNorm.bias', torch.Size([768])), ('text_encoder.bert.encoder.layer.11.attention.output.LayerNorm.weight', torch.Size([768])), ('text_encoder.bert.encoder.layer.11.attention.output.LayerNorm.bias', torch.Size([768])), ('text_encoder.bert.encoder.layer.11.crossattention.output.LayerNorm.weight', torch.Size([768])), ('text_encoder.bert.encoder.layer.11.crossattention.output.LayerNorm.bias', torch.Size([768])), ('text_encoder.bert.encoder.layer.11.output.LayerNorm.weight', torch.Size([768])), ('text_encoder.bert.encoder.layer.11.output.LayerNorm.bias', torch.Size([768])), ('text_encoder.cls.predictions.transform.LayerNorm.weight', torch.Size([768])), ('text_encoder.cls.predictions.transform.LayerNorm.bias', torch.Size([768])), ('itm_head.1.weight', torch.Size([1536])), ('itm_head.1.bias', torch.Size([1536]))]
     TTA Dropout Modules Number: 
 126
     TTA Require Gradient Params Sum: 
 33792
     lr:  0.0005    lr_mult:  2
     model has 'init_params',  385
     num_tta_steps:  3720
     num_warmup_steps:  500
     sched: step
/home/jiahao/task/CMP/tta.py:246: FutureWarning: `torch.cuda.amp.GradScaler(args...)` is deprecated. Please use `torch.amp.GradScaler('cuda', args...)` instead.
  scaler = GradScaler()  # bf16
### Start ITM Test Time Adaptation
      TTA Epoch: [0] [ 0/61]  eta: 0:01:12  entropy: 0.3681  uncertainty: 0.6209  uncertainty_coeffi: 0.0100  loss: 4.2082  lr: 0.000001  time: 1.1871  data: 0.4447  max mem: 2639
      TTA Epoch: [0] [60/61]  eta: 0:00:00  entropy: 0.2998  uncertainty: 0.8633  uncertainty_coeffi: 0.0100  loss: 3.8288  lr: 0.000061  time: 0.1103  data: 0.0001  max mem: 2671
      TTA Epoch: [0] Total time: 0:00:07 (0.1259 s / it)
     Averaged stats: entropy: 0.3478  uncertainty: 0.7004  uncertainty_coeffi: 0.0100  loss: 6.2601  lr: 0.0000
     itm tta time 0:00:07
     Computing matching score
      Evaluation: [   0/1978]  eta: 0:05:17    time: 0.1606  data: 0.0035  max mem: 2671
      Evaluation: [ 100/1978]  eta: 0:03:28    time: 0.1149  data: 0.0000  max mem: 2671
      Evaluation: [ 200/1978]  eta: 0:03:19    time: 0.1129  data: 0.0000  max mem: 2671
      Evaluation: [ 300/1978]  eta: 0:03:08    time: 0.1120  data: 0.0000  max mem: 2671
      Evaluation: [ 400/1978]  eta: 0:02:55    time: 0.1129  data: 0.0000  max mem: 2671
      Evaluation: [ 500/1978]  eta: 0:02:44    time: 0.1125  data: 0.0000  max mem: 2671
      Evaluation: [ 600/1978]  eta: 0:02:33    time: 0.1122  data: 0.0000  max mem: 2671
      Evaluation: [ 700/1978]  eta: 0:02:22    time: 0.1113  data: 0.0000  max mem: 2671
      Evaluation: [ 800/1978]  eta: 0:02:11    time: 0.1123  data: 0.0000  max mem: 2671
      Evaluation: [ 900/1978]  eta: 0:01:59    time: 0.1114  data: 0.0000  max mem: 2671
      Evaluation: [1000/1978]  eta: 0:01:48    time: 0.1140  data: 0.0000  max mem: 2671
      Evaluation: [1100/1978]  eta: 0:01:37    time: 0.0874  data: 0.0000  max mem: 2671
      Evaluation: [1200/1978]  eta: 0:01:25    time: 0.1124  data: 0.0000  max mem: 2671
      Evaluation: [1300/1978]  eta: 0:01:14    time: 0.1125  data: 0.0000  max mem: 2671
      Evaluation: [1400/1978]  eta: 0:01:03    time: 0.1075  data: 0.0000  max mem: 2671
      Evaluation: [1500/1978]  eta: 0:00:52    time: 0.1123  data: 0.0000  max mem: 2671
      Evaluation: [1600/1978]  eta: 0:00:41    time: 0.1136  data: 0.0000  max mem: 2671
      Evaluation: [1700/1978]  eta: 0:00:30    time: 0.1102  data: 0.0000  max mem: 2671
      Evaluation: [1800/1978]  eta: 0:00:19    time: 0.1135  data: 0.0000  max mem: 2671
      Evaluation: [1900/1978]  eta: 0:00:08    time: 0.1118  data: 0.0000  max mem: 2671
      Evaluation: [1977/1978]  eta: 0:00:00    time: 0.1125  data: 0.0000  max mem: 2671
      Evaluation: Total time: 0:03:37 (0.1101 s / it)
     Computing matching score time 0:03:38
### TTA ITM Score: 
+-------------------+--------+--------+--------+--------+--------+
|       epoch       |   R1   |   R5   |  R10   |  mAP   |  mINP  |
+-------------------+--------+--------+--------+--------+--------+
|  cos_sim_wo/norm  | 58.544 | 91.860 | 95.703 | 73.596 | 73.596 |
|        -999       | 69.414 | 95.197 | 97.776 | 81.233 | 81.233 |
| itm_score_wo/norm | 84.328 | 98.989 | 99.494 | 91.293 | 91.293 |
|        -999       | 84.277 | 99.039 | 99.596 | 91.276 | 91.276 |
|         0         | 84.783 | 98.989 | 99.596 | 91.512 | 91.512 |
+-------------------+--------+--------+--------+--------+--------+
     logs:  {'epo': 0, 'R1': 84.783, 'R5': 98.989, 'R10': 99.596, 'mAP': 91.512, 'mINP': 91.512, 'entropy': 0.347833, 'uncertainty': 0.700363, 'uncertainty_coeffi': 0.01, 'loss': 6.26007, 'lr': 3.1e-05}
      TTA Epoch: [1] [ 0/61]  eta: 0:00:30  entropy: 0.3928  uncertainty: 0.7372  uncertainty_coeffi: 0.0100  loss: 7.8082  lr: 0.000062  time: 0.4972  data: 0.3748  max mem: 2671
      TTA Epoch: [1] [60/61]  eta: 0:00:00  entropy: 0.2849  uncertainty: 0.6669  uncertainty_coeffi: 0.0100  loss: 9.7062  lr: 0.000122  time: 0.1087  data: 0.0001  max mem: 2671
      TTA Epoch: [1] Total time: 0:00:07 (0.1151 s / it)
     Averaged stats: entropy: 0.3342  uncertainty: 0.6978  uncertainty_coeffi: 0.0100  loss: 4.8814  lr: 0.0001
     itm tta time 0:00:07
     Computing matching score
      Evaluation: [   0/1978]  eta: 0:04:07    time: 0.1250  data: 0.0030  max mem: 2671
      Evaluation: [ 100/1978]  eta: 0:03:26    time: 0.0957  data: 0.0000  max mem: 2671
      Evaluation: [ 200/1978]  eta: 0:03:18    time: 0.1138  data: 0.0000  max mem: 2671
      Evaluation: [ 300/1978]  eta: 0:03:07    time: 0.1126  data: 0.0000  max mem: 2671
      Evaluation: [ 400/1978]  eta: 0:02:55    time: 0.1117  data: 0.0000  max mem: 2671
      Evaluation: [ 500/1978]  eta: 0:02:44    time: 0.1120  data: 0.0000  max mem: 2671
      Evaluation: [ 600/1978]  eta: 0:02:33    time: 0.1048  data: 0.0000  max mem: 2671
      Evaluation: [ 700/1978]  eta: 0:02:21    time: 0.1086  data: 0.0000  max mem: 2671
      Evaluation: [ 800/1978]  eta: 0:02:10    time: 0.1110  data: 0.0000  max mem: 2671
      Evaluation: [ 900/1978]  eta: 0:01:59    time: 0.1102  data: 0.0000  max mem: 2671
      Evaluation: [1000/1978]  eta: 0:01:48    time: 0.1128  data: 0.0000  max mem: 2671
      Evaluation: [1100/1978]  eta: 0:01:37    time: 0.1121  data: 0.0000  max mem: 2671
      Evaluation: [1200/1978]  eta: 0:01:26    time: 0.1123  data: 0.0000  max mem: 2671
      Evaluation: [1300/1978]  eta: 0:01:15    time: 0.1140  data: 0.0000  max mem: 2671
      Evaluation: [1400/1978]  eta: 0:01:04    time: 0.1102  data: 0.0000  max mem: 2671
      Evaluation: [1500/1978]  eta: 0:00:52    time: 0.1098  data: 0.0000  max mem: 2671
      Evaluation: [1600/1978]  eta: 0:00:41    time: 0.1120  data: 0.0000  max mem: 2671
      Evaluation: [1700/1978]  eta: 0:00:30    time: 0.0904  data: 0.0000  max mem: 2671
      Evaluation: [1800/1978]  eta: 0:00:19    time: 0.1123  data: 0.0000  max mem: 2671
      Evaluation: [1900/1978]  eta: 0:00:08    time: 0.1111  data: 0.0000  max mem: 2671
      Evaluation: [1977/1978]  eta: 0:00:00    time: 0.1109  data: 0.0000  max mem: 2671
      Evaluation: Total time: 0:03:36 (0.1095 s / it)
     Computing matching score time 0:03:36
### TTA ITM Score: 
+-------------------+--------+--------+--------+--------+--------+
|       epoch       |   R1   |   R5   |  R10   |  mAP   |  mINP  |
+-------------------+--------+--------+--------+--------+--------+
|  cos_sim_wo/norm  | 58.544 | 91.860 | 95.703 | 73.596 | 73.596 |
|        -999       | 69.414 | 95.197 | 97.776 | 81.233 | 81.233 |
| itm_score_wo/norm | 84.328 | 98.989 | 99.494 | 91.293 | 91.293 |
|        -999       | 84.277 | 99.039 | 99.596 | 91.276 | 91.276 |
|         0         | 84.783 | 98.989 | 99.596 | 91.512 | 91.512 |
|         1         | 84.783 | 98.989 | 99.596 | 91.501 | 91.501 |
+-------------------+--------+--------+--------+--------+--------+
     logs:  {'epo': 1, 'R1': 84.783, 'R5': 98.989, 'R10': 99.596, 'mAP': 91.501, 'mINP': 91.501, 'entropy': 0.334249, 'uncertainty': 0.697795, 'uncertainty_coeffi': 0.01, 'loss': 4.881406, 'lr': 9.2e-05}
      TTA Epoch: [2] [ 0/61]  eta: 0:00:39  entropy: 0.3472  uncertainty: 0.8228  uncertainty_coeffi: 0.0100  loss: 1.8317  lr: 0.000123  time: 0.6518  data: 0.4973  max mem: 2671
      TTA Epoch: [2] [60/61]  eta: 0:00:00  entropy: 0.2854  uncertainty: 0.6558  uncertainty_coeffi: 0.0100  loss: 15.7151  lr: 0.000183  time: 0.1092  data: 0.0001  max mem: 2671
      TTA Epoch: [2] Total time: 0:00:07 (0.1175 s / it)
     Averaged stats: entropy: 0.3121  uncertainty: 0.6980  uncertainty_coeffi: 0.0100  loss: 4.0101  lr: 0.0002
     itm tta time 0:00:07
     Computing matching score
      Evaluation: [   0/1978]  eta: 0:04:25    time: 0.1340  data: 0.0031  max mem: 2671
      Evaluation: [ 100/1978]  eta: 0:03:33    time: 0.1137  data: 0.0000  max mem: 2671
      Evaluation: [ 200/1978]  eta: 0:03:19    time: 0.1128  data: 0.0000  max mem: 2671
      Evaluation: [ 300/1978]  eta: 0:03:09    time: 0.1147  data: 0.0000  max mem: 2671
      Evaluation: [ 400/1978]  eta: 0:02:58    time: 0.1130  data: 0.0000  max mem: 2671
      Evaluation: [ 500/1978]  eta: 0:02:46    time: 0.1156  data: 0.0000  max mem: 2671
      Evaluation: [ 600/1978]  eta: 0:02:35    time: 0.1143  data: 0.0000  max mem: 2671
      Evaluation: [ 700/1978]  eta: 0:02:23    time: 0.1135  data: 0.0000  max mem: 2671
      Evaluation: [ 800/1978]  eta: 0:02:12    time: 0.1153  data: 0.0000  max mem: 2671
      Evaluation: [ 900/1978]  eta: 0:02:01    time: 0.1143  data: 0.0000  max mem: 2671
      Evaluation: [1000/1978]  eta: 0:01:50    time: 0.1131  data: 0.0000  max mem: 2671
      Evaluation: [1100/1978]  eta: 0:01:38    time: 0.1148  data: 0.0000  max mem: 2671
      Evaluation: [1200/1978]  eta: 0:01:27    time: 0.1156  data: 0.0000  max mem: 2671
      Evaluation: [1300/1978]  eta: 0:01:16    time: 0.1128  data: 0.0000  max mem: 2671
      Evaluation: [1400/1978]  eta: 0:01:05    time: 0.1141  data: 0.0000  max mem: 2671
      Evaluation: [1500/1978]  eta: 0:00:53    time: 0.1107  data: 0.0000  max mem: 2671
      Evaluation: [1600/1978]  eta: 0:00:42    time: 0.1134  data: 0.0000  max mem: 2671
      Evaluation: [1700/1978]  eta: 0:00:31    time: 0.1043  data: 0.0000  max mem: 2671
      Evaluation: [1800/1978]  eta: 0:00:19    time: 0.1135  data: 0.0000  max mem: 2671
      Evaluation: [1900/1978]  eta: 0:00:08    time: 0.1130  data: 0.0000  max mem: 2671
      Evaluation: [1977/1978]  eta: 0:00:00    time: 0.1128  data: 0.0000  max mem: 2671
      Evaluation: Total time: 0:03:42 (0.1124 s / it)
     Computing matching score time 0:03:43
### TTA ITM Score: 
+-------------------+--------+--------+--------+--------+--------+
|       epoch       |   R1   |   R5   |  R10   |  mAP   |  mINP  |
+-------------------+--------+--------+--------+--------+--------+
|  cos_sim_wo/norm  | 58.544 | 91.860 | 95.703 | 73.596 | 73.596 |
|        -999       | 69.414 | 95.197 | 97.776 | 81.233 | 81.233 |
| itm_score_wo/norm | 84.328 | 98.989 | 99.494 | 91.293 | 91.293 |
|        -999       | 84.277 | 99.039 | 99.596 | 91.276 | 91.276 |
|         0         | 84.783 | 98.989 | 99.596 | 91.512 | 91.512 |
|         1         | 84.783 | 98.989 | 99.596 | 91.501 | 91.501 |
|         2         | 84.934 | 98.938 | 99.494 | 91.532 | 91.532 |
+-------------------+--------+--------+--------+--------+--------+
     logs:  {'epo': 2, 'R1': 84.934, 'R5': 98.938, 'R10': 99.494, 'mAP': 91.532, 'mINP': 91.532, 'entropy': 0.312128, 'uncertainty': 0.69797, 'uncertainty_coeffi': 0.01, 'loss': 4.010113, 'lr': 0.000153}
      TTA Epoch: [3] [ 0/61]  eta: 0:00:36  entropy: 0.2493  uncertainty: 0.6080  uncertainty_coeffi: 0.0100  loss: 1.5220  lr: 0.000184  time: 0.5961  data: 0.4616  max mem: 2671
      TTA Epoch: [3] [60/61]  eta: 0:00:00  entropy: 0.2888  uncertainty: 0.7272  uncertainty_coeffi: 0.0100  loss: 3.9749  lr: 0.000244  time: 0.1080  data: 0.0001  max mem: 2671
      TTA Epoch: [3] Total time: 0:00:07 (0.1161 s / it)
     Averaged stats: entropy: 0.2869  uncertainty: 0.6979  uncertainty_coeffi: 0.0100  loss: 2.8803  lr: 0.0002
     itm tta time 0:00:07
      TTA Epoch: [4] [ 0/61]  eta: 0:00:32  entropy: 0.3461  uncertainty: 0.8748  uncertainty_coeffi: 0.0100  loss: 1.0242  lr: 0.000245  time: 0.5257  data: 0.3774  max mem: 2671
      TTA Epoch: [4] [60/61]  eta: 0:00:00  entropy: 0.2224  uncertainty: 0.9475  uncertainty_coeffi: 0.0100  loss: 0.5711  lr: 0.000305  time: 0.1083  data: 0.0001  max mem: 2671
      TTA Epoch: [4] Total time: 0:00:07 (0.1152 s / it)
     Averaged stats: entropy: 0.2667  uncertainty: 0.6987  uncertainty_coeffi: 0.0100  loss: 2.3859  lr: 0.0003
     itm tta time 0:00:07
     Computing matching score
      Evaluation: [   0/1978]  eta: 0:04:24    time: 0.1335  data: 0.0022  max mem: 2671
      Evaluation: [ 100/1978]  eta: 0:02:55    time: 0.0907  data: 0.0000  max mem: 2671
      Evaluation: [ 200/1978]  eta: 0:02:57    time: 0.1137  data: 0.0000  max mem: 2671
      Evaluation: [ 300/1978]  eta: 0:02:53    time: 0.1116  data: 0.0000  max mem: 2671
      Evaluation: [ 400/1978]  eta: 0:02:46    time: 0.1083  data: 0.0000  max mem: 2671
      Evaluation: [ 500/1978]  eta: 0:02:37    time: 0.1137  data: 0.0000  max mem: 2671
      Evaluation: [ 600/1978]  eta: 0:02:28    time: 0.1087  data: 0.0000  max mem: 2671
      Evaluation: [ 700/1978]  eta: 0:02:17    time: 0.1114  data: 0.0000  max mem: 2671
      Evaluation: [ 800/1978]  eta: 0:02:07    time: 0.1114  data: 0.0000  max mem: 2671
      Evaluation: [ 900/1978]  eta: 0:01:56    time: 0.0988  data: 0.0000  max mem: 2671
      Evaluation: [1000/1978]  eta: 0:01:46    time: 0.1121  data: 0.0000  max mem: 2671
      Evaluation: [1100/1978]  eta: 0:01:35    time: 0.1119  data: 0.0000  max mem: 2671
      Evaluation: [1200/1978]  eta: 0:01:24    time: 0.1124  data: 0.0000  max mem: 2671
      Evaluation: [1300/1978]  eta: 0:01:13    time: 0.1129  data: 0.0000  max mem: 2671
      Evaluation: [1400/1978]  eta: 0:01:03    time: 0.1131  data: 0.0000  max mem: 2671
      Evaluation: [1500/1978]  eta: 0:00:52    time: 0.1144  data: 0.0000  max mem: 2671
      Evaluation: [1600/1978]  eta: 0:00:41    time: 0.1130  data: 0.0000  max mem: 2671
      Evaluation: [1700/1978]  eta: 0:00:30    time: 0.1114  data: 0.0000  max mem: 2671
      Evaluation: [1800/1978]  eta: 0:00:19    time: 0.1126  data: 0.0000  max mem: 2671
      Evaluation: [1900/1978]  eta: 0:00:08    time: 0.1126  data: 0.0000  max mem: 2671
      Evaluation: [1977/1978]  eta: 0:00:00    time: 0.1128  data: 0.0000  max mem: 2671
      Evaluation: Total time: 0:03:37 (0.1097 s / it)
     Computing matching score time 0:03:38
### TTA ITM Score: 
+-------------------+--------+--------+--------+--------+--------+
|       epoch       |   R1   |   R5   |  R10   |  mAP   |  mINP  |
+-------------------+--------+--------+--------+--------+--------+
|  cos_sim_wo/norm  | 58.544 | 91.860 | 95.703 | 73.596 | 73.596 |
|        -999       | 69.414 | 95.197 | 97.776 | 81.233 | 81.233 |
| itm_score_wo/norm | 84.328 | 98.989 | 99.494 | 91.293 | 91.293 |
|        -999       | 84.277 | 99.039 | 99.596 | 91.276 | 91.276 |
|         0         | 84.783 | 98.989 | 99.596 | 91.512 | 91.512 |
|         1         | 84.783 | 98.989 | 99.596 | 91.501 | 91.501 |
|         2         | 84.934 | 98.938 | 99.494 | 91.532 | 91.532 |
|         4         | 84.681 | 98.888 | 99.393 | 91.340 | 91.340 |
+-------------------+--------+--------+--------+--------+--------+
     logs:  {'epo': 4, 'R1': 84.681, 'R5': 98.888, 'R10': 99.393, 'mAP': 91.34, 'mINP': 91.34, 'entropy': 0.266748, 'uncertainty': 0.698664, 'uncertainty_coeffi': 0.01, 'loss': 2.385922, 'lr': 0.000275}
      TTA Epoch: [5] [ 0/61]  eta: 0:00:28  entropy: 0.2545  uncertainty: 0.9525  uncertainty_coeffi: 0.0100  loss: 2.5545  lr: 0.000306  time: 0.4697  data: 0.3437  max mem: 2671
      TTA Epoch: [5] [60/61]  eta: 0:00:00  entropy: 0.2041  uncertainty: 0.5098  uncertainty_coeffi: 0.0100  loss: 2.6347  lr: 0.000366  time: 0.1077  data: 0.0001  max mem: 2671
      TTA Epoch: [5] Total time: 0:00:07 (0.1149 s / it)
     Averaged stats: entropy: 0.2464  uncertainty: 0.6962  uncertainty_coeffi: 0.0100  loss: 1.9503  lr: 0.0003
     itm tta time 0:00:07
      TTA Epoch: [6] [ 0/61]  eta: 0:00:32  entropy: 0.2949  uncertainty: 0.6541  uncertainty_coeffi: 0.0100  loss: 1.5700  lr: 0.000367  time: 0.5294  data: 0.3817  max mem: 2671
      TTA Epoch: [6] [60/61]  eta: 0:00:00  entropy: 0.3071  uncertainty: 0.7611  uncertainty_coeffi: 0.0100  loss: 1.3554  lr: 0.000427  time: 0.1062  data: 0.0001  max mem: 2671
      TTA Epoch: [6] Total time: 0:00:07 (0.1152 s / it)
     Averaged stats: entropy: 0.2267  uncertainty: 0.6995  uncertainty_coeffi: 0.0100  loss: 1.6502  lr: 0.0004
     itm tta time 0:00:07
      TTA Epoch: [7] [ 0/61]  eta: 0:00:40  entropy: 0.1972  uncertainty: 0.7742  uncertainty_coeffi: 0.0100  loss: 11.1741  lr: 0.000428  time: 0.6633  data: 0.5039  max mem: 2671
      TTA Epoch: [7] [60/61]  eta: 0:00:00  entropy: 0.1552  uncertainty: 0.6949  uncertainty_coeffi: 0.0100  loss: 0.6915  lr: 0.000488  time: 0.1088  data: 0.0001  max mem: 2671
      TTA Epoch: [7] Total time: 0:00:06 (0.1111 s / it)
     Averaged stats: entropy: 0.2005  uncertainty: 0.6987  uncertainty_coeffi: 0.0100  loss: 1.2714  lr: 0.0005
     itm tta time 0:00:06
      TTA Epoch: [8] [ 0/61]  eta: 0:00:28  entropy: 0.1218  uncertainty: 0.3915  uncertainty_coeffi: 0.0100  loss: 0.3938  lr: 0.000489  time: 0.4709  data: 0.3814  max mem: 2671
      TTA Epoch: [8] [60/61]  eta: 0:00:00  entropy: 0.0511  uncertainty: 0.6814  uncertainty_coeffi: 0.0100  loss: 1.4548  lr: 0.000492  time: 0.1082  data: 0.0001  max mem: 2671
      TTA Epoch: [8] Total time: 0:00:07 (0.1151 s / it)
     Averaged stats: entropy: 0.1852  uncertainty: 0.6988  uncertainty_coeffi: 0.0100  loss: 0.9795  lr: 0.0005
     itm tta time 0:00:07
      TTA Epoch: [9] [ 0/61]  eta: 0:00:34  entropy: 0.2018  uncertainty: 0.9539  uncertainty_coeffi: 0.0100  loss: 1.0698  lr: 0.000492  time: 0.5596  data: 0.4372  max mem: 2671
      TTA Epoch: [9] [60/61]  eta: 0:00:00  entropy: 0.3153  uncertainty: 1.0678  uncertainty_coeffi: 0.0100  loss: 0.5607  lr: 0.000483  time: 0.1086  data: 0.0001  max mem: 2671
      TTA Epoch: [9] Total time: 0:00:07 (0.1165 s / it)
     Averaged stats: entropy: 0.1763  uncertainty: 0.6997  uncertainty_coeffi: 0.0100  loss: 0.8463  lr: 0.0005
     itm tta time 0:00:07
     Computing matching score
      Evaluation: [   0/1978]  eta: 0:04:31    time: 0.1373  data: 0.0044  max mem: 2671
      Evaluation: [ 100/1978]  eta: 0:03:24    time: 0.1128  data: 0.0000  max mem: 2671
      Evaluation: [ 200/1978]  eta: 0:03:15    time: 0.1120  data: 0.0000  max mem: 2671
      Evaluation: [ 300/1978]  eta: 0:03:05    time: 0.1114  data: 0.0000  max mem: 2671
      Evaluation: [ 400/1978]  eta: 0:02:45    time: 0.0918  data: 0.0000  max mem: 2671
      Evaluation: [ 500/1978]  eta: 0:02:25    time: 0.0716  data: 0.0000  max mem: 2671
      Evaluation: [ 600/1978]  eta: 0:02:10    time: 0.0766  data: 0.0000  max mem: 2671
      Evaluation: [ 700/1978]  eta: 0:02:03    time: 0.1149  data: 0.0000  max mem: 2671
      Evaluation: [ 800/1978]  eta: 0:01:54    time: 0.0754  data: 0.0000  max mem: 2671
      Evaluation: [ 900/1978]  eta: 0:01:45    time: 0.1117  data: 0.0000  max mem: 2671
      Evaluation: [1000/1978]  eta: 0:01:36    time: 0.0884  data: 0.0000  max mem: 2671
      Evaluation: [1100/1978]  eta: 0:01:26    time: 0.1123  data: 0.0000  max mem: 2671
      Evaluation: [1200/1978]  eta: 0:01:17    time: 0.1049  data: 0.0000  max mem: 2671
      Evaluation: [1300/1978]  eta: 0:01:06    time: 0.1037  data: 0.0000  max mem: 2671
      Evaluation: [1400/1978]  eta: 0:00:57    time: 0.1159  data: 0.0000  max mem: 2671
      Evaluation: [1500/1978]  eta: 0:00:48    time: 0.1132  data: 0.0000  max mem: 2671
      Evaluation: [1600/1978]  eta: 0:00:37    time: 0.0697  data: 0.0000  max mem: 2671
      Evaluation: [1700/1978]  eta: 0:00:27    time: 0.1149  data: 0.0000  max mem: 2671
      Evaluation: [1800/1978]  eta: 0:00:17    time: 0.1141  data: 0.0000  max mem: 2671
      Evaluation: [1900/1978]  eta: 0:00:07    time: 0.1076  data: 0.0000  max mem: 2671
      Evaluation: [1977/1978]  eta: 0:00:00    time: 0.1152  data: 0.0000  max mem: 2671
      Evaluation: Total time: 0:03:21 (0.1020 s / it)
     Computing matching score time 0:03:22
### TTA ITM Score: 
+-------------------+--------+--------+--------+--------+--------+
|       epoch       |   R1   |   R5   |  R10   |  mAP   |  mINP  |
+-------------------+--------+--------+--------+--------+--------+
|  cos_sim_wo/norm  | 58.544 | 91.860 | 95.703 | 73.596 | 73.596 |
|        -999       | 69.414 | 95.197 | 97.776 | 81.233 | 81.233 |
| itm_score_wo/norm | 84.328 | 98.989 | 99.494 | 91.293 | 91.293 |
|        -999       | 84.277 | 99.039 | 99.596 | 91.276 | 91.276 |
|         0         | 84.783 | 98.989 | 99.596 | 91.512 | 91.512 |
|         1         | 84.783 | 98.989 | 99.596 | 91.501 | 91.501 |
|         2         | 84.934 | 98.938 | 99.494 | 91.532 | 91.532 |
|         4         | 84.681 | 98.888 | 99.393 | 91.340 | 91.340 |
|         9         | 84.125 | 98.635 | 99.141 | 90.963 | 90.963 |
+-------------------+--------+--------+--------+--------+--------+
     logs:  {'epo': 9, 'R1': 84.125, 'R5': 98.635, 'R10': 99.141, 'mAP': 90.963, 'mINP': 90.963, 'entropy': 0.176322, 'uncertainty': 0.699707, 'uncertainty_coeffi': 0.01, 'loss': 0.846322, 'lr': 0.000488}
      TTA Epoch: [10] [ 0/61]  eta: 0:00:33  entropy: 0.1448  uncertainty: 0.8111  uncertainty_coeffi: 0.0100  loss: 0.3429  lr: 0.000483  time: 0.5427  data: 0.4503  max mem: 2671
      TTA Epoch: [10] [60/61]  eta: 0:00:00  entropy: 0.1341  uncertainty: 0.7241  uncertainty_coeffi: 0.0100  loss: 0.2531  lr: 0.000473  time: 0.1089  data: 0.0002  max mem: 2671
      TTA Epoch: [10] Total time: 0:00:06 (0.1096 s / it)
     Averaged stats: entropy: 0.1589  uncertainty: 0.6971  uncertainty_coeffi: 0.0100  loss: 0.7917  lr: 0.0005
     itm tta time 0:00:06
      TTA Epoch: [11] [ 0/61]  eta: 0:00:30  entropy: 0.1849  uncertainty: 0.7033  uncertainty_coeffi: 0.0100  loss: 0.2916  lr: 0.000473  time: 0.5058  data: 0.3884  max mem: 2671
      TTA Epoch: [11] [60/61]  eta: 0:00:00  entropy: 0.1740  uncertainty: 0.7243  uncertainty_coeffi: 0.0100  loss: 0.3663  lr: 0.000464  time: 0.1068  data: 0.0001  max mem: 2671
      TTA Epoch: [11] Total time: 0:00:06 (0.1141 s / it)
     Averaged stats: entropy: 0.1492  uncertainty: 0.6987  uncertainty_coeffi: 0.0100  loss: 0.5056  lr: 0.0005
     itm tta time 0:00:07
      TTA Epoch: [12] [ 0/61]  eta: 0:00:31  entropy: 0.1470  uncertainty: 0.5763  uncertainty_coeffi: 0.0100  loss: 0.5532  lr: 0.000464  time: 0.5202  data: 0.3715  max mem: 2671
      TTA Epoch: [12] [60/61]  eta: 0:00:00  entropy: 0.0422  uncertainty: 0.6463  uncertainty_coeffi: 0.0100  loss: 0.0787  lr: 0.000455  time: 0.1112  data: 0.0001  max mem: 2671
      TTA Epoch: [12] Total time: 0:00:06 (0.1107 s / it)
     Averaged stats: entropy: 0.1358  uncertainty: 0.6987  uncertainty_coeffi: 0.0100  loss: 0.3893  lr: 0.0005
     itm tta time 0:00:06
      TTA Epoch: [13] [ 0/61]  eta: 0:00:36  entropy: 0.1367  uncertainty: 0.6154  uncertainty_coeffi: 0.0100  loss: 0.1426  lr: 0.000454  time: 0.6034  data: 0.4577  max mem: 2671
      TTA Epoch: [13] [60/61]  eta: 0:00:00  entropy: 0.1473  uncertainty: 0.4526  uncertainty_coeffi: 0.0100  loss: 0.6075  lr: 0.000445  time: 0.1086  data: 0.0001  max mem: 2671
      TTA Epoch: [13] Total time: 0:00:07 (0.1175 s / it)
     Averaged stats: entropy: 0.1270  uncertainty: 0.6973  uncertainty_coeffi: 0.0100  loss: 0.4044  lr: 0.0004
     itm tta time 0:00:07
      TTA Epoch: [14] [ 0/61]  eta: 0:00:30  entropy: 0.0762  uncertainty: 0.6131  uncertainty_coeffi: 0.0100  loss: 0.1477  lr: 0.000445  time: 0.4952  data: 0.3799  max mem: 2671
      TTA Epoch: [14] [60/61]  eta: 0:00:00  entropy: 0.0927  uncertainty: 0.7457  uncertainty_coeffi: 0.0100  loss: 0.1904  lr: 0.000436  time: 0.0615  data: 0.0001  max mem: 2671
      TTA Epoch: [14] Total time: 0:00:05 (0.0836 s / it)
     Averaged stats: entropy: 0.1203  uncertainty: 0.6986  uncertainty_coeffi: 0.0100  loss: 0.3587  lr: 0.0004
     itm tta time 0:00:05
     Computing matching score
      Evaluation: [   0/1978]  eta: 0:02:23    time: 0.0723  data: 0.0030  max mem: 2671
      Evaluation: [ 100/1978]  eta: 0:03:21    time: 0.1159  data: 0.0000  max mem: 2671
      Evaluation: [ 200/1978]  eta: 0:03:11    time: 0.1105  data: 0.0000  max mem: 2671
      Evaluation: [ 300/1978]  eta: 0:03:04    time: 0.1129  data: 0.0000  max mem: 2671
      Evaluation: [ 400/1978]  eta: 0:02:53    time: 0.1154  data: 0.0000  max mem: 2671
      Evaluation: [ 500/1978]  eta: 0:02:42    time: 0.1141  data: 0.0000  max mem: 2671
      Evaluation: [ 600/1978]  eta: 0:02:31    time: 0.1138  data: 0.0000  max mem: 2671
      Evaluation: [ 700/1978]  eta: 0:02:21    time: 0.1143  data: 0.0000  max mem: 2671
      Evaluation: [ 800/1978]  eta: 0:02:07    time: 0.1026  data: 0.0000  max mem: 2671
      Evaluation: [ 900/1978]  eta: 0:01:57    time: 0.1155  data: 0.0000  max mem: 2671
      Evaluation: [1000/1978]  eta: 0:01:46    time: 0.1151  data: 0.0000  max mem: 2671
      Evaluation: [1100/1978]  eta: 0:01:35    time: 0.1148  data: 0.0000  max mem: 2671
      Evaluation: [1200/1978]  eta: 0:01:24    time: 0.1040  data: 0.0000  max mem: 2671
      Evaluation: [1300/1978]  eta: 0:01:14    time: 0.1150  data: 0.0000  max mem: 2671
      Evaluation: [1400/1978]  eta: 0:01:03    time: 0.1149  data: 0.0000  max mem: 2671
      Evaluation: [1500/1978]  eta: 0:00:51    time: 0.0687  data: 0.0000  max mem: 2671
      Evaluation: [1600/1978]  eta: 0:00:40    time: 0.1116  data: 0.0000  max mem: 2671
      Evaluation: [1700/1978]  eta: 0:00:30    time: 0.1144  data: 0.0000  max mem: 2671
      Evaluation: [1800/1978]  eta: 0:00:19    time: 0.1034  data: 0.0000  max mem: 2671
      Evaluation: [1900/1978]  eta: 0:00:08    time: 0.1146  data: 0.0000  max mem: 2671
      Evaluation: [1977/1978]  eta: 0:00:00    time: 0.1129  data: 0.0000  max mem: 2671
      Evaluation: Total time: 0:03:35 (0.1089 s / it)
     Computing matching score time 0:03:36
### TTA ITM Score: 
+-------------------+--------+--------+--------+--------+--------+
|       epoch       |   R1   |   R5   |  R10   |  mAP   |  mINP  |
+-------------------+--------+--------+--------+--------+--------+
|  cos_sim_wo/norm  | 58.544 | 91.860 | 95.703 | 73.596 | 73.596 |
|        -999       | 69.414 | 95.197 | 97.776 | 81.233 | 81.233 |
| itm_score_wo/norm | 84.328 | 98.989 | 99.494 | 91.293 | 91.293 |
|        -999       | 84.277 | 99.039 | 99.596 | 91.276 | 91.276 |
|         0         | 84.783 | 98.989 | 99.596 | 91.512 | 91.512 |
|         1         | 84.783 | 98.989 | 99.596 | 91.501 | 91.501 |
|         2         | 84.934 | 98.938 | 99.494 | 91.532 | 91.532 |
|         4         | 84.681 | 98.888 | 99.393 | 91.340 | 91.340 |
|         9         | 84.125 | 98.635 | 99.141 | 90.963 | 90.963 |
|         14        | 84.681 | 98.635 | 99.242 | 91.281 | 91.281 |
+-------------------+--------+--------+--------+--------+--------+
     logs:  {'epo': 14, 'R1': 84.681, 'R5': 98.635, 'R10': 99.242, 'mAP': 91.281, 'mINP': 91.281, 'entropy': 0.120345, 'uncertainty': 0.698629, 'uncertainty_coeffi': 0.01, 'loss': 0.358651, 'lr': 0.00044}
      TTA Epoch: [15] [ 0/61]  eta: 0:00:34  entropy: 0.1313  uncertainty: 0.6742  uncertainty_coeffi: 0.0100  loss: 0.4220  lr: 0.000435  time: 0.5644  data: 0.4215  max mem: 2671
      TTA Epoch: [15] [60/61]  eta: 0:00:00  entropy: 0.1168  uncertainty: 0.8125  uncertainty_coeffi: 0.0100  loss: 0.1479  lr: 0.000426  time: 0.0943  data: 0.0001  max mem: 2671
      TTA Epoch: [15] Total time: 0:00:06 (0.1116 s / it)
     Averaged stats: entropy: 0.1161  uncertainty: 0.7002  uncertainty_coeffi: 0.0100  loss: 0.3611  lr: 0.0004
     itm tta time 0:00:06
      TTA Epoch: [16] [ 0/61]  eta: 0:00:37  entropy: 0.0801  uncertainty: 0.8118  uncertainty_coeffi: 0.0100  loss: 0.1754  lr: 0.000426  time: 0.6109  data: 0.4766  max mem: 2671
      TTA Epoch: [16] [60/61]  eta: 0:00:00  entropy: 0.1127  uncertainty: 0.7593  uncertainty_coeffi: 0.0100  loss: 0.4747  lr: 0.000417  time: 0.1089  data: 0.0001  max mem: 2671
      TTA Epoch: [16] Total time: 0:00:07 (0.1166 s / it)
     Averaged stats: entropy: 0.1060  uncertainty: 0.6980  uncertainty_coeffi: 0.0100  loss: 0.3178  lr: 0.0004
     itm tta time 0:00:07
      TTA Epoch: [17] [ 0/61]  eta: 0:00:33  entropy: 0.0223  uncertainty: 0.6395  uncertainty_coeffi: 0.0100  loss: 0.0470  lr: 0.000416  time: 0.5545  data: 0.4234  max mem: 2671
      TTA Epoch: [17] [60/61]  eta: 0:00:00  entropy: 0.1685  uncertainty: 0.5672  uncertainty_coeffi: 0.0100  loss: 0.3562  lr: 0.000407  time: 0.0818  data: 0.0001  max mem: 2671
      TTA Epoch: [17] Total time: 0:00:06 (0.1072 s / it)
     Averaged stats: entropy: 0.1001  uncertainty: 0.6962  uncertainty_coeffi: 0.0100  loss: 0.3122  lr: 0.0004
     itm tta time 0:00:06
      TTA Epoch: [18] [ 0/61]  eta: 0:00:32  entropy: 0.0535  uncertainty: 0.5565  uncertainty_coeffi: 0.0100  loss: 0.1144  lr: 0.000407  time: 0.5286  data: 0.3972  max mem: 2671
      TTA Epoch: [18] [60/61]  eta: 0:00:00  entropy: 0.0784  uncertainty: 0.5409  uncertainty_coeffi: 0.0100  loss: 0.1362  lr: 0.000398  time: 0.1071  data: 0.0001  max mem: 2671
      TTA Epoch: [18] Total time: 0:00:06 (0.1146 s / it)
     Averaged stats: entropy: 0.0990  uncertainty: 0.6961  uncertainty_coeffi: 0.0100  loss: 0.2769  lr: 0.0004
     itm tta time 0:00:07
      TTA Epoch: [19] [ 0/61]  eta: 0:00:36  entropy: 0.0787  uncertainty: 0.6248  uncertainty_coeffi: 0.0100  loss: 0.1193  lr: 0.000398  time: 0.6050  data: 0.4833  max mem: 2671
      TTA Epoch: [19] [60/61]  eta: 0:00:00  entropy: 0.1111  uncertainty: 0.9123  uncertainty_coeffi: 0.0100  loss: 0.2437  lr: 0.000388  time: 0.0858  data: 0.0001  max mem: 2671
      TTA Epoch: [19] Total time: 0:00:06 (0.1094 s / it)
     Averaged stats: entropy: 0.0973  uncertainty: 0.6999  uncertainty_coeffi: 0.0100  loss: 0.2657  lr: 0.0004
     itm tta time 0:00:06
     Computing matching score
      Evaluation: [   0/1978]  eta: 0:04:36    time: 0.1397  data: 0.0038  max mem: 2671
      Evaluation: [ 100/1978]  eta: 0:03:36    time: 0.1154  data: 0.0000  max mem: 2671
      Evaluation: [ 200/1978]  eta: 0:03:22    time: 0.1152  data: 0.0000  max mem: 2671
      Evaluation: [ 300/1978]  eta: 0:03:09    time: 0.1151  data: 0.0000  max mem: 2671
      Evaluation: [ 400/1978]  eta: 0:02:57    time: 0.1053  data: 0.0000  max mem: 2671
      Evaluation: [ 500/1978]  eta: 0:02:46    time: 0.1151  data: 0.0000  max mem: 2671
      Evaluation: [ 600/1978]  eta: 0:02:29    time: 0.0873  data: 0.0000  max mem: 2671
      Evaluation: [ 700/1978]  eta: 0:02:19    time: 0.1147  data: 0.0000  max mem: 2671
      Evaluation: [ 800/1978]  eta: 0:02:08    time: 0.1135  data: 0.0000  max mem: 2671
      Evaluation: [ 900/1978]  eta: 0:01:57    time: 0.1128  data: 0.0000  max mem: 2671
      Evaluation: [1000/1978]  eta: 0:01:47    time: 0.1094  data: 0.0000  max mem: 2671
      Evaluation: [1100/1978]  eta: 0:01:36    time: 0.1147  data: 0.0000  max mem: 2671
      Evaluation: [1200/1978]  eta: 0:01:25    time: 0.1140  data: 0.0000  max mem: 2671
      Evaluation: [1300/1978]  eta: 0:01:14    time: 0.1123  data: 0.0000  max mem: 2671
      Evaluation: [1400/1978]  eta: 0:01:03    time: 0.1137  data: 0.0000  max mem: 2671
      Evaluation: [1500/1978]  eta: 0:00:52    time: 0.1142  data: 0.0000  max mem: 2671
      Evaluation: [1600/1978]  eta: 0:00:41    time: 0.1131  data: 0.0000  max mem: 2671
      Evaluation: [1700/1978]  eta: 0:00:30    time: 0.1030  data: 0.0000  max mem: 2671
      Evaluation: [1800/1978]  eta: 0:00:19    time: 0.1143  data: 0.0000  max mem: 2671
      Evaluation: [1900/1978]  eta: 0:00:08    time: 0.1151  data: 0.0000  max mem: 2671
      Evaluation: [1977/1978]  eta: 0:00:00    time: 0.0853  data: 0.0000  max mem: 2671
      Evaluation: Total time: 0:03:37 (0.1100 s / it)
     Computing matching score time 0:03:37
### TTA ITM Score: 
+-------------------+--------+--------+--------+--------+--------+
|       epoch       |   R1   |   R5   |  R10   |  mAP   |  mINP  |
+-------------------+--------+--------+--------+--------+--------+
|  cos_sim_wo/norm  | 58.544 | 91.860 | 95.703 | 73.596 | 73.596 |
|        -999       | 69.414 | 95.197 | 97.776 | 81.233 | 81.233 |
| itm_score_wo/norm | 84.328 | 98.989 | 99.494 | 91.293 | 91.293 |
|        -999       | 84.277 | 99.039 | 99.596 | 91.276 | 91.276 |
|         0         | 84.783 | 98.989 | 99.596 | 91.512 | 91.512 |
|         1         | 84.783 | 98.989 | 99.596 | 91.501 | 91.501 |
|         2         | 84.934 | 98.938 | 99.494 | 91.532 | 91.532 |
|         4         | 84.681 | 98.888 | 99.393 | 91.340 | 91.340 |
|         9         | 84.125 | 98.635 | 99.141 | 90.963 | 90.963 |
|         14        | 84.681 | 98.635 | 99.242 | 91.281 | 91.281 |
|         19        | 84.024 | 98.787 | 99.292 | 90.890 | 90.890 |
+-------------------+--------+--------+--------+--------+--------+
     logs:  {'epo': 19, 'R1': 84.024, 'R5': 98.787, 'R10': 99.292, 'mAP': 90.89, 'mINP': 90.89, 'entropy': 0.097347, 'uncertainty': 0.699949, 'uncertainty_coeffi': 0.01, 'loss': 0.265712, 'lr': 0.000393}
      TTA Epoch: [20] [ 0/61]  eta: 0:00:34  entropy: 0.0791  uncertainty: 0.6159  uncertainty_coeffi: 0.0100  loss: 0.1074  lr: 0.000388  time: 0.5636  data: 0.4817  max mem: 2671
      TTA Epoch: [20] [60/61]  eta: 0:00:00  entropy: 0.0319  uncertainty: 0.6423  uncertainty_coeffi: 0.0100  loss: 0.0989  lr: 0.000379  time: 0.1025  data: 0.0001  max mem: 2671
      TTA Epoch: [20] Total time: 0:00:06 (0.0984 s / it)
     Averaged stats: entropy: 0.0909  uncertainty: 0.6975  uncertainty_coeffi: 0.0100  loss: 0.2230  lr: 0.0004
     itm tta time 0:00:06
      TTA Epoch: [21] [ 0/61]  eta: 0:00:38  entropy: 0.1677  uncertainty: 0.6938  uncertainty_coeffi: 0.0100  loss: 0.1643  lr: 0.000379  time: 0.6265  data: 0.4711  max mem: 2671
      TTA Epoch: [21] [60/61]  eta: 0:00:00  entropy: 0.0739  uncertainty: 0.9059  uncertainty_coeffi: 0.0100  loss: 0.2134  lr: 0.000369  time: 0.1088  data: 0.0001  max mem: 2671
      TTA Epoch: [21] Total time: 0:00:07 (0.1177 s / it)
     Averaged stats: entropy: 0.0885  uncertainty: 0.6999  uncertainty_coeffi: 0.0100  loss: 0.2384  lr: 0.0004
     itm tta time 0:00:07
      TTA Epoch: [22] [ 0/61]  eta: 0:00:34  entropy: 0.0645  uncertainty: 0.3667  uncertainty_coeffi: 0.0100  loss: 0.1219  lr: 0.000369  time: 0.5690  data: 0.4374  max mem: 2671
      TTA Epoch: [22] [60/61]  eta: 0:00:00  entropy: 0.1291  uncertainty: 1.1301  uncertainty_coeffi: 0.0100  loss: 0.3466  lr: 0.000360  time: 0.1094  data: 0.0001  max mem: 2671
      TTA Epoch: [22] Total time: 0:00:06 (0.1110 s / it)
     Averaged stats: entropy: 0.0818  uncertainty: 0.6985  uncertainty_coeffi: 0.0100  loss: 0.2035  lr: 0.0004
     itm tta time 0:00:06
      TTA Epoch: [23] [ 0/61]  eta: 0:00:40  entropy: 0.0512  uncertainty: 0.3306  uncertainty_coeffi: 0.0100  loss: 0.1919  lr: 0.000360  time: 0.6651  data: 0.5227  max mem: 2671
      TTA Epoch: [23] [60/61]  eta: 0:00:00  entropy: 0.0995  uncertainty: 0.8871  uncertainty_coeffi: 0.0100  loss: 0.0645  lr: 0.000350  time: 0.1077  data: 0.0001  max mem: 2671
      TTA Epoch: [23] Total time: 0:00:07 (0.1176 s / it)
     Averaged stats: entropy: 0.0787  uncertainty: 0.6991  uncertainty_coeffi: 0.0100  loss: 0.2116  lr: 0.0004
     itm tta time 0:00:07
      TTA Epoch: [24] [ 0/61]  eta: 0:00:36  entropy: 0.0808  uncertainty: 0.7624  uncertainty_coeffi: 0.0100  loss: 0.0493  lr: 0.000350  time: 0.5933  data: 0.4532  max mem: 2671
      TTA Epoch: [24] [60/61]  eta: 0:00:00  entropy: 0.0233  uncertainty: 0.6109  uncertainty_coeffi: 0.0100  loss: 0.0278  lr: 0.000341  time: 0.1097  data: 0.0001  max mem: 2671
      TTA Epoch: [24] Total time: 0:00:06 (0.1112 s / it)
     Averaged stats: entropy: 0.0777  uncertainty: 0.6986  uncertainty_coeffi: 0.0100  loss: 0.1856  lr: 0.0003
     itm tta time 0:00:06
      TTA Epoch: [25] [ 0/61]  eta: 0:00:35  entropy: 0.0164  uncertainty: 0.6034  uncertainty_coeffi: 0.0100  loss: 0.1208  lr: 0.000341  time: 0.5854  data: 0.4437  max mem: 2671
      TTA Epoch: [25] [60/61]  eta: 0:00:00  entropy: 0.0724  uncertainty: 0.6969  uncertainty_coeffi: 0.0100  loss: 0.1636  lr: 0.000331  time: 0.1102  data: 0.0001  max mem: 2671
      TTA Epoch: [25] Total time: 0:00:07 (0.1176 s / it)
     Averaged stats: entropy: 0.0757  uncertainty: 0.7000  uncertainty_coeffi: 0.0100  loss: 0.2840  lr: 0.0003
     itm tta time 0:00:07
      TTA Epoch: [26] [ 0/61]  eta: 0:00:34  entropy: 0.0754  uncertainty: 0.6033  uncertainty_coeffi: 0.0100  loss: 0.2623  lr: 0.000331  time: 0.5632  data: 0.4433  max mem: 2671
      TTA Epoch: [26] [60/61]  eta: 0:00:00  entropy: 0.0702  uncertainty: 0.3624  uncertainty_coeffi: 0.0100  loss: 0.1682  lr: 0.000322  time: 0.1094  data: 0.0001  max mem: 2671
      TTA Epoch: [26] Total time: 0:00:06 (0.1105 s / it)
     Averaged stats: entropy: 0.0720  uncertainty: 0.6994  uncertainty_coeffi: 0.0100  loss: 0.1947  lr: 0.0003
     itm tta time 0:00:06
      TTA Epoch: [27] [ 0/61]  eta: 0:00:36  entropy: 0.1080  uncertainty: 0.7818  uncertainty_coeffi: 0.0100  loss: 0.0970  lr: 0.000322  time: 0.6010  data: 0.4400  max mem: 2671
      TTA Epoch: [27] [60/61]  eta: 0:00:00  entropy: 0.0177  uncertainty: 0.4958  uncertainty_coeffi: 0.0100  loss: 0.0178  lr: 0.000312  time: 0.1107  data: 0.0001  max mem: 2671
      TTA Epoch: [27] Total time: 0:00:07 (0.1176 s / it)
     Averaged stats: entropy: 0.0728  uncertainty: 0.6993  uncertainty_coeffi: 0.0100  loss: 0.1695  lr: 0.0003
     itm tta time 0:00:07
      TTA Epoch: [28] [ 0/61]  eta: 0:00:36  entropy: 0.0896  uncertainty: 0.6760  uncertainty_coeffi: 0.0100  loss: 0.1460  lr: 0.000312  time: 0.6017  data: 0.5034  max mem: 2671
      TTA Epoch: [28] [60/61]  eta: 0:00:00  entropy: 0.0995  uncertainty: 0.5889  uncertainty_coeffi: 0.0100  loss: 0.2371  lr: 0.000303  time: 0.1078  data: 0.0001  max mem: 2671
      TTA Epoch: [28] Total time: 0:00:06 (0.1107 s / it)
     Averaged stats: entropy: 0.0711  uncertainty: 0.6969  uncertainty_coeffi: 0.0100  loss: 0.1652  lr: 0.0003
     itm tta time 0:00:06
      TTA Epoch: [29] [ 0/61]  eta: 0:00:37  entropy: 0.0791  uncertainty: 0.6006  uncertainty_coeffi: 0.0100  loss: 0.1099  lr: 0.000303  time: 0.6110  data: 0.4740  max mem: 2671
      TTA Epoch: [29] [60/61]  eta: 0:00:00  entropy: 0.0719  uncertainty: 0.8404  uncertainty_coeffi: 0.0100  loss: 0.1535  lr: 0.000293  time: 0.1087  data: 0.0001  max mem: 2671
      TTA Epoch: [29] Total time: 0:00:07 (0.1172 s / it)
     Averaged stats: entropy: 0.0641  uncertainty: 0.6994  uncertainty_coeffi: 0.0100  loss: 0.1426  lr: 0.0003
     itm tta time 0:00:07
     Computing matching score
      Evaluation: [   0/1978]  eta: 0:02:36    time: 0.0789  data: 0.0039  max mem: 2671
      Evaluation: [ 100/1978]  eta: 0:03:29    time: 0.1132  data: 0.0000  max mem: 2671
      Evaluation: [ 200/1978]  eta: 0:03:18    time: 0.1146  data: 0.0000  max mem: 2671
      Evaluation: [ 300/1978]  eta: 0:03:07    time: 0.1135  data: 0.0000  max mem: 2671
      Evaluation: [ 400/1978]  eta: 0:02:56    time: 0.1025  data: 0.0000  max mem: 2671
      Evaluation: [ 500/1978]  eta: 0:02:45    time: 0.1162  data: 0.0000  max mem: 2671
      Evaluation: [ 600/1978]  eta: 0:02:34    time: 0.1139  data: 0.0000  max mem: 2671
      Evaluation: [ 700/1978]  eta: 0:02:21    time: 0.0707  data: 0.0000  max mem: 2671
      Evaluation: [ 800/1978]  eta: 0:02:09    time: 0.1135  data: 0.0000  max mem: 2671
      Evaluation: [ 900/1978]  eta: 0:01:58    time: 0.1154  data: 0.0000  max mem: 2671
      Evaluation: [1000/1978]  eta: 0:01:47    time: 0.1020  data: 0.0000  max mem: 2671
      Evaluation: [1100/1978]  eta: 0:01:37    time: 0.1128  data: 0.0000  max mem: 2671
      Evaluation: [1200/1978]  eta: 0:01:26    time: 0.1149  data: 0.0000  max mem: 2671
      Evaluation: [1300/1978]  eta: 0:01:15    time: 0.1147  data: 0.0000  max mem: 2671
      Evaluation: [1400/1978]  eta: 0:01:04    time: 0.1022  data: 0.0000  max mem: 2671
      Evaluation: [1500/1978]  eta: 0:00:53    time: 0.1112  data: 0.0000  max mem: 2671
      Evaluation: [1600/1978]  eta: 0:00:41    time: 0.1114  data: 0.0000  max mem: 2671
      Evaluation: [1700/1978]  eta: 0:00:30    time: 0.1151  data: 0.0000  max mem: 2671
      Evaluation: [1800/1978]  eta: 0:00:19    time: 0.1107  data: 0.0000  max mem: 2671
      Evaluation: [1900/1978]  eta: 0:00:08    time: 0.1152  data: 0.0000  max mem: 2671
      Evaluation: [1977/1978]  eta: 0:00:00    time: 0.1160  data: 0.0000  max mem: 2671
      Evaluation: Total time: 0:03:39 (0.1111 s / it)
     Computing matching score time 0:03:40
### TTA ITM Score: 
+-------------------+--------+--------+--------+--------+--------+
|       epoch       |   R1   |   R5   |  R10   |  mAP   |  mINP  |
+-------------------+--------+--------+--------+--------+--------+
|  cos_sim_wo/norm  | 58.544 | 91.860 | 95.703 | 73.596 | 73.596 |
|        -999       | 69.414 | 95.197 | 97.776 | 81.233 | 81.233 |
| itm_score_wo/norm | 84.328 | 98.989 | 99.494 | 91.293 | 91.293 |
|        -999       | 84.277 | 99.039 | 99.596 | 91.276 | 91.276 |
|         0         | 84.783 | 98.989 | 99.596 | 91.512 | 91.512 |
|         1         | 84.783 | 98.989 | 99.596 | 91.501 | 91.501 |
|         2         | 84.934 | 98.938 | 99.494 | 91.532 | 91.532 |
|         4         | 84.681 | 98.888 | 99.393 | 91.340 | 91.340 |
|         9         | 84.125 | 98.635 | 99.141 | 90.963 | 90.963 |
|         14        | 84.681 | 98.635 | 99.242 | 91.281 | 91.281 |
|         19        | 84.024 | 98.787 | 99.292 | 90.890 | 90.890 |
|         29        | 83.013 | 98.787 | 99.292 | 90.377 | 90.377 |
+-------------------+--------+--------+--------+--------+--------+
     logs:  {'epo': 29, 'R1': 83.013, 'R5': 98.787, 'R10': 99.292, 'mAP': 90.377, 'mINP': 90.377, 'entropy': 0.064101, 'uncertainty': 0.699358, 'uncertainty_coeffi': 0.01, 'loss': 0.142556, 'lr': 0.000298}
      TTA Epoch: [30] [ 0/61]  eta: 0:00:29  entropy: 0.0403  uncertainty: 0.8179  uncertainty_coeffi: 0.0100  loss: 0.0628  lr: 0.000293  time: 0.4858  data: 0.3755  max mem: 2671
      TTA Epoch: [30] [60/61]  eta: 0:00:00  entropy: 0.0518  uncertainty: 0.8246  uncertainty_coeffi: 0.0100  loss: 0.0644  lr: 0.000284  time: 0.1108  data: 0.0001  max mem: 2671
      TTA Epoch: [30] Total time: 0:00:07 (0.1172 s / it)
     Averaged stats: entropy: 0.0642  uncertainty: 0.6985  uncertainty_coeffi: 0.0100  loss: 0.1424  lr: 0.0003
     itm tta time 0:00:07
      TTA Epoch: [31] [ 0/61]  eta: 0:00:31  entropy: 0.0469  uncertainty: 0.4707  uncertainty_coeffi: 0.0100  loss: 0.0600  lr: 0.000284  time: 0.5181  data: 0.4413  max mem: 2671
      TTA Epoch: [31] [60/61]  eta: 0:00:00  entropy: 0.0680  uncertainty: 0.7686  uncertainty_coeffi: 0.0100  loss: 0.1090  lr: 0.000275  time: 0.0716  data: 0.0001  max mem: 2671
      TTA Epoch: [31] Total time: 0:00:04 (0.0786 s / it)
     Averaged stats: entropy: 0.0656  uncertainty: 0.7002  uncertainty_coeffi: 0.0100  loss: 0.1492  lr: 0.0003
     itm tta time 0:00:04
      TTA Epoch: [32] [ 0/61]  eta: 0:00:38  entropy: 0.0749  uncertainty: 0.8144  uncertainty_coeffi: 0.0100  loss: 0.0476  lr: 0.000274  time: 0.6332  data: 0.4776  max mem: 2671
      TTA Epoch: [32] [60/61]  eta: 0:00:00  entropy: 0.0553  uncertainty: 0.8911  uncertainty_coeffi: 0.0100  loss: 0.0576  lr: 0.000133  time: 0.0613  data: 0.0001  max mem: 2671
      TTA Epoch: [32] Total time: 0:00:04 (0.0739 s / it)
     Averaged stats: entropy: 0.0628  uncertainty: 0.6989  uncertainty_coeffi: 0.0100  loss: 0.1351  lr: 0.0002
     itm tta time 0:00:04
      TTA Epoch: [33] [ 0/61]  eta: 0:00:33  entropy: 0.0559  uncertainty: 0.5524  uncertainty_coeffi: 0.0100  loss: 0.0433  lr: 0.000132  time: 0.5563  data: 0.4401  max mem: 2671
      TTA Epoch: [33] [60/61]  eta: 0:00:00  entropy: 0.0650  uncertainty: 0.7297  uncertainty_coeffi: 0.0100  loss: 0.1433  lr: 0.000128  time: 0.0614  data: 0.0002  max mem: 2671
      TTA Epoch: [33] Total time: 0:00:04 (0.0700 s / it)
     Averaged stats: entropy: 0.0614  uncertainty: 0.7006  uncertainty_coeffi: 0.0100  loss: 0.1205  lr: 0.0001
     itm tta time 0:00:04
      TTA Epoch: [34] [ 0/61]  eta: 0:00:34  entropy: 0.0202  uncertainty: 0.4975  uncertainty_coeffi: 0.0100  loss: 0.0377  lr: 0.000128  time: 0.5638  data: 0.4674  max mem: 2671
      TTA Epoch: [34] [60/61]  eta: 0:00:00  entropy: 0.0733  uncertainty: 0.6677  uncertainty_coeffi: 0.0100  loss: 0.0520  lr: 0.000123  time: 0.0621  data: 0.0001  max mem: 2671
      TTA Epoch: [34] Total time: 0:00:04 (0.0784 s / it)
     Averaged stats: entropy: 0.0623  uncertainty: 0.6991  uncertainty_coeffi: 0.0100  loss: 0.1300  lr: 0.0001
     itm tta time 0:00:04
      TTA Epoch: [35] [ 0/61]  eta: 0:00:30  entropy: 0.0506  uncertainty: 0.8126  uncertainty_coeffi: 0.0100  loss: 0.0803  lr: 0.000123  time: 0.4973  data: 0.3524  max mem: 2671
      TTA Epoch: [35] [60/61]  eta: 0:00:00  entropy: 0.0635  uncertainty: 0.8282  uncertainty_coeffi: 0.0100  loss: 0.0521  lr: 0.000118  time: 0.1045  data: 0.0001  max mem: 2671
      TTA Epoch: [35] Total time: 0:00:05 (0.0929 s / it)
     Averaged stats: entropy: 0.0587  uncertainty: 0.6994  uncertainty_coeffi: 0.0100  loss: 0.1395  lr: 0.0001
     itm tta time 0:00:05
      TTA Epoch: [36] [ 0/61]  eta: 0:00:31  entropy: 0.0287  uncertainty: 1.0049  uncertainty_coeffi: 0.0100  loss: 0.0513  lr: 0.000118  time: 0.5216  data: 0.4239  max mem: 2671
      TTA Epoch: [36] [60/61]  eta: 0:00:00  entropy: 0.0893  uncertainty: 0.7015  uncertainty_coeffi: 0.0100  loss: 0.1545  lr: 0.000114  time: 0.1086  data: 0.0001  max mem: 2671
      TTA Epoch: [36] Total time: 0:00:07 (0.1155 s / it)
     Averaged stats: entropy: 0.0608  uncertainty: 0.6992  uncertainty_coeffi: 0.0100  loss: 0.1174  lr: 0.0001
     itm tta time 0:00:07
      TTA Epoch: [37] [ 0/61]  eta: 0:00:34  entropy: 0.0658  uncertainty: 0.4525  uncertainty_coeffi: 0.0100  loss: 0.2531  lr: 0.000114  time: 0.5674  data: 0.4235  max mem: 2671
      TTA Epoch: [37] [60/61]  eta: 0:00:00  entropy: 0.1090  uncertainty: 0.8042  uncertainty_coeffi: 0.0100  loss: 0.1342  lr: 0.000109  time: 0.0615  data: 0.0001  max mem: 2671
      TTA Epoch: [37] Total time: 0:00:05 (0.0928 s / it)
     Averaged stats: entropy: 0.0624  uncertainty: 0.6983  uncertainty_coeffi: 0.0100  loss: 0.1375  lr: 0.0001
     itm tta time 0:00:05
      TTA Epoch: [38] [ 0/61]  eta: 0:00:32  entropy: 0.0542  uncertainty: 0.8951  uncertainty_coeffi: 0.0100  loss: 0.0640  lr: 0.000109  time: 0.5251  data: 0.4273  max mem: 2671
      TTA Epoch: [38] [60/61]  eta: 0:00:00  entropy: 0.0730  uncertainty: 0.7660  uncertainty_coeffi: 0.0100  loss: 0.0789  lr: 0.000104  time: 0.1090  data: 0.0001  max mem: 2671
      TTA Epoch: [38] Total time: 0:00:06 (0.1042 s / it)
     Averaged stats: entropy: 0.0575  uncertainty: 0.6973  uncertainty_coeffi: 0.0100  loss: 0.1263  lr: 0.0001
     itm tta time 0:00:06
      TTA Epoch: [39] [ 0/61]  eta: 0:00:29  entropy: 0.1305  uncertainty: 0.9126  uncertainty_coeffi: 0.0100  loss: 0.1388  lr: 0.000104  time: 0.4864  data: 0.3996  max mem: 2671
      TTA Epoch: [39] [60/61]  eta: 0:00:00  entropy: 0.0870  uncertainty: 0.7480  uncertainty_coeffi: 0.0100  loss: 0.3658  lr: 0.000099  time: 0.1088  data: 0.0001  max mem: 2671
      TTA Epoch: [39] Total time: 0:00:07 (0.1157 s / it)
     Averaged stats: entropy: 0.0562  uncertainty: 0.7000  uncertainty_coeffi: 0.0100  loss: 0.1324  lr: 0.0001
     itm tta time 0:00:07
     Computing matching score
      Evaluation: [   0/1978]  eta: 0:03:08    time: 0.0953  data: 0.0037  max mem: 2671
      Evaluation: [ 100/1978]  eta: 0:02:55    time: 0.1002  data: 0.0000  max mem: 2671
      Evaluation: [ 200/1978]  eta: 0:03:01    time: 0.1136  data: 0.0000  max mem: 2671
      Evaluation: [ 300/1978]  eta: 0:02:45    time: 0.0871  data: 0.0000  max mem: 2671
      Evaluation: [ 400/1978]  eta: 0:02:39    time: 0.1116  data: 0.0000  max mem: 2671
      Evaluation: [ 500/1978]  eta: 0:02:31    time: 0.1151  data: 0.0000  max mem: 2671
      Evaluation: [ 600/1978]  eta: 0:02:22    time: 0.0939  data: 0.0000  max mem: 2671
      Evaluation: [ 700/1978]  eta: 0:02:10    time: 0.1150  data: 0.0000  max mem: 2671
      Evaluation: [ 800/1978]  eta: 0:02:01    time: 0.1146  data: 0.0000  max mem: 2671
      Evaluation: [ 900/1978]  eta: 0:01:52    time: 0.1150  data: 0.0000  max mem: 2671
      Evaluation: [1000/1978]  eta: 0:01:42    time: 0.1158  data: 0.0000  max mem: 2671
      Evaluation: [1100/1978]  eta: 0:01:32    time: 0.1142  data: 0.0000  max mem: 2671
      Evaluation: [1200/1978]  eta: 0:01:22    time: 0.1147  data: 0.0000  max mem: 2671
      Evaluation: [1300/1978]  eta: 0:01:12    time: 0.1147  data: 0.0000  max mem: 2671
      Evaluation: [1400/1978]  eta: 0:01:01    time: 0.1068  data: 0.0000  max mem: 2671
      Evaluation: [1500/1978]  eta: 0:00:50    time: 0.1142  data: 0.0000  max mem: 2671
      Evaluation: [1600/1978]  eta: 0:00:40    time: 0.1119  data: 0.0000  max mem: 2671
      Evaluation: [1700/1978]  eta: 0:00:29    time: 0.1151  data: 0.0000  max mem: 2671
      Evaluation: [1800/1978]  eta: 0:00:19    time: 0.1147  data: 0.0000  max mem: 2671
      Evaluation: [1900/1978]  eta: 0:00:08    time: 0.1154  data: 0.0000  max mem: 2671
      Evaluation: [1977/1978]  eta: 0:00:00    time: 0.1104  data: 0.0000  max mem: 2671
      Evaluation: Total time: 0:03:32 (0.1075 s / it)
     Computing matching score time 0:03:33
### TTA ITM Score: 
+-------------------+--------+--------+--------+--------+--------+
|       epoch       |   R1   |   R5   |  R10   |  mAP   |  mINP  |
+-------------------+--------+--------+--------+--------+--------+
|  cos_sim_wo/norm  | 58.544 | 91.860 | 95.703 | 73.596 | 73.596 |
|        -999       | 69.414 | 95.197 | 97.776 | 81.233 | 81.233 |
| itm_score_wo/norm | 84.328 | 98.989 | 99.494 | 91.293 | 91.293 |
|        -999       | 84.277 | 99.039 | 99.596 | 91.276 | 91.276 |
|         0         | 84.783 | 98.989 | 99.596 | 91.512 | 91.512 |
|         1         | 84.783 | 98.989 | 99.596 | 91.501 | 91.501 |
|         2         | 84.934 | 98.938 | 99.494 | 91.532 | 91.532 |
|         4         | 84.681 | 98.888 | 99.393 | 91.340 | 91.340 |
|         9         | 84.125 | 98.635 | 99.141 | 90.963 | 90.963 |
|         14        | 84.681 | 98.635 | 99.242 | 91.281 | 91.281 |
|         19        | 84.024 | 98.787 | 99.292 | 90.890 | 90.890 |
|         29        | 83.013 | 98.787 | 99.292 | 90.377 | 90.377 |
|         39        | 83.266 | 98.584 | 99.141 | 90.466 | 90.466 |
+-------------------+--------+--------+--------+--------+--------+
     logs:  {'epo': 39, 'R1': 83.266, 'R5': 98.584, 'R10': 99.141, 'mAP': 90.466, 'mINP': 90.466, 'entropy': 0.056238, 'uncertainty': 0.700044, 'uncertainty_coeffi': 0.01, 'loss': 0.132422, 'lr': 0.000102}
      TTA Epoch: [40] [ 0/61]  eta: 0:00:30  entropy: 0.1077  uncertainty: 0.8159  uncertainty_coeffi: 0.0100  loss: 0.0783  lr: 0.000099  time: 0.5025  data: 0.3650  max mem: 2671
      TTA Epoch: [40] [60/61]  eta: 0:00:00  entropy: 0.0745  uncertainty: 0.6727  uncertainty_coeffi: 0.0100  loss: 0.0378  lr: 0.000095  time: 0.1103  data: 0.0001  max mem: 2671
      TTA Epoch: [40] Total time: 0:00:07 (0.1154 s / it)
     Averaged stats: entropy: 0.0602  uncertainty: 0.6989  uncertainty_coeffi: 0.0100  loss: 0.1232  lr: 0.0001
     itm tta time 0:00:07
      TTA Epoch: [41] [ 0/61]  eta: 0:00:31  entropy: 0.0471  uncertainty: 0.8708  uncertainty_coeffi: 0.0100  loss: 0.0967  lr: 0.000095  time: 0.5112  data: 0.3675  max mem: 2671
      TTA Epoch: [41] [60/61]  eta: 0:00:00  entropy: 0.0474  uncertainty: 0.7522  uncertainty_coeffi: 0.0100  loss: 0.0341  lr: 0.000090  time: 0.0784  data: 0.0001  max mem: 2671
      TTA Epoch: [41] Total time: 0:00:04 (0.0815 s / it)
     Averaged stats: entropy: 0.0577  uncertainty: 0.7002  uncertainty_coeffi: 0.0100  loss: 0.1127  lr: 0.0001
     itm tta time 0:00:05
      TTA Epoch: [42] [ 0/61]  eta: 0:00:43  entropy: 0.0468  uncertainty: 0.6901  uncertainty_coeffi: 0.0100  loss: 0.0727  lr: 0.000090  time: 0.7125  data: 0.5482  max mem: 2671
      TTA Epoch: [42] [60/61]  eta: 0:00:00  entropy: 0.0248  uncertainty: 0.7746  uncertainty_coeffi: 0.0100  loss: 0.1298  lr: 0.000085  time: 0.1094  data: 0.0001  max mem: 2671
      TTA Epoch: [42] Total time: 0:00:06 (0.1069 s / it)
     Averaged stats: entropy: 0.0513  uncertainty: 0.6995  uncertainty_coeffi: 0.0100  loss: 0.1004  lr: 0.0001
     itm tta time 0:00:06
      TTA Epoch: [43] [ 0/61]  eta: 0:00:40  entropy: 0.0370  uncertainty: 0.7027  uncertainty_coeffi: 0.0100  loss: 0.0297  lr: 0.000085  time: 0.6612  data: 0.5113  max mem: 2671
      TTA Epoch: [43] [60/61]  eta: 0:00:00  entropy: 0.0554  uncertainty: 0.5951  uncertainty_coeffi: 0.0100  loss: 0.1798  lr: 0.000080  time: 0.1097  data: 0.0001  max mem: 2671
      TTA Epoch: [43] Total time: 0:00:07 (0.1182 s / it)
     Averaged stats: entropy: 0.0572  uncertainty: 0.7003  uncertainty_coeffi: 0.0100  loss: 0.1221  lr: 0.0001
     itm tta time 0:00:07
      TTA Epoch: [44] [ 0/61]  eta: 0:00:35  entropy: 0.0703  uncertainty: 0.6005  uncertainty_coeffi: 0.0100  loss: 0.2148  lr: 0.000080  time: 0.5895  data: 0.4827  max mem: 2671
      TTA Epoch: [44] [60/61]  eta: 0:00:00  entropy: 0.1011  uncertainty: 0.7502  uncertainty_coeffi: 0.0100  loss: 0.2353  lr: 0.000076  time: 0.1098  data: 0.0001  max mem: 2671
      TTA Epoch: [44] Total time: 0:00:06 (0.1114 s / it)
     Averaged stats: entropy: 0.0633  uncertainty: 0.6999  uncertainty_coeffi: 0.0100  loss: 0.1371  lr: 0.0001
     itm tta time 0:00:06
      TTA Epoch: [45] [ 0/61]  eta: 0:00:30  entropy: 0.0265  uncertainty: 0.3608  uncertainty_coeffi: 0.0100  loss: 0.1146  lr: 0.000076  time: 0.4927  data: 0.4029  max mem: 2671
      TTA Epoch: [45] [60/61]  eta: 0:00:00  entropy: 0.0133  uncertainty: 0.7622  uncertainty_coeffi: 0.0100  loss: 0.0537  lr: 0.000071  time: 0.1098  data: 0.0001  max mem: 2671
      TTA Epoch: [45] Total time: 0:00:07 (0.1174 s / it)
     Averaged stats: entropy: 0.0548  uncertainty: 0.6998  uncertainty_coeffi: 0.0100  loss: 0.1401  lr: 0.0001
     itm tta time 0:00:07
      TTA Epoch: [46] [ 0/61]  eta: 0:00:43  entropy: 0.0554  uncertainty: 0.7486  uncertainty_coeffi: 0.0100  loss: 0.1709  lr: 0.000071  time: 0.7167  data: 0.5346  max mem: 2671
      TTA Epoch: [46] [60/61]  eta: 0:00:00  entropy: 0.0417  uncertainty: 0.4372  uncertainty_coeffi: 0.0100  loss: 0.1641  lr: 0.000066  time: 0.1094  data: 0.0001  max mem: 2671
      TTA Epoch: [46] Total time: 0:00:07 (0.1194 s / it)
     Averaged stats: entropy: 0.0552  uncertainty: 0.7001  uncertainty_coeffi: 0.0100  loss: 0.1147  lr: 0.0001
     itm tta time 0:00:07
      TTA Epoch: [47] [ 0/61]  eta: 0:00:34  entropy: 0.0254  uncertainty: 0.8518  uncertainty_coeffi: 0.0100  loss: 0.0282  lr: 0.000066  time: 0.5696  data: 0.4393  max mem: 2671
      TTA Epoch: [47] [60/61]  eta: 0:00:00  entropy: 0.0351  uncertainty: 0.5522  uncertainty_coeffi: 0.0100  loss: 0.0746  lr: 0.000061  time: 0.0955  data: 0.0001  max mem: 2671
      TTA Epoch: [47] Total time: 0:00:06 (0.1116 s / it)
     Averaged stats: entropy: 0.0572  uncertainty: 0.6988  uncertainty_coeffi: 0.0100  loss: 0.1361  lr: 0.0001
     itm tta time 0:00:06
      TTA Epoch: [48] [ 0/61]  eta: 0:00:41  entropy: 0.0332  uncertainty: 0.5301  uncertainty_coeffi: 0.0100  loss: 0.0342  lr: 0.000061  time: 0.6738  data: 0.5105  max mem: 2671
      TTA Epoch: [48] [60/61]  eta: 0:00:00  entropy: 0.0696  uncertainty: 0.8761  uncertainty_coeffi: 0.0100  loss: 0.1915  lr: 0.000057  time: 0.1087  data: 0.0001  max mem: 2671
      TTA Epoch: [48] Total time: 0:00:07 (0.1187 s / it)
     Averaged stats: entropy: 0.0551  uncertainty: 0.6968  uncertainty_coeffi: 0.0100  loss: 0.1183  lr: 0.0001
     itm tta time 0:00:07
      TTA Epoch: [49] [ 0/61]  eta: 0:00:30  entropy: 0.0677  uncertainty: 0.8322  uncertainty_coeffi: 0.0100  loss: 0.0784  lr: 0.000057  time: 0.4942  data: 0.3657  max mem: 2671
      TTA Epoch: [49] [60/61]  eta: 0:00:00  entropy: 0.0706  uncertainty: 0.7218  uncertainty_coeffi: 0.0100  loss: 0.0961  lr: 0.000052  time: 0.0850  data: 0.0001  max mem: 2671
      TTA Epoch: [49] Total time: 0:00:06 (0.1084 s / it)
     Averaged stats: entropy: 0.0554  uncertainty: 0.6956  uncertainty_coeffi: 0.0100  loss: 0.1136  lr: 0.0001
     itm tta time 0:00:06
     Computing matching score
      Evaluation: [   0/1978]  eta: 0:04:17    time: 0.1301  data: 0.0028  max mem: 2671
      Evaluation: [ 100/1978]  eta: 0:03:36    time: 0.1152  data: 0.0000  max mem: 2671
      Evaluation: [ 200/1978]  eta: 0:03:00    time: 0.0868  data: 0.0000  max mem: 2671
      Evaluation: [ 300/1978]  eta: 0:02:56    time: 0.1151  data: 0.0000  max mem: 2671
      Evaluation: [ 400/1978]  eta: 0:02:48    time: 0.1132  data: 0.0000  max mem: 2671
      Evaluation: [ 500/1978]  eta: 0:02:39    time: 0.1155  data: 0.0000  max mem: 2671
      Evaluation: [ 600/1978]  eta: 0:02:29    time: 0.1022  data: 0.0000  max mem: 2671
      Evaluation: [ 700/1978]  eta: 0:02:19    time: 0.1145  data: 0.0000  max mem: 2671
      Evaluation: [ 800/1978]  eta: 0:02:08    time: 0.1136  data: 0.0000  max mem: 2671
      Evaluation: [ 900/1978]  eta: 0:01:58    time: 0.1161  data: 0.0000  max mem: 2671
      Evaluation: [1000/1978]  eta: 0:01:47    time: 0.1013  data: 0.0000  max mem: 2671
      Evaluation: [1100/1978]  eta: 0:01:37    time: 0.1188  data: 0.0000  max mem: 2671
      Evaluation: [1200/1978]  eta: 0:01:26    time: 0.1162  data: 0.0000  max mem: 2671
      Evaluation: [1300/1978]  eta: 0:01:14    time: 0.1116  data: 0.0000  max mem: 2671
      Evaluation: [1400/1978]  eta: 0:01:03    time: 0.0978  data: 0.0000  max mem: 2671
      Evaluation: [1500/1978]  eta: 0:00:53    time: 0.1150  data: 0.0000  max mem: 2671
      Evaluation: [1600/1978]  eta: 0:00:41    time: 0.0923  data: 0.0000  max mem: 2671
      Evaluation: [1700/1978]  eta: 0:00:30    time: 0.1159  data: 0.0000  max mem: 2671
      Evaluation: [1800/1978]  eta: 0:00:19    time: 0.1150  data: 0.0000  max mem: 2671
      Evaluation: [1900/1978]  eta: 0:00:08    time: 0.1123  data: 0.0000  max mem: 2671
      Evaluation: [1977/1978]  eta: 0:00:00    time: 0.1153  data: 0.0000  max mem: 2671
      Evaluation: Total time: 0:03:38 (0.1103 s / it)
     Computing matching score time 0:03:38
### TTA ITM Score: 
+-------------------+--------+--------+--------+--------+--------+
|       epoch       |   R1   |   R5   |  R10   |  mAP   |  mINP  |
+-------------------+--------+--------+--------+--------+--------+
|  cos_sim_wo/norm  | 58.544 | 91.860 | 95.703 | 73.596 | 73.596 |
|        -999       | 69.414 | 95.197 | 97.776 | 81.233 | 81.233 |
| itm_score_wo/norm | 84.328 | 98.989 | 99.494 | 91.293 | 91.293 |
|        -999       | 84.277 | 99.039 | 99.596 | 91.276 | 91.276 |
|         0         | 84.783 | 98.989 | 99.596 | 91.512 | 91.512 |
|         1         | 84.783 | 98.989 | 99.596 | 91.501 | 91.501 |
|         2         | 84.934 | 98.938 | 99.494 | 91.532 | 91.532 |
|         4         | 84.681 | 98.888 | 99.393 | 91.340 | 91.340 |
|         9         | 84.125 | 98.635 | 99.141 | 90.963 | 90.963 |
|         14        | 84.681 | 98.635 | 99.242 | 91.281 | 91.281 |
|         19        | 84.024 | 98.787 | 99.292 | 90.890 | 90.890 |
|         29        | 83.013 | 98.787 | 99.292 | 90.377 | 90.377 |
|         39        | 83.266 | 98.584 | 99.141 | 90.466 | 90.466 |
|         49        | 82.963 | 98.635 | 99.141 | 90.285 | 90.285 |
+-------------------+--------+--------+--------+--------+--------+
     logs:  {'epo': 49, 'R1': 82.963, 'R5': 98.635, 'R10': 99.141, 'mAP': 90.285, 'mINP': 90.285, 'entropy': 0.055391, 'uncertainty': 0.69564, 'uncertainty_coeffi': 0.01, 'loss': 0.113581, 'lr': 5.4e-05}
      TTA Epoch: [50] [ 0/61]  eta: 0:00:33  entropy: 0.0543  uncertainty: 0.5299  uncertainty_coeffi: 0.0100  loss: 0.1507  lr: 0.000052  time: 0.5494  data: 0.4531  max mem: 2671
      TTA Epoch: [50] [60/61]  eta: 0:00:00  entropy: 0.0272  uncertainty: 0.4894  uncertainty_coeffi: 0.0100  loss: 0.0232  lr: 0.000047  time: 0.1098  data: 0.0001  max mem: 2671
      TTA Epoch: [50] Total time: 0:00:07 (0.1185 s / it)
     Averaged stats: entropy: 0.0562  uncertainty: 0.7000  uncertainty_coeffi: 0.0100  loss: 0.1211  lr: 0.0000
     itm tta time 0:00:07
      TTA Epoch: [51] [ 0/61]  eta: 0:00:33  entropy: 0.0772  uncertainty: 0.7283  uncertainty_coeffi: 0.0100  loss: 0.0847  lr: 0.000047  time: 0.5455  data: 0.3946  max mem: 2671
      TTA Epoch: [51] [60/61]  eta: 0:00:00  entropy: 0.0439  uncertainty: 0.8672  uncertainty_coeffi: 0.0100  loss: 0.2402  lr: 0.000043  time: 0.0887  data: 0.0001  max mem: 2671
      TTA Epoch: [51] Total time: 0:00:06 (0.1102 s / it)
     Averaged stats: entropy: 0.0514  uncertainty: 0.6979  uncertainty_coeffi: 0.0100  loss: 0.1297  lr: 0.0000
     itm tta time 0:00:06
      TTA Epoch: [52] [ 0/61]  eta: 0:00:35  entropy: 0.0720  uncertainty: 0.5945  uncertainty_coeffi: 0.0100  loss: 0.4764  lr: 0.000042  time: 0.5893  data: 0.4606  max mem: 2671
      TTA Epoch: [52] [60/61]  eta: 0:00:00  entropy: 0.0744  uncertainty: 0.4919  uncertainty_coeffi: 0.0100  loss: 0.1757  lr: 0.000038  time: 0.1123  data: 0.0001  max mem: 2671
      TTA Epoch: [52] Total time: 0:00:07 (0.1198 s / it)
     Averaged stats: entropy: 0.0540  uncertainty: 0.7005  uncertainty_coeffi: 0.0100  loss: 0.1239  lr: 0.0000
     itm tta time 0:00:07
      TTA Epoch: [53] [ 0/61]  eta: 0:00:30  entropy: 0.0495  uncertainty: 0.4926  uncertainty_coeffi: 0.0100  loss: 0.0530  lr: 0.000038  time: 0.5020  data: 0.3845  max mem: 2671
      TTA Epoch: [53] [60/61]  eta: 0:00:00  entropy: 0.0418  uncertainty: 0.7718  uncertainty_coeffi: 0.0100  loss: 0.1177  lr: 0.000033  time: 0.1120  data: 0.0001  max mem: 2671
      TTA Epoch: [53] Total time: 0:00:06 (0.1105 s / it)
     Averaged stats: entropy: 0.0542  uncertainty: 0.7002  uncertainty_coeffi: 0.0100  loss: 0.1152  lr: 0.0000
     itm tta time 0:00:06
      TTA Epoch: [54] [ 0/61]  eta: 0:00:33  entropy: 0.1080  uncertainty: 0.7381  uncertainty_coeffi: 0.0100  loss: 0.6742  lr: 0.000033  time: 0.5434  data: 0.4060  max mem: 2671
      TTA Epoch: [54] [60/61]  eta: 0:00:00  entropy: 0.0158  uncertainty: 0.6111  uncertainty_coeffi: 0.0100  loss: 0.0518  lr: 0.000028  time: 0.1121  data: 0.0001  max mem: 2671
      TTA Epoch: [54] Total time: 0:00:07 (0.1182 s / it)
     Averaged stats: entropy: 0.0576  uncertainty: 0.6962  uncertainty_coeffi: 0.0100  loss: 0.1539  lr: 0.0000
     itm tta time 0:00:07
      TTA Epoch: [55] [ 0/61]  eta: 0:00:32  entropy: 0.0627  uncertainty: 0.5944  uncertainty_coeffi: 0.0100  loss: 0.1550  lr: 0.000028  time: 0.5299  data: 0.4119  max mem: 2671
      TTA Epoch: [55] [60/61]  eta: 0:00:00  entropy: 0.0292  uncertainty: 0.6975  uncertainty_coeffi: 0.0100  loss: 0.0311  lr: 0.000024  time: 0.1089  data: 0.0001  max mem: 2671
      TTA Epoch: [55] Total time: 0:00:06 (0.1107 s / it)
     Averaged stats: entropy: 0.0530  uncertainty: 0.6994  uncertainty_coeffi: 0.0100  loss: 0.1114  lr: 0.0000
     itm tta time 0:00:06
      TTA Epoch: [56] [ 0/61]  eta: 0:00:32  entropy: 0.0680  uncertainty: 0.9098  uncertainty_coeffi: 0.0100  loss: 0.0693  lr: 0.000024  time: 0.5318  data: 0.3876  max mem: 2671
      TTA Epoch: [56] [60/61]  eta: 0:00:00  entropy: 0.0478  uncertainty: 0.9544  uncertainty_coeffi: 0.0100  loss: 0.1177  lr: 0.000019  time: 0.1128  data: 0.0001  max mem: 2671
      TTA Epoch: [56] Total time: 0:00:07 (0.1184 s / it)
     Averaged stats: entropy: 0.0532  uncertainty: 0.6972  uncertainty_coeffi: 0.0100  loss: 0.1206  lr: 0.0000
     itm tta time 0:00:07
      TTA Epoch: [57] [ 0/61]  eta: 0:00:30  entropy: 0.0426  uncertainty: 0.6639  uncertainty_coeffi: 0.0100  loss: 0.0408  lr: 0.000019  time: 0.5000  data: 0.3836  max mem: 2671
      TTA Epoch: [57] [60/61]  eta: 0:00:00  entropy: 0.0937  uncertainty: 1.0330  uncertainty_coeffi: 0.0100  loss: 0.0960  lr: 0.000006  time: 0.1123  data: 0.0001  max mem: 2671
      TTA Epoch: [57] Total time: 0:00:06 (0.1108 s / it)
     Averaged stats: entropy: 0.0514  uncertainty: 0.6993  uncertainty_coeffi: 0.0100  loss: 0.0988  lr: 0.0000
     itm tta time 0:00:06
      TTA Epoch: [58] [ 0/61]  eta: 0:00:34  entropy: 0.0067  uncertainty: 0.4294  uncertainty_coeffi: 0.0100  loss: 0.0114  lr: 0.000006  time: 0.5626  data: 0.4103  max mem: 2671
      TTA Epoch: [58] [60/61]  eta: 0:00:00  entropy: 0.0252  uncertainty: 0.7673  uncertainty_coeffi: 0.0100  loss: 0.0563  lr: 0.000004  time: 0.0992  data: 0.0001  max mem: 2671
      TTA Epoch: [58] Total time: 0:00:06 (0.1147 s / it)
     Averaged stats: entropy: 0.0507  uncertainty: 0.6976  uncertainty_coeffi: 0.0100  loss: 0.1079  lr: 0.0000
     itm tta time 0:00:07
      TTA Epoch: [59] [ 0/61]  eta: 0:00:36  entropy: 0.0767  uncertainty: 0.7753  uncertainty_coeffi: 0.0100  loss: 0.1137  lr: 0.000004  time: 0.5967  data: 0.4404  max mem: 2671
      TTA Epoch: [59] [60/61]  eta: 0:00:00  entropy: 0.0328  uncertainty: 0.8017  uncertainty_coeffi: 0.0100  loss: 0.0472  lr: 0.000002  time: 0.1085  data: 0.0001  max mem: 2671
      TTA Epoch: [59] Total time: 0:00:07 (0.1178 s / it)
     Averaged stats: entropy: 0.0556  uncertainty: 0.6986  uncertainty_coeffi: 0.0100  loss: 0.1221  lr: 0.0000
     itm tta time 0:00:07
     Computing matching score
      Evaluation: [   0/1978]  eta: 0:04:32    time: 0.1378  data: 0.0029  max mem: 2671
      Evaluation: [ 100/1978]  eta: 0:03:27    time: 0.1138  data: 0.0000  max mem: 2671
      Evaluation: [ 200/1978]  eta: 0:03:16    time: 0.0953  data: 0.0000  max mem: 2671
      Evaluation: [ 300/1978]  eta: 0:02:55    time: 0.1147  data: 0.0000  max mem: 2671
      Evaluation: [ 400/1978]  eta: 0:02:48    time: 0.1048  data: 0.0000  max mem: 2671
      Evaluation: [ 500/1978]  eta: 0:02:40    time: 0.1157  data: 0.0000  max mem: 2671
      Evaluation: [ 600/1978]  eta: 0:02:30    time: 0.1152  data: 0.0000  max mem: 2671
      Evaluation: [ 700/1978]  eta: 0:02:19    time: 0.1137  data: 0.0000  max mem: 2671
      Evaluation: [ 800/1978]  eta: 0:02:08    time: 0.0925  data: 0.0000  max mem: 2671
      Evaluation: [ 900/1978]  eta: 0:01:58    time: 0.1155  data: 0.0000  max mem: 2671
      Evaluation: [1000/1978]  eta: 0:01:47    time: 0.1160  data: 0.0000  max mem: 2671
      Evaluation: [1100/1978]  eta: 0:01:36    time: 0.1127  data: 0.0000  max mem: 2671
      Evaluation: [1200/1978]  eta: 0:01:25    time: 0.0953  data: 0.0000  max mem: 2671
      Evaluation: [1300/1978]  eta: 0:01:15    time: 0.1157  data: 0.0000  max mem: 2671
      Evaluation: [1400/1978]  eta: 0:01:04    time: 0.1169  data: 0.0000  max mem: 2671
      Evaluation: [1500/1978]  eta: 0:00:53    time: 0.1169  data: 0.0000  max mem: 2671
      Evaluation: [1600/1978]  eta: 0:00:41    time: 0.0882  data: 0.0000  max mem: 2671
      Evaluation: [1700/1978]  eta: 0:00:30    time: 0.1108  data: 0.0000  max mem: 2671
      Evaluation: [1800/1978]  eta: 0:00:19    time: 0.1001  data: 0.0000  max mem: 2671
      Evaluation: [1900/1978]  eta: 0:00:08    time: 0.1165  data: 0.0000  max mem: 2671
      Evaluation: [1977/1978]  eta: 0:00:00    time: 0.1165  data: 0.0000  max mem: 2671
      Evaluation: Total time: 0:03:38 (0.1103 s / it)
     Computing matching score time 0:03:39
### TTA ITM Score: 
+-------------------+--------+--------+--------+--------+--------+
|       epoch       |   R1   |   R5   |  R10   |  mAP   |  mINP  |
+-------------------+--------+--------+--------+--------+--------+
|  cos_sim_wo/norm  | 58.544 | 91.860 | 95.703 | 73.596 | 73.596 |
|        -999       | 69.414 | 95.197 | 97.776 | 81.233 | 81.233 |
| itm_score_wo/norm | 84.328 | 98.989 | 99.494 | 91.293 | 91.293 |
|        -999       | 84.277 | 99.039 | 99.596 | 91.276 | 91.276 |
|         0         | 84.783 | 98.989 | 99.596 | 91.512 | 91.512 |
|         1         | 84.783 | 98.989 | 99.596 | 91.501 | 91.501 |
|         2         | 84.934 | 98.938 | 99.494 | 91.532 | 91.532 |
|         4         | 84.681 | 98.888 | 99.393 | 91.340 | 91.340 |
|         9         | 84.125 | 98.635 | 99.141 | 90.963 | 90.963 |
|         14        | 84.681 | 98.635 | 99.242 | 91.281 | 91.281 |
|         19        | 84.024 | 98.787 | 99.292 | 90.890 | 90.890 |
|         29        | 83.013 | 98.787 | 99.292 | 90.377 | 90.377 |
|         39        | 83.266 | 98.584 | 99.141 | 90.466 | 90.466 |
|         49        | 82.963 | 98.635 | 99.141 | 90.285 | 90.285 |
|         59        | 83.468 | 98.584 | 99.141 | 90.533 | 90.533 |
+-------------------+--------+--------+--------+--------+--------+
     logs:  {'epo': 59, 'R1': 83.468, 'R5': 98.584, 'R10': 99.141, 'mAP': 90.533, 'mINP': 90.533, 'entropy': 0.055634, 'uncertainty': 0.698648, 'uncertainty_coeffi': 0.01, 'loss': 0.122124, 'lr': 3e-06}
### best epoch: 2
### Time 0:46:40
NNODES,  1
NODE_RANK,  0
MASTER_ADDR,  127.0.0.1
MASTER_PORT,  1612
NPROC_PER_NODE,  2
task:  exp4.1.1
config:  configs_rerun3/exp4.1.1.yaml
output_dir:  output_rerun3/exp4.1.1/2025091703323
python3 tta.py --config configs_rerun3/exp4.1.1.yaml --task exp4.1.1 --output_dir output_rerun3/exp4.1.1/2025091703323 --checkpoint checkpoint/cmp.pth --bs 0 --epo 0 --lr 0.0 --seed 42 --tta
