/home/user/yc57963/miniconda3/envs/cmp/lib/python3.10/site-packages/torch/utils/data/dataloader.py:627: UserWarning: This DataLoader will create 4 worker processes in total. Our suggested max number of worker in current system is 2, which is smaller than what this DataLoader is going to create. Please be aware that excessive worker creation might get DataLoader running slow or even freeze, lower the worker number to avoid potential slowness/freeze if necessary.
  warnings.warn(
/home/user/yc57963/miniconda3/envs/cmp/lib/python3.10/site-packages/torch/functional.py:554: UserWarning: torch.meshgrid: in an upcoming release, it will be required to pass the indexing argument. (Triggered internally at /pytorch/aten/src/ATen/native/TensorShape.cpp:4322.)
  return _VF.meshgrid(tensors, **kwargs)  # type: ignore[attr-defined]
Not using distributed mode
### Hyper-parameters:
     seed: 42
     device: cuda
     output_dir: output_rerun3/exp5.1.3/2025091715450
     batch_size_tta: 32
     epochs: 60
     lr: 5e-05
### Creating test dataset
from data/PAB/annotation/test/attr.json loading 1978 data
     test dataset -->    be_pose_img: True
     test_dataset: 1978
### Creating test dataloader
### be careful: func create_loader returns a list length of 1
     test_loader: 90
### Creating model
build_vision_encoder: load swin 224 x 224 ====>
missing_keys:  []
unexpected_keys:  ['head.weight', 'head.bias']
build_text_encoder: load bert ====>
missing_keys: ['bert.encoder.layer.10.crossattention.output.LayerNorm.bias', 'bert.encoder.layer.10.crossattention.output.LayerNorm.weight', 'bert.encoder.layer.10.crossattention.output.dense.bias', 'bert.encoder.layer.10.crossattention.output.dense.weight', 'bert.encoder.layer.10.crossattention.self.key.bias', 'bert.encoder.layer.10.crossattention.self.key.weight', 'bert.encoder.layer.10.crossattention.self.query.bias', 'bert.encoder.layer.10.crossattention.self.query.weight', 'bert.encoder.layer.10.crossattention.self.value.bias', 'bert.encoder.layer.10.crossattention.self.value.weight', 'bert.encoder.layer.11.crossattention.output.LayerNorm.bias', 'bert.encoder.layer.11.crossattention.output.LayerNorm.weight', 'bert.encoder.layer.11.crossattention.output.dense.bias', 'bert.encoder.layer.11.crossattention.output.dense.weight', 'bert.encoder.layer.11.crossattention.self.key.bias', 'bert.encoder.layer.11.crossattention.self.key.weight', 'bert.encoder.layer.11.crossattention.self.query.bias', 'bert.encoder.layer.11.crossattention.self.query.weight', 'bert.encoder.layer.11.crossattention.self.value.bias', 'bert.encoder.layer.11.crossattention.self.value.weight', 'bert.encoder.layer.6.crossattention.output.LayerNorm.bias', 'bert.encoder.layer.6.crossattention.output.LayerNorm.weight', 'bert.encoder.layer.6.crossattention.output.dense.bias', 'bert.encoder.layer.6.crossattention.output.dense.weight', 'bert.encoder.layer.6.crossattention.self.key.bias', 'bert.encoder.layer.6.crossattention.self.key.weight', 'bert.encoder.layer.6.crossattention.self.query.bias', 'bert.encoder.layer.6.crossattention.self.query.weight', 'bert.encoder.layer.6.crossattention.self.value.bias', 'bert.encoder.layer.6.crossattention.self.value.weight', 'bert.encoder.layer.7.crossattention.output.LayerNorm.bias', 'bert.encoder.layer.7.crossattention.output.LayerNorm.weight', 'bert.encoder.layer.7.crossattention.output.dense.bias', 'bert.encoder.layer.7.crossattention.output.dense.weight', 'bert.encoder.layer.7.crossattention.self.key.bias', 'bert.encoder.layer.7.crossattention.self.key.weight', 'bert.encoder.layer.7.crossattention.self.query.bias', 'bert.encoder.layer.7.crossattention.self.query.weight', 'bert.encoder.layer.7.crossattention.self.value.bias', 'bert.encoder.layer.7.crossattention.self.value.weight', 'bert.encoder.layer.8.crossattention.output.LayerNorm.bias', 'bert.encoder.layer.8.crossattention.output.LayerNorm.weight', 'bert.encoder.layer.8.crossattention.output.dense.bias', 'bert.encoder.layer.8.crossattention.output.dense.weight', 'bert.encoder.layer.8.crossattention.self.key.bias', 'bert.encoder.layer.8.crossattention.self.key.weight', 'bert.encoder.layer.8.crossattention.self.query.bias', 'bert.encoder.layer.8.crossattention.self.query.weight', 'bert.encoder.layer.8.crossattention.self.value.bias', 'bert.encoder.layer.8.crossattention.self.value.weight', 'bert.encoder.layer.9.crossattention.output.LayerNorm.bias', 'bert.encoder.layer.9.crossattention.output.LayerNorm.weight', 'bert.encoder.layer.9.crossattention.output.dense.bias', 'bert.encoder.layer.9.crossattention.output.dense.weight', 'bert.encoder.layer.9.crossattention.self.key.bias', 'bert.encoder.layer.9.crossattention.self.key.weight', 'bert.encoder.layer.9.crossattention.self.query.bias', 'bert.encoder.layer.9.crossattention.self.query.weight', 'bert.encoder.layer.9.crossattention.self.value.bias', 'bert.encoder.layer.9.crossattention.self.value.weight']
unexpected_keys: ['cls.seq_relationship.bias', 'cls.seq_relationship.weight']
mismatched_keys: []
error_msgs: []
Label Smooth: 0.2
pose_conv
load checkpoint from checkpoint/cmp.pth
missing_keys:  ['uncertainty_temper', 'prompt_learning_embedding']
unexpected_keys:  []
     Total Params Sum:  254264985
### Inference ITC similiarity matrix
### Zero-Shot Score: 
+-------------------+--------+--------+--------+--------+--------+
|       epoch       |   R1   |   R5   |  R10   |  mAP   |  mINP  |
+-------------------+--------+--------+--------+--------+--------+
|  cos_sim_wo/norm  | 58.544 | 91.860 | 95.703 | 73.596 | 73.596 |
|        -999       | 69.414 | 95.197 | 97.776 | 81.233 | 81.233 |
| itm_score_wo/norm | 84.328 | 98.989 | 99.494 | 91.293 | 91.293 |
|        -999       | 84.277 | 99.039 | 99.596 | 91.276 | 91.276 |
+-------------------+--------+--------+--------+--------+--------+
### TTA:
     preprocess_tta_coefficients  start
     sample selection ...
     number of sample after sample_selection: 1958
     uncertainty ...
     preprocess_tta_coefficients  end
### Creating tta dataset
     tta_dataset: 1958
### Creating tta dataloader
### be careful: func create_loader returns a list length of 1
     tta_loader: 61
### Configure adapted weights
     TTA Dropout Modules: 
 [('vision_encoder.pos_drop', Dropout(p=0, inplace=False), True), ('vision_encoder.layers.0.blocks.0.attn.attn_drop', Dropout(p=0.0, inplace=False), True), ('vision_encoder.layers.0.blocks.0.attn.proj_drop', Dropout(p=0, inplace=False), True), ('vision_encoder.layers.0.blocks.0.mlp.drop', Dropout(p=0, inplace=False), True), ('vision_encoder.layers.0.blocks.1.attn.attn_drop', Dropout(p=0.0, inplace=False), True), ('vision_encoder.layers.0.blocks.1.attn.proj_drop', Dropout(p=0, inplace=False), True), ('vision_encoder.layers.0.blocks.1.mlp.drop', Dropout(p=0, inplace=False), True), ('vision_encoder.layers.1.blocks.0.attn.attn_drop', Dropout(p=0.0, inplace=False), True), ('vision_encoder.layers.1.blocks.0.attn.proj_drop', Dropout(p=0, inplace=False), True), ('vision_encoder.layers.1.blocks.0.mlp.drop', Dropout(p=0, inplace=False), True), ('vision_encoder.layers.1.blocks.1.attn.attn_drop', Dropout(p=0.0, inplace=False), True), ('vision_encoder.layers.1.blocks.1.attn.proj_drop', Dropout(p=0, inplace=False), True), ('vision_encoder.layers.1.blocks.1.mlp.drop', Dropout(p=0, inplace=False), True), ('vision_encoder.layers.2.blocks.0.attn.attn_drop', Dropout(p=0.0, inplace=False), True), ('vision_encoder.layers.2.blocks.0.attn.proj_drop', Dropout(p=0, inplace=False), True), ('vision_encoder.layers.2.blocks.0.mlp.drop', Dropout(p=0, inplace=False), True), ('vision_encoder.layers.2.blocks.1.attn.attn_drop', Dropout(p=0.0, inplace=False), True), ('vision_encoder.layers.2.blocks.1.attn.proj_drop', Dropout(p=0, inplace=False), True), ('vision_encoder.layers.2.blocks.1.mlp.drop', Dropout(p=0, inplace=False), True), ('vision_encoder.layers.2.blocks.2.attn.attn_drop', Dropout(p=0.0, inplace=False), True), ('vision_encoder.layers.2.blocks.2.attn.proj_drop', Dropout(p=0, inplace=False), True), ('vision_encoder.layers.2.blocks.2.mlp.drop', Dropout(p=0, inplace=False), True), ('vision_encoder.layers.2.blocks.3.attn.attn_drop', Dropout(p=0.0, inplace=False), True), ('vision_encoder.layers.2.blocks.3.attn.proj_drop', Dropout(p=0, inplace=False), True), ('vision_encoder.layers.2.blocks.3.mlp.drop', Dropout(p=0, inplace=False), True), ('vision_encoder.layers.2.blocks.4.attn.attn_drop', Dropout(p=0.0, inplace=False), True), ('vision_encoder.layers.2.blocks.4.attn.proj_drop', Dropout(p=0, inplace=False), True), ('vision_encoder.layers.2.blocks.4.mlp.drop', Dropout(p=0, inplace=False), True), ('vision_encoder.layers.2.blocks.5.attn.attn_drop', Dropout(p=0.0, inplace=False), True), ('vision_encoder.layers.2.blocks.5.attn.proj_drop', Dropout(p=0, inplace=False), True), ('vision_encoder.layers.2.blocks.5.mlp.drop', Dropout(p=0, inplace=False), True), ('vision_encoder.layers.2.blocks.6.attn.attn_drop', Dropout(p=0.0, inplace=False), True), ('vision_encoder.layers.2.blocks.6.attn.proj_drop', Dropout(p=0, inplace=False), True), ('vision_encoder.layers.2.blocks.6.mlp.drop', Dropout(p=0, inplace=False), True), ('vision_encoder.layers.2.blocks.7.attn.attn_drop', Dropout(p=0.0, inplace=False), True), ('vision_encoder.layers.2.blocks.7.attn.proj_drop', Dropout(p=0, inplace=False), True), ('vision_encoder.layers.2.blocks.7.mlp.drop', Dropout(p=0, inplace=False), True), ('vision_encoder.layers.2.blocks.8.attn.attn_drop', Dropout(p=0.0, inplace=False), True), ('vision_encoder.layers.2.blocks.8.attn.proj_drop', Dropout(p=0, inplace=False), True), ('vision_encoder.layers.2.blocks.8.mlp.drop', Dropout(p=0, inplace=False), True), ('vision_encoder.layers.2.blocks.9.attn.attn_drop', Dropout(p=0.0, inplace=False), True), ('vision_encoder.layers.2.blocks.9.attn.proj_drop', Dropout(p=0, inplace=False), True), ('vision_encoder.layers.2.blocks.9.mlp.drop', Dropout(p=0, inplace=False), True), ('vision_encoder.layers.2.blocks.10.attn.attn_drop', Dropout(p=0.0, inplace=False), True), ('vision_encoder.layers.2.blocks.10.attn.proj_drop', Dropout(p=0, inplace=False), True), ('vision_encoder.layers.2.blocks.10.mlp.drop', Dropout(p=0, inplace=False), True), ('vision_encoder.layers.2.blocks.11.attn.attn_drop', Dropout(p=0.0, inplace=False), True), ('vision_encoder.layers.2.blocks.11.attn.proj_drop', Dropout(p=0, inplace=False), True), ('vision_encoder.layers.2.blocks.11.mlp.drop', Dropout(p=0, inplace=False), True), ('vision_encoder.layers.2.blocks.12.attn.attn_drop', Dropout(p=0.0, inplace=False), True), ('vision_encoder.layers.2.blocks.12.attn.proj_drop', Dropout(p=0, inplace=False), True), ('vision_encoder.layers.2.blocks.12.mlp.drop', Dropout(p=0, inplace=False), True), ('vision_encoder.layers.2.blocks.13.attn.attn_drop', Dropout(p=0.0, inplace=False), True), ('vision_encoder.layers.2.blocks.13.attn.proj_drop', Dropout(p=0, inplace=False), True), ('vision_encoder.layers.2.blocks.13.mlp.drop', Dropout(p=0, inplace=False), True), ('vision_encoder.layers.2.blocks.14.attn.attn_drop', Dropout(p=0.0, inplace=False), True), ('vision_encoder.layers.2.blocks.14.attn.proj_drop', Dropout(p=0, inplace=False), True), ('vision_encoder.layers.2.blocks.14.mlp.drop', Dropout(p=0, inplace=False), True), ('vision_encoder.layers.2.blocks.15.attn.attn_drop', Dropout(p=0.0, inplace=False), True), ('vision_encoder.layers.2.blocks.15.attn.proj_drop', Dropout(p=0, inplace=False), True), ('vision_encoder.layers.2.blocks.15.mlp.drop', Dropout(p=0, inplace=False), True), ('vision_encoder.layers.2.blocks.16.attn.attn_drop', Dropout(p=0.0, inplace=False), True), ('vision_encoder.layers.2.blocks.16.attn.proj_drop', Dropout(p=0, inplace=False), True), ('vision_encoder.layers.2.blocks.16.mlp.drop', Dropout(p=0, inplace=False), True), ('vision_encoder.layers.2.blocks.17.attn.attn_drop', Dropout(p=0.0, inplace=False), True), ('vision_encoder.layers.2.blocks.17.attn.proj_drop', Dropout(p=0, inplace=False), True), ('vision_encoder.layers.2.blocks.17.mlp.drop', Dropout(p=0, inplace=False), True), ('vision_encoder.layers.3.blocks.0.attn.attn_drop', Dropout(p=0.0, inplace=False), True), ('vision_encoder.layers.3.blocks.0.attn.proj_drop', Dropout(p=0, inplace=False), True), ('vision_encoder.layers.3.blocks.0.mlp.drop', Dropout(p=0, inplace=False), True), ('vision_encoder.layers.3.blocks.1.attn.attn_drop', Dropout(p=0.0, inplace=False), True), ('vision_encoder.layers.3.blocks.1.attn.proj_drop', Dropout(p=0, inplace=False), True), ('vision_encoder.layers.3.blocks.1.mlp.drop', Dropout(p=0, inplace=False), True), ('text_encoder.bert.embeddings.dropout', Dropout(p=0.1, inplace=False), True), ('text_encoder.bert.encoder.layer.0.attention.self.dropout', Dropout(p=0.1, inplace=False), True), ('text_encoder.bert.encoder.layer.0.attention.output.dropout', Dropout(p=0.1, inplace=False), True), ('text_encoder.bert.encoder.layer.0.output.dropout', Dropout(p=0.1, inplace=False), True), ('text_encoder.bert.encoder.layer.1.attention.self.dropout', Dropout(p=0.1, inplace=False), True), ('text_encoder.bert.encoder.layer.1.attention.output.dropout', Dropout(p=0.1, inplace=False), True), ('text_encoder.bert.encoder.layer.1.output.dropout', Dropout(p=0.1, inplace=False), True), ('text_encoder.bert.encoder.layer.2.attention.self.dropout', Dropout(p=0.1, inplace=False), True), ('text_encoder.bert.encoder.layer.2.attention.output.dropout', Dropout(p=0.1, inplace=False), True), ('text_encoder.bert.encoder.layer.2.output.dropout', Dropout(p=0.1, inplace=False), True), ('text_encoder.bert.encoder.layer.3.attention.self.dropout', Dropout(p=0.1, inplace=False), True), ('text_encoder.bert.encoder.layer.3.attention.output.dropout', Dropout(p=0.1, inplace=False), True), ('text_encoder.bert.encoder.layer.3.output.dropout', Dropout(p=0.1, inplace=False), True), ('text_encoder.bert.encoder.layer.4.attention.self.dropout', Dropout(p=0.1, inplace=False), True), ('text_encoder.bert.encoder.layer.4.attention.output.dropout', Dropout(p=0.1, inplace=False), True), ('text_encoder.bert.encoder.layer.4.output.dropout', Dropout(p=0.1, inplace=False), True), ('text_encoder.bert.encoder.layer.5.attention.self.dropout', Dropout(p=0.1, inplace=False), True), ('text_encoder.bert.encoder.layer.5.attention.output.dropout', Dropout(p=0.1, inplace=False), True), ('text_encoder.bert.encoder.layer.5.output.dropout', Dropout(p=0.1, inplace=False), True), ('text_encoder.bert.encoder.layer.6.attention.self.dropout', Dropout(p=0.1, inplace=False), True), ('text_encoder.bert.encoder.layer.6.attention.output.dropout', Dropout(p=0.1, inplace=False), True), ('text_encoder.bert.encoder.layer.6.crossattention.self.dropout', Dropout(p=0.1, inplace=False), True), ('text_encoder.bert.encoder.layer.6.crossattention.output.dropout', Dropout(p=0.1, inplace=False), True), ('text_encoder.bert.encoder.layer.6.output.dropout', Dropout(p=0.1, inplace=False), True), ('text_encoder.bert.encoder.layer.7.attention.self.dropout', Dropout(p=0.1, inplace=False), True), ('text_encoder.bert.encoder.layer.7.attention.output.dropout', Dropout(p=0.1, inplace=False), True), ('text_encoder.bert.encoder.layer.7.crossattention.self.dropout', Dropout(p=0.1, inplace=False), True), ('text_encoder.bert.encoder.layer.7.crossattention.output.dropout', Dropout(p=0.1, inplace=False), True), ('text_encoder.bert.encoder.layer.7.output.dropout', Dropout(p=0.1, inplace=False), True), ('text_encoder.bert.encoder.layer.8.attention.self.dropout', Dropout(p=0.1, inplace=False), True), ('text_encoder.bert.encoder.layer.8.attention.output.dropout', Dropout(p=0.1, inplace=False), True), ('text_encoder.bert.encoder.layer.8.crossattention.self.dropout', Dropout(p=0.1, inplace=False), True), ('text_encoder.bert.encoder.layer.8.crossattention.output.dropout', Dropout(p=0.1, inplace=False), True), ('text_encoder.bert.encoder.layer.8.output.dropout', Dropout(p=0.1, inplace=False), True), ('text_encoder.bert.encoder.layer.9.attention.self.dropout', Dropout(p=0.1, inplace=False), True), ('text_encoder.bert.encoder.layer.9.attention.output.dropout', Dropout(p=0.1, inplace=False), True), ('text_encoder.bert.encoder.layer.9.crossattention.self.dropout', Dropout(p=0.1, inplace=False), True), ('text_encoder.bert.encoder.layer.9.crossattention.output.dropout', Dropout(p=0.1, inplace=False), True), ('text_encoder.bert.encoder.layer.9.output.dropout', Dropout(p=0.1, inplace=False), True), ('text_encoder.bert.encoder.layer.10.attention.self.dropout', Dropout(p=0.1, inplace=False), True), ('text_encoder.bert.encoder.layer.10.attention.output.dropout', Dropout(p=0.1, inplace=False), True), ('text_encoder.bert.encoder.layer.10.crossattention.self.dropout', Dropout(p=0.1, inplace=False), True), ('text_encoder.bert.encoder.layer.10.crossattention.output.dropout', Dropout(p=0.1, inplace=False), True), ('text_encoder.bert.encoder.layer.10.output.dropout', Dropout(p=0.1, inplace=False), True), ('text_encoder.bert.encoder.layer.11.attention.self.dropout', Dropout(p=0.1, inplace=False), True), ('text_encoder.bert.encoder.layer.11.attention.output.dropout', Dropout(p=0.1, inplace=False), True), ('text_encoder.bert.encoder.layer.11.crossattention.self.dropout', Dropout(p=0.1, inplace=False), True), ('text_encoder.bert.encoder.layer.11.crossattention.output.dropout', Dropout(p=0.1, inplace=False), True), ('text_encoder.bert.encoder.layer.11.output.dropout', Dropout(p=0.1, inplace=False), True), ('vision_proj.1', Dropout(p=0.5, inplace=False), True), ('text_proj.1', Dropout(p=0.5, inplace=False), True), ('pose_block.attn.attn_drop', Dropout(p=0.0, inplace=False), True), ('pose_block.attn.proj_drop', Dropout(p=0.0, inplace=False), True)]
     TTA Require Gradient Params: 
 [('text_encoder.bert.embeddings.LayerNorm.weight', torch.Size([768])), ('text_encoder.bert.embeddings.LayerNorm.bias', torch.Size([768])), ('text_encoder.bert.encoder.layer.6.attention.output.LayerNorm.weight', torch.Size([768])), ('text_encoder.bert.encoder.layer.6.attention.output.LayerNorm.bias', torch.Size([768])), ('text_encoder.bert.encoder.layer.6.crossattention.output.LayerNorm.weight', torch.Size([768])), ('text_encoder.bert.encoder.layer.6.crossattention.output.LayerNorm.bias', torch.Size([768])), ('text_encoder.bert.encoder.layer.6.output.LayerNorm.weight', torch.Size([768])), ('text_encoder.bert.encoder.layer.6.output.LayerNorm.bias', torch.Size([768])), ('text_encoder.bert.encoder.layer.7.attention.output.LayerNorm.weight', torch.Size([768])), ('text_encoder.bert.encoder.layer.7.attention.output.LayerNorm.bias', torch.Size([768])), ('text_encoder.bert.encoder.layer.7.crossattention.output.LayerNorm.weight', torch.Size([768])), ('text_encoder.bert.encoder.layer.7.crossattention.output.LayerNorm.bias', torch.Size([768])), ('text_encoder.bert.encoder.layer.7.output.LayerNorm.weight', torch.Size([768])), ('text_encoder.bert.encoder.layer.7.output.LayerNorm.bias', torch.Size([768])), ('text_encoder.bert.encoder.layer.8.attention.output.LayerNorm.weight', torch.Size([768])), ('text_encoder.bert.encoder.layer.8.attention.output.LayerNorm.bias', torch.Size([768])), ('text_encoder.bert.encoder.layer.8.crossattention.output.LayerNorm.weight', torch.Size([768])), ('text_encoder.bert.encoder.layer.8.crossattention.output.LayerNorm.bias', torch.Size([768])), ('text_encoder.bert.encoder.layer.8.output.LayerNorm.weight', torch.Size([768])), ('text_encoder.bert.encoder.layer.8.output.LayerNorm.bias', torch.Size([768])), ('text_encoder.bert.encoder.layer.9.attention.output.LayerNorm.weight', torch.Size([768])), ('text_encoder.bert.encoder.layer.9.attention.output.LayerNorm.bias', torch.Size([768])), ('text_encoder.bert.encoder.layer.9.crossattention.output.LayerNorm.weight', torch.Size([768])), ('text_encoder.bert.encoder.layer.9.crossattention.output.LayerNorm.bias', torch.Size([768])), ('text_encoder.bert.encoder.layer.9.output.LayerNorm.weight', torch.Size([768])), ('text_encoder.bert.encoder.layer.9.output.LayerNorm.bias', torch.Size([768])), ('text_encoder.bert.encoder.layer.10.attention.output.LayerNorm.weight', torch.Size([768])), ('text_encoder.bert.encoder.layer.10.attention.output.LayerNorm.bias', torch.Size([768])), ('text_encoder.bert.encoder.layer.10.crossattention.output.LayerNorm.weight', torch.Size([768])), ('text_encoder.bert.encoder.layer.10.crossattention.output.LayerNorm.bias', torch.Size([768])), ('text_encoder.bert.encoder.layer.10.output.LayerNorm.weight', torch.Size([768])), ('text_encoder.bert.encoder.layer.10.output.LayerNorm.bias', torch.Size([768])), ('text_encoder.bert.encoder.layer.11.attention.output.LayerNorm.weight', torch.Size([768])), ('text_encoder.bert.encoder.layer.11.attention.output.LayerNorm.bias', torch.Size([768])), ('text_encoder.bert.encoder.layer.11.crossattention.output.LayerNorm.weight', torch.Size([768])), ('text_encoder.bert.encoder.layer.11.crossattention.output.LayerNorm.bias', torch.Size([768])), ('text_encoder.bert.encoder.layer.11.output.LayerNorm.weight', torch.Size([768])), ('text_encoder.bert.encoder.layer.11.output.LayerNorm.bias', torch.Size([768])), ('text_encoder.cls.predictions.transform.LayerNorm.weight', torch.Size([768])), ('text_encoder.cls.predictions.transform.LayerNorm.bias', torch.Size([768])), ('itm_head.1.weight', torch.Size([1536])), ('itm_head.1.bias', torch.Size([1536]))]
     TTA Dropout Modules Number: 
 126
     TTA Require Gradient Params Sum: 
 33792
     lr:  5e-05    lr_mult:  2
     model has 'init_params',  385
     num_tta_steps:  3720
     num_warmup_steps:  500
     sched: step
/home/user/yc57963/task/CMP/tta.py:246: FutureWarning: `torch.cuda.amp.GradScaler(args...)` is deprecated. Please use `torch.amp.GradScaler('cuda', args...)` instead.
  scaler = GradScaler()  # bf16
### Start ITM Test Time Adaptation
      TTA Epoch: [0] [ 0/61]  eta: 0:00:59  entropy: 0.3806  uncertainty: 1.4325  uncertainty_coeffi: 0.0100  loss: 0.2819  lr: 0.000000  time: 0.9750  data: 0.3774  max mem: 2661
      TTA Epoch: [0] [60/61]  eta: 0:00:00  entropy: 0.3114  uncertainty: 1.4925  uncertainty_coeffi: 0.0100  loss: 0.2174  lr: 0.000006  time: 0.0411  data: 0.0024  max mem: 2718
      TTA Epoch: [0] Total time: 0:00:03 (0.0646 s / it)
     Averaged stats: entropy: 0.3499  uncertainty: 1.4656  uncertainty_coeffi: 0.0100  loss: 0.2496  lr: 0.0000
     itm tta time 0:00:04
     Computing matching score
      Evaluation: [   0/1978]  eta: 0:03:56    time: 0.1195  data: 0.0032  max mem: 2718
      Evaluation: [ 100/1978]  eta: 0:01:21    time: 0.0434  data: 0.0000  max mem: 2718
      Evaluation: [ 200/1978]  eta: 0:01:16    time: 0.0431  data: 0.0000  max mem: 2718
      Evaluation: [ 300/1978]  eta: 0:01:12    time: 0.0425  data: 0.0000  max mem: 2718
      Evaluation: [ 400/1978]  eta: 0:01:07    time: 0.0422  data: 0.0000  max mem: 2718
      Evaluation: [ 500/1978]  eta: 0:01:03    time: 0.0435  data: 0.0000  max mem: 2718
      Evaluation: [ 600/1978]  eta: 0:00:59    time: 0.0443  data: 0.0000  max mem: 2718
      Evaluation: [ 700/1978]  eta: 0:00:54    time: 0.0430  data: 0.0000  max mem: 2718
      Evaluation: [ 800/1978]  eta: 0:00:50    time: 0.0429  data: 0.0000  max mem: 2718
      Evaluation: [ 900/1978]  eta: 0:00:46    time: 0.0421  data: 0.0000  max mem: 2718
      Evaluation: [1000/1978]  eta: 0:00:41    time: 0.0430  data: 0.0000  max mem: 2718
      Evaluation: [1100/1978]  eta: 0:00:37    time: 0.0427  data: 0.0000  max mem: 2718
      Evaluation: [1200/1978]  eta: 0:00:33    time: 0.0428  data: 0.0000  max mem: 2718
      Evaluation: [1300/1978]  eta: 0:00:29    time: 0.0430  data: 0.0000  max mem: 2718
      Evaluation: [1400/1978]  eta: 0:00:24    time: 0.0426  data: 0.0000  max mem: 2718
      Evaluation: [1500/1978]  eta: 0:00:20    time: 0.0421  data: 0.0000  max mem: 2718
      Evaluation: [1600/1978]  eta: 0:00:16    time: 0.0422  data: 0.0000  max mem: 2718
      Evaluation: [1700/1978]  eta: 0:00:11    time: 0.0425  data: 0.0000  max mem: 2718
      Evaluation: [1800/1978]  eta: 0:00:07    time: 0.0431  data: 0.0000  max mem: 2718
      Evaluation: [1900/1978]  eta: 0:00:03    time: 0.0429  data: 0.0000  max mem: 2718
      Evaluation: [1977/1978]  eta: 0:00:00    time: 0.0426  data: 0.0000  max mem: 2718
      Evaluation: Total time: 0:01:24 (0.0428 s / it)
     Computing matching score time 0:01:24
### TTA ITM Score: 
+-------------------+--------+--------+--------+--------+--------+
|       epoch       |   R1   |   R5   |  R10   |  mAP   |  mINP  |
+-------------------+--------+--------+--------+--------+--------+
|  cos_sim_wo/norm  | 58.544 | 91.860 | 95.703 | 73.596 | 73.596 |
|        -999       | 69.414 | 95.197 | 97.776 | 81.233 | 81.233 |
| itm_score_wo/norm | 84.328 | 98.989 | 99.494 | 91.293 | 91.293 |
|        -999       | 84.277 | 99.039 | 99.596 | 91.276 | 91.276 |
|         0         | 84.277 | 99.039 | 99.596 | 91.276 | 91.276 |
+-------------------+--------+--------+--------+--------+--------+
     logs:  {'epo': 0, 'R1': 84.277, 'R5': 99.039, 'R10': 99.596, 'mAP': 91.276, 'mINP': 91.276, 'entropy': 0.349919, 'uncertainty': 1.46558, 'uncertainty_coeffi': 0.01, 'loss': 0.249642, 'lr': 3e-06}
      TTA Epoch: [1] [ 0/61]  eta: 0:00:32  entropy: 0.4071  uncertainty: 1.5111  uncertainty_coeffi: 0.0100  loss: 0.2791  lr: 0.000006  time: 0.5337  data: 0.4582  max mem: 2718
      TTA Epoch: [1] [60/61]  eta: 0:00:00  entropy: 0.3044  uncertainty: 1.4854  uncertainty_coeffi: 0.0100  loss: 0.2175  lr: 0.000012  time: 0.0433  data: 0.0020  max mem: 2718
      TTA Epoch: [1] Total time: 0:00:03 (0.0587 s / it)
     Averaged stats: entropy: 0.3451  uncertainty: 1.4643  uncertainty_coeffi: 0.0100  loss: 0.2464  lr: 0.0000
     itm tta time 0:00:03
     Computing matching score
      Evaluation: [   0/1978]  eta: 0:01:39    time: 0.0501  data: 0.0032  max mem: 2718
      Evaluation: [ 100/1978]  eta: 0:01:20    time: 0.0423  data: 0.0000  max mem: 2718
      Evaluation: [ 200/1978]  eta: 0:01:16    time: 0.0432  data: 0.0000  max mem: 2718
      Evaluation: [ 300/1978]  eta: 0:01:12    time: 0.0431  data: 0.0000  max mem: 2718
      Evaluation: [ 400/1978]  eta: 0:01:07    time: 0.0427  data: 0.0000  max mem: 2718
      Evaluation: [ 500/1978]  eta: 0:01:03    time: 0.0422  data: 0.0000  max mem: 2718
      Evaluation: [ 600/1978]  eta: 0:00:59    time: 0.0435  data: 0.0000  max mem: 2718
      Evaluation: [ 700/1978]  eta: 0:00:55    time: 0.0433  data: 0.0000  max mem: 2718
      Evaluation: [ 800/1978]  eta: 0:00:50    time: 0.0439  data: 0.0000  max mem: 2718
      Evaluation: [ 900/1978]  eta: 0:00:46    time: 0.0423  data: 0.0000  max mem: 2718
      Evaluation: [1000/1978]  eta: 0:00:42    time: 0.0424  data: 0.0000  max mem: 2718
      Evaluation: [1100/1978]  eta: 0:00:37    time: 0.0433  data: 0.0000  max mem: 2718
      Evaluation: [1200/1978]  eta: 0:00:33    time: 0.0425  data: 0.0000  max mem: 2718
      Evaluation: [1300/1978]  eta: 0:00:29    time: 0.0431  data: 0.0000  max mem: 2718
      Evaluation: [1400/1978]  eta: 0:00:24    time: 0.0433  data: 0.0000  max mem: 2718
      Evaluation: [1500/1978]  eta: 0:00:20    time: 0.0424  data: 0.0000  max mem: 2718
      Evaluation: [1600/1978]  eta: 0:00:16    time: 0.0429  data: 0.0000  max mem: 2718
      Evaluation: [1700/1978]  eta: 0:00:11    time: 0.0423  data: 0.0000  max mem: 2718
      Evaluation: [1800/1978]  eta: 0:00:07    time: 0.0429  data: 0.0000  max mem: 2718
      Evaluation: [1900/1978]  eta: 0:00:03    time: 0.0423  data: 0.0000  max mem: 2718
      Evaluation: [1977/1978]  eta: 0:00:00    time: 0.0425  data: 0.0000  max mem: 2718
      Evaluation: Total time: 0:01:24 (0.0429 s / it)
     Computing matching score time 0:01:25
### TTA ITM Score: 
+-------------------+--------+--------+--------+--------+--------+
|       epoch       |   R1   |   R5   |  R10   |  mAP   |  mINP  |
+-------------------+--------+--------+--------+--------+--------+
|  cos_sim_wo/norm  | 58.544 | 91.860 | 95.703 | 73.596 | 73.596 |
|        -999       | 69.414 | 95.197 | 97.776 | 81.233 | 81.233 |
| itm_score_wo/norm | 84.328 | 98.989 | 99.494 | 91.293 | 91.293 |
|        -999       | 84.277 | 99.039 | 99.596 | 91.276 | 91.276 |
|         0         | 84.277 | 99.039 | 99.596 | 91.276 | 91.276 |
|         1         | 84.580 | 99.039 | 99.596 | 91.422 | 91.422 |
+-------------------+--------+--------+--------+--------+--------+
     logs:  {'epo': 1, 'R1': 84.58, 'R5': 99.039, 'R10': 99.596, 'mAP': 91.422, 'mINP': 91.422, 'entropy': 0.345081, 'uncertainty': 1.464298, 'uncertainty_coeffi': 0.01, 'loss': 0.246356, 'lr': 9e-06}
      TTA Epoch: [2] [ 0/61]  eta: 0:00:28  entropy: 0.3779  uncertainty: 1.4427  uncertainty_coeffi: 0.0100  loss: 0.2735  lr: 0.000012  time: 0.4626  data: 0.3321  max mem: 2718
      TTA Epoch: [2] [60/61]  eta: 0:00:00  entropy: 0.3410  uncertainty: 1.5035  uncertainty_coeffi: 0.0100  loss: 0.2675  lr: 0.000018  time: 0.0415  data: 0.0045  max mem: 2718
      TTA Epoch: [2] Total time: 0:00:03 (0.0586 s / it)
     Averaged stats: entropy: 0.3366  uncertainty: 1.4646  uncertainty_coeffi: 0.0100  loss: 0.2399  lr: 0.0000
     itm tta time 0:00:03
     Computing matching score
      Evaluation: [   0/1978]  eta: 0:01:33    time: 0.0474  data: 0.0031  max mem: 2718
      Evaluation: [ 100/1978]  eta: 0:01:19    time: 0.0430  data: 0.0000  max mem: 2718
      Evaluation: [ 200/1978]  eta: 0:01:15    time: 0.0428  data: 0.0000  max mem: 2718
      Evaluation: [ 300/1978]  eta: 0:01:11    time: 0.0423  data: 0.0000  max mem: 2718
      Evaluation: [ 400/1978]  eta: 0:01:06    time: 0.0428  data: 0.0000  max mem: 2718
      Evaluation: [ 500/1978]  eta: 0:01:02    time: 0.0422  data: 0.0000  max mem: 2718
      Evaluation: [ 600/1978]  eta: 0:00:58    time: 0.0424  data: 0.0000  max mem: 2718
      Evaluation: [ 700/1978]  eta: 0:00:54    time: 0.0421  data: 0.0000  max mem: 2718
      Evaluation: [ 800/1978]  eta: 0:00:49    time: 0.0422  data: 0.0000  max mem: 2718
      Evaluation: [ 900/1978]  eta: 0:00:45    time: 0.0423  data: 0.0000  max mem: 2718
      Evaluation: [1000/1978]  eta: 0:00:41    time: 0.0421  data: 0.0000  max mem: 2718
      Evaluation: [1100/1978]  eta: 0:00:37    time: 0.0422  data: 0.0000  max mem: 2718
      Evaluation: [1200/1978]  eta: 0:00:32    time: 0.0428  data: 0.0000  max mem: 2718
      Evaluation: [1300/1978]  eta: 0:00:28    time: 0.0424  data: 0.0000  max mem: 2718
      Evaluation: [1400/1978]  eta: 0:00:24    time: 0.0422  data: 0.0000  max mem: 2718
      Evaluation: [1500/1978]  eta: 0:00:20    time: 0.0421  data: 0.0000  max mem: 2718
      Evaluation: [1600/1978]  eta: 0:00:15    time: 0.0421  data: 0.0000  max mem: 2718
      Evaluation: [1700/1978]  eta: 0:00:11    time: 0.0422  data: 0.0000  max mem: 2718
      Evaluation: [1800/1978]  eta: 0:00:07    time: 0.0422  data: 0.0000  max mem: 2718
      Evaluation: [1900/1978]  eta: 0:00:03    time: 0.0424  data: 0.0000  max mem: 2718
      Evaluation: [1977/1978]  eta: 0:00:00    time: 0.0421  data: 0.0000  max mem: 2718
      Evaluation: Total time: 0:01:23 (0.0423 s / it)
     Computing matching score time 0:01:23
### TTA ITM Score: 
+-------------------+--------+--------+--------+--------+--------+
|       epoch       |   R1   |   R5   |  R10   |  mAP   |  mINP  |
+-------------------+--------+--------+--------+--------+--------+
|  cos_sim_wo/norm  | 58.544 | 91.860 | 95.703 | 73.596 | 73.596 |
|        -999       | 69.414 | 95.197 | 97.776 | 81.233 | 81.233 |
| itm_score_wo/norm | 84.328 | 98.989 | 99.494 | 91.293 | 91.293 |
|        -999       | 84.277 | 99.039 | 99.596 | 91.276 | 91.276 |
|         0         | 84.277 | 99.039 | 99.596 | 91.276 | 91.276 |
|         1         | 84.580 | 99.039 | 99.596 | 91.422 | 91.422 |
|         2         | 84.681 | 98.989 | 99.596 | 91.454 | 91.454 |
+-------------------+--------+--------+--------+--------+--------+
     logs:  {'epo': 2, 'R1': 84.681, 'R5': 98.989, 'R10': 99.596, 'mAP': 91.454, 'mINP': 91.454, 'entropy': 0.336592, 'uncertainty': 1.464609, 'uncertainty_coeffi': 0.01, 'loss': 0.239857, 'lr': 1.5e-05}
      TTA Epoch: [3] [ 0/61]  eta: 0:00:27  entropy: 0.2921  uncertainty: 1.4767  uncertainty_coeffi: 0.0100  loss: 0.2154  lr: 0.000018  time: 0.4503  data: 0.3096  max mem: 2718
      TTA Epoch: [3] [60/61]  eta: 0:00:00  entropy: 0.2668  uncertainty: 1.5113  uncertainty_coeffi: 0.0100  loss: 0.1898  lr: 0.000024  time: 0.0416  data: 0.0027  max mem: 2718
      TTA Epoch: [3] Total time: 0:00:03 (0.0584 s / it)
     Averaged stats: entropy: 0.3236  uncertainty: 1.4642  uncertainty_coeffi: 0.0100  loss: 0.2308  lr: 0.0000
     itm tta time 0:00:03
      TTA Epoch: [4] [ 0/61]  eta: 0:00:32  entropy: 0.3545  uncertainty: 1.5524  uncertainty_coeffi: 0.0100  loss: 0.2502  lr: 0.000024  time: 0.5290  data: 0.4416  max mem: 2718
      TTA Epoch: [4] [60/61]  eta: 0:00:00  entropy: 0.2581  uncertainty: 1.4847  uncertainty_coeffi: 0.0100  loss: 0.1809  lr: 0.000030  time: 0.0422  data: 0.0030  max mem: 2718
      TTA Epoch: [4] Total time: 0:00:03 (0.0584 s / it)
     Averaged stats: entropy: 0.3106  uncertainty: 1.4646  uncertainty_coeffi: 0.0100  loss: 0.2207  lr: 0.0000
     itm tta time 0:00:03
     Computing matching score
      Evaluation: [   0/1978]  eta: 0:01:35    time: 0.0481  data: 0.0032  max mem: 2718
      Evaluation: [ 100/1978]  eta: 0:01:19    time: 0.0426  data: 0.0000  max mem: 2718
      Evaluation: [ 200/1978]  eta: 0:01:15    time: 0.0425  data: 0.0000  max mem: 2718
      Evaluation: [ 300/1978]  eta: 0:01:11    time: 0.0421  data: 0.0000  max mem: 2718
      Evaluation: [ 400/1978]  eta: 0:01:07    time: 0.0419  data: 0.0000  max mem: 2718
      Evaluation: [ 500/1978]  eta: 0:01:02    time: 0.0426  data: 0.0000  max mem: 2718
      Evaluation: [ 600/1978]  eta: 0:00:58    time: 0.0421  data: 0.0000  max mem: 2718
      Evaluation: [ 700/1978]  eta: 0:00:54    time: 0.0428  data: 0.0000  max mem: 2718
      Evaluation: [ 800/1978]  eta: 0:00:50    time: 0.0426  data: 0.0000  max mem: 2718
      Evaluation: [ 900/1978]  eta: 0:00:46    time: 0.0423  data: 0.0000  max mem: 2718
      Evaluation: [1000/1978]  eta: 0:00:41    time: 0.0424  data: 0.0000  max mem: 2718
      Evaluation: [1100/1978]  eta: 0:00:37    time: 0.0430  data: 0.0000  max mem: 2718
      Evaluation: [1200/1978]  eta: 0:00:33    time: 0.0424  data: 0.0000  max mem: 2718
      Evaluation: [1300/1978]  eta: 0:00:28    time: 0.0426  data: 0.0000  max mem: 2718
      Evaluation: [1400/1978]  eta: 0:00:24    time: 0.0422  data: 0.0000  max mem: 2718
      Evaluation: [1500/1978]  eta: 0:00:20    time: 0.0426  data: 0.0000  max mem: 2718
      Evaluation: [1600/1978]  eta: 0:00:16    time: 0.0436  data: 0.0000  max mem: 2718
      Evaluation: [1700/1978]  eta: 0:00:11    time: 0.0429  data: 0.0000  max mem: 2718
      Evaluation: [1800/1978]  eta: 0:00:07    time: 0.0425  data: 0.0000  max mem: 2718
      Evaluation: [1900/1978]  eta: 0:00:03    time: 0.0428  data: 0.0000  max mem: 2718
      Evaluation: [1977/1978]  eta: 0:00:00    time: 0.0425  data: 0.0000  max mem: 2718
      Evaluation: Total time: 0:01:24 (0.0426 s / it)
     Computing matching score time 0:01:24
### TTA ITM Score: 
+-------------------+--------+--------+--------+--------+--------+
|       epoch       |   R1   |   R5   |  R10   |  mAP   |  mINP  |
+-------------------+--------+--------+--------+--------+--------+
|  cos_sim_wo/norm  | 58.544 | 91.860 | 95.703 | 73.596 | 73.596 |
|        -999       | 69.414 | 95.197 | 97.776 | 81.233 | 81.233 |
| itm_score_wo/norm | 84.328 | 98.989 | 99.494 | 91.293 | 91.293 |
|        -999       | 84.277 | 99.039 | 99.596 | 91.276 | 91.276 |
|         0         | 84.277 | 99.039 | 99.596 | 91.276 | 91.276 |
|         1         | 84.580 | 99.039 | 99.596 | 91.422 | 91.422 |
|         2         | 84.681 | 98.989 | 99.596 | 91.454 | 91.454 |
|         4         | 84.833 | 98.888 | 99.545 | 91.506 | 91.506 |
+-------------------+--------+--------+--------+--------+--------+
     logs:  {'epo': 4, 'R1': 84.833, 'R5': 98.888, 'R10': 99.545, 'mAP': 91.506, 'mINP': 91.506, 'entropy': 0.310587, 'uncertainty': 1.464589, 'uncertainty_coeffi': 0.01, 'loss': 0.220724, 'lr': 2.7e-05}
      TTA Epoch: [5] [ 0/61]  eta: 0:00:30  entropy: 0.2483  uncertainty: 1.5126  uncertainty_coeffi: 0.0100  loss: 0.1869  lr: 0.000031  time: 0.5031  data: 0.4329  max mem: 2718
      TTA Epoch: [5] [60/61]  eta: 0:00:00  entropy: 0.3267  uncertainty: 1.3945  uncertainty_coeffi: 0.0100  loss: 0.2328  lr: 0.000037  time: 0.0423  data: 0.0009  max mem: 2718
      TTA Epoch: [5] Total time: 0:00:03 (0.0589 s / it)
     Averaged stats: entropy: 0.2945  uncertainty: 1.4641  uncertainty_coeffi: 0.0100  loss: 0.2086  lr: 0.0000
     itm tta time 0:00:03
      TTA Epoch: [6] [ 0/61]  eta: 0:00:31  entropy: 0.3190  uncertainty: 1.4375  uncertainty_coeffi: 0.0100  loss: 0.2282  lr: 0.000037  time: 0.5210  data: 0.4468  max mem: 2718
      TTA Epoch: [6] [60/61]  eta: 0:00:00  entropy: 0.3409  uncertainty: 1.4523  uncertainty_coeffi: 0.0100  loss: 0.2356  lr: 0.000043  time: 0.0433  data: 0.0023  max mem: 2718
      TTA Epoch: [6] Total time: 0:00:03 (0.0585 s / it)
     Averaged stats: entropy: 0.2782  uncertainty: 1.4652  uncertainty_coeffi: 0.0100  loss: 0.1970  lr: 0.0000
     itm tta time 0:00:03
      TTA Epoch: [7] [ 0/61]  eta: 0:00:24  entropy: 0.2310  uncertainty: 1.5335  uncertainty_coeffi: 0.0100  loss: 0.1706  lr: 0.000043  time: 0.3949  data: 0.2850  max mem: 2718
      TTA Epoch: [7] [60/61]  eta: 0:00:00  entropy: 0.2056  uncertainty: 1.4635  uncertainty_coeffi: 0.0100  loss: 0.1503  lr: 0.000049  time: 0.0412  data: 0.0017  max mem: 2718
      TTA Epoch: [7] Total time: 0:00:03 (0.0585 s / it)
     Averaged stats: entropy: 0.2592  uncertainty: 1.4644  uncertainty_coeffi: 0.0100  loss: 0.1826  lr: 0.0000
     itm tta time 0:00:03
      TTA Epoch: [8] [ 0/61]  eta: 0:00:30  entropy: 0.1970  uncertainty: 1.2610  uncertainty_coeffi: 0.0100  loss: 0.1562  lr: 0.000049  time: 0.4940  data: 0.4076  max mem: 2718
      TTA Epoch: [8] [60/61]  eta: 0:00:00  entropy: 0.1500  uncertainty: 1.4245  uncertainty_coeffi: 0.0100  loss: 0.1160  lr: 0.000049  time: 0.0435  data: 0.0031  max mem: 2718
      TTA Epoch: [8] Total time: 0:00:03 (0.0585 s / it)
     Averaged stats: entropy: 0.2487  uncertainty: 1.4643  uncertainty_coeffi: 0.0100  loss: 0.1752  lr: 0.0000
     itm tta time 0:00:03
      TTA Epoch: [9] [ 0/61]  eta: 0:00:32  entropy: 0.3006  uncertainty: 1.5353  uncertainty_coeffi: 0.0100  loss: 0.2041  lr: 0.000049  time: 0.5328  data: 0.4576  max mem: 2718
      TTA Epoch: [9] [60/61]  eta: 0:00:00  entropy: 0.3214  uncertainty: 1.5843  uncertainty_coeffi: 0.0100  loss: 0.2078  lr: 0.000048  time: 0.0455  data: 0.0036  max mem: 2718
      TTA Epoch: [9] Total time: 0:00:03 (0.0585 s / it)
     Averaged stats: entropy: 0.2347  uncertainty: 1.4646  uncertainty_coeffi: 0.0100  loss: 0.1651  lr: 0.0000
     itm tta time 0:00:03
     Computing matching score
      Evaluation: [   0/1978]  eta: 0:01:33    time: 0.0474  data: 0.0032  max mem: 2718
      Evaluation: [ 100/1978]  eta: 0:01:20    time: 0.0429  data: 0.0000  max mem: 2718
      Evaluation: [ 200/1978]  eta: 0:01:16    time: 0.0428  data: 0.0000  max mem: 2718
      Evaluation: [ 300/1978]  eta: 0:01:11    time: 0.0429  data: 0.0000  max mem: 2718
      Evaluation: [ 400/1978]  eta: 0:01:07    time: 0.0425  data: 0.0000  max mem: 2718
      Evaluation: [ 500/1978]  eta: 0:01:03    time: 0.0418  data: 0.0000  max mem: 2718
      Evaluation: [ 600/1978]  eta: 0:00:58    time: 0.0426  data: 0.0000  max mem: 2718
      Evaluation: [ 700/1978]  eta: 0:00:54    time: 0.0420  data: 0.0000  max mem: 2718
      Evaluation: [ 800/1978]  eta: 0:00:50    time: 0.0428  data: 0.0000  max mem: 2718
      Evaluation: [ 900/1978]  eta: 0:00:46    time: 0.0418  data: 0.0000  max mem: 2718
      Evaluation: [1000/1978]  eta: 0:00:41    time: 0.0426  data: 0.0000  max mem: 2718
      Evaluation: [1100/1978]  eta: 0:00:37    time: 0.0425  data: 0.0000  max mem: 2718
      Evaluation: [1200/1978]  eta: 0:00:33    time: 0.0430  data: 0.0000  max mem: 2718
      Evaluation: [1300/1978]  eta: 0:00:28    time: 0.0427  data: 0.0000  max mem: 2718
      Evaluation: [1400/1978]  eta: 0:00:24    time: 0.0429  data: 0.0000  max mem: 2718
      Evaluation: [1500/1978]  eta: 0:00:20    time: 0.0437  data: 0.0000  max mem: 2718
      Evaluation: [1600/1978]  eta: 0:00:16    time: 0.0419  data: 0.0000  max mem: 2718
      Evaluation: [1700/1978]  eta: 0:00:11    time: 0.0427  data: 0.0000  max mem: 2718
      Evaluation: [1800/1978]  eta: 0:00:07    time: 0.0427  data: 0.0000  max mem: 2718
      Evaluation: [1900/1978]  eta: 0:00:03    time: 0.0429  data: 0.0000  max mem: 2718
      Evaluation: [1977/1978]  eta: 0:00:00    time: 0.0424  data: 0.0000  max mem: 2718
      Evaluation: Total time: 0:01:24 (0.0428 s / it)
     Computing matching score time 0:01:24
### TTA ITM Score: 
+-------------------+--------+--------+--------+--------+--------+
|       epoch       |   R1   |   R5   |  R10   |  mAP   |  mINP  |
+-------------------+--------+--------+--------+--------+--------+
|  cos_sim_wo/norm  | 58.544 | 91.860 | 95.703 | 73.596 | 73.596 |
|        -999       | 69.414 | 95.197 | 97.776 | 81.233 | 81.233 |
| itm_score_wo/norm | 84.328 | 98.989 | 99.494 | 91.293 | 91.293 |
|        -999       | 84.277 | 99.039 | 99.596 | 91.276 | 91.276 |
|         0         | 84.277 | 99.039 | 99.596 | 91.276 | 91.276 |
|         1         | 84.580 | 99.039 | 99.596 | 91.422 | 91.422 |
|         2         | 84.681 | 98.989 | 99.596 | 91.454 | 91.454 |
|         4         | 84.833 | 98.888 | 99.545 | 91.506 | 91.506 |
|         9         | 84.631 | 98.686 | 99.343 | 91.313 | 91.313 |
+-------------------+--------+--------+--------+--------+--------+
     logs:  {'epo': 9, 'R1': 84.631, 'R5': 98.686, 'R10': 99.343, 'mAP': 91.313, 'mINP': 91.313, 'entropy': 0.23473, 'uncertainty': 1.464623, 'uncertainty_coeffi': 0.01, 'loss': 0.165125, 'lr': 4.9e-05}
      TTA Epoch: [10] [ 0/61]  eta: 0:00:32  entropy: 0.2675  uncertainty: 1.5302  uncertainty_coeffi: 0.0100  loss: 0.1805  lr: 0.000048  time: 0.5326  data: 0.4561  max mem: 2718
      TTA Epoch: [10] [60/61]  eta: 0:00:00  entropy: 0.1644  uncertainty: 1.4944  uncertainty_coeffi: 0.0100  loss: 0.1114  lr: 0.000047  time: 0.0440  data: 0.0024  max mem: 2718
      TTA Epoch: [10] Total time: 0:00:03 (0.0586 s / it)
     Averaged stats: entropy: 0.2266  uncertainty: 1.4645  uncertainty_coeffi: 0.0100  loss: 0.1597  lr: 0.0000
     itm tta time 0:00:03
      TTA Epoch: [11] [ 0/61]  eta: 0:00:32  entropy: 0.2102  uncertainty: 1.4325  uncertainty_coeffi: 0.0100  loss: 0.1420  lr: 0.000047  time: 0.5251  data: 0.4489  max mem: 2718
      TTA Epoch: [11] [60/61]  eta: 0:00:00  entropy: 0.2580  uncertainty: 1.5207  uncertainty_coeffi: 0.0100  loss: 0.1519  lr: 0.000046  time: 0.0417  data: 0.0030  max mem: 2718
      TTA Epoch: [11] Total time: 0:00:03 (0.0581 s / it)
     Averaged stats: entropy: 0.2189  uncertainty: 1.4645  uncertainty_coeffi: 0.0100  loss: 0.1534  lr: 0.0000
     itm tta time 0:00:03
      TTA Epoch: [12] [ 0/61]  eta: 0:00:32  entropy: 0.2406  uncertainty: 1.4415  uncertainty_coeffi: 0.0100  loss: 0.1670  lr: 0.000046  time: 0.5408  data: 0.4657  max mem: 2718
      TTA Epoch: [12] [60/61]  eta: 0:00:00  entropy: 0.0642  uncertainty: 1.4247  uncertainty_coeffi: 0.0100  loss: 0.0574  lr: 0.000045  time: 0.0439  data: 0.0027  max mem: 2718
      TTA Epoch: [12] Total time: 0:00:03 (0.0584 s / it)
     Averaged stats: entropy: 0.2080  uncertainty: 1.4651  uncertainty_coeffi: 0.0100  loss: 0.1462  lr: 0.0000
     itm tta time 0:00:03
      TTA Epoch: [13] [ 0/61]  eta: 0:00:29  entropy: 0.1890  uncertainty: 1.3899  uncertainty_coeffi: 0.0100  loss: 0.1363  lr: 0.000045  time: 0.4834  data: 0.3889  max mem: 2718
      TTA Epoch: [13] [60/61]  eta: 0:00:00  entropy: 0.2572  uncertainty: 1.3638  uncertainty_coeffi: 0.0100  loss: 0.1913  lr: 0.000045  time: 0.0420  data: 0.0039  max mem: 2718
      TTA Epoch: [13] Total time: 0:00:03 (0.0583 s / it)
     Averaged stats: entropy: 0.2045  uncertainty: 1.4637  uncertainty_coeffi: 0.0100  loss: 0.1440  lr: 0.0000
     itm tta time 0:00:03
      TTA Epoch: [14] [ 0/61]  eta: 0:00:31  entropy: 0.1158  uncertainty: 1.4239  uncertainty_coeffi: 0.0100  loss: 0.0924  lr: 0.000044  time: 0.5151  data: 0.4388  max mem: 2718
      TTA Epoch: [14] [60/61]  eta: 0:00:00  entropy: 0.1695  uncertainty: 1.4133  uncertainty_coeffi: 0.0100  loss: 0.1318  lr: 0.000044  time: 0.0428  data: 0.0020  max mem: 2718
      TTA Epoch: [14] Total time: 0:00:03 (0.0587 s / it)
     Averaged stats: entropy: 0.1945  uncertainty: 1.4654  uncertainty_coeffi: 0.0100  loss: 0.1374  lr: 0.0000
     itm tta time 0:00:03
     Computing matching score
      Evaluation: [   0/1978]  eta: 0:01:33    time: 0.0474  data: 0.0032  max mem: 2718
      Evaluation: [ 100/1978]  eta: 0:01:20    time: 0.0427  data: 0.0000  max mem: 2718
      Evaluation: [ 200/1978]  eta: 0:01:15    time: 0.0426  data: 0.0000  max mem: 2718
      Evaluation: [ 300/1978]  eta: 0:01:11    time: 0.0425  data: 0.0000  max mem: 2718
      Evaluation: [ 400/1978]  eta: 0:01:07    time: 0.0428  data: 0.0000  max mem: 2718
      Evaluation: [ 500/1978]  eta: 0:01:02    time: 0.0420  data: 0.0000  max mem: 2718
      Evaluation: [ 600/1978]  eta: 0:00:58    time: 0.0429  data: 0.0000  max mem: 2718
      Evaluation: [ 700/1978]  eta: 0:00:54    time: 0.0425  data: 0.0000  max mem: 2718
      Evaluation: [ 800/1978]  eta: 0:00:50    time: 0.0426  data: 0.0000  max mem: 2718
      Evaluation: [ 900/1978]  eta: 0:00:45    time: 0.0420  data: 0.0000  max mem: 2718
      Evaluation: [1000/1978]  eta: 0:00:41    time: 0.0423  data: 0.0000  max mem: 2718
      Evaluation: [1100/1978]  eta: 0:00:37    time: 0.0424  data: 0.0000  max mem: 2718
      Evaluation: [1200/1978]  eta: 0:00:33    time: 0.0427  data: 0.0000  max mem: 2718
      Evaluation: [1300/1978]  eta: 0:00:28    time: 0.0435  data: 0.0000  max mem: 2718
      Evaluation: [1400/1978]  eta: 0:00:24    time: 0.0428  data: 0.0000  max mem: 2718
      Evaluation: [1500/1978]  eta: 0:00:20    time: 0.0420  data: 0.0000  max mem: 2718
      Evaluation: [1600/1978]  eta: 0:00:16    time: 0.0435  data: 0.0000  max mem: 2718
      Evaluation: [1700/1978]  eta: 0:00:11    time: 0.0433  data: 0.0000  max mem: 2718
      Evaluation: [1800/1978]  eta: 0:00:07    time: 0.0421  data: 0.0000  max mem: 2718
      Evaluation: [1900/1978]  eta: 0:00:03    time: 0.0447  data: 0.0000  max mem: 2718
      Evaluation: [1977/1978]  eta: 0:00:00    time: 0.0441  data: 0.0000  max mem: 2718
      Evaluation: Total time: 0:01:24 (0.0427 s / it)
     Computing matching score time 0:01:24
### TTA ITM Score: 
+-------------------+--------+--------+--------+--------+--------+
|       epoch       |   R1   |   R5   |  R10   |  mAP   |  mINP  |
+-------------------+--------+--------+--------+--------+--------+
|  cos_sim_wo/norm  | 58.544 | 91.860 | 95.703 | 73.596 | 73.596 |
|        -999       | 69.414 | 95.197 | 97.776 | 81.233 | 81.233 |
| itm_score_wo/norm | 84.328 | 98.989 | 99.494 | 91.293 | 91.293 |
|        -999       | 84.277 | 99.039 | 99.596 | 91.276 | 91.276 |
|         0         | 84.277 | 99.039 | 99.596 | 91.276 | 91.276 |
|         1         | 84.580 | 99.039 | 99.596 | 91.422 | 91.422 |
|         2         | 84.681 | 98.989 | 99.596 | 91.454 | 91.454 |
|         4         | 84.833 | 98.888 | 99.545 | 91.506 | 91.506 |
|         9         | 84.631 | 98.686 | 99.343 | 91.313 | 91.313 |
|         14        | 84.530 | 98.635 | 99.191 | 91.228 | 91.228 |
+-------------------+--------+--------+--------+--------+--------+
     logs:  {'epo': 14, 'R1': 84.53, 'R5': 98.635, 'R10': 99.191, 'mAP': 91.228, 'mINP': 91.228, 'entropy': 0.194531, 'uncertainty': 1.465361, 'uncertainty_coeffi': 0.01, 'loss': 0.137421, 'lr': 4.4e-05}
      TTA Epoch: [15] [ 0/61]  eta: 0:00:35  entropy: 0.1923  uncertainty: 1.4280  uncertainty_coeffi: 0.0100  loss: 0.1368  lr: 0.000044  time: 0.5750  data: 0.4618  max mem: 2718
      TTA Epoch: [15] [60/61]  eta: 0:00:00  entropy: 0.2350  uncertainty: 1.4261  uncertainty_coeffi: 0.0100  loss: 0.1527  lr: 0.000043  time: 0.0452  data: 0.0007  max mem: 2718
      TTA Epoch: [15] Total time: 0:00:03 (0.0636 s / it)
     Averaged stats: entropy: 0.1935  uncertainty: 1.4651  uncertainty_coeffi: 0.0100  loss: 0.1363  lr: 0.0000
     itm tta time 0:00:04
      TTA Epoch: [16] [ 0/61]  eta: 0:00:31  entropy: 0.1476  uncertainty: 1.4674  uncertainty_coeffi: 0.0100  loss: 0.1172  lr: 0.000043  time: 0.5126  data: 0.3864  max mem: 2718
      TTA Epoch: [16] [60/61]  eta: 0:00:00  entropy: 0.2350  uncertainty: 1.4670  uncertainty_coeffi: 0.0100  loss: 0.1517  lr: 0.000042  time: 0.0444  data: 0.0022  max mem: 2718
      TTA Epoch: [16] Total time: 0:00:03 (0.0632 s / it)
     Averaged stats: entropy: 0.1897  uncertainty: 1.4647  uncertainty_coeffi: 0.0100  loss: 0.1334  lr: 0.0000
     itm tta time 0:00:03
      TTA Epoch: [17] [ 0/61]  eta: 0:00:30  entropy: 0.0934  uncertainty: 1.4769  uncertainty_coeffi: 0.0100  loss: 0.0739  lr: 0.000042  time: 0.5072  data: 0.3829  max mem: 2718
      TTA Epoch: [17] [60/61]  eta: 0:00:00  entropy: 0.1514  uncertainty: 1.5636  uncertainty_coeffi: 0.0100  loss: 0.1082  lr: 0.000041  time: 0.0455  data: 0.0013  max mem: 2718
      TTA Epoch: [17] Total time: 0:00:03 (0.0634 s / it)
     Averaged stats: entropy: 0.1766  uncertainty: 1.4634  uncertainty_coeffi: 0.0100  loss: 0.1253  lr: 0.0000
     itm tta time 0:00:04
      TTA Epoch: [18] [ 0/61]  eta: 0:00:37  entropy: 0.1312  uncertainty: 1.4227  uncertainty_coeffi: 0.0100  loss: 0.0986  lr: 0.000041  time: 0.6109  data: 0.5361  max mem: 2718
      TTA Epoch: [18] [60/61]  eta: 0:00:00  entropy: 0.1783  uncertainty: 1.4434  uncertainty_coeffi: 0.0100  loss: 0.1184  lr: 0.000040  time: 0.0459  data: 0.0015  max mem: 2718
      TTA Epoch: [18] Total time: 0:00:03 (0.0632 s / it)
     Averaged stats: entropy: 0.1795  uncertainty: 1.4635  uncertainty_coeffi: 0.0100  loss: 0.1262  lr: 0.0000
     itm tta time 0:00:03
      TTA Epoch: [19] [ 0/61]  eta: 0:00:33  entropy: 0.1622  uncertainty: 1.5066  uncertainty_coeffi: 0.0100  loss: 0.1117  lr: 0.000040  time: 0.5419  data: 0.4582  max mem: 2718
      TTA Epoch: [19] [60/61]  eta: 0:00:00  entropy: 0.1901  uncertainty: 1.5273  uncertainty_coeffi: 0.0100  loss: 0.1314  lr: 0.000039  time: 0.0457  data: 0.0008  max mem: 2718
      TTA Epoch: [19] Total time: 0:00:03 (0.0633 s / it)
     Averaged stats: entropy: 0.1706  uncertainty: 1.4646  uncertainty_coeffi: 0.0100  loss: 0.1201  lr: 0.0000
     itm tta time 0:00:04
     Computing matching score
      Evaluation: [   0/1978]  eta: 0:01:43    time: 0.0525  data: 0.0033  max mem: 2718
      Evaluation: [ 100/1978]  eta: 0:01:24    time: 0.0450  data: 0.0000  max mem: 2718
      Evaluation: [ 200/1978]  eta: 0:01:20    time: 0.0457  data: 0.0000  max mem: 2718
      Evaluation: [ 300/1978]  eta: 0:01:15    time: 0.0448  data: 0.0000  max mem: 2718
      Evaluation: [ 400/1978]  eta: 0:01:10    time: 0.0444  data: 0.0000  max mem: 2718
      Evaluation: [ 500/1978]  eta: 0:01:06    time: 0.0454  data: 0.0000  max mem: 2718
      Evaluation: [ 600/1978]  eta: 0:01:01    time: 0.0440  data: 0.0000  max mem: 2718
      Evaluation: [ 700/1978]  eta: 0:00:57    time: 0.0447  data: 0.0000  max mem: 2718
      Evaluation: [ 800/1978]  eta: 0:00:52    time: 0.0452  data: 0.0000  max mem: 2718
      Evaluation: [ 900/1978]  eta: 0:00:48    time: 0.0448  data: 0.0000  max mem: 2718
      Evaluation: [1000/1978]  eta: 0:00:43    time: 0.0440  data: 0.0000  max mem: 2718
      Evaluation: [1100/1978]  eta: 0:00:39    time: 0.0430  data: 0.0000  max mem: 2718
      Evaluation: [1200/1978]  eta: 0:00:34    time: 0.0430  data: 0.0000  max mem: 2718
      Evaluation: [1300/1978]  eta: 0:00:30    time: 0.0431  data: 0.0000  max mem: 2718
      Evaluation: [1400/1978]  eta: 0:00:25    time: 0.0446  data: 0.0000  max mem: 2718
      Evaluation: [1500/1978]  eta: 0:00:21    time: 0.0437  data: 0.0000  max mem: 2718
      Evaluation: [1600/1978]  eta: 0:00:16    time: 0.0430  data: 0.0000  max mem: 2718
      Evaluation: [1700/1978]  eta: 0:00:12    time: 0.0424  data: 0.0000  max mem: 2718
      Evaluation: [1800/1978]  eta: 0:00:07    time: 0.0428  data: 0.0000  max mem: 2718
      Evaluation: [1900/1978]  eta: 0:00:03    time: 0.0430  data: 0.0000  max mem: 2718
      Evaluation: [1977/1978]  eta: 0:00:00    time: 0.0438  data: 0.0000  max mem: 2718
      Evaluation: Total time: 0:01:27 (0.0440 s / it)
     Computing matching score time 0:01:27
### TTA ITM Score: 
+-------------------+--------+--------+--------+--------+--------+
|       epoch       |   R1   |   R5   |  R10   |  mAP   |  mINP  |
+-------------------+--------+--------+--------+--------+--------+
|  cos_sim_wo/norm  | 58.544 | 91.860 | 95.703 | 73.596 | 73.596 |
|        -999       | 69.414 | 95.197 | 97.776 | 81.233 | 81.233 |
| itm_score_wo/norm | 84.328 | 98.989 | 99.494 | 91.293 | 91.293 |
|        -999       | 84.277 | 99.039 | 99.596 | 91.276 | 91.276 |
|         0         | 84.277 | 99.039 | 99.596 | 91.276 | 91.276 |
|         1         | 84.580 | 99.039 | 99.596 | 91.422 | 91.422 |
|         2         | 84.681 | 98.989 | 99.596 | 91.454 | 91.454 |
|         4         | 84.833 | 98.888 | 99.545 | 91.506 | 91.506 |
|         9         | 84.631 | 98.686 | 99.343 | 91.313 | 91.313 |
|         14        | 84.530 | 98.635 | 99.191 | 91.228 | 91.228 |
|         19        | 84.580 | 98.584 | 99.292 | 91.249 | 91.249 |
+-------------------+--------+--------+--------+--------+--------+
     logs:  {'epo': 19, 'R1': 84.58, 'R5': 98.584, 'R10': 99.292, 'mAP': 91.249, 'mINP': 91.249, 'entropy': 0.170644, 'uncertainty': 1.464566, 'uncertainty_coeffi': 0.01, 'loss': 0.120086, 'lr': 3.9e-05}
      TTA Epoch: [20] [ 0/61]  eta: 0:00:35  entropy: 0.1967  uncertainty: 1.3831  uncertainty_coeffi: 0.0100  loss: 0.1387  lr: 0.000039  time: 0.5744  data: 0.4982  max mem: 2718
      TTA Epoch: [20] [60/61]  eta: 0:00:00  entropy: 0.1349  uncertainty: 1.4085  uncertainty_coeffi: 0.0100  loss: 0.1002  lr: 0.000038  time: 0.0416  data: 0.0005  max mem: 2718
      TTA Epoch: [20] Total time: 0:00:03 (0.0592 s / it)
     Averaged stats: entropy: 0.1712  uncertainty: 1.4644  uncertainty_coeffi: 0.0100  loss: 0.1210  lr: 0.0000
     itm tta time 0:00:03
      TTA Epoch: [21] [ 0/61]  eta: 0:00:28  entropy: 0.2496  uncertainty: 1.4343  uncertainty_coeffi: 0.0100  loss: 0.1622  lr: 0.000038  time: 0.4680  data: 0.3504  max mem: 2718
      TTA Epoch: [21] [60/61]  eta: 0:00:00  entropy: 0.1548  uncertainty: 1.5100  uncertainty_coeffi: 0.0100  loss: 0.1145  lr: 0.000037  time: 0.0440  data: 0.0037  max mem: 2718
      TTA Epoch: [21] Total time: 0:00:03 (0.0591 s / it)
     Averaged stats: entropy: 0.1697  uncertainty: 1.4650  uncertainty_coeffi: 0.0100  loss: 0.1211  lr: 0.0000
     itm tta time 0:00:03
      TTA Epoch: [22] [ 0/61]  eta: 0:00:28  entropy: 0.1857  uncertainty: 1.3384  uncertainty_coeffi: 0.0100  loss: 0.1398  lr: 0.000037  time: 0.4697  data: 0.3134  max mem: 2718
      TTA Epoch: [22] [60/61]  eta: 0:00:00  entropy: 0.2151  uncertainty: 1.6028  uncertainty_coeffi: 0.0100  loss: 0.1530  lr: 0.000036  time: 0.0413  data: 0.0009  max mem: 2718
      TTA Epoch: [22] Total time: 0:00:03 (0.0588 s / it)
     Averaged stats: entropy: 0.1663  uncertainty: 1.4647  uncertainty_coeffi: 0.0100  loss: 0.1178  lr: 0.0000
     itm tta time 0:00:03
      TTA Epoch: [23] [ 0/61]  eta: 0:00:31  entropy: 0.1299  uncertainty: 1.3593  uncertainty_coeffi: 0.0100  loss: 0.0996  lr: 0.000036  time: 0.5145  data: 0.4336  max mem: 2718
      TTA Epoch: [23] [60/61]  eta: 0:00:00  entropy: 0.2502  uncertainty: 1.4946  uncertainty_coeffi: 0.0100  loss: 0.1600  lr: 0.000035  time: 0.0418  data: 0.0025  max mem: 2718
      TTA Epoch: [23] Total time: 0:00:03 (0.0589 s / it)
     Averaged stats: entropy: 0.1575  uncertainty: 1.4645  uncertainty_coeffi: 0.0100  loss: 0.1123  lr: 0.0000
     itm tta time 0:00:03
      TTA Epoch: [24] [ 0/61]  eta: 0:00:32  entropy: 0.1235  uncertainty: 1.4397  uncertainty_coeffi: 0.0100  loss: 0.0933  lr: 0.000035  time: 0.5273  data: 0.4466  max mem: 2718
      TTA Epoch: [24] [60/61]  eta: 0:00:00  entropy: 0.1215  uncertainty: 1.4280  uncertainty_coeffi: 0.0100  loss: 0.0924  lr: 0.000034  time: 0.0414  data: 0.0021  max mem: 2718
      TTA Epoch: [24] Total time: 0:00:03 (0.0589 s / it)
     Averaged stats: entropy: 0.1583  uncertainty: 1.4645  uncertainty_coeffi: 0.0100  loss: 0.1128  lr: 0.0000
     itm tta time 0:00:03
      TTA Epoch: [25] [ 0/61]  eta: 0:00:24  entropy: 0.0701  uncertainty: 1.4003  uncertainty_coeffi: 0.0100  loss: 0.0663  lr: 0.000034  time: 0.4000  data: 0.2946  max mem: 2718
      TTA Epoch: [25] [60/61]  eta: 0:00:00  entropy: 0.1520  uncertainty: 1.4953  uncertainty_coeffi: 0.0100  loss: 0.1103  lr: 0.000033  time: 0.0435  data: 0.0009  max mem: 2718
      TTA Epoch: [25] Total time: 0:00:03 (0.0595 s / it)
     Averaged stats: entropy: 0.1505  uncertainty: 1.4650  uncertainty_coeffi: 0.0100  loss: 0.1082  lr: 0.0000
     itm tta time 0:00:03
      TTA Epoch: [26] [ 0/61]  eta: 0:00:33  entropy: 0.1559  uncertainty: 1.4857  uncertainty_coeffi: 0.0100  loss: 0.1201  lr: 0.000033  time: 0.5556  data: 0.4515  max mem: 2718
      TTA Epoch: [26] [60/61]  eta: 0:00:00  entropy: 0.0971  uncertainty: 1.2902  uncertainty_coeffi: 0.0100  loss: 0.0799  lr: 0.000032  time: 0.0413  data: 0.0028  max mem: 2718
      TTA Epoch: [26] Total time: 0:00:03 (0.0590 s / it)
     Averaged stats: entropy: 0.1455  uncertainty: 1.4652  uncertainty_coeffi: 0.0100  loss: 0.1048  lr: 0.0000
     itm tta time 0:00:03
      TTA Epoch: [27] [ 0/61]  eta: 0:00:29  entropy: 0.2302  uncertainty: 1.5187  uncertainty_coeffi: 0.0100  loss: 0.1495  lr: 0.000032  time: 0.4904  data: 0.4209  max mem: 2718
      TTA Epoch: [27] [60/61]  eta: 0:00:00  entropy: 0.1261  uncertainty: 1.4084  uncertainty_coeffi: 0.0100  loss: 0.0852  lr: 0.000031  time: 0.0419  data: 0.0012  max mem: 2718
      TTA Epoch: [27] Total time: 0:00:03 (0.0587 s / it)
     Averaged stats: entropy: 0.1524  uncertainty: 1.4653  uncertainty_coeffi: 0.0100  loss: 0.1097  lr: 0.0000
     itm tta time 0:00:03
      TTA Epoch: [28] [ 0/61]  eta: 0:00:27  entropy: 0.2050  uncertainty: 1.4705  uncertainty_coeffi: 0.0100  loss: 0.1490  lr: 0.000031  time: 0.4487  data: 0.3157  max mem: 2718
      TTA Epoch: [28] [60/61]  eta: 0:00:00  entropy: 0.1139  uncertainty: 1.3937  uncertainty_coeffi: 0.0100  loss: 0.0874  lr: 0.000030  time: 0.0431  data: 0.0042  max mem: 2718
      TTA Epoch: [28] Total time: 0:00:03 (0.0593 s / it)
     Averaged stats: entropy: 0.1443  uncertainty: 1.4638  uncertainty_coeffi: 0.0100  loss: 0.1044  lr: 0.0000
     itm tta time 0:00:03
      TTA Epoch: [29] [ 0/61]  eta: 0:00:32  entropy: 0.1542  uncertainty: 1.4213  uncertainty_coeffi: 0.0100  loss: 0.1098  lr: 0.000030  time: 0.5346  data: 0.4611  max mem: 2718
      TTA Epoch: [29] [60/61]  eta: 0:00:00  entropy: 0.2621  uncertainty: 1.5162  uncertainty_coeffi: 0.0100  loss: 0.1802  lr: 0.000029  time: 0.0430  data: 0.0013  max mem: 2718
      TTA Epoch: [29] Total time: 0:00:03 (0.0592 s / it)
     Averaged stats: entropy: 0.1444  uncertainty: 1.4645  uncertainty_coeffi: 0.0100  loss: 0.1039  lr: 0.0000
     itm tta time 0:00:03
     Computing matching score
      Evaluation: [   0/1978]  eta: 0:01:35    time: 0.0483  data: 0.0033  max mem: 2718
      Evaluation: [ 100/1978]  eta: 0:01:19    time: 0.0424  data: 0.0000  max mem: 2718
      Evaluation: [ 200/1978]  eta: 0:01:14    time: 0.0419  data: 0.0000  max mem: 2718
      Evaluation: [ 300/1978]  eta: 0:01:10    time: 0.0420  data: 0.0000  max mem: 2718
      Evaluation: [ 400/1978]  eta: 0:01:06    time: 0.0418  data: 0.0000  max mem: 2718
      Evaluation: [ 500/1978]  eta: 0:01:01    time: 0.0418  data: 0.0000  max mem: 2718
      Evaluation: [ 600/1978]  eta: 0:00:57    time: 0.0425  data: 0.0000  max mem: 2718
      Evaluation: [ 700/1978]  eta: 0:00:53    time: 0.0420  data: 0.0000  max mem: 2718
      Evaluation: [ 800/1978]  eta: 0:00:49    time: 0.0419  data: 0.0000  max mem: 2718
      Evaluation: [ 900/1978]  eta: 0:00:45    time: 0.0423  data: 0.0000  max mem: 2718
      Evaluation: [1000/1978]  eta: 0:00:41    time: 0.0419  data: 0.0000  max mem: 2718
      Evaluation: [1100/1978]  eta: 0:00:36    time: 0.0419  data: 0.0000  max mem: 2718
      Evaluation: [1200/1978]  eta: 0:00:32    time: 0.0420  data: 0.0000  max mem: 2718
      Evaluation: [1300/1978]  eta: 0:00:28    time: 0.0419  data: 0.0000  max mem: 2718
      Evaluation: [1400/1978]  eta: 0:00:24    time: 0.0418  data: 0.0000  max mem: 2718
      Evaluation: [1500/1978]  eta: 0:00:20    time: 0.0420  data: 0.0000  max mem: 2718
      Evaluation: [1600/1978]  eta: 0:00:15    time: 0.0419  data: 0.0000  max mem: 2718
      Evaluation: [1700/1978]  eta: 0:00:11    time: 0.0418  data: 0.0000  max mem: 2718
      Evaluation: [1800/1978]  eta: 0:00:07    time: 0.0419  data: 0.0000  max mem: 2718
      Evaluation: [1900/1978]  eta: 0:00:03    time: 0.0419  data: 0.0000  max mem: 2718
      Evaluation: [1977/1978]  eta: 0:00:00    time: 0.0418  data: 0.0000  max mem: 2718
      Evaluation: Total time: 0:01:23 (0.0420 s / it)
     Computing matching score time 0:01:23
### TTA ITM Score: 
+-------------------+--------+--------+--------+--------+--------+
|       epoch       |   R1   |   R5   |  R10   |  mAP   |  mINP  |
+-------------------+--------+--------+--------+--------+--------+
|  cos_sim_wo/norm  | 58.544 | 91.860 | 95.703 | 73.596 | 73.596 |
|        -999       | 69.414 | 95.197 | 97.776 | 81.233 | 81.233 |
| itm_score_wo/norm | 84.328 | 98.989 | 99.494 | 91.293 | 91.293 |
|        -999       | 84.277 | 99.039 | 99.596 | 91.276 | 91.276 |
|         0         | 84.277 | 99.039 | 99.596 | 91.276 | 91.276 |
|         1         | 84.580 | 99.039 | 99.596 | 91.422 | 91.422 |
|         2         | 84.681 | 98.989 | 99.596 | 91.454 | 91.454 |
|         4         | 84.833 | 98.888 | 99.545 | 91.506 | 91.506 |
|         9         | 84.631 | 98.686 | 99.343 | 91.313 | 91.313 |
|         14        | 84.530 | 98.635 | 99.191 | 91.228 | 91.228 |
|         19        | 84.580 | 98.584 | 99.292 | 91.249 | 91.249 |
|         29        | 84.732 | 98.686 | 99.292 | 91.375 | 91.375 |
+-------------------+--------+--------+--------+--------+--------+
     logs:  {'epo': 29, 'R1': 84.732, 'R5': 98.686, 'R10': 99.292, 'mAP': 91.375, 'mINP': 91.375, 'entropy': 0.144381, 'uncertainty': 1.4645, 'uncertainty_coeffi': 0.01, 'loss': 0.103913, 'lr': 3e-05}
      TTA Epoch: [30] [ 0/61]  eta: 0:00:30  entropy: 0.2012  uncertainty: 1.4967  uncertainty_coeffi: 0.0100  loss: 0.1371  lr: 0.000029  time: 0.5044  data: 0.4308  max mem: 2718
      TTA Epoch: [30] [60/61]  eta: 0:00:00  entropy: 0.1620  uncertainty: 1.5109  uncertainty_coeffi: 0.0100  loss: 0.1066  lr: 0.000028  time: 0.0410  data: 0.0019  max mem: 2718
      TTA Epoch: [30] Total time: 0:00:03 (0.0586 s / it)
     Averaged stats: entropy: 0.1414  uncertainty: 1.4644  uncertainty_coeffi: 0.0100  loss: 0.1019  lr: 0.0000
     itm tta time 0:00:03
      TTA Epoch: [31] [ 0/61]  eta: 0:00:32  entropy: 0.1159  uncertainty: 1.3591  uncertainty_coeffi: 0.0100  loss: 0.1024  lr: 0.000028  time: 0.5264  data: 0.4596  max mem: 2718
      TTA Epoch: [31] [60/61]  eta: 0:00:00  entropy: 0.2024  uncertainty: 1.5083  uncertainty_coeffi: 0.0100  loss: 0.1390  lr: 0.000027  time: 0.0415  data: 0.0020  max mem: 2718
      TTA Epoch: [31] Total time: 0:00:03 (0.0583 s / it)
     Averaged stats: entropy: 0.1432  uncertainty: 1.4647  uncertainty_coeffi: 0.0100  loss: 0.1034  lr: 0.0000
     itm tta time 0:00:03
      TTA Epoch: [32] [ 0/61]  eta: 0:00:29  entropy: 0.0872  uncertainty: 1.5047  uncertainty_coeffi: 0.0100  loss: 0.0675  lr: 0.000027  time: 0.4881  data: 0.3799  max mem: 2718
      TTA Epoch: [32] [60/61]  eta: 0:00:00  entropy: 0.1594  uncertainty: 1.4927  uncertainty_coeffi: 0.0100  loss: 0.1152  lr: 0.000013  time: 0.0430  data: 0.0006  max mem: 2718
      TTA Epoch: [32] Total time: 0:00:03 (0.0585 s / it)
     Averaged stats: entropy: 0.1387  uncertainty: 1.4648  uncertainty_coeffi: 0.0100  loss: 0.1005  lr: 0.0000
     itm tta time 0:00:03
      TTA Epoch: [33] [ 0/61]  eta: 0:00:28  entropy: 0.0962  uncertainty: 1.3711  uncertainty_coeffi: 0.0100  loss: 0.0766  lr: 0.000013  time: 0.4721  data: 0.3078  max mem: 2718
      TTA Epoch: [33] [60/61]  eta: 0:00:00  entropy: 0.1432  uncertainty: 1.4407  uncertainty_coeffi: 0.0100  loss: 0.1041  lr: 0.000013  time: 0.0436  data: 0.0025  max mem: 2718
      TTA Epoch: [33] Total time: 0:00:03 (0.0587 s / it)
     Averaged stats: entropy: 0.1370  uncertainty: 1.4657  uncertainty_coeffi: 0.0100  loss: 0.1001  lr: 0.0000
     itm tta time 0:00:03
      TTA Epoch: [34] [ 0/61]  eta: 0:00:30  entropy: 0.0942  uncertainty: 1.4101  uncertainty_coeffi: 0.0100  loss: 0.0752  lr: 0.000013  time: 0.5072  data: 0.4196  max mem: 2718
      TTA Epoch: [34] [60/61]  eta: 0:00:00  entropy: 0.0809  uncertainty: 1.4704  uncertainty_coeffi: 0.0100  loss: 0.0626  lr: 0.000012  time: 0.0422  data: 0.0037  max mem: 2718
      TTA Epoch: [34] Total time: 0:00:03 (0.0588 s / it)
     Averaged stats: entropy: 0.1357  uncertainty: 1.4649  uncertainty_coeffi: 0.0100  loss: 0.0988  lr: 0.0000
     itm tta time 0:00:03
      TTA Epoch: [35] [ 0/61]  eta: 0:00:29  entropy: 0.1050  uncertainty: 1.5875  uncertainty_coeffi: 0.0100  loss: 0.0736  lr: 0.000012  time: 0.4872  data: 0.3730  max mem: 2718
      TTA Epoch: [35] [60/61]  eta: 0:00:00  entropy: 0.1455  uncertainty: 1.5243  uncertainty_coeffi: 0.0100  loss: 0.0927  lr: 0.000012  time: 0.0417  data: 0.0038  max mem: 2718
      TTA Epoch: [35] Total time: 0:00:03 (0.0588 s / it)
     Averaged stats: entropy: 0.1352  uncertainty: 1.4653  uncertainty_coeffi: 0.0100  loss: 0.0981  lr: 0.0000
     itm tta time 0:00:03
      TTA Epoch: [36] [ 0/61]  eta: 0:00:33  entropy: 0.1644  uncertainty: 1.5082  uncertainty_coeffi: 0.0100  loss: 0.1199  lr: 0.000012  time: 0.5520  data: 0.4578  max mem: 2718
      TTA Epoch: [36] [60/61]  eta: 0:00:00  entropy: 0.1550  uncertainty: 1.4250  uncertainty_coeffi: 0.0100  loss: 0.1126  lr: 0.000011  time: 0.0437  data: 0.0016  max mem: 2718
      TTA Epoch: [36] Total time: 0:00:03 (0.0586 s / it)
     Averaged stats: entropy: 0.1367  uncertainty: 1.4643  uncertainty_coeffi: 0.0100  loss: 0.0996  lr: 0.0000
     itm tta time 0:00:03
      TTA Epoch: [37] [ 0/61]  eta: 0:00:30  entropy: 0.1782  uncertainty: 1.3261  uncertainty_coeffi: 0.0100  loss: 0.1359  lr: 0.000011  time: 0.5055  data: 0.3913  max mem: 2718
      TTA Epoch: [37] [60/61]  eta: 0:00:00  entropy: 0.1959  uncertainty: 1.5387  uncertainty_coeffi: 0.0100  loss: 0.1421  lr: 0.000011  time: 0.0428  data: 0.0022  max mem: 2718
      TTA Epoch: [37] Total time: 0:00:03 (0.0588 s / it)
     Averaged stats: entropy: 0.1316  uncertainty: 1.4643  uncertainty_coeffi: 0.0100  loss: 0.0962  lr: 0.0000
     itm tta time 0:00:03
      TTA Epoch: [38] [ 0/61]  eta: 0:00:30  entropy: 0.1801  uncertainty: 1.5675  uncertainty_coeffi: 0.0100  loss: 0.1093  lr: 0.000011  time: 0.4939  data: 0.4157  max mem: 2718
      TTA Epoch: [38] [60/61]  eta: 0:00:00  entropy: 0.0824  uncertainty: 1.4719  uncertainty_coeffi: 0.0100  loss: 0.0685  lr: 0.000010  time: 0.0417  data: 0.0027  max mem: 2718
      TTA Epoch: [38] Total time: 0:00:03 (0.0584 s / it)
     Averaged stats: entropy: 0.1322  uncertainty: 1.4639  uncertainty_coeffi: 0.0100  loss: 0.0965  lr: 0.0000
     itm tta time 0:00:03
      TTA Epoch: [39] [ 0/61]  eta: 0:00:32  entropy: 0.1730  uncertainty: 1.5438  uncertainty_coeffi: 0.0100  loss: 0.1176  lr: 0.000010  time: 0.5265  data: 0.4546  max mem: 2718
      TTA Epoch: [39] [60/61]  eta: 0:00:00  entropy: 0.1781  uncertainty: 1.5169  uncertainty_coeffi: 0.0100  loss: 0.1190  lr: 0.000010  time: 0.0422  data: 0.0009  max mem: 2718
      TTA Epoch: [39] Total time: 0:00:03 (0.0589 s / it)
     Averaged stats: entropy: 0.1399  uncertainty: 1.4648  uncertainty_coeffi: 0.0100  loss: 0.1009  lr: 0.0000
     itm tta time 0:00:03
     Computing matching score
      Evaluation: [   0/1978]  eta: 0:01:33    time: 0.0474  data: 0.0032  max mem: 2718
      Evaluation: [ 100/1978]  eta: 0:01:19    time: 0.0419  data: 0.0000  max mem: 2718
      Evaluation: [ 200/1978]  eta: 0:01:15    time: 0.0421  data: 0.0000  max mem: 2718
      Evaluation: [ 300/1978]  eta: 0:01:10    time: 0.0419  data: 0.0000  max mem: 2718
      Evaluation: [ 400/1978]  eta: 0:01:06    time: 0.0429  data: 0.0000  max mem: 2718
      Evaluation: [ 500/1978]  eta: 0:01:02    time: 0.0431  data: 0.0000  max mem: 2718
      Evaluation: [ 600/1978]  eta: 0:00:58    time: 0.0420  data: 0.0000  max mem: 2718
      Evaluation: [ 700/1978]  eta: 0:00:53    time: 0.0426  data: 0.0000  max mem: 2718
      Evaluation: [ 800/1978]  eta: 0:00:49    time: 0.0427  data: 0.0000  max mem: 2718
      Evaluation: [ 900/1978]  eta: 0:00:45    time: 0.0421  data: 0.0000  max mem: 2718
      Evaluation: [1000/1978]  eta: 0:00:41    time: 0.0425  data: 0.0000  max mem: 2718
      Evaluation: [1100/1978]  eta: 0:00:37    time: 0.0424  data: 0.0000  max mem: 2718
      Evaluation: [1200/1978]  eta: 0:00:32    time: 0.0420  data: 0.0000  max mem: 2718
      Evaluation: [1300/1978]  eta: 0:00:28    time: 0.0420  data: 0.0000  max mem: 2718
      Evaluation: [1400/1978]  eta: 0:00:24    time: 0.0420  data: 0.0000  max mem: 2718
      Evaluation: [1500/1978]  eta: 0:00:20    time: 0.0421  data: 0.0000  max mem: 2718
      Evaluation: [1600/1978]  eta: 0:00:15    time: 0.0428  data: 0.0000  max mem: 2718
      Evaluation: [1700/1978]  eta: 0:00:11    time: 0.0424  data: 0.0000  max mem: 2718
      Evaluation: [1800/1978]  eta: 0:00:07    time: 0.0428  data: 0.0000  max mem: 2718
      Evaluation: [1900/1978]  eta: 0:00:03    time: 0.0428  data: 0.0000  max mem: 2718
      Evaluation: [1977/1978]  eta: 0:00:00    time: 0.0421  data: 0.0000  max mem: 2718
      Evaluation: Total time: 0:01:23 (0.0423 s / it)
     Computing matching score time 0:01:23
### TTA ITM Score: 
+-------------------+--------+--------+--------+--------+--------+
|       epoch       |   R1   |   R5   |  R10   |  mAP   |  mINP  |
+-------------------+--------+--------+--------+--------+--------+
|  cos_sim_wo/norm  | 58.544 | 91.860 | 95.703 | 73.596 | 73.596 |
|        -999       | 69.414 | 95.197 | 97.776 | 81.233 | 81.233 |
| itm_score_wo/norm | 84.328 | 98.989 | 99.494 | 91.293 | 91.293 |
|        -999       | 84.277 | 99.039 | 99.596 | 91.276 | 91.276 |
|         0         | 84.277 | 99.039 | 99.596 | 91.276 | 91.276 |
|         1         | 84.580 | 99.039 | 99.596 | 91.422 | 91.422 |
|         2         | 84.681 | 98.989 | 99.596 | 91.454 | 91.454 |
|         4         | 84.833 | 98.888 | 99.545 | 91.506 | 91.506 |
|         9         | 84.631 | 98.686 | 99.343 | 91.313 | 91.313 |
|         14        | 84.530 | 98.635 | 99.191 | 91.228 | 91.228 |
|         19        | 84.580 | 98.584 | 99.292 | 91.249 | 91.249 |
|         29        | 84.732 | 98.686 | 99.292 | 91.375 | 91.375 |
|         39        | 84.631 | 98.686 | 99.242 | 91.324 | 91.324 |
+-------------------+--------+--------+--------+--------+--------+
     logs:  {'epo': 39, 'R1': 84.631, 'R5': 98.686, 'R10': 99.242, 'mAP': 91.324, 'mINP': 91.324, 'entropy': 0.13992, 'uncertainty': 1.464793, 'uncertainty_coeffi': 0.01, 'loss': 0.100911, 'lr': 1e-05}
      TTA Epoch: [40] [ 0/61]  eta: 0:00:33  entropy: 0.2259  uncertainty: 1.4706  uncertainty_coeffi: 0.0100  loss: 0.1377  lr: 0.000010  time: 0.5452  data: 0.4745  max mem: 2718
      TTA Epoch: [40] [60/61]  eta: 0:00:00  entropy: 0.1678  uncertainty: 1.5540  uncertainty_coeffi: 0.0100  loss: 0.1073  lr: 0.000009  time: 0.0428  data: 0.0020  max mem: 2718
      TTA Epoch: [40] Total time: 0:00:03 (0.0586 s / it)
     Averaged stats: entropy: 0.1302  uncertainty: 1.4648  uncertainty_coeffi: 0.0100  loss: 0.0958  lr: 0.0000
     itm tta time 0:00:03
      TTA Epoch: [41] [ 0/61]  eta: 0:00:30  entropy: 0.1684  uncertainty: 1.5121  uncertainty_coeffi: 0.0100  loss: 0.1172  lr: 0.000009  time: 0.4947  data: 0.3759  max mem: 2718
      TTA Epoch: [41] [60/61]  eta: 0:00:00  entropy: 0.1463  uncertainty: 1.4578  uncertainty_coeffi: 0.0100  loss: 0.1020  lr: 0.000009  time: 0.0432  data: 0.0024  max mem: 2718
      TTA Epoch: [41] Total time: 0:00:03 (0.0586 s / it)
     Averaged stats: entropy: 0.1346  uncertainty: 1.4655  uncertainty_coeffi: 0.0100  loss: 0.0980  lr: 0.0000
     itm tta time 0:00:03
      TTA Epoch: [42] [ 0/61]  eta: 0:00:31  entropy: 0.1252  uncertainty: 1.5178  uncertainty_coeffi: 0.0100  loss: 0.0876  lr: 0.000009  time: 0.5129  data: 0.4419  max mem: 2718
      TTA Epoch: [42] [60/61]  eta: 0:00:00  entropy: 0.1058  uncertainty: 1.4369  uncertainty_coeffi: 0.0100  loss: 0.0811  lr: 0.000009  time: 0.0429  data: 0.0032  max mem: 2718
      TTA Epoch: [42] Total time: 0:00:03 (0.0584 s / it)
     Averaged stats: entropy: 0.1341  uncertainty: 1.4650  uncertainty_coeffi: 0.0100  loss: 0.0978  lr: 0.0000
     itm tta time 0:00:03
      TTA Epoch: [43] [ 0/61]  eta: 0:00:29  entropy: 0.0857  uncertainty: 1.5021  uncertainty_coeffi: 0.0100  loss: 0.0718  lr: 0.000009  time: 0.4906  data: 0.3828  max mem: 2718
      TTA Epoch: [43] [60/61]  eta: 0:00:00  entropy: 0.1028  uncertainty: 1.4280  uncertainty_coeffi: 0.0100  loss: 0.0842  lr: 0.000008  time: 0.0436  data: 0.0034  max mem: 2718
      TTA Epoch: [43] Total time: 0:00:03 (0.0584 s / it)
     Averaged stats: entropy: 0.1349  uncertainty: 1.4649  uncertainty_coeffi: 0.0100  loss: 0.0985  lr: 0.0000
     itm tta time 0:00:03
      TTA Epoch: [44] [ 0/61]  eta: 0:00:29  entropy: 0.1126  uncertainty: 1.3869  uncertainty_coeffi: 0.0100  loss: 0.0844  lr: 0.000008  time: 0.4874  data: 0.4102  max mem: 2718
      TTA Epoch: [44] [60/61]  eta: 0:00:00  entropy: 0.1439  uncertainty: 1.4586  uncertainty_coeffi: 0.0100  loss: 0.1024  lr: 0.000008  time: 0.0420  data: 0.0022  max mem: 2718
      TTA Epoch: [44] Total time: 0:00:03 (0.0585 s / it)
     Averaged stats: entropy: 0.1316  uncertainty: 1.4654  uncertainty_coeffi: 0.0100  loss: 0.0957  lr: 0.0000
     itm tta time 0:00:03
      TTA Epoch: [45] [ 0/61]  eta: 0:00:26  entropy: 0.0980  uncertainty: 1.2850  uncertainty_coeffi: 0.0100  loss: 0.0814  lr: 0.000008  time: 0.4349  data: 0.3108  max mem: 2718
      TTA Epoch: [45] [60/61]  eta: 0:00:00  entropy: 0.1221  uncertainty: 1.4535  uncertainty_coeffi: 0.0100  loss: 0.0927  lr: 0.000007  time: 0.0430  data: 0.0039  max mem: 2718
      TTA Epoch: [45] Total time: 0:00:03 (0.0586 s / it)
     Averaged stats: entropy: 0.1314  uncertainty: 1.4649  uncertainty_coeffi: 0.0100  loss: 0.0959  lr: 0.0000
     itm tta time 0:00:03
      TTA Epoch: [46] [ 0/61]  eta: 0:00:31  entropy: 0.1180  uncertainty: 1.4997  uncertainty_coeffi: 0.0100  loss: 0.0796  lr: 0.000007  time: 0.5177  data: 0.4441  max mem: 2718
      TTA Epoch: [46] [60/61]  eta: 0:00:00  entropy: 0.1605  uncertainty: 1.3665  uncertainty_coeffi: 0.0100  loss: 0.1153  lr: 0.000007  time: 0.0423  data: 0.0035  max mem: 2718
      TTA Epoch: [46] Total time: 0:00:03 (0.0588 s / it)
     Averaged stats: entropy: 0.1304  uncertainty: 1.4652  uncertainty_coeffi: 0.0100  loss: 0.0949  lr: 0.0000
     itm tta time 0:00:03
      TTA Epoch: [47] [ 0/61]  eta: 0:00:30  entropy: 0.1032  uncertainty: 1.5119  uncertainty_coeffi: 0.0100  loss: 0.0861  lr: 0.000007  time: 0.5021  data: 0.3719  max mem: 2718
      TTA Epoch: [47] [60/61]  eta: 0:00:00  entropy: 0.0975  uncertainty: 1.3842  uncertainty_coeffi: 0.0100  loss: 0.0870  lr: 0.000006  time: 0.0424  data: 0.0031  max mem: 2718
      TTA Epoch: [47] Total time: 0:00:03 (0.0587 s / it)
     Averaged stats: entropy: 0.1286  uncertainty: 1.4650  uncertainty_coeffi: 0.0100  loss: 0.0937  lr: 0.0000
     itm tta time 0:00:03
      TTA Epoch: [48] [ 0/61]  eta: 0:00:28  entropy: 0.0879  uncertainty: 1.3359  uncertainty_coeffi: 0.0100  loss: 0.0729  lr: 0.000006  time: 0.4639  data: 0.3248  max mem: 2718
      TTA Epoch: [48] [60/61]  eta: 0:00:00  entropy: 0.1512  uncertainty: 1.5359  uncertainty_coeffi: 0.0100  loss: 0.1214  lr: 0.000006  time: 0.0431  data: 0.0045  max mem: 2718
      TTA Epoch: [48] Total time: 0:00:03 (0.0586 s / it)
     Averaged stats: entropy: 0.1291  uncertainty: 1.4635  uncertainty_coeffi: 0.0100  loss: 0.0947  lr: 0.0000
     itm tta time 0:00:03
      TTA Epoch: [49] [ 0/61]  eta: 0:00:29  entropy: 0.1075  uncertainty: 1.4669  uncertainty_coeffi: 0.0100  loss: 0.0853  lr: 0.000006  time: 0.4845  data: 0.3627  max mem: 2718
      TTA Epoch: [49] [60/61]  eta: 0:00:00  entropy: 0.1681  uncertainty: 1.5087  uncertainty_coeffi: 0.0100  loss: 0.1175  lr: 0.000005  time: 0.0442  data: 0.0028  max mem: 2718
      TTA Epoch: [49] Total time: 0:00:03 (0.0588 s / it)
     Averaged stats: entropy: 0.1243  uncertainty: 1.4640  uncertainty_coeffi: 0.0100  loss: 0.0911  lr: 0.0000
     itm tta time 0:00:03
     Computing matching score
      Evaluation: [   0/1978]  eta: 0:01:38    time: 0.0500  data: 0.0033  max mem: 2718
      Evaluation: [ 100/1978]  eta: 0:01:20    time: 0.0435  data: 0.0000  max mem: 2718
      Evaluation: [ 200/1978]  eta: 0:01:15    time: 0.0425  data: 0.0000  max mem: 2718
      Evaluation: [ 300/1978]  eta: 0:01:11    time: 0.0428  data: 0.0000  max mem: 2718
      Evaluation: [ 400/1978]  eta: 0:01:07    time: 0.0434  data: 0.0000  max mem: 2718
      Evaluation: [ 500/1978]  eta: 0:01:02    time: 0.0419  data: 0.0000  max mem: 2718
      Evaluation: [ 600/1978]  eta: 0:00:58    time: 0.0428  data: 0.0000  max mem: 2718
      Evaluation: [ 700/1978]  eta: 0:00:54    time: 0.0424  data: 0.0000  max mem: 2718
      Evaluation: [ 800/1978]  eta: 0:00:50    time: 0.0437  data: 0.0000  max mem: 2718
      Evaluation: [ 900/1978]  eta: 0:00:45    time: 0.0423  data: 0.0000  max mem: 2718
      Evaluation: [1000/1978]  eta: 0:00:41    time: 0.0420  data: 0.0000  max mem: 2718
      Evaluation: [1100/1978]  eta: 0:00:37    time: 0.0426  data: 0.0000  max mem: 2718
      Evaluation: [1200/1978]  eta: 0:00:33    time: 0.0425  data: 0.0000  max mem: 2718
      Evaluation: [1300/1978]  eta: 0:00:28    time: 0.0419  data: 0.0000  max mem: 2718
      Evaluation: [1400/1978]  eta: 0:00:24    time: 0.0430  data: 0.0000  max mem: 2718
      Evaluation: [1500/1978]  eta: 0:00:20    time: 0.0420  data: 0.0000  max mem: 2718
      Evaluation: [1600/1978]  eta: 0:00:16    time: 0.0434  data: 0.0000  max mem: 2718
      Evaluation: [1700/1978]  eta: 0:00:11    time: 0.0429  data: 0.0000  max mem: 2718
      Evaluation: [1800/1978]  eta: 0:00:07    time: 0.0428  data: 0.0000  max mem: 2718
      Evaluation: [1900/1978]  eta: 0:00:03    time: 0.0420  data: 0.0000  max mem: 2718
      Evaluation: [1977/1978]  eta: 0:00:00    time: 0.0424  data: 0.0000  max mem: 2718
      Evaluation: Total time: 0:01:24 (0.0427 s / it)
     Computing matching score time 0:01:24
### TTA ITM Score: 
+-------------------+--------+--------+--------+--------+--------+
|       epoch       |   R1   |   R5   |  R10   |  mAP   |  mINP  |
+-------------------+--------+--------+--------+--------+--------+
|  cos_sim_wo/norm  | 58.544 | 91.860 | 95.703 | 73.596 | 73.596 |
|        -999       | 69.414 | 95.197 | 97.776 | 81.233 | 81.233 |
| itm_score_wo/norm | 84.328 | 98.989 | 99.494 | 91.293 | 91.293 |
|        -999       | 84.277 | 99.039 | 99.596 | 91.276 | 91.276 |
|         0         | 84.277 | 99.039 | 99.596 | 91.276 | 91.276 |
|         1         | 84.580 | 99.039 | 99.596 | 91.422 | 91.422 |
|         2         | 84.681 | 98.989 | 99.596 | 91.454 | 91.454 |
|         4         | 84.833 | 98.888 | 99.545 | 91.506 | 91.506 |
|         9         | 84.631 | 98.686 | 99.343 | 91.313 | 91.313 |
|         14        | 84.530 | 98.635 | 99.191 | 91.228 | 91.228 |
|         19        | 84.580 | 98.584 | 99.292 | 91.249 | 91.249 |
|         29        | 84.732 | 98.686 | 99.292 | 91.375 | 91.375 |
|         39        | 84.631 | 98.686 | 99.242 | 91.324 | 91.324 |
|         49        | 84.681 | 98.736 | 99.292 | 91.345 | 91.345 |
+-------------------+--------+--------+--------+--------+--------+
     logs:  {'epo': 49, 'R1': 84.681, 'R5': 98.736, 'R10': 99.292, 'mAP': 91.345, 'mINP': 91.345, 'entropy': 0.124331, 'uncertainty': 1.463968, 'uncertainty_coeffi': 0.01, 'loss': 0.0911, 'lr': 5e-06}
      TTA Epoch: [50] [ 0/61]  eta: 0:00:32  entropy: 0.1230  uncertainty: 1.4058  uncertainty_coeffi: 0.0100  loss: 0.0956  lr: 0.000005  time: 0.5328  data: 0.4251  max mem: 2718
      TTA Epoch: [50] [60/61]  eta: 0:00:00  entropy: 0.0729  uncertainty: 1.3757  uncertainty_coeffi: 0.0100  loss: 0.0587  lr: 0.000005  time: 0.0433  data: 0.0010  max mem: 2718
      TTA Epoch: [50] Total time: 0:00:03 (0.0589 s / it)
     Averaged stats: entropy: 0.1337  uncertainty: 1.4654  uncertainty_coeffi: 0.0100  loss: 0.0973  lr: 0.0000
     itm tta time 0:00:03
      TTA Epoch: [51] [ 0/61]  eta: 0:00:23  entropy: 0.1780  uncertainty: 1.4506  uncertainty_coeffi: 0.0100  loss: 0.1132  lr: 0.000005  time: 0.3879  data: 0.2756  max mem: 2718
      TTA Epoch: [51] [60/61]  eta: 0:00:00  entropy: 0.1192  uncertainty: 1.5167  uncertainty_coeffi: 0.0100  loss: 0.0932  lr: 0.000004  time: 0.0421  data: 0.0030  max mem: 2718
      TTA Epoch: [51] Total time: 0:00:03 (0.0585 s / it)
     Averaged stats: entropy: 0.1266  uncertainty: 1.4640  uncertainty_coeffi: 0.0100  loss: 0.0929  lr: 0.0000
     itm tta time 0:00:03
      TTA Epoch: [52] [ 0/61]  eta: 0:00:33  entropy: 0.1344  uncertainty: 1.4034  uncertainty_coeffi: 0.0100  loss: 0.1079  lr: 0.000004  time: 0.5422  data: 0.4394  max mem: 2718
      TTA Epoch: [52] [60/61]  eta: 0:00:00  entropy: 0.0954  uncertainty: 1.3867  uncertainty_coeffi: 0.0100  loss: 0.0802  lr: 0.000004  time: 0.0417  data: 0.0009  max mem: 2718
      TTA Epoch: [52] Total time: 0:00:03 (0.0585 s / it)
     Averaged stats: entropy: 0.1315  uncertainty: 1.4651  uncertainty_coeffi: 0.0100  loss: 0.0964  lr: 0.0000
     itm tta time 0:00:03
      TTA Epoch: [53] [ 0/61]  eta: 0:00:23  entropy: 0.1798  uncertainty: 1.4560  uncertainty_coeffi: 0.0100  loss: 0.1362  lr: 0.000004  time: 0.3782  data: 0.2770  max mem: 2718
      TTA Epoch: [53] [60/61]  eta: 0:00:00  entropy: 0.1448  uncertainty: 1.5154  uncertainty_coeffi: 0.0100  loss: 0.1079  lr: 0.000003  time: 0.0430  data: 0.0013  max mem: 2718
      TTA Epoch: [53] Total time: 0:00:03 (0.0588 s / it)
     Averaged stats: entropy: 0.1272  uncertainty: 1.4653  uncertainty_coeffi: 0.0100  loss: 0.0933  lr: 0.0000
     itm tta time 0:00:03
      TTA Epoch: [54] [ 0/61]  eta: 0:00:30  entropy: 0.1252  uncertainty: 1.5082  uncertainty_coeffi: 0.0100  loss: 0.0904  lr: 0.000003  time: 0.4918  data: 0.3566  max mem: 2718
      TTA Epoch: [54] [60/61]  eta: 0:00:00  entropy: 0.0763  uncertainty: 1.4569  uncertainty_coeffi: 0.0100  loss: 0.0620  lr: 0.000003  time: 0.0419  data: 0.0027  max mem: 2718
      TTA Epoch: [54] Total time: 0:00:03 (0.0586 s / it)
     Averaged stats: entropy: 0.1242  uncertainty: 1.4641  uncertainty_coeffi: 0.0100  loss: 0.0912  lr: 0.0000
     itm tta time 0:00:03
      TTA Epoch: [55] [ 0/61]  eta: 0:00:24  entropy: 0.1105  uncertainty: 1.4542  uncertainty_coeffi: 0.0100  loss: 0.0853  lr: 0.000003  time: 0.4027  data: 0.2911  max mem: 2718
      TTA Epoch: [55] [60/61]  eta: 0:00:00  entropy: 0.0555  uncertainty: 1.4818  uncertainty_coeffi: 0.0100  loss: 0.0476  lr: 0.000002  time: 0.0432  data: 0.0016  max mem: 2718
      TTA Epoch: [55] Total time: 0:00:03 (0.0586 s / it)
     Averaged stats: entropy: 0.1306  uncertainty: 1.4647  uncertainty_coeffi: 0.0100  loss: 0.0951  lr: 0.0000
     itm tta time 0:00:03
      TTA Epoch: [56] [ 0/61]  eta: 0:00:28  entropy: 0.1250  uncertainty: 1.5218  uncertainty_coeffi: 0.0100  loss: 0.0927  lr: 0.000002  time: 0.4599  data: 0.3312  max mem: 2718
      TTA Epoch: [56] [60/61]  eta: 0:00:00  entropy: 0.1768  uncertainty: 1.6214  uncertainty_coeffi: 0.0100  loss: 0.1207  lr: 0.000002  time: 0.0419  data: 0.0056  max mem: 2718
      TTA Epoch: [56] Total time: 0:00:03 (0.0585 s / it)
     Averaged stats: entropy: 0.1334  uncertainty: 1.4642  uncertainty_coeffi: 0.0100  loss: 0.0969  lr: 0.0000
     itm tta time 0:00:03
      TTA Epoch: [57] [ 0/61]  eta: 0:00:30  entropy: 0.1769  uncertainty: 1.4387  uncertainty_coeffi: 0.0100  loss: 0.1230  lr: 0.000002  time: 0.4965  data: 0.3604  max mem: 2718
      TTA Epoch: [57] [60/61]  eta: 0:00:00  entropy: 0.2030  uncertainty: 1.6270  uncertainty_coeffi: 0.0100  loss: 0.1392  lr: 0.000001  time: 0.0435  data: 0.0023  max mem: 2718
      TTA Epoch: [57] Total time: 0:00:03 (0.0586 s / it)
     Averaged stats: entropy: 0.1243  uncertainty: 1.4650  uncertainty_coeffi: 0.0100  loss: 0.0916  lr: 0.0000
     itm tta time 0:00:03
      TTA Epoch: [58] [ 0/61]  eta: 0:00:29  entropy: 0.0574  uncertainty: 1.3420  uncertainty_coeffi: 0.0100  loss: 0.0490  lr: 0.000001  time: 0.4802  data: 0.3644  max mem: 2718
      TTA Epoch: [58] [60/61]  eta: 0:00:00  entropy: 0.0834  uncertainty: 1.4451  uncertainty_coeffi: 0.0100  loss: 0.0678  lr: 0.000000  time: 0.0435  data: 0.0039  max mem: 2718
      TTA Epoch: [58] Total time: 0:00:03 (0.0588 s / it)
     Averaged stats: entropy: 0.1303  uncertainty: 1.4637  uncertainty_coeffi: 0.0100  loss: 0.0948  lr: 0.0000
     itm tta time 0:00:03
      TTA Epoch: [59] [ 0/61]  eta: 0:00:31  entropy: 0.2056  uncertainty: 1.4246  uncertainty_coeffi: 0.0100  loss: 0.1341  lr: 0.000000  time: 0.5220  data: 0.4443  max mem: 2718
      TTA Epoch: [59] [60/61]  eta: 0:00:00  entropy: 0.0886  uncertainty: 1.5220  uncertainty_coeffi: 0.0100  loss: 0.0743  lr: 0.000000  time: 0.0420  data: 0.0029  max mem: 2718
      TTA Epoch: [59] Total time: 0:00:03 (0.0587 s / it)
     Averaged stats: entropy: 0.1283  uncertainty: 1.4647  uncertainty_coeffi: 0.0100  loss: 0.0935  lr: 0.0000
     itm tta time 0:00:03
     Computing matching score
      Evaluation: [   0/1978]  eta: 0:01:35    time: 0.0483  data: 0.0033  max mem: 2718
      Evaluation: [ 100/1978]  eta: 0:01:19    time: 0.0419  data: 0.0000  max mem: 2718
      Evaluation: [ 200/1978]  eta: 0:01:15    time: 0.0419  data: 0.0000  max mem: 2718
      Evaluation: [ 300/1978]  eta: 0:01:10    time: 0.0420  data: 0.0000  max mem: 2718
      Evaluation: [ 400/1978]  eta: 0:01:06    time: 0.0421  data: 0.0000  max mem: 2718
      Evaluation: [ 500/1978]  eta: 0:01:02    time: 0.0420  data: 0.0000  max mem: 2718
      Evaluation: [ 600/1978]  eta: 0:00:58    time: 0.0421  data: 0.0000  max mem: 2718
      Evaluation: [ 700/1978]  eta: 0:00:53    time: 0.0420  data: 0.0000  max mem: 2718
      Evaluation: [ 800/1978]  eta: 0:00:49    time: 0.0423  data: 0.0000  max mem: 2718
      Evaluation: [ 900/1978]  eta: 0:00:45    time: 0.0421  data: 0.0000  max mem: 2718
      Evaluation: [1000/1978]  eta: 0:00:41    time: 0.0422  data: 0.0000  max mem: 2718
      Evaluation: [1100/1978]  eta: 0:00:37    time: 0.0421  data: 0.0000  max mem: 2718
      Evaluation: [1200/1978]  eta: 0:00:32    time: 0.0426  data: 0.0000  max mem: 2718
      Evaluation: [1300/1978]  eta: 0:00:28    time: 0.0423  data: 0.0000  max mem: 2718
      Evaluation: [1400/1978]  eta: 0:00:24    time: 0.0424  data: 0.0000  max mem: 2718
      Evaluation: [1500/1978]  eta: 0:00:20    time: 0.0421  data: 0.0000  max mem: 2718
      Evaluation: [1600/1978]  eta: 0:00:15    time: 0.0429  data: 0.0000  max mem: 2718
      Evaluation: [1700/1978]  eta: 0:00:11    time: 0.0424  data: 0.0000  max mem: 2718
      Evaluation: [1800/1978]  eta: 0:00:07    time: 0.0422  data: 0.0000  max mem: 2718
      Evaluation: [1900/1978]  eta: 0:00:03    time: 0.0425  data: 0.0000  max mem: 2718
      Evaluation: [1977/1978]  eta: 0:00:00    time: 0.0429  data: 0.0000  max mem: 2718
      Evaluation: Total time: 0:01:23 (0.0423 s / it)
     Computing matching score time 0:01:23
### TTA ITM Score: 
+-------------------+--------+--------+--------+--------+--------+
|       epoch       |   R1   |   R5   |  R10   |  mAP   |  mINP  |
+-------------------+--------+--------+--------+--------+--------+
|  cos_sim_wo/norm  | 58.544 | 91.860 | 95.703 | 73.596 | 73.596 |
|        -999       | 69.414 | 95.197 | 97.776 | 81.233 | 81.233 |
| itm_score_wo/norm | 84.328 | 98.989 | 99.494 | 91.293 | 91.293 |
|        -999       | 84.277 | 99.039 | 99.596 | 91.276 | 91.276 |
|         0         | 84.277 | 99.039 | 99.596 | 91.276 | 91.276 |
|         1         | 84.580 | 99.039 | 99.596 | 91.422 | 91.422 |
|         2         | 84.681 | 98.989 | 99.596 | 91.454 | 91.454 |
|         4         | 84.833 | 98.888 | 99.545 | 91.506 | 91.506 |
|         9         | 84.631 | 98.686 | 99.343 | 91.313 | 91.313 |
|         14        | 84.530 | 98.635 | 99.191 | 91.228 | 91.228 |
|         19        | 84.580 | 98.584 | 99.292 | 91.249 | 91.249 |
|         29        | 84.732 | 98.686 | 99.292 | 91.375 | 91.375 |
|         39        | 84.631 | 98.686 | 99.242 | 91.324 | 91.324 |
|         49        | 84.681 | 98.736 | 99.292 | 91.345 | 91.345 |
|         59        | 84.833 | 98.736 | 99.292 | 91.412 | 91.412 |
+-------------------+--------+--------+--------+--------+--------+
     logs:  {'epo': 59, 'R1': 84.833, 'R5': 98.736, 'R10': 99.292, 'mAP': 91.412, 'mINP': 91.412, 'entropy': 0.128277, 'uncertainty': 1.46471, 'uncertainty_coeffi': 0.01, 'loss': 0.093534, 'lr': 0.0}
### best epoch: 4
### Time 0:19:18
NNODES,  1
NODE_RANK,  0
MASTER_ADDR,  127.0.0.1
MASTER_PORT,  1612
NPROC_PER_NODE,  2
task:  exp5.1.3
config:  configs_rerun3/exp5.1.3.yaml
output_dir:  output_rerun3/exp5.1.3/2025091715450
python3 tta.py --config configs_rerun3/exp5.1.3.yaml --task exp5.1.3 --output_dir output_rerun3/exp5.1.3/2025091715450 --checkpoint checkpoint/cmp.pth --bs 0 --epo 0 --lr 0.0 --seed 42 --tta
