/home/jiahao/miniconda3/envs/cmp/lib/python3.10/site-packages/torch/functional.py:554: UserWarning: torch.meshgrid: in an upcoming release, it will be required to pass the indexing argument. (Triggered internally at /pytorch/aten/src/ATen/native/TensorShape.cpp:4322.)
  return _VF.meshgrid(tensors, **kwargs)  # type: ignore[attr-defined]
Not using distributed mode
### Hyper-parameters:
     seed: 42
     device: cuda
     output_dir: output_rerun3/exp5.1.1/2025092011485
     batch_size_tta: 32
     epochs: 60
     lr: 0.0005
### Creating test dataset
from data/PAB/annotation/test/attr.json loading 1978 data
     test dataset -->    be_pose_img: True
     test_dataset: 1978
### Creating test dataloader
### be careful: func create_loader returns a list length of 1
     test_loader: 90
### Creating model
build_vision_encoder: load swin 224 x 224 ====>
missing_keys:  []
unexpected_keys:  ['head.weight', 'head.bias']
build_text_encoder: load bert ====>
missing_keys: ['bert.encoder.layer.10.crossattention.output.LayerNorm.bias', 'bert.encoder.layer.10.crossattention.output.LayerNorm.weight', 'bert.encoder.layer.10.crossattention.output.dense.bias', 'bert.encoder.layer.10.crossattention.output.dense.weight', 'bert.encoder.layer.10.crossattention.self.key.bias', 'bert.encoder.layer.10.crossattention.self.key.weight', 'bert.encoder.layer.10.crossattention.self.query.bias', 'bert.encoder.layer.10.crossattention.self.query.weight', 'bert.encoder.layer.10.crossattention.self.value.bias', 'bert.encoder.layer.10.crossattention.self.value.weight', 'bert.encoder.layer.11.crossattention.output.LayerNorm.bias', 'bert.encoder.layer.11.crossattention.output.LayerNorm.weight', 'bert.encoder.layer.11.crossattention.output.dense.bias', 'bert.encoder.layer.11.crossattention.output.dense.weight', 'bert.encoder.layer.11.crossattention.self.key.bias', 'bert.encoder.layer.11.crossattention.self.key.weight', 'bert.encoder.layer.11.crossattention.self.query.bias', 'bert.encoder.layer.11.crossattention.self.query.weight', 'bert.encoder.layer.11.crossattention.self.value.bias', 'bert.encoder.layer.11.crossattention.self.value.weight', 'bert.encoder.layer.6.crossattention.output.LayerNorm.bias', 'bert.encoder.layer.6.crossattention.output.LayerNorm.weight', 'bert.encoder.layer.6.crossattention.output.dense.bias', 'bert.encoder.layer.6.crossattention.output.dense.weight', 'bert.encoder.layer.6.crossattention.self.key.bias', 'bert.encoder.layer.6.crossattention.self.key.weight', 'bert.encoder.layer.6.crossattention.self.query.bias', 'bert.encoder.layer.6.crossattention.self.query.weight', 'bert.encoder.layer.6.crossattention.self.value.bias', 'bert.encoder.layer.6.crossattention.self.value.weight', 'bert.encoder.layer.7.crossattention.output.LayerNorm.bias', 'bert.encoder.layer.7.crossattention.output.LayerNorm.weight', 'bert.encoder.layer.7.crossattention.output.dense.bias', 'bert.encoder.layer.7.crossattention.output.dense.weight', 'bert.encoder.layer.7.crossattention.self.key.bias', 'bert.encoder.layer.7.crossattention.self.key.weight', 'bert.encoder.layer.7.crossattention.self.query.bias', 'bert.encoder.layer.7.crossattention.self.query.weight', 'bert.encoder.layer.7.crossattention.self.value.bias', 'bert.encoder.layer.7.crossattention.self.value.weight', 'bert.encoder.layer.8.crossattention.output.LayerNorm.bias', 'bert.encoder.layer.8.crossattention.output.LayerNorm.weight', 'bert.encoder.layer.8.crossattention.output.dense.bias', 'bert.encoder.layer.8.crossattention.output.dense.weight', 'bert.encoder.layer.8.crossattention.self.key.bias', 'bert.encoder.layer.8.crossattention.self.key.weight', 'bert.encoder.layer.8.crossattention.self.query.bias', 'bert.encoder.layer.8.crossattention.self.query.weight', 'bert.encoder.layer.8.crossattention.self.value.bias', 'bert.encoder.layer.8.crossattention.self.value.weight', 'bert.encoder.layer.9.crossattention.output.LayerNorm.bias', 'bert.encoder.layer.9.crossattention.output.LayerNorm.weight', 'bert.encoder.layer.9.crossattention.output.dense.bias', 'bert.encoder.layer.9.crossattention.output.dense.weight', 'bert.encoder.layer.9.crossattention.self.key.bias', 'bert.encoder.layer.9.crossattention.self.key.weight', 'bert.encoder.layer.9.crossattention.self.query.bias', 'bert.encoder.layer.9.crossattention.self.query.weight', 'bert.encoder.layer.9.crossattention.self.value.bias', 'bert.encoder.layer.9.crossattention.self.value.weight']
unexpected_keys: ['cls.seq_relationship.bias', 'cls.seq_relationship.weight']
mismatched_keys: []
error_msgs: []
Label Smooth: 0.2
pose_conv
load checkpoint from checkpoint/cmp.pth
missing_keys:  ['uncertainty_temper', 'prompt_learning_embedding']
unexpected_keys:  []
     Total Params Sum:  254264985
### Inference ITC similiarity matrix
### Zero-Shot Score: 
+-------------------+--------+--------+--------+--------+--------+
|       epoch       |   R1   |   R5   |  R10   |  mAP   |  mINP  |
+-------------------+--------+--------+--------+--------+--------+
|  cos_sim_wo/norm  | 58.544 | 91.860 | 95.703 | 73.596 | 73.596 |
|        -999       | 69.414 | 95.197 | 97.776 | 81.233 | 81.233 |
| itm_score_wo/norm | 84.328 | 98.989 | 99.494 | 91.293 | 91.293 |
|        -999       | 84.277 | 99.039 | 99.596 | 91.276 | 91.276 |
+-------------------+--------+--------+--------+--------+--------+
### TTA:
     preprocess_tta_coefficients  start
     sample selection ...
     number of sample after sample_selection: 1958
     uncertainty ...
     preprocess_tta_coefficients  end
### Creating tta dataset
     tta_dataset: 1958
### Creating tta dataloader
### be careful: func create_loader returns a list length of 1
     tta_loader: 61
### Configure adapted weights
     TTA Dropout Modules: 
 [('vision_encoder.pos_drop', Dropout(p=0, inplace=False), True), ('vision_encoder.layers.0.blocks.0.attn.attn_drop', Dropout(p=0.0, inplace=False), True), ('vision_encoder.layers.0.blocks.0.attn.proj_drop', Dropout(p=0, inplace=False), True), ('vision_encoder.layers.0.blocks.0.mlp.drop', Dropout(p=0, inplace=False), True), ('vision_encoder.layers.0.blocks.1.attn.attn_drop', Dropout(p=0.0, inplace=False), True), ('vision_encoder.layers.0.blocks.1.attn.proj_drop', Dropout(p=0, inplace=False), True), ('vision_encoder.layers.0.blocks.1.mlp.drop', Dropout(p=0, inplace=False), True), ('vision_encoder.layers.1.blocks.0.attn.attn_drop', Dropout(p=0.0, inplace=False), True), ('vision_encoder.layers.1.blocks.0.attn.proj_drop', Dropout(p=0, inplace=False), True), ('vision_encoder.layers.1.blocks.0.mlp.drop', Dropout(p=0, inplace=False), True), ('vision_encoder.layers.1.blocks.1.attn.attn_drop', Dropout(p=0.0, inplace=False), True), ('vision_encoder.layers.1.blocks.1.attn.proj_drop', Dropout(p=0, inplace=False), True), ('vision_encoder.layers.1.blocks.1.mlp.drop', Dropout(p=0, inplace=False), True), ('vision_encoder.layers.2.blocks.0.attn.attn_drop', Dropout(p=0.0, inplace=False), True), ('vision_encoder.layers.2.blocks.0.attn.proj_drop', Dropout(p=0, inplace=False), True), ('vision_encoder.layers.2.blocks.0.mlp.drop', Dropout(p=0, inplace=False), True), ('vision_encoder.layers.2.blocks.1.attn.attn_drop', Dropout(p=0.0, inplace=False), True), ('vision_encoder.layers.2.blocks.1.attn.proj_drop', Dropout(p=0, inplace=False), True), ('vision_encoder.layers.2.blocks.1.mlp.drop', Dropout(p=0, inplace=False), True), ('vision_encoder.layers.2.blocks.2.attn.attn_drop', Dropout(p=0.0, inplace=False), True), ('vision_encoder.layers.2.blocks.2.attn.proj_drop', Dropout(p=0, inplace=False), True), ('vision_encoder.layers.2.blocks.2.mlp.drop', Dropout(p=0, inplace=False), True), ('vision_encoder.layers.2.blocks.3.attn.attn_drop', Dropout(p=0.0, inplace=False), True), ('vision_encoder.layers.2.blocks.3.attn.proj_drop', Dropout(p=0, inplace=False), True), ('vision_encoder.layers.2.blocks.3.mlp.drop', Dropout(p=0, inplace=False), True), ('vision_encoder.layers.2.blocks.4.attn.attn_drop', Dropout(p=0.0, inplace=False), True), ('vision_encoder.layers.2.blocks.4.attn.proj_drop', Dropout(p=0, inplace=False), True), ('vision_encoder.layers.2.blocks.4.mlp.drop', Dropout(p=0, inplace=False), True), ('vision_encoder.layers.2.blocks.5.attn.attn_drop', Dropout(p=0.0, inplace=False), True), ('vision_encoder.layers.2.blocks.5.attn.proj_drop', Dropout(p=0, inplace=False), True), ('vision_encoder.layers.2.blocks.5.mlp.drop', Dropout(p=0, inplace=False), True), ('vision_encoder.layers.2.blocks.6.attn.attn_drop', Dropout(p=0.0, inplace=False), True), ('vision_encoder.layers.2.blocks.6.attn.proj_drop', Dropout(p=0, inplace=False), True), ('vision_encoder.layers.2.blocks.6.mlp.drop', Dropout(p=0, inplace=False), True), ('vision_encoder.layers.2.blocks.7.attn.attn_drop', Dropout(p=0.0, inplace=False), True), ('vision_encoder.layers.2.blocks.7.attn.proj_drop', Dropout(p=0, inplace=False), True), ('vision_encoder.layers.2.blocks.7.mlp.drop', Dropout(p=0, inplace=False), True), ('vision_encoder.layers.2.blocks.8.attn.attn_drop', Dropout(p=0.0, inplace=False), True), ('vision_encoder.layers.2.blocks.8.attn.proj_drop', Dropout(p=0, inplace=False), True), ('vision_encoder.layers.2.blocks.8.mlp.drop', Dropout(p=0, inplace=False), True), ('vision_encoder.layers.2.blocks.9.attn.attn_drop', Dropout(p=0.0, inplace=False), True), ('vision_encoder.layers.2.blocks.9.attn.proj_drop', Dropout(p=0, inplace=False), True), ('vision_encoder.layers.2.blocks.9.mlp.drop', Dropout(p=0, inplace=False), True), ('vision_encoder.layers.2.blocks.10.attn.attn_drop', Dropout(p=0.0, inplace=False), True), ('vision_encoder.layers.2.blocks.10.attn.proj_drop', Dropout(p=0, inplace=False), True), ('vision_encoder.layers.2.blocks.10.mlp.drop', Dropout(p=0, inplace=False), True), ('vision_encoder.layers.2.blocks.11.attn.attn_drop', Dropout(p=0.0, inplace=False), True), ('vision_encoder.layers.2.blocks.11.attn.proj_drop', Dropout(p=0, inplace=False), True), ('vision_encoder.layers.2.blocks.11.mlp.drop', Dropout(p=0, inplace=False), True), ('vision_encoder.layers.2.blocks.12.attn.attn_drop', Dropout(p=0.0, inplace=False), True), ('vision_encoder.layers.2.blocks.12.attn.proj_drop', Dropout(p=0, inplace=False), True), ('vision_encoder.layers.2.blocks.12.mlp.drop', Dropout(p=0, inplace=False), True), ('vision_encoder.layers.2.blocks.13.attn.attn_drop', Dropout(p=0.0, inplace=False), True), ('vision_encoder.layers.2.blocks.13.attn.proj_drop', Dropout(p=0, inplace=False), True), ('vision_encoder.layers.2.blocks.13.mlp.drop', Dropout(p=0, inplace=False), True), ('vision_encoder.layers.2.blocks.14.attn.attn_drop', Dropout(p=0.0, inplace=False), True), ('vision_encoder.layers.2.blocks.14.attn.proj_drop', Dropout(p=0, inplace=False), True), ('vision_encoder.layers.2.blocks.14.mlp.drop', Dropout(p=0, inplace=False), True), ('vision_encoder.layers.2.blocks.15.attn.attn_drop', Dropout(p=0.0, inplace=False), True), ('vision_encoder.layers.2.blocks.15.attn.proj_drop', Dropout(p=0, inplace=False), True), ('vision_encoder.layers.2.blocks.15.mlp.drop', Dropout(p=0, inplace=False), True), ('vision_encoder.layers.2.blocks.16.attn.attn_drop', Dropout(p=0.0, inplace=False), True), ('vision_encoder.layers.2.blocks.16.attn.proj_drop', Dropout(p=0, inplace=False), True), ('vision_encoder.layers.2.blocks.16.mlp.drop', Dropout(p=0, inplace=False), True), ('vision_encoder.layers.2.blocks.17.attn.attn_drop', Dropout(p=0.0, inplace=False), True), ('vision_encoder.layers.2.blocks.17.attn.proj_drop', Dropout(p=0, inplace=False), True), ('vision_encoder.layers.2.blocks.17.mlp.drop', Dropout(p=0, inplace=False), True), ('vision_encoder.layers.3.blocks.0.attn.attn_drop', Dropout(p=0.0, inplace=False), True), ('vision_encoder.layers.3.blocks.0.attn.proj_drop', Dropout(p=0, inplace=False), True), ('vision_encoder.layers.3.blocks.0.mlp.drop', Dropout(p=0, inplace=False), True), ('vision_encoder.layers.3.blocks.1.attn.attn_drop', Dropout(p=0.0, inplace=False), True), ('vision_encoder.layers.3.blocks.1.attn.proj_drop', Dropout(p=0, inplace=False), True), ('vision_encoder.layers.3.blocks.1.mlp.drop', Dropout(p=0, inplace=False), True), ('text_encoder.bert.embeddings.dropout', Dropout(p=0.1, inplace=False), True), ('text_encoder.bert.encoder.layer.0.attention.self.dropout', Dropout(p=0.1, inplace=False), True), ('text_encoder.bert.encoder.layer.0.attention.output.dropout', Dropout(p=0.1, inplace=False), True), ('text_encoder.bert.encoder.layer.0.output.dropout', Dropout(p=0.1, inplace=False), True), ('text_encoder.bert.encoder.layer.1.attention.self.dropout', Dropout(p=0.1, inplace=False), True), ('text_encoder.bert.encoder.layer.1.attention.output.dropout', Dropout(p=0.1, inplace=False), True), ('text_encoder.bert.encoder.layer.1.output.dropout', Dropout(p=0.1, inplace=False), True), ('text_encoder.bert.encoder.layer.2.attention.self.dropout', Dropout(p=0.1, inplace=False), True), ('text_encoder.bert.encoder.layer.2.attention.output.dropout', Dropout(p=0.1, inplace=False), True), ('text_encoder.bert.encoder.layer.2.output.dropout', Dropout(p=0.1, inplace=False), True), ('text_encoder.bert.encoder.layer.3.attention.self.dropout', Dropout(p=0.1, inplace=False), True), ('text_encoder.bert.encoder.layer.3.attention.output.dropout', Dropout(p=0.1, inplace=False), True), ('text_encoder.bert.encoder.layer.3.output.dropout', Dropout(p=0.1, inplace=False), True), ('text_encoder.bert.encoder.layer.4.attention.self.dropout', Dropout(p=0.1, inplace=False), True), ('text_encoder.bert.encoder.layer.4.attention.output.dropout', Dropout(p=0.1, inplace=False), True), ('text_encoder.bert.encoder.layer.4.output.dropout', Dropout(p=0.1, inplace=False), True), ('text_encoder.bert.encoder.layer.5.attention.self.dropout', Dropout(p=0.1, inplace=False), True), ('text_encoder.bert.encoder.layer.5.attention.output.dropout', Dropout(p=0.1, inplace=False), True), ('text_encoder.bert.encoder.layer.5.output.dropout', Dropout(p=0.1, inplace=False), True), ('text_encoder.bert.encoder.layer.6.attention.self.dropout', Dropout(p=0.1, inplace=False), True), ('text_encoder.bert.encoder.layer.6.attention.output.dropout', Dropout(p=0.1, inplace=False), True), ('text_encoder.bert.encoder.layer.6.crossattention.self.dropout', Dropout(p=0.1, inplace=False), True), ('text_encoder.bert.encoder.layer.6.crossattention.output.dropout', Dropout(p=0.1, inplace=False), True), ('text_encoder.bert.encoder.layer.6.output.dropout', Dropout(p=0.1, inplace=False), True), ('text_encoder.bert.encoder.layer.7.attention.self.dropout', Dropout(p=0.1, inplace=False), True), ('text_encoder.bert.encoder.layer.7.attention.output.dropout', Dropout(p=0.1, inplace=False), True), ('text_encoder.bert.encoder.layer.7.crossattention.self.dropout', Dropout(p=0.1, inplace=False), True), ('text_encoder.bert.encoder.layer.7.crossattention.output.dropout', Dropout(p=0.1, inplace=False), True), ('text_encoder.bert.encoder.layer.7.output.dropout', Dropout(p=0.1, inplace=False), True), ('text_encoder.bert.encoder.layer.8.attention.self.dropout', Dropout(p=0.1, inplace=False), True), ('text_encoder.bert.encoder.layer.8.attention.output.dropout', Dropout(p=0.1, inplace=False), True), ('text_encoder.bert.encoder.layer.8.crossattention.self.dropout', Dropout(p=0.1, inplace=False), True), ('text_encoder.bert.encoder.layer.8.crossattention.output.dropout', Dropout(p=0.1, inplace=False), True), ('text_encoder.bert.encoder.layer.8.output.dropout', Dropout(p=0.1, inplace=False), True), ('text_encoder.bert.encoder.layer.9.attention.self.dropout', Dropout(p=0.1, inplace=False), True), ('text_encoder.bert.encoder.layer.9.attention.output.dropout', Dropout(p=0.1, inplace=False), True), ('text_encoder.bert.encoder.layer.9.crossattention.self.dropout', Dropout(p=0.1, inplace=False), True), ('text_encoder.bert.encoder.layer.9.crossattention.output.dropout', Dropout(p=0.1, inplace=False), True), ('text_encoder.bert.encoder.layer.9.output.dropout', Dropout(p=0.1, inplace=False), True), ('text_encoder.bert.encoder.layer.10.attention.self.dropout', Dropout(p=0.1, inplace=False), True), ('text_encoder.bert.encoder.layer.10.attention.output.dropout', Dropout(p=0.1, inplace=False), True), ('text_encoder.bert.encoder.layer.10.crossattention.self.dropout', Dropout(p=0.1, inplace=False), True), ('text_encoder.bert.encoder.layer.10.crossattention.output.dropout', Dropout(p=0.1, inplace=False), True), ('text_encoder.bert.encoder.layer.10.output.dropout', Dropout(p=0.1, inplace=False), True), ('text_encoder.bert.encoder.layer.11.attention.self.dropout', Dropout(p=0.1, inplace=False), True), ('text_encoder.bert.encoder.layer.11.attention.output.dropout', Dropout(p=0.1, inplace=False), True), ('text_encoder.bert.encoder.layer.11.crossattention.self.dropout', Dropout(p=0.1, inplace=False), True), ('text_encoder.bert.encoder.layer.11.crossattention.output.dropout', Dropout(p=0.1, inplace=False), True), ('text_encoder.bert.encoder.layer.11.output.dropout', Dropout(p=0.1, inplace=False), True), ('vision_proj.1', Dropout(p=0.5, inplace=False), True), ('text_proj.1', Dropout(p=0.5, inplace=False), True), ('pose_block.attn.attn_drop', Dropout(p=0.0, inplace=False), True), ('pose_block.attn.proj_drop', Dropout(p=0.0, inplace=False), True)]
     TTA Require Gradient Params: 
 [('text_encoder.bert.embeddings.LayerNorm.weight', torch.Size([768])), ('text_encoder.bert.embeddings.LayerNorm.bias', torch.Size([768])), ('text_encoder.bert.encoder.layer.6.attention.output.LayerNorm.weight', torch.Size([768])), ('text_encoder.bert.encoder.layer.6.attention.output.LayerNorm.bias', torch.Size([768])), ('text_encoder.bert.encoder.layer.6.crossattention.output.LayerNorm.weight', torch.Size([768])), ('text_encoder.bert.encoder.layer.6.crossattention.output.LayerNorm.bias', torch.Size([768])), ('text_encoder.bert.encoder.layer.6.output.LayerNorm.weight', torch.Size([768])), ('text_encoder.bert.encoder.layer.6.output.LayerNorm.bias', torch.Size([768])), ('text_encoder.bert.encoder.layer.7.attention.output.LayerNorm.weight', torch.Size([768])), ('text_encoder.bert.encoder.layer.7.attention.output.LayerNorm.bias', torch.Size([768])), ('text_encoder.bert.encoder.layer.7.crossattention.output.LayerNorm.weight', torch.Size([768])), ('text_encoder.bert.encoder.layer.7.crossattention.output.LayerNorm.bias', torch.Size([768])), ('text_encoder.bert.encoder.layer.7.output.LayerNorm.weight', torch.Size([768])), ('text_encoder.bert.encoder.layer.7.output.LayerNorm.bias', torch.Size([768])), ('text_encoder.bert.encoder.layer.8.attention.output.LayerNorm.weight', torch.Size([768])), ('text_encoder.bert.encoder.layer.8.attention.output.LayerNorm.bias', torch.Size([768])), ('text_encoder.bert.encoder.layer.8.crossattention.output.LayerNorm.weight', torch.Size([768])), ('text_encoder.bert.encoder.layer.8.crossattention.output.LayerNorm.bias', torch.Size([768])), ('text_encoder.bert.encoder.layer.8.output.LayerNorm.weight', torch.Size([768])), ('text_encoder.bert.encoder.layer.8.output.LayerNorm.bias', torch.Size([768])), ('text_encoder.bert.encoder.layer.9.attention.output.LayerNorm.weight', torch.Size([768])), ('text_encoder.bert.encoder.layer.9.attention.output.LayerNorm.bias', torch.Size([768])), ('text_encoder.bert.encoder.layer.9.crossattention.output.LayerNorm.weight', torch.Size([768])), ('text_encoder.bert.encoder.layer.9.crossattention.output.LayerNorm.bias', torch.Size([768])), ('text_encoder.bert.encoder.layer.9.output.LayerNorm.weight', torch.Size([768])), ('text_encoder.bert.encoder.layer.9.output.LayerNorm.bias', torch.Size([768])), ('text_encoder.bert.encoder.layer.10.attention.output.LayerNorm.weight', torch.Size([768])), ('text_encoder.bert.encoder.layer.10.attention.output.LayerNorm.bias', torch.Size([768])), ('text_encoder.bert.encoder.layer.10.crossattention.output.LayerNorm.weight', torch.Size([768])), ('text_encoder.bert.encoder.layer.10.crossattention.output.LayerNorm.bias', torch.Size([768])), ('text_encoder.bert.encoder.layer.10.output.LayerNorm.weight', torch.Size([768])), ('text_encoder.bert.encoder.layer.10.output.LayerNorm.bias', torch.Size([768])), ('text_encoder.bert.encoder.layer.11.attention.output.LayerNorm.weight', torch.Size([768])), ('text_encoder.bert.encoder.layer.11.attention.output.LayerNorm.bias', torch.Size([768])), ('text_encoder.bert.encoder.layer.11.crossattention.output.LayerNorm.weight', torch.Size([768])), ('text_encoder.bert.encoder.layer.11.crossattention.output.LayerNorm.bias', torch.Size([768])), ('text_encoder.bert.encoder.layer.11.output.LayerNorm.weight', torch.Size([768])), ('text_encoder.bert.encoder.layer.11.output.LayerNorm.bias', torch.Size([768])), ('text_encoder.cls.predictions.transform.LayerNorm.weight', torch.Size([768])), ('text_encoder.cls.predictions.transform.LayerNorm.bias', torch.Size([768])), ('itm_head.1.weight', torch.Size([1536])), ('itm_head.1.bias', torch.Size([1536]))]
     TTA Dropout Modules Number: 
 126
     TTA Require Gradient Params Sum: 
 33792
     lr:  0.0005    lr_mult:  2
     model has 'init_params',  386
     num_tta_steps:  3720
     num_warmup_steps:  500
     sched: step
/home/jiahao/task/CMP/tta.py:246: FutureWarning: `torch.cuda.amp.GradScaler(args...)` is deprecated. Please use `torch.amp.GradScaler('cuda', args...)` instead.
  scaler = GradScaler()  # bf16
### Start ITM Test Time Adaptation
      TTA Epoch: [0] [ 0/61]  eta: 0:00:34  entropy: 0.3966  uncertainty: 1.4782  uncertainty_coeffi: 0.0100  loss: 0.2592  lr: 0.000001  time: 0.5617  data: 0.2560  max mem: 2639
      TTA Epoch: [0] [60/61]  eta: 0:00:00  entropy: 0.3318  uncertainty: 1.4501  uncertainty_coeffi: 0.0100  loss: 0.2459  lr: 0.000061  time: 0.0740  data: 0.0000  max mem: 2671
      TTA Epoch: [0] Total time: 0:00:04 (0.0812 s / it)
     Averaged stats: entropy: 0.3402  uncertainty: 1.4650  uncertainty_coeffi: 0.0100  loss: 0.2418  lr: 0.0000
     itm tta time 0:00:04
     Computing matching score
      Evaluation: [   0/1978]  eta: 0:03:11    time: 0.0970  data: 0.0009  max mem: 2671
      Evaluation: [ 100/1978]  eta: 0:02:31    time: 0.0805  data: 0.0000  max mem: 2671
      Evaluation: [ 200/1978]  eta: 0:02:23    time: 0.0807  data: 0.0000  max mem: 2671
      Evaluation: [ 300/1978]  eta: 0:02:15    time: 0.0807  data: 0.0000  max mem: 2671
      Evaluation: [ 400/1978]  eta: 0:02:07    time: 0.0806  data: 0.0000  max mem: 2671
      Evaluation: [ 500/1978]  eta: 0:01:59    time: 0.0807  data: 0.0000  max mem: 2671
      Evaluation: [ 600/1978]  eta: 0:01:51    time: 0.0805  data: 0.0000  max mem: 2671
      Evaluation: [ 700/1978]  eta: 0:01:43    time: 0.0808  data: 0.0000  max mem: 2671
      Evaluation: [ 800/1978]  eta: 0:01:35    time: 0.0809  data: 0.0000  max mem: 2671
      Evaluation: [ 900/1978]  eta: 0:01:26    time: 0.0808  data: 0.0000  max mem: 2671
      Evaluation: [1000/1978]  eta: 0:01:18    time: 0.0807  data: 0.0000  max mem: 2671
      Evaluation: [1100/1978]  eta: 0:01:10    time: 0.0808  data: 0.0000  max mem: 2671
      Evaluation: [1200/1978]  eta: 0:01:02    time: 0.0807  data: 0.0000  max mem: 2671
      Evaluation: [1300/1978]  eta: 0:00:54    time: 0.0807  data: 0.0000  max mem: 2671
      Evaluation: [1400/1978]  eta: 0:00:46    time: 0.0809  data: 0.0000  max mem: 2671
      Evaluation: [1500/1978]  eta: 0:00:38    time: 0.0808  data: 0.0000  max mem: 2671
      Evaluation: [1600/1978]  eta: 0:00:30    time: 0.0808  data: 0.0000  max mem: 2671
      Evaluation: [1700/1978]  eta: 0:00:22    time: 0.0810  data: 0.0000  max mem: 2671
      Evaluation: [1800/1978]  eta: 0:00:14    time: 0.0809  data: 0.0000  max mem: 2671
      Evaluation: [1900/1978]  eta: 0:00:06    time: 0.0809  data: 0.0000  max mem: 2671
      Evaluation: [1977/1978]  eta: 0:00:00    time: 0.0809  data: 0.0000  max mem: 2671
      Evaluation: Total time: 0:02:39 (0.0808 s / it)
     Computing matching score time 0:02:39
### TTA ITM Score: 
+-------------------+--------+--------+--------+--------+--------+
|       epoch       |   R1   |   R5   |  R10   |  mAP   |  mINP  |
+-------------------+--------+--------+--------+--------+--------+
|  cos_sim_wo/norm  | 58.544 | 91.860 | 95.703 | 73.596 | 73.596 |
|        -999       | 69.414 | 95.197 | 97.776 | 81.233 | 81.233 |
| itm_score_wo/norm | 84.328 | 98.989 | 99.494 | 91.293 | 91.293 |
|        -999       | 84.277 | 99.039 | 99.596 | 91.276 | 91.276 |
|         0         | 84.631 | 98.989 | 99.596 | 91.419 | 91.419 |
+-------------------+--------+--------+--------+--------+--------+
     logs:  {'epo': 0, 'R1': np.float32(84.631), 'R5': np.float32(98.989), 'R10': np.float32(99.596), 'mAP': np.float32(91.419), 'mINP': np.float32(91.419), 'entropy': 0.340158, 'uncertainty': 1.465004, 'uncertainty_coeffi': 0.01, 'loss': 0.24183, 'lr': 3.1e-05}
      TTA Epoch: [1] [ 0/61]  eta: 0:00:14  entropy: 0.3796  uncertainty: 1.3634  uncertainty_coeffi: 0.0100  loss: 0.2764  lr: 0.000062  time: 0.2371  data: 0.1704  max mem: 2671
      TTA Epoch: [1] [60/61]  eta: 0:00:00  entropy: 0.2188  uncertainty: 1.4305  uncertainty_coeffi: 0.0100  loss: 0.1474  lr: 0.000122  time: 0.0741  data: 0.0000  max mem: 2671
      TTA Epoch: [1] Total time: 0:00:04 (0.0765 s / it)
     Averaged stats: entropy: 0.3082  uncertainty: 1.4644  uncertainty_coeffi: 0.0100  loss: 0.2186  lr: 0.0001
     itm tta time 0:00:04
     Computing matching score
      Evaluation: [   0/1978]  eta: 0:02:04    time: 0.0628  data: 0.0009  max mem: 2671
      Evaluation: [ 100/1978]  eta: 0:02:31    time: 0.0809  data: 0.0000  max mem: 2671
      Evaluation: [ 200/1978]  eta: 0:02:23    time: 0.0809  data: 0.0000  max mem: 2671
      Evaluation: [ 300/1978]  eta: 0:02:15    time: 0.0808  data: 0.0000  max mem: 2671
      Evaluation: [ 400/1978]  eta: 0:02:07    time: 0.0809  data: 0.0000  max mem: 2671
      Evaluation: [ 500/1978]  eta: 0:01:59    time: 0.0805  data: 0.0000  max mem: 2671
      Evaluation: [ 600/1978]  eta: 0:01:51    time: 0.0805  data: 0.0000  max mem: 2671
      Evaluation: [ 700/1978]  eta: 0:01:43    time: 0.0806  data: 0.0000  max mem: 2671
      Evaluation: [ 800/1978]  eta: 0:01:35    time: 0.0806  data: 0.0000  max mem: 2671
      Evaluation: [ 900/1978]  eta: 0:01:26    time: 0.0806  data: 0.0000  max mem: 2671
      Evaluation: [1000/1978]  eta: 0:01:18    time: 0.0805  data: 0.0000  max mem: 2671
      Evaluation: [1100/1978]  eta: 0:01:10    time: 0.0805  data: 0.0000  max mem: 2671
      Evaluation: [1200/1978]  eta: 0:01:02    time: 0.0806  data: 0.0000  max mem: 2671
      Evaluation: [1300/1978]  eta: 0:00:54    time: 0.0805  data: 0.0000  max mem: 2671
      Evaluation: [1400/1978]  eta: 0:00:46    time: 0.0805  data: 0.0000  max mem: 2671
      Evaluation: [1500/1978]  eta: 0:00:38    time: 0.0805  data: 0.0000  max mem: 2671
      Evaluation: [1600/1978]  eta: 0:00:30    time: 0.0806  data: 0.0000  max mem: 2671
      Evaluation: [1700/1978]  eta: 0:00:22    time: 0.0806  data: 0.0000  max mem: 2671
      Evaluation: [1800/1978]  eta: 0:00:14    time: 0.0807  data: 0.0000  max mem: 2671
      Evaluation: [1900/1978]  eta: 0:00:06    time: 0.0806  data: 0.0000  max mem: 2671
      Evaluation: [1977/1978]  eta: 0:00:00    time: 0.0807  data: 0.0000  max mem: 2671
      Evaluation: Total time: 0:02:39 (0.0806 s / it)
     Computing matching score time 0:02:39
### TTA ITM Score: 
+-------------------+--------+--------+--------+--------+--------+
|       epoch       |   R1   |   R5   |  R10   |  mAP   |  mINP  |
+-------------------+--------+--------+--------+--------+--------+
|  cos_sim_wo/norm  | 58.544 | 91.860 | 95.703 | 73.596 | 73.596 |
|        -999       | 69.414 | 95.197 | 97.776 | 81.233 | 81.233 |
| itm_score_wo/norm | 84.328 | 98.989 | 99.494 | 91.293 | 91.293 |
|        -999       | 84.277 | 99.039 | 99.596 | 91.276 | 91.276 |
|         0         | 84.631 | 98.989 | 99.596 | 91.419 | 91.419 |
|         1         | 84.681 | 98.888 | 99.494 | 91.407 | 91.407 |
+-------------------+--------+--------+--------+--------+--------+
     logs:  {'epo': 1, 'R1': np.float32(84.681), 'R5': np.float32(98.888), 'R10': np.float32(99.494), 'mAP': np.float32(91.407), 'mINP': np.float32(91.407), 'entropy': 0.308234, 'uncertainty': 1.464373, 'uncertainty_coeffi': 0.01, 'loss': 0.218584, 'lr': 9.2e-05}
      TTA Epoch: [2] [ 0/61]  eta: 0:00:15  entropy: 0.2231  uncertainty: 1.3940  uncertainty_coeffi: 0.0100  loss: 0.1614  lr: 0.000123  time: 0.2538  data: 0.1885  max mem: 2671
      TTA Epoch: [2] [60/61]  eta: 0:00:00  entropy: 0.2547  uncertainty: 1.4556  uncertainty_coeffi: 0.0100  loss: 0.1744  lr: 0.000183  time: 0.0729  data: 0.0000  max mem: 2671
      TTA Epoch: [2] Total time: 0:00:04 (0.0759 s / it)
     Averaged stats: entropy: 0.2525  uncertainty: 1.4637  uncertainty_coeffi: 0.0100  loss: 0.1777  lr: 0.0002
     itm tta time 0:00:04
     Computing matching score
      Evaluation: [   0/1978]  eta: 0:02:39    time: 0.0804  data: 0.0009  max mem: 2671
      Evaluation: [ 100/1978]  eta: 0:02:30    time: 0.0804  data: 0.0000  max mem: 2671
      Evaluation: [ 200/1978]  eta: 0:02:22    time: 0.0804  data: 0.0000  max mem: 2671
      Evaluation: [ 300/1978]  eta: 0:02:14    time: 0.0802  data: 0.0000  max mem: 2671
      Evaluation: [ 400/1978]  eta: 0:02:06    time: 0.0804  data: 0.0000  max mem: 2671
      Evaluation: [ 500/1978]  eta: 0:01:58    time: 0.0804  data: 0.0000  max mem: 2671
      Evaluation: [ 600/1978]  eta: 0:01:50    time: 0.0804  data: 0.0000  max mem: 2671
      Evaluation: [ 700/1978]  eta: 0:01:42    time: 0.0804  data: 0.0000  max mem: 2671
      Evaluation: [ 800/1978]  eta: 0:01:34    time: 0.0805  data: 0.0000  max mem: 2671
      Evaluation: [ 900/1978]  eta: 0:01:26    time: 0.0798  data: 0.0000  max mem: 2671
      Evaluation: [1000/1978]  eta: 0:01:18    time: 0.0803  data: 0.0000  max mem: 2671
      Evaluation: [1100/1978]  eta: 0:01:10    time: 0.0804  data: 0.0000  max mem: 2671
      Evaluation: [1200/1978]  eta: 0:01:02    time: 0.0806  data: 0.0000  max mem: 2671
      Evaluation: [1300/1978]  eta: 0:00:54    time: 0.0806  data: 0.0000  max mem: 2671
      Evaluation: [1400/1978]  eta: 0:00:46    time: 0.0805  data: 0.0000  max mem: 2671
      Evaluation: [1500/1978]  eta: 0:00:38    time: 0.0805  data: 0.0000  max mem: 2671
      Evaluation: [1600/1978]  eta: 0:00:30    time: 0.0807  data: 0.0000  max mem: 2671
      Evaluation: [1700/1978]  eta: 0:00:22    time: 0.0807  data: 0.0000  max mem: 2671
      Evaluation: [1800/1978]  eta: 0:00:14    time: 0.0805  data: 0.0000  max mem: 2671
      Evaluation: [1900/1978]  eta: 0:00:06    time: 0.0805  data: 0.0000  max mem: 2671
      Evaluation: [1977/1978]  eta: 0:00:00    time: 0.0806  data: 0.0000  max mem: 2671
      Evaluation: Total time: 0:02:39 (0.0805 s / it)
     Computing matching score time 0:02:39
### TTA ITM Score: 
+-------------------+--------+--------+--------+--------+--------+
|       epoch       |   R1   |   R5   |  R10   |  mAP   |  mINP  |
+-------------------+--------+--------+--------+--------+--------+
|  cos_sim_wo/norm  | 58.544 | 91.860 | 95.703 | 73.596 | 73.596 |
|        -999       | 69.414 | 95.197 | 97.776 | 81.233 | 81.233 |
| itm_score_wo/norm | 84.328 | 98.989 | 99.494 | 91.293 | 91.293 |
|        -999       | 84.277 | 99.039 | 99.596 | 91.276 | 91.276 |
|         0         | 84.631 | 98.989 | 99.596 | 91.419 | 91.419 |
|         1         | 84.681 | 98.888 | 99.494 | 91.407 | 91.407 |
|         2         | 84.631 | 98.686 | 99.343 | 91.314 | 91.314 |
+-------------------+--------+--------+--------+--------+--------+
     logs:  {'epo': 2, 'R1': np.float32(84.631), 'R5': np.float32(98.686), 'R10': np.float32(99.343), 'mAP': np.float32(91.314), 'mINP': np.float32(91.314), 'entropy': 0.252504, 'uncertainty': 1.463736, 'uncertainty_coeffi': 0.01, 'loss': 0.177676, 'lr': 0.000153}
      TTA Epoch: [3] [ 0/61]  eta: 0:00:15  entropy: 0.1643  uncertainty: 1.3867  uncertainty_coeffi: 0.0100  loss: 0.1161  lr: 0.000184  time: 0.2571  data: 0.1888  max mem: 2671
      TTA Epoch: [3] [60/61]  eta: 0:00:00  entropy: 0.2858  uncertainty: 1.4939  uncertainty_coeffi: 0.0100  loss: 0.1885  lr: 0.000244  time: 0.0736  data: 0.0000  max mem: 2671
      TTA Epoch: [3] Total time: 0:00:04 (0.0763 s / it)
     Averaged stats: entropy: 0.2183  uncertainty: 1.4648  uncertainty_coeffi: 0.0100  loss: 0.1533  lr: 0.0002
     itm tta time 0:00:04
      TTA Epoch: [4] [ 0/61]  eta: 0:00:15  entropy: 0.1058  uncertainty: 1.3742  uncertainty_coeffi: 0.0100  loss: 0.0950  lr: 0.000245  time: 0.2465  data: 0.1855  max mem: 2671
      TTA Epoch: [4] [60/61]  eta: 0:00:00  entropy: 0.0752  uncertainty: 1.4715  uncertainty_coeffi: 0.0100  loss: 0.0565  lr: 0.000305  time: 0.0736  data: 0.0000  max mem: 2671
      TTA Epoch: [4] Total time: 0:00:04 (0.0764 s / it)
     Averaged stats: entropy: 0.1841  uncertainty: 1.4644  uncertainty_coeffi: 0.0100  loss: 0.1296  lr: 0.0003
     itm tta time 0:00:04
     Computing matching score
      Evaluation: [   0/1978]  eta: 0:02:05    time: 0.0633  data: 0.0009  max mem: 2671
      Evaluation: [ 100/1978]  eta: 0:02:31    time: 0.0806  data: 0.0000  max mem: 2671
      Evaluation: [ 200/1978]  eta: 0:02:23    time: 0.0807  data: 0.0000  max mem: 2671
      Evaluation: [ 300/1978]  eta: 0:02:15    time: 0.0808  data: 0.0000  max mem: 2671
      Evaluation: [ 400/1978]  eta: 0:02:07    time: 0.0806  data: 0.0000  max mem: 2671
      Evaluation: [ 500/1978]  eta: 0:01:59    time: 0.0808  data: 0.0000  max mem: 2671
      Evaluation: [ 600/1978]  eta: 0:01:51    time: 0.0807  data: 0.0000  max mem: 2671
      Evaluation: [ 700/1978]  eta: 0:01:43    time: 0.0808  data: 0.0000  max mem: 2671
      Evaluation: [ 800/1978]  eta: 0:01:35    time: 0.0809  data: 0.0000  max mem: 2671
      Evaluation: [ 900/1978]  eta: 0:01:26    time: 0.0807  data: 0.0000  max mem: 2671
      Evaluation: [1000/1978]  eta: 0:01:18    time: 0.0808  data: 0.0000  max mem: 2671
      Evaluation: [1100/1978]  eta: 0:01:10    time: 0.0808  data: 0.0000  max mem: 2671
      Evaluation: [1200/1978]  eta: 0:01:02    time: 0.0808  data: 0.0000  max mem: 2671
      Evaluation: [1300/1978]  eta: 0:00:54    time: 0.0808  data: 0.0000  max mem: 2671
      Evaluation: [1400/1978]  eta: 0:00:46    time: 0.0808  data: 0.0000  max mem: 2671
      Evaluation: [1500/1978]  eta: 0:00:38    time: 0.0807  data: 0.0000  max mem: 2671
      Evaluation: [1600/1978]  eta: 0:00:30    time: 0.0808  data: 0.0000  max mem: 2671
      Evaluation: [1700/1978]  eta: 0:00:22    time: 0.0808  data: 0.0000  max mem: 2671
      Evaluation: [1800/1978]  eta: 0:00:14    time: 0.0808  data: 0.0000  max mem: 2671
      Evaluation: [1900/1978]  eta: 0:00:06    time: 0.0808  data: 0.0000  max mem: 2671
      Evaluation: [1977/1978]  eta: 0:00:00    time: 0.0808  data: 0.0000  max mem: 2671
      Evaluation: Total time: 0:02:39 (0.0808 s / it)
     Computing matching score time 0:02:39
### TTA ITM Score: 
+-------------------+--------+--------+--------+--------+--------+
|       epoch       |   R1   |   R5   |  R10   |  mAP   |  mINP  |
+-------------------+--------+--------+--------+--------+--------+
|  cos_sim_wo/norm  | 58.544 | 91.860 | 95.703 | 73.596 | 73.596 |
|        -999       | 69.414 | 95.197 | 97.776 | 81.233 | 81.233 |
| itm_score_wo/norm | 84.328 | 98.989 | 99.494 | 91.293 | 91.293 |
|        -999       | 84.277 | 99.039 | 99.596 | 91.276 | 91.276 |
|         0         | 84.631 | 98.989 | 99.596 | 91.419 | 91.419 |
|         1         | 84.681 | 98.888 | 99.494 | 91.407 | 91.407 |
|         2         | 84.631 | 98.686 | 99.343 | 91.314 | 91.314 |
|         4         | 84.631 | 98.787 | 99.393 | 91.316 | 91.316 |
+-------------------+--------+--------+--------+--------+--------+
     logs:  {'epo': 4, 'R1': np.float32(84.631), 'R5': np.float32(98.787), 'R10': np.float32(99.393), 'mAP': np.float32(91.316), 'mINP': np.float32(91.316), 'entropy': 0.184125, 'uncertainty': 1.464388, 'uncertainty_coeffi': 0.01, 'loss': 0.129587, 'lr': 0.000275}
      TTA Epoch: [5] [ 0/61]  eta: 0:00:15  entropy: 0.2362  uncertainty: 1.4630  uncertainty_coeffi: 0.0100  loss: 0.1601  lr: 0.000306  time: 0.2581  data: 0.1893  max mem: 2671
      TTA Epoch: [5] [60/61]  eta: 0:00:00  entropy: 0.1181  uncertainty: 1.4085  uncertainty_coeffi: 0.0100  loss: 0.0876  lr: 0.000366  time: 0.0740  data: 0.0000  max mem: 2671
      TTA Epoch: [5] Total time: 0:00:04 (0.0766 s / it)
     Averaged stats: entropy: 0.1577  uncertainty: 1.4651  uncertainty_coeffi: 0.0100  loss: 0.1123  lr: 0.0003
     itm tta time 0:00:04
      TTA Epoch: [6] [ 0/61]  eta: 0:00:15  entropy: 0.1343  uncertainty: 1.5152  uncertainty_coeffi: 0.0100  loss: 0.1026  lr: 0.000367  time: 0.2562  data: 0.1889  max mem: 2671
      TTA Epoch: [6] [60/61]  eta: 0:00:00  entropy: 0.1546  uncertainty: 1.6047  uncertainty_coeffi: 0.0100  loss: 0.1136  lr: 0.000427  time: 0.0728  data: 0.0000  max mem: 2671
      TTA Epoch: [6] Total time: 0:00:04 (0.0763 s / it)
     Averaged stats: entropy: 0.1367  uncertainty: 1.4642  uncertainty_coeffi: 0.0100  loss: 0.0994  lr: 0.0004
     itm tta time 0:00:04
      TTA Epoch: [7] [ 0/61]  eta: 0:00:17  entropy: 0.1411  uncertainty: 1.4735  uncertainty_coeffi: 0.0100  loss: 0.1031  lr: 0.000428  time: 0.2876  data: 0.2089  max mem: 2671
      TTA Epoch: [7] [60/61]  eta: 0:00:00  entropy: 0.1377  uncertainty: 1.5230  uncertainty_coeffi: 0.0100  loss: 0.0983  lr: 0.000488  time: 0.0729  data: 0.0000  max mem: 2671
      TTA Epoch: [7] Total time: 0:00:04 (0.0766 s / it)
     Averaged stats: entropy: 0.1171  uncertainty: 1.4656  uncertainty_coeffi: 0.0100  loss: 0.0875  lr: 0.0005
     itm tta time 0:00:04
      TTA Epoch: [8] [ 0/61]  eta: 0:00:16  entropy: 0.0424  uncertainty: 1.3253  uncertainty_coeffi: 0.0100  loss: 0.0377  lr: 0.000489  time: 0.2657  data: 0.1861  max mem: 2671
      TTA Epoch: [8] [60/61]  eta: 0:00:00  entropy: 0.0751  uncertainty: 1.6308  uncertainty_coeffi: 0.0100  loss: 0.0584  lr: 0.000492  time: 0.0727  data: 0.0000  max mem: 2671
      TTA Epoch: [8] Total time: 0:00:04 (0.0763 s / it)
     Averaged stats: entropy: 0.1030  uncertainty: 1.4643  uncertainty_coeffi: 0.0100  loss: 0.0775  lr: 0.0005
     itm tta time 0:00:04
      TTA Epoch: [9] [ 0/61]  eta: 0:00:16  entropy: 0.1497  uncertainty: 1.4600  uncertainty_coeffi: 0.0100  loss: 0.1044  lr: 0.000492  time: 0.2697  data: 0.1908  max mem: 2671
      TTA Epoch: [9] [60/61]  eta: 0:00:00  entropy: 0.0675  uncertainty: 1.4309  uncertainty_coeffi: 0.0100  loss: 0.0633  lr: 0.000483  time: 0.0734  data: 0.0000  max mem: 2671
      TTA Epoch: [9] Total time: 0:00:04 (0.0765 s / it)
     Averaged stats: entropy: 0.0923  uncertainty: 1.4646  uncertainty_coeffi: 0.0100  loss: 0.0711  lr: 0.0005
     itm tta time 0:00:04
     Computing matching score
      Evaluation: [   0/1978]  eta: 0:02:39    time: 0.0805  data: 0.0009  max mem: 2671
      Evaluation: [ 100/1978]  eta: 0:02:31    time: 0.0807  data: 0.0000  max mem: 2671
      Evaluation: [ 200/1978]  eta: 0:02:23    time: 0.0807  data: 0.0000  max mem: 2671
      Evaluation: [ 300/1978]  eta: 0:02:15    time: 0.0806  data: 0.0000  max mem: 2671
      Evaluation: [ 400/1978]  eta: 0:02:06    time: 0.0803  data: 0.0000  max mem: 2671
      Evaluation: [ 500/1978]  eta: 0:01:58    time: 0.0806  data: 0.0000  max mem: 2671
      Evaluation: [ 600/1978]  eta: 0:01:50    time: 0.0808  data: 0.0000  max mem: 2671
      Evaluation: [ 700/1978]  eta: 0:01:42    time: 0.0803  data: 0.0000  max mem: 2671
      Evaluation: [ 800/1978]  eta: 0:01:34    time: 0.0807  data: 0.0000  max mem: 2671
      Evaluation: [ 900/1978]  eta: 0:01:26    time: 0.0803  data: 0.0000  max mem: 2671
      Evaluation: [1000/1978]  eta: 0:01:18    time: 0.0810  data: 0.0000  max mem: 2671
      Evaluation: [1100/1978]  eta: 0:01:10    time: 0.0806  data: 0.0000  max mem: 2671
      Evaluation: [1200/1978]  eta: 0:01:02    time: 0.0807  data: 0.0000  max mem: 2671
      Evaluation: [1300/1978]  eta: 0:00:54    time: 0.0806  data: 0.0000  max mem: 2671
      Evaluation: [1400/1978]  eta: 0:00:46    time: 0.0803  data: 0.0000  max mem: 2671
      Evaluation: [1500/1978]  eta: 0:00:38    time: 0.0807  data: 0.0000  max mem: 2671
      Evaluation: [1600/1978]  eta: 0:00:30    time: 0.0803  data: 0.0000  max mem: 2671
      Evaluation: [1700/1978]  eta: 0:00:22    time: 0.0806  data: 0.0000  max mem: 2671
      Evaluation: [1800/1978]  eta: 0:00:14    time: 0.0805  data: 0.0000  max mem: 2671
      Evaluation: [1900/1978]  eta: 0:00:06    time: 0.0805  data: 0.0000  max mem: 2671
      Evaluation: [1977/1978]  eta: 0:00:00    time: 0.0805  data: 0.0000  max mem: 2671
      Evaluation: Total time: 0:02:39 (0.0806 s / it)
     Computing matching score time 0:02:39
### TTA ITM Score: 
+-------------------+--------+--------+--------+--------+--------+
|       epoch       |   R1   |   R5   |  R10   |  mAP   |  mINP  |
+-------------------+--------+--------+--------+--------+--------+
|  cos_sim_wo/norm  | 58.544 | 91.860 | 95.703 | 73.596 | 73.596 |
|        -999       | 69.414 | 95.197 | 97.776 | 81.233 | 81.233 |
| itm_score_wo/norm | 84.328 | 98.989 | 99.494 | 91.293 | 91.293 |
|        -999       | 84.277 | 99.039 | 99.596 | 91.276 | 91.276 |
|         0         | 84.631 | 98.989 | 99.596 | 91.419 | 91.419 |
|         1         | 84.681 | 98.888 | 99.494 | 91.407 | 91.407 |
|         2         | 84.631 | 98.686 | 99.343 | 91.314 | 91.314 |
|         4         | 84.631 | 98.787 | 99.393 | 91.316 | 91.316 |
|         9         | 84.429 | 98.686 | 99.393 | 91.137 | 91.137 |
+-------------------+--------+--------+--------+--------+--------+
     logs:  {'epo': 9, 'R1': np.float32(84.429), 'R5': np.float32(98.686), 'R10': np.float32(99.393), 'mAP': np.float32(91.137), 'mINP': np.float32(91.137), 'entropy': 0.092343, 'uncertainty': 1.464571, 'uncertainty_coeffi': 0.01, 'loss': 0.071091, 'lr': 0.000488}
      TTA Epoch: [10] [ 0/61]  eta: 0:00:15  entropy: 0.0754  uncertainty: 1.4676  uncertainty_coeffi: 0.0100  loss: 0.0562  lr: 0.000483  time: 0.2581  data: 0.1883  max mem: 2671
      TTA Epoch: [10] [60/61]  eta: 0:00:00  entropy: 0.0602  uncertainty: 1.4306  uncertainty_coeffi: 0.0100  loss: 0.0597  lr: 0.000473  time: 0.0731  data: 0.0000  max mem: 2671
      TTA Epoch: [10] Total time: 0:00:04 (0.0761 s / it)
     Averaged stats: entropy: 0.0815  uncertainty: 1.4645  uncertainty_coeffi: 0.0100  loss: 0.0643  lr: 0.0005
     itm tta time 0:00:04
      TTA Epoch: [11] [ 0/61]  eta: 0:00:15  entropy: 0.0953  uncertainty: 1.3746  uncertainty_coeffi: 0.0100  loss: 0.0687  lr: 0.000473  time: 0.2622  data: 0.1867  max mem: 2671
      TTA Epoch: [11] [60/61]  eta: 0:00:00  entropy: 0.0230  uncertainty: 1.5194  uncertainty_coeffi: 0.0100  loss: 0.0314  lr: 0.000464  time: 0.0731  data: 0.0000  max mem: 2671
      TTA Epoch: [11] Total time: 0:00:04 (0.0761 s / it)
     Averaged stats: entropy: 0.0773  uncertainty: 1.4650  uncertainty_coeffi: 0.0100  loss: 0.0614  lr: 0.0005
     itm tta time 0:00:04
      TTA Epoch: [12] [ 0/61]  eta: 0:00:15  entropy: 0.0231  uncertainty: 1.4240  uncertainty_coeffi: 0.0100  loss: 0.0290  lr: 0.000464  time: 0.2614  data: 0.1853  max mem: 2671
      TTA Epoch: [12] [60/61]  eta: 0:00:00  entropy: 0.0932  uncertainty: 1.4070  uncertainty_coeffi: 0.0100  loss: 0.0717  lr: 0.000455  time: 0.0732  data: 0.0000  max mem: 2671
      TTA Epoch: [12] Total time: 0:00:04 (0.0764 s / it)
     Averaged stats: entropy: 0.0678  uncertainty: 1.4644  uncertainty_coeffi: 0.0100  loss: 0.0554  lr: 0.0005
     itm tta time 0:00:04
      TTA Epoch: [13] [ 0/61]  eta: 0:00:16  entropy: 0.0964  uncertainty: 1.3621  uncertainty_coeffi: 0.0100  loss: 0.0797  lr: 0.000454  time: 0.2671  data: 0.1898  max mem: 2671
      TTA Epoch: [13] [60/61]  eta: 0:00:00  entropy: 0.0313  uncertainty: 1.4144  uncertainty_coeffi: 0.0100  loss: 0.0365  lr: 0.000445  time: 0.0733  data: 0.0000  max mem: 2671
      TTA Epoch: [13] Total time: 0:00:04 (0.0764 s / it)
     Averaged stats: entropy: 0.0579  uncertainty: 1.4648  uncertainty_coeffi: 0.0100  loss: 0.0499  lr: 0.0004
     itm tta time 0:00:04
      TTA Epoch: [14] [ 0/61]  eta: 0:00:15  entropy: 0.0321  uncertainty: 1.3738  uncertainty_coeffi: 0.0100  loss: 0.0351  lr: 0.000445  time: 0.2576  data: 0.1917  max mem: 2671
      TTA Epoch: [14] [60/61]  eta: 0:00:00  entropy: 0.0556  uncertainty: 1.3669  uncertainty_coeffi: 0.0100  loss: 0.0483  lr: 0.000436  time: 0.0730  data: 0.0000  max mem: 2671
      TTA Epoch: [14] Total time: 0:00:04 (0.0761 s / it)
     Averaged stats: entropy: 0.0584  uncertainty: 1.4644  uncertainty_coeffi: 0.0100  loss: 0.0499  lr: 0.0004
     itm tta time 0:00:04
     Computing matching score
      Evaluation: [   0/1978]  eta: 0:02:42    time: 0.0820  data: 0.0009  max mem: 2671
      Evaluation: [ 100/1978]  eta: 0:02:31    time: 0.0804  data: 0.0000  max mem: 2671
      Evaluation: [ 200/1978]  eta: 0:02:23    time: 0.0805  data: 0.0000  max mem: 2671
      Evaluation: [ 300/1978]  eta: 0:02:15    time: 0.0805  data: 0.0000  max mem: 2671
      Evaluation: [ 400/1978]  eta: 0:02:06    time: 0.0804  data: 0.0000  max mem: 2671
      Evaluation: [ 500/1978]  eta: 0:01:58    time: 0.0805  data: 0.0000  max mem: 2671
      Evaluation: [ 600/1978]  eta: 0:01:50    time: 0.0805  data: 0.0000  max mem: 2671
      Evaluation: [ 700/1978]  eta: 0:01:42    time: 0.0805  data: 0.0000  max mem: 2671
      Evaluation: [ 800/1978]  eta: 0:01:34    time: 0.0805  data: 0.0000  max mem: 2671
      Evaluation: [ 900/1978]  eta: 0:01:26    time: 0.0806  data: 0.0000  max mem: 2671
      Evaluation: [1000/1978]  eta: 0:01:18    time: 0.0805  data: 0.0000  max mem: 2671
      Evaluation: [1100/1978]  eta: 0:01:10    time: 0.0806  data: 0.0000  max mem: 2671
      Evaluation: [1200/1978]  eta: 0:01:02    time: 0.0805  data: 0.0000  max mem: 2671
      Evaluation: [1300/1978]  eta: 0:00:54    time: 0.0805  data: 0.0000  max mem: 2671
      Evaluation: [1400/1978]  eta: 0:00:46    time: 0.0805  data: 0.0000  max mem: 2671
      Evaluation: [1500/1978]  eta: 0:00:38    time: 0.0806  data: 0.0000  max mem: 2671
      Evaluation: [1600/1978]  eta: 0:00:30    time: 0.0805  data: 0.0000  max mem: 2671
      Evaluation: [1700/1978]  eta: 0:00:22    time: 0.0807  data: 0.0000  max mem: 2671
      Evaluation: [1800/1978]  eta: 0:00:14    time: 0.0805  data: 0.0000  max mem: 2671
      Evaluation: [1900/1978]  eta: 0:00:06    time: 0.0806  data: 0.0000  max mem: 2671
      Evaluation: [1977/1978]  eta: 0:00:00    time: 0.0806  data: 0.0000  max mem: 2671
      Evaluation: Total time: 0:02:39 (0.0805 s / it)
     Computing matching score time 0:02:39
### TTA ITM Score: 
+-------------------+--------+--------+--------+--------+--------+
|       epoch       |   R1   |   R5   |  R10   |  mAP   |  mINP  |
+-------------------+--------+--------+--------+--------+--------+
|  cos_sim_wo/norm  | 58.544 | 91.860 | 95.703 | 73.596 | 73.596 |
|        -999       | 69.414 | 95.197 | 97.776 | 81.233 | 81.233 |
| itm_score_wo/norm | 84.328 | 98.989 | 99.494 | 91.293 | 91.293 |
|        -999       | 84.277 | 99.039 | 99.596 | 91.276 | 91.276 |
|         0         | 84.631 | 98.989 | 99.596 | 91.419 | 91.419 |
|         1         | 84.681 | 98.888 | 99.494 | 91.407 | 91.407 |
|         2         | 84.631 | 98.686 | 99.343 | 91.314 | 91.314 |
|         4         | 84.631 | 98.787 | 99.393 | 91.316 | 91.316 |
|         9         | 84.429 | 98.686 | 99.393 | 91.137 | 91.137 |
|         14        | 84.176 | 98.534 | 99.343 | 90.947 | 90.947 |
+-------------------+--------+--------+--------+--------+--------+
     logs:  {'epo': 14, 'R1': np.float32(84.176), 'R5': np.float32(98.534), 'R10': np.float32(99.343), 'mAP': np.float32(90.947), 'mINP': np.float32(90.947), 'entropy': 0.058412, 'uncertainty': 1.464384, 'uncertainty_coeffi': 0.01, 'loss': 0.049904, 'lr': 0.00044}
      TTA Epoch: [15] [ 0/61]  eta: 0:00:15  entropy: 0.0658  uncertainty: 1.4598  uncertainty_coeffi: 0.0100  loss: 0.0684  lr: 0.000435  time: 0.2464  data: 0.1808  max mem: 2671
      TTA Epoch: [15] [60/61]  eta: 0:00:00  entropy: 0.0443  uncertainty: 1.4890  uncertainty_coeffi: 0.0100  loss: 0.0364  lr: 0.000426  time: 0.0731  data: 0.0000  max mem: 2671
      TTA Epoch: [15] Total time: 0:00:04 (0.0758 s / it)
     Averaged stats: entropy: 0.0555  uncertainty: 1.4645  uncertainty_coeffi: 0.0100  loss: 0.0476  lr: 0.0004
     itm tta time 0:00:04
      TTA Epoch: [16] [ 0/61]  eta: 0:00:16  entropy: 0.0866  uncertainty: 1.4323  uncertainty_coeffi: 0.0100  loss: 0.0678  lr: 0.000426  time: 0.2772  data: 0.2024  max mem: 2671
      TTA Epoch: [16] [60/61]  eta: 0:00:00  entropy: 0.0708  uncertainty: 1.4824  uncertainty_coeffi: 0.0100  loss: 0.0474  lr: 0.000417  time: 0.0732  data: 0.0000  max mem: 2671
      TTA Epoch: [16] Total time: 0:00:04 (0.0766 s / it)
     Averaged stats: entropy: 0.0517  uncertainty: 1.4650  uncertainty_coeffi: 0.0100  loss: 0.0455  lr: 0.0004
     itm tta time 0:00:04
      TTA Epoch: [17] [ 0/61]  eta: 0:00:17  entropy: 0.0746  uncertainty: 1.4781  uncertainty_coeffi: 0.0100  loss: 0.0591  lr: 0.000416  time: 0.2866  data: 0.2062  max mem: 2671
      TTA Epoch: [17] [60/61]  eta: 0:00:00  entropy: 0.0188  uncertainty: 1.3445  uncertainty_coeffi: 0.0100  loss: 0.0258  lr: 0.000407  time: 0.0728  data: 0.0000  max mem: 2671
      TTA Epoch: [17] Total time: 0:00:04 (0.0766 s / it)
     Averaged stats: entropy: 0.0508  uncertainty: 1.4650  uncertainty_coeffi: 0.0100  loss: 0.0448  lr: 0.0004
     itm tta time 0:00:04
      TTA Epoch: [18] [ 0/61]  eta: 0:00:16  entropy: 0.0409  uncertainty: 1.5008  uncertainty_coeffi: 0.0100  loss: 0.0408  lr: 0.000407  time: 0.2649  data: 0.1884  max mem: 2671
      TTA Epoch: [18] [60/61]  eta: 0:00:00  entropy: 0.0482  uncertainty: 1.4045  uncertainty_coeffi: 0.0100  loss: 0.0460  lr: 0.000398  time: 0.0732  data: 0.0000  max mem: 2671
      TTA Epoch: [18] Total time: 0:00:04 (0.0764 s / it)
     Averaged stats: entropy: 0.0432  uncertainty: 1.4645  uncertainty_coeffi: 0.0100  loss: 0.0411  lr: 0.0004
     itm tta time 0:00:04
      TTA Epoch: [19] [ 0/61]  eta: 0:00:16  entropy: 0.0119  uncertainty: 1.4365  uncertainty_coeffi: 0.0100  loss: 0.0216  lr: 0.000398  time: 0.2650  data: 0.1991  max mem: 2671
      TTA Epoch: [19] [60/61]  eta: 0:00:00  entropy: 0.0658  uncertainty: 1.4134  uncertainty_coeffi: 0.0100  loss: 0.0526  lr: 0.000388  time: 0.0732  data: 0.0000  max mem: 2671
      TTA Epoch: [19] Total time: 0:00:04 (0.0763 s / it)
     Averaged stats: entropy: 0.0425  uncertainty: 1.4645  uncertainty_coeffi: 0.0100  loss: 0.0400  lr: 0.0004
     itm tta time 0:00:04
     Computing matching score
      Evaluation: [   0/1978]  eta: 0:02:33    time: 0.0778  data: 0.0009  max mem: 2671
      Evaluation: [ 100/1978]  eta: 0:02:30    time: 0.0804  data: 0.0000  max mem: 2671
      Evaluation: [ 200/1978]  eta: 0:02:22    time: 0.0803  data: 0.0000  max mem: 2671
      Evaluation: [ 300/1978]  eta: 0:02:14    time: 0.0803  data: 0.0000  max mem: 2671
      Evaluation: [ 400/1978]  eta: 0:02:06    time: 0.0804  data: 0.0000  max mem: 2671
      Evaluation: [ 500/1978]  eta: 0:01:58    time: 0.0804  data: 0.0000  max mem: 2671
      Evaluation: [ 600/1978]  eta: 0:01:50    time: 0.0804  data: 0.0000  max mem: 2671
      Evaluation: [ 700/1978]  eta: 0:01:42    time: 0.0805  data: 0.0000  max mem: 2671
      Evaluation: [ 800/1978]  eta: 0:01:34    time: 0.0805  data: 0.0000  max mem: 2671
      Evaluation: [ 900/1978]  eta: 0:01:26    time: 0.0804  data: 0.0000  max mem: 2671
      Evaluation: [1000/1978]  eta: 0:01:18    time: 0.0804  data: 0.0000  max mem: 2671
      Evaluation: [1100/1978]  eta: 0:01:10    time: 0.0803  data: 0.0000  max mem: 2671
      Evaluation: [1200/1978]  eta: 0:01:02    time: 0.0803  data: 0.0000  max mem: 2671
      Evaluation: [1300/1978]  eta: 0:00:54    time: 0.0806  data: 0.0000  max mem: 2671
      Evaluation: [1400/1978]  eta: 0:00:46    time: 0.0807  data: 0.0000  max mem: 2671
      Evaluation: [1500/1978]  eta: 0:00:38    time: 0.0807  data: 0.0000  max mem: 2671
      Evaluation: [1600/1978]  eta: 0:00:30    time: 0.0807  data: 0.0000  max mem: 2671
      Evaluation: [1700/1978]  eta: 0:00:22    time: 0.0806  data: 0.0000  max mem: 2671
      Evaluation: [1800/1978]  eta: 0:00:14    time: 0.0807  data: 0.0000  max mem: 2671
      Evaluation: [1900/1978]  eta: 0:00:06    time: 0.0807  data: 0.0000  max mem: 2671
      Evaluation: [1977/1978]  eta: 0:00:00    time: 0.0810  data: 0.0000  max mem: 2671
      Evaluation: Total time: 0:02:39 (0.0806 s / it)
     Computing matching score time 0:02:39
### TTA ITM Score: 
+-------------------+--------+--------+--------+--------+--------+
|       epoch       |   R1   |   R5   |  R10   |  mAP   |  mINP  |
+-------------------+--------+--------+--------+--------+--------+
|  cos_sim_wo/norm  | 58.544 | 91.860 | 95.703 | 73.596 | 73.596 |
|        -999       | 69.414 | 95.197 | 97.776 | 81.233 | 81.233 |
| itm_score_wo/norm | 84.328 | 98.989 | 99.494 | 91.293 | 91.293 |
|        -999       | 84.277 | 99.039 | 99.596 | 91.276 | 91.276 |
|         0         | 84.631 | 98.989 | 99.596 | 91.419 | 91.419 |
|         1         | 84.681 | 98.888 | 99.494 | 91.407 | 91.407 |
|         2         | 84.631 | 98.686 | 99.343 | 91.314 | 91.314 |
|         4         | 84.631 | 98.787 | 99.393 | 91.316 | 91.316 |
|         9         | 84.429 | 98.686 | 99.393 | 91.137 | 91.137 |
|         14        | 84.176 | 98.534 | 99.343 | 90.947 | 90.947 |
|         19        | 84.277 | 98.686 | 99.393 | 91.035 | 91.035 |
+-------------------+--------+--------+--------+--------+--------+
     logs:  {'epo': 19, 'R1': np.float32(84.277), 'R5': np.float32(98.686), 'R10': np.float32(99.393), 'mAP': np.float32(91.035), 'mINP': np.float32(91.035), 'entropy': 0.042536, 'uncertainty': 1.464496, 'uncertainty_coeffi': 0.01, 'loss': 0.040011, 'lr': 0.000393}
      TTA Epoch: [20] [ 0/61]  eta: 0:00:15  entropy: 0.0234  uncertainty: 1.5361  uncertainty_coeffi: 0.0100  loss: 0.0302  lr: 0.000388  time: 0.2566  data: 0.1959  max mem: 2671
      TTA Epoch: [20] [60/61]  eta: 0:00:00  entropy: 0.0430  uncertainty: 1.3919  uncertainty_coeffi: 0.0100  loss: 0.0448  lr: 0.000379  time: 0.0736  data: 0.0000  max mem: 2671
      TTA Epoch: [20] Total time: 0:00:04 (0.0765 s / it)
     Averaged stats: entropy: 0.0386  uncertainty: 1.4646  uncertainty_coeffi: 0.0100  loss: 0.0381  lr: 0.0004
     itm tta time 0:00:04
      TTA Epoch: [21] [ 0/61]  eta: 0:00:15  entropy: 0.0591  uncertainty: 1.5003  uncertainty_coeffi: 0.0100  loss: 0.0529  lr: 0.000379  time: 0.2598  data: 0.1953  max mem: 2671
      TTA Epoch: [21] [60/61]  eta: 0:00:00  entropy: 0.0460  uncertainty: 1.4413  uncertainty_coeffi: 0.0100  loss: 0.0525  lr: 0.000369  time: 0.0724  data: 0.0000  max mem: 2671
      TTA Epoch: [21] Total time: 0:00:04 (0.0763 s / it)
     Averaged stats: entropy: 0.0390  uncertainty: 1.4645  uncertainty_coeffi: 0.0100  loss: 0.0386  lr: 0.0004
     itm tta time 0:00:04
      TTA Epoch: [22] [ 0/61]  eta: 0:00:16  entropy: 0.0141  uncertainty: 1.3769  uncertainty_coeffi: 0.0100  loss: 0.0267  lr: 0.000369  time: 0.2704  data: 0.1871  max mem: 2671
      TTA Epoch: [22] [60/61]  eta: 0:00:00  entropy: 0.0646  uncertainty: 1.4495  uncertainty_coeffi: 0.0100  loss: 0.0547  lr: 0.000360  time: 0.0730  data: 0.0000  max mem: 2671
      TTA Epoch: [22] Total time: 0:00:04 (0.0765 s / it)
     Averaged stats: entropy: 0.0427  uncertainty: 1.4654  uncertainty_coeffi: 0.0100  loss: 0.0405  lr: 0.0004
     itm tta time 0:00:04
      TTA Epoch: [23] [ 0/61]  eta: 0:00:16  entropy: 0.0438  uncertainty: 1.4571  uncertainty_coeffi: 0.0100  loss: 0.0416  lr: 0.000360  time: 0.2714  data: 0.1917  max mem: 2671
      TTA Epoch: [23] [60/61]  eta: 0:00:00  entropy: 0.0262  uncertainty: 1.4322  uncertainty_coeffi: 0.0100  loss: 0.0318  lr: 0.000350  time: 0.0726  data: 0.0000  max mem: 2671
      TTA Epoch: [23] Total time: 0:00:04 (0.0758 s / it)
     Averaged stats: entropy: 0.0350  uncertainty: 1.4649  uncertainty_coeffi: 0.0100  loss: 0.0351  lr: 0.0004
     itm tta time 0:00:04
      TTA Epoch: [24] [ 0/61]  eta: 0:00:18  entropy: 0.0171  uncertainty: 1.4394  uncertainty_coeffi: 0.0100  loss: 0.0240  lr: 0.000350  time: 0.2964  data: 0.2194  max mem: 2671
      TTA Epoch: [24] [60/61]  eta: 0:00:00  entropy: 0.0462  uncertainty: 1.4624  uncertainty_coeffi: 0.0100  loss: 0.0372  lr: 0.000341  time: 0.0725  data: 0.0000  max mem: 2671
      TTA Epoch: [24] Total time: 0:00:04 (0.0765 s / it)
     Averaged stats: entropy: 0.0317  uncertainty: 1.4643  uncertainty_coeffi: 0.0100  loss: 0.0333  lr: 0.0003
     itm tta time 0:00:04
      TTA Epoch: [25] [ 0/61]  eta: 0:00:16  entropy: 0.0320  uncertainty: 1.5167  uncertainty_coeffi: 0.0100  loss: 0.0329  lr: 0.000341  time: 0.2680  data: 0.1909  max mem: 2671
      TTA Epoch: [25] [60/61]  eta: 0:00:00  entropy: 0.0236  uncertainty: 1.5204  uncertainty_coeffi: 0.0100  loss: 0.0292  lr: 0.000331  time: 0.0733  data: 0.0000  max mem: 2671
      TTA Epoch: [25] Total time: 0:00:04 (0.0765 s / it)
     Averaged stats: entropy: 0.0349  uncertainty: 1.4648  uncertainty_coeffi: 0.0100  loss: 0.0362  lr: 0.0003
     itm tta time 0:00:04
      TTA Epoch: [26] [ 0/61]  eta: 0:00:16  entropy: 0.0234  uncertainty: 1.4992  uncertainty_coeffi: 0.0100  loss: 0.0273  lr: 0.000331  time: 0.2706  data: 0.1938  max mem: 2671
      TTA Epoch: [26] [60/61]  eta: 0:00:00  entropy: 0.0010  uncertainty: 1.4617  uncertainty_coeffi: 0.0100  loss: 0.0154  lr: 0.000322  time: 0.0735  data: 0.0000  max mem: 2671
      TTA Epoch: [26] Total time: 0:00:04 (0.0767 s / it)
     Averaged stats: entropy: 0.0308  uncertainty: 1.4642  uncertainty_coeffi: 0.0100  loss: 0.0332  lr: 0.0003
     itm tta time 0:00:04
      TTA Epoch: [27] [ 0/61]  eta: 0:00:15  entropy: 0.0298  uncertainty: 1.4625  uncertainty_coeffi: 0.0100  loss: 0.0293  lr: 0.000322  time: 0.2545  data: 0.1911  max mem: 2671
      TTA Epoch: [27] [60/61]  eta: 0:00:00  entropy: 0.1221  uncertainty: 1.5601  uncertainty_coeffi: 0.0100  loss: 0.0918  lr: 0.000312  time: 0.0736  data: 0.0000  max mem: 2671
      TTA Epoch: [27] Total time: 0:00:04 (0.0766 s / it)
     Averaged stats: entropy: 0.0328  uncertainty: 1.4638  uncertainty_coeffi: 0.0100  loss: 0.0347  lr: 0.0003
     itm tta time 0:00:04
      TTA Epoch: [28] [ 0/61]  eta: 0:00:15  entropy: 0.0089  uncertainty: 1.4983  uncertainty_coeffi: 0.0100  loss: 0.0206  lr: 0.000312  time: 0.2603  data: 0.1934  max mem: 2671
      TTA Epoch: [28] [60/61]  eta: 0:00:00  entropy: 0.0169  uncertainty: 1.4082  uncertainty_coeffi: 0.0100  loss: 0.0267  lr: 0.000303  time: 0.0726  data: 0.0000  max mem: 2671
      TTA Epoch: [28] Total time: 0:00:04 (0.0761 s / it)
     Averaged stats: entropy: 0.0308  uncertainty: 1.4652  uncertainty_coeffi: 0.0100  loss: 0.0325  lr: 0.0003
     itm tta time 0:00:04
      TTA Epoch: [29] [ 0/61]  eta: 0:00:16  entropy: 0.0315  uncertainty: 1.4855  uncertainty_coeffi: 0.0100  loss: 0.0373  lr: 0.000303  time: 0.2777  data: 0.1957  max mem: 2671
      TTA Epoch: [29] [60/61]  eta: 0:00:00  entropy: 0.0032  uncertainty: 1.5224  uncertainty_coeffi: 0.0100  loss: 0.0172  lr: 0.000293  time: 0.0725  data: 0.0000  max mem: 2671
      TTA Epoch: [29] Total time: 0:00:04 (0.0761 s / it)
     Averaged stats: entropy: 0.0279  uncertainty: 1.4641  uncertainty_coeffi: 0.0100  loss: 0.0313  lr: 0.0003
     itm tta time 0:00:04
     Computing matching score
      Evaluation: [   0/1978]  eta: 0:02:44    time: 0.0833  data: 0.0010  max mem: 2671
      Evaluation: [ 100/1978]  eta: 0:02:31    time: 0.0806  data: 0.0000  max mem: 2671
      Evaluation: [ 200/1978]  eta: 0:02:23    time: 0.0806  data: 0.0000  max mem: 2671
      Evaluation: [ 300/1978]  eta: 0:02:15    time: 0.0806  data: 0.0000  max mem: 2671
      Evaluation: [ 400/1978]  eta: 0:02:07    time: 0.0806  data: 0.0000  max mem: 2671
      Evaluation: [ 500/1978]  eta: 0:01:59    time: 0.0806  data: 0.0000  max mem: 2671
      Evaluation: [ 600/1978]  eta: 0:01:51    time: 0.0807  data: 0.0000  max mem: 2671
      Evaluation: [ 700/1978]  eta: 0:01:43    time: 0.0807  data: 0.0000  max mem: 2671
      Evaluation: [ 800/1978]  eta: 0:01:35    time: 0.0807  data: 0.0000  max mem: 2671
      Evaluation: [ 900/1978]  eta: 0:01:26    time: 0.0808  data: 0.0000  max mem: 2671
      Evaluation: [1000/1978]  eta: 0:01:18    time: 0.0807  data: 0.0000  max mem: 2671
      Evaluation: [1100/1978]  eta: 0:01:10    time: 0.0807  data: 0.0000  max mem: 2671
      Evaluation: [1200/1978]  eta: 0:01:02    time: 0.0808  data: 0.0000  max mem: 2671
      Evaluation: [1300/1978]  eta: 0:00:54    time: 0.0808  data: 0.0000  max mem: 2671
      Evaluation: [1400/1978]  eta: 0:00:46    time: 0.0808  data: 0.0000  max mem: 2671
      Evaluation: [1500/1978]  eta: 0:00:38    time: 0.0808  data: 0.0000  max mem: 2671
      Evaluation: [1600/1978]  eta: 0:00:30    time: 0.0804  data: 0.0000  max mem: 2671
      Evaluation: [1700/1978]  eta: 0:00:22    time: 0.0807  data: 0.0000  max mem: 2671
      Evaluation: [1800/1978]  eta: 0:00:14    time: 0.0805  data: 0.0000  max mem: 2671
      Evaluation: [1900/1978]  eta: 0:00:06    time: 0.0804  data: 0.0000  max mem: 2671
      Evaluation: [1977/1978]  eta: 0:00:00    time: 0.0809  data: 0.0000  max mem: 2671
      Evaluation: Total time: 0:02:39 (0.0807 s / it)
     Computing matching score time 0:02:40
### TTA ITM Score: 
+-------------------+--------+--------+--------+--------+--------+
|       epoch       |   R1   |   R5   |  R10   |  mAP   |  mINP  |
+-------------------+--------+--------+--------+--------+--------+
|  cos_sim_wo/norm  | 58.544 | 91.860 | 95.703 | 73.596 | 73.596 |
|        -999       | 69.414 | 95.197 | 97.776 | 81.233 | 81.233 |
| itm_score_wo/norm | 84.328 | 98.989 | 99.494 | 91.293 | 91.293 |
|        -999       | 84.277 | 99.039 | 99.596 | 91.276 | 91.276 |
|         0         | 84.631 | 98.989 | 99.596 | 91.419 | 91.419 |
|         1         | 84.681 | 98.888 | 99.494 | 91.407 | 91.407 |
|         2         | 84.631 | 98.686 | 99.343 | 91.314 | 91.314 |
|         4         | 84.631 | 98.787 | 99.393 | 91.316 | 91.316 |
|         9         | 84.429 | 98.686 | 99.393 | 91.137 | 91.137 |
|         14        | 84.176 | 98.534 | 99.343 | 90.947 | 90.947 |
|         19        | 84.277 | 98.686 | 99.393 | 91.035 | 91.035 |
|         29        | 84.681 | 98.534 | 99.292 | 91.216 | 91.216 |
+-------------------+--------+--------+--------+--------+--------+
     logs:  {'epo': 29, 'R1': np.float32(84.681), 'R5': np.float32(98.534), 'R10': np.float32(99.292), 'mAP': np.float32(91.216), 'mINP': np.float32(91.216), 'entropy': 0.027916, 'uncertainty': 1.464136, 'uncertainty_coeffi': 0.01, 'loss': 0.031327, 'lr': 0.000298}
      TTA Epoch: [30] [ 0/61]  eta: 0:00:15  entropy: 0.0547  uncertainty: 1.5342  uncertainty_coeffi: 0.0100  loss: 0.0434  lr: 0.000293  time: 0.2523  data: 0.1923  max mem: 2671
      TTA Epoch: [30] [60/61]  eta: 0:00:00  entropy: 0.0280  uncertainty: 1.5232  uncertainty_coeffi: 0.0100  loss: 0.0301  lr: 0.000284  time: 0.0736  data: 0.0000  max mem: 2671
      TTA Epoch: [30] Total time: 0:00:04 (0.0765 s / it)
     Averaged stats: entropy: 0.0261  uncertainty: 1.4645  uncertainty_coeffi: 0.0100  loss: 0.0299  lr: 0.0003
     itm tta time 0:00:04
      TTA Epoch: [31] [ 0/61]  eta: 0:00:16  entropy: 0.0383  uncertainty: 1.4321  uncertainty_coeffi: 0.0100  loss: 0.0327  lr: 0.000284  time: 0.2702  data: 0.1921  max mem: 2671
      TTA Epoch: [31] [60/61]  eta: 0:00:00  entropy: 0.0124  uncertainty: 1.5066  uncertainty_coeffi: 0.0100  loss: 0.0213  lr: 0.000275  time: 0.0727  data: 0.0000  max mem: 2671
      TTA Epoch: [31] Total time: 0:00:04 (0.0764 s / it)
     Averaged stats: entropy: 0.0261  uncertainty: 1.4650  uncertainty_coeffi: 0.0100  loss: 0.0299  lr: 0.0003
     itm tta time 0:00:04
      TTA Epoch: [32] [ 0/61]  eta: 0:00:17  entropy: 0.0285  uncertainty: 1.5253  uncertainty_coeffi: 0.0100  loss: 0.0288  lr: 0.000274  time: 0.2791  data: 0.1997  max mem: 2671
      TTA Epoch: [32] [60/61]  eta: 0:00:00  entropy: 0.0168  uncertainty: 1.4217  uncertainty_coeffi: 0.0100  loss: 0.0240  lr: 0.000133  time: 0.0728  data: 0.0000  max mem: 2671
      TTA Epoch: [32] Total time: 0:00:04 (0.0764 s / it)
     Averaged stats: entropy: 0.0282  uncertainty: 1.4633  uncertainty_coeffi: 0.0100  loss: 0.0315  lr: 0.0002
     itm tta time 0:00:04
      TTA Epoch: [33] [ 0/61]  eta: 0:00:16  entropy: 0.0012  uncertainty: 1.4066  uncertainty_coeffi: 0.0100  loss: 0.0147  lr: 0.000132  time: 0.2673  data: 0.1887  max mem: 2671
      TTA Epoch: [33] [60/61]  eta: 0:00:00  entropy: 0.0527  uncertainty: 1.5640  uncertainty_coeffi: 0.0100  loss: 0.0462  lr: 0.000128  time: 0.0729  data: 0.0000  max mem: 2671
      TTA Epoch: [33] Total time: 0:00:04 (0.0763 s / it)
     Averaged stats: entropy: 0.0264  uncertainty: 1.4648  uncertainty_coeffi: 0.0100  loss: 0.0306  lr: 0.0001
     itm tta time 0:00:04
      TTA Epoch: [34] [ 0/61]  eta: 0:00:16  entropy: 0.0413  uncertainty: 1.5341  uncertainty_coeffi: 0.0100  loss: 0.0404  lr: 0.000128  time: 0.2736  data: 0.1957  max mem: 2671
      TTA Epoch: [34] [60/61]  eta: 0:00:00  entropy: 0.0300  uncertainty: 1.6308  uncertainty_coeffi: 0.0100  loss: 0.0318  lr: 0.000123  time: 0.0736  data: 0.0000  max mem: 2671
      TTA Epoch: [34] Total time: 0:00:04 (0.0768 s / it)
     Averaged stats: entropy: 0.0272  uncertainty: 1.4654  uncertainty_coeffi: 0.0100  loss: 0.0309  lr: 0.0001
     itm tta time 0:00:04
      TTA Epoch: [35] [ 0/61]  eta: 0:00:15  entropy: 0.0024  uncertainty: 1.4195  uncertainty_coeffi: 0.0100  loss: 0.0158  lr: 0.000123  time: 0.2612  data: 0.2004  max mem: 2671
      TTA Epoch: [35] [60/61]  eta: 0:00:00  entropy: 0.0179  uncertainty: 1.5480  uncertainty_coeffi: 0.0100  loss: 0.0262  lr: 0.000118  time: 0.0735  data: 0.0000  max mem: 2671
      TTA Epoch: [35] Total time: 0:00:04 (0.0767 s / it)
     Averaged stats: entropy: 0.0273  uncertainty: 1.4649  uncertainty_coeffi: 0.0100  loss: 0.0307  lr: 0.0001
     itm tta time 0:00:04
      TTA Epoch: [36] [ 0/61]  eta: 0:00:16  entropy: 0.0295  uncertainty: 1.5257  uncertainty_coeffi: 0.0100  loss: 0.0366  lr: 0.000118  time: 0.2696  data: 0.1909  max mem: 2671
      TTA Epoch: [36] [60/61]  eta: 0:00:00  entropy: 0.0661  uncertainty: 1.5937  uncertainty_coeffi: 0.0100  loss: 0.0572  lr: 0.000114  time: 0.0725  data: 0.0000  max mem: 2671
      TTA Epoch: [36] Total time: 0:00:04 (0.0762 s / it)
     Averaged stats: entropy: 0.0283  uncertainty: 1.4645  uncertainty_coeffi: 0.0100  loss: 0.0319  lr: 0.0001
     itm tta time 0:00:04
      TTA Epoch: [37] [ 0/61]  eta: 0:00:17  entropy: 0.0525  uncertainty: 1.6031  uncertainty_coeffi: 0.0100  loss: 0.0409  lr: 0.000114  time: 0.2839  data: 0.2067  max mem: 2671
      TTA Epoch: [37] [60/61]  eta: 0:00:00  entropy: 0.0015  uncertainty: 1.3738  uncertainty_coeffi: 0.0100  loss: 0.0145  lr: 0.000109  time: 0.0728  data: 0.0000  max mem: 2671
      TTA Epoch: [37] Total time: 0:00:04 (0.0763 s / it)
     Averaged stats: entropy: 0.0267  uncertainty: 1.4650  uncertainty_coeffi: 0.0100  loss: 0.0299  lr: 0.0001
     itm tta time 0:00:04
      TTA Epoch: [38] [ 0/61]  eta: 0:00:16  entropy: 0.0192  uncertainty: 1.5296  uncertainty_coeffi: 0.0100  loss: 0.0262  lr: 0.000109  time: 0.2709  data: 0.1925  max mem: 2671
      TTA Epoch: [38] [60/61]  eta: 0:00:00  entropy: 0.0670  uncertainty: 1.4320  uncertainty_coeffi: 0.0100  loss: 0.0544  lr: 0.000104  time: 0.0728  data: 0.0000  max mem: 2671
      TTA Epoch: [38] Total time: 0:00:04 (0.0763 s / it)
     Averaged stats: entropy: 0.0228  uncertainty: 1.4646  uncertainty_coeffi: 0.0100  loss: 0.0280  lr: 0.0001
     itm tta time 0:00:04
      TTA Epoch: [39] [ 0/61]  eta: 0:00:16  entropy: 0.0227  uncertainty: 1.5453  uncertainty_coeffi: 0.0100  loss: 0.0267  lr: 0.000104  time: 0.2675  data: 0.1927  max mem: 2671
      TTA Epoch: [39] [60/61]  eta: 0:00:00  entropy: 0.0162  uncertainty: 1.4303  uncertainty_coeffi: 0.0100  loss: 0.0266  lr: 0.000099  time: 0.0741  data: 0.0000  max mem: 2671
      TTA Epoch: [39] Total time: 0:00:04 (0.0769 s / it)
     Averaged stats: entropy: 0.0236  uncertainty: 1.4645  uncertainty_coeffi: 0.0100  loss: 0.0291  lr: 0.0001
     itm tta time 0:00:04
     Computing matching score
      Evaluation: [   0/1978]  eta: 0:02:03    time: 0.0625  data: 0.0009  max mem: 2671
      Evaluation: [ 100/1978]  eta: 0:02:30    time: 0.0800  data: 0.0000  max mem: 2671
      Evaluation: [ 200/1978]  eta: 0:02:22    time: 0.0810  data: 0.0000  max mem: 2671
      Evaluation: [ 300/1978]  eta: 0:02:14    time: 0.0800  data: 0.0000  max mem: 2671
      Evaluation: [ 400/1978]  eta: 0:02:06    time: 0.0799  data: 0.0000  max mem: 2671
      Evaluation: [ 500/1978]  eta: 0:01:58    time: 0.0805  data: 0.0000  max mem: 2671
      Evaluation: [ 600/1978]  eta: 0:01:50    time: 0.0799  data: 0.0000  max mem: 2671
      Evaluation: [ 700/1978]  eta: 0:01:42    time: 0.0802  data: 0.0000  max mem: 2671
      Evaluation: [ 800/1978]  eta: 0:01:34    time: 0.0795  data: 0.0000  max mem: 2671
      Evaluation: [ 900/1978]  eta: 0:01:26    time: 0.0799  data: 0.0000  max mem: 2671
      Evaluation: [1000/1978]  eta: 0:01:18    time: 0.0800  data: 0.0000  max mem: 2671
      Evaluation: [1100/1978]  eta: 0:01:10    time: 0.0800  data: 0.0000  max mem: 2671
      Evaluation: [1200/1978]  eta: 0:01:02    time: 0.0811  data: 0.0000  max mem: 2671
      Evaluation: [1300/1978]  eta: 0:00:54    time: 0.0808  data: 0.0000  max mem: 2671
      Evaluation: [1400/1978]  eta: 0:00:46    time: 0.0803  data: 0.0000  max mem: 2671
      Evaluation: [1500/1978]  eta: 0:00:38    time: 0.0802  data: 0.0000  max mem: 2671
      Evaluation: [1600/1978]  eta: 0:00:30    time: 0.0804  data: 0.0000  max mem: 2671
      Evaluation: [1700/1978]  eta: 0:00:22    time: 0.0804  data: 0.0000  max mem: 2671
      Evaluation: [1800/1978]  eta: 0:00:14    time: 0.0803  data: 0.0000  max mem: 2671
      Evaluation: [1900/1978]  eta: 0:00:06    time: 0.0804  data: 0.0000  max mem: 2671
      Evaluation: [1977/1978]  eta: 0:00:00    time: 0.0803  data: 0.0000  max mem: 2671
      Evaluation: Total time: 0:02:38 (0.0802 s / it)
     Computing matching score time 0:02:38
### TTA ITM Score: 
+-------------------+--------+--------+--------+--------+--------+
|       epoch       |   R1   |   R5   |  R10   |  mAP   |  mINP  |
+-------------------+--------+--------+--------+--------+--------+
|  cos_sim_wo/norm  | 58.544 | 91.860 | 95.703 | 73.596 | 73.596 |
|        -999       | 69.414 | 95.197 | 97.776 | 81.233 | 81.233 |
| itm_score_wo/norm | 84.328 | 98.989 | 99.494 | 91.293 | 91.293 |
|        -999       | 84.277 | 99.039 | 99.596 | 91.276 | 91.276 |
|         0         | 84.631 | 98.989 | 99.596 | 91.419 | 91.419 |
|         1         | 84.681 | 98.888 | 99.494 | 91.407 | 91.407 |
|         2         | 84.631 | 98.686 | 99.343 | 91.314 | 91.314 |
|         4         | 84.631 | 98.787 | 99.393 | 91.316 | 91.316 |
|         9         | 84.429 | 98.686 | 99.393 | 91.137 | 91.137 |
|         14        | 84.176 | 98.534 | 99.343 | 90.947 | 90.947 |
|         19        | 84.277 | 98.686 | 99.393 | 91.035 | 91.035 |
|         29        | 84.681 | 98.534 | 99.292 | 91.216 | 91.216 |
|         39        | 84.479 | 98.483 | 99.292 | 91.126 | 91.126 |
+-------------------+--------+--------+--------+--------+--------+
     logs:  {'epo': 39, 'R1': np.float32(84.479), 'R5': np.float32(98.483), 'R10': np.float32(99.292), 'mAP': np.float32(91.126), 'mINP': np.float32(91.126), 'entropy': 0.023633, 'uncertainty': 1.464536, 'uncertainty_coeffi': 0.01, 'loss': 0.029113, 'lr': 0.000102}
      TTA Epoch: [40] [ 0/61]  eta: 0:00:15  entropy: 0.0006  uncertainty: 1.3039  uncertainty_coeffi: 0.0100  loss: 0.0136  lr: 0.000099  time: 0.2621  data: 0.1933  max mem: 2671
      TTA Epoch: [40] [60/61]  eta: 0:00:00  entropy: 0.0152  uncertainty: 1.5117  uncertainty_coeffi: 0.0100  loss: 0.0219  lr: 0.000095  time: 0.0733  data: 0.0000  max mem: 2671
      TTA Epoch: [40] Total time: 0:00:04 (0.0763 s / it)
     Averaged stats: entropy: 0.0225  uncertainty: 1.4650  uncertainty_coeffi: 0.0100  loss: 0.0283  lr: 0.0001
     itm tta time 0:00:04
      TTA Epoch: [41] [ 0/61]  eta: 0:00:16  entropy: 0.0477  uncertainty: 1.6235  uncertainty_coeffi: 0.0100  loss: 0.0464  lr: 0.000095  time: 0.2682  data: 0.2020  max mem: 2671
      TTA Epoch: [41] [60/61]  eta: 0:00:00  entropy: 0.0168  uncertainty: 1.3591  uncertainty_coeffi: 0.0100  loss: 0.0255  lr: 0.000090  time: 0.0730  data: 0.0000  max mem: 2671
      TTA Epoch: [41] Total time: 0:00:04 (0.0761 s / it)
     Averaged stats: entropy: 0.0264  uncertainty: 1.4646  uncertainty_coeffi: 0.0100  loss: 0.0305  lr: 0.0001
     itm tta time 0:00:04
      TTA Epoch: [42] [ 0/61]  eta: 0:00:16  entropy: 0.0108  uncertainty: 1.4064  uncertainty_coeffi: 0.0100  loss: 0.0222  lr: 0.000090  time: 0.2703  data: 0.1959  max mem: 2671
      TTA Epoch: [42] [60/61]  eta: 0:00:00  entropy: 0.0106  uncertainty: 1.4123  uncertainty_coeffi: 0.0100  loss: 0.0207  lr: 0.000085  time: 0.0732  data: 0.0000  max mem: 2671
      TTA Epoch: [42] Total time: 0:00:04 (0.0763 s / it)
     Averaged stats: entropy: 0.0226  uncertainty: 1.4648  uncertainty_coeffi: 0.0100  loss: 0.0280  lr: 0.0001
     itm tta time 0:00:04
      TTA Epoch: [43] [ 0/61]  eta: 0:00:15  entropy: 0.0292  uncertainty: 1.5197  uncertainty_coeffi: 0.0100  loss: 0.0340  lr: 0.000085  time: 0.2538  data: 0.1888  max mem: 2671
      TTA Epoch: [43] [60/61]  eta: 0:00:00  entropy: 0.0398  uncertainty: 1.4594  uncertainty_coeffi: 0.0100  loss: 0.0387  lr: 0.000080  time: 0.0729  data: 0.0000  max mem: 2671
      TTA Epoch: [43] Total time: 0:00:04 (0.0760 s / it)
     Averaged stats: entropy: 0.0234  uncertainty: 1.4646  uncertainty_coeffi: 0.0100  loss: 0.0285  lr: 0.0001
     itm tta time 0:00:04
      TTA Epoch: [44] [ 0/61]  eta: 0:00:16  entropy: 0.0090  uncertainty: 1.5223  uncertainty_coeffi: 0.0100  loss: 0.0190  lr: 0.000080  time: 0.2684  data: 0.1942  max mem: 2671
      TTA Epoch: [44] [60/61]  eta: 0:00:00  entropy: 0.0128  uncertainty: 1.3534  uncertainty_coeffi: 0.0100  loss: 0.0217  lr: 0.000076  time: 0.0730  data: 0.0000  max mem: 2671
      TTA Epoch: [44] Total time: 0:00:04 (0.0763 s / it)
     Averaged stats: entropy: 0.0249  uncertainty: 1.4647  uncertainty_coeffi: 0.0100  loss: 0.0295  lr: 0.0001
     itm tta time 0:00:04
      TTA Epoch: [45] [ 0/61]  eta: 0:00:16  entropy: 0.0478  uncertainty: 1.4852  uncertainty_coeffi: 0.0100  loss: 0.0450  lr: 0.000076  time: 0.2684  data: 0.1934  max mem: 2671
      TTA Epoch: [45] [60/61]  eta: 0:00:00  entropy: 0.0479  uncertainty: 1.6283  uncertainty_coeffi: 0.0100  loss: 0.0481  lr: 0.000071  time: 0.0725  data: 0.0000  max mem: 2671
      TTA Epoch: [45] Total time: 0:00:04 (0.0760 s / it)
     Averaged stats: entropy: 0.0248  uncertainty: 1.4651  uncertainty_coeffi: 0.0100  loss: 0.0296  lr: 0.0001
     itm tta time 0:00:04
      TTA Epoch: [46] [ 0/61]  eta: 0:00:16  entropy: 0.0614  uncertainty: 1.4937  uncertainty_coeffi: 0.0100  loss: 0.0515  lr: 0.000071  time: 0.2639  data: 0.1889  max mem: 2671
      TTA Epoch: [46] [60/61]  eta: 0:00:00  entropy: 0.0057  uncertainty: 1.4358  uncertainty_coeffi: 0.0100  loss: 0.0177  lr: 0.000066  time: 0.0729  data: 0.0000  max mem: 2671
      TTA Epoch: [46] Total time: 0:00:04 (0.0761 s / it)
     Averaged stats: entropy: 0.0268  uncertainty: 1.4644  uncertainty_coeffi: 0.0100  loss: 0.0305  lr: 0.0001
     itm tta time 0:00:04
      TTA Epoch: [47] [ 0/61]  eta: 0:00:16  entropy: 0.0300  uncertainty: 1.4516  uncertainty_coeffi: 0.0100  loss: 0.0351  lr: 0.000066  time: 0.2740  data: 0.1982  max mem: 2671
      TTA Epoch: [47] [60/61]  eta: 0:00:00  entropy: 0.0575  uncertainty: 1.4635  uncertainty_coeffi: 0.0100  loss: 0.0414  lr: 0.000061  time: 0.0730  data: 0.0000  max mem: 2671
      TTA Epoch: [47] Total time: 0:00:04 (0.0763 s / it)
     Averaged stats: entropy: 0.0234  uncertainty: 1.4647  uncertainty_coeffi: 0.0100  loss: 0.0284  lr: 0.0001
     itm tta time 0:00:04
      TTA Epoch: [48] [ 0/61]  eta: 0:00:16  entropy: 0.0010  uncertainty: 1.5458  uncertainty_coeffi: 0.0100  loss: 0.0160  lr: 0.000061  time: 0.2626  data: 0.1881  max mem: 2671
      TTA Epoch: [48] [60/61]  eta: 0:00:00  entropy: 0.0526  uncertainty: 1.4221  uncertainty_coeffi: 0.0100  loss: 0.0473  lr: 0.000057  time: 0.0730  data: 0.0000  max mem: 2671
      TTA Epoch: [48] Total time: 0:00:04 (0.0761 s / it)
     Averaged stats: entropy: 0.0239  uncertainty: 1.4645  uncertainty_coeffi: 0.0100  loss: 0.0288  lr: 0.0001
     itm tta time 0:00:04
      TTA Epoch: [49] [ 0/61]  eta: 0:00:16  entropy: 0.0264  uncertainty: 1.4186  uncertainty_coeffi: 0.0100  loss: 0.0311  lr: 0.000057  time: 0.2742  data: 0.1966  max mem: 2671
      TTA Epoch: [49] [60/61]  eta: 0:00:00  entropy: 0.0170  uncertainty: 1.4295  uncertainty_coeffi: 0.0100  loss: 0.0274  lr: 0.000052  time: 0.0730  data: 0.0000  max mem: 2671
      TTA Epoch: [49] Total time: 0:00:04 (0.0764 s / it)
     Averaged stats: entropy: 0.0266  uncertainty: 1.4641  uncertainty_coeffi: 0.0100  loss: 0.0303  lr: 0.0001
     itm tta time 0:00:04
     Computing matching score
      Evaluation: [   0/1978]  eta: 0:02:41    time: 0.0818  data: 0.0011  max mem: 2671
      Evaluation: [ 100/1978]  eta: 0:02:30    time: 0.0802  data: 0.0000  max mem: 2671
      Evaluation: [ 200/1978]  eta: 0:02:22    time: 0.0803  data: 0.0000  max mem: 2671
      Evaluation: [ 300/1978]  eta: 0:02:14    time: 0.0804  data: 0.0000  max mem: 2671
      Evaluation: [ 400/1978]  eta: 0:02:06    time: 0.0804  data: 0.0000  max mem: 2671
      Evaluation: [ 500/1978]  eta: 0:01:58    time: 0.0802  data: 0.0000  max mem: 2671
      Evaluation: [ 600/1978]  eta: 0:01:50    time: 0.0804  data: 0.0000  max mem: 2671
      Evaluation: [ 700/1978]  eta: 0:01:42    time: 0.0839  data: 0.0000  max mem: 2671
      Evaluation: [ 800/1978]  eta: 0:01:34    time: 0.0804  data: 0.0000  max mem: 2671
      Evaluation: [ 900/1978]  eta: 0:01:26    time: 0.0805  data: 0.0000  max mem: 2671
      Evaluation: [1000/1978]  eta: 0:01:18    time: 0.0805  data: 0.0000  max mem: 2671
      Evaluation: [1100/1978]  eta: 0:01:10    time: 0.0806  data: 0.0000  max mem: 2671
      Evaluation: [1200/1978]  eta: 0:01:02    time: 0.0806  data: 0.0000  max mem: 2671
      Evaluation: [1300/1978]  eta: 0:00:54    time: 0.0805  data: 0.0000  max mem: 2671
      Evaluation: [1400/1978]  eta: 0:00:46    time: 0.0807  data: 0.0000  max mem: 2671
      Evaluation: [1500/1978]  eta: 0:00:38    time: 0.0807  data: 0.0000  max mem: 2671
      Evaluation: [1600/1978]  eta: 0:00:30    time: 0.0806  data: 0.0000  max mem: 2671
      Evaluation: [1700/1978]  eta: 0:00:22    time: 0.0805  data: 0.0000  max mem: 2671
      Evaluation: [1800/1978]  eta: 0:00:14    time: 0.0806  data: 0.0000  max mem: 2671
      Evaluation: [1900/1978]  eta: 0:00:06    time: 0.0806  data: 0.0000  max mem: 2671
      Evaluation: [1977/1978]  eta: 0:00:00    time: 0.0806  data: 0.0000  max mem: 2671
      Evaluation: Total time: 0:02:39 (0.0805 s / it)
     Computing matching score time 0:02:39
### TTA ITM Score: 
+-------------------+--------+--------+--------+--------+--------+
|       epoch       |   R1   |   R5   |  R10   |  mAP   |  mINP  |
+-------------------+--------+--------+--------+--------+--------+
|  cos_sim_wo/norm  | 58.544 | 91.860 | 95.703 | 73.596 | 73.596 |
|        -999       | 69.414 | 95.197 | 97.776 | 81.233 | 81.233 |
| itm_score_wo/norm | 84.328 | 98.989 | 99.494 | 91.293 | 91.293 |
|        -999       | 84.277 | 99.039 | 99.596 | 91.276 | 91.276 |
|         0         | 84.631 | 98.989 | 99.596 | 91.419 | 91.419 |
|         1         | 84.681 | 98.888 | 99.494 | 91.407 | 91.407 |
|         2         | 84.631 | 98.686 | 99.343 | 91.314 | 91.314 |
|         4         | 84.631 | 98.787 | 99.393 | 91.316 | 91.316 |
|         9         | 84.429 | 98.686 | 99.393 | 91.137 | 91.137 |
|         14        | 84.176 | 98.534 | 99.343 | 90.947 | 90.947 |
|         19        | 84.277 | 98.686 | 99.393 | 91.035 | 91.035 |
|         29        | 84.681 | 98.534 | 99.292 | 91.216 | 91.216 |
|         39        | 84.479 | 98.483 | 99.292 | 91.126 | 91.126 |
|         49        | 84.783 | 98.635 | 99.292 | 91.291 | 91.291 |
+-------------------+--------+--------+--------+--------+--------+
     logs:  {'epo': 49, 'R1': np.float32(84.783), 'R5': np.float32(98.635), 'R10': np.float32(99.292), 'mAP': np.float32(91.291), 'mINP': np.float32(91.291), 'entropy': 0.026618, 'uncertainty': 1.464149, 'uncertainty_coeffi': 0.01, 'loss': 0.030264, 'lr': 5.4e-05}
      TTA Epoch: [50] [ 0/61]  eta: 0:00:16  entropy: 0.0207  uncertainty: 1.4807  uncertainty_coeffi: 0.0100  loss: 0.0274  lr: 0.000052  time: 0.2739  data: 0.1951  max mem: 2671
      TTA Epoch: [50] [60/61]  eta: 0:00:00  entropy: 0.0304  uncertainty: 1.3962  uncertainty_coeffi: 0.0100  loss: 0.0310  lr: 0.000047  time: 0.0725  data: 0.0000  max mem: 2671
      TTA Epoch: [50] Total time: 0:00:04 (0.0762 s / it)
     Averaged stats: entropy: 0.0209  uncertainty: 1.4649  uncertainty_coeffi: 0.0100  loss: 0.0272  lr: 0.0000
     itm tta time 0:00:04
      TTA Epoch: [51] [ 0/61]  eta: 0:00:16  entropy: 0.0004  uncertainty: 1.4209  uncertainty_coeffi: 0.0100  loss: 0.0144  lr: 0.000047  time: 0.2635  data: 0.1863  max mem: 2671
      TTA Epoch: [51] [60/61]  eta: 0:00:00  entropy: 0.0361  uncertainty: 1.5677  uncertainty_coeffi: 0.0100  loss: 0.0364  lr: 0.000043  time: 0.0732  data: 0.0000  max mem: 2671
      TTA Epoch: [51] Total time: 0:00:04 (0.0764 s / it)
     Averaged stats: entropy: 0.0215  uncertainty: 1.4648  uncertainty_coeffi: 0.0100  loss: 0.0271  lr: 0.0000
     itm tta time 0:00:04
      TTA Epoch: [52] [ 0/61]  eta: 0:00:17  entropy: 0.0254  uncertainty: 1.4219  uncertainty_coeffi: 0.0100  loss: 0.0325  lr: 0.000042  time: 0.2819  data: 0.2060  max mem: 2671
      TTA Epoch: [52] [60/61]  eta: 0:00:00  entropy: 0.0405  uncertainty: 1.4794  uncertainty_coeffi: 0.0100  loss: 0.0371  lr: 0.000038  time: 0.0734  data: 0.0000  max mem: 2671
      TTA Epoch: [52] Total time: 0:00:04 (0.0767 s / it)
     Averaged stats: entropy: 0.0241  uncertainty: 1.4655  uncertainty_coeffi: 0.0100  loss: 0.0292  lr: 0.0000
     itm tta time 0:00:04
      TTA Epoch: [53] [ 0/61]  eta: 0:00:15  entropy: 0.0251  uncertainty: 1.3699  uncertainty_coeffi: 0.0100  loss: 0.0294  lr: 0.000038  time: 0.2526  data: 0.1915  max mem: 2671
      TTA Epoch: [53] [60/61]  eta: 0:00:00  entropy: 0.0176  uncertainty: 1.4972  uncertainty_coeffi: 0.0100  loss: 0.0252  lr: 0.000033  time: 0.0739  data: 0.0000  max mem: 2671
      TTA Epoch: [53] Total time: 0:00:04 (0.0765 s / it)
     Averaged stats: entropy: 0.0199  uncertainty: 1.4646  uncertainty_coeffi: 0.0100  loss: 0.0266  lr: 0.0000
     itm tta time 0:00:04
      TTA Epoch: [54] [ 0/61]  eta: 0:00:15  entropy: 0.0704  uncertainty: 1.6346  uncertainty_coeffi: 0.0100  loss: 0.0515  lr: 0.000033  time: 0.2554  data: 0.1946  max mem: 2671
      TTA Epoch: [54] [60/61]  eta: 0:00:00  entropy: 0.0192  uncertainty: 1.4005  uncertainty_coeffi: 0.0100  loss: 0.0278  lr: 0.000028  time: 0.0726  data: 0.0000  max mem: 2671
      TTA Epoch: [54] Total time: 0:00:04 (0.0762 s / it)
     Averaged stats: entropy: 0.0233  uncertainty: 1.4645  uncertainty_coeffi: 0.0100  loss: 0.0287  lr: 0.0000
     itm tta time 0:00:04
      TTA Epoch: [55] [ 0/61]  eta: 0:00:16  entropy: 0.0052  uncertainty: 1.5223  uncertainty_coeffi: 0.0100  loss: 0.0186  lr: 0.000028  time: 0.2665  data: 0.1851  max mem: 2671
      TTA Epoch: [55] [60/61]  eta: 0:00:00  entropy: 0.0540  uncertainty: 1.5741  uncertainty_coeffi: 0.0100  loss: 0.0432  lr: 0.000024  time: 0.0728  data: 0.0000  max mem: 2671
      TTA Epoch: [55] Total time: 0:00:04 (0.0762 s / it)
     Averaged stats: entropy: 0.0225  uncertainty: 1.4645  uncertainty_coeffi: 0.0100  loss: 0.0282  lr: 0.0000
     itm tta time 0:00:04
      TTA Epoch: [56] [ 0/61]  eta: 0:00:16  entropy: 0.0000  uncertainty: 1.4343  uncertainty_coeffi: 0.0100  loss: 0.0144  lr: 0.000024  time: 0.2669  data: 0.1900  max mem: 2671
      TTA Epoch: [56] [60/61]  eta: 0:00:00  entropy: 0.0040  uncertainty: 1.4450  uncertainty_coeffi: 0.0100  loss: 0.0166  lr: 0.000019  time: 0.0728  data: 0.0000  max mem: 2671
      TTA Epoch: [56] Total time: 0:00:04 (0.0762 s / it)
     Averaged stats: entropy: 0.0243  uncertainty: 1.4651  uncertainty_coeffi: 0.0100  loss: 0.0291  lr: 0.0000
     itm tta time 0:00:04
      TTA Epoch: [57] [ 0/61]  eta: 0:00:16  entropy: 0.0056  uncertainty: 1.5728  uncertainty_coeffi: 0.0100  loss: 0.0193  lr: 0.000019  time: 0.2649  data: 0.1872  max mem: 2671
      TTA Epoch: [57] [60/61]  eta: 0:00:00  entropy: 0.0182  uncertainty: 1.4156  uncertainty_coeffi: 0.0100  loss: 0.0269  lr: 0.000006  time: 0.0726  data: 0.0000  max mem: 2671
      TTA Epoch: [57] Total time: 0:00:04 (0.0760 s / it)
     Averaged stats: entropy: 0.0240  uncertainty: 1.4654  uncertainty_coeffi: 0.0100  loss: 0.0288  lr: 0.0000
     itm tta time 0:00:04
      TTA Epoch: [58] [ 0/61]  eta: 0:00:16  entropy: 0.0331  uncertainty: 1.5710  uncertainty_coeffi: 0.0100  loss: 0.0329  lr: 0.000006  time: 0.2644  data: 0.1866  max mem: 2671
      TTA Epoch: [58] [60/61]  eta: 0:00:00  entropy: 0.0034  uncertainty: 1.4401  uncertainty_coeffi: 0.0100  loss: 0.0167  lr: 0.000004  time: 0.0728  data: 0.0000  max mem: 2671
      TTA Epoch: [58] Total time: 0:00:04 (0.0762 s / it)
     Averaged stats: entropy: 0.0214  uncertainty: 1.4642  uncertainty_coeffi: 0.0100  loss: 0.0269  lr: 0.0000
     itm tta time 0:00:04
      TTA Epoch: [59] [ 0/61]  eta: 0:00:17  entropy: 0.0002  uncertainty: 1.4362  uncertainty_coeffi: 0.0100  loss: 0.0145  lr: 0.000004  time: 0.2949  data: 0.2140  max mem: 2671
      TTA Epoch: [59] [60/61]  eta: 0:00:00  entropy: 0.0437  uncertainty: 1.4700  uncertainty_coeffi: 0.0100  loss: 0.0401  lr: 0.000002  time: 0.0727  data: 0.0000  max mem: 2671
      TTA Epoch: [59] Total time: 0:00:04 (0.0765 s / it)
     Averaged stats: entropy: 0.0215  uncertainty: 1.4652  uncertainty_coeffi: 0.0100  loss: 0.0273  lr: 0.0000
     itm tta time 0:00:04
     Computing matching score
      Evaluation: [   0/1978]  eta: 0:02:39    time: 0.0806  data: 0.0009  max mem: 2671
      Evaluation: [ 100/1978]  eta: 0:02:30    time: 0.0803  data: 0.0000  max mem: 2671
      Evaluation: [ 200/1978]  eta: 0:02:22    time: 0.0803  data: 0.0000  max mem: 2671
      Evaluation: [ 300/1978]  eta: 0:02:14    time: 0.0804  data: 0.0000  max mem: 2671
      Evaluation: [ 400/1978]  eta: 0:02:06    time: 0.0805  data: 0.0000  max mem: 2671
      Evaluation: [ 500/1978]  eta: 0:01:58    time: 0.0804  data: 0.0000  max mem: 2671
      Evaluation: [ 600/1978]  eta: 0:01:50    time: 0.0804  data: 0.0000  max mem: 2671
      Evaluation: [ 700/1978]  eta: 0:01:42    time: 0.0805  data: 0.0000  max mem: 2671
      Evaluation: [ 800/1978]  eta: 0:01:34    time: 0.0805  data: 0.0000  max mem: 2671
      Evaluation: [ 900/1978]  eta: 0:01:26    time: 0.0796  data: 0.0000  max mem: 2671
      Evaluation: [1000/1978]  eta: 0:01:18    time: 0.0802  data: 0.0000  max mem: 2671
      Evaluation: [1100/1978]  eta: 0:01:10    time: 0.0803  data: 0.0000  max mem: 2671
      Evaluation: [1200/1978]  eta: 0:01:02    time: 0.0804  data: 0.0000  max mem: 2671
      Evaluation: [1300/1978]  eta: 0:00:54    time: 0.0804  data: 0.0000  max mem: 2671
      Evaluation: [1400/1978]  eta: 0:00:46    time: 0.0802  data: 0.0000  max mem: 2671
      Evaluation: [1500/1978]  eta: 0:00:38    time: 0.0804  data: 0.0000  max mem: 2671
      Evaluation: [1600/1978]  eta: 0:00:30    time: 0.0804  data: 0.0000  max mem: 2671
      Evaluation: [1700/1978]  eta: 0:00:22    time: 0.0803  data: 0.0000  max mem: 2671
      Evaluation: [1800/1978]  eta: 0:00:14    time: 0.0804  data: 0.0000  max mem: 2671
      Evaluation: [1900/1978]  eta: 0:00:06    time: 0.0804  data: 0.0000  max mem: 2671
      Evaluation: [1977/1978]  eta: 0:00:00    time: 0.0805  data: 0.0000  max mem: 2671
      Evaluation: Total time: 0:02:39 (0.0804 s / it)
     Computing matching score time 0:02:39
### TTA ITM Score: 
+-------------------+--------+--------+--------+--------+--------+
|       epoch       |   R1   |   R5   |  R10   |  mAP   |  mINP  |
+-------------------+--------+--------+--------+--------+--------+
|  cos_sim_wo/norm  | 58.544 | 91.860 | 95.703 | 73.596 | 73.596 |
|        -999       | 69.414 | 95.197 | 97.776 | 81.233 | 81.233 |
| itm_score_wo/norm | 84.328 | 98.989 | 99.494 | 91.293 | 91.293 |
|        -999       | 84.277 | 99.039 | 99.596 | 91.276 | 91.276 |
|         0         | 84.631 | 98.989 | 99.596 | 91.419 | 91.419 |
|         1         | 84.681 | 98.888 | 99.494 | 91.407 | 91.407 |
|         2         | 84.631 | 98.686 | 99.343 | 91.314 | 91.314 |
|         4         | 84.631 | 98.787 | 99.393 | 91.316 | 91.316 |
|         9         | 84.429 | 98.686 | 99.393 | 91.137 | 91.137 |
|         14        | 84.176 | 98.534 | 99.343 | 90.947 | 90.947 |
|         19        | 84.277 | 98.686 | 99.393 | 91.035 | 91.035 |
|         29        | 84.681 | 98.534 | 99.292 | 91.216 | 91.216 |
|         39        | 84.479 | 98.483 | 99.292 | 91.126 | 91.126 |
|         49        | 84.783 | 98.635 | 99.292 | 91.291 | 91.291 |
|         59        | 84.732 | 98.686 | 99.292 | 91.281 | 91.281 |
+-------------------+--------+--------+--------+--------+--------+
     logs:  {'epo': 59, 'R1': np.float32(84.732), 'R5': np.float32(98.686), 'R10': np.float32(99.292), 'mAP': np.float32(91.281), 'mINP': np.float32(91.281), 'entropy': 0.021515, 'uncertainty': 1.465174, 'uncertainty_coeffi': 0.01, 'loss': 0.027277, 'lr': 3e-06}
### best epoch: 49
### Time 0:34:00
NNODES,  1
NODE_RANK,  0
MASTER_ADDR,  127.0.0.1
MASTER_PORT,  1612
NPROC_PER_NODE,  2
task:  exp5.1.1
config:  configs_rerun3/exp5.1.1.yaml
output_dir:  output_rerun3/exp5.1.1/2025092011485
python3 tta.py --config configs_rerun3/exp5.1.1.yaml --task exp5.1.1 --output_dir output_rerun3/exp5.1.1/2025092011485 --checkpoint checkpoint/cmp.pth --bs 0 --epo 0 --lr 0.0 --seed 42 --tta
