/home/jiahao/miniconda3/envs/cmp/lib/python3.10/site-packages/torch/functional.py:554: UserWarning: torch.meshgrid: in an upcoming release, it will be required to pass the indexing argument. (Triggered internally at /pytorch/aten/src/ATen/native/TensorShape.cpp:4322.)
  return _VF.meshgrid(tensors, **kwargs)  # type: ignore[attr-defined]
Not using distributed mode
### Hyper-parameters:
     seed: 42
     device: cuda
     output_dir: output_rerun3/exp5.1/2025092011150
     batch_size_tta: 32
     epochs: 60
     lr: 0.001
### Creating test dataset
from data/PAB/annotation/test/attr.json loading 1978 data
     test dataset -->    be_pose_img: True
     test_dataset: 1978
### Creating test dataloader
### be careful: func create_loader returns a list length of 1
     test_loader: 90
### Creating model
build_vision_encoder: load swin 224 x 224 ====>
missing_keys:  []
unexpected_keys:  ['head.weight', 'head.bias']
build_text_encoder: load bert ====>
missing_keys: ['bert.encoder.layer.10.crossattention.output.LayerNorm.bias', 'bert.encoder.layer.10.crossattention.output.LayerNorm.weight', 'bert.encoder.layer.10.crossattention.output.dense.bias', 'bert.encoder.layer.10.crossattention.output.dense.weight', 'bert.encoder.layer.10.crossattention.self.key.bias', 'bert.encoder.layer.10.crossattention.self.key.weight', 'bert.encoder.layer.10.crossattention.self.query.bias', 'bert.encoder.layer.10.crossattention.self.query.weight', 'bert.encoder.layer.10.crossattention.self.value.bias', 'bert.encoder.layer.10.crossattention.self.value.weight', 'bert.encoder.layer.11.crossattention.output.LayerNorm.bias', 'bert.encoder.layer.11.crossattention.output.LayerNorm.weight', 'bert.encoder.layer.11.crossattention.output.dense.bias', 'bert.encoder.layer.11.crossattention.output.dense.weight', 'bert.encoder.layer.11.crossattention.self.key.bias', 'bert.encoder.layer.11.crossattention.self.key.weight', 'bert.encoder.layer.11.crossattention.self.query.bias', 'bert.encoder.layer.11.crossattention.self.query.weight', 'bert.encoder.layer.11.crossattention.self.value.bias', 'bert.encoder.layer.11.crossattention.self.value.weight', 'bert.encoder.layer.6.crossattention.output.LayerNorm.bias', 'bert.encoder.layer.6.crossattention.output.LayerNorm.weight', 'bert.encoder.layer.6.crossattention.output.dense.bias', 'bert.encoder.layer.6.crossattention.output.dense.weight', 'bert.encoder.layer.6.crossattention.self.key.bias', 'bert.encoder.layer.6.crossattention.self.key.weight', 'bert.encoder.layer.6.crossattention.self.query.bias', 'bert.encoder.layer.6.crossattention.self.query.weight', 'bert.encoder.layer.6.crossattention.self.value.bias', 'bert.encoder.layer.6.crossattention.self.value.weight', 'bert.encoder.layer.7.crossattention.output.LayerNorm.bias', 'bert.encoder.layer.7.crossattention.output.LayerNorm.weight', 'bert.encoder.layer.7.crossattention.output.dense.bias', 'bert.encoder.layer.7.crossattention.output.dense.weight', 'bert.encoder.layer.7.crossattention.self.key.bias', 'bert.encoder.layer.7.crossattention.self.key.weight', 'bert.encoder.layer.7.crossattention.self.query.bias', 'bert.encoder.layer.7.crossattention.self.query.weight', 'bert.encoder.layer.7.crossattention.self.value.bias', 'bert.encoder.layer.7.crossattention.self.value.weight', 'bert.encoder.layer.8.crossattention.output.LayerNorm.bias', 'bert.encoder.layer.8.crossattention.output.LayerNorm.weight', 'bert.encoder.layer.8.crossattention.output.dense.bias', 'bert.encoder.layer.8.crossattention.output.dense.weight', 'bert.encoder.layer.8.crossattention.self.key.bias', 'bert.encoder.layer.8.crossattention.self.key.weight', 'bert.encoder.layer.8.crossattention.self.query.bias', 'bert.encoder.layer.8.crossattention.self.query.weight', 'bert.encoder.layer.8.crossattention.self.value.bias', 'bert.encoder.layer.8.crossattention.self.value.weight', 'bert.encoder.layer.9.crossattention.output.LayerNorm.bias', 'bert.encoder.layer.9.crossattention.output.LayerNorm.weight', 'bert.encoder.layer.9.crossattention.output.dense.bias', 'bert.encoder.layer.9.crossattention.output.dense.weight', 'bert.encoder.layer.9.crossattention.self.key.bias', 'bert.encoder.layer.9.crossattention.self.key.weight', 'bert.encoder.layer.9.crossattention.self.query.bias', 'bert.encoder.layer.9.crossattention.self.query.weight', 'bert.encoder.layer.9.crossattention.self.value.bias', 'bert.encoder.layer.9.crossattention.self.value.weight']
unexpected_keys: ['cls.seq_relationship.bias', 'cls.seq_relationship.weight']
mismatched_keys: []
error_msgs: []
Label Smooth: 0.2
pose_conv
load checkpoint from checkpoint/cmp.pth
missing_keys:  ['uncertainty_temper', 'prompt_learning_embedding']
unexpected_keys:  []
     Total Params Sum:  254264985
### Inference ITC similiarity matrix
### Zero-Shot Score: 
+-------------------+--------+--------+--------+--------+--------+
|       epoch       |   R1   |   R5   |  R10   |  mAP   |  mINP  |
+-------------------+--------+--------+--------+--------+--------+
|  cos_sim_wo/norm  | 58.544 | 91.860 | 95.703 | 73.596 | 73.596 |
|        -999       | 69.414 | 95.197 | 97.776 | 81.233 | 81.233 |
| itm_score_wo/norm | 84.328 | 98.989 | 99.494 | 91.293 | 91.293 |
|        -999       | 84.277 | 99.039 | 99.596 | 91.276 | 91.276 |
+-------------------+--------+--------+--------+--------+--------+
### TTA:
     preprocess_tta_coefficients  start
     sample selection ...
     number of sample after sample_selection: 1958
     uncertainty ...
     preprocess_tta_coefficients  end
### Creating tta dataset
     tta_dataset: 1958
### Creating tta dataloader
### be careful: func create_loader returns a list length of 1
     tta_loader: 61
### Configure adapted weights
     TTA Dropout Modules: 
 [('vision_encoder.pos_drop', Dropout(p=0, inplace=False), True), ('vision_encoder.layers.0.blocks.0.attn.attn_drop', Dropout(p=0.0, inplace=False), True), ('vision_encoder.layers.0.blocks.0.attn.proj_drop', Dropout(p=0, inplace=False), True), ('vision_encoder.layers.0.blocks.0.mlp.drop', Dropout(p=0, inplace=False), True), ('vision_encoder.layers.0.blocks.1.attn.attn_drop', Dropout(p=0.0, inplace=False), True), ('vision_encoder.layers.0.blocks.1.attn.proj_drop', Dropout(p=0, inplace=False), True), ('vision_encoder.layers.0.blocks.1.mlp.drop', Dropout(p=0, inplace=False), True), ('vision_encoder.layers.1.blocks.0.attn.attn_drop', Dropout(p=0.0, inplace=False), True), ('vision_encoder.layers.1.blocks.0.attn.proj_drop', Dropout(p=0, inplace=False), True), ('vision_encoder.layers.1.blocks.0.mlp.drop', Dropout(p=0, inplace=False), True), ('vision_encoder.layers.1.blocks.1.attn.attn_drop', Dropout(p=0.0, inplace=False), True), ('vision_encoder.layers.1.blocks.1.attn.proj_drop', Dropout(p=0, inplace=False), True), ('vision_encoder.layers.1.blocks.1.mlp.drop', Dropout(p=0, inplace=False), True), ('vision_encoder.layers.2.blocks.0.attn.attn_drop', Dropout(p=0.0, inplace=False), True), ('vision_encoder.layers.2.blocks.0.attn.proj_drop', Dropout(p=0, inplace=False), True), ('vision_encoder.layers.2.blocks.0.mlp.drop', Dropout(p=0, inplace=False), True), ('vision_encoder.layers.2.blocks.1.attn.attn_drop', Dropout(p=0.0, inplace=False), True), ('vision_encoder.layers.2.blocks.1.attn.proj_drop', Dropout(p=0, inplace=False), True), ('vision_encoder.layers.2.blocks.1.mlp.drop', Dropout(p=0, inplace=False), True), ('vision_encoder.layers.2.blocks.2.attn.attn_drop', Dropout(p=0.0, inplace=False), True), ('vision_encoder.layers.2.blocks.2.attn.proj_drop', Dropout(p=0, inplace=False), True), ('vision_encoder.layers.2.blocks.2.mlp.drop', Dropout(p=0, inplace=False), True), ('vision_encoder.layers.2.blocks.3.attn.attn_drop', Dropout(p=0.0, inplace=False), True), ('vision_encoder.layers.2.blocks.3.attn.proj_drop', Dropout(p=0, inplace=False), True), ('vision_encoder.layers.2.blocks.3.mlp.drop', Dropout(p=0, inplace=False), True), ('vision_encoder.layers.2.blocks.4.attn.attn_drop', Dropout(p=0.0, inplace=False), True), ('vision_encoder.layers.2.blocks.4.attn.proj_drop', Dropout(p=0, inplace=False), True), ('vision_encoder.layers.2.blocks.4.mlp.drop', Dropout(p=0, inplace=False), True), ('vision_encoder.layers.2.blocks.5.attn.attn_drop', Dropout(p=0.0, inplace=False), True), ('vision_encoder.layers.2.blocks.5.attn.proj_drop', Dropout(p=0, inplace=False), True), ('vision_encoder.layers.2.blocks.5.mlp.drop', Dropout(p=0, inplace=False), True), ('vision_encoder.layers.2.blocks.6.attn.attn_drop', Dropout(p=0.0, inplace=False), True), ('vision_encoder.layers.2.blocks.6.attn.proj_drop', Dropout(p=0, inplace=False), True), ('vision_encoder.layers.2.blocks.6.mlp.drop', Dropout(p=0, inplace=False), True), ('vision_encoder.layers.2.blocks.7.attn.attn_drop', Dropout(p=0.0, inplace=False), True), ('vision_encoder.layers.2.blocks.7.attn.proj_drop', Dropout(p=0, inplace=False), True), ('vision_encoder.layers.2.blocks.7.mlp.drop', Dropout(p=0, inplace=False), True), ('vision_encoder.layers.2.blocks.8.attn.attn_drop', Dropout(p=0.0, inplace=False), True), ('vision_encoder.layers.2.blocks.8.attn.proj_drop', Dropout(p=0, inplace=False), True), ('vision_encoder.layers.2.blocks.8.mlp.drop', Dropout(p=0, inplace=False), True), ('vision_encoder.layers.2.blocks.9.attn.attn_drop', Dropout(p=0.0, inplace=False), True), ('vision_encoder.layers.2.blocks.9.attn.proj_drop', Dropout(p=0, inplace=False), True), ('vision_encoder.layers.2.blocks.9.mlp.drop', Dropout(p=0, inplace=False), True), ('vision_encoder.layers.2.blocks.10.attn.attn_drop', Dropout(p=0.0, inplace=False), True), ('vision_encoder.layers.2.blocks.10.attn.proj_drop', Dropout(p=0, inplace=False), True), ('vision_encoder.layers.2.blocks.10.mlp.drop', Dropout(p=0, inplace=False), True), ('vision_encoder.layers.2.blocks.11.attn.attn_drop', Dropout(p=0.0, inplace=False), True), ('vision_encoder.layers.2.blocks.11.attn.proj_drop', Dropout(p=0, inplace=False), True), ('vision_encoder.layers.2.blocks.11.mlp.drop', Dropout(p=0, inplace=False), True), ('vision_encoder.layers.2.blocks.12.attn.attn_drop', Dropout(p=0.0, inplace=False), True), ('vision_encoder.layers.2.blocks.12.attn.proj_drop', Dropout(p=0, inplace=False), True), ('vision_encoder.layers.2.blocks.12.mlp.drop', Dropout(p=0, inplace=False), True), ('vision_encoder.layers.2.blocks.13.attn.attn_drop', Dropout(p=0.0, inplace=False), True), ('vision_encoder.layers.2.blocks.13.attn.proj_drop', Dropout(p=0, inplace=False), True), ('vision_encoder.layers.2.blocks.13.mlp.drop', Dropout(p=0, inplace=False), True), ('vision_encoder.layers.2.blocks.14.attn.attn_drop', Dropout(p=0.0, inplace=False), True), ('vision_encoder.layers.2.blocks.14.attn.proj_drop', Dropout(p=0, inplace=False), True), ('vision_encoder.layers.2.blocks.14.mlp.drop', Dropout(p=0, inplace=False), True), ('vision_encoder.layers.2.blocks.15.attn.attn_drop', Dropout(p=0.0, inplace=False), True), ('vision_encoder.layers.2.blocks.15.attn.proj_drop', Dropout(p=0, inplace=False), True), ('vision_encoder.layers.2.blocks.15.mlp.drop', Dropout(p=0, inplace=False), True), ('vision_encoder.layers.2.blocks.16.attn.attn_drop', Dropout(p=0.0, inplace=False), True), ('vision_encoder.layers.2.blocks.16.attn.proj_drop', Dropout(p=0, inplace=False), True), ('vision_encoder.layers.2.blocks.16.mlp.drop', Dropout(p=0, inplace=False), True), ('vision_encoder.layers.2.blocks.17.attn.attn_drop', Dropout(p=0.0, inplace=False), True), ('vision_encoder.layers.2.blocks.17.attn.proj_drop', Dropout(p=0, inplace=False), True), ('vision_encoder.layers.2.blocks.17.mlp.drop', Dropout(p=0, inplace=False), True), ('vision_encoder.layers.3.blocks.0.attn.attn_drop', Dropout(p=0.0, inplace=False), True), ('vision_encoder.layers.3.blocks.0.attn.proj_drop', Dropout(p=0, inplace=False), True), ('vision_encoder.layers.3.blocks.0.mlp.drop', Dropout(p=0, inplace=False), True), ('vision_encoder.layers.3.blocks.1.attn.attn_drop', Dropout(p=0.0, inplace=False), True), ('vision_encoder.layers.3.blocks.1.attn.proj_drop', Dropout(p=0, inplace=False), True), ('vision_encoder.layers.3.blocks.1.mlp.drop', Dropout(p=0, inplace=False), True), ('text_encoder.bert.embeddings.dropout', Dropout(p=0.1, inplace=False), True), ('text_encoder.bert.encoder.layer.0.attention.self.dropout', Dropout(p=0.1, inplace=False), True), ('text_encoder.bert.encoder.layer.0.attention.output.dropout', Dropout(p=0.1, inplace=False), True), ('text_encoder.bert.encoder.layer.0.output.dropout', Dropout(p=0.1, inplace=False), True), ('text_encoder.bert.encoder.layer.1.attention.self.dropout', Dropout(p=0.1, inplace=False), True), ('text_encoder.bert.encoder.layer.1.attention.output.dropout', Dropout(p=0.1, inplace=False), True), ('text_encoder.bert.encoder.layer.1.output.dropout', Dropout(p=0.1, inplace=False), True), ('text_encoder.bert.encoder.layer.2.attention.self.dropout', Dropout(p=0.1, inplace=False), True), ('text_encoder.bert.encoder.layer.2.attention.output.dropout', Dropout(p=0.1, inplace=False), True), ('text_encoder.bert.encoder.layer.2.output.dropout', Dropout(p=0.1, inplace=False), True), ('text_encoder.bert.encoder.layer.3.attention.self.dropout', Dropout(p=0.1, inplace=False), True), ('text_encoder.bert.encoder.layer.3.attention.output.dropout', Dropout(p=0.1, inplace=False), True), ('text_encoder.bert.encoder.layer.3.output.dropout', Dropout(p=0.1, inplace=False), True), ('text_encoder.bert.encoder.layer.4.attention.self.dropout', Dropout(p=0.1, inplace=False), True), ('text_encoder.bert.encoder.layer.4.attention.output.dropout', Dropout(p=0.1, inplace=False), True), ('text_encoder.bert.encoder.layer.4.output.dropout', Dropout(p=0.1, inplace=False), True), ('text_encoder.bert.encoder.layer.5.attention.self.dropout', Dropout(p=0.1, inplace=False), True), ('text_encoder.bert.encoder.layer.5.attention.output.dropout', Dropout(p=0.1, inplace=False), True), ('text_encoder.bert.encoder.layer.5.output.dropout', Dropout(p=0.1, inplace=False), True), ('text_encoder.bert.encoder.layer.6.attention.self.dropout', Dropout(p=0.1, inplace=False), True), ('text_encoder.bert.encoder.layer.6.attention.output.dropout', Dropout(p=0.1, inplace=False), True), ('text_encoder.bert.encoder.layer.6.crossattention.self.dropout', Dropout(p=0.1, inplace=False), True), ('text_encoder.bert.encoder.layer.6.crossattention.output.dropout', Dropout(p=0.1, inplace=False), True), ('text_encoder.bert.encoder.layer.6.output.dropout', Dropout(p=0.1, inplace=False), True), ('text_encoder.bert.encoder.layer.7.attention.self.dropout', Dropout(p=0.1, inplace=False), True), ('text_encoder.bert.encoder.layer.7.attention.output.dropout', Dropout(p=0.1, inplace=False), True), ('text_encoder.bert.encoder.layer.7.crossattention.self.dropout', Dropout(p=0.1, inplace=False), True), ('text_encoder.bert.encoder.layer.7.crossattention.output.dropout', Dropout(p=0.1, inplace=False), True), ('text_encoder.bert.encoder.layer.7.output.dropout', Dropout(p=0.1, inplace=False), True), ('text_encoder.bert.encoder.layer.8.attention.self.dropout', Dropout(p=0.1, inplace=False), True), ('text_encoder.bert.encoder.layer.8.attention.output.dropout', Dropout(p=0.1, inplace=False), True), ('text_encoder.bert.encoder.layer.8.crossattention.self.dropout', Dropout(p=0.1, inplace=False), True), ('text_encoder.bert.encoder.layer.8.crossattention.output.dropout', Dropout(p=0.1, inplace=False), True), ('text_encoder.bert.encoder.layer.8.output.dropout', Dropout(p=0.1, inplace=False), True), ('text_encoder.bert.encoder.layer.9.attention.self.dropout', Dropout(p=0.1, inplace=False), True), ('text_encoder.bert.encoder.layer.9.attention.output.dropout', Dropout(p=0.1, inplace=False), True), ('text_encoder.bert.encoder.layer.9.crossattention.self.dropout', Dropout(p=0.1, inplace=False), True), ('text_encoder.bert.encoder.layer.9.crossattention.output.dropout', Dropout(p=0.1, inplace=False), True), ('text_encoder.bert.encoder.layer.9.output.dropout', Dropout(p=0.1, inplace=False), True), ('text_encoder.bert.encoder.layer.10.attention.self.dropout', Dropout(p=0.1, inplace=False), True), ('text_encoder.bert.encoder.layer.10.attention.output.dropout', Dropout(p=0.1, inplace=False), True), ('text_encoder.bert.encoder.layer.10.crossattention.self.dropout', Dropout(p=0.1, inplace=False), True), ('text_encoder.bert.encoder.layer.10.crossattention.output.dropout', Dropout(p=0.1, inplace=False), True), ('text_encoder.bert.encoder.layer.10.output.dropout', Dropout(p=0.1, inplace=False), True), ('text_encoder.bert.encoder.layer.11.attention.self.dropout', Dropout(p=0.1, inplace=False), True), ('text_encoder.bert.encoder.layer.11.attention.output.dropout', Dropout(p=0.1, inplace=False), True), ('text_encoder.bert.encoder.layer.11.crossattention.self.dropout', Dropout(p=0.1, inplace=False), True), ('text_encoder.bert.encoder.layer.11.crossattention.output.dropout', Dropout(p=0.1, inplace=False), True), ('text_encoder.bert.encoder.layer.11.output.dropout', Dropout(p=0.1, inplace=False), True), ('vision_proj.1', Dropout(p=0.5, inplace=False), True), ('text_proj.1', Dropout(p=0.5, inplace=False), True), ('pose_block.attn.attn_drop', Dropout(p=0.0, inplace=False), True), ('pose_block.attn.proj_drop', Dropout(p=0.0, inplace=False), True)]
     TTA Require Gradient Params: 
 [('text_encoder.bert.embeddings.LayerNorm.weight', torch.Size([768])), ('text_encoder.bert.embeddings.LayerNorm.bias', torch.Size([768])), ('text_encoder.bert.encoder.layer.6.attention.output.LayerNorm.weight', torch.Size([768])), ('text_encoder.bert.encoder.layer.6.attention.output.LayerNorm.bias', torch.Size([768])), ('text_encoder.bert.encoder.layer.6.crossattention.output.LayerNorm.weight', torch.Size([768])), ('text_encoder.bert.encoder.layer.6.crossattention.output.LayerNorm.bias', torch.Size([768])), ('text_encoder.bert.encoder.layer.6.output.LayerNorm.weight', torch.Size([768])), ('text_encoder.bert.encoder.layer.6.output.LayerNorm.bias', torch.Size([768])), ('text_encoder.bert.encoder.layer.7.attention.output.LayerNorm.weight', torch.Size([768])), ('text_encoder.bert.encoder.layer.7.attention.output.LayerNorm.bias', torch.Size([768])), ('text_encoder.bert.encoder.layer.7.crossattention.output.LayerNorm.weight', torch.Size([768])), ('text_encoder.bert.encoder.layer.7.crossattention.output.LayerNorm.bias', torch.Size([768])), ('text_encoder.bert.encoder.layer.7.output.LayerNorm.weight', torch.Size([768])), ('text_encoder.bert.encoder.layer.7.output.LayerNorm.bias', torch.Size([768])), ('text_encoder.bert.encoder.layer.8.attention.output.LayerNorm.weight', torch.Size([768])), ('text_encoder.bert.encoder.layer.8.attention.output.LayerNorm.bias', torch.Size([768])), ('text_encoder.bert.encoder.layer.8.crossattention.output.LayerNorm.weight', torch.Size([768])), ('text_encoder.bert.encoder.layer.8.crossattention.output.LayerNorm.bias', torch.Size([768])), ('text_encoder.bert.encoder.layer.8.output.LayerNorm.weight', torch.Size([768])), ('text_encoder.bert.encoder.layer.8.output.LayerNorm.bias', torch.Size([768])), ('text_encoder.bert.encoder.layer.9.attention.output.LayerNorm.weight', torch.Size([768])), ('text_encoder.bert.encoder.layer.9.attention.output.LayerNorm.bias', torch.Size([768])), ('text_encoder.bert.encoder.layer.9.crossattention.output.LayerNorm.weight', torch.Size([768])), ('text_encoder.bert.encoder.layer.9.crossattention.output.LayerNorm.bias', torch.Size([768])), ('text_encoder.bert.encoder.layer.9.output.LayerNorm.weight', torch.Size([768])), ('text_encoder.bert.encoder.layer.9.output.LayerNorm.bias', torch.Size([768])), ('text_encoder.bert.encoder.layer.10.attention.output.LayerNorm.weight', torch.Size([768])), ('text_encoder.bert.encoder.layer.10.attention.output.LayerNorm.bias', torch.Size([768])), ('text_encoder.bert.encoder.layer.10.crossattention.output.LayerNorm.weight', torch.Size([768])), ('text_encoder.bert.encoder.layer.10.crossattention.output.LayerNorm.bias', torch.Size([768])), ('text_encoder.bert.encoder.layer.10.output.LayerNorm.weight', torch.Size([768])), ('text_encoder.bert.encoder.layer.10.output.LayerNorm.bias', torch.Size([768])), ('text_encoder.bert.encoder.layer.11.attention.output.LayerNorm.weight', torch.Size([768])), ('text_encoder.bert.encoder.layer.11.attention.output.LayerNorm.bias', torch.Size([768])), ('text_encoder.bert.encoder.layer.11.crossattention.output.LayerNorm.weight', torch.Size([768])), ('text_encoder.bert.encoder.layer.11.crossattention.output.LayerNorm.bias', torch.Size([768])), ('text_encoder.bert.encoder.layer.11.output.LayerNorm.weight', torch.Size([768])), ('text_encoder.bert.encoder.layer.11.output.LayerNorm.bias', torch.Size([768])), ('text_encoder.cls.predictions.transform.LayerNorm.weight', torch.Size([768])), ('text_encoder.cls.predictions.transform.LayerNorm.bias', torch.Size([768])), ('itm_head.1.weight', torch.Size([1536])), ('itm_head.1.bias', torch.Size([1536]))]
     TTA Dropout Modules Number: 
 126
     TTA Require Gradient Params Sum: 
 33792
     lr:  0.001    lr_mult:  2
     model has 'init_params',  386
     num_tta_steps:  3720
     num_warmup_steps:  500
     sched: step
/home/jiahao/task/CMP/tta.py:246: FutureWarning: `torch.cuda.amp.GradScaler(args...)` is deprecated. Please use `torch.amp.GradScaler('cuda', args...)` instead.
  scaler = GradScaler()  # bf16
### Start ITM Test Time Adaptation
      TTA Epoch: [0] [ 0/61]  eta: 0:00:33  entropy: 0.3966  uncertainty: 1.4782  uncertainty_coeffi: 0.0100  loss: 0.2592  lr: 0.000002  time: 0.5558  data: 0.2624  max mem: 2639
      TTA Epoch: [0] [60/61]  eta: 0:00:00  entropy: 0.3096  uncertainty: 1.4501  uncertainty_coeffi: 0.0100  loss: 0.2290  lr: 0.000122  time: 0.0579  data: 0.0000  max mem: 2671
      TTA Epoch: [0] Total time: 0:00:04 (0.0662 s / it)
     Averaged stats: entropy: 0.3330  uncertainty: 1.4650  uncertainty_coeffi: 0.0100  loss: 0.2366  lr: 0.0001
     itm tta time 0:00:04
     Computing matching score
      Evaluation: [   0/1978]  eta: 0:02:51    time: 0.0867  data: 0.0009  max mem: 2671
      Evaluation: [ 100/1978]  eta: 0:02:04    time: 0.0663  data: 0.0000  max mem: 2671
      Evaluation: [ 200/1978]  eta: 0:01:58    time: 0.0666  data: 0.0000  max mem: 2671
      Evaluation: [ 300/1978]  eta: 0:01:51    time: 0.0672  data: 0.0000  max mem: 2671
      Evaluation: [ 400/1978]  eta: 0:01:45    time: 0.0689  data: 0.0000  max mem: 2671
      Evaluation: [ 500/1978]  eta: 0:01:41    time: 0.0795  data: 0.0000  max mem: 2671
      Evaluation: [ 600/1978]  eta: 0:01:37    time: 0.0790  data: 0.0000  max mem: 2671
      Evaluation: [ 700/1978]  eta: 0:01:32    time: 0.0798  data: 0.0000  max mem: 2671
      Evaluation: [ 800/1978]  eta: 0:01:25    time: 0.0799  data: 0.0000  max mem: 2671
      Evaluation: [ 900/1978]  eta: 0:01:19    time: 0.0798  data: 0.0000  max mem: 2671
      Evaluation: [1000/1978]  eta: 0:01:12    time: 0.0796  data: 0.0000  max mem: 2671
      Evaluation: [1100/1978]  eta: 0:01:05    time: 0.0799  data: 0.0000  max mem: 2671
      Evaluation: [1200/1978]  eta: 0:00:58    time: 0.0799  data: 0.0000  max mem: 2671
      Evaluation: [1300/1978]  eta: 0:00:51    time: 0.0798  data: 0.0000  max mem: 2671
      Evaluation: [1400/1978]  eta: 0:00:43    time: 0.0799  data: 0.0000  max mem: 2671
      Evaluation: [1500/1978]  eta: 0:00:36    time: 0.0799  data: 0.0000  max mem: 2671
      Evaluation: [1600/1978]  eta: 0:00:28    time: 0.0801  data: 0.0000  max mem: 2671
      Evaluation: [1700/1978]  eta: 0:00:21    time: 0.0800  data: 0.0000  max mem: 2671
      Evaluation: [1800/1978]  eta: 0:00:13    time: 0.0800  data: 0.0000  max mem: 2671
      Evaluation: [1900/1978]  eta: 0:00:06    time: 0.0801  data: 0.0000  max mem: 2671
      Evaluation: [1977/1978]  eta: 0:00:00    time: 0.0801  data: 0.0000  max mem: 2671
      Evaluation: Total time: 0:02:32 (0.0771 s / it)
     Computing matching score time 0:02:32
### TTA ITM Score: 
+-------------------+--------+--------+--------+--------+--------+
|       epoch       |   R1   |   R5   |  R10   |  mAP   |  mINP  |
+-------------------+--------+--------+--------+--------+--------+
|  cos_sim_wo/norm  | 58.544 | 91.860 | 95.703 | 73.596 | 73.596 |
|        -999       | 69.414 | 95.197 | 97.776 | 81.233 | 81.233 |
| itm_score_wo/norm | 84.328 | 98.989 | 99.494 | 91.293 | 91.293 |
|        -999       | 84.277 | 99.039 | 99.596 | 91.276 | 91.276 |
|         0         | 84.833 | 98.888 | 99.545 | 91.513 | 91.513 |
+-------------------+--------+--------+--------+--------+--------+
     logs:  {'epo': 0, 'R1': np.float32(84.833), 'R5': np.float32(98.888), 'R10': np.float32(99.545), 'mAP': np.float32(91.513), 'mINP': np.float32(91.513), 'entropy': 0.333046, 'uncertainty': 1.465004, 'uncertainty_coeffi': 0.01, 'loss': 0.236597, 'lr': 6.2e-05}
      TTA Epoch: [1] [ 0/61]  eta: 0:00:15  entropy: 0.3556  uncertainty: 1.3634  uncertainty_coeffi: 0.0100  loss: 0.2573  lr: 0.000124  time: 0.2619  data: 0.1935  max mem: 2671
      TTA Epoch: [1] [60/61]  eta: 0:00:00  entropy: 0.1988  uncertainty: 1.4305  uncertainty_coeffi: 0.0100  loss: 0.1326  lr: 0.000244  time: 0.0736  data: 0.0000  max mem: 2671
      TTA Epoch: [1] Total time: 0:00:04 (0.0764 s / it)
     Averaged stats: entropy: 0.2782  uncertainty: 1.4644  uncertainty_coeffi: 0.0100  loss: 0.1965  lr: 0.0002
     itm tta time 0:00:04
     Computing matching score
      Evaluation: [   0/1978]  eta: 0:02:17    time: 0.0695  data: 0.0008  max mem: 2671
      Evaluation: [ 100/1978]  eta: 0:02:30    time: 0.0802  data: 0.0000  max mem: 2671
      Evaluation: [ 200/1978]  eta: 0:02:22    time: 0.0802  data: 0.0000  max mem: 2671
      Evaluation: [ 300/1978]  eta: 0:02:14    time: 0.0803  data: 0.0000  max mem: 2671
      Evaluation: [ 400/1978]  eta: 0:02:06    time: 0.0802  data: 0.0000  max mem: 2671
      Evaluation: [ 500/1978]  eta: 0:01:58    time: 0.0804  data: 0.0000  max mem: 2671
      Evaluation: [ 600/1978]  eta: 0:01:50    time: 0.0804  data: 0.0000  max mem: 2671
      Evaluation: [ 700/1978]  eta: 0:01:42    time: 0.0804  data: 0.0000  max mem: 2671
      Evaluation: [ 800/1978]  eta: 0:01:34    time: 0.0805  data: 0.0000  max mem: 2671
      Evaluation: [ 900/1978]  eta: 0:01:26    time: 0.0804  data: 0.0000  max mem: 2671
      Evaluation: [1000/1978]  eta: 0:01:18    time: 0.0805  data: 0.0000  max mem: 2671
      Evaluation: [1100/1978]  eta: 0:01:10    time: 0.0806  data: 0.0000  max mem: 2671
      Evaluation: [1200/1978]  eta: 0:01:02    time: 0.0805  data: 0.0000  max mem: 2671
      Evaluation: [1300/1978]  eta: 0:00:54    time: 0.0806  data: 0.0000  max mem: 2671
      Evaluation: [1400/1978]  eta: 0:00:46    time: 0.0806  data: 0.0000  max mem: 2671
      Evaluation: [1500/1978]  eta: 0:00:38    time: 0.0806  data: 0.0000  max mem: 2671
      Evaluation: [1600/1978]  eta: 0:00:30    time: 0.0806  data: 0.0000  max mem: 2671
      Evaluation: [1700/1978]  eta: 0:00:22    time: 0.0806  data: 0.0000  max mem: 2671
      Evaluation: [1800/1978]  eta: 0:00:14    time: 0.0806  data: 0.0000  max mem: 2671
      Evaluation: [1900/1978]  eta: 0:00:06    time: 0.0805  data: 0.0000  max mem: 2671
      Evaluation: [1977/1978]  eta: 0:00:00    time: 0.0806  data: 0.0000  max mem: 2671
      Evaluation: Total time: 0:02:39 (0.0805 s / it)
     Computing matching score time 0:02:39
### TTA ITM Score: 
+-------------------+--------+--------+--------+--------+--------+
|       epoch       |   R1   |   R5   |  R10   |  mAP   |  mINP  |
+-------------------+--------+--------+--------+--------+--------+
|  cos_sim_wo/norm  | 58.544 | 91.860 | 95.703 | 73.596 | 73.596 |
|        -999       | 69.414 | 95.197 | 97.776 | 81.233 | 81.233 |
| itm_score_wo/norm | 84.328 | 98.989 | 99.494 | 91.293 | 91.293 |
|        -999       | 84.277 | 99.039 | 99.596 | 91.276 | 91.276 |
|         0         | 84.833 | 98.888 | 99.545 | 91.513 | 91.513 |
|         1         | 84.681 | 98.787 | 99.393 | 91.352 | 91.352 |
+-------------------+--------+--------+--------+--------+--------+
     logs:  {'epo': 1, 'R1': np.float32(84.681), 'R5': np.float32(98.787), 'R10': np.float32(99.393), 'mAP': np.float32(91.352), 'mINP': np.float32(91.352), 'entropy': 0.278189, 'uncertainty': 1.464373, 'uncertainty_coeffi': 0.01, 'loss': 0.196479, 'lr': 0.000184}
      TTA Epoch: [2] [ 0/61]  eta: 0:00:16  entropy: 0.1953  uncertainty: 1.3940  uncertainty_coeffi: 0.0100  loss: 0.1407  lr: 0.000246  time: 0.2645  data: 0.1988  max mem: 2671
      TTA Epoch: [2] [60/61]  eta: 0:00:00  entropy: 0.2393  uncertainty: 1.4556  uncertainty_coeffi: 0.0100  loss: 0.1631  lr: 0.000366  time: 0.0741  data: 0.0000  max mem: 2671
      TTA Epoch: [2] Total time: 0:00:04 (0.0767 s / it)
     Averaged stats: entropy: 0.2143  uncertainty: 1.4637  uncertainty_coeffi: 0.0100  loss: 0.1498  lr: 0.0003
     itm tta time 0:00:04
     Computing matching score
      Evaluation: [   0/1978]  eta: 0:02:01    time: 0.0615  data: 0.0008  max mem: 2671
      Evaluation: [ 100/1978]  eta: 0:02:30    time: 0.0800  data: 0.0000  max mem: 2671
      Evaluation: [ 200/1978]  eta: 0:02:22    time: 0.0800  data: 0.0000  max mem: 2671
      Evaluation: [ 300/1978]  eta: 0:02:14    time: 0.0805  data: 0.0000  max mem: 2671
      Evaluation: [ 400/1978]  eta: 0:02:06    time: 0.0801  data: 0.0000  max mem: 2671
      Evaluation: [ 500/1978]  eta: 0:01:58    time: 0.0807  data: 0.0000  max mem: 2671
      Evaluation: [ 600/1978]  eta: 0:01:50    time: 0.0806  data: 0.0000  max mem: 2671
      Evaluation: [ 700/1978]  eta: 0:01:42    time: 0.0801  data: 0.0000  max mem: 2671
      Evaluation: [ 800/1978]  eta: 0:01:34    time: 0.0802  data: 0.0000  max mem: 2671
      Evaluation: [ 900/1978]  eta: 0:01:26    time: 0.0807  data: 0.0000  max mem: 2671
      Evaluation: [1000/1978]  eta: 0:01:18    time: 0.0801  data: 0.0000  max mem: 2671
      Evaluation: [1100/1978]  eta: 0:01:10    time: 0.0801  data: 0.0000  max mem: 2671
      Evaluation: [1200/1978]  eta: 0:01:02    time: 0.0810  data: 0.0000  max mem: 2671
      Evaluation: [1300/1978]  eta: 0:00:54    time: 0.0795  data: 0.0000  max mem: 2671
      Evaluation: [1400/1978]  eta: 0:00:46    time: 0.0803  data: 0.0000  max mem: 2671
      Evaluation: [1500/1978]  eta: 0:00:38    time: 0.0804  data: 0.0000  max mem: 2671
      Evaluation: [1600/1978]  eta: 0:00:30    time: 0.0803  data: 0.0000  max mem: 2671
      Evaluation: [1700/1978]  eta: 0:00:22    time: 0.0803  data: 0.0000  max mem: 2671
      Evaluation: [1800/1978]  eta: 0:00:14    time: 0.0805  data: 0.0000  max mem: 2671
      Evaluation: [1900/1978]  eta: 0:00:06    time: 0.0803  data: 0.0000  max mem: 2671
      Evaluation: [1977/1978]  eta: 0:00:00    time: 0.0804  data: 0.0000  max mem: 2671
      Evaluation: Total time: 0:02:39 (0.0804 s / it)
     Computing matching score time 0:02:39
### TTA ITM Score: 
+-------------------+--------+--------+--------+--------+--------+
|       epoch       |   R1   |   R5   |  R10   |  mAP   |  mINP  |
+-------------------+--------+--------+--------+--------+--------+
|  cos_sim_wo/norm  | 58.544 | 91.860 | 95.703 | 73.596 | 73.596 |
|        -999       | 69.414 | 95.197 | 97.776 | 81.233 | 81.233 |
| itm_score_wo/norm | 84.328 | 98.989 | 99.494 | 91.293 | 91.293 |
|        -999       | 84.277 | 99.039 | 99.596 | 91.276 | 91.276 |
|         0         | 84.833 | 98.888 | 99.545 | 91.513 | 91.513 |
|         1         | 84.681 | 98.787 | 99.393 | 91.352 | 91.352 |
|         2         | 84.479 | 98.635 | 99.191 | 91.184 | 91.184 |
+-------------------+--------+--------+--------+--------+--------+
     logs:  {'epo': 2, 'R1': np.float32(84.479), 'R5': np.float32(98.635), 'R10': np.float32(99.191), 'mAP': np.float32(91.184), 'mINP': np.float32(91.184), 'entropy': 0.214288, 'uncertainty': 1.463736, 'uncertainty_coeffi': 0.01, 'loss': 0.149813, 'lr': 0.000306}
      TTA Epoch: [3] [ 0/61]  eta: 0:00:18  entropy: 0.1574  uncertainty: 1.3867  uncertainty_coeffi: 0.0100  loss: 0.1106  lr: 0.000368  time: 0.3074  data: 0.2280  max mem: 2671
      TTA Epoch: [3] [60/61]  eta: 0:00:00  entropy: 0.1969  uncertainty: 1.4939  uncertainty_coeffi: 0.0100  loss: 0.1277  lr: 0.000488  time: 0.0729  data: 0.0000  max mem: 2671
      TTA Epoch: [3] Total time: 0:00:04 (0.0768 s / it)
     Averaged stats: entropy: 0.1724  uncertainty: 1.4648  uncertainty_coeffi: 0.0100  loss: 0.1228  lr: 0.0004
     itm tta time 0:00:04
      TTA Epoch: [4] [ 0/61]  eta: 0:00:16  entropy: 0.0876  uncertainty: 1.3742  uncertainty_coeffi: 0.0100  loss: 0.0825  lr: 0.000490  time: 0.2653  data: 0.1857  max mem: 2671
      TTA Epoch: [4] [60/61]  eta: 0:00:00  entropy: 0.0419  uncertainty: 1.4715  uncertainty_coeffi: 0.0100  loss: 0.0371  lr: 0.000610  time: 0.0729  data: 0.0000  max mem: 2671
      TTA Epoch: [4] Total time: 0:00:04 (0.0762 s / it)
     Averaged stats: entropy: 0.1375  uncertainty: 1.4644  uncertainty_coeffi: 0.0100  loss: 0.0997  lr: 0.0005
     itm tta time 0:00:04
     Computing matching score
      Evaluation: [   0/1978]  eta: 0:02:10    time: 0.0658  data: 0.0009  max mem: 2671
      Evaluation: [ 100/1978]  eta: 0:02:30    time: 0.0803  data: 0.0000  max mem: 2671
      Evaluation: [ 200/1978]  eta: 0:02:22    time: 0.0804  data: 0.0000  max mem: 2671
      Evaluation: [ 300/1978]  eta: 0:02:14    time: 0.0803  data: 0.0000  max mem: 2671
      Evaluation: [ 400/1978]  eta: 0:02:06    time: 0.0803  data: 0.0000  max mem: 2671
      Evaluation: [ 500/1978]  eta: 0:01:58    time: 0.0804  data: 0.0000  max mem: 2671
      Evaluation: [ 600/1978]  eta: 0:01:50    time: 0.0804  data: 0.0000  max mem: 2671
      Evaluation: [ 700/1978]  eta: 0:01:42    time: 0.0803  data: 0.0000  max mem: 2671
      Evaluation: [ 800/1978]  eta: 0:01:34    time: 0.0804  data: 0.0000  max mem: 2671
      Evaluation: [ 900/1978]  eta: 0:01:26    time: 0.0804  data: 0.0000  max mem: 2671
      Evaluation: [1000/1978]  eta: 0:01:18    time: 0.0803  data: 0.0000  max mem: 2671
      Evaluation: [1100/1978]  eta: 0:01:10    time: 0.0803  data: 0.0000  max mem: 2671
      Evaluation: [1200/1978]  eta: 0:01:02    time: 0.0804  data: 0.0000  max mem: 2671
      Evaluation: [1300/1978]  eta: 0:00:54    time: 0.0804  data: 0.0000  max mem: 2671
      Evaluation: [1400/1978]  eta: 0:00:46    time: 0.0804  data: 0.0000  max mem: 2671
      Evaluation: [1500/1978]  eta: 0:00:38    time: 0.0805  data: 0.0000  max mem: 2671
      Evaluation: [1600/1978]  eta: 0:00:30    time: 0.0804  data: 0.0000  max mem: 2671
      Evaluation: [1700/1978]  eta: 0:00:22    time: 0.0797  data: 0.0000  max mem: 2671
      Evaluation: [1800/1978]  eta: 0:00:14    time: 0.0804  data: 0.0000  max mem: 2671
      Evaluation: [1900/1978]  eta: 0:00:06    time: 0.0804  data: 0.0000  max mem: 2671
      Evaluation: [1977/1978]  eta: 0:00:00    time: 0.0803  data: 0.0000  max mem: 2671
      Evaluation: Total time: 0:02:38 (0.0804 s / it)
     Computing matching score time 0:02:39
### TTA ITM Score: 
+-------------------+--------+--------+--------+--------+--------+
|       epoch       |   R1   |   R5   |  R10   |  mAP   |  mINP  |
+-------------------+--------+--------+--------+--------+--------+
|  cos_sim_wo/norm  | 58.544 | 91.860 | 95.703 | 73.596 | 73.596 |
|        -999       | 69.414 | 95.197 | 97.776 | 81.233 | 81.233 |
| itm_score_wo/norm | 84.328 | 98.989 | 99.494 | 91.293 | 91.293 |
|        -999       | 84.277 | 99.039 | 99.596 | 91.276 | 91.276 |
|         0         | 84.833 | 98.888 | 99.545 | 91.513 | 91.513 |
|         1         | 84.681 | 98.787 | 99.393 | 91.352 | 91.352 |
|         2         | 84.479 | 98.635 | 99.191 | 91.184 | 91.184 |
|         4         | 84.479 | 98.736 | 99.393 | 91.258 | 91.258 |
+-------------------+--------+--------+--------+--------+--------+
     logs:  {'epo': 4, 'R1': np.float32(84.479), 'R5': np.float32(98.736), 'R10': np.float32(99.393), 'mAP': np.float32(91.258), 'mINP': np.float32(91.258), 'entropy': 0.137492, 'uncertainty': 1.464388, 'uncertainty_coeffi': 0.01, 'loss': 0.099742, 'lr': 0.00055}
      TTA Epoch: [5] [ 0/61]  eta: 0:00:16  entropy: 0.1852  uncertainty: 1.4630  uncertainty_coeffi: 0.0100  loss: 0.1273  lr: 0.000612  time: 0.2742  data: 0.2005  max mem: 2671
      TTA Epoch: [5] [60/61]  eta: 0:00:00  entropy: 0.0573  uncertainty: 1.4085  uncertainty_coeffi: 0.0100  loss: 0.0485  lr: 0.000732  time: 0.0731  data: 0.0000  max mem: 2671
      TTA Epoch: [5] Total time: 0:00:04 (0.0764 s / it)
     Averaged stats: entropy: 0.1111  uncertainty: 1.4651  uncertainty_coeffi: 0.0100  loss: 0.0826  lr: 0.0007
     itm tta time 0:00:04
      TTA Epoch: [6] [ 0/61]  eta: 0:00:16  entropy: 0.1036  uncertainty: 1.5152  uncertainty_coeffi: 0.0100  loss: 0.0860  lr: 0.000734  time: 0.2723  data: 0.1936  max mem: 2671
      TTA Epoch: [6] [60/61]  eta: 0:00:00  entropy: 0.1050  uncertainty: 1.6047  uncertainty_coeffi: 0.0100  loss: 0.0837  lr: 0.000854  time: 0.0731  data: 0.0000  max mem: 2671
      TTA Epoch: [6] Total time: 0:00:04 (0.0763 s / it)
     Averaged stats: entropy: 0.0967  uncertainty: 1.4642  uncertainty_coeffi: 0.0100  loss: 0.0737  lr: 0.0008
     itm tta time 0:00:04
      TTA Epoch: [7] [ 0/61]  eta: 0:00:14  entropy: 0.0864  uncertainty: 1.4735  uncertainty_coeffi: 0.0100  loss: 0.0679  lr: 0.000856  time: 0.2434  data: 0.1794  max mem: 2671
      TTA Epoch: [7] [60/61]  eta: 0:00:00  entropy: 0.1152  uncertainty: 1.5230  uncertainty_coeffi: 0.0100  loss: 0.0880  lr: 0.000976  time: 0.0734  data: 0.0000  max mem: 2671
      TTA Epoch: [7] Total time: 0:00:04 (0.0761 s / it)
     Averaged stats: entropy: 0.0755  uncertainty: 1.4656  uncertainty_coeffi: 0.0100  loss: 0.0602  lr: 0.0009
     itm tta time 0:00:04
      TTA Epoch: [8] [ 0/61]  eta: 0:00:17  entropy: 0.0351  uncertainty: 1.3253  uncertainty_coeffi: 0.0100  loss: 0.0347  lr: 0.000978  time: 0.2827  data: 0.1920  max mem: 2671
      TTA Epoch: [8] [60/61]  eta: 0:00:00  entropy: 0.0455  uncertainty: 1.6308  uncertainty_coeffi: 0.0100  loss: 0.0421  lr: 0.000985  time: 0.0735  data: 0.0000  max mem: 2671
      TTA Epoch: [8] Total time: 0:00:04 (0.0765 s / it)
     Averaged stats: entropy: 0.0650  uncertainty: 1.4643  uncertainty_coeffi: 0.0100  loss: 0.0543  lr: 0.0010
     itm tta time 0:00:04
      TTA Epoch: [9] [ 0/61]  eta: 0:00:16  entropy: 0.1160  uncertainty: 1.4600  uncertainty_coeffi: 0.0100  loss: 0.0846  lr: 0.000984  time: 0.2640  data: 0.2020  max mem: 2671
      TTA Epoch: [9] [60/61]  eta: 0:00:00  entropy: 0.0035  uncertainty: 1.4309  uncertainty_coeffi: 0.0100  loss: 0.0172  lr: 0.000966  time: 0.0735  data: 0.0000  max mem: 2671
      TTA Epoch: [9] Total time: 0:00:04 (0.0764 s / it)
     Averaged stats: entropy: 0.0544  uncertainty: 1.4646  uncertainty_coeffi: 0.0100  loss: 0.0481  lr: 0.0010
     itm tta time 0:00:04
     Computing matching score
      Evaluation: [   0/1978]  eta: 0:02:02    time: 0.0617  data: 0.0009  max mem: 2671
      Evaluation: [ 100/1978]  eta: 0:02:30    time: 0.0805  data: 0.0000  max mem: 2671
      Evaluation: [ 200/1978]  eta: 0:02:22    time: 0.0805  data: 0.0000  max mem: 2671
      Evaluation: [ 300/1978]  eta: 0:02:14    time: 0.0804  data: 0.0000  max mem: 2671
      Evaluation: [ 400/1978]  eta: 0:02:06    time: 0.0806  data: 0.0000  max mem: 2671
      Evaluation: [ 500/1978]  eta: 0:01:58    time: 0.0805  data: 0.0000  max mem: 2671
      Evaluation: [ 600/1978]  eta: 0:01:50    time: 0.0804  data: 0.0000  max mem: 2671
      Evaluation: [ 700/1978]  eta: 0:01:42    time: 0.0805  data: 0.0000  max mem: 2671
      Evaluation: [ 800/1978]  eta: 0:01:34    time: 0.0805  data: 0.0000  max mem: 2671
      Evaluation: [ 900/1978]  eta: 0:01:26    time: 0.0806  data: 0.0000  max mem: 2671
      Evaluation: [1000/1978]  eta: 0:01:18    time: 0.0806  data: 0.0000  max mem: 2671
      Evaluation: [1100/1978]  eta: 0:01:10    time: 0.0806  data: 0.0000  max mem: 2671
      Evaluation: [1200/1978]  eta: 0:01:02    time: 0.0806  data: 0.0000  max mem: 2671
      Evaluation: [1300/1978]  eta: 0:00:54    time: 0.0806  data: 0.0000  max mem: 2671
      Evaluation: [1400/1978]  eta: 0:00:46    time: 0.0806  data: 0.0000  max mem: 2671
      Evaluation: [1500/1978]  eta: 0:00:38    time: 0.0805  data: 0.0000  max mem: 2671
      Evaluation: [1600/1978]  eta: 0:00:30    time: 0.0807  data: 0.0000  max mem: 2671
      Evaluation: [1700/1978]  eta: 0:00:22    time: 0.0806  data: 0.0000  max mem: 2671
      Evaluation: [1800/1978]  eta: 0:00:14    time: 0.0806  data: 0.0000  max mem: 2671
      Evaluation: [1900/1978]  eta: 0:00:06    time: 0.0807  data: 0.0000  max mem: 2671
      Evaluation: [1977/1978]  eta: 0:00:00    time: 0.0807  data: 0.0000  max mem: 2671
      Evaluation: Total time: 0:02:39 (0.0805 s / it)
     Computing matching score time 0:02:39
### TTA ITM Score: 
+-------------------+--------+--------+--------+--------+--------+
|       epoch       |   R1   |   R5   |  R10   |  mAP   |  mINP  |
+-------------------+--------+--------+--------+--------+--------+
|  cos_sim_wo/norm  | 58.544 | 91.860 | 95.703 | 73.596 | 73.596 |
|        -999       | 69.414 | 95.197 | 97.776 | 81.233 | 81.233 |
| itm_score_wo/norm | 84.328 | 98.989 | 99.494 | 91.293 | 91.293 |
|        -999       | 84.277 | 99.039 | 99.596 | 91.276 | 91.276 |
|         0         | 84.833 | 98.888 | 99.545 | 91.513 | 91.513 |
|         1         | 84.681 | 98.787 | 99.393 | 91.352 | 91.352 |
|         2         | 84.479 | 98.635 | 99.191 | 91.184 | 91.184 |
|         4         | 84.479 | 98.736 | 99.393 | 91.258 | 91.258 |
|         9         | 85.440 | 98.686 | 99.393 | 91.689 | 91.689 |
+-------------------+--------+--------+--------+--------+--------+
     logs:  {'epo': 9, 'R1': np.float32(85.44), 'R5': np.float32(98.686), 'R10': np.float32(99.393), 'mAP': np.float32(91.689), 'mINP': np.float32(91.689), 'entropy': 0.054356, 'uncertainty': 1.464571, 'uncertainty_coeffi': 0.01, 'loss': 0.048051, 'lr': 0.000975}
      TTA Epoch: [10] [ 0/61]  eta: 0:00:17  entropy: 0.0244  uncertainty: 1.4676  uncertainty_coeffi: 0.0100  loss: 0.0285  lr: 0.000966  time: 0.2795  data: 0.2062  max mem: 2671
      TTA Epoch: [10] [60/61]  eta: 0:00:00  entropy: 0.0509  uncertainty: 1.4306  uncertainty_coeffi: 0.0100  loss: 0.0476  lr: 0.000947  time: 0.0733  data: 0.0000  max mem: 2671
      TTA Epoch: [10] Total time: 0:00:04 (0.0767 s / it)
     Averaged stats: entropy: 0.0457  uncertainty: 1.4645  uncertainty_coeffi: 0.0100  loss: 0.0425  lr: 0.0010
     itm tta time 0:00:04
      TTA Epoch: [11] [ 0/61]  eta: 0:00:16  entropy: 0.0790  uncertainty: 1.3746  uncertainty_coeffi: 0.0100  loss: 0.0625  lr: 0.000947  time: 0.2670  data: 0.1953  max mem: 2671
      TTA Epoch: [11] [60/61]  eta: 0:00:00  entropy: 0.0049  uncertainty: 1.5194  uncertainty_coeffi: 0.0100  loss: 0.0179  lr: 0.000928  time: 0.0733  data: 0.0000  max mem: 2671
      TTA Epoch: [11] Total time: 0:00:04 (0.0764 s / it)
     Averaged stats: entropy: 0.0436  uncertainty: 1.4650  uncertainty_coeffi: 0.0100  loss: 0.0409  lr: 0.0009
     itm tta time 0:00:04
      TTA Epoch: [12] [ 0/61]  eta: 0:00:15  entropy: 0.0067  uncertainty: 1.4240  uncertainty_coeffi: 0.0100  loss: 0.0183  lr: 0.000928  time: 0.2567  data: 0.1930  max mem: 2671
      TTA Epoch: [12] [60/61]  eta: 0:00:00  entropy: 0.0554  uncertainty: 1.4070  uncertainty_coeffi: 0.0100  loss: 0.0467  lr: 0.000909  time: 0.0736  data: 0.0000  max mem: 2671
      TTA Epoch: [12] Total time: 0:00:04 (0.0764 s / it)
     Averaged stats: entropy: 0.0338  uncertainty: 1.4644  uncertainty_coeffi: 0.0100  loss: 0.0350  lr: 0.0009
     itm tta time 0:00:04
      TTA Epoch: [13] [ 0/61]  eta: 0:00:15  entropy: 0.0426  uncertainty: 1.3621  uncertainty_coeffi: 0.0100  loss: 0.0405  lr: 0.000909  time: 0.2512  data: 0.1913  max mem: 2671
      TTA Epoch: [13] [60/61]  eta: 0:00:00  entropy: 0.0396  uncertainty: 1.4144  uncertainty_coeffi: 0.0100  loss: 0.0394  lr: 0.000890  time: 0.0735  data: 0.0000  max mem: 2671
      TTA Epoch: [13] Total time: 0:00:04 (0.0763 s / it)
     Averaged stats: entropy: 0.0317  uncertainty: 1.4648  uncertainty_coeffi: 0.0100  loss: 0.0341  lr: 0.0009
     itm tta time 0:00:04
      TTA Epoch: [14] [ 0/61]  eta: 0:00:16  entropy: 0.0233  uncertainty: 1.3738  uncertainty_coeffi: 0.0100  loss: 0.0297  lr: 0.000890  time: 0.2652  data: 0.2047  max mem: 2671
      TTA Epoch: [14] [60/61]  eta: 0:00:00  entropy: 0.0166  uncertainty: 1.3669  uncertainty_coeffi: 0.0100  loss: 0.0218  lr: 0.000871  time: 0.0735  data: 0.0000  max mem: 2671
      TTA Epoch: [14] Total time: 0:00:04 (0.0765 s / it)
     Averaged stats: entropy: 0.0293  uncertainty: 1.4644  uncertainty_coeffi: 0.0100  loss: 0.0323  lr: 0.0009
     itm tta time 0:00:04
     Computing matching score
      Evaluation: [   0/1978]  eta: 0:02:03    time: 0.0623  data: 0.0009  max mem: 2671
      Evaluation: [ 100/1978]  eta: 0:02:31    time: 0.0807  data: 0.0000  max mem: 2671
      Evaluation: [ 200/1978]  eta: 0:02:23    time: 0.0807  data: 0.0000  max mem: 2671
      Evaluation: [ 300/1978]  eta: 0:02:15    time: 0.0808  data: 0.0000  max mem: 2671
      Evaluation: [ 400/1978]  eta: 0:02:07    time: 0.0808  data: 0.0000  max mem: 2671
      Evaluation: [ 500/1978]  eta: 0:01:59    time: 0.0807  data: 0.0000  max mem: 2671
      Evaluation: [ 600/1978]  eta: 0:01:51    time: 0.0807  data: 0.0000  max mem: 2671
      Evaluation: [ 700/1978]  eta: 0:01:43    time: 0.0808  data: 0.0000  max mem: 2671
      Evaluation: [ 800/1978]  eta: 0:01:35    time: 0.0808  data: 0.0000  max mem: 2671
      Evaluation: [ 900/1978]  eta: 0:01:27    time: 0.0809  data: 0.0000  max mem: 2671
      Evaluation: [1000/1978]  eta: 0:01:18    time: 0.0819  data: 0.0000  max mem: 2671
      Evaluation: [1100/1978]  eta: 0:01:10    time: 0.0805  data: 0.0000  max mem: 2671
      Evaluation: [1200/1978]  eta: 0:01:02    time: 0.0806  data: 0.0000  max mem: 2671
      Evaluation: [1300/1978]  eta: 0:00:54    time: 0.0805  data: 0.0000  max mem: 2671
      Evaluation: [1400/1978]  eta: 0:00:46    time: 0.0805  data: 0.0000  max mem: 2671
      Evaluation: [1500/1978]  eta: 0:00:38    time: 0.0806  data: 0.0000  max mem: 2671
      Evaluation: [1600/1978]  eta: 0:00:30    time: 0.0806  data: 0.0000  max mem: 2671
      Evaluation: [1700/1978]  eta: 0:00:22    time: 0.0805  data: 0.0000  max mem: 2671
      Evaluation: [1800/1978]  eta: 0:00:14    time: 0.0805  data: 0.0000  max mem: 2671
      Evaluation: [1900/1978]  eta: 0:00:06    time: 0.0806  data: 0.0000  max mem: 2671
      Evaluation: [1977/1978]  eta: 0:00:00    time: 0.0807  data: 0.0000  max mem: 2671
      Evaluation: Total time: 0:02:39 (0.0806 s / it)
     Computing matching score time 0:02:39
### TTA ITM Score: 
+-------------------+--------+--------+--------+--------+--------+
|       epoch       |   R1   |   R5   |  R10   |  mAP   |  mINP  |
+-------------------+--------+--------+--------+--------+--------+
|  cos_sim_wo/norm  | 58.544 | 91.860 | 95.703 | 73.596 | 73.596 |
|        -999       | 69.414 | 95.197 | 97.776 | 81.233 | 81.233 |
| itm_score_wo/norm | 84.328 | 98.989 | 99.494 | 91.293 | 91.293 |
|        -999       | 84.277 | 99.039 | 99.596 | 91.276 | 91.276 |
|         0         | 84.833 | 98.888 | 99.545 | 91.513 | 91.513 |
|         1         | 84.681 | 98.787 | 99.393 | 91.352 | 91.352 |
|         2         | 84.479 | 98.635 | 99.191 | 91.184 | 91.184 |
|         4         | 84.479 | 98.736 | 99.393 | 91.258 | 91.258 |
|         9         | 85.440 | 98.686 | 99.393 | 91.689 | 91.689 |
|         14        | 84.833 | 98.534 | 99.444 | 91.299 | 91.299 |
+-------------------+--------+--------+--------+--------+--------+
     logs:  {'epo': 14, 'R1': np.float32(84.833), 'R5': np.float32(98.534), 'R10': np.float32(99.444), 'mAP': np.float32(91.299), 'mINP': np.float32(91.299), 'entropy': 0.029289, 'uncertainty': 1.464384, 'uncertainty_coeffi': 0.01, 'loss': 0.03228, 'lr': 0.00088}
      TTA Epoch: [15] [ 0/61]  eta: 0:00:15  entropy: 0.0672  uncertainty: 1.4598  uncertainty_coeffi: 0.0100  loss: 0.0741  lr: 0.000871  time: 0.2613  data: 0.1926  max mem: 2671
      TTA Epoch: [15] [60/61]  eta: 0:00:00  entropy: 0.0344  uncertainty: 1.4890  uncertainty_coeffi: 0.0100  loss: 0.0322  lr: 0.000852  time: 0.0732  data: 0.0000  max mem: 2671
      TTA Epoch: [15] Total time: 0:00:04 (0.0763 s / it)
     Averaged stats: entropy: 0.0294  uncertainty: 1.4645  uncertainty_coeffi: 0.0100  loss: 0.0322  lr: 0.0009
     itm tta time 0:00:04
      TTA Epoch: [16] [ 0/61]  eta: 0:00:15  entropy: 0.0382  uncertainty: 1.4323  uncertainty_coeffi: 0.0100  loss: 0.0371  lr: 0.000852  time: 0.2614  data: 0.1968  max mem: 2671
      TTA Epoch: [16] [60/61]  eta: 0:00:00  entropy: 0.0927  uncertainty: 1.4824  uncertainty_coeffi: 0.0100  loss: 0.0596  lr: 0.000833  time: 0.0730  data: 0.0000  max mem: 2671
      TTA Epoch: [16] Total time: 0:00:04 (0.0762 s / it)
     Averaged stats: entropy: 0.0287  uncertainty: 1.4650  uncertainty_coeffi: 0.0100  loss: 0.0321  lr: 0.0008
     itm tta time 0:00:04
      TTA Epoch: [17] [ 0/61]  eta: 0:00:18  entropy: 0.0499  uncertainty: 1.4781  uncertainty_coeffi: 0.0100  loss: 0.0449  lr: 0.000833  time: 0.2953  data: 0.2156  max mem: 2671
      TTA Epoch: [17] [60/61]  eta: 0:00:00  entropy: 0.0124  uncertainty: 1.3445  uncertainty_coeffi: 0.0100  loss: 0.0208  lr: 0.000814  time: 0.0728  data: 0.0000  max mem: 2671
      TTA Epoch: [17] Total time: 0:00:04 (0.0767 s / it)
     Averaged stats: entropy: 0.0285  uncertainty: 1.4650  uncertainty_coeffi: 0.0100  loss: 0.0313  lr: 0.0008
     itm tta time 0:00:04
      TTA Epoch: [18] [ 0/61]  eta: 0:00:16  entropy: 0.0057  uncertainty: 1.5008  uncertainty_coeffi: 0.0100  loss: 0.0184  lr: 0.000814  time: 0.2740  data: 0.1962  max mem: 2671
      TTA Epoch: [18] [60/61]  eta: 0:00:00  entropy: 0.0268  uncertainty: 1.4045  uncertainty_coeffi: 0.0100  loss: 0.0313  lr: 0.000795  time: 0.0729  data: 0.0000  max mem: 2671
      TTA Epoch: [18] Total time: 0:00:04 (0.0763 s / it)
     Averaged stats: entropy: 0.0249  uncertainty: 1.4645  uncertainty_coeffi: 0.0100  loss: 0.0299  lr: 0.0008
     itm tta time 0:00:04
      TTA Epoch: [19] [ 0/61]  eta: 0:00:17  entropy: 0.0305  uncertainty: 1.4365  uncertainty_coeffi: 0.0100  loss: 0.0301  lr: 0.000795  time: 0.2879  data: 0.2112  max mem: 2671
      TTA Epoch: [19] [60/61]  eta: 0:00:00  entropy: 0.0450  uncertainty: 1.4134  uncertainty_coeffi: 0.0100  loss: 0.0516  lr: 0.000776  time: 0.0735  data: 0.0000  max mem: 2671
      TTA Epoch: [19] Total time: 0:00:04 (0.0768 s / it)
     Averaged stats: entropy: 0.0215  uncertainty: 1.4645  uncertainty_coeffi: 0.0100  loss: 0.0275  lr: 0.0008
     itm tta time 0:00:04
     Computing matching score
      Evaluation: [   0/1978]  eta: 0:02:09    time: 0.0653  data: 0.0018  max mem: 2671
      Evaluation: [ 100/1978]  eta: 0:02:30    time: 0.0802  data: 0.0000  max mem: 2671
      Evaluation: [ 200/1978]  eta: 0:02:22    time: 0.0804  data: 0.0000  max mem: 2671
      Evaluation: [ 300/1978]  eta: 0:02:14    time: 0.0804  data: 0.0000  max mem: 2671
      Evaluation: [ 400/1978]  eta: 0:02:06    time: 0.0804  data: 0.0000  max mem: 2671
      Evaluation: [ 500/1978]  eta: 0:01:58    time: 0.0803  data: 0.0000  max mem: 2671
      Evaluation: [ 600/1978]  eta: 0:01:50    time: 0.0804  data: 0.0000  max mem: 2671
      Evaluation: [ 700/1978]  eta: 0:01:42    time: 0.0804  data: 0.0000  max mem: 2671
      Evaluation: [ 800/1978]  eta: 0:01:34    time: 0.0804  data: 0.0000  max mem: 2671
      Evaluation: [ 900/1978]  eta: 0:01:26    time: 0.0804  data: 0.0000  max mem: 2671
      Evaluation: [1000/1978]  eta: 0:01:18    time: 0.0802  data: 0.0000  max mem: 2671
      Evaluation: [1100/1978]  eta: 0:01:10    time: 0.0805  data: 0.0000  max mem: 2671
      Evaluation: [1200/1978]  eta: 0:01:02    time: 0.0803  data: 0.0000  max mem: 2671
      Evaluation: [1300/1978]  eta: 0:00:54    time: 0.0803  data: 0.0000  max mem: 2671
      Evaluation: [1400/1978]  eta: 0:00:46    time: 0.0805  data: 0.0000  max mem: 2671
      Evaluation: [1500/1978]  eta: 0:00:38    time: 0.0804  data: 0.0000  max mem: 2671
      Evaluation: [1600/1978]  eta: 0:00:30    time: 0.0805  data: 0.0000  max mem: 2671
      Evaluation: [1700/1978]  eta: 0:00:22    time: 0.0805  data: 0.0000  max mem: 2671
      Evaluation: [1800/1978]  eta: 0:00:14    time: 0.0806  data: 0.0000  max mem: 2671
      Evaluation: [1900/1978]  eta: 0:00:06    time: 0.0805  data: 0.0000  max mem: 2671
      Evaluation: [1977/1978]  eta: 0:00:00    time: 0.0799  data: 0.0000  max mem: 2671
      Evaluation: Total time: 0:02:39 (0.0805 s / it)
     Computing matching score time 0:02:39
### TTA ITM Score: 
+-------------------+--------+--------+--------+--------+--------+
|       epoch       |   R1   |   R5   |  R10   |  mAP   |  mINP  |
+-------------------+--------+--------+--------+--------+--------+
|  cos_sim_wo/norm  | 58.544 | 91.860 | 95.703 | 73.596 | 73.596 |
|        -999       | 69.414 | 95.197 | 97.776 | 81.233 | 81.233 |
| itm_score_wo/norm | 84.328 | 98.989 | 99.494 | 91.293 | 91.293 |
|        -999       | 84.277 | 99.039 | 99.596 | 91.276 | 91.276 |
|         0         | 84.833 | 98.888 | 99.545 | 91.513 | 91.513 |
|         1         | 84.681 | 98.787 | 99.393 | 91.352 | 91.352 |
|         2         | 84.479 | 98.635 | 99.191 | 91.184 | 91.184 |
|         4         | 84.479 | 98.736 | 99.393 | 91.258 | 91.258 |
|         9         | 85.440 | 98.686 | 99.393 | 91.689 | 91.689 |
|         14        | 84.833 | 98.534 | 99.444 | 91.299 | 91.299 |
|         19        | 84.985 | 98.534 | 99.393 | 91.328 | 91.328 |
+-------------------+--------+--------+--------+--------+--------+
     logs:  {'epo': 19, 'R1': np.float32(84.985), 'R5': np.float32(98.534), 'R10': np.float32(99.393), 'mAP': np.float32(91.328), 'mINP': np.float32(91.328), 'entropy': 0.02148, 'uncertainty': 1.464496, 'uncertainty_coeffi': 0.01, 'loss': 0.027471, 'lr': 0.000786}
      TTA Epoch: [20] [ 0/61]  eta: 0:00:16  entropy: 0.0080  uncertainty: 1.5361  uncertainty_coeffi: 0.0100  loss: 0.0193  lr: 0.000776  time: 0.2740  data: 0.2002  max mem: 2671
      TTA Epoch: [20] [60/61]  eta: 0:00:00  entropy: 0.0102  uncertainty: 1.3919  uncertainty_coeffi: 0.0100  loss: 0.0228  lr: 0.000757  time: 0.0736  data: 0.0000  max mem: 2671
      TTA Epoch: [20] Total time: 0:00:04 (0.0768 s / it)
     Averaged stats: entropy: 0.0206  uncertainty: 1.4646  uncertainty_coeffi: 0.0100  loss: 0.0267  lr: 0.0008
     itm tta time 0:00:04
      TTA Epoch: [21] [ 0/61]  eta: 0:00:14  entropy: 0.0371  uncertainty: 1.5003  uncertainty_coeffi: 0.0100  loss: 0.0351  lr: 0.000757  time: 0.2434  data: 0.1828  max mem: 2671
      TTA Epoch: [21] [60/61]  eta: 0:00:00  entropy: 0.0082  uncertainty: 1.4413  uncertainty_coeffi: 0.0100  loss: 0.0207  lr: 0.000739  time: 0.0726  data: 0.0000  max mem: 2671
      TTA Epoch: [21] Total time: 0:00:04 (0.0762 s / it)
     Averaged stats: entropy: 0.0197  uncertainty: 1.4645  uncertainty_coeffi: 0.0100  loss: 0.0264  lr: 0.0007
     itm tta time 0:00:04
      TTA Epoch: [22] [ 0/61]  eta: 0:00:16  entropy: 0.0191  uncertainty: 1.3769  uncertainty_coeffi: 0.0100  loss: 0.0259  lr: 0.000738  time: 0.2745  data: 0.1937  max mem: 2671
      TTA Epoch: [22] [60/61]  eta: 0:00:00  entropy: 0.0461  uncertainty: 1.4495  uncertainty_coeffi: 0.0100  loss: 0.0395  lr: 0.000720  time: 0.0726  data: 0.0000  max mem: 2671
      TTA Epoch: [22] Total time: 0:00:04 (0.0763 s / it)
     Averaged stats: entropy: 0.0202  uncertainty: 1.4654  uncertainty_coeffi: 0.0100  loss: 0.0267  lr: 0.0007
     itm tta time 0:00:04
      TTA Epoch: [23] [ 0/61]  eta: 0:00:16  entropy: 0.0384  uncertainty: 1.4571  uncertainty_coeffi: 0.0100  loss: 0.0395  lr: 0.000719  time: 0.2722  data: 0.1926  max mem: 2671
      TTA Epoch: [23] [60/61]  eta: 0:00:00  entropy: 0.0227  uncertainty: 1.4322  uncertainty_coeffi: 0.0100  loss: 0.0282  lr: 0.000701  time: 0.0727  data: 0.0000  max mem: 2671
      TTA Epoch: [23] Total time: 0:00:04 (0.0762 s / it)
     Averaged stats: entropy: 0.0218  uncertainty: 1.4649  uncertainty_coeffi: 0.0100  loss: 0.0282  lr: 0.0007
     itm tta time 0:00:04
      TTA Epoch: [24] [ 0/61]  eta: 0:00:17  entropy: 0.0298  uncertainty: 1.4394  uncertainty_coeffi: 0.0100  loss: 0.0283  lr: 0.000700  time: 0.2855  data: 0.2043  max mem: 2671
      TTA Epoch: [24] [60/61]  eta: 0:00:00  entropy: 0.0353  uncertainty: 1.4624  uncertainty_coeffi: 0.0100  loss: 0.0292  lr: 0.000682  time: 0.0730  data: 0.0000  max mem: 2671
      TTA Epoch: [24] Total time: 0:00:04 (0.0765 s / it)
     Averaged stats: entropy: 0.0171  uncertainty: 1.4643  uncertainty_coeffi: 0.0100  loss: 0.0246  lr: 0.0007
     itm tta time 0:00:04
      TTA Epoch: [25] [ 0/61]  eta: 0:00:17  entropy: 0.0271  uncertainty: 1.5167  uncertainty_coeffi: 0.0100  loss: 0.0267  lr: 0.000681  time: 0.2789  data: 0.1984  max mem: 2671
      TTA Epoch: [25] [60/61]  eta: 0:00:00  entropy: 0.0566  uncertainty: 1.5204  uncertainty_coeffi: 0.0100  loss: 0.0451  lr: 0.000663  time: 0.0727  data: 0.0000  max mem: 2671
      TTA Epoch: [25] Total time: 0:00:04 (0.0764 s / it)
     Averaged stats: entropy: 0.0180  uncertainty: 1.4648  uncertainty_coeffi: 0.0100  loss: 0.0249  lr: 0.0007
     itm tta time 0:00:04
      TTA Epoch: [26] [ 0/61]  eta: 0:00:17  entropy: 0.0061  uncertainty: 1.4992  uncertainty_coeffi: 0.0100  loss: 0.0182  lr: 0.000662  time: 0.2822  data: 0.2023  max mem: 2671
      TTA Epoch: [26] [60/61]  eta: 0:00:00  entropy: 0.0006  uncertainty: 1.4617  uncertainty_coeffi: 0.0100  loss: 0.0152  lr: 0.000644  time: 0.0729  data: 0.0000  max mem: 2671
      TTA Epoch: [26] Total time: 0:00:04 (0.0763 s / it)
     Averaged stats: entropy: 0.0196  uncertainty: 1.4642  uncertainty_coeffi: 0.0100  loss: 0.0263  lr: 0.0007
     itm tta time 0:00:04
      TTA Epoch: [27] [ 0/61]  eta: 0:00:16  entropy: 0.0051  uncertainty: 1.4625  uncertainty_coeffi: 0.0100  loss: 0.0168  lr: 0.000643  time: 0.2767  data: 0.1974  max mem: 2671
      TTA Epoch: [27] [60/61]  eta: 0:00:00  entropy: 0.0410  uncertainty: 1.5601  uncertainty_coeffi: 0.0100  loss: 0.0333  lr: 0.000625  time: 0.0725  data: 0.0000  max mem: 2671
      TTA Epoch: [27] Total time: 0:00:04 (0.0763 s / it)
     Averaged stats: entropy: 0.0161  uncertainty: 1.4638  uncertainty_coeffi: 0.0100  loss: 0.0243  lr: 0.0006
     itm tta time 0:00:04
      TTA Epoch: [28] [ 0/61]  eta: 0:00:16  entropy: 0.0089  uncertainty: 1.4983  uncertainty_coeffi: 0.0100  loss: 0.0206  lr: 0.000625  time: 0.2696  data: 0.1918  max mem: 2671
      TTA Epoch: [28] [60/61]  eta: 0:00:00  entropy: 0.0245  uncertainty: 1.4082  uncertainty_coeffi: 0.0100  loss: 0.0326  lr: 0.000606  time: 0.0725  data: 0.0000  max mem: 2671
      TTA Epoch: [28] Total time: 0:00:04 (0.0760 s / it)
     Averaged stats: entropy: 0.0189  uncertainty: 1.4652  uncertainty_coeffi: 0.0100  loss: 0.0258  lr: 0.0006
     itm tta time 0:00:04
      TTA Epoch: [29] [ 0/61]  eta: 0:00:16  entropy: 0.0225  uncertainty: 1.4855  uncertainty_coeffi: 0.0100  loss: 0.0319  lr: 0.000606  time: 0.2625  data: 0.1875  max mem: 2671
      TTA Epoch: [29] [60/61]  eta: 0:00:00  entropy: 0.0219  uncertainty: 1.5224  uncertainty_coeffi: 0.0100  loss: 0.0290  lr: 0.000587  time: 0.0733  data: 0.0000  max mem: 2671
      TTA Epoch: [29] Total time: 0:00:04 (0.0762 s / it)
     Averaged stats: entropy: 0.0160  uncertainty: 1.4641  uncertainty_coeffi: 0.0100  loss: 0.0244  lr: 0.0006
     itm tta time 0:00:04
     Computing matching score
      Evaluation: [   0/1978]  eta: 0:02:34    time: 0.0780  data: 0.0009  max mem: 2671
      Evaluation: [ 100/1978]  eta: 0:02:30    time: 0.0804  data: 0.0000  max mem: 2671
      Evaluation: [ 200/1978]  eta: 0:02:22    time: 0.0803  data: 0.0000  max mem: 2671
      Evaluation: [ 300/1978]  eta: 0:02:14    time: 0.0805  data: 0.0000  max mem: 2671
      Evaluation: [ 400/1978]  eta: 0:02:06    time: 0.0805  data: 0.0000  max mem: 2671
      Evaluation: [ 500/1978]  eta: 0:01:58    time: 0.0805  data: 0.0000  max mem: 2671
      Evaluation: [ 600/1978]  eta: 0:01:50    time: 0.0804  data: 0.0000  max mem: 2671
      Evaluation: [ 700/1978]  eta: 0:01:42    time: 0.0806  data: 0.0000  max mem: 2671
      Evaluation: [ 800/1978]  eta: 0:01:34    time: 0.0806  data: 0.0000  max mem: 2671
      Evaluation: [ 900/1978]  eta: 0:01:26    time: 0.0806  data: 0.0000  max mem: 2671
      Evaluation: [1000/1978]  eta: 0:01:18    time: 0.0803  data: 0.0000  max mem: 2671
      Evaluation: [1100/1978]  eta: 0:01:10    time: 0.0806  data: 0.0000  max mem: 2671
      Evaluation: [1200/1978]  eta: 0:01:02    time: 0.0805  data: 0.0000  max mem: 2671
      Evaluation: [1300/1978]  eta: 0:00:54    time: 0.0801  data: 0.0000  max mem: 2671
      Evaluation: [1400/1978]  eta: 0:00:46    time: 0.0807  data: 0.0000  max mem: 2671
      Evaluation: [1500/1978]  eta: 0:00:38    time: 0.0807  data: 0.0000  max mem: 2671
      Evaluation: [1600/1978]  eta: 0:00:30    time: 0.0808  data: 0.0000  max mem: 2671
      Evaluation: [1700/1978]  eta: 0:00:22    time: 0.0807  data: 0.0000  max mem: 2671
      Evaluation: [1800/1978]  eta: 0:00:14    time: 0.0808  data: 0.0000  max mem: 2671
      Evaluation: [1900/1978]  eta: 0:00:06    time: 0.0808  data: 0.0000  max mem: 2671
      Evaluation: [1977/1978]  eta: 0:00:00    time: 0.0807  data: 0.0000  max mem: 2671
      Evaluation: Total time: 0:02:39 (0.0805 s / it)
     Computing matching score time 0:02:39
### TTA ITM Score: 
+-------------------+--------+--------+--------+--------+--------+
|       epoch       |   R1   |   R5   |  R10   |  mAP   |  mINP  |
+-------------------+--------+--------+--------+--------+--------+
|  cos_sim_wo/norm  | 58.544 | 91.860 | 95.703 | 73.596 | 73.596 |
|        -999       | 69.414 | 95.197 | 97.776 | 81.233 | 81.233 |
| itm_score_wo/norm | 84.328 | 98.989 | 99.494 | 91.293 | 91.293 |
|        -999       | 84.277 | 99.039 | 99.596 | 91.276 | 91.276 |
|         0         | 84.833 | 98.888 | 99.545 | 91.513 | 91.513 |
|         1         | 84.681 | 98.787 | 99.393 | 91.352 | 91.352 |
|         2         | 84.479 | 98.635 | 99.191 | 91.184 | 91.184 |
|         4         | 84.479 | 98.736 | 99.393 | 91.258 | 91.258 |
|         9         | 85.440 | 98.686 | 99.393 | 91.689 | 91.689 |
|         14        | 84.833 | 98.534 | 99.444 | 91.299 | 91.299 |
|         19        | 84.985 | 98.534 | 99.393 | 91.328 | 91.328 |
|         29        | 84.833 | 98.686 | 99.343 | 91.279 | 91.279 |
+-------------------+--------+--------+--------+--------+--------+
     logs:  {'epo': 29, 'R1': np.float32(84.833), 'R5': np.float32(98.686), 'R10': np.float32(99.343), 'mAP': np.float32(91.279), 'mINP': np.float32(91.279), 'entropy': 0.015985, 'uncertainty': 1.464136, 'uncertainty_coeffi': 0.01, 'loss': 0.024427, 'lr': 0.000596}
      TTA Epoch: [30] [ 0/61]  eta: 0:00:16  entropy: 0.0037  uncertainty: 1.5342  uncertainty_coeffi: 0.0100  loss: 0.0181  lr: 0.000587  time: 0.2726  data: 0.2053  max mem: 2671
      TTA Epoch: [30] [60/61]  eta: 0:00:00  entropy: 0.0226  uncertainty: 1.5232  uncertainty_coeffi: 0.0100  loss: 0.0282  lr: 0.000568  time: 0.0738  data: 0.0000  max mem: 2671
      TTA Epoch: [30] Total time: 0:00:04 (0.0769 s / it)
     Averaged stats: entropy: 0.0139  uncertainty: 1.4645  uncertainty_coeffi: 0.0100  loss: 0.0229  lr: 0.0006
     itm tta time 0:00:04
      TTA Epoch: [31] [ 0/61]  eta: 0:00:15  entropy: 0.0330  uncertainty: 1.4321  uncertainty_coeffi: 0.0100  loss: 0.0291  lr: 0.000568  time: 0.2595  data: 0.1984  max mem: 2671
      TTA Epoch: [31] [60/61]  eta: 0:00:00  entropy: 0.0019  uncertainty: 1.5066  uncertainty_coeffi: 0.0100  loss: 0.0162  lr: 0.000549  time: 0.0727  data: 0.0000  max mem: 2671
      TTA Epoch: [31] Total time: 0:00:04 (0.0766 s / it)
     Averaged stats: entropy: 0.0137  uncertainty: 1.4650  uncertainty_coeffi: 0.0100  loss: 0.0227  lr: 0.0006
     itm tta time 0:00:04
      TTA Epoch: [32] [ 0/61]  eta: 0:00:16  entropy: 0.0026  uncertainty: 1.5253  uncertainty_coeffi: 0.0100  loss: 0.0166  lr: 0.000549  time: 0.2776  data: 0.1994  max mem: 2671
      TTA Epoch: [32] [60/61]  eta: 0:00:00  entropy: 0.0185  uncertainty: 1.4217  uncertainty_coeffi: 0.0100  loss: 0.0280  lr: 0.000265  time: 0.0725  data: 0.0000  max mem: 2671
      TTA Epoch: [32] Total time: 0:00:04 (0.0763 s / it)
     Averaged stats: entropy: 0.0122  uncertainty: 1.4633  uncertainty_coeffi: 0.0100  loss: 0.0221  lr: 0.0005
     itm tta time 0:00:04
      TTA Epoch: [33] [ 0/61]  eta: 0:00:17  entropy: 0.0000  uncertainty: 1.4066  uncertainty_coeffi: 0.0100  loss: 0.0141  lr: 0.000265  time: 0.2791  data: 0.1985  max mem: 2671
      TTA Epoch: [33] [60/61]  eta: 0:00:00  entropy: 0.0045  uncertainty: 1.5640  uncertainty_coeffi: 0.0100  loss: 0.0182  lr: 0.000256  time: 0.0725  data: 0.0000  max mem: 2671
      TTA Epoch: [33] Total time: 0:00:04 (0.0763 s / it)
     Averaged stats: entropy: 0.0161  uncertainty: 1.4648  uncertainty_coeffi: 0.0100  loss: 0.0241  lr: 0.0003
     itm tta time 0:00:04
      TTA Epoch: [34] [ 0/61]  eta: 0:00:16  entropy: 0.0142  uncertainty: 1.5341  uncertainty_coeffi: 0.0100  loss: 0.0229  lr: 0.000255  time: 0.2741  data: 0.1952  max mem: 2671
      TTA Epoch: [34] [60/61]  eta: 0:00:00  entropy: 0.0136  uncertainty: 1.6308  uncertainty_coeffi: 0.0100  loss: 0.0254  lr: 0.000246  time: 0.0729  data: 0.0000  max mem: 2671
      TTA Epoch: [34] Total time: 0:00:04 (0.0764 s / it)
     Averaged stats: entropy: 0.0143  uncertainty: 1.4654  uncertainty_coeffi: 0.0100  loss: 0.0235  lr: 0.0003
     itm tta time 0:00:04
      TTA Epoch: [35] [ 0/61]  eta: 0:00:17  entropy: 0.0144  uncertainty: 1.4195  uncertainty_coeffi: 0.0100  loss: 0.0244  lr: 0.000246  time: 0.2897  data: 0.2129  max mem: 2671
      TTA Epoch: [35] [60/61]  eta: 0:00:00  entropy: 0.0003  uncertainty: 1.5480  uncertainty_coeffi: 0.0100  loss: 0.0156  lr: 0.000237  time: 0.0725  data: 0.0000  max mem: 2671
      TTA Epoch: [35] Total time: 0:00:04 (0.0763 s / it)
     Averaged stats: entropy: 0.0142  uncertainty: 1.4649  uncertainty_coeffi: 0.0100  loss: 0.0231  lr: 0.0002
     itm tta time 0:00:04
      TTA Epoch: [36] [ 0/61]  eta: 0:00:16  entropy: 0.0432  uncertainty: 1.5257  uncertainty_coeffi: 0.0100  loss: 0.0491  lr: 0.000236  time: 0.2716  data: 0.1972  max mem: 2671
      TTA Epoch: [36] [60/61]  eta: 0:00:00  entropy: 0.0006  uncertainty: 1.5937  uncertainty_coeffi: 0.0100  loss: 0.0163  lr: 0.000227  time: 0.0738  data: 0.0000  max mem: 2671
      TTA Epoch: [36] Total time: 0:00:04 (0.0766 s / it)
     Averaged stats: entropy: 0.0139  uncertainty: 1.4645  uncertainty_coeffi: 0.0100  loss: 0.0231  lr: 0.0002
     itm tta time 0:00:04
      TTA Epoch: [37] [ 0/61]  eta: 0:00:16  entropy: 0.0264  uncertainty: 1.6031  uncertainty_coeffi: 0.0100  loss: 0.0278  lr: 0.000227  time: 0.2674  data: 0.2070  max mem: 2671
      TTA Epoch: [37] [60/61]  eta: 0:00:00  entropy: 0.0032  uncertainty: 1.3738  uncertainty_coeffi: 0.0100  loss: 0.0153  lr: 0.000218  time: 0.0731  data: 0.0000  max mem: 2671
      TTA Epoch: [37] Total time: 0:00:04 (0.0766 s / it)
     Averaged stats: entropy: 0.0133  uncertainty: 1.4650  uncertainty_coeffi: 0.0100  loss: 0.0224  lr: 0.0002
     itm tta time 0:00:04
      TTA Epoch: [38] [ 0/61]  eta: 0:00:16  entropy: 0.0176  uncertainty: 1.5296  uncertainty_coeffi: 0.0100  loss: 0.0248  lr: 0.000218  time: 0.2771  data: 0.1971  max mem: 2671
      TTA Epoch: [38] [60/61]  eta: 0:00:00  entropy: 0.0098  uncertainty: 1.4320  uncertainty_coeffi: 0.0100  loss: 0.0212  lr: 0.000208  time: 0.0728  data: 0.0000  max mem: 2671
      TTA Epoch: [38] Total time: 0:00:04 (0.0764 s / it)
     Averaged stats: entropy: 0.0127  uncertainty: 1.4646  uncertainty_coeffi: 0.0100  loss: 0.0219  lr: 0.0002
     itm tta time 0:00:04
      TTA Epoch: [39] [ 0/61]  eta: 0:00:16  entropy: 0.0041  uncertainty: 1.5453  uncertainty_coeffi: 0.0100  loss: 0.0174  lr: 0.000208  time: 0.2676  data: 0.1898  max mem: 2671
      TTA Epoch: [39] [60/61]  eta: 0:00:00  entropy: 0.0019  uncertainty: 1.4303  uncertainty_coeffi: 0.0100  loss: 0.0154  lr: 0.000199  time: 0.0724  data: 0.0000  max mem: 2671
      TTA Epoch: [39] Total time: 0:00:04 (0.0760 s / it)
     Averaged stats: entropy: 0.0097  uncertainty: 1.4645  uncertainty_coeffi: 0.0100  loss: 0.0205  lr: 0.0002
     itm tta time 0:00:04
     Computing matching score
      Evaluation: [   0/1978]  eta: 0:02:36    time: 0.0790  data: 0.0009  max mem: 2671
      Evaluation: [ 100/1978]  eta: 0:02:30    time: 0.0800  data: 0.0000  max mem: 2671
      Evaluation: [ 200/1978]  eta: 0:02:22    time: 0.0802  data: 0.0000  max mem: 2671
      Evaluation: [ 300/1978]  eta: 0:02:14    time: 0.0807  data: 0.0000  max mem: 2671
      Evaluation: [ 400/1978]  eta: 0:02:06    time: 0.0802  data: 0.0000  max mem: 2671
      Evaluation: [ 500/1978]  eta: 0:01:58    time: 0.0807  data: 0.0000  max mem: 2671
      Evaluation: [ 600/1978]  eta: 0:01:50    time: 0.0808  data: 0.0000  max mem: 2671
      Evaluation: [ 700/1978]  eta: 0:01:42    time: 0.0801  data: 0.0000  max mem: 2671
      Evaluation: [ 800/1978]  eta: 0:01:34    time: 0.0802  data: 0.0000  max mem: 2671
      Evaluation: [ 900/1978]  eta: 0:01:26    time: 0.0806  data: 0.0000  max mem: 2671
      Evaluation: [1000/1978]  eta: 0:01:18    time: 0.0800  data: 0.0000  max mem: 2671
      Evaluation: [1100/1978]  eta: 0:01:10    time: 0.0806  data: 0.0000  max mem: 2671
      Evaluation: [1200/1978]  eta: 0:01:02    time: 0.0801  data: 0.0000  max mem: 2671
      Evaluation: [1300/1978]  eta: 0:00:54    time: 0.0808  data: 0.0000  max mem: 2671
      Evaluation: [1400/1978]  eta: 0:00:46    time: 0.0805  data: 0.0000  max mem: 2671
      Evaluation: [1500/1978]  eta: 0:00:38    time: 0.0803  data: 0.0000  max mem: 2671
      Evaluation: [1600/1978]  eta: 0:00:30    time: 0.0804  data: 0.0000  max mem: 2671
      Evaluation: [1700/1978]  eta: 0:00:22    time: 0.0805  data: 0.0000  max mem: 2671
      Evaluation: [1800/1978]  eta: 0:00:14    time: 0.0805  data: 0.0000  max mem: 2671
      Evaluation: [1900/1978]  eta: 0:00:06    time: 0.0805  data: 0.0000  max mem: 2671
      Evaluation: [1977/1978]  eta: 0:00:00    time: 0.0804  data: 0.0000  max mem: 2671
      Evaluation: Total time: 0:02:39 (0.0804 s / it)
     Computing matching score time 0:02:39
### TTA ITM Score: 
+-------------------+--------+--------+--------+--------+--------+
|       epoch       |   R1   |   R5   |  R10   |  mAP   |  mINP  |
+-------------------+--------+--------+--------+--------+--------+
|  cos_sim_wo/norm  | 58.544 | 91.860 | 95.703 | 73.596 | 73.596 |
|        -999       | 69.414 | 95.197 | 97.776 | 81.233 | 81.233 |
| itm_score_wo/norm | 84.328 | 98.989 | 99.494 | 91.293 | 91.293 |
|        -999       | 84.277 | 99.039 | 99.596 | 91.276 | 91.276 |
|         0         | 84.833 | 98.888 | 99.545 | 91.513 | 91.513 |
|         1         | 84.681 | 98.787 | 99.393 | 91.352 | 91.352 |
|         2         | 84.479 | 98.635 | 99.191 | 91.184 | 91.184 |
|         4         | 84.479 | 98.736 | 99.393 | 91.258 | 91.258 |
|         9         | 85.440 | 98.686 | 99.393 | 91.689 | 91.689 |
|         14        | 84.833 | 98.534 | 99.444 | 91.299 | 91.299 |
|         19        | 84.985 | 98.534 | 99.393 | 91.328 | 91.328 |
|         29        | 84.833 | 98.686 | 99.343 | 91.279 | 91.279 |
|         39        | 84.429 | 98.433 | 99.393 | 90.956 | 90.956 |
+-------------------+--------+--------+--------+--------+--------+
     logs:  {'epo': 39, 'R1': np.float32(84.429), 'R5': np.float32(98.433), 'R10': np.float32(99.393), 'mAP': np.float32(90.956), 'mINP': np.float32(90.956), 'entropy': 0.009741, 'uncertainty': 1.464536, 'uncertainty_coeffi': 0.01, 'loss': 0.020511, 'lr': 0.000203}
      TTA Epoch: [40] [ 0/61]  eta: 0:00:15  entropy: 0.0000  uncertainty: 1.3039  uncertainty_coeffi: 0.0100  loss: 0.0131  lr: 0.000199  time: 0.2504  data: 0.1885  max mem: 2671
      TTA Epoch: [40] [60/61]  eta: 0:00:00  entropy: 0.0446  uncertainty: 1.5117  uncertainty_coeffi: 0.0100  loss: 0.0376  lr: 0.000189  time: 0.0731  data: 0.0000  max mem: 2671
      TTA Epoch: [40] Total time: 0:00:04 (0.0761 s / it)
     Averaged stats: entropy: 0.0137  uncertainty: 1.4650  uncertainty_coeffi: 0.0100  loss: 0.0226  lr: 0.0002
     itm tta time 0:00:04
      TTA Epoch: [41] [ 0/61]  eta: 0:00:16  entropy: 0.0225  uncertainty: 1.6235  uncertainty_coeffi: 0.0100  loss: 0.0253  lr: 0.000189  time: 0.2695  data: 0.2036  max mem: 2671
      TTA Epoch: [41] [60/61]  eta: 0:00:00  entropy: 0.0189  uncertainty: 1.3591  uncertainty_coeffi: 0.0100  loss: 0.0270  lr: 0.000180  time: 0.0732  data: 0.0000  max mem: 2671
      TTA Epoch: [41] Total time: 0:00:04 (0.0764 s / it)
     Averaged stats: entropy: 0.0139  uncertainty: 1.4646  uncertainty_coeffi: 0.0100  loss: 0.0230  lr: 0.0002
     itm tta time 0:00:04
      TTA Epoch: [42] [ 0/61]  eta: 0:00:15  entropy: 0.0240  uncertainty: 1.4064  uncertainty_coeffi: 0.0100  loss: 0.0308  lr: 0.000180  time: 0.2599  data: 0.1940  max mem: 2671
      TTA Epoch: [42] [60/61]  eta: 0:00:00  entropy: 0.0099  uncertainty: 1.4123  uncertainty_coeffi: 0.0100  loss: 0.0210  lr: 0.000170  time: 0.0728  data: 0.0000  max mem: 2671
      TTA Epoch: [42] Total time: 0:00:04 (0.0761 s / it)
     Averaged stats: entropy: 0.0136  uncertainty: 1.4648  uncertainty_coeffi: 0.0100  loss: 0.0226  lr: 0.0002
     itm tta time 0:00:04
      TTA Epoch: [43] [ 0/61]  eta: 0:00:17  entropy: 0.0211  uncertainty: 1.5197  uncertainty_coeffi: 0.0100  loss: 0.0265  lr: 0.000170  time: 0.2905  data: 0.2129  max mem: 2671
      TTA Epoch: [43] [60/61]  eta: 0:00:00  entropy: 0.0369  uncertainty: 1.4594  uncertainty_coeffi: 0.0100  loss: 0.0376  lr: 0.000161  time: 0.0731  data: 0.0000  max mem: 2671
      TTA Epoch: [43] Total time: 0:00:04 (0.0767 s / it)
     Averaged stats: entropy: 0.0115  uncertainty: 1.4646  uncertainty_coeffi: 0.0100  loss: 0.0212  lr: 0.0002
     itm tta time 0:00:04
      TTA Epoch: [44] [ 0/61]  eta: 0:00:17  entropy: 0.0020  uncertainty: 1.5223  uncertainty_coeffi: 0.0100  loss: 0.0160  lr: 0.000161  time: 0.2852  data: 0.2089  max mem: 2671
      TTA Epoch: [44] [60/61]  eta: 0:00:00  entropy: 0.0067  uncertainty: 1.3534  uncertainty_coeffi: 0.0100  loss: 0.0179  lr: 0.000151  time: 0.0730  data: 0.0000  max mem: 2671
      TTA Epoch: [44] Total time: 0:00:04 (0.0766 s / it)
     Averaged stats: entropy: 0.0099  uncertainty: 1.4647  uncertainty_coeffi: 0.0100  loss: 0.0207  lr: 0.0002
     itm tta time 0:00:04
      TTA Epoch: [45] [ 0/61]  eta: 0:00:16  entropy: 0.0091  uncertainty: 1.4852  uncertainty_coeffi: 0.0100  loss: 0.0204  lr: 0.000151  time: 0.2787  data: 0.2018  max mem: 2671
      TTA Epoch: [45] [60/61]  eta: 0:00:00  entropy: 0.0125  uncertainty: 1.6283  uncertainty_coeffi: 0.0100  loss: 0.0254  lr: 0.000142  time: 0.0726  data: 0.0000  max mem: 2671
      TTA Epoch: [45] Total time: 0:00:04 (0.0763 s / it)
     Averaged stats: entropy: 0.0098  uncertainty: 1.4651  uncertainty_coeffi: 0.0100  loss: 0.0203  lr: 0.0001
     itm tta time 0:00:04
      TTA Epoch: [46] [ 0/61]  eta: 0:00:15  entropy: 0.0206  uncertainty: 1.4937  uncertainty_coeffi: 0.0100  loss: 0.0307  lr: 0.000142  time: 0.2537  data: 0.1748  max mem: 2671
      TTA Epoch: [46] [60/61]  eta: 0:00:00  entropy: 0.0148  uncertainty: 1.4358  uncertainty_coeffi: 0.0100  loss: 0.0208  lr: 0.000132  time: 0.0727  data: 0.0000  max mem: 2671
      TTA Epoch: [46] Total time: 0:00:04 (0.0758 s / it)
     Averaged stats: entropy: 0.0126  uncertainty: 1.4644  uncertainty_coeffi: 0.0100  loss: 0.0222  lr: 0.0001
     itm tta time 0:00:04
      TTA Epoch: [47] [ 0/61]  eta: 0:00:17  entropy: 0.0014  uncertainty: 1.4516  uncertainty_coeffi: 0.0100  loss: 0.0154  lr: 0.000132  time: 0.2819  data: 0.2039  max mem: 2671
      TTA Epoch: [47] [60/61]  eta: 0:00:00  entropy: 0.0248  uncertainty: 1.4635  uncertainty_coeffi: 0.0100  loss: 0.0260  lr: 0.000123  time: 0.0730  data: 0.0000  max mem: 2671
      TTA Epoch: [47] Total time: 0:00:04 (0.0765 s / it)
     Averaged stats: entropy: 0.0121  uncertainty: 1.4647  uncertainty_coeffi: 0.0100  loss: 0.0218  lr: 0.0001
     itm tta time 0:00:04
      TTA Epoch: [48] [ 0/61]  eta: 0:00:16  entropy: 0.0000  uncertainty: 1.5458  uncertainty_coeffi: 0.0100  loss: 0.0155  lr: 0.000123  time: 0.2740  data: 0.1972  max mem: 2671
      TTA Epoch: [48] [60/61]  eta: 0:00:00  entropy: 0.0125  uncertainty: 1.4221  uncertainty_coeffi: 0.0100  loss: 0.0216  lr: 0.000114  time: 0.0728  data: 0.0000  max mem: 2671
      TTA Epoch: [48] Total time: 0:00:04 (0.0762 s / it)
     Averaged stats: entropy: 0.0101  uncertainty: 1.4645  uncertainty_coeffi: 0.0100  loss: 0.0205  lr: 0.0001
     itm tta time 0:00:04
      TTA Epoch: [49] [ 0/61]  eta: 0:00:16  entropy: 0.0158  uncertainty: 1.4186  uncertainty_coeffi: 0.0100  loss: 0.0242  lr: 0.000113  time: 0.2764  data: 0.1966  max mem: 2671
      TTA Epoch: [49] [60/61]  eta: 0:00:00  entropy: 0.0201  uncertainty: 1.4295  uncertainty_coeffi: 0.0100  loss: 0.0269  lr: 0.000104  time: 0.0727  data: 0.0000  max mem: 2671
      TTA Epoch: [49] Total time: 0:00:04 (0.0763 s / it)
     Averaged stats: entropy: 0.0128  uncertainty: 1.4641  uncertainty_coeffi: 0.0100  loss: 0.0219  lr: 0.0001
     itm tta time 0:00:04
     Computing matching score
      Evaluation: [   0/1978]  eta: 0:02:06    time: 0.0640  data: 0.0009  max mem: 2671
      Evaluation: [ 100/1978]  eta: 0:02:30    time: 0.0804  data: 0.0000  max mem: 2671
      Evaluation: [ 200/1978]  eta: 0:02:22    time: 0.0802  data: 0.0000  max mem: 2671
      Evaluation: [ 300/1978]  eta: 0:02:14    time: 0.0804  data: 0.0000  max mem: 2671
      Evaluation: [ 400/1978]  eta: 0:02:06    time: 0.0806  data: 0.0000  max mem: 2671
      Evaluation: [ 500/1978]  eta: 0:01:58    time: 0.0804  data: 0.0000  max mem: 2671
      Evaluation: [ 600/1978]  eta: 0:01:50    time: 0.0806  data: 0.0000  max mem: 2671
      Evaluation: [ 700/1978]  eta: 0:01:42    time: 0.0805  data: 0.0000  max mem: 2671
      Evaluation: [ 800/1978]  eta: 0:01:34    time: 0.0805  data: 0.0000  max mem: 2671
      Evaluation: [ 900/1978]  eta: 0:01:26    time: 0.0805  data: 0.0000  max mem: 2671
      Evaluation: [1000/1978]  eta: 0:01:18    time: 0.0804  data: 0.0000  max mem: 2671
      Evaluation: [1100/1978]  eta: 0:01:10    time: 0.0805  data: 0.0000  max mem: 2671
      Evaluation: [1200/1978]  eta: 0:01:02    time: 0.0806  data: 0.0000  max mem: 2671
      Evaluation: [1300/1978]  eta: 0:00:54    time: 0.0806  data: 0.0000  max mem: 2671
      Evaluation: [1400/1978]  eta: 0:00:46    time: 0.0805  data: 0.0000  max mem: 2671
      Evaluation: [1500/1978]  eta: 0:00:38    time: 0.0806  data: 0.0000  max mem: 2671
      Evaluation: [1600/1978]  eta: 0:00:30    time: 0.0807  data: 0.0000  max mem: 2671
      Evaluation: [1700/1978]  eta: 0:00:22    time: 0.0805  data: 0.0000  max mem: 2671
      Evaluation: [1800/1978]  eta: 0:00:14    time: 0.0806  data: 0.0000  max mem: 2671
      Evaluation: [1900/1978]  eta: 0:00:06    time: 0.0806  data: 0.0000  max mem: 2671
      Evaluation: [1977/1978]  eta: 0:00:00    time: 0.0806  data: 0.0000  max mem: 2671
      Evaluation: Total time: 0:02:39 (0.0805 s / it)
     Computing matching score time 0:02:39
### TTA ITM Score: 
+-------------------+--------+--------+--------+--------+--------+
|       epoch       |   R1   |   R5   |  R10   |  mAP   |  mINP  |
+-------------------+--------+--------+--------+--------+--------+
|  cos_sim_wo/norm  | 58.544 | 91.860 | 95.703 | 73.596 | 73.596 |
|        -999       | 69.414 | 95.197 | 97.776 | 81.233 | 81.233 |
| itm_score_wo/norm | 84.328 | 98.989 | 99.494 | 91.293 | 91.293 |
|        -999       | 84.277 | 99.039 | 99.596 | 91.276 | 91.276 |
|         0         | 84.833 | 98.888 | 99.545 | 91.513 | 91.513 |
|         1         | 84.681 | 98.787 | 99.393 | 91.352 | 91.352 |
|         2         | 84.479 | 98.635 | 99.191 | 91.184 | 91.184 |
|         4         | 84.479 | 98.736 | 99.393 | 91.258 | 91.258 |
|         9         | 85.440 | 98.686 | 99.393 | 91.689 | 91.689 |
|         14        | 84.833 | 98.534 | 99.444 | 91.299 | 91.299 |
|         19        | 84.985 | 98.534 | 99.393 | 91.328 | 91.328 |
|         29        | 84.833 | 98.686 | 99.343 | 91.279 | 91.279 |
|         39        | 84.429 | 98.433 | 99.393 | 90.956 | 90.956 |
|         49        | 84.429 | 98.686 | 99.393 | 91.063 | 91.063 |
+-------------------+--------+--------+--------+--------+--------+
     logs:  {'epo': 49, 'R1': np.float32(84.429), 'R5': np.float32(98.686), 'R10': np.float32(99.393), 'mAP': np.float32(91.063), 'mINP': np.float32(91.063), 'entropy': 0.012833, 'uncertainty': 1.464149, 'uncertainty_coeffi': 0.01, 'loss': 0.021944, 'lr': 0.000109}
      TTA Epoch: [50] [ 0/61]  eta: 0:00:18  entropy: 0.0317  uncertainty: 1.4807  uncertainty_coeffi: 0.0100  loss: 0.0330  lr: 0.000104  time: 0.2970  data: 0.2197  max mem: 2671
      TTA Epoch: [50] [60/61]  eta: 0:00:00  entropy: 0.0001  uncertainty: 1.3962  uncertainty_coeffi: 0.0100  loss: 0.0140  lr: 0.000095  time: 0.0732  data: 0.0000  max mem: 2671
      TTA Epoch: [50] Total time: 0:00:04 (0.0768 s / it)
     Averaged stats: entropy: 0.0093  uncertainty: 1.4649  uncertainty_coeffi: 0.0100  loss: 0.0202  lr: 0.0001
     itm tta time 0:00:04
      TTA Epoch: [51] [ 0/61]  eta: 0:00:14  entropy: 0.0001  uncertainty: 1.4209  uncertainty_coeffi: 0.0100  loss: 0.0142  lr: 0.000094  time: 0.2336  data: 0.1730  max mem: 2671
      TTA Epoch: [51] [60/61]  eta: 0:00:00  entropy: 0.0061  uncertainty: 1.5677  uncertainty_coeffi: 0.0100  loss: 0.0193  lr: 0.000085  time: 0.0733  data: 0.0000  max mem: 2671
      TTA Epoch: [51] Total time: 0:00:04 (0.0758 s / it)
     Averaged stats: entropy: 0.0122  uncertainty: 1.4648  uncertainty_coeffi: 0.0100  loss: 0.0217  lr: 0.0001
     itm tta time 0:00:04
      TTA Epoch: [52] [ 0/61]  eta: 0:00:15  entropy: 0.0221  uncertainty: 1.4219  uncertainty_coeffi: 0.0100  loss: 0.0313  lr: 0.000085  time: 0.2534  data: 0.1915  max mem: 2671
      TTA Epoch: [52] [60/61]  eta: 0:00:00  entropy: 0.0149  uncertainty: 1.4794  uncertainty_coeffi: 0.0100  loss: 0.0215  lr: 0.000076  time: 0.0735  data: 0.0000  max mem: 2671
      TTA Epoch: [52] Total time: 0:00:04 (0.0762 s / it)
     Averaged stats: entropy: 0.0114  uncertainty: 1.4655  uncertainty_coeffi: 0.0100  loss: 0.0214  lr: 0.0001
     itm tta time 0:00:04
      TTA Epoch: [53] [ 0/61]  eta: 0:00:15  entropy: 0.0037  uncertainty: 1.3699  uncertainty_coeffi: 0.0100  loss: 0.0163  lr: 0.000075  time: 0.2607  data: 0.1989  max mem: 2671
      TTA Epoch: [53] [60/61]  eta: 0:00:00  entropy: 0.0114  uncertainty: 1.4972  uncertainty_coeffi: 0.0100  loss: 0.0210  lr: 0.000066  time: 0.0734  data: 0.0000  max mem: 2671
      TTA Epoch: [53] Total time: 0:00:04 (0.0763 s / it)
     Averaged stats: entropy: 0.0100  uncertainty: 1.4646  uncertainty_coeffi: 0.0100  loss: 0.0205  lr: 0.0001
     itm tta time 0:00:04
      TTA Epoch: [54] [ 0/61]  eta: 0:00:15  entropy: 0.0252  uncertainty: 1.6346  uncertainty_coeffi: 0.0100  loss: 0.0288  lr: 0.000066  time: 0.2531  data: 0.1911  max mem: 2671
      TTA Epoch: [54] [60/61]  eta: 0:00:00  entropy: 0.0049  uncertainty: 1.4005  uncertainty_coeffi: 0.0100  loss: 0.0173  lr: 0.000057  time: 0.0735  data: 0.0000  max mem: 2671
      TTA Epoch: [54] Total time: 0:00:04 (0.0762 s / it)
     Averaged stats: entropy: 0.0136  uncertainty: 1.4645  uncertainty_coeffi: 0.0100  loss: 0.0227  lr: 0.0001
     itm tta time 0:00:04
      TTA Epoch: [55] [ 0/61]  eta: 0:00:16  entropy: 0.0092  uncertainty: 1.5223  uncertainty_coeffi: 0.0100  loss: 0.0211  lr: 0.000057  time: 0.2681  data: 0.2068  max mem: 2671
      TTA Epoch: [55] [60/61]  eta: 0:00:00  entropy: 0.0171  uncertainty: 1.5741  uncertainty_coeffi: 0.0100  loss: 0.0239  lr: 0.000047  time: 0.0734  data: 0.0000  max mem: 2671
      TTA Epoch: [55] Total time: 0:00:04 (0.0765 s / it)
     Averaged stats: entropy: 0.0120  uncertainty: 1.4645  uncertainty_coeffi: 0.0100  loss: 0.0218  lr: 0.0001
     itm tta time 0:00:04
      TTA Epoch: [56] [ 0/61]  eta: 0:00:16  entropy: 0.0196  uncertainty: 1.4343  uncertainty_coeffi: 0.0100  loss: 0.0243  lr: 0.000047  time: 0.2763  data: 0.2149  max mem: 2671
      TTA Epoch: [56] [60/61]  eta: 0:00:00  entropy: 0.0004  uncertainty: 1.4450  uncertainty_coeffi: 0.0100  loss: 0.0147  lr: 0.000038  time: 0.0734  data: 0.0000  max mem: 2671
      TTA Epoch: [56] Total time: 0:00:04 (0.0766 s / it)
     Averaged stats: entropy: 0.0105  uncertainty: 1.4651  uncertainty_coeffi: 0.0100  loss: 0.0208  lr: 0.0000
     itm tta time 0:00:04
      TTA Epoch: [57] [ 0/61]  eta: 0:00:15  entropy: 0.0222  uncertainty: 1.5728  uncertainty_coeffi: 0.0100  loss: 0.0303  lr: 0.000038  time: 0.2614  data: 0.2019  max mem: 2671
      TTA Epoch: [57] [60/61]  eta: 0:00:00  entropy: 0.0151  uncertainty: 1.4156  uncertainty_coeffi: 0.0100  loss: 0.0242  lr: 0.000011  time: 0.0734  data: 0.0000  max mem: 2671
      TTA Epoch: [57] Total time: 0:00:04 (0.0762 s / it)
     Averaged stats: entropy: 0.0123  uncertainty: 1.4654  uncertainty_coeffi: 0.0100  loss: 0.0221  lr: 0.0000
     itm tta time 0:00:04
      TTA Epoch: [58] [ 0/61]  eta: 0:00:15  entropy: 0.0032  uncertainty: 1.5710  uncertainty_coeffi: 0.0100  loss: 0.0173  lr: 0.000011  time: 0.2616  data: 0.2001  max mem: 2671
      TTA Epoch: [58] [60/61]  eta: 0:00:00  entropy: 0.0088  uncertainty: 1.4401  uncertainty_coeffi: 0.0100  loss: 0.0180  lr: 0.000008  time: 0.0734  data: 0.0000  max mem: 2671
      TTA Epoch: [58] Total time: 0:00:04 (0.0763 s / it)
     Averaged stats: entropy: 0.0094  uncertainty: 1.4642  uncertainty_coeffi: 0.0100  loss: 0.0201  lr: 0.0000
     itm tta time 0:00:04
      TTA Epoch: [59] [ 0/61]  eta: 0:00:15  entropy: 0.0000  uncertainty: 1.4362  uncertainty_coeffi: 0.0100  loss: 0.0144  lr: 0.000007  time: 0.2595  data: 0.2002  max mem: 2671
      TTA Epoch: [59] [60/61]  eta: 0:00:00  entropy: 0.0169  uncertainty: 1.4700  uncertainty_coeffi: 0.0100  loss: 0.0266  lr: 0.000004  time: 0.0734  data: 0.0000  max mem: 2671
      TTA Epoch: [59] Total time: 0:00:04 (0.0762 s / it)
     Averaged stats: entropy: 0.0131  uncertainty: 1.4652  uncertainty_coeffi: 0.0100  loss: 0.0228  lr: 0.0000
     itm tta time 0:00:04
     Computing matching score
      Evaluation: [   0/1978]  eta: 0:02:05    time: 0.0635  data: 0.0009  max mem: 2671
      Evaluation: [ 100/1978]  eta: 0:02:30    time: 0.0803  data: 0.0000  max mem: 2671
      Evaluation: [ 200/1978]  eta: 0:02:22    time: 0.0804  data: 0.0000  max mem: 2671
      Evaluation: [ 300/1978]  eta: 0:02:14    time: 0.0802  data: 0.0000  max mem: 2671
      Evaluation: [ 400/1978]  eta: 0:02:06    time: 0.0803  data: 0.0000  max mem: 2671
      Evaluation: [ 500/1978]  eta: 0:01:58    time: 0.0802  data: 0.0000  max mem: 2671
      Evaluation: [ 600/1978]  eta: 0:01:50    time: 0.0802  data: 0.0000  max mem: 2671
      Evaluation: [ 700/1978]  eta: 0:01:42    time: 0.0804  data: 0.0000  max mem: 2671
      Evaluation: [ 800/1978]  eta: 0:01:34    time: 0.0806  data: 0.0000  max mem: 2671
      Evaluation: [ 900/1978]  eta: 0:01:26    time: 0.0805  data: 0.0000  max mem: 2671
      Evaluation: [1000/1978]  eta: 0:01:18    time: 0.0805  data: 0.0000  max mem: 2671
      Evaluation: [1100/1978]  eta: 0:01:10    time: 0.0806  data: 0.0000  max mem: 2671
      Evaluation: [1200/1978]  eta: 0:01:02    time: 0.0806  data: 0.0000  max mem: 2671
      Evaluation: [1300/1978]  eta: 0:00:54    time: 0.0806  data: 0.0000  max mem: 2671
      Evaluation: [1400/1978]  eta: 0:00:46    time: 0.0807  data: 0.0000  max mem: 2671
      Evaluation: [1500/1978]  eta: 0:00:38    time: 0.0805  data: 0.0000  max mem: 2671
      Evaluation: [1600/1978]  eta: 0:00:30    time: 0.0807  data: 0.0000  max mem: 2671
      Evaluation: [1700/1978]  eta: 0:00:22    time: 0.0807  data: 0.0000  max mem: 2671
      Evaluation: [1800/1978]  eta: 0:00:14    time: 0.0805  data: 0.0000  max mem: 2671
      Evaluation: [1900/1978]  eta: 0:00:06    time: 0.0806  data: 0.0000  max mem: 2671
      Evaluation: [1977/1978]  eta: 0:00:00    time: 0.0806  data: 0.0000  max mem: 2671
      Evaluation: Total time: 0:02:39 (0.0805 s / it)
     Computing matching score time 0:02:39
### TTA ITM Score: 
+-------------------+--------+--------+--------+--------+--------+
|       epoch       |   R1   |   R5   |  R10   |  mAP   |  mINP  |
+-------------------+--------+--------+--------+--------+--------+
|  cos_sim_wo/norm  | 58.544 | 91.860 | 95.703 | 73.596 | 73.596 |
|        -999       | 69.414 | 95.197 | 97.776 | 81.233 | 81.233 |
| itm_score_wo/norm | 84.328 | 98.989 | 99.494 | 91.293 | 91.293 |
|        -999       | 84.277 | 99.039 | 99.596 | 91.276 | 91.276 |
|         0         | 84.833 | 98.888 | 99.545 | 91.513 | 91.513 |
|         1         | 84.681 | 98.787 | 99.393 | 91.352 | 91.352 |
|         2         | 84.479 | 98.635 | 99.191 | 91.184 | 91.184 |
|         4         | 84.479 | 98.736 | 99.393 | 91.258 | 91.258 |
|         9         | 85.440 | 98.686 | 99.393 | 91.689 | 91.689 |
|         14        | 84.833 | 98.534 | 99.444 | 91.299 | 91.299 |
|         19        | 84.985 | 98.534 | 99.393 | 91.328 | 91.328 |
|         29        | 84.833 | 98.686 | 99.343 | 91.279 | 91.279 |
|         39        | 84.429 | 98.433 | 99.393 | 90.956 | 90.956 |
|         49        | 84.429 | 98.686 | 99.393 | 91.063 | 91.063 |
|         59        | 84.328 | 98.635 | 99.393 | 90.997 | 90.997 |
+-------------------+--------+--------+--------+--------+--------+
     logs:  {'epo': 59, 'R1': np.float32(84.328), 'R5': np.float32(98.635), 'R10': np.float32(99.393), 'mAP': np.float32(90.997), 'mINP': np.float32(90.997), 'entropy': 0.013098, 'uncertainty': 1.465174, 'uncertainty_coeffi': 0.01, 'loss': 0.022772, 'lr': 6e-06}
### best epoch: 9
### Time 0:33:51
NNODES,  1
NODE_RANK,  0
MASTER_ADDR,  127.0.0.1
MASTER_PORT,  1612
NPROC_PER_NODE,  2
task:  exp5.1
config:  configs_rerun3/exp5.1.yaml
output_dir:  output_rerun3/exp5.1/2025092011150
python3 tta.py --config configs_rerun3/exp5.1.yaml --task exp5.1 --output_dir output_rerun3/exp5.1/2025092011150 --checkpoint checkpoint/cmp.pth --bs 0 --epo 0 --lr 0.0 --seed 42 --tta
