/home/jiahao/miniconda3/envs/cmp/lib/python3.10/site-packages/torch/functional.py:554: UserWarning: torch.meshgrid: in an upcoming release, it will be required to pass the indexing argument. (Triggered internally at /pytorch/aten/src/ATen/native/TensorShape.cpp:4322.)
  return _VF.meshgrid(tensors, **kwargs)  # type: ignore[attr-defined]
Not using distributed mode
### Hyper-parameters:
     seed: 42
     device: cuda
     output_dir: output_rerun3/exp6.1.1/2025092101410
     batch_size_tta: 32
     epochs: 60
     lr: 0.0005
### Creating test dataset
from data/PAB/annotation/test/attr.json loading 1978 data
     test dataset -->    be_pose_img: True
     test_dataset: 1978
### Creating test dataloader
### be careful: func create_loader returns a list length of 1
     test_loader: 90
### Creating model
build_vision_encoder: load swin 224 x 224 ====>
missing_keys:  []
unexpected_keys:  ['head.weight', 'head.bias']
build_text_encoder: load bert ====>
missing_keys: ['bert.encoder.layer.10.crossattention.output.LayerNorm.bias', 'bert.encoder.layer.10.crossattention.output.LayerNorm.weight', 'bert.encoder.layer.10.crossattention.output.dense.bias', 'bert.encoder.layer.10.crossattention.output.dense.weight', 'bert.encoder.layer.10.crossattention.self.key.bias', 'bert.encoder.layer.10.crossattention.self.key.weight', 'bert.encoder.layer.10.crossattention.self.query.bias', 'bert.encoder.layer.10.crossattention.self.query.weight', 'bert.encoder.layer.10.crossattention.self.value.bias', 'bert.encoder.layer.10.crossattention.self.value.weight', 'bert.encoder.layer.11.crossattention.output.LayerNorm.bias', 'bert.encoder.layer.11.crossattention.output.LayerNorm.weight', 'bert.encoder.layer.11.crossattention.output.dense.bias', 'bert.encoder.layer.11.crossattention.output.dense.weight', 'bert.encoder.layer.11.crossattention.self.key.bias', 'bert.encoder.layer.11.crossattention.self.key.weight', 'bert.encoder.layer.11.crossattention.self.query.bias', 'bert.encoder.layer.11.crossattention.self.query.weight', 'bert.encoder.layer.11.crossattention.self.value.bias', 'bert.encoder.layer.11.crossattention.self.value.weight', 'bert.encoder.layer.6.crossattention.output.LayerNorm.bias', 'bert.encoder.layer.6.crossattention.output.LayerNorm.weight', 'bert.encoder.layer.6.crossattention.output.dense.bias', 'bert.encoder.layer.6.crossattention.output.dense.weight', 'bert.encoder.layer.6.crossattention.self.key.bias', 'bert.encoder.layer.6.crossattention.self.key.weight', 'bert.encoder.layer.6.crossattention.self.query.bias', 'bert.encoder.layer.6.crossattention.self.query.weight', 'bert.encoder.layer.6.crossattention.self.value.bias', 'bert.encoder.layer.6.crossattention.self.value.weight', 'bert.encoder.layer.7.crossattention.output.LayerNorm.bias', 'bert.encoder.layer.7.crossattention.output.LayerNorm.weight', 'bert.encoder.layer.7.crossattention.output.dense.bias', 'bert.encoder.layer.7.crossattention.output.dense.weight', 'bert.encoder.layer.7.crossattention.self.key.bias', 'bert.encoder.layer.7.crossattention.self.key.weight', 'bert.encoder.layer.7.crossattention.self.query.bias', 'bert.encoder.layer.7.crossattention.self.query.weight', 'bert.encoder.layer.7.crossattention.self.value.bias', 'bert.encoder.layer.7.crossattention.self.value.weight', 'bert.encoder.layer.8.crossattention.output.LayerNorm.bias', 'bert.encoder.layer.8.crossattention.output.LayerNorm.weight', 'bert.encoder.layer.8.crossattention.output.dense.bias', 'bert.encoder.layer.8.crossattention.output.dense.weight', 'bert.encoder.layer.8.crossattention.self.key.bias', 'bert.encoder.layer.8.crossattention.self.key.weight', 'bert.encoder.layer.8.crossattention.self.query.bias', 'bert.encoder.layer.8.crossattention.self.query.weight', 'bert.encoder.layer.8.crossattention.self.value.bias', 'bert.encoder.layer.8.crossattention.self.value.weight', 'bert.encoder.layer.9.crossattention.output.LayerNorm.bias', 'bert.encoder.layer.9.crossattention.output.LayerNorm.weight', 'bert.encoder.layer.9.crossattention.output.dense.bias', 'bert.encoder.layer.9.crossattention.output.dense.weight', 'bert.encoder.layer.9.crossattention.self.key.bias', 'bert.encoder.layer.9.crossattention.self.key.weight', 'bert.encoder.layer.9.crossattention.self.query.bias', 'bert.encoder.layer.9.crossattention.self.query.weight', 'bert.encoder.layer.9.crossattention.self.value.bias', 'bert.encoder.layer.9.crossattention.self.value.weight']
unexpected_keys: ['cls.seq_relationship.bias', 'cls.seq_relationship.weight']
mismatched_keys: []
error_msgs: []
Label Smooth: 0.2
pose_conv
load checkpoint from checkpoint/cmp.pth
missing_keys:  ['uncertainty_temper', 'prompt_learning_embedding']
unexpected_keys:  []
     Total Params Sum:  254264985
### Inference ITC similiarity matrix
### Zero-Shot Score: 
+-------------------+--------+--------+--------+--------+--------+
|       epoch       |   R1   |   R5   |  R10   |  mAP   |  mINP  |
+-------------------+--------+--------+--------+--------+--------+
|  cos_sim_wo/norm  | 58.544 | 91.860 | 95.703 | 73.596 | 73.596 |
|        -999       | 69.414 | 95.197 | 97.776 | 81.233 | 81.233 |
| itm_score_wo/norm | 84.328 | 98.989 | 99.494 | 91.293 | 91.293 |
|        -999       | 84.277 | 99.039 | 99.596 | 91.276 | 91.276 |
+-------------------+--------+--------+--------+--------+--------+
### TTA:
     preprocess_tta_coefficients  start
     sample selection ...
     number of sample after sample_selection: 1978
     uncertainty ...
     preprocess_tta_coefficients  end
### Creating tta dataset
     tta_dataset: 1978
### Creating tta dataloader
### be careful: func create_loader returns a list length of 1
     tta_loader: 61
### Configure adapted weights
     TTA Dropout Modules: 
 [('vision_encoder.pos_drop', Dropout(p=0, inplace=False), True), ('vision_encoder.layers.0.blocks.0.attn.attn_drop', Dropout(p=0.0, inplace=False), True), ('vision_encoder.layers.0.blocks.0.attn.proj_drop', Dropout(p=0, inplace=False), True), ('vision_encoder.layers.0.blocks.0.mlp.drop', Dropout(p=0, inplace=False), True), ('vision_encoder.layers.0.blocks.1.attn.attn_drop', Dropout(p=0.0, inplace=False), True), ('vision_encoder.layers.0.blocks.1.attn.proj_drop', Dropout(p=0, inplace=False), True), ('vision_encoder.layers.0.blocks.1.mlp.drop', Dropout(p=0, inplace=False), True), ('vision_encoder.layers.1.blocks.0.attn.attn_drop', Dropout(p=0.0, inplace=False), True), ('vision_encoder.layers.1.blocks.0.attn.proj_drop', Dropout(p=0, inplace=False), True), ('vision_encoder.layers.1.blocks.0.mlp.drop', Dropout(p=0, inplace=False), True), ('vision_encoder.layers.1.blocks.1.attn.attn_drop', Dropout(p=0.0, inplace=False), True), ('vision_encoder.layers.1.blocks.1.attn.proj_drop', Dropout(p=0, inplace=False), True), ('vision_encoder.layers.1.blocks.1.mlp.drop', Dropout(p=0, inplace=False), True), ('vision_encoder.layers.2.blocks.0.attn.attn_drop', Dropout(p=0.0, inplace=False), True), ('vision_encoder.layers.2.blocks.0.attn.proj_drop', Dropout(p=0, inplace=False), True), ('vision_encoder.layers.2.blocks.0.mlp.drop', Dropout(p=0, inplace=False), True), ('vision_encoder.layers.2.blocks.1.attn.attn_drop', Dropout(p=0.0, inplace=False), True), ('vision_encoder.layers.2.blocks.1.attn.proj_drop', Dropout(p=0, inplace=False), True), ('vision_encoder.layers.2.blocks.1.mlp.drop', Dropout(p=0, inplace=False), True), ('vision_encoder.layers.2.blocks.2.attn.attn_drop', Dropout(p=0.0, inplace=False), True), ('vision_encoder.layers.2.blocks.2.attn.proj_drop', Dropout(p=0, inplace=False), True), ('vision_encoder.layers.2.blocks.2.mlp.drop', Dropout(p=0, inplace=False), True), ('vision_encoder.layers.2.blocks.3.attn.attn_drop', Dropout(p=0.0, inplace=False), True), ('vision_encoder.layers.2.blocks.3.attn.proj_drop', Dropout(p=0, inplace=False), True), ('vision_encoder.layers.2.blocks.3.mlp.drop', Dropout(p=0, inplace=False), True), ('vision_encoder.layers.2.blocks.4.attn.attn_drop', Dropout(p=0.0, inplace=False), True), ('vision_encoder.layers.2.blocks.4.attn.proj_drop', Dropout(p=0, inplace=False), True), ('vision_encoder.layers.2.blocks.4.mlp.drop', Dropout(p=0, inplace=False), True), ('vision_encoder.layers.2.blocks.5.attn.attn_drop', Dropout(p=0.0, inplace=False), True), ('vision_encoder.layers.2.blocks.5.attn.proj_drop', Dropout(p=0, inplace=False), True), ('vision_encoder.layers.2.blocks.5.mlp.drop', Dropout(p=0, inplace=False), True), ('vision_encoder.layers.2.blocks.6.attn.attn_drop', Dropout(p=0.0, inplace=False), True), ('vision_encoder.layers.2.blocks.6.attn.proj_drop', Dropout(p=0, inplace=False), True), ('vision_encoder.layers.2.blocks.6.mlp.drop', Dropout(p=0, inplace=False), True), ('vision_encoder.layers.2.blocks.7.attn.attn_drop', Dropout(p=0.0, inplace=False), True), ('vision_encoder.layers.2.blocks.7.attn.proj_drop', Dropout(p=0, inplace=False), True), ('vision_encoder.layers.2.blocks.7.mlp.drop', Dropout(p=0, inplace=False), True), ('vision_encoder.layers.2.blocks.8.attn.attn_drop', Dropout(p=0.0, inplace=False), True), ('vision_encoder.layers.2.blocks.8.attn.proj_drop', Dropout(p=0, inplace=False), True), ('vision_encoder.layers.2.blocks.8.mlp.drop', Dropout(p=0, inplace=False), True), ('vision_encoder.layers.2.blocks.9.attn.attn_drop', Dropout(p=0.0, inplace=False), True), ('vision_encoder.layers.2.blocks.9.attn.proj_drop', Dropout(p=0, inplace=False), True), ('vision_encoder.layers.2.blocks.9.mlp.drop', Dropout(p=0, inplace=False), True), ('vision_encoder.layers.2.blocks.10.attn.attn_drop', Dropout(p=0.0, inplace=False), True), ('vision_encoder.layers.2.blocks.10.attn.proj_drop', Dropout(p=0, inplace=False), True), ('vision_encoder.layers.2.blocks.10.mlp.drop', Dropout(p=0, inplace=False), True), ('vision_encoder.layers.2.blocks.11.attn.attn_drop', Dropout(p=0.0, inplace=False), True), ('vision_encoder.layers.2.blocks.11.attn.proj_drop', Dropout(p=0, inplace=False), True), ('vision_encoder.layers.2.blocks.11.mlp.drop', Dropout(p=0, inplace=False), True), ('vision_encoder.layers.2.blocks.12.attn.attn_drop', Dropout(p=0.0, inplace=False), True), ('vision_encoder.layers.2.blocks.12.attn.proj_drop', Dropout(p=0, inplace=False), True), ('vision_encoder.layers.2.blocks.12.mlp.drop', Dropout(p=0, inplace=False), True), ('vision_encoder.layers.2.blocks.13.attn.attn_drop', Dropout(p=0.0, inplace=False), True), ('vision_encoder.layers.2.blocks.13.attn.proj_drop', Dropout(p=0, inplace=False), True), ('vision_encoder.layers.2.blocks.13.mlp.drop', Dropout(p=0, inplace=False), True), ('vision_encoder.layers.2.blocks.14.attn.attn_drop', Dropout(p=0.0, inplace=False), True), ('vision_encoder.layers.2.blocks.14.attn.proj_drop', Dropout(p=0, inplace=False), True), ('vision_encoder.layers.2.blocks.14.mlp.drop', Dropout(p=0, inplace=False), True), ('vision_encoder.layers.2.blocks.15.attn.attn_drop', Dropout(p=0.0, inplace=False), True), ('vision_encoder.layers.2.blocks.15.attn.proj_drop', Dropout(p=0, inplace=False), True), ('vision_encoder.layers.2.blocks.15.mlp.drop', Dropout(p=0, inplace=False), True), ('vision_encoder.layers.2.blocks.16.attn.attn_drop', Dropout(p=0.0, inplace=False), True), ('vision_encoder.layers.2.blocks.16.attn.proj_drop', Dropout(p=0, inplace=False), True), ('vision_encoder.layers.2.blocks.16.mlp.drop', Dropout(p=0, inplace=False), True), ('vision_encoder.layers.2.blocks.17.attn.attn_drop', Dropout(p=0.0, inplace=False), True), ('vision_encoder.layers.2.blocks.17.attn.proj_drop', Dropout(p=0, inplace=False), True), ('vision_encoder.layers.2.blocks.17.mlp.drop', Dropout(p=0, inplace=False), True), ('vision_encoder.layers.3.blocks.0.attn.attn_drop', Dropout(p=0.0, inplace=False), True), ('vision_encoder.layers.3.blocks.0.attn.proj_drop', Dropout(p=0, inplace=False), True), ('vision_encoder.layers.3.blocks.0.mlp.drop', Dropout(p=0, inplace=False), True), ('vision_encoder.layers.3.blocks.1.attn.attn_drop', Dropout(p=0.0, inplace=False), True), ('vision_encoder.layers.3.blocks.1.attn.proj_drop', Dropout(p=0, inplace=False), True), ('vision_encoder.layers.3.blocks.1.mlp.drop', Dropout(p=0, inplace=False), True), ('text_encoder.bert.embeddings.dropout', Dropout(p=0.1, inplace=False), True), ('text_encoder.bert.encoder.layer.0.attention.self.dropout', Dropout(p=0.1, inplace=False), True), ('text_encoder.bert.encoder.layer.0.attention.output.dropout', Dropout(p=0.1, inplace=False), True), ('text_encoder.bert.encoder.layer.0.output.dropout', Dropout(p=0.1, inplace=False), True), ('text_encoder.bert.encoder.layer.1.attention.self.dropout', Dropout(p=0.1, inplace=False), True), ('text_encoder.bert.encoder.layer.1.attention.output.dropout', Dropout(p=0.1, inplace=False), True), ('text_encoder.bert.encoder.layer.1.output.dropout', Dropout(p=0.1, inplace=False), True), ('text_encoder.bert.encoder.layer.2.attention.self.dropout', Dropout(p=0.1, inplace=False), True), ('text_encoder.bert.encoder.layer.2.attention.output.dropout', Dropout(p=0.1, inplace=False), True), ('text_encoder.bert.encoder.layer.2.output.dropout', Dropout(p=0.1, inplace=False), True), ('text_encoder.bert.encoder.layer.3.attention.self.dropout', Dropout(p=0.1, inplace=False), True), ('text_encoder.bert.encoder.layer.3.attention.output.dropout', Dropout(p=0.1, inplace=False), True), ('text_encoder.bert.encoder.layer.3.output.dropout', Dropout(p=0.1, inplace=False), True), ('text_encoder.bert.encoder.layer.4.attention.self.dropout', Dropout(p=0.1, inplace=False), True), ('text_encoder.bert.encoder.layer.4.attention.output.dropout', Dropout(p=0.1, inplace=False), True), ('text_encoder.bert.encoder.layer.4.output.dropout', Dropout(p=0.1, inplace=False), True), ('text_encoder.bert.encoder.layer.5.attention.self.dropout', Dropout(p=0.1, inplace=False), True), ('text_encoder.bert.encoder.layer.5.attention.output.dropout', Dropout(p=0.1, inplace=False), True), ('text_encoder.bert.encoder.layer.5.output.dropout', Dropout(p=0.1, inplace=False), True), ('text_encoder.bert.encoder.layer.6.attention.self.dropout', Dropout(p=0.1, inplace=False), True), ('text_encoder.bert.encoder.layer.6.attention.output.dropout', Dropout(p=0.1, inplace=False), True), ('text_encoder.bert.encoder.layer.6.crossattention.self.dropout', Dropout(p=0.1, inplace=False), True), ('text_encoder.bert.encoder.layer.6.crossattention.output.dropout', Dropout(p=0.1, inplace=False), True), ('text_encoder.bert.encoder.layer.6.output.dropout', Dropout(p=0.1, inplace=False), True), ('text_encoder.bert.encoder.layer.7.attention.self.dropout', Dropout(p=0.1, inplace=False), True), ('text_encoder.bert.encoder.layer.7.attention.output.dropout', Dropout(p=0.1, inplace=False), True), ('text_encoder.bert.encoder.layer.7.crossattention.self.dropout', Dropout(p=0.1, inplace=False), True), ('text_encoder.bert.encoder.layer.7.crossattention.output.dropout', Dropout(p=0.1, inplace=False), True), ('text_encoder.bert.encoder.layer.7.output.dropout', Dropout(p=0.1, inplace=False), True), ('text_encoder.bert.encoder.layer.8.attention.self.dropout', Dropout(p=0.1, inplace=False), True), ('text_encoder.bert.encoder.layer.8.attention.output.dropout', Dropout(p=0.1, inplace=False), True), ('text_encoder.bert.encoder.layer.8.crossattention.self.dropout', Dropout(p=0.1, inplace=False), True), ('text_encoder.bert.encoder.layer.8.crossattention.output.dropout', Dropout(p=0.1, inplace=False), True), ('text_encoder.bert.encoder.layer.8.output.dropout', Dropout(p=0.1, inplace=False), True), ('text_encoder.bert.encoder.layer.9.attention.self.dropout', Dropout(p=0.1, inplace=False), True), ('text_encoder.bert.encoder.layer.9.attention.output.dropout', Dropout(p=0.1, inplace=False), True), ('text_encoder.bert.encoder.layer.9.crossattention.self.dropout', Dropout(p=0.1, inplace=False), True), ('text_encoder.bert.encoder.layer.9.crossattention.output.dropout', Dropout(p=0.1, inplace=False), True), ('text_encoder.bert.encoder.layer.9.output.dropout', Dropout(p=0.1, inplace=False), True), ('text_encoder.bert.encoder.layer.10.attention.self.dropout', Dropout(p=0.1, inplace=False), True), ('text_encoder.bert.encoder.layer.10.attention.output.dropout', Dropout(p=0.1, inplace=False), True), ('text_encoder.bert.encoder.layer.10.crossattention.self.dropout', Dropout(p=0.1, inplace=False), True), ('text_encoder.bert.encoder.layer.10.crossattention.output.dropout', Dropout(p=0.1, inplace=False), True), ('text_encoder.bert.encoder.layer.10.output.dropout', Dropout(p=0.1, inplace=False), True), ('text_encoder.bert.encoder.layer.11.attention.self.dropout', Dropout(p=0.1, inplace=False), True), ('text_encoder.bert.encoder.layer.11.attention.output.dropout', Dropout(p=0.1, inplace=False), True), ('text_encoder.bert.encoder.layer.11.crossattention.self.dropout', Dropout(p=0.1, inplace=False), True), ('text_encoder.bert.encoder.layer.11.crossattention.output.dropout', Dropout(p=0.1, inplace=False), True), ('text_encoder.bert.encoder.layer.11.output.dropout', Dropout(p=0.1, inplace=False), True), ('vision_proj.1', Dropout(p=0.5, inplace=False), True), ('text_proj.1', Dropout(p=0.5, inplace=False), True), ('pose_block.attn.attn_drop', Dropout(p=0.0, inplace=False), True), ('pose_block.attn.proj_drop', Dropout(p=0.0, inplace=False), True)]
     TTA Require Gradient Params: 
 [('text_encoder.bert.embeddings.LayerNorm.weight', torch.Size([768])), ('text_encoder.bert.embeddings.LayerNorm.bias', torch.Size([768])), ('text_encoder.bert.encoder.layer.6.attention.output.LayerNorm.weight', torch.Size([768])), ('text_encoder.bert.encoder.layer.6.attention.output.LayerNorm.bias', torch.Size([768])), ('text_encoder.bert.encoder.layer.6.crossattention.output.LayerNorm.weight', torch.Size([768])), ('text_encoder.bert.encoder.layer.6.crossattention.output.LayerNorm.bias', torch.Size([768])), ('text_encoder.bert.encoder.layer.6.output.LayerNorm.weight', torch.Size([768])), ('text_encoder.bert.encoder.layer.6.output.LayerNorm.bias', torch.Size([768])), ('text_encoder.bert.encoder.layer.7.attention.output.LayerNorm.weight', torch.Size([768])), ('text_encoder.bert.encoder.layer.7.attention.output.LayerNorm.bias', torch.Size([768])), ('text_encoder.bert.encoder.layer.7.crossattention.output.LayerNorm.weight', torch.Size([768])), ('text_encoder.bert.encoder.layer.7.crossattention.output.LayerNorm.bias', torch.Size([768])), ('text_encoder.bert.encoder.layer.7.output.LayerNorm.weight', torch.Size([768])), ('text_encoder.bert.encoder.layer.7.output.LayerNorm.bias', torch.Size([768])), ('text_encoder.bert.encoder.layer.8.attention.output.LayerNorm.weight', torch.Size([768])), ('text_encoder.bert.encoder.layer.8.attention.output.LayerNorm.bias', torch.Size([768])), ('text_encoder.bert.encoder.layer.8.crossattention.output.LayerNorm.weight', torch.Size([768])), ('text_encoder.bert.encoder.layer.8.crossattention.output.LayerNorm.bias', torch.Size([768])), ('text_encoder.bert.encoder.layer.8.output.LayerNorm.weight', torch.Size([768])), ('text_encoder.bert.encoder.layer.8.output.LayerNorm.bias', torch.Size([768])), ('text_encoder.bert.encoder.layer.9.attention.output.LayerNorm.weight', torch.Size([768])), ('text_encoder.bert.encoder.layer.9.attention.output.LayerNorm.bias', torch.Size([768])), ('text_encoder.bert.encoder.layer.9.crossattention.output.LayerNorm.weight', torch.Size([768])), ('text_encoder.bert.encoder.layer.9.crossattention.output.LayerNorm.bias', torch.Size([768])), ('text_encoder.bert.encoder.layer.9.output.LayerNorm.weight', torch.Size([768])), ('text_encoder.bert.encoder.layer.9.output.LayerNorm.bias', torch.Size([768])), ('text_encoder.bert.encoder.layer.10.attention.output.LayerNorm.weight', torch.Size([768])), ('text_encoder.bert.encoder.layer.10.attention.output.LayerNorm.bias', torch.Size([768])), ('text_encoder.bert.encoder.layer.10.crossattention.output.LayerNorm.weight', torch.Size([768])), ('text_encoder.bert.encoder.layer.10.crossattention.output.LayerNorm.bias', torch.Size([768])), ('text_encoder.bert.encoder.layer.10.output.LayerNorm.weight', torch.Size([768])), ('text_encoder.bert.encoder.layer.10.output.LayerNorm.bias', torch.Size([768])), ('text_encoder.bert.encoder.layer.11.attention.output.LayerNorm.weight', torch.Size([768])), ('text_encoder.bert.encoder.layer.11.attention.output.LayerNorm.bias', torch.Size([768])), ('text_encoder.bert.encoder.layer.11.crossattention.output.LayerNorm.weight', torch.Size([768])), ('text_encoder.bert.encoder.layer.11.crossattention.output.LayerNorm.bias', torch.Size([768])), ('text_encoder.bert.encoder.layer.11.output.LayerNorm.weight', torch.Size([768])), ('text_encoder.bert.encoder.layer.11.output.LayerNorm.bias', torch.Size([768])), ('text_encoder.cls.predictions.transform.LayerNorm.weight', torch.Size([768])), ('text_encoder.cls.predictions.transform.LayerNorm.bias', torch.Size([768])), ('itm_head.1.weight', torch.Size([1536])), ('itm_head.1.bias', torch.Size([1536]))]
     TTA Dropout Modules Number: 
 126
     TTA Require Gradient Params Sum: 
 33792
     lr:  0.0005    lr_mult:  2
     model has 'init_params',  385
     num_tta_steps:  3720
     num_warmup_steps:  500
     sched: step
/home/jiahao/task/CMP/tta.py:246: FutureWarning: `torch.cuda.amp.GradScaler(args...)` is deprecated. Please use `torch.amp.GradScaler('cuda', args...)` instead.
  scaler = GradScaler()  # bf16
### Start ITM Test Time Adaptation
      TTA Epoch: [0] [ 0/61]  eta: 0:01:28  entropy: 0.3485  uncertainty: 1.7870  uncertainty_coeffi: 0.0100  loss: 2.0041  lr: 0.000001  time: 1.4522  data: 0.5385  max mem: 2639
      TTA Epoch: [0] [60/61]  eta: 0:00:00  entropy: 0.3708  uncertainty: 2.8430  uncertainty_coeffi: 0.0100  loss: 3.0092  lr: 0.000061  time: 0.0601  data: 0.0001  max mem: 2671
      TTA Epoch: [0] Total time: 0:00:05 (0.0831 s / it)
     Averaged stats: entropy: 0.3436  uncertainty: 2.2214  uncertainty_coeffi: 0.0100  loss: 2.4216  lr: 0.0000
     itm tta time 0:00:05
     Computing matching score
      Evaluation: [   0/1978]  eta: 0:04:26    time: 0.1346  data: 0.0052  max mem: 2671
      Evaluation: [ 100/1978]  eta: 0:02:11    time: 0.0692  data: 0.0000  max mem: 2671
      Evaluation: [ 200/1978]  eta: 0:02:02    time: 0.0679  data: 0.0000  max mem: 2671
      Evaluation: [ 300/1978]  eta: 0:01:55    time: 0.0679  data: 0.0000  max mem: 2671
      Evaluation: [ 400/1978]  eta: 0:01:48    time: 0.0681  data: 0.0000  max mem: 2671
      Evaluation: [ 500/1978]  eta: 0:01:41    time: 0.0681  data: 0.0000  max mem: 2671
      Evaluation: [ 600/1978]  eta: 0:01:34    time: 0.0681  data: 0.0000  max mem: 2671
      Evaluation: [ 700/1978]  eta: 0:01:27    time: 0.0681  data: 0.0000  max mem: 2671
      Evaluation: [ 800/1978]  eta: 0:01:20    time: 0.0681  data: 0.0000  max mem: 2671
      Evaluation: [ 900/1978]  eta: 0:01:13    time: 0.0678  data: 0.0000  max mem: 2671
      Evaluation: [1000/1978]  eta: 0:01:06    time: 0.0678  data: 0.0000  max mem: 2671
      Evaluation: [1100/1978]  eta: 0:00:59    time: 0.0678  data: 0.0000  max mem: 2671
      Evaluation: [1200/1978]  eta: 0:00:53    time: 0.0678  data: 0.0000  max mem: 2671
      Evaluation: [1300/1978]  eta: 0:00:46    time: 0.0678  data: 0.0000  max mem: 2671
      Evaluation: [1400/1978]  eta: 0:00:39    time: 0.0679  data: 0.0000  max mem: 2671
      Evaluation: [1500/1978]  eta: 0:00:32    time: 0.0680  data: 0.0000  max mem: 2671
      Evaluation: [1600/1978]  eta: 0:00:25    time: 0.0679  data: 0.0000  max mem: 2671
      Evaluation: [1700/1978]  eta: 0:00:18    time: 0.0679  data: 0.0000  max mem: 2671
      Evaluation: [1800/1978]  eta: 0:00:12    time: 0.0684  data: 0.0000  max mem: 2671
      Evaluation: [1900/1978]  eta: 0:00:05    time: 0.0684  data: 0.0000  max mem: 2671
      Evaluation: [1977/1978]  eta: 0:00:00    time: 0.0679  data: 0.0000  max mem: 2671
      Evaluation: Total time: 0:02:14 (0.0681 s / it)
     Computing matching score time 0:02:15
### TTA ITM Score: 
+-------------------+--------+--------+--------+--------+--------+
|       epoch       |   R1   |   R5   |  R10   |  mAP   |  mINP  |
+-------------------+--------+--------+--------+--------+--------+
|  cos_sim_wo/norm  | 58.544 | 91.860 | 95.703 | 73.596 | 73.596 |
|        -999       | 69.414 | 95.197 | 97.776 | 81.233 | 81.233 |
| itm_score_wo/norm | 84.328 | 98.989 | 99.494 | 91.293 | 91.293 |
|        -999       | 84.277 | 99.039 | 99.596 | 91.276 | 91.276 |
|         0         | 84.631 | 98.989 | 99.596 | 91.432 | 91.432 |
+-------------------+--------+--------+--------+--------+--------+
     logs:  {'epo': 0, 'R1': 84.631, 'R5': 98.989, 'R10': 99.596, 'mAP': 91.432, 'mINP': 91.432, 'entropy': 0.343553, 'uncertainty': 2.221419, 'uncertainty_coeffi': 0.01, 'loss': 2.421635, 'lr': 3.1e-05}
      TTA Epoch: [1] [ 0/61]  eta: 0:00:27  entropy: 0.3907  uncertainty: 2.5006  uncertainty_coeffi: 0.0100  loss: 2.6796  lr: 0.000062  time: 0.4535  data: 0.3714  max mem: 2671
      TTA Epoch: [1] [60/61]  eta: 0:00:00  entropy: 0.3647  uncertainty: 2.2374  uncertainty_coeffi: 0.0100  loss: 2.4268  lr: 0.000122  time: 0.0596  data: 0.0001  max mem: 2671
      TTA Epoch: [1] Total time: 0:00:04 (0.0668 s / it)
     Averaged stats: entropy: 0.3119  uncertainty: 2.2315  uncertainty_coeffi: 0.0100  loss: 2.4090  lr: 0.0001
     itm tta time 0:00:04
     Computing matching score
      Evaluation: [   0/1978]  eta: 0:02:35    time: 0.0787  data: 0.0047  max mem: 2671
      Evaluation: [ 100/1978]  eta: 0:02:08    time: 0.0682  data: 0.0000  max mem: 2671
      Evaluation: [ 200/1978]  eta: 0:02:01    time: 0.0679  data: 0.0000  max mem: 2671
      Evaluation: [ 300/1978]  eta: 0:01:54    time: 0.0679  data: 0.0000  max mem: 2671
      Evaluation: [ 400/1978]  eta: 0:01:47    time: 0.0678  data: 0.0000  max mem: 2671
      Evaluation: [ 500/1978]  eta: 0:01:40    time: 0.0679  data: 0.0000  max mem: 2671
      Evaluation: [ 600/1978]  eta: 0:01:33    time: 0.0682  data: 0.0000  max mem: 2671
      Evaluation: [ 700/1978]  eta: 0:01:26    time: 0.0682  data: 0.0000  max mem: 2671
      Evaluation: [ 800/1978]  eta: 0:01:20    time: 0.0679  data: 0.0000  max mem: 2671
      Evaluation: [ 900/1978]  eta: 0:01:13    time: 0.0680  data: 0.0000  max mem: 2671
      Evaluation: [1000/1978]  eta: 0:01:06    time: 0.0679  data: 0.0000  max mem: 2671
      Evaluation: [1100/1978]  eta: 0:00:59    time: 0.0683  data: 0.0000  max mem: 2671
      Evaluation: [1200/1978]  eta: 0:00:53    time: 0.0705  data: 0.0000  max mem: 2671
      Evaluation: [1300/1978]  eta: 0:00:46    time: 0.0697  data: 0.0000  max mem: 2671
      Evaluation: [1400/1978]  eta: 0:00:39    time: 0.0696  data: 0.0000  max mem: 2671
      Evaluation: [1500/1978]  eta: 0:00:32    time: 0.0697  data: 0.0000  max mem: 2671
      Evaluation: [1600/1978]  eta: 0:00:25    time: 0.0702  data: 0.0000  max mem: 2671
      Evaluation: [1700/1978]  eta: 0:00:19    time: 0.0702  data: 0.0000  max mem: 2671
      Evaluation: [1800/1978]  eta: 0:00:12    time: 0.0697  data: 0.0000  max mem: 2671
      Evaluation: [1900/1978]  eta: 0:00:05    time: 0.0696  data: 0.0000  max mem: 2671
      Evaluation: [1977/1978]  eta: 0:00:00    time: 0.0696  data: 0.0000  max mem: 2671
      Evaluation: Total time: 0:02:16 (0.0689 s / it)
     Computing matching score time 0:02:16
### TTA ITM Score: 
+-------------------+--------+--------+--------+--------+--------+
|       epoch       |   R1   |   R5   |  R10   |  mAP   |  mINP  |
+-------------------+--------+--------+--------+--------+--------+
|  cos_sim_wo/norm  | 58.544 | 91.860 | 95.703 | 73.596 | 73.596 |
|        -999       | 69.414 | 95.197 | 97.776 | 81.233 | 81.233 |
| itm_score_wo/norm | 84.328 | 98.989 | 99.494 | 91.293 | 91.293 |
|        -999       | 84.277 | 99.039 | 99.596 | 91.276 | 91.276 |
|         0         | 84.631 | 98.989 | 99.596 | 91.432 | 91.432 |
|         1         | 84.631 | 98.888 | 99.494 | 91.371 | 91.371 |
+-------------------+--------+--------+--------+--------+--------+
     logs:  {'epo': 1, 'R1': 84.631, 'R5': 98.888, 'R10': 99.494, 'mAP': 91.371, 'mINP': 91.371, 'entropy': 0.311925, 'uncertainty': 2.23151, 'uncertainty_coeffi': 0.01, 'loss': 2.408989, 'lr': 9.2e-05}
      TTA Epoch: [2] [ 0/61]  eta: 0:00:25  entropy: 0.3338  uncertainty: 1.7849  uncertainty_coeffi: 0.0100  loss: 2.0004  lr: 0.000123  time: 0.4251  data: 0.3413  max mem: 2671
      TTA Epoch: [2] [60/61]  eta: 0:00:00  entropy: 0.2504  uncertainty: 2.3454  uncertainty_coeffi: 0.0100  loss: 2.4826  lr: 0.000183  time: 0.0599  data: 0.0001  max mem: 2671
      TTA Epoch: [2] Total time: 0:00:04 (0.0664 s / it)
     Averaged stats: entropy: 0.2667  uncertainty: 2.2237  uncertainty_coeffi: 0.0100  loss: 2.3690  lr: 0.0002
     itm tta time 0:00:04
     Computing matching score
      Evaluation: [   0/1978]  eta: 0:02:24    time: 0.0729  data: 0.0026  max mem: 2671
      Evaluation: [ 100/1978]  eta: 0:02:11    time: 0.0690  data: 0.0000  max mem: 2671
      Evaluation: [ 200/1978]  eta: 0:02:02    time: 0.0679  data: 0.0000  max mem: 2671
      Evaluation: [ 300/1978]  eta: 0:01:55    time: 0.0679  data: 0.0000  max mem: 2671
      Evaluation: [ 400/1978]  eta: 0:01:47    time: 0.0679  data: 0.0000  max mem: 2671
      Evaluation: [ 500/1978]  eta: 0:01:40    time: 0.0679  data: 0.0000  max mem: 2671
      Evaluation: [ 600/1978]  eta: 0:01:34    time: 0.0678  data: 0.0000  max mem: 2671
      Evaluation: [ 700/1978]  eta: 0:01:27    time: 0.0690  data: 0.0000  max mem: 2671
      Evaluation: [ 800/1978]  eta: 0:01:20    time: 0.0691  data: 0.0000  max mem: 2671
      Evaluation: [ 900/1978]  eta: 0:01:13    time: 0.0692  data: 0.0000  max mem: 2671
      Evaluation: [1000/1978]  eta: 0:01:07    time: 0.0690  data: 0.0000  max mem: 2671
      Evaluation: [1100/1978]  eta: 0:01:00    time: 0.0690  data: 0.0000  max mem: 2671
      Evaluation: [1200/1978]  eta: 0:00:53    time: 0.0692  data: 0.0000  max mem: 2671
      Evaluation: [1300/1978]  eta: 0:00:46    time: 0.0691  data: 0.0000  max mem: 2671
      Evaluation: [1400/1978]  eta: 0:00:39    time: 0.0690  data: 0.0000  max mem: 2671
      Evaluation: [1500/1978]  eta: 0:00:32    time: 0.0691  data: 0.0000  max mem: 2671
      Evaluation: [1600/1978]  eta: 0:00:26    time: 0.0690  data: 0.0000  max mem: 2671
      Evaluation: [1700/1978]  eta: 0:00:19    time: 0.0689  data: 0.0000  max mem: 2671
      Evaluation: [1800/1978]  eta: 0:00:12    time: 0.0690  data: 0.0000  max mem: 2671
      Evaluation: [1900/1978]  eta: 0:00:05    time: 0.0690  data: 0.0000  max mem: 2671
      Evaluation: [1977/1978]  eta: 0:00:00    time: 0.0690  data: 0.0000  max mem: 2671
      Evaluation: Total time: 0:02:16 (0.0688 s / it)
     Computing matching score time 0:02:16
### TTA ITM Score: 
+-------------------+--------+--------+--------+--------+--------+
|       epoch       |   R1   |   R5   |  R10   |  mAP   |  mINP  |
+-------------------+--------+--------+--------+--------+--------+
|  cos_sim_wo/norm  | 58.544 | 91.860 | 95.703 | 73.596 | 73.596 |
|        -999       | 69.414 | 95.197 | 97.776 | 81.233 | 81.233 |
| itm_score_wo/norm | 84.328 | 98.989 | 99.494 | 91.293 | 91.293 |
|        -999       | 84.277 | 99.039 | 99.596 | 91.276 | 91.276 |
|         0         | 84.631 | 98.989 | 99.596 | 91.432 | 91.432 |
|         1         | 84.631 | 98.888 | 99.494 | 91.371 | 91.371 |
|         2         | 84.580 | 98.686 | 99.343 | 91.293 | 91.293 |
+-------------------+--------+--------+--------+--------+--------+
     logs:  {'epo': 2, 'R1': 84.58, 'R5': 98.686, 'R10': 99.343, 'mAP': 91.293, 'mINP': 91.293, 'entropy': 0.266658, 'uncertainty': 2.223665, 'uncertainty_coeffi': 0.01, 'loss': 2.369017, 'lr': 0.000153}
      TTA Epoch: [3] [ 0/61]  eta: 0:00:27  entropy: 0.1799  uncertainty: 1.5164  uncertainty_coeffi: 0.0100  loss: 1.6432  lr: 0.000184  time: 0.4438  data: 0.3699  max mem: 2671
      TTA Epoch: [3] [60/61]  eta: 0:00:00  entropy: 0.1920  uncertainty: 2.2262  uncertainty_coeffi: 0.0100  loss: 2.3259  lr: 0.000244  time: 0.0591  data: 0.0001  max mem: 2671
      TTA Epoch: [3] Total time: 0:00:04 (0.0658 s / it)
     Averaged stats: entropy: 0.2298  uncertainty: 2.2313  uncertainty_coeffi: 0.0100  loss: 2.3510  lr: 0.0002
     itm tta time 0:00:04
      TTA Epoch: [4] [ 0/61]  eta: 0:00:26  entropy: 0.2281  uncertainty: 2.9127  uncertainty_coeffi: 0.0100  loss: 2.9935  lr: 0.000245  time: 0.4267  data: 0.3405  max mem: 2671
      TTA Epoch: [4] [60/61]  eta: 0:00:00  entropy: 0.1969  uncertainty: 2.2543  uncertainty_coeffi: 0.0100  loss: 2.3699  lr: 0.000305  time: 0.0590  data: 0.0001  max mem: 2671
      TTA Epoch: [4] Total time: 0:00:03 (0.0656 s / it)
     Averaged stats: entropy: 0.1924  uncertainty: 2.2303  uncertainty_coeffi: 0.0100  loss: 2.3295  lr: 0.0003
     itm tta time 0:00:04
     Computing matching score
      Evaluation: [   0/1978]  eta: 0:02:15    time: 0.0686  data: 0.0021  max mem: 2671
      Evaluation: [ 100/1978]  eta: 0:02:07    time: 0.0677  data: 0.0000  max mem: 2671
      Evaluation: [ 200/1978]  eta: 0:02:00    time: 0.0689  data: 0.0000  max mem: 2671
      Evaluation: [ 300/1978]  eta: 0:01:54    time: 0.0689  data: 0.0000  max mem: 2671
      Evaluation: [ 400/1978]  eta: 0:01:48    time: 0.0690  data: 0.0000  max mem: 2671
      Evaluation: [ 500/1978]  eta: 0:01:41    time: 0.0690  data: 0.0000  max mem: 2671
      Evaluation: [ 600/1978]  eta: 0:01:34    time: 0.0688  data: 0.0000  max mem: 2671
      Evaluation: [ 700/1978]  eta: 0:01:27    time: 0.0690  data: 0.0000  max mem: 2671
      Evaluation: [ 800/1978]  eta: 0:01:20    time: 0.0690  data: 0.0000  max mem: 2671
      Evaluation: [ 900/1978]  eta: 0:01:14    time: 0.0690  data: 0.0000  max mem: 2671
      Evaluation: [1000/1978]  eta: 0:01:07    time: 0.0688  data: 0.0000  max mem: 2671
      Evaluation: [1100/1978]  eta: 0:01:00    time: 0.0690  data: 0.0000  max mem: 2671
      Evaluation: [1200/1978]  eta: 0:00:53    time: 0.0689  data: 0.0000  max mem: 2671
      Evaluation: [1300/1978]  eta: 0:00:46    time: 0.0689  data: 0.0000  max mem: 2671
      Evaluation: [1400/1978]  eta: 0:00:39    time: 0.0690  data: 0.0000  max mem: 2671
      Evaluation: [1500/1978]  eta: 0:00:32    time: 0.0689  data: 0.0000  max mem: 2671
      Evaluation: [1600/1978]  eta: 0:00:26    time: 0.0688  data: 0.0000  max mem: 2671
      Evaluation: [1700/1978]  eta: 0:00:19    time: 0.0690  data: 0.0000  max mem: 2671
      Evaluation: [1800/1978]  eta: 0:00:12    time: 0.0689  data: 0.0000  max mem: 2671
      Evaluation: [1900/1978]  eta: 0:00:05    time: 0.0688  data: 0.0000  max mem: 2671
      Evaluation: [1977/1978]  eta: 0:00:00    time: 0.0689  data: 0.0000  max mem: 2671
      Evaluation: Total time: 0:02:16 (0.0688 s / it)
     Computing matching score time 0:02:16
### TTA ITM Score: 
+-------------------+--------+--------+--------+--------+--------+
|       epoch       |   R1   |   R5   |  R10   |  mAP   |  mINP  |
+-------------------+--------+--------+--------+--------+--------+
|  cos_sim_wo/norm  | 58.544 | 91.860 | 95.703 | 73.596 | 73.596 |
|        -999       | 69.414 | 95.197 | 97.776 | 81.233 | 81.233 |
| itm_score_wo/norm | 84.328 | 98.989 | 99.494 | 91.293 | 91.293 |
|        -999       | 84.277 | 99.039 | 99.596 | 91.276 | 91.276 |
|         0         | 84.631 | 98.989 | 99.596 | 91.432 | 91.432 |
|         1         | 84.631 | 98.888 | 99.494 | 91.371 | 91.371 |
|         2         | 84.580 | 98.686 | 99.343 | 91.293 | 91.293 |
|         4         | 84.783 | 98.584 | 99.191 | 91.338 | 91.338 |
+-------------------+--------+--------+--------+--------+--------+
     logs:  {'epo': 4, 'R1': 84.783, 'R5': 98.584, 'R10': 99.191, 'mAP': 91.338, 'mINP': 91.338, 'entropy': 0.192381, 'uncertainty': 2.230277, 'uncertainty_coeffi': 0.01, 'loss': 2.32952, 'lr': 0.000275}
      TTA Epoch: [5] [ 0/61]  eta: 0:00:22  entropy: 0.1571  uncertainty: 2.0319  uncertainty_coeffi: 0.0100  loss: 2.1325  lr: 0.000306  time: 0.3764  data: 0.2830  max mem: 2671
      TTA Epoch: [5] [60/61]  eta: 0:00:00  entropy: 0.1623  uncertainty: 2.4292  uncertainty_coeffi: 0.0100  loss: 2.5232  lr: 0.000366  time: 0.0607  data: 0.0001  max mem: 2671
      TTA Epoch: [5] Total time: 0:00:04 (0.0665 s / it)
     Averaged stats: entropy: 0.1683  uncertainty: 2.2097  uncertainty_coeffi: 0.0100  loss: 2.2952  lr: 0.0003
     itm tta time 0:00:04
      TTA Epoch: [6] [ 0/61]  eta: 0:00:38  entropy: 0.2433  uncertainty: 2.1391  uncertainty_coeffi: 0.0100  loss: 2.2643  lr: 0.000367  time: 0.6255  data: 0.5083  max mem: 2671
      TTA Epoch: [6] [60/61]  eta: 0:00:00  entropy: 0.1593  uncertainty: 2.4871  uncertainty_coeffi: 0.0100  loss: 2.5502  lr: 0.000427  time: 0.0593  data: 0.0001  max mem: 2671
      TTA Epoch: [6] Total time: 0:00:04 (0.0699 s / it)
     Averaged stats: entropy: 0.1528  uncertainty: 2.2245  uncertainty_coeffi: 0.0100  loss: 2.2999  lr: 0.0004
     itm tta time 0:00:04
      TTA Epoch: [7] [ 0/61]  eta: 0:00:28  entropy: 0.1056  uncertainty: 2.1050  uncertainty_coeffi: 0.0100  loss: 2.1434  lr: 0.000428  time: 0.4646  data: 0.3791  max mem: 2671
      TTA Epoch: [7] [60/61]  eta: 0:00:00  entropy: 0.0703  uncertainty: 1.8843  uncertainty_coeffi: 0.0100  loss: 1.9263  lr: 0.000488  time: 0.0587  data: 0.0001  max mem: 2671
      TTA Epoch: [7] Total time: 0:00:04 (0.0658 s / it)
     Averaged stats: entropy: 0.1326  uncertainty: 2.2204  uncertainty_coeffi: 0.0100  loss: 2.2848  lr: 0.0005
     itm tta time 0:00:04
      TTA Epoch: [8] [ 0/61]  eta: 0:00:29  entropy: 0.1075  uncertainty: 2.1945  uncertainty_coeffi: 0.0100  loss: 2.2688  lr: 0.000489  time: 0.4851  data: 0.3738  max mem: 2671
      TTA Epoch: [8] [60/61]  eta: 0:00:00  entropy: 0.0960  uncertainty: 2.3460  uncertainty_coeffi: 0.0100  loss: 2.4094  lr: 0.000492  time: 0.0600  data: 0.0001  max mem: 2671
      TTA Epoch: [8] Total time: 0:00:04 (0.0674 s / it)
     Averaged stats: entropy: 0.1102  uncertainty: 2.2221  uncertainty_coeffi: 0.0100  loss: 2.2753  lr: 0.0005
     itm tta time 0:00:04
      TTA Epoch: [9] [ 0/61]  eta: 0:00:26  entropy: 0.0780  uncertainty: 2.1228  uncertainty_coeffi: 0.0100  loss: 2.1689  lr: 0.000492  time: 0.4328  data: 0.3544  max mem: 2671
      TTA Epoch: [9] [60/61]  eta: 0:00:00  entropy: 0.0633  uncertainty: 2.0169  uncertainty_coeffi: 0.0100  loss: 2.0649  lr: 0.000483  time: 0.0601  data: 0.0001  max mem: 2671
      TTA Epoch: [9] Total time: 0:00:04 (0.0664 s / it)
     Averaged stats: entropy: 0.0956  uncertainty: 2.2289  uncertainty_coeffi: 0.0100  loss: 2.2731  lr: 0.0005
     itm tta time 0:00:04
     Computing matching score
      Evaluation: [   0/1978]  eta: 0:02:20    time: 0.0713  data: 0.0053  max mem: 2671
      Evaluation: [ 100/1978]  eta: 0:02:07    time: 0.0679  data: 0.0000  max mem: 2671
      Evaluation: [ 200/1978]  eta: 0:02:00    time: 0.0678  data: 0.0000  max mem: 2671
      Evaluation: [ 300/1978]  eta: 0:01:53    time: 0.0677  data: 0.0000  max mem: 2671
      Evaluation: [ 400/1978]  eta: 0:01:47    time: 0.0677  data: 0.0000  max mem: 2671
      Evaluation: [ 500/1978]  eta: 0:01:40    time: 0.0678  data: 0.0000  max mem: 2671
      Evaluation: [ 600/1978]  eta: 0:01:33    time: 0.0677  data: 0.0000  max mem: 2671
      Evaluation: [ 700/1978]  eta: 0:01:26    time: 0.0677  data: 0.0000  max mem: 2671
      Evaluation: [ 800/1978]  eta: 0:01:19    time: 0.0677  data: 0.0000  max mem: 2671
      Evaluation: [ 900/1978]  eta: 0:01:13    time: 0.0678  data: 0.0000  max mem: 2671
      Evaluation: [1000/1978]  eta: 0:01:06    time: 0.0678  data: 0.0000  max mem: 2671
      Evaluation: [1100/1978]  eta: 0:00:59    time: 0.0677  data: 0.0000  max mem: 2671
      Evaluation: [1200/1978]  eta: 0:00:52    time: 0.0677  data: 0.0000  max mem: 2671
      Evaluation: [1300/1978]  eta: 0:00:45    time: 0.0677  data: 0.0000  max mem: 2671
      Evaluation: [1400/1978]  eta: 0:00:39    time: 0.0686  data: 0.0000  max mem: 2671
      Evaluation: [1500/1978]  eta: 0:00:32    time: 0.0676  data: 0.0000  max mem: 2671
      Evaluation: [1600/1978]  eta: 0:00:25    time: 0.0677  data: 0.0000  max mem: 2671
      Evaluation: [1700/1978]  eta: 0:00:18    time: 0.0678  data: 0.0000  max mem: 2671
      Evaluation: [1800/1978]  eta: 0:00:12    time: 0.0677  data: 0.0000  max mem: 2671
      Evaluation: [1900/1978]  eta: 0:00:05    time: 0.0676  data: 0.0000  max mem: 2671
      Evaluation: [1977/1978]  eta: 0:00:00    time: 0.0677  data: 0.0000  max mem: 2671
      Evaluation: Total time: 0:02:14 (0.0678 s / it)
     Computing matching score time 0:02:14
### TTA ITM Score: 
+-------------------+--------+--------+--------+--------+--------+
|       epoch       |   R1   |   R5   |  R10   |  mAP   |  mINP  |
+-------------------+--------+--------+--------+--------+--------+
|  cos_sim_wo/norm  | 58.544 | 91.860 | 95.703 | 73.596 | 73.596 |
|        -999       | 69.414 | 95.197 | 97.776 | 81.233 | 81.233 |
| itm_score_wo/norm | 84.328 | 98.989 | 99.494 | 91.293 | 91.293 |
|        -999       | 84.277 | 99.039 | 99.596 | 91.276 | 91.276 |
|         0         | 84.631 | 98.989 | 99.596 | 91.432 | 91.432 |
|         1         | 84.631 | 98.888 | 99.494 | 91.371 | 91.371 |
|         2         | 84.580 | 98.686 | 99.343 | 91.293 | 91.293 |
|         4         | 84.783 | 98.584 | 99.191 | 91.338 | 91.338 |
|         9         | 85.035 | 98.584 | 99.343 | 91.433 | 91.433 |
+-------------------+--------+--------+--------+--------+--------+
     logs:  {'epo': 9, 'R1': 85.035, 'R5': 98.584, 'R10': 99.343, 'mAP': 91.433, 'mINP': 91.433, 'entropy': 0.095585, 'uncertainty': 2.228873, 'uncertainty_coeffi': 0.01, 'loss': 2.273113, 'lr': 0.000488}
      TTA Epoch: [10] [ 0/61]  eta: 0:00:25  entropy: 0.0730  uncertainty: 2.1390  uncertainty_coeffi: 0.0100  loss: 2.1792  lr: 0.000483  time: 0.4103  data: 0.3398  max mem: 2671
      TTA Epoch: [10] [60/61]  eta: 0:00:00  entropy: 0.0070  uncertainty: 2.0666  uncertainty_coeffi: 0.0100  loss: 2.0686  lr: 0.000473  time: 0.0603  data: 0.0001  max mem: 2671
      TTA Epoch: [10] Total time: 0:00:04 (0.0666 s / it)
     Averaged stats: entropy: 0.0867  uncertainty: 2.2322  uncertainty_coeffi: 0.0100  loss: 2.2721  lr: 0.0005
     itm tta time 0:00:04
      TTA Epoch: [11] [ 0/61]  eta: 0:00:30  entropy: 0.0464  uncertainty: 1.9595  uncertainty_coeffi: 0.0100  loss: 2.0004  lr: 0.000473  time: 0.4985  data: 0.3854  max mem: 2671
      TTA Epoch: [11] [60/61]  eta: 0:00:00  entropy: 0.0759  uncertainty: 2.4927  uncertainty_coeffi: 0.0100  loss: 2.5175  lr: 0.000464  time: 0.0597  data: 0.0001  max mem: 2671
      TTA Epoch: [11] Total time: 0:00:04 (0.0675 s / it)
     Averaged stats: entropy: 0.0808  uncertainty: 2.2273  uncertainty_coeffi: 0.0100  loss: 2.2648  lr: 0.0005
     itm tta time 0:00:04
      TTA Epoch: [12] [ 0/61]  eta: 0:00:27  entropy: 0.0875  uncertainty: 2.1593  uncertainty_coeffi: 0.0100  loss: 2.2124  lr: 0.000464  time: 0.4556  data: 0.3639  max mem: 2671
      TTA Epoch: [12] [60/61]  eta: 0:00:00  entropy: 0.0598  uncertainty: 2.1360  uncertainty_coeffi: 0.0100  loss: 2.1660  lr: 0.000455  time: 0.0605  data: 0.0001  max mem: 2671
      TTA Epoch: [12] Total time: 0:00:04 (0.0675 s / it)
     Averaged stats: entropy: 0.0757  uncertainty: 2.2251  uncertainty_coeffi: 0.0100  loss: 2.2598  lr: 0.0005
     itm tta time 0:00:04
      TTA Epoch: [13] [ 0/61]  eta: 0:00:28  entropy: 0.0897  uncertainty: 2.4976  uncertainty_coeffi: 0.0100  loss: 2.5326  lr: 0.000454  time: 0.4669  data: 0.3526  max mem: 2671
      TTA Epoch: [13] [60/61]  eta: 0:00:00  entropy: 0.0883  uncertainty: 2.0687  uncertainty_coeffi: 0.0100  loss: 2.1144  lr: 0.000445  time: 0.0609  data: 0.0001  max mem: 2671
      TTA Epoch: [13] Total time: 0:00:04 (0.0679 s / it)
     Averaged stats: entropy: 0.0684  uncertainty: 2.2215  uncertainty_coeffi: 0.0100  loss: 2.2514  lr: 0.0004
     itm tta time 0:00:04
      TTA Epoch: [14] [ 0/61]  eta: 0:00:27  entropy: 0.0365  uncertainty: 2.2185  uncertainty_coeffi: 0.0100  loss: 2.2430  lr: 0.000445  time: 0.4445  data: 0.3556  max mem: 2671
      TTA Epoch: [14] [60/61]  eta: 0:00:00  entropy: 0.0125  uncertainty: 1.7709  uncertainty_coeffi: 0.0100  loss: 1.7803  lr: 0.000436  time: 0.0607  data: 0.0001  max mem: 2671
      TTA Epoch: [14] Total time: 0:00:04 (0.0673 s / it)
     Averaged stats: entropy: 0.0628  uncertainty: 2.2235  uncertainty_coeffi: 0.0100  loss: 2.2515  lr: 0.0004
     itm tta time 0:00:04
     Computing matching score
      Evaluation: [   0/1978]  eta: 0:02:23    time: 0.0723  data: 0.0035  max mem: 2671
      Evaluation: [ 100/1978]  eta: 0:02:10    time: 0.0692  data: 0.0000  max mem: 2671
      Evaluation: [ 200/1978]  eta: 0:02:02    time: 0.0681  data: 0.0000  max mem: 2671
      Evaluation: [ 300/1978]  eta: 0:01:54    time: 0.0680  data: 0.0000  max mem: 2671
      Evaluation: [ 400/1978]  eta: 0:01:47    time: 0.0679  data: 0.0000  max mem: 2671
      Evaluation: [ 500/1978]  eta: 0:01:40    time: 0.0679  data: 0.0000  max mem: 2671
      Evaluation: [ 600/1978]  eta: 0:01:34    time: 0.0684  data: 0.0000  max mem: 2671
      Evaluation: [ 700/1978]  eta: 0:01:27    time: 0.0681  data: 0.0000  max mem: 2671
      Evaluation: [ 800/1978]  eta: 0:01:20    time: 0.0679  data: 0.0000  max mem: 2671
      Evaluation: [ 900/1978]  eta: 0:01:13    time: 0.0678  data: 0.0000  max mem: 2671
      Evaluation: [1000/1978]  eta: 0:01:06    time: 0.0676  data: 0.0000  max mem: 2671
      Evaluation: [1100/1978]  eta: 0:00:59    time: 0.0677  data: 0.0000  max mem: 2671
      Evaluation: [1200/1978]  eta: 0:00:52    time: 0.0678  data: 0.0000  max mem: 2671
      Evaluation: [1300/1978]  eta: 0:00:46    time: 0.0718  data: 0.0000  max mem: 2671
      Evaluation: [1400/1978]  eta: 0:00:39    time: 0.0679  data: 0.0000  max mem: 2671
      Evaluation: [1500/1978]  eta: 0:00:32    time: 0.0679  data: 0.0000  max mem: 2671
      Evaluation: [1600/1978]  eta: 0:00:25    time: 0.0718  data: 0.0000  max mem: 2671
      Evaluation: [1700/1978]  eta: 0:00:19    time: 0.0699  data: 0.0000  max mem: 2671
      Evaluation: [1800/1978]  eta: 0:00:12    time: 0.0682  data: 0.0000  max mem: 2671
      Evaluation: [1900/1978]  eta: 0:00:05    time: 0.0711  data: 0.0000  max mem: 2671
      Evaluation: [1977/1978]  eta: 0:00:00    time: 0.0679  data: 0.0000  max mem: 2671
      Evaluation: Total time: 0:02:15 (0.0686 s / it)
     Computing matching score time 0:02:15
### TTA ITM Score: 
+-------------------+--------+--------+--------+--------+--------+
|       epoch       |   R1   |   R5   |  R10   |  mAP   |  mINP  |
+-------------------+--------+--------+--------+--------+--------+
|  cos_sim_wo/norm  | 58.544 | 91.860 | 95.703 | 73.596 | 73.596 |
|        -999       | 69.414 | 95.197 | 97.776 | 81.233 | 81.233 |
| itm_score_wo/norm | 84.328 | 98.989 | 99.494 | 91.293 | 91.293 |
|        -999       | 84.277 | 99.039 | 99.596 | 91.276 | 91.276 |
|         0         | 84.631 | 98.989 | 99.596 | 91.432 | 91.432 |
|         1         | 84.631 | 98.888 | 99.494 | 91.371 | 91.371 |
|         2         | 84.580 | 98.686 | 99.343 | 91.293 | 91.293 |
|         4         | 84.783 | 98.584 | 99.191 | 91.338 | 91.338 |
|         9         | 85.035 | 98.584 | 99.343 | 91.433 | 91.433 |
|         14        | 84.429 | 98.534 | 99.393 | 91.107 | 91.107 |
+-------------------+--------+--------+--------+--------+--------+
     logs:  {'epo': 14, 'R1': 84.429, 'R5': 98.534, 'R10': 99.393, 'mAP': 91.107, 'mINP': 91.107, 'entropy': 0.062751, 'uncertainty': 2.223525, 'uncertainty_coeffi': 0.01, 'loss': 2.251535, 'lr': 0.00044}
      TTA Epoch: [15] [ 0/61]  eta: 0:00:36  entropy: 0.0042  uncertainty: 2.3902  uncertainty_coeffi: 0.0100  loss: 2.3933  lr: 0.000435  time: 0.5908  data: 0.4850  max mem: 2671
      TTA Epoch: [15] [60/61]  eta: 0:00:00  entropy: 0.0420  uncertainty: 2.0834  uncertainty_coeffi: 0.0100  loss: 2.1044  lr: 0.000426  time: 0.0615  data: 0.0001  max mem: 2671
      TTA Epoch: [15] Total time: 0:00:04 (0.0706 s / it)
     Averaged stats: entropy: 0.0588  uncertainty: 2.2148  uncertainty_coeffi: 0.0100  loss: 2.2401  lr: 0.0004
     itm tta time 0:00:04
      TTA Epoch: [16] [ 0/61]  eta: 0:00:33  entropy: 0.0608  uncertainty: 2.4132  uncertainty_coeffi: 0.0100  loss: 2.4240  lr: 0.000426  time: 0.5511  data: 0.4700  max mem: 2671
      TTA Epoch: [16] [60/61]  eta: 0:00:00  entropy: 0.0071  uncertainty: 2.2837  uncertainty_coeffi: 0.0100  loss: 2.2891  lr: 0.000417  time: 0.0621  data: 0.0001  max mem: 2671
      TTA Epoch: [16] Total time: 0:00:04 (0.0716 s / it)
     Averaged stats: entropy: 0.0590  uncertainty: 2.2269  uncertainty_coeffi: 0.0100  loss: 2.2516  lr: 0.0004
     itm tta time 0:00:04
      TTA Epoch: [17] [ 0/61]  eta: 0:00:38  entropy: 0.0551  uncertainty: 2.1341  uncertainty_coeffi: 0.0100  loss: 2.1651  lr: 0.000416  time: 0.6244  data: 0.5318  max mem: 2671
      TTA Epoch: [17] [60/61]  eta: 0:00:00  entropy: 0.0522  uncertainty: 1.6610  uncertainty_coeffi: 0.0100  loss: 1.6838  lr: 0.000407  time: 0.0620  data: 0.0001  max mem: 2671
      TTA Epoch: [17] Total time: 0:00:04 (0.0721 s / it)
     Averaged stats: entropy: 0.0554  uncertainty: 2.2173  uncertainty_coeffi: 0.0100  loss: 2.2413  lr: 0.0004
     itm tta time 0:00:04
      TTA Epoch: [18] [ 0/61]  eta: 0:00:38  entropy: 0.1212  uncertainty: 2.6151  uncertainty_coeffi: 0.0100  loss: 2.6657  lr: 0.000407  time: 0.6362  data: 0.5488  max mem: 2671
      TTA Epoch: [18] [60/61]  eta: 0:00:00  entropy: 0.0644  uncertainty: 1.9300  uncertainty_coeffi: 0.0100  loss: 1.9620  lr: 0.000398  time: 0.0625  data: 0.0001  max mem: 2671
      TTA Epoch: [18] Total time: 0:00:04 (0.0725 s / it)
     Averaged stats: entropy: 0.0507  uncertainty: 2.2304  uncertainty_coeffi: 0.0100  loss: 2.2522  lr: 0.0004
     itm tta time 0:00:04
      TTA Epoch: [19] [ 0/61]  eta: 0:00:38  entropy: 0.0205  uncertainty: 2.1348  uncertainty_coeffi: 0.0100  loss: 2.1456  lr: 0.000398  time: 0.6324  data: 0.5404  max mem: 2671
      TTA Epoch: [19] [60/61]  eta: 0:00:00  entropy: 0.0107  uncertainty: 2.0557  uncertainty_coeffi: 0.0100  loss: 2.0582  lr: 0.000388  time: 0.0621  data: 0.0001  max mem: 2671
      TTA Epoch: [19] Total time: 0:00:04 (0.0721 s / it)
     Averaged stats: entropy: 0.0510  uncertainty: 2.2304  uncertainty_coeffi: 0.0100  loss: 2.2509  lr: 0.0004
     itm tta time 0:00:04
     Computing matching score
      Evaluation: [   0/1978]  eta: 0:02:27    time: 0.0744  data: 0.0064  max mem: 2671
      Evaluation: [ 100/1978]  eta: 0:02:08    time: 0.0682  data: 0.0000  max mem: 2671
      Evaluation: [ 200/1978]  eta: 0:02:02    time: 0.0698  data: 0.0000  max mem: 2671
      Evaluation: [ 300/1978]  eta: 0:01:55    time: 0.0681  data: 0.0000  max mem: 2671
      Evaluation: [ 400/1978]  eta: 0:01:48    time: 0.0681  data: 0.0000  max mem: 2671
      Evaluation: [ 500/1978]  eta: 0:01:41    time: 0.0681  data: 0.0000  max mem: 2671
      Evaluation: [ 600/1978]  eta: 0:01:34    time: 0.0680  data: 0.0000  max mem: 2671
      Evaluation: [ 700/1978]  eta: 0:01:27    time: 0.0680  data: 0.0000  max mem: 2671
      Evaluation: [ 800/1978]  eta: 0:01:20    time: 0.0682  data: 0.0000  max mem: 2671
      Evaluation: [ 900/1978]  eta: 0:01:13    time: 0.0680  data: 0.0000  max mem: 2671
      Evaluation: [1000/1978]  eta: 0:01:06    time: 0.0679  data: 0.0000  max mem: 2671
      Evaluation: [1100/1978]  eta: 0:00:59    time: 0.0678  data: 0.0000  max mem: 2671
      Evaluation: [1200/1978]  eta: 0:00:53    time: 0.0680  data: 0.0000  max mem: 2671
      Evaluation: [1300/1978]  eta: 0:00:46    time: 0.0679  data: 0.0000  max mem: 2671
      Evaluation: [1400/1978]  eta: 0:00:39    time: 0.0678  data: 0.0000  max mem: 2671
      Evaluation: [1500/1978]  eta: 0:00:32    time: 0.0679  data: 0.0000  max mem: 2671
      Evaluation: [1600/1978]  eta: 0:00:25    time: 0.0678  data: 0.0000  max mem: 2671
      Evaluation: [1700/1978]  eta: 0:00:18    time: 0.0680  data: 0.0000  max mem: 2671
      Evaluation: [1800/1978]  eta: 0:00:12    time: 0.0682  data: 0.0000  max mem: 2671
      Evaluation: [1900/1978]  eta: 0:00:05    time: 0.0685  data: 0.0000  max mem: 2671
      Evaluation: [1977/1978]  eta: 0:00:00    time: 0.0679  data: 0.0000  max mem: 2671
      Evaluation: Total time: 0:02:14 (0.0681 s / it)
     Computing matching score time 0:02:14
### TTA ITM Score: 
+-------------------+--------+--------+--------+--------+--------+
|       epoch       |   R1   |   R5   |  R10   |  mAP   |  mINP  |
+-------------------+--------+--------+--------+--------+--------+
|  cos_sim_wo/norm  | 58.544 | 91.860 | 95.703 | 73.596 | 73.596 |
|        -999       | 69.414 | 95.197 | 97.776 | 81.233 | 81.233 |
| itm_score_wo/norm | 84.328 | 98.989 | 99.494 | 91.293 | 91.293 |
|        -999       | 84.277 | 99.039 | 99.596 | 91.276 | 91.276 |
|         0         | 84.631 | 98.989 | 99.596 | 91.432 | 91.432 |
|         1         | 84.631 | 98.888 | 99.494 | 91.371 | 91.371 |
|         2         | 84.580 | 98.686 | 99.343 | 91.293 | 91.293 |
|         4         | 84.783 | 98.584 | 99.191 | 91.338 | 91.338 |
|         9         | 85.035 | 98.584 | 99.343 | 91.433 | 91.433 |
|         14        | 84.429 | 98.534 | 99.393 | 91.107 | 91.107 |
|         19        | 84.580 | 98.534 | 99.292 | 91.177 | 91.177 |
+-------------------+--------+--------+--------+--------+--------+
     logs:  {'epo': 19, 'R1': 84.58, 'R5': 98.534, 'R10': 99.292, 'mAP': 91.177, 'mINP': 91.177, 'entropy': 0.051015, 'uncertainty': 2.230403, 'uncertainty_coeffi': 0.01, 'loss': 2.25093, 'lr': 0.000393}
      TTA Epoch: [20] [ 0/61]  eta: 0:00:28  entropy: 0.0652  uncertainty: 1.9055  uncertainty_coeffi: 0.0100  loss: 1.9260  lr: 0.000388  time: 0.4725  data: 0.3858  max mem: 2671
      TTA Epoch: [20] [60/61]  eta: 0:00:00  entropy: 0.0793  uncertainty: 1.9697  uncertainty_coeffi: 0.0100  loss: 2.0048  lr: 0.000379  time: 0.0611  data: 0.0001  max mem: 2671
      TTA Epoch: [20] Total time: 0:00:04 (0.0686 s / it)
     Averaged stats: entropy: 0.0464  uncertainty: 2.2145  uncertainty_coeffi: 0.0100  loss: 2.2338  lr: 0.0004
     itm tta time 0:00:04
      TTA Epoch: [21] [ 0/61]  eta: 0:00:26  entropy: 0.0799  uncertainty: 2.1407  uncertainty_coeffi: 0.0100  loss: 2.1723  lr: 0.000379  time: 0.4351  data: 0.3516  max mem: 2671
      TTA Epoch: [21] [60/61]  eta: 0:00:00  entropy: 0.0327  uncertainty: 2.7638  uncertainty_coeffi: 0.0100  loss: 2.7868  lr: 0.000369  time: 0.0611  data: 0.0001  max mem: 2671
      TTA Epoch: [21] Total time: 0:00:04 (0.0681 s / it)
     Averaged stats: entropy: 0.0435  uncertainty: 2.2253  uncertainty_coeffi: 0.0100  loss: 2.2443  lr: 0.0004
     itm tta time 0:00:04
      TTA Epoch: [22] [ 0/61]  eta: 0:00:33  entropy: 0.0367  uncertainty: 1.9282  uncertainty_coeffi: 0.0100  loss: 1.9343  lr: 0.000369  time: 0.5570  data: 0.4377  max mem: 2671
      TTA Epoch: [22] [60/61]  eta: 0:00:00  entropy: 0.0166  uncertainty: 1.9843  uncertainty_coeffi: 0.0100  loss: 1.9918  lr: 0.000360  time: 0.0612  data: 0.0001  max mem: 2671
      TTA Epoch: [22] Total time: 0:00:04 (0.0706 s / it)
     Averaged stats: entropy: 0.0464  uncertainty: 2.2197  uncertainty_coeffi: 0.0100  loss: 2.2396  lr: 0.0004
     itm tta time 0:00:04
      TTA Epoch: [23] [ 0/61]  eta: 0:00:26  entropy: 0.0569  uncertainty: 2.3421  uncertainty_coeffi: 0.0100  loss: 2.3735  lr: 0.000360  time: 0.4411  data: 0.3640  max mem: 2671
      TTA Epoch: [23] [60/61]  eta: 0:00:00  entropy: 0.0531  uncertainty: 2.1875  uncertainty_coeffi: 0.0100  loss: 2.2210  lr: 0.000350  time: 0.0611  data: 0.0001  max mem: 2671
      TTA Epoch: [23] Total time: 0:00:04 (0.0683 s / it)
     Averaged stats: entropy: 0.0438  uncertainty: 2.2147  uncertainty_coeffi: 0.0100  loss: 2.2316  lr: 0.0004
     itm tta time 0:00:04
      TTA Epoch: [24] [ 0/61]  eta: 0:00:29  entropy: 0.1187  uncertainty: 2.6128  uncertainty_coeffi: 0.0100  loss: 2.6517  lr: 0.000350  time: 0.4862  data: 0.4081  max mem: 2671
      TTA Epoch: [24] [60/61]  eta: 0:00:00  entropy: 0.0638  uncertainty: 2.5606  uncertainty_coeffi: 0.0100  loss: 2.5854  lr: 0.000341  time: 0.0620  data: 0.0001  max mem: 2671
      TTA Epoch: [24] Total time: 0:00:04 (0.0697 s / it)
     Averaged stats: entropy: 0.0405  uncertainty: 2.2273  uncertainty_coeffi: 0.0100  loss: 2.2460  lr: 0.0003
     itm tta time 0:00:04
      TTA Epoch: [25] [ 0/61]  eta: 0:00:36  entropy: 0.0392  uncertainty: 2.0063  uncertainty_coeffi: 0.0100  loss: 2.0231  lr: 0.000341  time: 0.5924  data: 0.4727  max mem: 2671
      TTA Epoch: [25] [60/61]  eta: 0:00:00  entropy: 0.0126  uncertainty: 1.8903  uncertainty_coeffi: 0.0100  loss: 1.8985  lr: 0.000331  time: 0.0621  data: 0.0001  max mem: 2671
      TTA Epoch: [25] Total time: 0:00:04 (0.0716 s / it)
     Averaged stats: entropy: 0.0407  uncertainty: 2.2205  uncertainty_coeffi: 0.0100  loss: 2.2369  lr: 0.0003
     itm tta time 0:00:04
      TTA Epoch: [26] [ 0/61]  eta: 0:00:36  entropy: 0.0287  uncertainty: 2.0514  uncertainty_coeffi: 0.0100  loss: 2.0606  lr: 0.000331  time: 0.6047  data: 0.4882  max mem: 2671
      TTA Epoch: [26] [60/61]  eta: 0:00:00  entropy: 0.0021  uncertainty: 2.3290  uncertainty_coeffi: 0.0100  loss: 2.3293  lr: 0.000322  time: 0.0622  data: 0.0001  max mem: 2671
      TTA Epoch: [26] Total time: 0:00:04 (0.0722 s / it)
     Averaged stats: entropy: 0.0379  uncertainty: 2.2187  uncertainty_coeffi: 0.0100  loss: 2.2348  lr: 0.0003
     itm tta time 0:00:04
      TTA Epoch: [27] [ 0/61]  eta: 0:00:40  entropy: 0.0302  uncertainty: 2.4429  uncertainty_coeffi: 0.0100  loss: 2.4508  lr: 0.000322  time: 0.6564  data: 0.5421  max mem: 2671
      TTA Epoch: [27] [60/61]  eta: 0:00:00  entropy: 0.0140  uncertainty: 2.3020  uncertainty_coeffi: 0.0100  loss: 2.3058  lr: 0.000312  time: 0.0619  data: 0.0001  max mem: 2671
      TTA Epoch: [27] Total time: 0:00:04 (0.0722 s / it)
     Averaged stats: entropy: 0.0417  uncertainty: 2.2182  uncertainty_coeffi: 0.0100  loss: 2.2349  lr: 0.0003
     itm tta time 0:00:04
      TTA Epoch: [28] [ 0/61]  eta: 0:00:40  entropy: 0.0869  uncertainty: 1.8976  uncertainty_coeffi: 0.0100  loss: 1.9411  lr: 0.000312  time: 0.6663  data: 0.5700  max mem: 2671
      TTA Epoch: [28] [60/61]  eta: 0:00:00  entropy: 0.0348  uncertainty: 2.6270  uncertainty_coeffi: 0.0100  loss: 2.6334  lr: 0.000303  time: 0.0620  data: 0.0001  max mem: 2671
      TTA Epoch: [28] Total time: 0:00:04 (0.0727 s / it)
     Averaged stats: entropy: 0.0362  uncertainty: 2.2253  uncertainty_coeffi: 0.0100  loss: 2.2412  lr: 0.0003
     itm tta time 0:00:04
      TTA Epoch: [29] [ 0/61]  eta: 0:00:40  entropy: 0.0354  uncertainty: 2.2945  uncertainty_coeffi: 0.0100  loss: 2.3117  lr: 0.000303  time: 0.6703  data: 0.5533  max mem: 2671
      TTA Epoch: [29] [60/61]  eta: 0:00:00  entropy: 0.0475  uncertainty: 2.2484  uncertainty_coeffi: 0.0100  loss: 2.2600  lr: 0.000293  time: 0.0619  data: 0.0001  max mem: 2671
      TTA Epoch: [29] Total time: 0:00:04 (0.0726 s / it)
     Averaged stats: entropy: 0.0380  uncertainty: 2.2183  uncertainty_coeffi: 0.0100  loss: 2.2345  lr: 0.0003
     itm tta time 0:00:04
     Computing matching score
      Evaluation: [   0/1978]  eta: 0:02:27    time: 0.0747  data: 0.0045  max mem: 2671
      Evaluation: [ 100/1978]  eta: 0:02:10    time: 0.0683  data: 0.0000  max mem: 2671
      Evaluation: [ 200/1978]  eta: 0:02:02    time: 0.0682  data: 0.0000  max mem: 2671
      Evaluation: [ 300/1978]  eta: 0:01:54    time: 0.0679  data: 0.0000  max mem: 2671
      Evaluation: [ 400/1978]  eta: 0:01:47    time: 0.0684  data: 0.0000  max mem: 2671
      Evaluation: [ 500/1978]  eta: 0:01:42    time: 0.0721  data: 0.0000  max mem: 2671
      Evaluation: [ 600/1978]  eta: 0:01:35    time: 0.0682  data: 0.0000  max mem: 2671
      Evaluation: [ 700/1978]  eta: 0:01:28    time: 0.0680  data: 0.0000  max mem: 2671
      Evaluation: [ 800/1978]  eta: 0:01:21    time: 0.0684  data: 0.0000  max mem: 2671
      Evaluation: [ 900/1978]  eta: 0:01:14    time: 0.0717  data: 0.0000  max mem: 2671
      Evaluation: [1000/1978]  eta: 0:01:07    time: 0.0681  data: 0.0000  max mem: 2671
      Evaluation: [1100/1978]  eta: 0:01:00    time: 0.0680  data: 0.0000  max mem: 2671
      Evaluation: [1200/1978]  eta: 0:00:53    time: 0.0680  data: 0.0000  max mem: 2671
      Evaluation: [1300/1978]  eta: 0:00:46    time: 0.0697  data: 0.0000  max mem: 2671
      Evaluation: [1400/1978]  eta: 0:00:39    time: 0.0685  data: 0.0000  max mem: 2671
      Evaluation: [1500/1978]  eta: 0:00:32    time: 0.0686  data: 0.0000  max mem: 2671
      Evaluation: [1600/1978]  eta: 0:00:25    time: 0.0684  data: 0.0000  max mem: 2671
      Evaluation: [1700/1978]  eta: 0:00:19    time: 0.0681  data: 0.0000  max mem: 2671
      Evaluation: [1800/1978]  eta: 0:00:12    time: 0.0683  data: 0.0000  max mem: 2671
      Evaluation: [1900/1978]  eta: 0:00:05    time: 0.0686  data: 0.0000  max mem: 2671
      Evaluation: [1977/1978]  eta: 0:00:00    time: 0.0686  data: 0.0000  max mem: 2671
      Evaluation: Total time: 0:02:15 (0.0686 s / it)
     Computing matching score time 0:02:15
### TTA ITM Score: 
+-------------------+--------+--------+--------+--------+--------+
|       epoch       |   R1   |   R5   |  R10   |  mAP   |  mINP  |
+-------------------+--------+--------+--------+--------+--------+
|  cos_sim_wo/norm  | 58.544 | 91.860 | 95.703 | 73.596 | 73.596 |
|        -999       | 69.414 | 95.197 | 97.776 | 81.233 | 81.233 |
| itm_score_wo/norm | 84.328 | 98.989 | 99.494 | 91.293 | 91.293 |
|        -999       | 84.277 | 99.039 | 99.596 | 91.276 | 91.276 |
|         0         | 84.631 | 98.989 | 99.596 | 91.432 | 91.432 |
|         1         | 84.631 | 98.888 | 99.494 | 91.371 | 91.371 |
|         2         | 84.580 | 98.686 | 99.343 | 91.293 | 91.293 |
|         4         | 84.783 | 98.584 | 99.191 | 91.338 | 91.338 |
|         9         | 85.035 | 98.584 | 99.343 | 91.433 | 91.433 |
|         14        | 84.429 | 98.534 | 99.393 | 91.107 | 91.107 |
|         19        | 84.580 | 98.534 | 99.292 | 91.177 | 91.177 |
|         29        | 84.125 | 98.635 | 99.141 | 90.914 | 90.914 |
+-------------------+--------+--------+--------+--------+--------+
     logs:  {'epo': 29, 'R1': 84.125, 'R5': 98.635, 'R10': 99.141, 'mAP': 90.914, 'mINP': 90.914, 'entropy': 0.038041, 'uncertainty': 2.21825, 'uncertainty_coeffi': 0.01, 'loss': 2.234475, 'lr': 0.000298}
      TTA Epoch: [30] [ 0/61]  eta: 0:00:32  entropy: 0.0383  uncertainty: 2.6460  uncertainty_coeffi: 0.0100  loss: 2.6528  lr: 0.000293  time: 0.5314  data: 0.4379  max mem: 2671
      TTA Epoch: [30] [60/61]  eta: 0:00:00  entropy: 0.0244  uncertainty: 2.8628  uncertainty_coeffi: 0.0100  loss: 2.8692  lr: 0.000284  time: 0.0606  data: 0.0001  max mem: 2671
      TTA Epoch: [30] Total time: 0:00:04 (0.0688 s / it)
     Averaged stats: entropy: 0.0351  uncertainty: 2.2233  uncertainty_coeffi: 0.0100  loss: 2.2380  lr: 0.0003
     itm tta time 0:00:04
      TTA Epoch: [31] [ 0/61]  eta: 0:00:40  entropy: 0.0389  uncertainty: 2.3392  uncertainty_coeffi: 0.0100  loss: 2.3517  lr: 0.000284  time: 0.6694  data: 0.5569  max mem: 2671
      TTA Epoch: [31] [60/61]  eta: 0:00:00  entropy: 0.0004  uncertainty: 2.0486  uncertainty_coeffi: 0.0100  loss: 2.0487  lr: 0.000275  time: 0.0618  data: 0.0001  max mem: 2671
      TTA Epoch: [31] Total time: 0:00:04 (0.0718 s / it)
     Averaged stats: entropy: 0.0361  uncertainty: 2.2157  uncertainty_coeffi: 0.0100  loss: 2.2316  lr: 0.0003
     itm tta time 0:00:04
      TTA Epoch: [32] [ 0/61]  eta: 0:00:40  entropy: 0.0250  uncertainty: 2.7152  uncertainty_coeffi: 0.0100  loss: 2.7325  lr: 0.000274  time: 0.6720  data: 0.5741  max mem: 2671
      TTA Epoch: [32] [60/61]  eta: 0:00:00  entropy: 0.0026  uncertainty: 2.1611  uncertainty_coeffi: 0.0100  loss: 2.1618  lr: 0.000133  time: 0.0610  data: 0.0001  max mem: 2671
      TTA Epoch: [32] Total time: 0:00:04 (0.0715 s / it)
     Averaged stats: entropy: 0.0336  uncertainty: 2.2179  uncertainty_coeffi: 0.0100  loss: 2.2322  lr: 0.0002
     itm tta time 0:00:04
      TTA Epoch: [33] [ 0/61]  eta: 0:00:35  entropy: 0.0291  uncertainty: 2.1110  uncertainty_coeffi: 0.0100  loss: 2.1268  lr: 0.000132  time: 0.5819  data: 0.4661  max mem: 2671
      TTA Epoch: [33] [60/61]  eta: 0:00:00  entropy: 0.0013  uncertainty: 2.2857  uncertainty_coeffi: 0.0100  loss: 2.2861  lr: 0.000128  time: 0.0618  data: 0.0001  max mem: 2671
      TTA Epoch: [33] Total time: 0:00:04 (0.0708 s / it)
     Averaged stats: entropy: 0.0329  uncertainty: 2.2131  uncertainty_coeffi: 0.0100  loss: 2.2271  lr: 0.0001
     itm tta time 0:00:04
      TTA Epoch: [34] [ 0/61]  eta: 0:00:37  entropy: 0.0505  uncertainty: 1.8855  uncertainty_coeffi: 0.0100  loss: 1.8988  lr: 0.000128  time: 0.6198  data: 0.5022  max mem: 2671
      TTA Epoch: [34] [60/61]  eta: 0:00:00  entropy: 0.0044  uncertainty: 2.1135  uncertainty_coeffi: 0.0100  loss: 2.1146  lr: 0.000123  time: 0.0622  data: 0.0001  max mem: 2671
      TTA Epoch: [34] Total time: 0:00:04 (0.0721 s / it)
     Averaged stats: entropy: 0.0309  uncertainty: 2.2118  uncertainty_coeffi: 0.0100  loss: 2.2253  lr: 0.0001
     itm tta time 0:00:04
      TTA Epoch: [35] [ 0/61]  eta: 0:00:37  entropy: 0.0129  uncertainty: 2.6865  uncertainty_coeffi: 0.0100  loss: 2.6951  lr: 0.000123  time: 0.6129  data: 0.5097  max mem: 2671
      TTA Epoch: [35] [60/61]  eta: 0:00:00  entropy: 0.0464  uncertainty: 2.7296  uncertainty_coeffi: 0.0100  loss: 2.7504  lr: 0.000118  time: 0.0622  data: 0.0001  max mem: 2671
      TTA Epoch: [35] Total time: 0:00:04 (0.0723 s / it)
     Averaged stats: entropy: 0.0298  uncertainty: 2.2258  uncertainty_coeffi: 0.0100  loss: 2.2375  lr: 0.0001
     itm tta time 0:00:04
      TTA Epoch: [36] [ 0/61]  eta: 0:00:33  entropy: 0.0157  uncertainty: 2.0650  uncertainty_coeffi: 0.0100  loss: 2.0744  lr: 0.000118  time: 0.5525  data: 0.4718  max mem: 2671
      TTA Epoch: [36] [60/61]  eta: 0:00:00  entropy: 0.0235  uncertainty: 2.3693  uncertainty_coeffi: 0.0100  loss: 2.3887  lr: 0.000114  time: 0.0619  data: 0.0001  max mem: 2671
      TTA Epoch: [36] Total time: 0:00:04 (0.0705 s / it)
     Averaged stats: entropy: 0.0283  uncertainty: 2.2140  uncertainty_coeffi: 0.0100  loss: 2.2257  lr: 0.0001
     itm tta time 0:00:04
      TTA Epoch: [37] [ 0/61]  eta: 0:00:39  entropy: 0.0052  uncertainty: 2.1477  uncertainty_coeffi: 0.0100  loss: 2.1486  lr: 0.000114  time: 0.6506  data: 0.5301  max mem: 2671
      TTA Epoch: [37] [60/61]  eta: 0:00:00  entropy: 0.0042  uncertainty: 2.5229  uncertainty_coeffi: 0.0100  loss: 2.5242  lr: 0.000109  time: 0.0620  data: 0.0001  max mem: 2671
      TTA Epoch: [37] Total time: 0:00:04 (0.0722 s / it)
     Averaged stats: entropy: 0.0327  uncertainty: 2.2244  uncertainty_coeffi: 0.0100  loss: 2.2382  lr: 0.0001
     itm tta time 0:00:04
      TTA Epoch: [38] [ 0/61]  eta: 0:00:35  entropy: 0.0093  uncertainty: 1.7901  uncertainty_coeffi: 0.0100  loss: 1.7938  lr: 0.000109  time: 0.5818  data: 0.5040  max mem: 2671
      TTA Epoch: [38] [60/61]  eta: 0:00:00  entropy: 0.0144  uncertainty: 2.4969  uncertainty_coeffi: 0.0100  loss: 2.5001  lr: 0.000104  time: 0.0611  data: 0.0001  max mem: 2671
      TTA Epoch: [38] Total time: 0:00:04 (0.0711 s / it)
     Averaged stats: entropy: 0.0290  uncertainty: 2.2242  uncertainty_coeffi: 0.0100  loss: 2.2364  lr: 0.0001
     itm tta time 0:00:04
      TTA Epoch: [39] [ 0/61]  eta: 0:00:27  entropy: 0.0020  uncertainty: 2.1707  uncertainty_coeffi: 0.0100  loss: 2.1713  lr: 0.000104  time: 0.4587  data: 0.3536  max mem: 2671
      TTA Epoch: [39] [60/61]  eta: 0:00:00  entropy: 0.0472  uncertainty: 1.7884  uncertainty_coeffi: 0.0100  loss: 1.7994  lr: 0.000099  time: 0.0623  data: 0.0001  max mem: 2671
      TTA Epoch: [39] Total time: 0:00:04 (0.0695 s / it)
     Averaged stats: entropy: 0.0327  uncertainty: 2.2196  uncertainty_coeffi: 0.0100  loss: 2.2331  lr: 0.0001
     itm tta time 0:00:04
     Computing matching score
      Evaluation: [   0/1978]  eta: 0:02:28    time: 0.0752  data: 0.0077  max mem: 2671
      Evaluation: [ 100/1978]  eta: 0:02:08    time: 0.0684  data: 0.0000  max mem: 2671
      Evaluation: [ 200/1978]  eta: 0:02:02    time: 0.0715  data: 0.0000  max mem: 2671
      Evaluation: [ 300/1978]  eta: 0:01:55    time: 0.0680  data: 0.0000  max mem: 2671
      Evaluation: [ 400/1978]  eta: 0:01:48    time: 0.0679  data: 0.0000  max mem: 2671
      Evaluation: [ 500/1978]  eta: 0:01:41    time: 0.0676  data: 0.0000  max mem: 2671
      Evaluation: [ 600/1978]  eta: 0:01:34    time: 0.0677  data: 0.0000  max mem: 2671
      Evaluation: [ 700/1978]  eta: 0:01:27    time: 0.0681  data: 0.0000  max mem: 2671
      Evaluation: [ 800/1978]  eta: 0:01:20    time: 0.0682  data: 0.0000  max mem: 2671
      Evaluation: [ 900/1978]  eta: 0:01:13    time: 0.0682  data: 0.0000  max mem: 2671
      Evaluation: [1000/1978]  eta: 0:01:07    time: 0.0716  data: 0.0000  max mem: 2671
      Evaluation: [1100/1978]  eta: 0:01:00    time: 0.0680  data: 0.0000  max mem: 2671
      Evaluation: [1200/1978]  eta: 0:00:53    time: 0.0680  data: 0.0000  max mem: 2671
      Evaluation: [1300/1978]  eta: 0:00:46    time: 0.0682  data: 0.0000  max mem: 2671
      Evaluation: [1400/1978]  eta: 0:00:39    time: 0.0682  data: 0.0000  max mem: 2671
      Evaluation: [1500/1978]  eta: 0:00:32    time: 0.0681  data: 0.0000  max mem: 2671
      Evaluation: [1600/1978]  eta: 0:00:25    time: 0.0681  data: 0.0000  max mem: 2671
      Evaluation: [1700/1978]  eta: 0:00:19    time: 0.0682  data: 0.0000  max mem: 2671
      Evaluation: [1800/1978]  eta: 0:00:12    time: 0.0681  data: 0.0000  max mem: 2671
      Evaluation: [1900/1978]  eta: 0:00:05    time: 0.0682  data: 0.0000  max mem: 2671
      Evaluation: [1977/1978]  eta: 0:00:00    time: 0.0682  data: 0.0000  max mem: 2671
      Evaluation: Total time: 0:02:15 (0.0684 s / it)
     Computing matching score time 0:02:15
### TTA ITM Score: 
+-------------------+--------+--------+--------+--------+--------+
|       epoch       |   R1   |   R5   |  R10   |  mAP   |  mINP  |
+-------------------+--------+--------+--------+--------+--------+
|  cos_sim_wo/norm  | 58.544 | 91.860 | 95.703 | 73.596 | 73.596 |
|        -999       | 69.414 | 95.197 | 97.776 | 81.233 | 81.233 |
| itm_score_wo/norm | 84.328 | 98.989 | 99.494 | 91.293 | 91.293 |
|        -999       | 84.277 | 99.039 | 99.596 | 91.276 | 91.276 |
|         0         | 84.631 | 98.989 | 99.596 | 91.432 | 91.432 |
|         1         | 84.631 | 98.888 | 99.494 | 91.371 | 91.371 |
|         2         | 84.580 | 98.686 | 99.343 | 91.293 | 91.293 |
|         4         | 84.783 | 98.584 | 99.191 | 91.338 | 91.338 |
|         9         | 85.035 | 98.584 | 99.343 | 91.433 | 91.433 |
|         14        | 84.429 | 98.534 | 99.393 | 91.107 | 91.107 |
|         19        | 84.580 | 98.534 | 99.292 | 91.177 | 91.177 |
|         29        | 84.125 | 98.635 | 99.141 | 90.914 | 90.914 |
|         39        | 84.328 | 98.635 | 99.141 | 91.057 | 91.057 |
+-------------------+--------+--------+--------+--------+--------+
     logs:  {'epo': 39, 'R1': 84.328, 'R5': 98.635, 'R10': 99.141, 'mAP': 91.057, 'mINP': 91.057, 'entropy': 0.032705, 'uncertainty': 2.21958, 'uncertainty_coeffi': 0.01, 'loss': 2.233062, 'lr': 0.000102}
      TTA Epoch: [40] [ 0/61]  eta: 0:00:32  entropy: 0.0579  uncertainty: 2.5705  uncertainty_coeffi: 0.0100  loss: 2.5947  lr: 0.000099  time: 0.5249  data: 0.4349  max mem: 2671
      TTA Epoch: [40] [60/61]  eta: 0:00:00  entropy: 0.0347  uncertainty: 2.4281  uncertainty_coeffi: 0.0100  loss: 2.4376  lr: 0.000095  time: 0.0612  data: 0.0001  max mem: 2671
      TTA Epoch: [40] Total time: 0:00:04 (0.0695 s / it)
     Averaged stats: entropy: 0.0291  uncertainty: 2.2254  uncertainty_coeffi: 0.0100  loss: 2.2378  lr: 0.0001
     itm tta time 0:00:04
      TTA Epoch: [41] [ 0/61]  eta: 0:00:30  entropy: 0.0498  uncertainty: 1.8657  uncertainty_coeffi: 0.0100  loss: 1.8995  lr: 0.000095  time: 0.5060  data: 0.4120  max mem: 2671
      TTA Epoch: [41] [60/61]  eta: 0:00:00  entropy: 0.0274  uncertainty: 2.1270  uncertainty_coeffi: 0.0100  loss: 2.1370  lr: 0.000090  time: 0.0610  data: 0.0001  max mem: 2671
      TTA Epoch: [41] Total time: 0:00:04 (0.0691 s / it)
     Averaged stats: entropy: 0.0365  uncertainty: 2.2160  uncertainty_coeffi: 0.0100  loss: 2.2320  lr: 0.0001
     itm tta time 0:00:04
      TTA Epoch: [42] [ 0/61]  eta: 0:00:32  entropy: 0.0239  uncertainty: 2.3223  uncertainty_coeffi: 0.0100  loss: 2.3399  lr: 0.000090  time: 0.5300  data: 0.4318  max mem: 2671
      TTA Epoch: [42] [60/61]  eta: 0:00:00  entropy: 0.0298  uncertainty: 1.8406  uncertainty_coeffi: 0.0100  loss: 1.8476  lr: 0.000085  time: 0.0611  data: 0.0001  max mem: 2671
      TTA Epoch: [42] Total time: 0:00:04 (0.0698 s / it)
     Averaged stats: entropy: 0.0314  uncertainty: 2.2219  uncertainty_coeffi: 0.0100  loss: 2.2349  lr: 0.0001
     itm tta time 0:00:04
      TTA Epoch: [43] [ 0/61]  eta: 0:00:30  entropy: 0.0030  uncertainty: 2.3599  uncertainty_coeffi: 0.0100  loss: 2.3605  lr: 0.000085  time: 0.4939  data: 0.4080  max mem: 2671
      TTA Epoch: [43] [60/61]  eta: 0:00:00  entropy: 0.0000  uncertainty: 1.7770  uncertainty_coeffi: 0.0100  loss: 1.7770  lr: 0.000080  time: 0.0610  data: 0.0001  max mem: 2671
      TTA Epoch: [43] Total time: 0:00:04 (0.0696 s / it)
     Averaged stats: entropy: 0.0287  uncertainty: 2.2165  uncertainty_coeffi: 0.0100  loss: 2.2277  lr: 0.0001
     itm tta time 0:00:04
      TTA Epoch: [44] [ 0/61]  eta: 0:00:31  entropy: 0.0213  uncertainty: 2.1977  uncertainty_coeffi: 0.0100  loss: 2.2053  lr: 0.000080  time: 0.5233  data: 0.4266  max mem: 2671
      TTA Epoch: [44] [60/61]  eta: 0:00:00  entropy: 0.0260  uncertainty: 2.5352  uncertainty_coeffi: 0.0100  loss: 2.5388  lr: 0.000076  time: 0.0609  data: 0.0001  max mem: 2671
      TTA Epoch: [44] Total time: 0:00:04 (0.0702 s / it)
     Averaged stats: entropy: 0.0312  uncertainty: 2.2212  uncertainty_coeffi: 0.0100  loss: 2.2334  lr: 0.0001
     itm tta time 0:00:04
      TTA Epoch: [45] [ 0/61]  eta: 0:00:32  entropy: 0.0333  uncertainty: 2.1992  uncertainty_coeffi: 0.0100  loss: 2.2154  lr: 0.000076  time: 0.5347  data: 0.4197  max mem: 2671
      TTA Epoch: [45] [60/61]  eta: 0:00:00  entropy: 0.0408  uncertainty: 2.2271  uncertainty_coeffi: 0.0100  loss: 2.2490  lr: 0.000071  time: 0.0613  data: 0.0001  max mem: 2671
      TTA Epoch: [45] Total time: 0:00:04 (0.0700 s / it)
     Averaged stats: entropy: 0.0255  uncertainty: 2.2262  uncertainty_coeffi: 0.0100  loss: 2.2368  lr: 0.0001
     itm tta time 0:00:04
      TTA Epoch: [46] [ 0/61]  eta: 0:00:29  entropy: 0.0175  uncertainty: 2.1420  uncertainty_coeffi: 0.0100  loss: 2.1536  lr: 0.000071  time: 0.4914  data: 0.3952  max mem: 2671
      TTA Epoch: [46] [60/61]  eta: 0:00:00  entropy: 0.0000  uncertainty: 1.8482  uncertainty_coeffi: 0.0100  loss: 1.8482  lr: 0.000066  time: 0.0612  data: 0.0001  max mem: 2671
      TTA Epoch: [46] Total time: 0:00:04 (0.0692 s / it)
     Averaged stats: entropy: 0.0274  uncertainty: 2.2199  uncertainty_coeffi: 0.0100  loss: 2.2308  lr: 0.0001
     itm tta time 0:00:04
      TTA Epoch: [47] [ 0/61]  eta: 0:00:30  entropy: 0.0604  uncertainty: 1.9122  uncertainty_coeffi: 0.0100  loss: 1.9428  lr: 0.000066  time: 0.5008  data: 0.3936  max mem: 2671
      TTA Epoch: [47] [60/61]  eta: 0:00:00  entropy: 0.0113  uncertainty: 2.0891  uncertainty_coeffi: 0.0100  loss: 2.0907  lr: 0.000061  time: 0.0601  data: 0.0001  max mem: 2671
      TTA Epoch: [47] Total time: 0:00:04 (0.0683 s / it)
     Averaged stats: entropy: 0.0295  uncertainty: 2.2263  uncertainty_coeffi: 0.0100  loss: 2.2381  lr: 0.0001
     itm tta time 0:00:04
      TTA Epoch: [48] [ 0/61]  eta: 0:00:29  entropy: 0.0360  uncertainty: 2.5880  uncertainty_coeffi: 0.0100  loss: 2.6006  lr: 0.000061  time: 0.4783  data: 0.3871  max mem: 2671
      TTA Epoch: [48] [60/61]  eta: 0:00:00  entropy: 0.0248  uncertainty: 2.7627  uncertainty_coeffi: 0.0100  loss: 2.7667  lr: 0.000057  time: 0.0613  data: 0.0001  max mem: 2671
      TTA Epoch: [48] Total time: 0:00:04 (0.0691 s / it)
     Averaged stats: entropy: 0.0282  uncertainty: 2.2277  uncertainty_coeffi: 0.0100  loss: 2.2393  lr: 0.0001
     itm tta time 0:00:04
      TTA Epoch: [49] [ 0/61]  eta: 0:00:31  entropy: 0.0038  uncertainty: 1.6984  uncertainty_coeffi: 0.0100  loss: 1.7005  lr: 0.000057  time: 0.5085  data: 0.4080  max mem: 2671
      TTA Epoch: [49] [60/61]  eta: 0:00:00  entropy: 0.0159  uncertainty: 2.4439  uncertainty_coeffi: 0.0100  loss: 2.4512  lr: 0.000052  time: 0.0621  data: 0.0001  max mem: 2671
      TTA Epoch: [49] Total time: 0:00:04 (0.0707 s / it)
     Averaged stats: entropy: 0.0311  uncertainty: 2.2248  uncertainty_coeffi: 0.0100  loss: 2.2380  lr: 0.0001
     itm tta time 0:00:04
     Computing matching score
      Evaluation: [   0/1978]  eta: 0:02:29    time: 0.0754  data: 0.0038  max mem: 2671
      Evaluation: [ 100/1978]  eta: 0:02:10    time: 0.0679  data: 0.0000  max mem: 2671
      Evaluation: [ 200/1978]  eta: 0:02:03    time: 0.0718  data: 0.0000  max mem: 2671
      Evaluation: [ 300/1978]  eta: 0:01:56    time: 0.0679  data: 0.0000  max mem: 2671
      Evaluation: [ 400/1978]  eta: 0:01:48    time: 0.0678  data: 0.0000  max mem: 2671
      Evaluation: [ 500/1978]  eta: 0:01:41    time: 0.0678  data: 0.0000  max mem: 2671
      Evaluation: [ 600/1978]  eta: 0:01:34    time: 0.0680  data: 0.0000  max mem: 2671
      Evaluation: [ 700/1978]  eta: 0:01:27    time: 0.0684  data: 0.0000  max mem: 2671
      Evaluation: [ 800/1978]  eta: 0:01:20    time: 0.0682  data: 0.0000  max mem: 2671
      Evaluation: [ 900/1978]  eta: 0:01:13    time: 0.0683  data: 0.0000  max mem: 2671
      Evaluation: [1000/1978]  eta: 0:01:06    time: 0.0683  data: 0.0000  max mem: 2671
      Evaluation: [1100/1978]  eta: 0:01:00    time: 0.0682  data: 0.0000  max mem: 2671
      Evaluation: [1200/1978]  eta: 0:00:53    time: 0.0681  data: 0.0000  max mem: 2671
      Evaluation: [1300/1978]  eta: 0:00:46    time: 0.0681  data: 0.0000  max mem: 2671
      Evaluation: [1400/1978]  eta: 0:00:39    time: 0.0683  data: 0.0000  max mem: 2671
      Evaluation: [1500/1978]  eta: 0:00:32    time: 0.0682  data: 0.0000  max mem: 2671
      Evaluation: [1600/1978]  eta: 0:00:25    time: 0.0683  data: 0.0000  max mem: 2671
      Evaluation: [1700/1978]  eta: 0:00:18    time: 0.0683  data: 0.0000  max mem: 2671
      Evaluation: [1800/1978]  eta: 0:00:12    time: 0.0680  data: 0.0000  max mem: 2671
      Evaluation: [1900/1978]  eta: 0:00:05    time: 0.0679  data: 0.0000  max mem: 2671
      Evaluation: [1977/1978]  eta: 0:00:00    time: 0.0689  data: 0.0000  max mem: 2671
      Evaluation: Total time: 0:02:15 (0.0683 s / it)
     Computing matching score time 0:02:15
### TTA ITM Score: 
+-------------------+--------+--------+--------+--------+--------+
|       epoch       |   R1   |   R5   |  R10   |  mAP   |  mINP  |
+-------------------+--------+--------+--------+--------+--------+
|  cos_sim_wo/norm  | 58.544 | 91.860 | 95.703 | 73.596 | 73.596 |
|        -999       | 69.414 | 95.197 | 97.776 | 81.233 | 81.233 |
| itm_score_wo/norm | 84.328 | 98.989 | 99.494 | 91.293 | 91.293 |
|        -999       | 84.277 | 99.039 | 99.596 | 91.276 | 91.276 |
|         0         | 84.631 | 98.989 | 99.596 | 91.432 | 91.432 |
|         1         | 84.631 | 98.888 | 99.494 | 91.371 | 91.371 |
|         2         | 84.580 | 98.686 | 99.343 | 91.293 | 91.293 |
|         4         | 84.783 | 98.584 | 99.191 | 91.338 | 91.338 |
|         9         | 85.035 | 98.584 | 99.343 | 91.433 | 91.433 |
|         14        | 84.429 | 98.534 | 99.393 | 91.107 | 91.107 |
|         19        | 84.580 | 98.534 | 99.292 | 91.177 | 91.177 |
|         29        | 84.125 | 98.635 | 99.141 | 90.914 | 90.914 |
|         39        | 84.328 | 98.635 | 99.141 | 91.057 | 91.057 |
|         49        | 84.328 | 98.584 | 99.141 | 91.042 | 91.042 |
+-------------------+--------+--------+--------+--------+--------+
     logs:  {'epo': 49, 'R1': 84.328, 'R5': 98.584, 'R10': 99.141, 'mAP': 91.042, 'mINP': 91.042, 'entropy': 0.031096, 'uncertainty': 2.224805, 'uncertainty_coeffi': 0.01, 'loss': 2.237994, 'lr': 5.4e-05}
      TTA Epoch: [50] [ 0/61]  eta: 0:00:37  entropy: 0.0635  uncertainty: 1.9502  uncertainty_coeffi: 0.0100  loss: 1.9656  lr: 0.000052  time: 0.6165  data: 0.5322  max mem: 2671
      TTA Epoch: [50] [60/61]  eta: 0:00:00  entropy: 0.0493  uncertainty: 2.7331  uncertainty_coeffi: 0.0100  loss: 2.7457  lr: 0.000047  time: 0.0617  data: 0.0001  max mem: 2671
      TTA Epoch: [50] Total time: 0:00:04 (0.0716 s / it)
     Averaged stats: entropy: 0.0303  uncertainty: 2.2254  uncertainty_coeffi: 0.0100  loss: 2.2367  lr: 0.0000
     itm tta time 0:00:04
      TTA Epoch: [51] [ 0/61]  eta: 0:00:41  entropy: 0.0407  uncertainty: 2.7191  uncertainty_coeffi: 0.0100  loss: 2.7343  lr: 0.000047  time: 0.6724  data: 0.5569  max mem: 2671
      TTA Epoch: [51] [60/61]  eta: 0:00:00  entropy: 0.0138  uncertainty: 2.0810  uncertainty_coeffi: 0.0100  loss: 2.0924  lr: 0.000043  time: 0.0623  data: 0.0001  max mem: 2671
      TTA Epoch: [51] Total time: 0:00:04 (0.0729 s / it)
     Averaged stats: entropy: 0.0313  uncertainty: 2.2269  uncertainty_coeffi: 0.0100  loss: 2.2402  lr: 0.0000
     itm tta time 0:00:04
      TTA Epoch: [52] [ 0/61]  eta: 0:00:37  entropy: 0.0418  uncertainty: 2.5969  uncertainty_coeffi: 0.0100  loss: 2.6038  lr: 0.000042  time: 0.6212  data: 0.5196  max mem: 2671
      TTA Epoch: [52] [60/61]  eta: 0:00:00  entropy: 0.0304  uncertainty: 2.0373  uncertainty_coeffi: 0.0100  loss: 2.0475  lr: 0.000038  time: 0.0623  data: 0.0001  max mem: 2671
      TTA Epoch: [52] Total time: 0:00:04 (0.0722 s / it)
     Averaged stats: entropy: 0.0304  uncertainty: 2.2276  uncertainty_coeffi: 0.0100  loss: 2.2387  lr: 0.0000
     itm tta time 0:00:04
      TTA Epoch: [53] [ 0/61]  eta: 0:00:35  entropy: 0.0388  uncertainty: 2.2883  uncertainty_coeffi: 0.0100  loss: 2.3055  lr: 0.000038  time: 0.5795  data: 0.4606  max mem: 2671
      TTA Epoch: [53] [60/61]  eta: 0:00:00  entropy: 0.0070  uncertainty: 2.2741  uncertainty_coeffi: 0.0100  loss: 2.2803  lr: 0.000033  time: 0.0619  data: 0.0001  max mem: 2671
      TTA Epoch: [53] Total time: 0:00:04 (0.0711 s / it)
     Averaged stats: entropy: 0.0287  uncertainty: 2.2213  uncertainty_coeffi: 0.0100  loss: 2.2321  lr: 0.0000
     itm tta time 0:00:04
      TTA Epoch: [54] [ 0/61]  eta: 0:00:38  entropy: 0.0543  uncertainty: 2.7247  uncertainty_coeffi: 0.0100  loss: 2.7329  lr: 0.000033  time: 0.6309  data: 0.5158  max mem: 2671
      TTA Epoch: [54] [60/61]  eta: 0:00:00  entropy: 0.0032  uncertainty: 2.7447  uncertainty_coeffi: 0.0100  loss: 2.7458  lr: 0.000028  time: 0.0617  data: 0.0001  max mem: 2671
      TTA Epoch: [54] Total time: 0:00:04 (0.0718 s / it)
     Averaged stats: entropy: 0.0295  uncertainty: 2.2302  uncertainty_coeffi: 0.0100  loss: 2.2420  lr: 0.0000
     itm tta time 0:00:04
      TTA Epoch: [55] [ 0/61]  eta: 0:00:38  entropy: 0.0297  uncertainty: 2.0503  uncertainty_coeffi: 0.0100  loss: 2.0574  lr: 0.000028  time: 0.6230  data: 0.5051  max mem: 2671
      TTA Epoch: [55] [60/61]  eta: 0:00:00  entropy: 0.0005  uncertainty: 2.2221  uncertainty_coeffi: 0.0100  loss: 2.2223  lr: 0.000024  time: 0.0610  data: 0.0001  max mem: 2671
      TTA Epoch: [55] Total time: 0:00:04 (0.0713 s / it)
     Averaged stats: entropy: 0.0304  uncertainty: 2.2267  uncertainty_coeffi: 0.0100  loss: 2.2380  lr: 0.0000
     itm tta time 0:00:04
      TTA Epoch: [56] [ 0/61]  eta: 0:00:31  entropy: 0.0025  uncertainty: 2.2691  uncertainty_coeffi: 0.0100  loss: 2.2699  lr: 0.000024  time: 0.5117  data: 0.3932  max mem: 2671
      TTA Epoch: [56] [60/61]  eta: 0:00:00  entropy: 0.0316  uncertainty: 2.5396  uncertainty_coeffi: 0.0100  loss: 2.5449  lr: 0.000019  time: 0.0613  data: 0.0001  max mem: 2671
      TTA Epoch: [56] Total time: 0:00:04 (0.0690 s / it)
     Averaged stats: entropy: 0.0292  uncertainty: 2.2193  uncertainty_coeffi: 0.0100  loss: 2.2304  lr: 0.0000
     itm tta time 0:00:04
      TTA Epoch: [57] [ 0/61]  eta: 0:00:33  entropy: 0.0001  uncertainty: 2.3138  uncertainty_coeffi: 0.0100  loss: 2.3138  lr: 0.000019  time: 0.5536  data: 0.4538  max mem: 2671
      TTA Epoch: [57] [60/61]  eta: 0:00:00  entropy: 0.0332  uncertainty: 2.2863  uncertainty_coeffi: 0.0100  loss: 2.2992  lr: 0.000006  time: 0.0622  data: 0.0001  max mem: 2671
      TTA Epoch: [57] Total time: 0:00:04 (0.0711 s / it)
     Averaged stats: entropy: 0.0289  uncertainty: 2.2255  uncertainty_coeffi: 0.0100  loss: 2.2379  lr: 0.0000
     itm tta time 0:00:04
      TTA Epoch: [58] [ 0/61]  eta: 0:00:38  entropy: 0.0203  uncertainty: 2.4934  uncertainty_coeffi: 0.0100  loss: 2.4967  lr: 0.000006  time: 0.6257  data: 0.5081  max mem: 2671
      TTA Epoch: [58] [60/61]  eta: 0:00:00  entropy: 0.0168  uncertainty: 2.6554  uncertainty_coeffi: 0.0100  loss: 2.6616  lr: 0.000004  time: 0.0614  data: 0.0001  max mem: 2671
      TTA Epoch: [58] Total time: 0:00:04 (0.0726 s / it)
     Averaged stats: entropy: 0.0259  uncertainty: 2.2180  uncertainty_coeffi: 0.0100  loss: 2.2277  lr: 0.0000
     itm tta time 0:00:04
      TTA Epoch: [59] [ 0/61]  eta: 0:00:30  entropy: 0.0027  uncertainty: 2.1671  uncertainty_coeffi: 0.0100  loss: 2.1684  lr: 0.000004  time: 0.4987  data: 0.3895  max mem: 2671
      TTA Epoch: [59] [60/61]  eta: 0:00:00  entropy: 0.0356  uncertainty: 3.1437  uncertainty_coeffi: 0.0100  loss: 3.1625  lr: 0.000002  time: 0.0624  data: 0.0001  max mem: 2671
      TTA Epoch: [59] Total time: 0:00:04 (0.0699 s / it)
     Averaged stats: entropy: 0.0311  uncertainty: 2.2273  uncertainty_coeffi: 0.0100  loss: 2.2399  lr: 0.0000
     itm tta time 0:00:04
     Computing matching score
      Evaluation: [   0/1978]  eta: 0:02:30    time: 0.0760  data: 0.0074  max mem: 2671
      Evaluation: [ 100/1978]  eta: 0:02:09    time: 0.0682  data: 0.0000  max mem: 2671
      Evaluation: [ 200/1978]  eta: 0:02:01    time: 0.0681  data: 0.0000  max mem: 2671
      Evaluation: [ 300/1978]  eta: 0:01:54    time: 0.0680  data: 0.0000  max mem: 2671
      Evaluation: [ 400/1978]  eta: 0:01:47    time: 0.0681  data: 0.0000  max mem: 2671
      Evaluation: [ 500/1978]  eta: 0:01:40    time: 0.0681  data: 0.0000  max mem: 2671
      Evaluation: [ 600/1978]  eta: 0:01:34    time: 0.0680  data: 0.0000  max mem: 2671
      Evaluation: [ 700/1978]  eta: 0:01:27    time: 0.0677  data: 0.0000  max mem: 2671
      Evaluation: [ 800/1978]  eta: 0:01:20    time: 0.0677  data: 0.0000  max mem: 2671
      Evaluation: [ 900/1978]  eta: 0:01:13    time: 0.0678  data: 0.0000  max mem: 2671
      Evaluation: [1000/1978]  eta: 0:01:06    time: 0.0679  data: 0.0000  max mem: 2671
      Evaluation: [1100/1978]  eta: 0:00:59    time: 0.0679  data: 0.0000  max mem: 2671
      Evaluation: [1200/1978]  eta: 0:00:53    time: 0.0676  data: 0.0000  max mem: 2671
      Evaluation: [1300/1978]  eta: 0:00:46    time: 0.0677  data: 0.0000  max mem: 2671
      Evaluation: [1400/1978]  eta: 0:00:39    time: 0.0681  data: 0.0000  max mem: 2671
      Evaluation: [1500/1978]  eta: 0:00:32    time: 0.0679  data: 0.0000  max mem: 2671
      Evaluation: [1600/1978]  eta: 0:00:25    time: 0.0681  data: 0.0000  max mem: 2671
      Evaluation: [1700/1978]  eta: 0:00:18    time: 0.0683  data: 0.0000  max mem: 2671
      Evaluation: [1800/1978]  eta: 0:00:12    time: 0.0675  data: 0.0000  max mem: 2671
      Evaluation: [1900/1978]  eta: 0:00:05    time: 0.0697  data: 0.0000  max mem: 2671
      Evaluation: [1977/1978]  eta: 0:00:00    time: 0.0675  data: 0.0000  max mem: 2671
      Evaluation: Total time: 0:02:14 (0.0682 s / it)
     Computing matching score time 0:02:15
### TTA ITM Score: 
+-------------------+--------+--------+--------+--------+--------+
|       epoch       |   R1   |   R5   |  R10   |  mAP   |  mINP  |
+-------------------+--------+--------+--------+--------+--------+
|  cos_sim_wo/norm  | 58.544 | 91.860 | 95.703 | 73.596 | 73.596 |
|        -999       | 69.414 | 95.197 | 97.776 | 81.233 | 81.233 |
| itm_score_wo/norm | 84.328 | 98.989 | 99.494 | 91.293 | 91.293 |
|        -999       | 84.277 | 99.039 | 99.596 | 91.276 | 91.276 |
|         0         | 84.631 | 98.989 | 99.596 | 91.432 | 91.432 |
|         1         | 84.631 | 98.888 | 99.494 | 91.371 | 91.371 |
|         2         | 84.580 | 98.686 | 99.343 | 91.293 | 91.293 |
|         4         | 84.783 | 98.584 | 99.191 | 91.338 | 91.338 |
|         9         | 85.035 | 98.584 | 99.343 | 91.433 | 91.433 |
|         14        | 84.429 | 98.534 | 99.393 | 91.107 | 91.107 |
|         19        | 84.580 | 98.534 | 99.292 | 91.177 | 91.177 |
|         29        | 84.125 | 98.635 | 99.141 | 90.914 | 90.914 |
|         39        | 84.328 | 98.635 | 99.141 | 91.057 | 91.057 |
|         49        | 84.328 | 98.584 | 99.141 | 91.042 | 91.042 |
|         59        | 84.328 | 98.584 | 99.141 | 91.040 | 91.040 |
+-------------------+--------+--------+--------+--------+--------+
     logs:  {'epo': 59, 'R1': 84.328, 'R5': 98.584, 'R10': 99.141, 'mAP': 91.04, 'mINP': 91.04, 'entropy': 0.031128, 'uncertainty': 2.227329, 'uncertainty_coeffi': 0.01, 'loss': 2.239873, 'lr': 3e-06}
### best epoch: 9
### Time 0:29:20
NNODES,  1
NODE_RANK,  0
MASTER_ADDR,  127.0.0.1
MASTER_PORT,  1612
NPROC_PER_NODE,  2
task:  exp6.1.1
config:  configs_rerun3/exp6.1.1.yaml
output_dir:  output_rerun3/exp6.1.1/2025092101410
python3 tta.py --config configs_rerun3/exp6.1.1.yaml --task exp6.1.1 --output_dir output_rerun3/exp6.1.1/2025092101410 --checkpoint checkpoint/cmp.pth --bs 0 --epo 0 --lr 0.0 --seed 42 --tta
