/home/jiahao/miniconda3/envs/cmp/lib/python3.10/site-packages/torch/functional.py:554: UserWarning: torch.meshgrid: in an upcoming release, it will be required to pass the indexing argument. (Triggered internally at /pytorch/aten/src/ATen/native/TensorShape.cpp:4322.)
  return _VF.meshgrid(tensors, **kwargs)  # type: ignore[attr-defined]
Not using distributed mode
### Hyper-parameters:
     seed: 42
     device: cuda
     output_dir: output_rerun3/exp6.1.3/2025092102395
     batch_size_tta: 32
     epochs: 60
     lr: 5e-05
### Creating test dataset
from data/PAB/annotation/test/attr.json loading 1978 data
     test dataset -->    be_pose_img: True
     test_dataset: 1978
### Creating test dataloader
### be careful: func create_loader returns a list length of 1
     test_loader: 90
### Creating model
build_vision_encoder: load swin 224 x 224 ====>
missing_keys:  []
unexpected_keys:  ['head.weight', 'head.bias']
build_text_encoder: load bert ====>
missing_keys: ['bert.encoder.layer.10.crossattention.output.LayerNorm.bias', 'bert.encoder.layer.10.crossattention.output.LayerNorm.weight', 'bert.encoder.layer.10.crossattention.output.dense.bias', 'bert.encoder.layer.10.crossattention.output.dense.weight', 'bert.encoder.layer.10.crossattention.self.key.bias', 'bert.encoder.layer.10.crossattention.self.key.weight', 'bert.encoder.layer.10.crossattention.self.query.bias', 'bert.encoder.layer.10.crossattention.self.query.weight', 'bert.encoder.layer.10.crossattention.self.value.bias', 'bert.encoder.layer.10.crossattention.self.value.weight', 'bert.encoder.layer.11.crossattention.output.LayerNorm.bias', 'bert.encoder.layer.11.crossattention.output.LayerNorm.weight', 'bert.encoder.layer.11.crossattention.output.dense.bias', 'bert.encoder.layer.11.crossattention.output.dense.weight', 'bert.encoder.layer.11.crossattention.self.key.bias', 'bert.encoder.layer.11.crossattention.self.key.weight', 'bert.encoder.layer.11.crossattention.self.query.bias', 'bert.encoder.layer.11.crossattention.self.query.weight', 'bert.encoder.layer.11.crossattention.self.value.bias', 'bert.encoder.layer.11.crossattention.self.value.weight', 'bert.encoder.layer.6.crossattention.output.LayerNorm.bias', 'bert.encoder.layer.6.crossattention.output.LayerNorm.weight', 'bert.encoder.layer.6.crossattention.output.dense.bias', 'bert.encoder.layer.6.crossattention.output.dense.weight', 'bert.encoder.layer.6.crossattention.self.key.bias', 'bert.encoder.layer.6.crossattention.self.key.weight', 'bert.encoder.layer.6.crossattention.self.query.bias', 'bert.encoder.layer.6.crossattention.self.query.weight', 'bert.encoder.layer.6.crossattention.self.value.bias', 'bert.encoder.layer.6.crossattention.self.value.weight', 'bert.encoder.layer.7.crossattention.output.LayerNorm.bias', 'bert.encoder.layer.7.crossattention.output.LayerNorm.weight', 'bert.encoder.layer.7.crossattention.output.dense.bias', 'bert.encoder.layer.7.crossattention.output.dense.weight', 'bert.encoder.layer.7.crossattention.self.key.bias', 'bert.encoder.layer.7.crossattention.self.key.weight', 'bert.encoder.layer.7.crossattention.self.query.bias', 'bert.encoder.layer.7.crossattention.self.query.weight', 'bert.encoder.layer.7.crossattention.self.value.bias', 'bert.encoder.layer.7.crossattention.self.value.weight', 'bert.encoder.layer.8.crossattention.output.LayerNorm.bias', 'bert.encoder.layer.8.crossattention.output.LayerNorm.weight', 'bert.encoder.layer.8.crossattention.output.dense.bias', 'bert.encoder.layer.8.crossattention.output.dense.weight', 'bert.encoder.layer.8.crossattention.self.key.bias', 'bert.encoder.layer.8.crossattention.self.key.weight', 'bert.encoder.layer.8.crossattention.self.query.bias', 'bert.encoder.layer.8.crossattention.self.query.weight', 'bert.encoder.layer.8.crossattention.self.value.bias', 'bert.encoder.layer.8.crossattention.self.value.weight', 'bert.encoder.layer.9.crossattention.output.LayerNorm.bias', 'bert.encoder.layer.9.crossattention.output.LayerNorm.weight', 'bert.encoder.layer.9.crossattention.output.dense.bias', 'bert.encoder.layer.9.crossattention.output.dense.weight', 'bert.encoder.layer.9.crossattention.self.key.bias', 'bert.encoder.layer.9.crossattention.self.key.weight', 'bert.encoder.layer.9.crossattention.self.query.bias', 'bert.encoder.layer.9.crossattention.self.query.weight', 'bert.encoder.layer.9.crossattention.self.value.bias', 'bert.encoder.layer.9.crossattention.self.value.weight']
unexpected_keys: ['cls.seq_relationship.bias', 'cls.seq_relationship.weight']
mismatched_keys: []
error_msgs: []
Label Smooth: 0.2
pose_conv
load checkpoint from checkpoint/cmp.pth
missing_keys:  ['uncertainty_temper', 'prompt_learning_embedding']
unexpected_keys:  []
     Total Params Sum:  254264985
### Inference ITC similiarity matrix
### Zero-Shot Score: 
+-------------------+--------+--------+--------+--------+--------+
|       epoch       |   R1   |   R5   |  R10   |  mAP   |  mINP  |
+-------------------+--------+--------+--------+--------+--------+
|  cos_sim_wo/norm  | 58.544 | 91.860 | 95.703 | 73.596 | 73.596 |
|        -999       | 69.414 | 95.197 | 97.776 | 81.233 | 81.233 |
| itm_score_wo/norm | 84.328 | 98.989 | 99.494 | 91.293 | 91.293 |
|        -999       | 84.277 | 99.039 | 99.596 | 91.276 | 91.276 |
+-------------------+--------+--------+--------+--------+--------+
### TTA:
     preprocess_tta_coefficients  start
     sample selection ...
     number of sample after sample_selection: 1978
     uncertainty ...
     preprocess_tta_coefficients  end
### Creating tta dataset
     tta_dataset: 1978
### Creating tta dataloader
### be careful: func create_loader returns a list length of 1
     tta_loader: 61
### Configure adapted weights
     TTA Dropout Modules: 
 [('vision_encoder.pos_drop', Dropout(p=0, inplace=False), True), ('vision_encoder.layers.0.blocks.0.attn.attn_drop', Dropout(p=0.0, inplace=False), True), ('vision_encoder.layers.0.blocks.0.attn.proj_drop', Dropout(p=0, inplace=False), True), ('vision_encoder.layers.0.blocks.0.mlp.drop', Dropout(p=0, inplace=False), True), ('vision_encoder.layers.0.blocks.1.attn.attn_drop', Dropout(p=0.0, inplace=False), True), ('vision_encoder.layers.0.blocks.1.attn.proj_drop', Dropout(p=0, inplace=False), True), ('vision_encoder.layers.0.blocks.1.mlp.drop', Dropout(p=0, inplace=False), True), ('vision_encoder.layers.1.blocks.0.attn.attn_drop', Dropout(p=0.0, inplace=False), True), ('vision_encoder.layers.1.blocks.0.attn.proj_drop', Dropout(p=0, inplace=False), True), ('vision_encoder.layers.1.blocks.0.mlp.drop', Dropout(p=0, inplace=False), True), ('vision_encoder.layers.1.blocks.1.attn.attn_drop', Dropout(p=0.0, inplace=False), True), ('vision_encoder.layers.1.blocks.1.attn.proj_drop', Dropout(p=0, inplace=False), True), ('vision_encoder.layers.1.blocks.1.mlp.drop', Dropout(p=0, inplace=False), True), ('vision_encoder.layers.2.blocks.0.attn.attn_drop', Dropout(p=0.0, inplace=False), True), ('vision_encoder.layers.2.blocks.0.attn.proj_drop', Dropout(p=0, inplace=False), True), ('vision_encoder.layers.2.blocks.0.mlp.drop', Dropout(p=0, inplace=False), True), ('vision_encoder.layers.2.blocks.1.attn.attn_drop', Dropout(p=0.0, inplace=False), True), ('vision_encoder.layers.2.blocks.1.attn.proj_drop', Dropout(p=0, inplace=False), True), ('vision_encoder.layers.2.blocks.1.mlp.drop', Dropout(p=0, inplace=False), True), ('vision_encoder.layers.2.blocks.2.attn.attn_drop', Dropout(p=0.0, inplace=False), True), ('vision_encoder.layers.2.blocks.2.attn.proj_drop', Dropout(p=0, inplace=False), True), ('vision_encoder.layers.2.blocks.2.mlp.drop', Dropout(p=0, inplace=False), True), ('vision_encoder.layers.2.blocks.3.attn.attn_drop', Dropout(p=0.0, inplace=False), True), ('vision_encoder.layers.2.blocks.3.attn.proj_drop', Dropout(p=0, inplace=False), True), ('vision_encoder.layers.2.blocks.3.mlp.drop', Dropout(p=0, inplace=False), True), ('vision_encoder.layers.2.blocks.4.attn.attn_drop', Dropout(p=0.0, inplace=False), True), ('vision_encoder.layers.2.blocks.4.attn.proj_drop', Dropout(p=0, inplace=False), True), ('vision_encoder.layers.2.blocks.4.mlp.drop', Dropout(p=0, inplace=False), True), ('vision_encoder.layers.2.blocks.5.attn.attn_drop', Dropout(p=0.0, inplace=False), True), ('vision_encoder.layers.2.blocks.5.attn.proj_drop', Dropout(p=0, inplace=False), True), ('vision_encoder.layers.2.blocks.5.mlp.drop', Dropout(p=0, inplace=False), True), ('vision_encoder.layers.2.blocks.6.attn.attn_drop', Dropout(p=0.0, inplace=False), True), ('vision_encoder.layers.2.blocks.6.attn.proj_drop', Dropout(p=0, inplace=False), True), ('vision_encoder.layers.2.blocks.6.mlp.drop', Dropout(p=0, inplace=False), True), ('vision_encoder.layers.2.blocks.7.attn.attn_drop', Dropout(p=0.0, inplace=False), True), ('vision_encoder.layers.2.blocks.7.attn.proj_drop', Dropout(p=0, inplace=False), True), ('vision_encoder.layers.2.blocks.7.mlp.drop', Dropout(p=0, inplace=False), True), ('vision_encoder.layers.2.blocks.8.attn.attn_drop', Dropout(p=0.0, inplace=False), True), ('vision_encoder.layers.2.blocks.8.attn.proj_drop', Dropout(p=0, inplace=False), True), ('vision_encoder.layers.2.blocks.8.mlp.drop', Dropout(p=0, inplace=False), True), ('vision_encoder.layers.2.blocks.9.attn.attn_drop', Dropout(p=0.0, inplace=False), True), ('vision_encoder.layers.2.blocks.9.attn.proj_drop', Dropout(p=0, inplace=False), True), ('vision_encoder.layers.2.blocks.9.mlp.drop', Dropout(p=0, inplace=False), True), ('vision_encoder.layers.2.blocks.10.attn.attn_drop', Dropout(p=0.0, inplace=False), True), ('vision_encoder.layers.2.blocks.10.attn.proj_drop', Dropout(p=0, inplace=False), True), ('vision_encoder.layers.2.blocks.10.mlp.drop', Dropout(p=0, inplace=False), True), ('vision_encoder.layers.2.blocks.11.attn.attn_drop', Dropout(p=0.0, inplace=False), True), ('vision_encoder.layers.2.blocks.11.attn.proj_drop', Dropout(p=0, inplace=False), True), ('vision_encoder.layers.2.blocks.11.mlp.drop', Dropout(p=0, inplace=False), True), ('vision_encoder.layers.2.blocks.12.attn.attn_drop', Dropout(p=0.0, inplace=False), True), ('vision_encoder.layers.2.blocks.12.attn.proj_drop', Dropout(p=0, inplace=False), True), ('vision_encoder.layers.2.blocks.12.mlp.drop', Dropout(p=0, inplace=False), True), ('vision_encoder.layers.2.blocks.13.attn.attn_drop', Dropout(p=0.0, inplace=False), True), ('vision_encoder.layers.2.blocks.13.attn.proj_drop', Dropout(p=0, inplace=False), True), ('vision_encoder.layers.2.blocks.13.mlp.drop', Dropout(p=0, inplace=False), True), ('vision_encoder.layers.2.blocks.14.attn.attn_drop', Dropout(p=0.0, inplace=False), True), ('vision_encoder.layers.2.blocks.14.attn.proj_drop', Dropout(p=0, inplace=False), True), ('vision_encoder.layers.2.blocks.14.mlp.drop', Dropout(p=0, inplace=False), True), ('vision_encoder.layers.2.blocks.15.attn.attn_drop', Dropout(p=0.0, inplace=False), True), ('vision_encoder.layers.2.blocks.15.attn.proj_drop', Dropout(p=0, inplace=False), True), ('vision_encoder.layers.2.blocks.15.mlp.drop', Dropout(p=0, inplace=False), True), ('vision_encoder.layers.2.blocks.16.attn.attn_drop', Dropout(p=0.0, inplace=False), True), ('vision_encoder.layers.2.blocks.16.attn.proj_drop', Dropout(p=0, inplace=False), True), ('vision_encoder.layers.2.blocks.16.mlp.drop', Dropout(p=0, inplace=False), True), ('vision_encoder.layers.2.blocks.17.attn.attn_drop', Dropout(p=0.0, inplace=False), True), ('vision_encoder.layers.2.blocks.17.attn.proj_drop', Dropout(p=0, inplace=False), True), ('vision_encoder.layers.2.blocks.17.mlp.drop', Dropout(p=0, inplace=False), True), ('vision_encoder.layers.3.blocks.0.attn.attn_drop', Dropout(p=0.0, inplace=False), True), ('vision_encoder.layers.3.blocks.0.attn.proj_drop', Dropout(p=0, inplace=False), True), ('vision_encoder.layers.3.blocks.0.mlp.drop', Dropout(p=0, inplace=False), True), ('vision_encoder.layers.3.blocks.1.attn.attn_drop', Dropout(p=0.0, inplace=False), True), ('vision_encoder.layers.3.blocks.1.attn.proj_drop', Dropout(p=0, inplace=False), True), ('vision_encoder.layers.3.blocks.1.mlp.drop', Dropout(p=0, inplace=False), True), ('text_encoder.bert.embeddings.dropout', Dropout(p=0.1, inplace=False), True), ('text_encoder.bert.encoder.layer.0.attention.self.dropout', Dropout(p=0.1, inplace=False), True), ('text_encoder.bert.encoder.layer.0.attention.output.dropout', Dropout(p=0.1, inplace=False), True), ('text_encoder.bert.encoder.layer.0.output.dropout', Dropout(p=0.1, inplace=False), True), ('text_encoder.bert.encoder.layer.1.attention.self.dropout', Dropout(p=0.1, inplace=False), True), ('text_encoder.bert.encoder.layer.1.attention.output.dropout', Dropout(p=0.1, inplace=False), True), ('text_encoder.bert.encoder.layer.1.output.dropout', Dropout(p=0.1, inplace=False), True), ('text_encoder.bert.encoder.layer.2.attention.self.dropout', Dropout(p=0.1, inplace=False), True), ('text_encoder.bert.encoder.layer.2.attention.output.dropout', Dropout(p=0.1, inplace=False), True), ('text_encoder.bert.encoder.layer.2.output.dropout', Dropout(p=0.1, inplace=False), True), ('text_encoder.bert.encoder.layer.3.attention.self.dropout', Dropout(p=0.1, inplace=False), True), ('text_encoder.bert.encoder.layer.3.attention.output.dropout', Dropout(p=0.1, inplace=False), True), ('text_encoder.bert.encoder.layer.3.output.dropout', Dropout(p=0.1, inplace=False), True), ('text_encoder.bert.encoder.layer.4.attention.self.dropout', Dropout(p=0.1, inplace=False), True), ('text_encoder.bert.encoder.layer.4.attention.output.dropout', Dropout(p=0.1, inplace=False), True), ('text_encoder.bert.encoder.layer.4.output.dropout', Dropout(p=0.1, inplace=False), True), ('text_encoder.bert.encoder.layer.5.attention.self.dropout', Dropout(p=0.1, inplace=False), True), ('text_encoder.bert.encoder.layer.5.attention.output.dropout', Dropout(p=0.1, inplace=False), True), ('text_encoder.bert.encoder.layer.5.output.dropout', Dropout(p=0.1, inplace=False), True), ('text_encoder.bert.encoder.layer.6.attention.self.dropout', Dropout(p=0.1, inplace=False), True), ('text_encoder.bert.encoder.layer.6.attention.output.dropout', Dropout(p=0.1, inplace=False), True), ('text_encoder.bert.encoder.layer.6.crossattention.self.dropout', Dropout(p=0.1, inplace=False), True), ('text_encoder.bert.encoder.layer.6.crossattention.output.dropout', Dropout(p=0.1, inplace=False), True), ('text_encoder.bert.encoder.layer.6.output.dropout', Dropout(p=0.1, inplace=False), True), ('text_encoder.bert.encoder.layer.7.attention.self.dropout', Dropout(p=0.1, inplace=False), True), ('text_encoder.bert.encoder.layer.7.attention.output.dropout', Dropout(p=0.1, inplace=False), True), ('text_encoder.bert.encoder.layer.7.crossattention.self.dropout', Dropout(p=0.1, inplace=False), True), ('text_encoder.bert.encoder.layer.7.crossattention.output.dropout', Dropout(p=0.1, inplace=False), True), ('text_encoder.bert.encoder.layer.7.output.dropout', Dropout(p=0.1, inplace=False), True), ('text_encoder.bert.encoder.layer.8.attention.self.dropout', Dropout(p=0.1, inplace=False), True), ('text_encoder.bert.encoder.layer.8.attention.output.dropout', Dropout(p=0.1, inplace=False), True), ('text_encoder.bert.encoder.layer.8.crossattention.self.dropout', Dropout(p=0.1, inplace=False), True), ('text_encoder.bert.encoder.layer.8.crossattention.output.dropout', Dropout(p=0.1, inplace=False), True), ('text_encoder.bert.encoder.layer.8.output.dropout', Dropout(p=0.1, inplace=False), True), ('text_encoder.bert.encoder.layer.9.attention.self.dropout', Dropout(p=0.1, inplace=False), True), ('text_encoder.bert.encoder.layer.9.attention.output.dropout', Dropout(p=0.1, inplace=False), True), ('text_encoder.bert.encoder.layer.9.crossattention.self.dropout', Dropout(p=0.1, inplace=False), True), ('text_encoder.bert.encoder.layer.9.crossattention.output.dropout', Dropout(p=0.1, inplace=False), True), ('text_encoder.bert.encoder.layer.9.output.dropout', Dropout(p=0.1, inplace=False), True), ('text_encoder.bert.encoder.layer.10.attention.self.dropout', Dropout(p=0.1, inplace=False), True), ('text_encoder.bert.encoder.layer.10.attention.output.dropout', Dropout(p=0.1, inplace=False), True), ('text_encoder.bert.encoder.layer.10.crossattention.self.dropout', Dropout(p=0.1, inplace=False), True), ('text_encoder.bert.encoder.layer.10.crossattention.output.dropout', Dropout(p=0.1, inplace=False), True), ('text_encoder.bert.encoder.layer.10.output.dropout', Dropout(p=0.1, inplace=False), True), ('text_encoder.bert.encoder.layer.11.attention.self.dropout', Dropout(p=0.1, inplace=False), True), ('text_encoder.bert.encoder.layer.11.attention.output.dropout', Dropout(p=0.1, inplace=False), True), ('text_encoder.bert.encoder.layer.11.crossattention.self.dropout', Dropout(p=0.1, inplace=False), True), ('text_encoder.bert.encoder.layer.11.crossattention.output.dropout', Dropout(p=0.1, inplace=False), True), ('text_encoder.bert.encoder.layer.11.output.dropout', Dropout(p=0.1, inplace=False), True), ('vision_proj.1', Dropout(p=0.5, inplace=False), True), ('text_proj.1', Dropout(p=0.5, inplace=False), True), ('pose_block.attn.attn_drop', Dropout(p=0.0, inplace=False), True), ('pose_block.attn.proj_drop', Dropout(p=0.0, inplace=False), True)]
     TTA Require Gradient Params: 
 [('text_encoder.bert.embeddings.LayerNorm.weight', torch.Size([768])), ('text_encoder.bert.embeddings.LayerNorm.bias', torch.Size([768])), ('text_encoder.bert.encoder.layer.6.attention.output.LayerNorm.weight', torch.Size([768])), ('text_encoder.bert.encoder.layer.6.attention.output.LayerNorm.bias', torch.Size([768])), ('text_encoder.bert.encoder.layer.6.crossattention.output.LayerNorm.weight', torch.Size([768])), ('text_encoder.bert.encoder.layer.6.crossattention.output.LayerNorm.bias', torch.Size([768])), ('text_encoder.bert.encoder.layer.6.output.LayerNorm.weight', torch.Size([768])), ('text_encoder.bert.encoder.layer.6.output.LayerNorm.bias', torch.Size([768])), ('text_encoder.bert.encoder.layer.7.attention.output.LayerNorm.weight', torch.Size([768])), ('text_encoder.bert.encoder.layer.7.attention.output.LayerNorm.bias', torch.Size([768])), ('text_encoder.bert.encoder.layer.7.crossattention.output.LayerNorm.weight', torch.Size([768])), ('text_encoder.bert.encoder.layer.7.crossattention.output.LayerNorm.bias', torch.Size([768])), ('text_encoder.bert.encoder.layer.7.output.LayerNorm.weight', torch.Size([768])), ('text_encoder.bert.encoder.layer.7.output.LayerNorm.bias', torch.Size([768])), ('text_encoder.bert.encoder.layer.8.attention.output.LayerNorm.weight', torch.Size([768])), ('text_encoder.bert.encoder.layer.8.attention.output.LayerNorm.bias', torch.Size([768])), ('text_encoder.bert.encoder.layer.8.crossattention.output.LayerNorm.weight', torch.Size([768])), ('text_encoder.bert.encoder.layer.8.crossattention.output.LayerNorm.bias', torch.Size([768])), ('text_encoder.bert.encoder.layer.8.output.LayerNorm.weight', torch.Size([768])), ('text_encoder.bert.encoder.layer.8.output.LayerNorm.bias', torch.Size([768])), ('text_encoder.bert.encoder.layer.9.attention.output.LayerNorm.weight', torch.Size([768])), ('text_encoder.bert.encoder.layer.9.attention.output.LayerNorm.bias', torch.Size([768])), ('text_encoder.bert.encoder.layer.9.crossattention.output.LayerNorm.weight', torch.Size([768])), ('text_encoder.bert.encoder.layer.9.crossattention.output.LayerNorm.bias', torch.Size([768])), ('text_encoder.bert.encoder.layer.9.output.LayerNorm.weight', torch.Size([768])), ('text_encoder.bert.encoder.layer.9.output.LayerNorm.bias', torch.Size([768])), ('text_encoder.bert.encoder.layer.10.attention.output.LayerNorm.weight', torch.Size([768])), ('text_encoder.bert.encoder.layer.10.attention.output.LayerNorm.bias', torch.Size([768])), ('text_encoder.bert.encoder.layer.10.crossattention.output.LayerNorm.weight', torch.Size([768])), ('text_encoder.bert.encoder.layer.10.crossattention.output.LayerNorm.bias', torch.Size([768])), ('text_encoder.bert.encoder.layer.10.output.LayerNorm.weight', torch.Size([768])), ('text_encoder.bert.encoder.layer.10.output.LayerNorm.bias', torch.Size([768])), ('text_encoder.bert.encoder.layer.11.attention.output.LayerNorm.weight', torch.Size([768])), ('text_encoder.bert.encoder.layer.11.attention.output.LayerNorm.bias', torch.Size([768])), ('text_encoder.bert.encoder.layer.11.crossattention.output.LayerNorm.weight', torch.Size([768])), ('text_encoder.bert.encoder.layer.11.crossattention.output.LayerNorm.bias', torch.Size([768])), ('text_encoder.bert.encoder.layer.11.output.LayerNorm.weight', torch.Size([768])), ('text_encoder.bert.encoder.layer.11.output.LayerNorm.bias', torch.Size([768])), ('text_encoder.cls.predictions.transform.LayerNorm.weight', torch.Size([768])), ('text_encoder.cls.predictions.transform.LayerNorm.bias', torch.Size([768])), ('itm_head.1.weight', torch.Size([1536])), ('itm_head.1.bias', torch.Size([1536]))]
     TTA Dropout Modules Number: 
 126
     TTA Require Gradient Params Sum: 
 33792
     lr:  5e-05    lr_mult:  2
     model has 'init_params',  385
     num_tta_steps:  3720
     num_warmup_steps:  500
     sched: step
/home/jiahao/task/CMP/tta.py:246: FutureWarning: `torch.cuda.amp.GradScaler(args...)` is deprecated. Please use `torch.amp.GradScaler('cuda', args...)` instead.
  scaler = GradScaler()  # bf16
### Start ITM Test Time Adaptation
      TTA Epoch: [0] [ 0/61]  eta: 0:01:04  entropy: 0.3485  uncertainty: 1.7870  uncertainty_coeffi: 0.0100  loss: 2.0041  lr: 0.000000  time: 1.0508  data: 0.4323  max mem: 2639
      TTA Epoch: [0] [60/61]  eta: 0:00:00  entropy: 0.3909  uncertainty: 2.8430  uncertainty_coeffi: 0.0100  loss: 3.0201  lr: 0.000006  time: 0.0609  data: 0.0001  max mem: 2671
      TTA Epoch: [0] Total time: 0:00:04 (0.0774 s / it)
     Averaged stats: entropy: 0.3498  uncertainty: 2.2214  uncertainty_coeffi: 0.0100  loss: 2.4261  lr: 0.0000
     itm tta time 0:00:04
     Computing matching score
      Evaluation: [   0/1978]  eta: 0:05:10    time: 0.1568  data: 0.0043  max mem: 2671
      Evaluation: [ 100/1978]  eta: 0:02:11    time: 0.0682  data: 0.0000  max mem: 2671
      Evaluation: [ 200/1978]  eta: 0:02:02    time: 0.0677  data: 0.0000  max mem: 2671
      Evaluation: [ 300/1978]  eta: 0:01:55    time: 0.0677  data: 0.0000  max mem: 2671
      Evaluation: [ 400/1978]  eta: 0:01:47    time: 0.0677  data: 0.0000  max mem: 2671
      Evaluation: [ 500/1978]  eta: 0:01:40    time: 0.0678  data: 0.0000  max mem: 2671
      Evaluation: [ 600/1978]  eta: 0:01:33    time: 0.0677  data: 0.0000  max mem: 2671
      Evaluation: [ 700/1978]  eta: 0:01:27    time: 0.0676  data: 0.0000  max mem: 2671
      Evaluation: [ 800/1978]  eta: 0:01:20    time: 0.0676  data: 0.0000  max mem: 2671
      Evaluation: [ 900/1978]  eta: 0:01:13    time: 0.0675  data: 0.0000  max mem: 2671
      Evaluation: [1000/1978]  eta: 0:01:06    time: 0.0679  data: 0.0000  max mem: 2671
      Evaluation: [1100/1978]  eta: 0:00:59    time: 0.0678  data: 0.0000  max mem: 2671
      Evaluation: [1200/1978]  eta: 0:00:52    time: 0.0686  data: 0.0000  max mem: 2671
      Evaluation: [1300/1978]  eta: 0:00:46    time: 0.0676  data: 0.0000  max mem: 2671
      Evaluation: [1400/1978]  eta: 0:00:39    time: 0.0676  data: 0.0000  max mem: 2671
      Evaluation: [1500/1978]  eta: 0:00:32    time: 0.0677  data: 0.0000  max mem: 2671
      Evaluation: [1600/1978]  eta: 0:00:25    time: 0.0676  data: 0.0000  max mem: 2671
      Evaluation: [1700/1978]  eta: 0:00:18    time: 0.0677  data: 0.0000  max mem: 2671
      Evaluation: [1800/1978]  eta: 0:00:12    time: 0.0681  data: 0.0000  max mem: 2671
      Evaluation: [1900/1978]  eta: 0:00:05    time: 0.0676  data: 0.0000  max mem: 2671
      Evaluation: [1977/1978]  eta: 0:00:00    time: 0.0678  data: 0.0000  max mem: 2671
      Evaluation: Total time: 0:02:14 (0.0680 s / it)
     Computing matching score time 0:02:14
### TTA ITM Score: 
+-------------------+--------+--------+--------+--------+--------+
|       epoch       |   R1   |   R5   |  R10   |  mAP   |  mINP  |
+-------------------+--------+--------+--------+--------+--------+
|  cos_sim_wo/norm  | 58.544 | 91.860 | 95.703 | 73.596 | 73.596 |
|        -999       | 69.414 | 95.197 | 97.776 | 81.233 | 81.233 |
| itm_score_wo/norm | 84.328 | 98.989 | 99.494 | 91.293 | 91.293 |
|        -999       | 84.277 | 99.039 | 99.596 | 91.276 | 91.276 |
|         0         | 84.277 | 99.039 | 99.596 | 91.276 | 91.276 |
+-------------------+--------+--------+--------+--------+--------+
     logs:  {'epo': 0, 'R1': 84.277, 'R5': 99.039, 'R10': 99.596, 'mAP': 91.276, 'mINP': 91.276, 'entropy': 0.349844, 'uncertainty': 2.221419, 'uncertainty_coeffi': 0.01, 'loss': 2.426076, 'lr': 3e-06}
      TTA Epoch: [1] [ 0/61]  eta: 0:00:36  entropy: 0.4096  uncertainty: 2.5006  uncertainty_coeffi: 0.0100  loss: 2.6912  lr: 0.000006  time: 0.5916  data: 0.5172  max mem: 2671
      TTA Epoch: [1] [60/61]  eta: 0:00:00  entropy: 0.4379  uncertainty: 2.2374  uncertainty_coeffi: 0.0100  loss: 2.4795  lr: 0.000012  time: 0.0603  data: 0.0001  max mem: 2671
      TTA Epoch: [1] Total time: 0:00:04 (0.0699 s / it)
     Averaged stats: entropy: 0.3483  uncertainty: 2.2315  uncertainty_coeffi: 0.0100  loss: 2.4353  lr: 0.0000
     itm tta time 0:00:04
     Computing matching score
      Evaluation: [   0/1978]  eta: 0:02:35    time: 0.0784  data: 0.0037  max mem: 2671
      Evaluation: [ 100/1978]  eta: 0:02:08    time: 0.0681  data: 0.0000  max mem: 2671
      Evaluation: [ 200/1978]  eta: 0:02:01    time: 0.0699  data: 0.0000  max mem: 2671
      Evaluation: [ 300/1978]  eta: 0:01:55    time: 0.0694  data: 0.0000  max mem: 2671
      Evaluation: [ 400/1978]  eta: 0:01:48    time: 0.0692  data: 0.0000  max mem: 2671
      Evaluation: [ 500/1978]  eta: 0:01:41    time: 0.0693  data: 0.0000  max mem: 2671
      Evaluation: [ 600/1978]  eta: 0:01:34    time: 0.0677  data: 0.0000  max mem: 2671
      Evaluation: [ 700/1978]  eta: 0:01:27    time: 0.0676  data: 0.0000  max mem: 2671
      Evaluation: [ 800/1978]  eta: 0:01:20    time: 0.0677  data: 0.0000  max mem: 2671
      Evaluation: [ 900/1978]  eta: 0:01:13    time: 0.0676  data: 0.0000  max mem: 2671
      Evaluation: [1000/1978]  eta: 0:01:06    time: 0.0675  data: 0.0000  max mem: 2671
      Evaluation: [1100/1978]  eta: 0:00:59    time: 0.0675  data: 0.0000  max mem: 2671
      Evaluation: [1200/1978]  eta: 0:00:53    time: 0.0676  data: 0.0000  max mem: 2671
      Evaluation: [1300/1978]  eta: 0:00:46    time: 0.0676  data: 0.0000  max mem: 2671
      Evaluation: [1400/1978]  eta: 0:00:39    time: 0.0676  data: 0.0000  max mem: 2671
      Evaluation: [1500/1978]  eta: 0:00:32    time: 0.0676  data: 0.0000  max mem: 2671
      Evaluation: [1600/1978]  eta: 0:00:25    time: 0.0676  data: 0.0000  max mem: 2671
      Evaluation: [1700/1978]  eta: 0:00:18    time: 0.0676  data: 0.0000  max mem: 2671
      Evaluation: [1800/1978]  eta: 0:00:12    time: 0.0676  data: 0.0000  max mem: 2671
      Evaluation: [1900/1978]  eta: 0:00:05    time: 0.0675  data: 0.0000  max mem: 2671
      Evaluation: [1977/1978]  eta: 0:00:00    time: 0.0676  data: 0.0000  max mem: 2671
      Evaluation: Total time: 0:02:14 (0.0679 s / it)
     Computing matching score time 0:02:14
### TTA ITM Score: 
+-------------------+--------+--------+--------+--------+--------+
|       epoch       |   R1   |   R5   |  R10   |  mAP   |  mINP  |
+-------------------+--------+--------+--------+--------+--------+
|  cos_sim_wo/norm  | 58.544 | 91.860 | 95.703 | 73.596 | 73.596 |
|        -999       | 69.414 | 95.197 | 97.776 | 81.233 | 81.233 |
| itm_score_wo/norm | 84.328 | 98.989 | 99.494 | 91.293 | 91.293 |
|        -999       | 84.277 | 99.039 | 99.596 | 91.276 | 91.276 |
|         0         | 84.277 | 99.039 | 99.596 | 91.276 | 91.276 |
|         1         | 84.580 | 99.039 | 99.596 | 91.418 | 91.418 |
+-------------------+--------+--------+--------+--------+--------+
     logs:  {'epo': 1, 'R1': 84.58, 'R5': 99.039, 'R10': 99.596, 'mAP': 91.418, 'mINP': 91.418, 'entropy': 0.34831, 'uncertainty': 2.23151, 'uncertainty_coeffi': 0.01, 'loss': 2.435271, 'lr': 9e-06}
      TTA Epoch: [2] [ 0/61]  eta: 0:00:30  entropy: 0.4086  uncertainty: 1.7849  uncertainty_coeffi: 0.0100  loss: 2.0519  lr: 0.000012  time: 0.4977  data: 0.3913  max mem: 2671
      TTA Epoch: [2] [60/61]  eta: 0:00:00  entropy: 0.3569  uncertainty: 2.3454  uncertainty_coeffi: 0.0100  loss: 2.5427  lr: 0.000018  time: 0.0599  data: 0.0001  max mem: 2671
      TTA Epoch: [2] Total time: 0:00:04 (0.0679 s / it)
     Averaged stats: entropy: 0.3409  uncertainty: 2.2237  uncertainty_coeffi: 0.0100  loss: 2.4224  lr: 0.0000
     itm tta time 0:00:04
     Computing matching score
      Evaluation: [   0/1978]  eta: 0:02:20    time: 0.0712  data: 0.0032  max mem: 2671
      Evaluation: [ 100/1978]  eta: 0:02:07    time: 0.0679  data: 0.0000  max mem: 2671
      Evaluation: [ 200/1978]  eta: 0:02:00    time: 0.0678  data: 0.0000  max mem: 2671
      Evaluation: [ 300/1978]  eta: 0:01:53    time: 0.0679  data: 0.0000  max mem: 2671
      Evaluation: [ 400/1978]  eta: 0:01:47    time: 0.0681  data: 0.0000  max mem: 2671
      Evaluation: [ 500/1978]  eta: 0:01:40    time: 0.0677  data: 0.0000  max mem: 2671
      Evaluation: [ 600/1978]  eta: 0:01:33    time: 0.0678  data: 0.0000  max mem: 2671
      Evaluation: [ 700/1978]  eta: 0:01:26    time: 0.0677  data: 0.0000  max mem: 2671
      Evaluation: [ 800/1978]  eta: 0:01:19    time: 0.0678  data: 0.0000  max mem: 2671
      Evaluation: [ 900/1978]  eta: 0:01:13    time: 0.0677  data: 0.0000  max mem: 2671
      Evaluation: [1000/1978]  eta: 0:01:06    time: 0.0675  data: 0.0000  max mem: 2671
      Evaluation: [1100/1978]  eta: 0:00:59    time: 0.0676  data: 0.0000  max mem: 2671
      Evaluation: [1200/1978]  eta: 0:00:52    time: 0.0676  data: 0.0000  max mem: 2671
      Evaluation: [1300/1978]  eta: 0:00:45    time: 0.0677  data: 0.0000  max mem: 2671
      Evaluation: [1400/1978]  eta: 0:00:39    time: 0.0676  data: 0.0000  max mem: 2671
      Evaluation: [1500/1978]  eta: 0:00:32    time: 0.0679  data: 0.0000  max mem: 2671
      Evaluation: [1600/1978]  eta: 0:00:25    time: 0.0679  data: 0.0000  max mem: 2671
      Evaluation: [1700/1978]  eta: 0:00:18    time: 0.0678  data: 0.0000  max mem: 2671
      Evaluation: [1800/1978]  eta: 0:00:12    time: 0.0677  data: 0.0000  max mem: 2671
      Evaluation: [1900/1978]  eta: 0:00:05    time: 0.0678  data: 0.0000  max mem: 2671
      Evaluation: [1977/1978]  eta: 0:00:00    time: 0.0679  data: 0.0000  max mem: 2671
      Evaluation: Total time: 0:02:14 (0.0678 s / it)
     Computing matching score time 0:02:14
### TTA ITM Score: 
+-------------------+--------+--------+--------+--------+--------+
|       epoch       |   R1   |   R5   |  R10   |  mAP   |  mINP  |
+-------------------+--------+--------+--------+--------+--------+
|  cos_sim_wo/norm  | 58.544 | 91.860 | 95.703 | 73.596 | 73.596 |
|        -999       | 69.414 | 95.197 | 97.776 | 81.233 | 81.233 |
| itm_score_wo/norm | 84.328 | 98.989 | 99.494 | 91.293 | 91.293 |
|        -999       | 84.277 | 99.039 | 99.596 | 91.276 | 91.276 |
|         0         | 84.277 | 99.039 | 99.596 | 91.276 | 91.276 |
|         1         | 84.580 | 99.039 | 99.596 | 91.418 | 91.418 |
|         2         | 84.631 | 98.989 | 99.596 | 91.428 | 91.428 |
+-------------------+--------+--------+--------+--------+--------+
     logs:  {'epo': 2, 'R1': 84.631, 'R5': 98.989, 'R10': 99.596, 'mAP': 91.428, 'mINP': 91.428, 'entropy': 0.340946, 'uncertainty': 2.223665, 'uncertainty_coeffi': 0.01, 'loss': 2.422384, 'lr': 1.5e-05}
      TTA Epoch: [3] [ 0/61]  eta: 0:00:26  entropy: 0.3543  uncertainty: 1.5164  uncertainty_coeffi: 0.0100  loss: 1.7664  lr: 0.000018  time: 0.4392  data: 0.3545  max mem: 2671
      TTA Epoch: [3] [60/61]  eta: 0:00:00  entropy: 0.2739  uncertainty: 2.2262  uncertainty_coeffi: 0.0100  loss: 2.3639  lr: 0.000024  time: 0.0589  data: 0.0001  max mem: 2671
      TTA Epoch: [3] Total time: 0:00:04 (0.0656 s / it)
     Averaged stats: entropy: 0.3272  uncertainty: 2.2313  uncertainty_coeffi: 0.0100  loss: 2.4186  lr: 0.0000
     itm tta time 0:00:04
      TTA Epoch: [4] [ 0/61]  eta: 0:00:25  entropy: 0.3462  uncertainty: 2.9127  uncertainty_coeffi: 0.0100  loss: 3.0558  lr: 0.000024  time: 0.4239  data: 0.3424  max mem: 2671
      TTA Epoch: [4] [60/61]  eta: 0:00:00  entropy: 0.3065  uncertainty: 2.2543  uncertainty_coeffi: 0.0100  loss: 2.4339  lr: 0.000030  time: 0.0592  data: 0.0001  max mem: 2671
      TTA Epoch: [4] Total time: 0:00:04 (0.0661 s / it)
     Averaged stats: entropy: 0.3127  uncertainty: 2.2303  uncertainty_coeffi: 0.0100  loss: 2.4089  lr: 0.0000
     itm tta time 0:00:04
     Computing matching score
      Evaluation: [   0/1978]  eta: 0:02:19    time: 0.0708  data: 0.0038  max mem: 2671
      Evaluation: [ 100/1978]  eta: 0:02:07    time: 0.0677  data: 0.0000  max mem: 2671
      Evaluation: [ 200/1978]  eta: 0:02:00    time: 0.0677  data: 0.0000  max mem: 2671
      Evaluation: [ 300/1978]  eta: 0:01:53    time: 0.0677  data: 0.0000  max mem: 2671
      Evaluation: [ 400/1978]  eta: 0:01:46    time: 0.0678  data: 0.0000  max mem: 2671
      Evaluation: [ 500/1978]  eta: 0:01:40    time: 0.0678  data: 0.0000  max mem: 2671
      Evaluation: [ 600/1978]  eta: 0:01:33    time: 0.0678  data: 0.0000  max mem: 2671
      Evaluation: [ 700/1978]  eta: 0:01:26    time: 0.0677  data: 0.0000  max mem: 2671
      Evaluation: [ 800/1978]  eta: 0:01:19    time: 0.0676  data: 0.0000  max mem: 2671
      Evaluation: [ 900/1978]  eta: 0:01:13    time: 0.0677  data: 0.0000  max mem: 2671
      Evaluation: [1000/1978]  eta: 0:01:06    time: 0.0678  data: 0.0000  max mem: 2671
      Evaluation: [1100/1978]  eta: 0:00:59    time: 0.0677  data: 0.0000  max mem: 2671
      Evaluation: [1200/1978]  eta: 0:00:52    time: 0.0677  data: 0.0000  max mem: 2671
      Evaluation: [1300/1978]  eta: 0:00:45    time: 0.0678  data: 0.0000  max mem: 2671
      Evaluation: [1400/1978]  eta: 0:00:39    time: 0.0677  data: 0.0000  max mem: 2671
      Evaluation: [1500/1978]  eta: 0:00:32    time: 0.0677  data: 0.0000  max mem: 2671
      Evaluation: [1600/1978]  eta: 0:00:25    time: 0.0677  data: 0.0000  max mem: 2671
      Evaluation: [1700/1978]  eta: 0:00:18    time: 0.0677  data: 0.0000  max mem: 2671
      Evaluation: [1800/1978]  eta: 0:00:12    time: 0.0678  data: 0.0000  max mem: 2671
      Evaluation: [1900/1978]  eta: 0:00:05    time: 0.0677  data: 0.0000  max mem: 2671
      Evaluation: [1977/1978]  eta: 0:00:00    time: 0.0677  data: 0.0000  max mem: 2671
      Evaluation: Total time: 0:02:14 (0.0678 s / it)
     Computing matching score time 0:02:14
### TTA ITM Score: 
+-------------------+--------+--------+--------+--------+--------+
|       epoch       |   R1   |   R5   |  R10   |  mAP   |  mINP  |
+-------------------+--------+--------+--------+--------+--------+
|  cos_sim_wo/norm  | 58.544 | 91.860 | 95.703 | 73.596 | 73.596 |
|        -999       | 69.414 | 95.197 | 97.776 | 81.233 | 81.233 |
| itm_score_wo/norm | 84.328 | 98.989 | 99.494 | 91.293 | 91.293 |
|        -999       | 84.277 | 99.039 | 99.596 | 91.276 | 91.276 |
|         0         | 84.277 | 99.039 | 99.596 | 91.276 | 91.276 |
|         1         | 84.580 | 99.039 | 99.596 | 91.418 | 91.418 |
|         2         | 84.631 | 98.989 | 99.596 | 91.428 | 91.428 |
|         4         | 84.833 | 98.888 | 99.545 | 91.505 | 91.505 |
+-------------------+--------+--------+--------+--------+--------+
     logs:  {'epo': 4, 'R1': 84.833, 'R5': 98.888, 'R10': 99.545, 'mAP': 91.505, 'mINP': 91.505, 'entropy': 0.312701, 'uncertainty': 2.230277, 'uncertainty_coeffi': 0.01, 'loss': 2.408935, 'lr': 2.7e-05}
      TTA Epoch: [5] [ 0/61]  eta: 0:00:25  entropy: 0.3155  uncertainty: 2.0319  uncertainty_coeffi: 0.0100  loss: 2.2410  lr: 0.000031  time: 0.4130  data: 0.3394  max mem: 2671
      TTA Epoch: [5] [60/61]  eta: 0:00:00  entropy: 0.2546  uncertainty: 2.4292  uncertainty_coeffi: 0.0100  loss: 2.5833  lr: 0.000037  time: 0.0604  data: 0.0001  max mem: 2671
      TTA Epoch: [5] Total time: 0:00:04 (0.0670 s / it)
     Averaged stats: entropy: 0.2987  uncertainty: 2.2097  uncertainty_coeffi: 0.0100  loss: 2.3795  lr: 0.0000
     itm tta time 0:00:04
      TTA Epoch: [6] [ 0/61]  eta: 0:00:28  entropy: 0.3586  uncertainty: 2.1391  uncertainty_coeffi: 0.0100  loss: 2.3445  lr: 0.000037  time: 0.4662  data: 0.3758  max mem: 2671
      TTA Epoch: [6] [60/61]  eta: 0:00:00  entropy: 0.2816  uncertainty: 2.4871  uncertainty_coeffi: 0.0100  loss: 2.6188  lr: 0.000043  time: 0.0606  data: 0.0001  max mem: 2671
      TTA Epoch: [6] Total time: 0:00:04 (0.0682 s / it)
     Averaged stats: entropy: 0.2839  uncertainty: 2.2245  uncertainty_coeffi: 0.0100  loss: 2.3822  lr: 0.0000
     itm tta time 0:00:04
      TTA Epoch: [7] [ 0/61]  eta: 0:00:23  entropy: 0.2242  uncertainty: 2.1050  uncertainty_coeffi: 0.0100  loss: 2.2122  lr: 0.000043  time: 0.3794  data: 0.3057  max mem: 2671
      TTA Epoch: [7] [60/61]  eta: 0:00:00  entropy: 0.1558  uncertainty: 1.8843  uncertainty_coeffi: 0.0100  loss: 1.9704  lr: 0.000049  time: 0.0598  data: 0.0001  max mem: 2671
      TTA Epoch: [7] Total time: 0:00:04 (0.0658 s / it)
     Averaged stats: entropy: 0.2703  uncertainty: 2.2204  uncertainty_coeffi: 0.0100  loss: 2.3671  lr: 0.0000
     itm tta time 0:00:04
      TTA Epoch: [8] [ 0/61]  eta: 0:00:30  entropy: 0.2813  uncertainty: 2.1945  uncertainty_coeffi: 0.0100  loss: 2.3846  lr: 0.000049  time: 0.4947  data: 0.3982  max mem: 2671
      TTA Epoch: [8] [60/61]  eta: 0:00:00  entropy: 0.2063  uncertainty: 2.3460  uncertainty_coeffi: 0.0100  loss: 2.4800  lr: 0.000049  time: 0.0603  data: 0.0001  max mem: 2671
      TTA Epoch: [8] Total time: 0:00:04 (0.0682 s / it)
     Averaged stats: entropy: 0.2533  uncertainty: 2.2221  uncertainty_coeffi: 0.0100  loss: 2.3582  lr: 0.0000
     itm tta time 0:00:04
      TTA Epoch: [9] [ 0/61]  eta: 0:00:23  entropy: 0.2258  uncertainty: 2.1228  uncertainty_coeffi: 0.0100  loss: 2.2624  lr: 0.000049  time: 0.3856  data: 0.3064  max mem: 2671
      TTA Epoch: [9] [60/61]  eta: 0:00:00  entropy: 0.1773  uncertainty: 2.0169  uncertainty_coeffi: 0.0100  loss: 2.1518  lr: 0.000048  time: 0.0612  data: 0.0001  max mem: 2671
      TTA Epoch: [9] Total time: 0:00:04 (0.0671 s / it)
     Averaged stats: entropy: 0.2440  uncertainty: 2.2289  uncertainty_coeffi: 0.0100  loss: 2.3578  lr: 0.0000
     itm tta time 0:00:04
     Computing matching score
      Evaluation: [   0/1978]  eta: 0:02:19    time: 0.0707  data: 0.0030  max mem: 2671
      Evaluation: [ 100/1978]  eta: 0:02:08    time: 0.0682  data: 0.0000  max mem: 2671
      Evaluation: [ 200/1978]  eta: 0:02:01    time: 0.0682  data: 0.0000  max mem: 2671
      Evaluation: [ 300/1978]  eta: 0:01:54    time: 0.0682  data: 0.0000  max mem: 2671
      Evaluation: [ 400/1978]  eta: 0:01:47    time: 0.0681  data: 0.0000  max mem: 2671
      Evaluation: [ 500/1978]  eta: 0:01:40    time: 0.0682  data: 0.0000  max mem: 2671
      Evaluation: [ 600/1978]  eta: 0:01:33    time: 0.0682  data: 0.0000  max mem: 2671
      Evaluation: [ 700/1978]  eta: 0:01:27    time: 0.0681  data: 0.0000  max mem: 2671
      Evaluation: [ 800/1978]  eta: 0:01:20    time: 0.0681  data: 0.0000  max mem: 2671
      Evaluation: [ 900/1978]  eta: 0:01:13    time: 0.0682  data: 0.0000  max mem: 2671
      Evaluation: [1000/1978]  eta: 0:01:06    time: 0.0681  data: 0.0000  max mem: 2671
      Evaluation: [1100/1978]  eta: 0:00:59    time: 0.0682  data: 0.0000  max mem: 2671
      Evaluation: [1200/1978]  eta: 0:00:53    time: 0.0682  data: 0.0000  max mem: 2671
      Evaluation: [1300/1978]  eta: 0:00:46    time: 0.0682  data: 0.0000  max mem: 2671
      Evaluation: [1400/1978]  eta: 0:00:39    time: 0.0682  data: 0.0000  max mem: 2671
      Evaluation: [1500/1978]  eta: 0:00:32    time: 0.0684  data: 0.0000  max mem: 2671
      Evaluation: [1600/1978]  eta: 0:00:25    time: 0.0685  data: 0.0000  max mem: 2671
      Evaluation: [1700/1978]  eta: 0:00:18    time: 0.0682  data: 0.0000  max mem: 2671
      Evaluation: [1800/1978]  eta: 0:00:12    time: 0.0690  data: 0.0000  max mem: 2671
      Evaluation: [1900/1978]  eta: 0:00:05    time: 0.0681  data: 0.0000  max mem: 2671
      Evaluation: [1977/1978]  eta: 0:00:00    time: 0.0681  data: 0.0000  max mem: 2671
      Evaluation: Total time: 0:02:14 (0.0682 s / it)
     Computing matching score time 0:02:15
### TTA ITM Score: 
+-------------------+--------+--------+--------+--------+--------+
|       epoch       |   R1   |   R5   |  R10   |  mAP   |  mINP  |
+-------------------+--------+--------+--------+--------+--------+
|  cos_sim_wo/norm  | 58.544 | 91.860 | 95.703 | 73.596 | 73.596 |
|        -999       | 69.414 | 95.197 | 97.776 | 81.233 | 81.233 |
| itm_score_wo/norm | 84.328 | 98.989 | 99.494 | 91.293 | 91.293 |
|        -999       | 84.277 | 99.039 | 99.596 | 91.276 | 91.276 |
|         0         | 84.277 | 99.039 | 99.596 | 91.276 | 91.276 |
|         1         | 84.580 | 99.039 | 99.596 | 91.418 | 91.418 |
|         2         | 84.631 | 98.989 | 99.596 | 91.428 | 91.428 |
|         4         | 84.833 | 98.888 | 99.545 | 91.505 | 91.505 |
|         9         | 84.631 | 98.686 | 99.343 | 91.317 | 91.317 |
+-------------------+--------+--------+--------+--------+--------+
     logs:  {'epo': 9, 'R1': 84.631, 'R5': 98.686, 'R10': 99.343, 'mAP': 91.317, 'mINP': 91.317, 'entropy': 0.243965, 'uncertainty': 2.228873, 'uncertainty_coeffi': 0.01, 'loss': 2.357753, 'lr': 4.9e-05}
      TTA Epoch: [10] [ 0/61]  eta: 0:00:23  entropy: 0.2645  uncertainty: 2.1390  uncertainty_coeffi: 0.0100  loss: 2.3089  lr: 0.000048  time: 0.3920  data: 0.3104  max mem: 2671
      TTA Epoch: [10] [60/61]  eta: 0:00:00  entropy: 0.0836  uncertainty: 2.0666  uncertainty_coeffi: 0.0100  loss: 2.1063  lr: 0.000047  time: 0.0594  data: 0.0001  max mem: 2671
      TTA Epoch: [10] Total time: 0:00:04 (0.0659 s / it)
     Averaged stats: entropy: 0.2360  uncertainty: 2.2322  uncertainty_coeffi: 0.0100  loss: 2.3552  lr: 0.0000
     itm tta time 0:00:04
      TTA Epoch: [11] [ 0/61]  eta: 0:00:30  entropy: 0.2588  uncertainty: 1.9595  uncertainty_coeffi: 0.0100  loss: 2.1260  lr: 0.000047  time: 0.5016  data: 0.3972  max mem: 2671
      TTA Epoch: [11] [60/61]  eta: 0:00:00  entropy: 0.1889  uncertainty: 2.4927  uncertainty_coeffi: 0.0100  loss: 2.5853  lr: 0.000046  time: 0.0606  data: 0.0001  max mem: 2671
      TTA Epoch: [11] Total time: 0:00:04 (0.0689 s / it)
     Averaged stats: entropy: 0.2304  uncertainty: 2.2273  uncertainty_coeffi: 0.0100  loss: 2.3469  lr: 0.0000
     itm tta time 0:00:04
      TTA Epoch: [12] [ 0/61]  eta: 0:00:32  entropy: 0.2261  uncertainty: 2.1593  uncertainty_coeffi: 0.0100  loss: 2.2909  lr: 0.000046  time: 0.5360  data: 0.4390  max mem: 2671
      TTA Epoch: [12] [60/61]  eta: 0:00:00  entropy: 0.2333  uncertainty: 2.1360  uncertainty_coeffi: 0.0100  loss: 2.2669  lr: 0.000045  time: 0.0611  data: 0.0001  max mem: 2671
      TTA Epoch: [12] Total time: 0:00:04 (0.0702 s / it)
     Averaged stats: entropy: 0.2237  uncertainty: 2.2251  uncertainty_coeffi: 0.0100  loss: 2.3399  lr: 0.0000
     itm tta time 0:00:04
      TTA Epoch: [13] [ 0/61]  eta: 0:00:25  entropy: 0.1786  uncertainty: 2.4976  uncertainty_coeffi: 0.0100  loss: 2.5701  lr: 0.000045  time: 0.4244  data: 0.3506  max mem: 2671
      TTA Epoch: [13] [60/61]  eta: 0:00:00  entropy: 0.2665  uncertainty: 2.0687  uncertainty_coeffi: 0.0100  loss: 2.2239  lr: 0.000045  time: 0.0612  data: 0.0001  max mem: 2671
      TTA Epoch: [13] Total time: 0:00:04 (0.0681 s / it)
     Averaged stats: entropy: 0.2092  uncertainty: 2.2215  uncertainty_coeffi: 0.0100  loss: 2.3292  lr: 0.0000
     itm tta time 0:00:04
      TTA Epoch: [14] [ 0/61]  eta: 0:00:26  entropy: 0.1801  uncertainty: 2.2185  uncertainty_coeffi: 0.0100  loss: 2.3018  lr: 0.000044  time: 0.4307  data: 0.3430  max mem: 2671
      TTA Epoch: [14] [60/61]  eta: 0:00:00  entropy: 0.1327  uncertainty: 1.7709  uncertainty_coeffi: 0.0100  loss: 1.8631  lr: 0.000044  time: 0.0611  data: 0.0001  max mem: 2671
      TTA Epoch: [14] Total time: 0:00:04 (0.0683 s / it)
     Averaged stats: entropy: 0.2057  uncertainty: 2.2235  uncertainty_coeffi: 0.0100  loss: 2.3276  lr: 0.0000
     itm tta time 0:00:04
     Computing matching score
      Evaluation: [   0/1978]  eta: 0:02:20    time: 0.0710  data: 0.0032  max mem: 2671
      Evaluation: [ 100/1978]  eta: 0:02:07    time: 0.0680  data: 0.0000  max mem: 2671
      Evaluation: [ 200/1978]  eta: 0:02:00    time: 0.0680  data: 0.0000  max mem: 2671
      Evaluation: [ 300/1978]  eta: 0:01:54    time: 0.0680  data: 0.0000  max mem: 2671
      Evaluation: [ 400/1978]  eta: 0:01:47    time: 0.0680  data: 0.0000  max mem: 2671
      Evaluation: [ 500/1978]  eta: 0:01:40    time: 0.0680  data: 0.0000  max mem: 2671
      Evaluation: [ 600/1978]  eta: 0:01:33    time: 0.0679  data: 0.0000  max mem: 2671
      Evaluation: [ 700/1978]  eta: 0:01:26    time: 0.0680  data: 0.0000  max mem: 2671
      Evaluation: [ 800/1978]  eta: 0:01:20    time: 0.0681  data: 0.0000  max mem: 2671
      Evaluation: [ 900/1978]  eta: 0:01:13    time: 0.0681  data: 0.0000  max mem: 2671
      Evaluation: [1000/1978]  eta: 0:01:06    time: 0.0679  data: 0.0000  max mem: 2671
      Evaluation: [1100/1978]  eta: 0:00:59    time: 0.0680  data: 0.0000  max mem: 2671
      Evaluation: [1200/1978]  eta: 0:00:52    time: 0.0680  data: 0.0000  max mem: 2671
      Evaluation: [1300/1978]  eta: 0:00:46    time: 0.0679  data: 0.0000  max mem: 2671
      Evaluation: [1400/1978]  eta: 0:00:39    time: 0.0677  data: 0.0000  max mem: 2671
      Evaluation: [1500/1978]  eta: 0:00:32    time: 0.0678  data: 0.0000  max mem: 2671
      Evaluation: [1600/1978]  eta: 0:00:25    time: 0.0678  data: 0.0000  max mem: 2671
      Evaluation: [1700/1978]  eta: 0:00:18    time: 0.0677  data: 0.0000  max mem: 2671
      Evaluation: [1800/1978]  eta: 0:00:12    time: 0.0677  data: 0.0000  max mem: 2671
      Evaluation: [1900/1978]  eta: 0:00:05    time: 0.0678  data: 0.0000  max mem: 2671
      Evaluation: [1977/1978]  eta: 0:00:00    time: 0.0679  data: 0.0000  max mem: 2671
      Evaluation: Total time: 0:02:14 (0.0679 s / it)
     Computing matching score time 0:02:14
### TTA ITM Score: 
+-------------------+--------+--------+--------+--------+--------+
|       epoch       |   R1   |   R5   |  R10   |  mAP   |  mINP  |
+-------------------+--------+--------+--------+--------+--------+
|  cos_sim_wo/norm  | 58.544 | 91.860 | 95.703 | 73.596 | 73.596 |
|        -999       | 69.414 | 95.197 | 97.776 | 81.233 | 81.233 |
| itm_score_wo/norm | 84.328 | 98.989 | 99.494 | 91.293 | 91.293 |
|        -999       | 84.277 | 99.039 | 99.596 | 91.276 | 91.276 |
|         0         | 84.277 | 99.039 | 99.596 | 91.276 | 91.276 |
|         1         | 84.580 | 99.039 | 99.596 | 91.418 | 91.418 |
|         2         | 84.631 | 98.989 | 99.596 | 91.428 | 91.428 |
|         4         | 84.833 | 98.888 | 99.545 | 91.505 | 91.505 |
|         9         | 84.631 | 98.686 | 99.343 | 91.317 | 91.317 |
|         14        | 84.681 | 98.584 | 99.191 | 91.300 | 91.300 |
+-------------------+--------+--------+--------+--------+--------+
     logs:  {'epo': 14, 'R1': 84.681, 'R5': 98.584, 'R10': 99.191, 'mAP': 91.3, 'mINP': 91.3, 'entropy': 0.205706, 'uncertainty': 2.223525, 'uncertainty_coeffi': 0.01, 'loss': 2.327606, 'lr': 4.4e-05}
      TTA Epoch: [15] [ 0/61]  eta: 0:00:28  entropy: 0.1266  uncertainty: 2.3902  uncertainty_coeffi: 0.0100  loss: 2.4514  lr: 0.000044  time: 0.4664  data: 0.3743  max mem: 2671
      TTA Epoch: [15] [60/61]  eta: 0:00:00  entropy: 0.1941  uncertainty: 2.0834  uncertainty_coeffi: 0.0100  loss: 2.1798  lr: 0.000043  time: 0.0613  data: 0.0001  max mem: 2671
      TTA Epoch: [15] Total time: 0:00:04 (0.0683 s / it)
     Averaged stats: entropy: 0.1999  uncertainty: 2.2148  uncertainty_coeffi: 0.0100  loss: 2.3167  lr: 0.0000
     itm tta time 0:00:04
      TTA Epoch: [16] [ 0/61]  eta: 0:00:38  entropy: 0.2192  uncertainty: 2.4132  uncertainty_coeffi: 0.0100  loss: 2.4926  lr: 0.000043  time: 0.6262  data: 0.5086  max mem: 2671
      TTA Epoch: [16] [60/61]  eta: 0:00:00  entropy: 0.1333  uncertainty: 2.2837  uncertainty_coeffi: 0.0100  loss: 2.3608  lr: 0.000042  time: 0.0607  data: 0.0001  max mem: 2671
      TTA Epoch: [16] Total time: 0:00:04 (0.0708 s / it)
     Averaged stats: entropy: 0.2018  uncertainty: 2.2269  uncertainty_coeffi: 0.0100  loss: 2.3291  lr: 0.0000
     itm tta time 0:00:04
      TTA Epoch: [17] [ 0/61]  eta: 0:00:30  entropy: 0.2027  uncertainty: 2.1341  uncertainty_coeffi: 0.0100  loss: 2.2369  lr: 0.000042  time: 0.5025  data: 0.3865  max mem: 2671
      TTA Epoch: [17] [60/61]  eta: 0:00:00  entropy: 0.2593  uncertainty: 1.6610  uncertainty_coeffi: 0.0100  loss: 1.8303  lr: 0.000041  time: 0.0610  data: 0.0001  max mem: 2671
      TTA Epoch: [17] Total time: 0:00:04 (0.0692 s / it)
     Averaged stats: entropy: 0.1974  uncertainty: 2.2173  uncertainty_coeffi: 0.0100  loss: 2.3170  lr: 0.0000
     itm tta time 0:00:04
      TTA Epoch: [18] [ 0/61]  eta: 0:00:30  entropy: 0.2451  uncertainty: 2.6151  uncertainty_coeffi: 0.0100  loss: 2.7088  lr: 0.000041  time: 0.4953  data: 0.4074  max mem: 2671
      TTA Epoch: [18] [60/61]  eta: 0:00:00  entropy: 0.1526  uncertainty: 1.9300  uncertainty_coeffi: 0.0100  loss: 2.0157  lr: 0.000040  time: 0.0610  data: 0.0001  max mem: 2671
      TTA Epoch: [18] Total time: 0:00:04 (0.0694 s / it)
     Averaged stats: entropy: 0.1867  uncertainty: 2.2304  uncertainty_coeffi: 0.0100  loss: 2.3247  lr: 0.0000
     itm tta time 0:00:04
      TTA Epoch: [19] [ 0/61]  eta: 0:00:31  entropy: 0.0952  uncertainty: 2.1348  uncertainty_coeffi: 0.0100  loss: 2.1841  lr: 0.000040  time: 0.5131  data: 0.4164  max mem: 2671
      TTA Epoch: [19] [60/61]  eta: 0:00:00  entropy: 0.0363  uncertainty: 2.0557  uncertainty_coeffi: 0.0100  loss: 2.0681  lr: 0.000039  time: 0.0601  data: 0.0001  max mem: 2671
      TTA Epoch: [19] Total time: 0:00:04 (0.0686 s / it)
     Averaged stats: entropy: 0.1845  uncertainty: 2.2304  uncertainty_coeffi: 0.0100  loss: 2.3233  lr: 0.0000
     itm tta time 0:00:04
     Computing matching score
      Evaluation: [   0/1978]  eta: 0:02:35    time: 0.0787  data: 0.0055  max mem: 2671
      Evaluation: [ 100/1978]  eta: 0:02:08    time: 0.0682  data: 0.0000  max mem: 2671
      Evaluation: [ 200/1978]  eta: 0:02:01    time: 0.0682  data: 0.0000  max mem: 2671
      Evaluation: [ 300/1978]  eta: 0:01:54    time: 0.0682  data: 0.0000  max mem: 2671
      Evaluation: [ 400/1978]  eta: 0:01:47    time: 0.0681  data: 0.0000  max mem: 2671
      Evaluation: [ 500/1978]  eta: 0:01:40    time: 0.0679  data: 0.0000  max mem: 2671
      Evaluation: [ 600/1978]  eta: 0:01:33    time: 0.0677  data: 0.0000  max mem: 2671
      Evaluation: [ 700/1978]  eta: 0:01:27    time: 0.0678  data: 0.0000  max mem: 2671
      Evaluation: [ 800/1978]  eta: 0:01:20    time: 0.0677  data: 0.0000  max mem: 2671
      Evaluation: [ 900/1978]  eta: 0:01:13    time: 0.0676  data: 0.0000  max mem: 2671
      Evaluation: [1000/1978]  eta: 0:01:06    time: 0.0681  data: 0.0000  max mem: 2671
      Evaluation: [1100/1978]  eta: 0:00:59    time: 0.0677  data: 0.0000  max mem: 2671
      Evaluation: [1200/1978]  eta: 0:00:52    time: 0.0678  data: 0.0000  max mem: 2671
      Evaluation: [1300/1978]  eta: 0:00:46    time: 0.0678  data: 0.0000  max mem: 2671
      Evaluation: [1400/1978]  eta: 0:00:39    time: 0.0677  data: 0.0000  max mem: 2671
      Evaluation: [1500/1978]  eta: 0:00:32    time: 0.0680  data: 0.0000  max mem: 2671
      Evaluation: [1600/1978]  eta: 0:00:25    time: 0.0676  data: 0.0000  max mem: 2671
      Evaluation: [1700/1978]  eta: 0:00:18    time: 0.0677  data: 0.0000  max mem: 2671
      Evaluation: [1800/1978]  eta: 0:00:12    time: 0.0677  data: 0.0000  max mem: 2671
      Evaluation: [1900/1978]  eta: 0:00:05    time: 0.0676  data: 0.0000  max mem: 2671
      Evaluation: [1977/1978]  eta: 0:00:00    time: 0.0677  data: 0.0000  max mem: 2671
      Evaluation: Total time: 0:02:14 (0.0679 s / it)
     Computing matching score time 0:02:14
### TTA ITM Score: 
+-------------------+--------+--------+--------+--------+--------+
|       epoch       |   R1   |   R5   |  R10   |  mAP   |  mINP  |
+-------------------+--------+--------+--------+--------+--------+
|  cos_sim_wo/norm  | 58.544 | 91.860 | 95.703 | 73.596 | 73.596 |
|        -999       | 69.414 | 95.197 | 97.776 | 81.233 | 81.233 |
| itm_score_wo/norm | 84.328 | 98.989 | 99.494 | 91.293 | 91.293 |
|        -999       | 84.277 | 99.039 | 99.596 | 91.276 | 91.276 |
|         0         | 84.277 | 99.039 | 99.596 | 91.276 | 91.276 |
|         1         | 84.580 | 99.039 | 99.596 | 91.418 | 91.418 |
|         2         | 84.631 | 98.989 | 99.596 | 91.428 | 91.428 |
|         4         | 84.833 | 98.888 | 99.545 | 91.505 | 91.505 |
|         9         | 84.631 | 98.686 | 99.343 | 91.317 | 91.317 |
|         14        | 84.681 | 98.584 | 99.191 | 91.300 | 91.300 |
|         19        | 84.530 | 98.584 | 99.191 | 91.212 | 91.212 |
+-------------------+--------+--------+--------+--------+--------+
     logs:  {'epo': 19, 'R1': 84.53, 'R5': 98.584, 'R10': 99.191, 'mAP': 91.212, 'mINP': 91.212, 'entropy': 0.184539, 'uncertainty': 2.230403, 'uncertainty_coeffi': 0.01, 'loss': 2.323262, 'lr': 3.9e-05}
      TTA Epoch: [20] [ 0/61]  eta: 0:00:33  entropy: 0.2230  uncertainty: 1.9055  uncertainty_coeffi: 0.0100  loss: 2.0007  lr: 0.000039  time: 0.5504  data: 0.4460  max mem: 2671
      TTA Epoch: [20] [60/61]  eta: 0:00:00  entropy: 0.1766  uncertainty: 1.9697  uncertainty_coeffi: 0.0100  loss: 2.0610  lr: 0.000038  time: 0.0613  data: 0.0001  max mem: 2671
      TTA Epoch: [20] Total time: 0:00:04 (0.0699 s / it)
     Averaged stats: entropy: 0.1802  uncertainty: 2.2145  uncertainty_coeffi: 0.0100  loss: 2.3053  lr: 0.0000
     itm tta time 0:00:04
      TTA Epoch: [21] [ 0/61]  eta: 0:00:38  entropy: 0.1881  uncertainty: 2.1407  uncertainty_coeffi: 0.0100  loss: 2.2196  lr: 0.000038  time: 0.6319  data: 0.5116  max mem: 2671
      TTA Epoch: [21] [60/61]  eta: 0:00:00  entropy: 0.1756  uncertainty: 2.7638  uncertainty_coeffi: 0.0100  loss: 2.8590  lr: 0.000037  time: 0.0610  data: 0.0001  max mem: 2671
      TTA Epoch: [21] Total time: 0:00:04 (0.0711 s / it)
     Averaged stats: entropy: 0.1770  uncertainty: 2.2253  uncertainty_coeffi: 0.0100  loss: 2.3149  lr: 0.0000
     itm tta time 0:00:04
      TTA Epoch: [22] [ 0/61]  eta: 0:00:42  entropy: 0.1531  uncertainty: 1.9282  uncertainty_coeffi: 0.0100  loss: 1.9995  lr: 0.000037  time: 0.6907  data: 0.5739  max mem: 2671
      TTA Epoch: [22] [60/61]  eta: 0:00:00  entropy: 0.1409  uncertainty: 1.9843  uncertainty_coeffi: 0.0100  loss: 2.0604  lr: 0.000036  time: 0.0599  data: 0.0001  max mem: 2671
      TTA Epoch: [22] Total time: 0:00:04 (0.0717 s / it)
     Averaged stats: entropy: 0.1721  uncertainty: 2.2197  uncertainty_coeffi: 0.0100  loss: 2.3060  lr: 0.0000
     itm tta time 0:00:04
      TTA Epoch: [23] [ 0/61]  eta: 0:00:29  entropy: 0.1557  uncertainty: 2.3421  uncertainty_coeffi: 0.0100  loss: 2.4298  lr: 0.000036  time: 0.4884  data: 0.3955  max mem: 2671
      TTA Epoch: [23] [60/61]  eta: 0:00:00  entropy: 0.1886  uncertainty: 2.1875  uncertainty_coeffi: 0.0100  loss: 2.2838  lr: 0.000035  time: 0.0603  data: 0.0001  max mem: 2671
      TTA Epoch: [23] Total time: 0:00:04 (0.0688 s / it)
     Averaged stats: entropy: 0.1710  uncertainty: 2.2147  uncertainty_coeffi: 0.0100  loss: 2.3006  lr: 0.0000
     itm tta time 0:00:04
      TTA Epoch: [24] [ 0/61]  eta: 0:00:27  entropy: 0.2917  uncertainty: 2.6128  uncertainty_coeffi: 0.0100  loss: 2.7189  lr: 0.000035  time: 0.4549  data: 0.3704  max mem: 2671
      TTA Epoch: [24] [60/61]  eta: 0:00:00  entropy: 0.1948  uncertainty: 2.5606  uncertainty_coeffi: 0.0100  loss: 2.6294  lr: 0.000034  time: 0.0614  data: 0.0001  max mem: 2671
      TTA Epoch: [24] Total time: 0:00:04 (0.0688 s / it)
     Averaged stats: entropy: 0.1678  uncertainty: 2.2273  uncertainty_coeffi: 0.0100  loss: 2.3100  lr: 0.0000
     itm tta time 0:00:04
      TTA Epoch: [25] [ 0/61]  eta: 0:00:35  entropy: 0.1537  uncertainty: 2.0063  uncertainty_coeffi: 0.0100  loss: 2.0842  lr: 0.000034  time: 0.5876  data: 0.4771  max mem: 2671
      TTA Epoch: [25] [60/61]  eta: 0:00:00  entropy: 0.2180  uncertainty: 1.8903  uncertainty_coeffi: 0.0100  loss: 2.0219  lr: 0.000033  time: 0.0620  data: 0.0001  max mem: 2671
      TTA Epoch: [25] Total time: 0:00:04 (0.0715 s / it)
     Averaged stats: entropy: 0.1605  uncertainty: 2.2205  uncertainty_coeffi: 0.0100  loss: 2.3001  lr: 0.0000
     itm tta time 0:00:04
      TTA Epoch: [26] [ 0/61]  eta: 0:00:36  entropy: 0.1829  uncertainty: 2.0514  uncertainty_coeffi: 0.0100  loss: 2.1656  lr: 0.000033  time: 0.5911  data: 0.4781  max mem: 2671
      TTA Epoch: [26] [60/61]  eta: 0:00:00  entropy: 0.0656  uncertainty: 2.3290  uncertainty_coeffi: 0.0100  loss: 2.3606  lr: 0.000032  time: 0.0618  data: 0.0001  max mem: 2671
      TTA Epoch: [26] Total time: 0:00:04 (0.0714 s / it)
     Averaged stats: entropy: 0.1630  uncertainty: 2.2187  uncertainty_coeffi: 0.0100  loss: 2.3017  lr: 0.0000
     itm tta time 0:00:04
      TTA Epoch: [27] [ 0/61]  eta: 0:00:36  entropy: 0.1244  uncertainty: 2.4429  uncertainty_coeffi: 0.0100  loss: 2.4944  lr: 0.000032  time: 0.5933  data: 0.4736  max mem: 2671
      TTA Epoch: [27] [60/61]  eta: 0:00:00  entropy: 0.0793  uncertainty: 2.3020  uncertainty_coeffi: 0.0100  loss: 2.3391  lr: 0.000031  time: 0.0618  data: 0.0001  max mem: 2671
      TTA Epoch: [27] Total time: 0:00:04 (0.0715 s / it)
     Averaged stats: entropy: 0.1587  uncertainty: 2.2182  uncertainty_coeffi: 0.0100  loss: 2.2968  lr: 0.0000
     itm tta time 0:00:04
      TTA Epoch: [28] [ 0/61]  eta: 0:00:33  entropy: 0.1729  uncertainty: 1.8976  uncertainty_coeffi: 0.0100  loss: 2.0053  lr: 0.000031  time: 0.5515  data: 0.4632  max mem: 2671
      TTA Epoch: [28] [60/61]  eta: 0:00:00  entropy: 0.1703  uncertainty: 2.6270  uncertainty_coeffi: 0.0100  loss: 2.6878  lr: 0.000030  time: 0.0611  data: 0.0001  max mem: 2671
      TTA Epoch: [28] Total time: 0:00:04 (0.0705 s / it)
     Averaged stats: entropy: 0.1606  uncertainty: 2.2253  uncertainty_coeffi: 0.0100  loss: 2.3058  lr: 0.0000
     itm tta time 0:00:04
      TTA Epoch: [29] [ 0/61]  eta: 0:00:27  entropy: 0.0831  uncertainty: 2.2945  uncertainty_coeffi: 0.0100  loss: 2.3341  lr: 0.000030  time: 0.4494  data: 0.3393  max mem: 2671
      TTA Epoch: [29] [60/61]  eta: 0:00:00  entropy: 0.1639  uncertainty: 2.2484  uncertainty_coeffi: 0.0100  loss: 2.3237  lr: 0.000029  time: 0.0611  data: 0.0001  max mem: 2671
      TTA Epoch: [29] Total time: 0:00:04 (0.0684 s / it)
     Averaged stats: entropy: 0.1519  uncertainty: 2.2183  uncertainty_coeffi: 0.0100  loss: 2.2939  lr: 0.0000
     itm tta time 0:00:04
     Computing matching score
      Evaluation: [   0/1978]  eta: 0:02:28    time: 0.0751  data: 0.0037  max mem: 2671
      Evaluation: [ 100/1978]  eta: 0:02:08    time: 0.0682  data: 0.0000  max mem: 2671
      Evaluation: [ 200/1978]  eta: 0:02:01    time: 0.0680  data: 0.0000  max mem: 2671
      Evaluation: [ 300/1978]  eta: 0:01:54    time: 0.0679  data: 0.0000  max mem: 2671
      Evaluation: [ 400/1978]  eta: 0:01:47    time: 0.0680  data: 0.0000  max mem: 2671
      Evaluation: [ 500/1978]  eta: 0:01:40    time: 0.0680  data: 0.0000  max mem: 2671
      Evaluation: [ 600/1978]  eta: 0:01:33    time: 0.0679  data: 0.0000  max mem: 2671
      Evaluation: [ 700/1978]  eta: 0:01:26    time: 0.0680  data: 0.0000  max mem: 2671
      Evaluation: [ 800/1978]  eta: 0:01:20    time: 0.0680  data: 0.0000  max mem: 2671
      Evaluation: [ 900/1978]  eta: 0:01:13    time: 0.0680  data: 0.0000  max mem: 2671
      Evaluation: [1000/1978]  eta: 0:01:06    time: 0.0680  data: 0.0000  max mem: 2671
      Evaluation: [1100/1978]  eta: 0:00:59    time: 0.0680  data: 0.0000  max mem: 2671
      Evaluation: [1200/1978]  eta: 0:00:52    time: 0.0680  data: 0.0000  max mem: 2671
      Evaluation: [1300/1978]  eta: 0:00:46    time: 0.0681  data: 0.0000  max mem: 2671
      Evaluation: [1400/1978]  eta: 0:00:39    time: 0.0681  data: 0.0000  max mem: 2671
      Evaluation: [1500/1978]  eta: 0:00:32    time: 0.0680  data: 0.0000  max mem: 2671
      Evaluation: [1600/1978]  eta: 0:00:25    time: 0.0680  data: 0.0000  max mem: 2671
      Evaluation: [1700/1978]  eta: 0:00:18    time: 0.0680  data: 0.0000  max mem: 2671
      Evaluation: [1800/1978]  eta: 0:00:12    time: 0.0680  data: 0.0000  max mem: 2671
      Evaluation: [1900/1978]  eta: 0:00:05    time: 0.0680  data: 0.0000  max mem: 2671
      Evaluation: [1977/1978]  eta: 0:00:00    time: 0.0680  data: 0.0000  max mem: 2671
      Evaluation: Total time: 0:02:14 (0.0680 s / it)
     Computing matching score time 0:02:14
### TTA ITM Score: 
+-------------------+--------+--------+--------+--------+--------+
|       epoch       |   R1   |   R5   |  R10   |  mAP   |  mINP  |
+-------------------+--------+--------+--------+--------+--------+
|  cos_sim_wo/norm  | 58.544 | 91.860 | 95.703 | 73.596 | 73.596 |
|        -999       | 69.414 | 95.197 | 97.776 | 81.233 | 81.233 |
| itm_score_wo/norm | 84.328 | 98.989 | 99.494 | 91.293 | 91.293 |
|        -999       | 84.277 | 99.039 | 99.596 | 91.276 | 91.276 |
|         0         | 84.277 | 99.039 | 99.596 | 91.276 | 91.276 |
|         1         | 84.580 | 99.039 | 99.596 | 91.418 | 91.418 |
|         2         | 84.631 | 98.989 | 99.596 | 91.428 | 91.428 |
|         4         | 84.833 | 98.888 | 99.545 | 91.505 | 91.505 |
|         9         | 84.631 | 98.686 | 99.343 | 91.317 | 91.317 |
|         14        | 84.681 | 98.584 | 99.191 | 91.300 | 91.300 |
|         19        | 84.530 | 98.584 | 99.191 | 91.212 | 91.212 |
|         29        | 84.681 | 98.635 | 99.292 | 91.323 | 91.323 |
+-------------------+--------+--------+--------+--------+--------+
     logs:  {'epo': 29, 'R1': 84.681, 'R5': 98.635, 'R10': 99.292, 'mAP': 91.323, 'mINP': 91.323, 'entropy': 0.15187, 'uncertainty': 2.21825, 'uncertainty_coeffi': 0.01, 'loss': 2.293887, 'lr': 3e-05}
      TTA Epoch: [30] [ 0/61]  eta: 0:00:23  entropy: 0.1966  uncertainty: 2.6460  uncertainty_coeffi: 0.0100  loss: 2.7025  lr: 0.000029  time: 0.3859  data: 0.2870  max mem: 2671
      TTA Epoch: [30] [60/61]  eta: 0:00:00  entropy: 0.2857  uncertainty: 2.8628  uncertainty_coeffi: 0.0100  loss: 2.9984  lr: 0.000028  time: 0.0615  data: 0.0001  max mem: 2671
      TTA Epoch: [30] Total time: 0:00:04 (0.0681 s / it)
     Averaged stats: entropy: 0.1576  uncertainty: 2.2233  uncertainty_coeffi: 0.0100  loss: 2.3007  lr: 0.0000
     itm tta time 0:00:04
      TTA Epoch: [31] [ 0/61]  eta: 0:00:31  entropy: 0.1694  uncertainty: 2.3392  uncertainty_coeffi: 0.0100  loss: 2.4164  lr: 0.000028  time: 0.5186  data: 0.4128  max mem: 2671
      TTA Epoch: [31] [60/61]  eta: 0:00:00  entropy: 0.0872  uncertainty: 2.0486  uncertainty_coeffi: 0.0100  loss: 2.0931  lr: 0.000027  time: 0.0612  data: 0.0001  max mem: 2671
      TTA Epoch: [31] Total time: 0:00:04 (0.0694 s / it)
     Averaged stats: entropy: 0.1528  uncertainty: 2.2157  uncertainty_coeffi: 0.0100  loss: 2.2925  lr: 0.0000
     itm tta time 0:00:04
      TTA Epoch: [32] [ 0/61]  eta: 0:00:34  entropy: 0.1515  uncertainty: 2.7152  uncertainty_coeffi: 0.0100  loss: 2.7750  lr: 0.000027  time: 0.5733  data: 0.4569  max mem: 2671
      TTA Epoch: [32] [60/61]  eta: 0:00:00  entropy: 0.1447  uncertainty: 2.1611  uncertainty_coeffi: 0.0100  loss: 2.2310  lr: 0.000013  time: 0.0620  data: 0.0001  max mem: 2671
      TTA Epoch: [32] Total time: 0:00:04 (0.0711 s / it)
     Averaged stats: entropy: 0.1466  uncertainty: 2.2179  uncertainty_coeffi: 0.0100  loss: 2.2897  lr: 0.0000
     itm tta time 0:00:04
      TTA Epoch: [33] [ 0/61]  eta: 0:00:30  entropy: 0.1590  uncertainty: 2.1110  uncertainty_coeffi: 0.0100  loss: 2.2108  lr: 0.000013  time: 0.4968  data: 0.3769  max mem: 2671
      TTA Epoch: [33] [60/61]  eta: 0:00:00  entropy: 0.1721  uncertainty: 2.2857  uncertainty_coeffi: 0.0100  loss: 2.3733  lr: 0.000013  time: 0.0622  data: 0.0001  max mem: 2671
      TTA Epoch: [33] Total time: 0:00:04 (0.0703 s / it)
     Averaged stats: entropy: 0.1524  uncertainty: 2.2131  uncertainty_coeffi: 0.0100  loss: 2.2883  lr: 0.0000
     itm tta time 0:00:04
      TTA Epoch: [34] [ 0/61]  eta: 0:00:35  entropy: 0.2147  uncertainty: 1.8855  uncertainty_coeffi: 0.0100  loss: 1.9818  lr: 0.000013  time: 0.5778  data: 0.4608  max mem: 2671
      TTA Epoch: [34] [60/61]  eta: 0:00:00  entropy: 0.1229  uncertainty: 2.1135  uncertainty_coeffi: 0.0100  loss: 2.1585  lr: 0.000012  time: 0.0619  data: 0.0001  max mem: 2671
      TTA Epoch: [34] Total time: 0:00:04 (0.0711 s / it)
     Averaged stats: entropy: 0.1461  uncertainty: 2.2118  uncertainty_coeffi: 0.0100  loss: 2.2837  lr: 0.0000
     itm tta time 0:00:04
      TTA Epoch: [35] [ 0/61]  eta: 0:00:34  entropy: 0.1525  uncertainty: 2.6865  uncertainty_coeffi: 0.0100  loss: 2.7670  lr: 0.000012  time: 0.5668  data: 0.4512  max mem: 2671
      TTA Epoch: [35] [60/61]  eta: 0:00:00  entropy: 0.0942  uncertainty: 2.7296  uncertainty_coeffi: 0.0100  loss: 2.7723  lr: 0.000012  time: 0.0619  data: 0.0001  max mem: 2671
      TTA Epoch: [35] Total time: 0:00:04 (0.0711 s / it)
     Averaged stats: entropy: 0.1470  uncertainty: 2.2258  uncertainty_coeffi: 0.0100  loss: 2.2981  lr: 0.0000
     itm tta time 0:00:04
      TTA Epoch: [36] [ 0/61]  eta: 0:00:29  entropy: 0.1419  uncertainty: 2.0650  uncertainty_coeffi: 0.0100  loss: 2.1469  lr: 0.000012  time: 0.4910  data: 0.4036  max mem: 2671
      TTA Epoch: [36] [60/61]  eta: 0:00:00  entropy: 0.1109  uncertainty: 2.3693  uncertainty_coeffi: 0.0100  loss: 2.4336  lr: 0.000011  time: 0.0610  data: 0.0001  max mem: 2671
      TTA Epoch: [36] Total time: 0:00:04 (0.0691 s / it)
     Averaged stats: entropy: 0.1459  uncertainty: 2.2140  uncertainty_coeffi: 0.0100  loss: 2.2851  lr: 0.0000
     itm tta time 0:00:04
      TTA Epoch: [37] [ 0/61]  eta: 0:00:25  entropy: 0.0849  uncertainty: 2.1477  uncertainty_coeffi: 0.0100  loss: 2.1860  lr: 0.000011  time: 0.4247  data: 0.3430  max mem: 2671
      TTA Epoch: [37] [60/61]  eta: 0:00:00  entropy: 0.1233  uncertainty: 2.5229  uncertainty_coeffi: 0.0100  loss: 2.5929  lr: 0.000011  time: 0.0601  data: 0.0001  max mem: 2671
      TTA Epoch: [37] Total time: 0:00:04 (0.0670 s / it)
     Averaged stats: entropy: 0.1480  uncertainty: 2.2244  uncertainty_coeffi: 0.0100  loss: 2.2977  lr: 0.0000
     itm tta time 0:00:04
      TTA Epoch: [38] [ 0/61]  eta: 0:00:35  entropy: 0.1268  uncertainty: 1.7901  uncertainty_coeffi: 0.0100  loss: 1.8614  lr: 0.000011  time: 0.5763  data: 0.4588  max mem: 2671
      TTA Epoch: [38] [60/61]  eta: 0:00:00  entropy: 0.1761  uncertainty: 2.4969  uncertainty_coeffi: 0.0100  loss: 2.5718  lr: 0.000010  time: 0.0621  data: 0.0001  max mem: 2671
      TTA Epoch: [38] Total time: 0:00:04 (0.0715 s / it)
     Averaged stats: entropy: 0.1440  uncertainty: 2.2242  uncertainty_coeffi: 0.0100  loss: 2.2944  lr: 0.0000
     itm tta time 0:00:04
      TTA Epoch: [39] [ 0/61]  eta: 0:00:26  entropy: 0.1076  uncertainty: 2.1707  uncertainty_coeffi: 0.0100  loss: 2.2161  lr: 0.000010  time: 0.4380  data: 0.3528  max mem: 2671
      TTA Epoch: [39] [60/61]  eta: 0:00:00  entropy: 0.1092  uncertainty: 1.7884  uncertainty_coeffi: 0.0100  loss: 1.8425  lr: 0.000010  time: 0.0612  data: 0.0001  max mem: 2671
      TTA Epoch: [39] Total time: 0:00:04 (0.0686 s / it)
     Averaged stats: entropy: 0.1458  uncertainty: 2.2196  uncertainty_coeffi: 0.0100  loss: 2.2921  lr: 0.0000
     itm tta time 0:00:04
     Computing matching score
      Evaluation: [   0/1978]  eta: 0:02:17    time: 0.0696  data: 0.0027  max mem: 2671
      Evaluation: [ 100/1978]  eta: 0:02:07    time: 0.0679  data: 0.0000  max mem: 2671
      Evaluation: [ 200/1978]  eta: 0:02:00    time: 0.0679  data: 0.0000  max mem: 2671
      Evaluation: [ 300/1978]  eta: 0:01:53    time: 0.0678  data: 0.0000  max mem: 2671
      Evaluation: [ 400/1978]  eta: 0:01:47    time: 0.0678  data: 0.0000  max mem: 2671
      Evaluation: [ 500/1978]  eta: 0:01:40    time: 0.0679  data: 0.0000  max mem: 2671
      Evaluation: [ 600/1978]  eta: 0:01:33    time: 0.0679  data: 0.0000  max mem: 2671
      Evaluation: [ 700/1978]  eta: 0:01:26    time: 0.0679  data: 0.0000  max mem: 2671
      Evaluation: [ 800/1978]  eta: 0:01:19    time: 0.0680  data: 0.0000  max mem: 2671
      Evaluation: [ 900/1978]  eta: 0:01:13    time: 0.0679  data: 0.0000  max mem: 2671
      Evaluation: [1000/1978]  eta: 0:01:06    time: 0.0678  data: 0.0000  max mem: 2671
      Evaluation: [1100/1978]  eta: 0:00:59    time: 0.0679  data: 0.0000  max mem: 2671
      Evaluation: [1200/1978]  eta: 0:00:52    time: 0.0679  data: 0.0000  max mem: 2671
      Evaluation: [1300/1978]  eta: 0:00:46    time: 0.0679  data: 0.0000  max mem: 2671
      Evaluation: [1400/1978]  eta: 0:00:39    time: 0.0684  data: 0.0000  max mem: 2671
      Evaluation: [1500/1978]  eta: 0:00:32    time: 0.0679  data: 0.0000  max mem: 2671
      Evaluation: [1600/1978]  eta: 0:00:25    time: 0.0679  data: 0.0000  max mem: 2671
      Evaluation: [1700/1978]  eta: 0:00:18    time: 0.0680  data: 0.0000  max mem: 2671
      Evaluation: [1800/1978]  eta: 0:00:12    time: 0.0679  data: 0.0000  max mem: 2671
      Evaluation: [1900/1978]  eta: 0:00:05    time: 0.0678  data: 0.0000  max mem: 2671
      Evaluation: [1977/1978]  eta: 0:00:00    time: 0.0678  data: 0.0000  max mem: 2671
      Evaluation: Total time: 0:02:14 (0.0679 s / it)
     Computing matching score time 0:02:14
### TTA ITM Score: 
+-------------------+--------+--------+--------+--------+--------+
|       epoch       |   R1   |   R5   |  R10   |  mAP   |  mINP  |
+-------------------+--------+--------+--------+--------+--------+
|  cos_sim_wo/norm  | 58.544 | 91.860 | 95.703 | 73.596 | 73.596 |
|        -999       | 69.414 | 95.197 | 97.776 | 81.233 | 81.233 |
| itm_score_wo/norm | 84.328 | 98.989 | 99.494 | 91.293 | 91.293 |
|        -999       | 84.277 | 99.039 | 99.596 | 91.276 | 91.276 |
|         0         | 84.277 | 99.039 | 99.596 | 91.276 | 91.276 |
|         1         | 84.580 | 99.039 | 99.596 | 91.418 | 91.418 |
|         2         | 84.631 | 98.989 | 99.596 | 91.428 | 91.428 |
|         4         | 84.833 | 98.888 | 99.545 | 91.505 | 91.505 |
|         9         | 84.631 | 98.686 | 99.343 | 91.317 | 91.317 |
|         14        | 84.681 | 98.584 | 99.191 | 91.300 | 91.300 |
|         19        | 84.530 | 98.584 | 99.191 | 91.212 | 91.212 |
|         29        | 84.681 | 98.635 | 99.292 | 91.323 | 91.323 |
|         39        | 84.783 | 98.635 | 99.242 | 91.399 | 91.399 |
+-------------------+--------+--------+--------+--------+--------+
     logs:  {'epo': 39, 'R1': 84.783, 'R5': 98.635, 'R10': 99.242, 'mAP': 91.399, 'mINP': 91.399, 'entropy': 0.145786, 'uncertainty': 2.21958, 'uncertainty_coeffi': 0.01, 'loss': 2.292063, 'lr': 1e-05}
      TTA Epoch: [40] [ 0/61]  eta: 0:00:25  entropy: 0.1261  uncertainty: 2.5705  uncertainty_coeffi: 0.0100  loss: 2.6394  lr: 0.000010  time: 0.4189  data: 0.3340  max mem: 2671
      TTA Epoch: [40] [60/61]  eta: 0:00:00  entropy: 0.1642  uncertainty: 2.4281  uncertainty_coeffi: 0.0100  loss: 2.5020  lr: 0.000009  time: 0.0602  data: 0.0001  max mem: 2671
      TTA Epoch: [40] Total time: 0:00:04 (0.0671 s / it)
     Averaged stats: entropy: 0.1460  uncertainty: 2.2254  uncertainty_coeffi: 0.0100  loss: 2.2980  lr: 0.0000
     itm tta time 0:00:04
      TTA Epoch: [41] [ 0/61]  eta: 0:00:30  entropy: 0.1796  uncertainty: 1.8657  uncertainty_coeffi: 0.0100  loss: 1.9662  lr: 0.000009  time: 0.4970  data: 0.3994  max mem: 2671
      TTA Epoch: [41] [60/61]  eta: 0:00:00  entropy: 0.1032  uncertainty: 2.1270  uncertainty_coeffi: 0.0100  loss: 2.1918  lr: 0.000009  time: 0.0606  data: 0.0001  max mem: 2671
      TTA Epoch: [41] Total time: 0:00:04 (0.0685 s / it)
     Averaged stats: entropy: 0.1437  uncertainty: 2.2160  uncertainty_coeffi: 0.0100  loss: 2.2876  lr: 0.0000
     itm tta time 0:00:04
      TTA Epoch: [42] [ 0/61]  eta: 0:00:27  entropy: 0.1849  uncertainty: 2.3223  uncertainty_coeffi: 0.0100  loss: 2.4170  lr: 0.000009  time: 0.4584  data: 0.3647  max mem: 2671
      TTA Epoch: [42] [60/61]  eta: 0:00:00  entropy: 0.1386  uncertainty: 1.8406  uncertainty_coeffi: 0.0100  loss: 1.9024  lr: 0.000009  time: 0.0612  data: 0.0001  max mem: 2671
      TTA Epoch: [42] Total time: 0:00:04 (0.0683 s / it)
     Averaged stats: entropy: 0.1497  uncertainty: 2.2219  uncertainty_coeffi: 0.0100  loss: 2.2950  lr: 0.0000
     itm tta time 0:00:04
      TTA Epoch: [43] [ 0/61]  eta: 0:00:30  entropy: 0.0444  uncertainty: 2.3599  uncertainty_coeffi: 0.0100  loss: 2.3777  lr: 0.000009  time: 0.4964  data: 0.3878  max mem: 2671
      TTA Epoch: [43] [60/61]  eta: 0:00:00  entropy: 0.0531  uncertainty: 1.7770  uncertainty_coeffi: 0.0100  loss: 1.8208  lr: 0.000008  time: 0.0611  data: 0.0001  max mem: 2671
      TTA Epoch: [43] Total time: 0:00:04 (0.0692 s / it)
     Averaged stats: entropy: 0.1411  uncertainty: 2.2165  uncertainty_coeffi: 0.0100  loss: 2.2860  lr: 0.0000
     itm tta time 0:00:04
      TTA Epoch: [44] [ 0/61]  eta: 0:00:27  entropy: 0.1096  uncertainty: 2.1977  uncertainty_coeffi: 0.0100  loss: 2.2648  lr: 0.000008  time: 0.4538  data: 0.3694  max mem: 2671
      TTA Epoch: [44] [60/61]  eta: 0:00:00  entropy: 0.1059  uncertainty: 2.5352  uncertainty_coeffi: 0.0100  loss: 2.5761  lr: 0.000008  time: 0.0623  data: 0.0001  max mem: 2671
      TTA Epoch: [44] Total time: 0:00:04 (0.0697 s / it)
     Averaged stats: entropy: 0.1430  uncertainty: 2.2212  uncertainty_coeffi: 0.0100  loss: 2.2909  lr: 0.0000
     itm tta time 0:00:04
      TTA Epoch: [45] [ 0/61]  eta: 0:00:31  entropy: 0.1993  uncertainty: 2.1992  uncertainty_coeffi: 0.0100  loss: 2.3118  lr: 0.000008  time: 0.5099  data: 0.4037  max mem: 2671
      TTA Epoch: [45] [60/61]  eta: 0:00:00  entropy: 0.2092  uncertainty: 2.2271  uncertainty_coeffi: 0.0100  loss: 2.3250  lr: 0.000007  time: 0.0617  data: 0.0001  max mem: 2671
      TTA Epoch: [45] Total time: 0:00:04 (0.0695 s / it)
     Averaged stats: entropy: 0.1400  uncertainty: 2.2262  uncertainty_coeffi: 0.0100  loss: 2.2965  lr: 0.0000
     itm tta time 0:00:04
      TTA Epoch: [46] [ 0/61]  eta: 0:00:35  entropy: 0.0957  uncertainty: 2.1420  uncertainty_coeffi: 0.0100  loss: 2.1925  lr: 0.000007  time: 0.5806  data: 0.4617  max mem: 2671
      TTA Epoch: [46] [60/61]  eta: 0:00:00  entropy: 0.0325  uncertainty: 1.8482  uncertainty_coeffi: 0.0100  loss: 1.8625  lr: 0.000007  time: 0.0620  data: 0.0001  max mem: 2671
      TTA Epoch: [46] Total time: 0:00:04 (0.0713 s / it)
     Averaged stats: entropy: 0.1401  uncertainty: 2.2199  uncertainty_coeffi: 0.0100  loss: 2.2879  lr: 0.0000
     itm tta time 0:00:04
      TTA Epoch: [47] [ 0/61]  eta: 0:00:32  entropy: 0.1623  uncertainty: 1.9122  uncertainty_coeffi: 0.0100  loss: 2.0058  lr: 0.000007  time: 0.5288  data: 0.4474  max mem: 2671
      TTA Epoch: [47] [60/61]  eta: 0:00:00  entropy: 0.1287  uncertainty: 2.0891  uncertainty_coeffi: 0.0100  loss: 2.1540  lr: 0.000006  time: 0.0616  data: 0.0001  max mem: 2671
      TTA Epoch: [47] Total time: 0:00:04 (0.0698 s / it)
     Averaged stats: entropy: 0.1429  uncertainty: 2.2263  uncertainty_coeffi: 0.0100  loss: 2.2958  lr: 0.0000
     itm tta time 0:00:04
      TTA Epoch: [48] [ 0/61]  eta: 0:00:38  entropy: 0.1934  uncertainty: 2.5880  uncertainty_coeffi: 0.0100  loss: 2.6608  lr: 0.000006  time: 0.6319  data: 0.5154  max mem: 2671
      TTA Epoch: [48] [60/61]  eta: 0:00:00  entropy: 0.2192  uncertainty: 2.7627  uncertainty_coeffi: 0.0100  loss: 2.8177  lr: 0.000006  time: 0.0621  data: 0.0001  max mem: 2671
      TTA Epoch: [48] Total time: 0:00:04 (0.0721 s / it)
     Averaged stats: entropy: 0.1406  uncertainty: 2.2277  uncertainty_coeffi: 0.0100  loss: 2.2962  lr: 0.0000
     itm tta time 0:00:04
      TTA Epoch: [49] [ 0/61]  eta: 0:00:36  entropy: 0.0917  uncertainty: 1.6984  uncertainty_coeffi: 0.0100  loss: 1.7449  lr: 0.000006  time: 0.6033  data: 0.4856  max mem: 2671
      TTA Epoch: [49] [60/61]  eta: 0:00:00  entropy: 0.1512  uncertainty: 2.4439  uncertainty_coeffi: 0.0100  loss: 2.5251  lr: 0.000005  time: 0.0619  data: 0.0001  max mem: 2671
      TTA Epoch: [49] Total time: 0:00:04 (0.0716 s / it)
     Averaged stats: entropy: 0.1412  uncertainty: 2.2248  uncertainty_coeffi: 0.0100  loss: 2.2943  lr: 0.0000
     itm tta time 0:00:04
     Computing matching score
      Evaluation: [   0/1978]  eta: 0:02:22    time: 0.0722  data: 0.0039  max mem: 2671
      Evaluation: [ 100/1978]  eta: 0:02:08    time: 0.0679  data: 0.0000  max mem: 2671
      Evaluation: [ 200/1978]  eta: 0:02:00    time: 0.0674  data: 0.0000  max mem: 2671
      Evaluation: [ 300/1978]  eta: 0:01:53    time: 0.0673  data: 0.0000  max mem: 2671
      Evaluation: [ 400/1978]  eta: 0:01:46    time: 0.0674  data: 0.0000  max mem: 2671
      Evaluation: [ 500/1978]  eta: 0:01:39    time: 0.0671  data: 0.0000  max mem: 2671
      Evaluation: [ 600/1978]  eta: 0:01:33    time: 0.0674  data: 0.0000  max mem: 2671
      Evaluation: [ 700/1978]  eta: 0:01:26    time: 0.0671  data: 0.0000  max mem: 2671
      Evaluation: [ 800/1978]  eta: 0:01:19    time: 0.0691  data: 0.0000  max mem: 2671
      Evaluation: [ 900/1978]  eta: 0:01:13    time: 0.0691  data: 0.0000  max mem: 2671
      Evaluation: [1000/1978]  eta: 0:01:06    time: 0.0692  data: 0.0000  max mem: 2671
      Evaluation: [1100/1978]  eta: 0:00:59    time: 0.0691  data: 0.0000  max mem: 2671
      Evaluation: [1200/1978]  eta: 0:00:53    time: 0.0691  data: 0.0000  max mem: 2671
      Evaluation: [1300/1978]  eta: 0:00:46    time: 0.0691  data: 0.0000  max mem: 2671
      Evaluation: [1400/1978]  eta: 0:00:39    time: 0.0691  data: 0.0000  max mem: 2671
      Evaluation: [1500/1978]  eta: 0:00:32    time: 0.0691  data: 0.0000  max mem: 2671
      Evaluation: [1600/1978]  eta: 0:00:25    time: 0.0692  data: 0.0000  max mem: 2671
      Evaluation: [1700/1978]  eta: 0:00:19    time: 0.0692  data: 0.0000  max mem: 2671
      Evaluation: [1800/1978]  eta: 0:00:12    time: 0.0692  data: 0.0000  max mem: 2671
      Evaluation: [1900/1978]  eta: 0:00:05    time: 0.0691  data: 0.0000  max mem: 2671
      Evaluation: [1977/1978]  eta: 0:00:00    time: 0.0691  data: 0.0000  max mem: 2671
      Evaluation: Total time: 0:02:15 (0.0685 s / it)
     Computing matching score time 0:02:15
### TTA ITM Score: 
+-------------------+--------+--------+--------+--------+--------+
|       epoch       |   R1   |   R5   |  R10   |  mAP   |  mINP  |
+-------------------+--------+--------+--------+--------+--------+
|  cos_sim_wo/norm  | 58.544 | 91.860 | 95.703 | 73.596 | 73.596 |
|        -999       | 69.414 | 95.197 | 97.776 | 81.233 | 81.233 |
| itm_score_wo/norm | 84.328 | 98.989 | 99.494 | 91.293 | 91.293 |
|        -999       | 84.277 | 99.039 | 99.596 | 91.276 | 91.276 |
|         0         | 84.277 | 99.039 | 99.596 | 91.276 | 91.276 |
|         1         | 84.580 | 99.039 | 99.596 | 91.418 | 91.418 |
|         2         | 84.631 | 98.989 | 99.596 | 91.428 | 91.428 |
|         4         | 84.833 | 98.888 | 99.545 | 91.505 | 91.505 |
|         9         | 84.631 | 98.686 | 99.343 | 91.317 | 91.317 |
|         14        | 84.681 | 98.584 | 99.191 | 91.300 | 91.300 |
|         19        | 84.530 | 98.584 | 99.191 | 91.212 | 91.212 |
|         29        | 84.681 | 98.635 | 99.292 | 91.323 | 91.323 |
|         39        | 84.783 | 98.635 | 99.242 | 91.399 | 91.399 |
|         49        | 84.833 | 98.686 | 99.242 | 91.436 | 91.436 |
+-------------------+--------+--------+--------+--------+--------+
     logs:  {'epo': 49, 'R1': 84.833, 'R5': 98.686, 'R10': 99.242, 'mAP': 91.436, 'mINP': 91.436, 'entropy': 0.141168, 'uncertainty': 2.224805, 'uncertainty_coeffi': 0.01, 'loss': 2.294346, 'lr': 5e-06}
      TTA Epoch: [50] [ 0/61]  eta: 0:00:30  entropy: 0.1903  uncertainty: 1.9502  uncertainty_coeffi: 0.0100  loss: 2.0233  lr: 0.000005  time: 0.4959  data: 0.3980  max mem: 2671
      TTA Epoch: [50] [60/61]  eta: 0:00:00  entropy: 0.1500  uncertainty: 2.7331  uncertainty_coeffi: 0.0100  loss: 2.7884  lr: 0.000005  time: 0.0615  data: 0.0001  max mem: 2671
      TTA Epoch: [50] Total time: 0:00:04 (0.0693 s / it)
     Averaged stats: entropy: 0.1423  uncertainty: 2.2254  uncertainty_coeffi: 0.0100  loss: 2.2946  lr: 0.0000
     itm tta time 0:00:04
      TTA Epoch: [51] [ 0/61]  eta: 0:00:37  entropy: 0.1232  uncertainty: 2.7191  uncertainty_coeffi: 0.0100  loss: 2.7626  lr: 0.000005  time: 0.6068  data: 0.4934  max mem: 2671
      TTA Epoch: [51] [60/61]  eta: 0:00:00  entropy: 0.1102  uncertainty: 2.0810  uncertainty_coeffi: 0.0100  loss: 2.1484  lr: 0.000004  time: 0.0609  data: 0.0001  max mem: 2671
      TTA Epoch: [51] Total time: 0:00:04 (0.0705 s / it)
     Averaged stats: entropy: 0.1410  uncertainty: 2.2269  uncertainty_coeffi: 0.0100  loss: 2.2944  lr: 0.0000
     itm tta time 0:00:04
      TTA Epoch: [52] [ 0/61]  eta: 0:00:38  entropy: 0.1138  uncertainty: 2.5969  uncertainty_coeffi: 0.0100  loss: 2.6381  lr: 0.000004  time: 0.6352  data: 0.5169  max mem: 2671
      TTA Epoch: [52] [60/61]  eta: 0:00:00  entropy: 0.1917  uncertainty: 2.0373  uncertainty_coeffi: 0.0100  loss: 2.1249  lr: 0.000004  time: 0.0618  data: 0.0001  max mem: 2671
      TTA Epoch: [52] Total time: 0:00:04 (0.0725 s / it)
     Averaged stats: entropy: 0.1386  uncertainty: 2.2276  uncertainty_coeffi: 0.0100  loss: 2.2950  lr: 0.0000
     itm tta time 0:00:04
      TTA Epoch: [53] [ 0/61]  eta: 0:00:35  entropy: 0.2131  uncertainty: 2.2883  uncertainty_coeffi: 0.0100  loss: 2.4119  lr: 0.000004  time: 0.5865  data: 0.5072  max mem: 2671
      TTA Epoch: [53] [60/61]  eta: 0:00:00  entropy: 0.0814  uncertainty: 2.2741  uncertainty_coeffi: 0.0100  loss: 2.3211  lr: 0.000003  time: 0.0619  data: 0.0001  max mem: 2671
      TTA Epoch: [53] Total time: 0:00:04 (0.0714 s / it)
     Averaged stats: entropy: 0.1374  uncertainty: 2.2213  uncertainty_coeffi: 0.0100  loss: 2.2883  lr: 0.0000
     itm tta time 0:00:04
      TTA Epoch: [54] [ 0/61]  eta: 0:00:30  entropy: 0.2303  uncertainty: 2.7247  uncertainty_coeffi: 0.0100  loss: 2.7893  lr: 0.000003  time: 0.5057  data: 0.4055  max mem: 2671
      TTA Epoch: [54] [60/61]  eta: 0:00:00  entropy: 0.0948  uncertainty: 2.7447  uncertainty_coeffi: 0.0100  loss: 2.7749  lr: 0.000003  time: 0.0622  data: 0.0001  max mem: 2671
      TTA Epoch: [54] Total time: 0:00:04 (0.0707 s / it)
     Averaged stats: entropy: 0.1415  uncertainty: 2.2302  uncertainty_coeffi: 0.0100  loss: 2.2976  lr: 0.0000
     itm tta time 0:00:04
      TTA Epoch: [55] [ 0/61]  eta: 0:00:31  entropy: 0.2745  uncertainty: 2.0503  uncertainty_coeffi: 0.0100  loss: 2.1811  lr: 0.000003  time: 0.5140  data: 0.4136  max mem: 2671
      TTA Epoch: [55] [60/61]  eta: 0:00:00  entropy: 0.0740  uncertainty: 2.2221  uncertainty_coeffi: 0.0100  loss: 2.2647  lr: 0.000002  time: 0.0612  data: 0.0001  max mem: 2671
      TTA Epoch: [55] Total time: 0:00:04 (0.0698 s / it)
     Averaged stats: entropy: 0.1415  uncertainty: 2.2267  uncertainty_coeffi: 0.0100  loss: 2.2956  lr: 0.0000
     itm tta time 0:00:04
      TTA Epoch: [56] [ 0/61]  eta: 0:00:28  entropy: 0.1411  uncertainty: 2.2691  uncertainty_coeffi: 0.0100  loss: 2.3336  lr: 0.000002  time: 0.4744  data: 0.3822  max mem: 2671
      TTA Epoch: [56] [60/61]  eta: 0:00:00  entropy: 0.1386  uncertainty: 2.5396  uncertainty_coeffi: 0.0100  loss: 2.5948  lr: 0.000002  time: 0.0608  data: 0.0001  max mem: 2671
      TTA Epoch: [56] Total time: 0:00:04 (0.0689 s / it)
     Averaged stats: entropy: 0.1399  uncertainty: 2.2193  uncertainty_coeffi: 0.0100  loss: 2.2873  lr: 0.0000
     itm tta time 0:00:04
      TTA Epoch: [57] [ 0/61]  eta: 0:00:28  entropy: 0.1409  uncertainty: 2.3138  uncertainty_coeffi: 0.0100  loss: 2.3793  lr: 0.000002  time: 0.4622  data: 0.3805  max mem: 2671
      TTA Epoch: [57] [60/61]  eta: 0:00:00  entropy: 0.2099  uncertainty: 2.2863  uncertainty_coeffi: 0.0100  loss: 2.3952  lr: 0.000001  time: 0.0610  data: 0.0001  max mem: 2671
      TTA Epoch: [57] Total time: 0:00:04 (0.0684 s / it)
     Averaged stats: entropy: 0.1435  uncertainty: 2.2255  uncertainty_coeffi: 0.0100  loss: 2.2958  lr: 0.0000
     itm tta time 0:00:04
      TTA Epoch: [58] [ 0/61]  eta: 0:00:25  entropy: 0.0881  uncertainty: 2.4934  uncertainty_coeffi: 0.0100  loss: 2.5385  lr: 0.000001  time: 0.4212  data: 0.3401  max mem: 2671
      TTA Epoch: [58] [60/61]  eta: 0:00:00  entropy: 0.2117  uncertainty: 2.6554  uncertainty_coeffi: 0.0100  loss: 2.7586  lr: 0.000000  time: 0.0610  data: 0.0001  max mem: 2671
      TTA Epoch: [58] Total time: 0:00:04 (0.0677 s / it)
     Averaged stats: entropy: 0.1439  uncertainty: 2.2180  uncertainty_coeffi: 0.0100  loss: 2.2894  lr: 0.0000
     itm tta time 0:00:04
      TTA Epoch: [59] [ 0/61]  eta: 0:00:31  entropy: 0.0895  uncertainty: 2.1671  uncertainty_coeffi: 0.0100  loss: 2.2149  lr: 0.000000  time: 0.5231  data: 0.4066  max mem: 2671
      TTA Epoch: [59] [60/61]  eta: 0:00:00  entropy: 0.1195  uncertainty: 3.1437  uncertainty_coeffi: 0.0100  loss: 3.2116  lr: 0.000000  time: 0.0611  data: 0.0001  max mem: 2671
      TTA Epoch: [59] Total time: 0:00:04 (0.0696 s / it)
     Averaged stats: entropy: 0.1392  uncertainty: 2.2273  uncertainty_coeffi: 0.0100  loss: 2.2950  lr: 0.0000
     itm tta time 0:00:04
     Computing matching score
      Evaluation: [   0/1978]  eta: 0:02:23    time: 0.0726  data: 0.0035  max mem: 2671
      Evaluation: [ 100/1978]  eta: 0:02:10    time: 0.0693  data: 0.0000  max mem: 2671
      Evaluation: [ 200/1978]  eta: 0:02:03    time: 0.0694  data: 0.0000  max mem: 2671
      Evaluation: [ 300/1978]  eta: 0:01:56    time: 0.0693  data: 0.0000  max mem: 2671
      Evaluation: [ 400/1978]  eta: 0:01:49    time: 0.0694  data: 0.0000  max mem: 2671
      Evaluation: [ 500/1978]  eta: 0:01:42    time: 0.0678  data: 0.0000  max mem: 2671
      Evaluation: [ 600/1978]  eta: 0:01:34    time: 0.0676  data: 0.0000  max mem: 2671
      Evaluation: [ 700/1978]  eta: 0:01:27    time: 0.0677  data: 0.0000  max mem: 2671
      Evaluation: [ 800/1978]  eta: 0:01:20    time: 0.0676  data: 0.0000  max mem: 2671
      Evaluation: [ 900/1978]  eta: 0:01:13    time: 0.0677  data: 0.0000  max mem: 2671
      Evaluation: [1000/1978]  eta: 0:01:06    time: 0.0676  data: 0.0000  max mem: 2671
      Evaluation: [1100/1978]  eta: 0:00:59    time: 0.0676  data: 0.0000  max mem: 2671
      Evaluation: [1200/1978]  eta: 0:00:53    time: 0.0676  data: 0.0000  max mem: 2671
      Evaluation: [1300/1978]  eta: 0:00:46    time: 0.0676  data: 0.0000  max mem: 2671
      Evaluation: [1400/1978]  eta: 0:00:39    time: 0.0676  data: 0.0000  max mem: 2671
      Evaluation: [1500/1978]  eta: 0:00:32    time: 0.0676  data: 0.0000  max mem: 2671
      Evaluation: [1600/1978]  eta: 0:00:25    time: 0.0676  data: 0.0000  max mem: 2671
      Evaluation: [1700/1978]  eta: 0:00:18    time: 0.0677  data: 0.0000  max mem: 2671
      Evaluation: [1800/1978]  eta: 0:00:12    time: 0.0676  data: 0.0000  max mem: 2671
      Evaluation: [1900/1978]  eta: 0:00:05    time: 0.0676  data: 0.0000  max mem: 2671
      Evaluation: [1977/1978]  eta: 0:00:00    time: 0.0676  data: 0.0000  max mem: 2671
      Evaluation: Total time: 0:02:14 (0.0680 s / it)
     Computing matching score time 0:02:14
### TTA ITM Score: 
+-------------------+--------+--------+--------+--------+--------+
|       epoch       |   R1   |   R5   |  R10   |  mAP   |  mINP  |
+-------------------+--------+--------+--------+--------+--------+
|  cos_sim_wo/norm  | 58.544 | 91.860 | 95.703 | 73.596 | 73.596 |
|        -999       | 69.414 | 95.197 | 97.776 | 81.233 | 81.233 |
| itm_score_wo/norm | 84.328 | 98.989 | 99.494 | 91.293 | 91.293 |
|        -999       | 84.277 | 99.039 | 99.596 | 91.276 | 91.276 |
|         0         | 84.277 | 99.039 | 99.596 | 91.276 | 91.276 |
|         1         | 84.580 | 99.039 | 99.596 | 91.418 | 91.418 |
|         2         | 84.631 | 98.989 | 99.596 | 91.428 | 91.428 |
|         4         | 84.833 | 98.888 | 99.545 | 91.505 | 91.505 |
|         9         | 84.631 | 98.686 | 99.343 | 91.317 | 91.317 |
|         14        | 84.681 | 98.584 | 99.191 | 91.300 | 91.300 |
|         19        | 84.530 | 98.584 | 99.191 | 91.212 | 91.212 |
|         29        | 84.681 | 98.635 | 99.292 | 91.323 | 91.323 |
|         39        | 84.783 | 98.635 | 99.242 | 91.399 | 91.399 |
|         49        | 84.833 | 98.686 | 99.242 | 91.436 | 91.436 |
|         59        | 84.833 | 98.686 | 99.242 | 91.436 | 91.436 |
+-------------------+--------+--------+--------+--------+--------+
     logs:  {'epo': 59, 'R1': 84.833, 'R5': 98.686, 'R10': 99.242, 'mAP': 91.436, 'mINP': 91.436, 'entropy': 0.139231, 'uncertainty': 2.227329, 'uncertainty_coeffi': 0.01, 'loss': 2.295013, 'lr': 0.0}
### best epoch: 4
### Time 0:29:07
NNODES,  1
NODE_RANK,  0
MASTER_ADDR,  127.0.0.1
MASTER_PORT,  1612
NPROC_PER_NODE,  2
task:  exp6.1.3
config:  configs_rerun3/exp6.1.3.yaml
output_dir:  output_rerun3/exp6.1.3/2025092102395
python3 tta.py --config configs_rerun3/exp6.1.3.yaml --task exp6.1.3 --output_dir output_rerun3/exp6.1.3/2025092102395 --checkpoint checkpoint/cmp.pth --bs 0 --epo 0 --lr 0.0 --seed 42 --tta
