/home/jiahao/miniconda3/envs/cmp/lib/python3.10/site-packages/torch/functional.py:554: UserWarning: torch.meshgrid: in an upcoming release, it will be required to pass the indexing argument. (Triggered internally at /pytorch/aten/src/ATen/native/TensorShape.cpp:4322.)
  return _VF.meshgrid(tensors, **kwargs)  # type: ignore[attr-defined]
Not using distributed mode
### Hyper-parameters:
     seed: 42
     device: cuda
     output_dir: output_rerun3/exp6.1.2/2025092102103
     batch_size_tta: 32
     epochs: 60
     lr: 0.0001
### Creating test dataset
from data/PAB/annotation/test/attr.json loading 1978 data
     test dataset -->    be_pose_img: True
     test_dataset: 1978
### Creating test dataloader
### be careful: func create_loader returns a list length of 1
     test_loader: 90
### Creating model
build_vision_encoder: load swin 224 x 224 ====>
missing_keys:  []
unexpected_keys:  ['head.weight', 'head.bias']
build_text_encoder: load bert ====>
missing_keys: ['bert.encoder.layer.10.crossattention.output.LayerNorm.bias', 'bert.encoder.layer.10.crossattention.output.LayerNorm.weight', 'bert.encoder.layer.10.crossattention.output.dense.bias', 'bert.encoder.layer.10.crossattention.output.dense.weight', 'bert.encoder.layer.10.crossattention.self.key.bias', 'bert.encoder.layer.10.crossattention.self.key.weight', 'bert.encoder.layer.10.crossattention.self.query.bias', 'bert.encoder.layer.10.crossattention.self.query.weight', 'bert.encoder.layer.10.crossattention.self.value.bias', 'bert.encoder.layer.10.crossattention.self.value.weight', 'bert.encoder.layer.11.crossattention.output.LayerNorm.bias', 'bert.encoder.layer.11.crossattention.output.LayerNorm.weight', 'bert.encoder.layer.11.crossattention.output.dense.bias', 'bert.encoder.layer.11.crossattention.output.dense.weight', 'bert.encoder.layer.11.crossattention.self.key.bias', 'bert.encoder.layer.11.crossattention.self.key.weight', 'bert.encoder.layer.11.crossattention.self.query.bias', 'bert.encoder.layer.11.crossattention.self.query.weight', 'bert.encoder.layer.11.crossattention.self.value.bias', 'bert.encoder.layer.11.crossattention.self.value.weight', 'bert.encoder.layer.6.crossattention.output.LayerNorm.bias', 'bert.encoder.layer.6.crossattention.output.LayerNorm.weight', 'bert.encoder.layer.6.crossattention.output.dense.bias', 'bert.encoder.layer.6.crossattention.output.dense.weight', 'bert.encoder.layer.6.crossattention.self.key.bias', 'bert.encoder.layer.6.crossattention.self.key.weight', 'bert.encoder.layer.6.crossattention.self.query.bias', 'bert.encoder.layer.6.crossattention.self.query.weight', 'bert.encoder.layer.6.crossattention.self.value.bias', 'bert.encoder.layer.6.crossattention.self.value.weight', 'bert.encoder.layer.7.crossattention.output.LayerNorm.bias', 'bert.encoder.layer.7.crossattention.output.LayerNorm.weight', 'bert.encoder.layer.7.crossattention.output.dense.bias', 'bert.encoder.layer.7.crossattention.output.dense.weight', 'bert.encoder.layer.7.crossattention.self.key.bias', 'bert.encoder.layer.7.crossattention.self.key.weight', 'bert.encoder.layer.7.crossattention.self.query.bias', 'bert.encoder.layer.7.crossattention.self.query.weight', 'bert.encoder.layer.7.crossattention.self.value.bias', 'bert.encoder.layer.7.crossattention.self.value.weight', 'bert.encoder.layer.8.crossattention.output.LayerNorm.bias', 'bert.encoder.layer.8.crossattention.output.LayerNorm.weight', 'bert.encoder.layer.8.crossattention.output.dense.bias', 'bert.encoder.layer.8.crossattention.output.dense.weight', 'bert.encoder.layer.8.crossattention.self.key.bias', 'bert.encoder.layer.8.crossattention.self.key.weight', 'bert.encoder.layer.8.crossattention.self.query.bias', 'bert.encoder.layer.8.crossattention.self.query.weight', 'bert.encoder.layer.8.crossattention.self.value.bias', 'bert.encoder.layer.8.crossattention.self.value.weight', 'bert.encoder.layer.9.crossattention.output.LayerNorm.bias', 'bert.encoder.layer.9.crossattention.output.LayerNorm.weight', 'bert.encoder.layer.9.crossattention.output.dense.bias', 'bert.encoder.layer.9.crossattention.output.dense.weight', 'bert.encoder.layer.9.crossattention.self.key.bias', 'bert.encoder.layer.9.crossattention.self.key.weight', 'bert.encoder.layer.9.crossattention.self.query.bias', 'bert.encoder.layer.9.crossattention.self.query.weight', 'bert.encoder.layer.9.crossattention.self.value.bias', 'bert.encoder.layer.9.crossattention.self.value.weight']
unexpected_keys: ['cls.seq_relationship.bias', 'cls.seq_relationship.weight']
mismatched_keys: []
error_msgs: []
Label Smooth: 0.2
pose_conv
load checkpoint from checkpoint/cmp.pth
missing_keys:  ['uncertainty_temper', 'prompt_learning_embedding']
unexpected_keys:  []
     Total Params Sum:  254264985
### Inference ITC similiarity matrix
### Zero-Shot Score: 
+-------------------+--------+--------+--------+--------+--------+
|       epoch       |   R1   |   R5   |  R10   |  mAP   |  mINP  |
+-------------------+--------+--------+--------+--------+--------+
|  cos_sim_wo/norm  | 58.544 | 91.860 | 95.703 | 73.596 | 73.596 |
|        -999       | 69.414 | 95.197 | 97.776 | 81.233 | 81.233 |
| itm_score_wo/norm | 84.328 | 98.989 | 99.494 | 91.293 | 91.293 |
|        -999       | 84.277 | 99.039 | 99.596 | 91.276 | 91.276 |
+-------------------+--------+--------+--------+--------+--------+
### TTA:
     preprocess_tta_coefficients  start
     sample selection ...
     number of sample after sample_selection: 1978
     uncertainty ...
     preprocess_tta_coefficients  end
### Creating tta dataset
     tta_dataset: 1978
### Creating tta dataloader
### be careful: func create_loader returns a list length of 1
     tta_loader: 61
### Configure adapted weights
     TTA Dropout Modules: 
 [('vision_encoder.pos_drop', Dropout(p=0, inplace=False), True), ('vision_encoder.layers.0.blocks.0.attn.attn_drop', Dropout(p=0.0, inplace=False), True), ('vision_encoder.layers.0.blocks.0.attn.proj_drop', Dropout(p=0, inplace=False), True), ('vision_encoder.layers.0.blocks.0.mlp.drop', Dropout(p=0, inplace=False), True), ('vision_encoder.layers.0.blocks.1.attn.attn_drop', Dropout(p=0.0, inplace=False), True), ('vision_encoder.layers.0.blocks.1.attn.proj_drop', Dropout(p=0, inplace=False), True), ('vision_encoder.layers.0.blocks.1.mlp.drop', Dropout(p=0, inplace=False), True), ('vision_encoder.layers.1.blocks.0.attn.attn_drop', Dropout(p=0.0, inplace=False), True), ('vision_encoder.layers.1.blocks.0.attn.proj_drop', Dropout(p=0, inplace=False), True), ('vision_encoder.layers.1.blocks.0.mlp.drop', Dropout(p=0, inplace=False), True), ('vision_encoder.layers.1.blocks.1.attn.attn_drop', Dropout(p=0.0, inplace=False), True), ('vision_encoder.layers.1.blocks.1.attn.proj_drop', Dropout(p=0, inplace=False), True), ('vision_encoder.layers.1.blocks.1.mlp.drop', Dropout(p=0, inplace=False), True), ('vision_encoder.layers.2.blocks.0.attn.attn_drop', Dropout(p=0.0, inplace=False), True), ('vision_encoder.layers.2.blocks.0.attn.proj_drop', Dropout(p=0, inplace=False), True), ('vision_encoder.layers.2.blocks.0.mlp.drop', Dropout(p=0, inplace=False), True), ('vision_encoder.layers.2.blocks.1.attn.attn_drop', Dropout(p=0.0, inplace=False), True), ('vision_encoder.layers.2.blocks.1.attn.proj_drop', Dropout(p=0, inplace=False), True), ('vision_encoder.layers.2.blocks.1.mlp.drop', Dropout(p=0, inplace=False), True), ('vision_encoder.layers.2.blocks.2.attn.attn_drop', Dropout(p=0.0, inplace=False), True), ('vision_encoder.layers.2.blocks.2.attn.proj_drop', Dropout(p=0, inplace=False), True), ('vision_encoder.layers.2.blocks.2.mlp.drop', Dropout(p=0, inplace=False), True), ('vision_encoder.layers.2.blocks.3.attn.attn_drop', Dropout(p=0.0, inplace=False), True), ('vision_encoder.layers.2.blocks.3.attn.proj_drop', Dropout(p=0, inplace=False), True), ('vision_encoder.layers.2.blocks.3.mlp.drop', Dropout(p=0, inplace=False), True), ('vision_encoder.layers.2.blocks.4.attn.attn_drop', Dropout(p=0.0, inplace=False), True), ('vision_encoder.layers.2.blocks.4.attn.proj_drop', Dropout(p=0, inplace=False), True), ('vision_encoder.layers.2.blocks.4.mlp.drop', Dropout(p=0, inplace=False), True), ('vision_encoder.layers.2.blocks.5.attn.attn_drop', Dropout(p=0.0, inplace=False), True), ('vision_encoder.layers.2.blocks.5.attn.proj_drop', Dropout(p=0, inplace=False), True), ('vision_encoder.layers.2.blocks.5.mlp.drop', Dropout(p=0, inplace=False), True), ('vision_encoder.layers.2.blocks.6.attn.attn_drop', Dropout(p=0.0, inplace=False), True), ('vision_encoder.layers.2.blocks.6.attn.proj_drop', Dropout(p=0, inplace=False), True), ('vision_encoder.layers.2.blocks.6.mlp.drop', Dropout(p=0, inplace=False), True), ('vision_encoder.layers.2.blocks.7.attn.attn_drop', Dropout(p=0.0, inplace=False), True), ('vision_encoder.layers.2.blocks.7.attn.proj_drop', Dropout(p=0, inplace=False), True), ('vision_encoder.layers.2.blocks.7.mlp.drop', Dropout(p=0, inplace=False), True), ('vision_encoder.layers.2.blocks.8.attn.attn_drop', Dropout(p=0.0, inplace=False), True), ('vision_encoder.layers.2.blocks.8.attn.proj_drop', Dropout(p=0, inplace=False), True), ('vision_encoder.layers.2.blocks.8.mlp.drop', Dropout(p=0, inplace=False), True), ('vision_encoder.layers.2.blocks.9.attn.attn_drop', Dropout(p=0.0, inplace=False), True), ('vision_encoder.layers.2.blocks.9.attn.proj_drop', Dropout(p=0, inplace=False), True), ('vision_encoder.layers.2.blocks.9.mlp.drop', Dropout(p=0, inplace=False), True), ('vision_encoder.layers.2.blocks.10.attn.attn_drop', Dropout(p=0.0, inplace=False), True), ('vision_encoder.layers.2.blocks.10.attn.proj_drop', Dropout(p=0, inplace=False), True), ('vision_encoder.layers.2.blocks.10.mlp.drop', Dropout(p=0, inplace=False), True), ('vision_encoder.layers.2.blocks.11.attn.attn_drop', Dropout(p=0.0, inplace=False), True), ('vision_encoder.layers.2.blocks.11.attn.proj_drop', Dropout(p=0, inplace=False), True), ('vision_encoder.layers.2.blocks.11.mlp.drop', Dropout(p=0, inplace=False), True), ('vision_encoder.layers.2.blocks.12.attn.attn_drop', Dropout(p=0.0, inplace=False), True), ('vision_encoder.layers.2.blocks.12.attn.proj_drop', Dropout(p=0, inplace=False), True), ('vision_encoder.layers.2.blocks.12.mlp.drop', Dropout(p=0, inplace=False), True), ('vision_encoder.layers.2.blocks.13.attn.attn_drop', Dropout(p=0.0, inplace=False), True), ('vision_encoder.layers.2.blocks.13.attn.proj_drop', Dropout(p=0, inplace=False), True), ('vision_encoder.layers.2.blocks.13.mlp.drop', Dropout(p=0, inplace=False), True), ('vision_encoder.layers.2.blocks.14.attn.attn_drop', Dropout(p=0.0, inplace=False), True), ('vision_encoder.layers.2.blocks.14.attn.proj_drop', Dropout(p=0, inplace=False), True), ('vision_encoder.layers.2.blocks.14.mlp.drop', Dropout(p=0, inplace=False), True), ('vision_encoder.layers.2.blocks.15.attn.attn_drop', Dropout(p=0.0, inplace=False), True), ('vision_encoder.layers.2.blocks.15.attn.proj_drop', Dropout(p=0, inplace=False), True), ('vision_encoder.layers.2.blocks.15.mlp.drop', Dropout(p=0, inplace=False), True), ('vision_encoder.layers.2.blocks.16.attn.attn_drop', Dropout(p=0.0, inplace=False), True), ('vision_encoder.layers.2.blocks.16.attn.proj_drop', Dropout(p=0, inplace=False), True), ('vision_encoder.layers.2.blocks.16.mlp.drop', Dropout(p=0, inplace=False), True), ('vision_encoder.layers.2.blocks.17.attn.attn_drop', Dropout(p=0.0, inplace=False), True), ('vision_encoder.layers.2.blocks.17.attn.proj_drop', Dropout(p=0, inplace=False), True), ('vision_encoder.layers.2.blocks.17.mlp.drop', Dropout(p=0, inplace=False), True), ('vision_encoder.layers.3.blocks.0.attn.attn_drop', Dropout(p=0.0, inplace=False), True), ('vision_encoder.layers.3.blocks.0.attn.proj_drop', Dropout(p=0, inplace=False), True), ('vision_encoder.layers.3.blocks.0.mlp.drop', Dropout(p=0, inplace=False), True), ('vision_encoder.layers.3.blocks.1.attn.attn_drop', Dropout(p=0.0, inplace=False), True), ('vision_encoder.layers.3.blocks.1.attn.proj_drop', Dropout(p=0, inplace=False), True), ('vision_encoder.layers.3.blocks.1.mlp.drop', Dropout(p=0, inplace=False), True), ('text_encoder.bert.embeddings.dropout', Dropout(p=0.1, inplace=False), True), ('text_encoder.bert.encoder.layer.0.attention.self.dropout', Dropout(p=0.1, inplace=False), True), ('text_encoder.bert.encoder.layer.0.attention.output.dropout', Dropout(p=0.1, inplace=False), True), ('text_encoder.bert.encoder.layer.0.output.dropout', Dropout(p=0.1, inplace=False), True), ('text_encoder.bert.encoder.layer.1.attention.self.dropout', Dropout(p=0.1, inplace=False), True), ('text_encoder.bert.encoder.layer.1.attention.output.dropout', Dropout(p=0.1, inplace=False), True), ('text_encoder.bert.encoder.layer.1.output.dropout', Dropout(p=0.1, inplace=False), True), ('text_encoder.bert.encoder.layer.2.attention.self.dropout', Dropout(p=0.1, inplace=False), True), ('text_encoder.bert.encoder.layer.2.attention.output.dropout', Dropout(p=0.1, inplace=False), True), ('text_encoder.bert.encoder.layer.2.output.dropout', Dropout(p=0.1, inplace=False), True), ('text_encoder.bert.encoder.layer.3.attention.self.dropout', Dropout(p=0.1, inplace=False), True), ('text_encoder.bert.encoder.layer.3.attention.output.dropout', Dropout(p=0.1, inplace=False), True), ('text_encoder.bert.encoder.layer.3.output.dropout', Dropout(p=0.1, inplace=False), True), ('text_encoder.bert.encoder.layer.4.attention.self.dropout', Dropout(p=0.1, inplace=False), True), ('text_encoder.bert.encoder.layer.4.attention.output.dropout', Dropout(p=0.1, inplace=False), True), ('text_encoder.bert.encoder.layer.4.output.dropout', Dropout(p=0.1, inplace=False), True), ('text_encoder.bert.encoder.layer.5.attention.self.dropout', Dropout(p=0.1, inplace=False), True), ('text_encoder.bert.encoder.layer.5.attention.output.dropout', Dropout(p=0.1, inplace=False), True), ('text_encoder.bert.encoder.layer.5.output.dropout', Dropout(p=0.1, inplace=False), True), ('text_encoder.bert.encoder.layer.6.attention.self.dropout', Dropout(p=0.1, inplace=False), True), ('text_encoder.bert.encoder.layer.6.attention.output.dropout', Dropout(p=0.1, inplace=False), True), ('text_encoder.bert.encoder.layer.6.crossattention.self.dropout', Dropout(p=0.1, inplace=False), True), ('text_encoder.bert.encoder.layer.6.crossattention.output.dropout', Dropout(p=0.1, inplace=False), True), ('text_encoder.bert.encoder.layer.6.output.dropout', Dropout(p=0.1, inplace=False), True), ('text_encoder.bert.encoder.layer.7.attention.self.dropout', Dropout(p=0.1, inplace=False), True), ('text_encoder.bert.encoder.layer.7.attention.output.dropout', Dropout(p=0.1, inplace=False), True), ('text_encoder.bert.encoder.layer.7.crossattention.self.dropout', Dropout(p=0.1, inplace=False), True), ('text_encoder.bert.encoder.layer.7.crossattention.output.dropout', Dropout(p=0.1, inplace=False), True), ('text_encoder.bert.encoder.layer.7.output.dropout', Dropout(p=0.1, inplace=False), True), ('text_encoder.bert.encoder.layer.8.attention.self.dropout', Dropout(p=0.1, inplace=False), True), ('text_encoder.bert.encoder.layer.8.attention.output.dropout', Dropout(p=0.1, inplace=False), True), ('text_encoder.bert.encoder.layer.8.crossattention.self.dropout', Dropout(p=0.1, inplace=False), True), ('text_encoder.bert.encoder.layer.8.crossattention.output.dropout', Dropout(p=0.1, inplace=False), True), ('text_encoder.bert.encoder.layer.8.output.dropout', Dropout(p=0.1, inplace=False), True), ('text_encoder.bert.encoder.layer.9.attention.self.dropout', Dropout(p=0.1, inplace=False), True), ('text_encoder.bert.encoder.layer.9.attention.output.dropout', Dropout(p=0.1, inplace=False), True), ('text_encoder.bert.encoder.layer.9.crossattention.self.dropout', Dropout(p=0.1, inplace=False), True), ('text_encoder.bert.encoder.layer.9.crossattention.output.dropout', Dropout(p=0.1, inplace=False), True), ('text_encoder.bert.encoder.layer.9.output.dropout', Dropout(p=0.1, inplace=False), True), ('text_encoder.bert.encoder.layer.10.attention.self.dropout', Dropout(p=0.1, inplace=False), True), ('text_encoder.bert.encoder.layer.10.attention.output.dropout', Dropout(p=0.1, inplace=False), True), ('text_encoder.bert.encoder.layer.10.crossattention.self.dropout', Dropout(p=0.1, inplace=False), True), ('text_encoder.bert.encoder.layer.10.crossattention.output.dropout', Dropout(p=0.1, inplace=False), True), ('text_encoder.bert.encoder.layer.10.output.dropout', Dropout(p=0.1, inplace=False), True), ('text_encoder.bert.encoder.layer.11.attention.self.dropout', Dropout(p=0.1, inplace=False), True), ('text_encoder.bert.encoder.layer.11.attention.output.dropout', Dropout(p=0.1, inplace=False), True), ('text_encoder.bert.encoder.layer.11.crossattention.self.dropout', Dropout(p=0.1, inplace=False), True), ('text_encoder.bert.encoder.layer.11.crossattention.output.dropout', Dropout(p=0.1, inplace=False), True), ('text_encoder.bert.encoder.layer.11.output.dropout', Dropout(p=0.1, inplace=False), True), ('vision_proj.1', Dropout(p=0.5, inplace=False), True), ('text_proj.1', Dropout(p=0.5, inplace=False), True), ('pose_block.attn.attn_drop', Dropout(p=0.0, inplace=False), True), ('pose_block.attn.proj_drop', Dropout(p=0.0, inplace=False), True)]
     TTA Require Gradient Params: 
 [('text_encoder.bert.embeddings.LayerNorm.weight', torch.Size([768])), ('text_encoder.bert.embeddings.LayerNorm.bias', torch.Size([768])), ('text_encoder.bert.encoder.layer.6.attention.output.LayerNorm.weight', torch.Size([768])), ('text_encoder.bert.encoder.layer.6.attention.output.LayerNorm.bias', torch.Size([768])), ('text_encoder.bert.encoder.layer.6.crossattention.output.LayerNorm.weight', torch.Size([768])), ('text_encoder.bert.encoder.layer.6.crossattention.output.LayerNorm.bias', torch.Size([768])), ('text_encoder.bert.encoder.layer.6.output.LayerNorm.weight', torch.Size([768])), ('text_encoder.bert.encoder.layer.6.output.LayerNorm.bias', torch.Size([768])), ('text_encoder.bert.encoder.layer.7.attention.output.LayerNorm.weight', torch.Size([768])), ('text_encoder.bert.encoder.layer.7.attention.output.LayerNorm.bias', torch.Size([768])), ('text_encoder.bert.encoder.layer.7.crossattention.output.LayerNorm.weight', torch.Size([768])), ('text_encoder.bert.encoder.layer.7.crossattention.output.LayerNorm.bias', torch.Size([768])), ('text_encoder.bert.encoder.layer.7.output.LayerNorm.weight', torch.Size([768])), ('text_encoder.bert.encoder.layer.7.output.LayerNorm.bias', torch.Size([768])), ('text_encoder.bert.encoder.layer.8.attention.output.LayerNorm.weight', torch.Size([768])), ('text_encoder.bert.encoder.layer.8.attention.output.LayerNorm.bias', torch.Size([768])), ('text_encoder.bert.encoder.layer.8.crossattention.output.LayerNorm.weight', torch.Size([768])), ('text_encoder.bert.encoder.layer.8.crossattention.output.LayerNorm.bias', torch.Size([768])), ('text_encoder.bert.encoder.layer.8.output.LayerNorm.weight', torch.Size([768])), ('text_encoder.bert.encoder.layer.8.output.LayerNorm.bias', torch.Size([768])), ('text_encoder.bert.encoder.layer.9.attention.output.LayerNorm.weight', torch.Size([768])), ('text_encoder.bert.encoder.layer.9.attention.output.LayerNorm.bias', torch.Size([768])), ('text_encoder.bert.encoder.layer.9.crossattention.output.LayerNorm.weight', torch.Size([768])), ('text_encoder.bert.encoder.layer.9.crossattention.output.LayerNorm.bias', torch.Size([768])), ('text_encoder.bert.encoder.layer.9.output.LayerNorm.weight', torch.Size([768])), ('text_encoder.bert.encoder.layer.9.output.LayerNorm.bias', torch.Size([768])), ('text_encoder.bert.encoder.layer.10.attention.output.LayerNorm.weight', torch.Size([768])), ('text_encoder.bert.encoder.layer.10.attention.output.LayerNorm.bias', torch.Size([768])), ('text_encoder.bert.encoder.layer.10.crossattention.output.LayerNorm.weight', torch.Size([768])), ('text_encoder.bert.encoder.layer.10.crossattention.output.LayerNorm.bias', torch.Size([768])), ('text_encoder.bert.encoder.layer.10.output.LayerNorm.weight', torch.Size([768])), ('text_encoder.bert.encoder.layer.10.output.LayerNorm.bias', torch.Size([768])), ('text_encoder.bert.encoder.layer.11.attention.output.LayerNorm.weight', torch.Size([768])), ('text_encoder.bert.encoder.layer.11.attention.output.LayerNorm.bias', torch.Size([768])), ('text_encoder.bert.encoder.layer.11.crossattention.output.LayerNorm.weight', torch.Size([768])), ('text_encoder.bert.encoder.layer.11.crossattention.output.LayerNorm.bias', torch.Size([768])), ('text_encoder.bert.encoder.layer.11.output.LayerNorm.weight', torch.Size([768])), ('text_encoder.bert.encoder.layer.11.output.LayerNorm.bias', torch.Size([768])), ('text_encoder.cls.predictions.transform.LayerNorm.weight', torch.Size([768])), ('text_encoder.cls.predictions.transform.LayerNorm.bias', torch.Size([768])), ('itm_head.1.weight', torch.Size([1536])), ('itm_head.1.bias', torch.Size([1536]))]
     TTA Dropout Modules Number: 
 126
     TTA Require Gradient Params Sum: 
 33792
     lr:  0.0001    lr_mult:  2
     model has 'init_params',  385
     num_tta_steps:  3720
     num_warmup_steps:  500
     sched: step
/home/jiahao/task/CMP/tta.py:246: FutureWarning: `torch.cuda.amp.GradScaler(args...)` is deprecated. Please use `torch.amp.GradScaler('cuda', args...)` instead.
  scaler = GradScaler()  # bf16
### Start ITM Test Time Adaptation
      TTA Epoch: [0] [ 0/61]  eta: 0:01:06  entropy: 0.3485  uncertainty: 1.7870  uncertainty_coeffi: 0.0100  loss: 2.0041  lr: 0.000000  time: 1.0834  data: 0.4483  max mem: 2639
      TTA Epoch: [0] [60/61]  eta: 0:00:00  entropy: 0.3881  uncertainty: 2.8430  uncertainty_coeffi: 0.0100  loss: 3.0187  lr: 0.000012  time: 0.0607  data: 0.0001  max mem: 2671
      TTA Epoch: [0] Total time: 0:00:04 (0.0779 s / it)
     Averaged stats: entropy: 0.3492  uncertainty: 2.2214  uncertainty_coeffi: 0.0100  loss: 2.4256  lr: 0.0000
     itm tta time 0:00:04
     Computing matching score
      Evaluation: [   0/1978]  eta: 0:04:31    time: 0.1370  data: 0.0031  max mem: 2671
      Evaluation: [ 100/1978]  eta: 0:02:13    time: 0.0692  data: 0.0000  max mem: 2671
      Evaluation: [ 200/1978]  eta: 0:02:03    time: 0.0680  data: 0.0000  max mem: 2671
      Evaluation: [ 300/1978]  eta: 0:01:56    time: 0.0679  data: 0.0000  max mem: 2671
      Evaluation: [ 400/1978]  eta: 0:01:48    time: 0.0678  data: 0.0000  max mem: 2671
      Evaluation: [ 500/1978]  eta: 0:01:41    time: 0.0677  data: 0.0000  max mem: 2671
      Evaluation: [ 600/1978]  eta: 0:01:34    time: 0.0678  data: 0.0000  max mem: 2671
      Evaluation: [ 700/1978]  eta: 0:01:27    time: 0.0702  data: 0.0000  max mem: 2671
      Evaluation: [ 800/1978]  eta: 0:01:20    time: 0.0677  data: 0.0000  max mem: 2671
      Evaluation: [ 900/1978]  eta: 0:01:13    time: 0.0677  data: 0.0000  max mem: 2671
      Evaluation: [1000/1978]  eta: 0:01:06    time: 0.0677  data: 0.0000  max mem: 2671
      Evaluation: [1100/1978]  eta: 0:00:59    time: 0.0676  data: 0.0000  max mem: 2671
      Evaluation: [1200/1978]  eta: 0:00:53    time: 0.0676  data: 0.0000  max mem: 2671
      Evaluation: [1300/1978]  eta: 0:00:46    time: 0.0677  data: 0.0000  max mem: 2671
      Evaluation: [1400/1978]  eta: 0:00:39    time: 0.0678  data: 0.0000  max mem: 2671
      Evaluation: [1500/1978]  eta: 0:00:32    time: 0.0677  data: 0.0000  max mem: 2671
      Evaluation: [1600/1978]  eta: 0:00:25    time: 0.0676  data: 0.0000  max mem: 2671
      Evaluation: [1700/1978]  eta: 0:00:18    time: 0.0677  data: 0.0000  max mem: 2671
      Evaluation: [1800/1978]  eta: 0:00:12    time: 0.0676  data: 0.0000  max mem: 2671
      Evaluation: [1900/1978]  eta: 0:00:05    time: 0.0676  data: 0.0000  max mem: 2671
      Evaluation: [1977/1978]  eta: 0:00:00    time: 0.0680  data: 0.0000  max mem: 2671
      Evaluation: Total time: 0:02:14 (0.0680 s / it)
     Computing matching score time 0:02:14
### TTA ITM Score: 
+-------------------+--------+--------+--------+--------+--------+
|       epoch       |   R1   |   R5   |  R10   |  mAP   |  mINP  |
+-------------------+--------+--------+--------+--------+--------+
|  cos_sim_wo/norm  | 58.544 | 91.860 | 95.703 | 73.596 | 73.596 |
|        -999       | 69.414 | 95.197 | 97.776 | 81.233 | 81.233 |
| itm_score_wo/norm | 84.328 | 98.989 | 99.494 | 91.293 | 91.293 |
|        -999       | 84.277 | 99.039 | 99.596 | 91.276 | 91.276 |
|         0         | 84.328 | 99.039 | 99.596 | 91.291 | 91.291 |
+-------------------+--------+--------+--------+--------+--------+
     logs:  {'epo': 0, 'R1': 84.328, 'R5': 99.039, 'R10': 99.596, 'mAP': 91.291, 'mINP': 91.291, 'entropy': 0.349155, 'uncertainty': 2.221419, 'uncertainty_coeffi': 0.01, 'loss': 2.425584, 'lr': 6e-06}
      TTA Epoch: [1] [ 0/61]  eta: 0:00:29  entropy: 0.4073  uncertainty: 2.5006  uncertainty_coeffi: 0.0100  loss: 2.6896  lr: 0.000012  time: 0.4792  data: 0.3662  max mem: 2671
      TTA Epoch: [1] [60/61]  eta: 0:00:00  entropy: 0.4288  uncertainty: 2.2374  uncertainty_coeffi: 0.0100  loss: 2.4728  lr: 0.000024  time: 0.0595  data: 0.0001  max mem: 2671
      TTA Epoch: [1] Total time: 0:00:04 (0.0674 s / it)
     Averaged stats: entropy: 0.3435  uncertainty: 2.2315  uncertainty_coeffi: 0.0100  loss: 2.4318  lr: 0.0000
     itm tta time 0:00:04
     Computing matching score
      Evaluation: [   0/1978]  eta: 0:02:25    time: 0.0735  data: 0.0037  max mem: 2671
      Evaluation: [ 100/1978]  eta: 0:02:07    time: 0.0679  data: 0.0000  max mem: 2671
      Evaluation: [ 200/1978]  eta: 0:02:01    time: 0.0693  data: 0.0000  max mem: 2671
      Evaluation: [ 300/1978]  eta: 0:01:54    time: 0.0676  data: 0.0000  max mem: 2671
      Evaluation: [ 400/1978]  eta: 0:01:47    time: 0.0676  data: 0.0000  max mem: 2671
      Evaluation: [ 500/1978]  eta: 0:01:40    time: 0.0676  data: 0.0000  max mem: 2671
      Evaluation: [ 600/1978]  eta: 0:01:33    time: 0.0681  data: 0.0000  max mem: 2671
      Evaluation: [ 700/1978]  eta: 0:01:26    time: 0.0681  data: 0.0000  max mem: 2671
      Evaluation: [ 800/1978]  eta: 0:01:20    time: 0.0683  data: 0.0000  max mem: 2671
      Evaluation: [ 900/1978]  eta: 0:01:13    time: 0.0683  data: 0.0000  max mem: 2671
      Evaluation: [1000/1978]  eta: 0:01:06    time: 0.0680  data: 0.0000  max mem: 2671
      Evaluation: [1100/1978]  eta: 0:00:59    time: 0.0677  data: 0.0000  max mem: 2671
      Evaluation: [1200/1978]  eta: 0:00:52    time: 0.0677  data: 0.0000  max mem: 2671
      Evaluation: [1300/1978]  eta: 0:00:46    time: 0.0677  data: 0.0000  max mem: 2671
      Evaluation: [1400/1978]  eta: 0:00:39    time: 0.0677  data: 0.0000  max mem: 2671
      Evaluation: [1500/1978]  eta: 0:00:32    time: 0.0677  data: 0.0000  max mem: 2671
      Evaluation: [1600/1978]  eta: 0:00:25    time: 0.0678  data: 0.0000  max mem: 2671
      Evaluation: [1700/1978]  eta: 0:00:18    time: 0.0675  data: 0.0000  max mem: 2671
      Evaluation: [1800/1978]  eta: 0:00:12    time: 0.0674  data: 0.0000  max mem: 2671
      Evaluation: [1900/1978]  eta: 0:00:05    time: 0.0674  data: 0.0000  max mem: 2671
      Evaluation: [1977/1978]  eta: 0:00:00    time: 0.0675  data: 0.0000  max mem: 2671
      Evaluation: Total time: 0:02:14 (0.0678 s / it)
     Computing matching score time 0:02:14
### TTA ITM Score: 
+-------------------+--------+--------+--------+--------+--------+
|       epoch       |   R1   |   R5   |  R10   |  mAP   |  mINP  |
+-------------------+--------+--------+--------+--------+--------+
|  cos_sim_wo/norm  | 58.544 | 91.860 | 95.703 | 73.596 | 73.596 |
|        -999       | 69.414 | 95.197 | 97.776 | 81.233 | 81.233 |
| itm_score_wo/norm | 84.328 | 98.989 | 99.494 | 91.293 | 91.293 |
|        -999       | 84.277 | 99.039 | 99.596 | 91.276 | 91.276 |
|         0         | 84.328 | 99.039 | 99.596 | 91.291 | 91.291 |
|         1         | 84.732 | 98.989 | 99.596 | 91.479 | 91.479 |
+-------------------+--------+--------+--------+--------+--------+
     logs:  {'epo': 1, 'R1': 84.732, 'R5': 98.989, 'R10': 99.596, 'mAP': 91.479, 'mINP': 91.479, 'entropy': 0.343479, 'uncertainty': 2.23151, 'uncertainty_coeffi': 0.01, 'loss': 2.431769, 'lr': 1.8e-05}
      TTA Epoch: [2] [ 0/61]  eta: 0:00:26  entropy: 0.3977  uncertainty: 1.7849  uncertainty_coeffi: 0.0100  loss: 2.0441  lr: 0.000025  time: 0.4294  data: 0.3477  max mem: 2671
      TTA Epoch: [2] [60/61]  eta: 0:00:00  entropy: 0.3408  uncertainty: 2.3454  uncertainty_coeffi: 0.0100  loss: 2.5345  lr: 0.000037  time: 0.0607  data: 0.0001  max mem: 2671
      TTA Epoch: [2] Total time: 0:00:04 (0.0675 s / it)
     Averaged stats: entropy: 0.3283  uncertainty: 2.2237  uncertainty_coeffi: 0.0100  loss: 2.4135  lr: 0.0000
     itm tta time 0:00:04
     Computing matching score
      Evaluation: [   0/1978]  eta: 0:02:57    time: 0.0899  data: 0.0046  max mem: 2671
      Evaluation: [ 100/1978]  eta: 0:02:09    time: 0.0687  data: 0.0000  max mem: 2671
      Evaluation: [ 200/1978]  eta: 0:02:01    time: 0.0682  data: 0.0000  max mem: 2671
      Evaluation: [ 300/1978]  eta: 0:01:54    time: 0.0683  data: 0.0000  max mem: 2671
      Evaluation: [ 400/1978]  eta: 0:01:47    time: 0.0682  data: 0.0000  max mem: 2671
      Evaluation: [ 500/1978]  eta: 0:01:40    time: 0.0681  data: 0.0000  max mem: 2671
      Evaluation: [ 600/1978]  eta: 0:01:34    time: 0.0681  data: 0.0000  max mem: 2671
      Evaluation: [ 700/1978]  eta: 0:01:27    time: 0.0681  data: 0.0000  max mem: 2671
      Evaluation: [ 800/1978]  eta: 0:01:20    time: 0.0680  data: 0.0000  max mem: 2671
      Evaluation: [ 900/1978]  eta: 0:01:13    time: 0.0680  data: 0.0000  max mem: 2671
      Evaluation: [1000/1978]  eta: 0:01:06    time: 0.0680  data: 0.0000  max mem: 2671
      Evaluation: [1100/1978]  eta: 0:00:59    time: 0.0682  data: 0.0000  max mem: 2671
      Evaluation: [1200/1978]  eta: 0:00:53    time: 0.0683  data: 0.0000  max mem: 2671
      Evaluation: [1300/1978]  eta: 0:00:46    time: 0.0683  data: 0.0000  max mem: 2671
      Evaluation: [1400/1978]  eta: 0:00:39    time: 0.0684  data: 0.0000  max mem: 2671
      Evaluation: [1500/1978]  eta: 0:00:32    time: 0.0683  data: 0.0000  max mem: 2671
      Evaluation: [1600/1978]  eta: 0:00:25    time: 0.0683  data: 0.0000  max mem: 2671
      Evaluation: [1700/1978]  eta: 0:00:18    time: 0.0683  data: 0.0000  max mem: 2671
      Evaluation: [1800/1978]  eta: 0:00:12    time: 0.0683  data: 0.0000  max mem: 2671
      Evaluation: [1900/1978]  eta: 0:00:05    time: 0.0683  data: 0.0000  max mem: 2671
      Evaluation: [1977/1978]  eta: 0:00:00    time: 0.0684  data: 0.0000  max mem: 2671
      Evaluation: Total time: 0:02:15 (0.0683 s / it)
     Computing matching score time 0:02:15
### TTA ITM Score: 
+-------------------+--------+--------+--------+--------+--------+
|       epoch       |   R1   |   R5   |  R10   |  mAP   |  mINP  |
+-------------------+--------+--------+--------+--------+--------+
|  cos_sim_wo/norm  | 58.544 | 91.860 | 95.703 | 73.596 | 73.596 |
|        -999       | 69.414 | 95.197 | 97.776 | 81.233 | 81.233 |
| itm_score_wo/norm | 84.328 | 98.989 | 99.494 | 91.293 | 91.293 |
|        -999       | 84.277 | 99.039 | 99.596 | 91.276 | 91.276 |
|         0         | 84.328 | 99.039 | 99.596 | 91.291 | 91.291 |
|         1         | 84.732 | 98.989 | 99.596 | 91.479 | 91.479 |
|         2         | 84.783 | 98.938 | 99.596 | 91.491 | 91.491 |
+-------------------+--------+--------+--------+--------+--------+
     logs:  {'epo': 2, 'R1': 84.783, 'R5': 98.938, 'R10': 99.596, 'mAP': 91.491, 'mINP': 91.491, 'entropy': 0.328317, 'uncertainty': 2.223665, 'uncertainty_coeffi': 0.01, 'loss': 2.413486, 'lr': 3.1e-05}
      TTA Epoch: [3] [ 0/61]  eta: 0:00:31  entropy: 0.3249  uncertainty: 1.5164  uncertainty_coeffi: 0.0100  loss: 1.7447  lr: 0.000037  time: 0.5150  data: 0.4068  max mem: 2671
      TTA Epoch: [3] [60/61]  eta: 0:00:00  entropy: 0.2571  uncertainty: 2.2262  uncertainty_coeffi: 0.0100  loss: 2.3547  lr: 0.000049  time: 0.0600  data: 0.0001  max mem: 2671
      TTA Epoch: [3] Total time: 0:00:04 (0.0684 s / it)
     Averaged stats: entropy: 0.3067  uncertainty: 2.2313  uncertainty_coeffi: 0.0100  loss: 2.4041  lr: 0.0000
     itm tta time 0:00:04
      TTA Epoch: [4] [ 0/61]  eta: 0:00:28  entropy: 0.3212  uncertainty: 2.9127  uncertainty_coeffi: 0.0100  loss: 3.0427  lr: 0.000049  time: 0.4624  data: 0.3751  max mem: 2671
      TTA Epoch: [4] [60/61]  eta: 0:00:00  entropy: 0.2669  uncertainty: 2.2543  uncertainty_coeffi: 0.0100  loss: 2.4095  lr: 0.000061  time: 0.0611  data: 0.0001  max mem: 2671
      TTA Epoch: [4] Total time: 0:00:04 (0.0687 s / it)
     Averaged stats: entropy: 0.2828  uncertainty: 2.2303  uncertainty_coeffi: 0.0100  loss: 2.3878  lr: 0.0001
     itm tta time 0:00:04
     Computing matching score
      Evaluation: [   0/1978]  eta: 0:02:20    time: 0.0710  data: 0.0025  max mem: 2671
      Evaluation: [ 100/1978]  eta: 0:02:08    time: 0.0683  data: 0.0000  max mem: 2671
      Evaluation: [ 200/1978]  eta: 0:02:01    time: 0.0685  data: 0.0000  max mem: 2671
      Evaluation: [ 300/1978]  eta: 0:01:54    time: 0.0684  data: 0.0000  max mem: 2671
      Evaluation: [ 400/1978]  eta: 0:01:47    time: 0.0685  data: 0.0000  max mem: 2671
      Evaluation: [ 500/1978]  eta: 0:01:41    time: 0.0719  data: 0.0000  max mem: 2671
      Evaluation: [ 600/1978]  eta: 0:01:34    time: 0.0687  data: 0.0000  max mem: 2671
      Evaluation: [ 700/1978]  eta: 0:01:27    time: 0.0676  data: 0.0000  max mem: 2671
      Evaluation: [ 800/1978]  eta: 0:01:20    time: 0.0676  data: 0.0000  max mem: 2671
      Evaluation: [ 900/1978]  eta: 0:01:13    time: 0.0676  data: 0.0000  max mem: 2671
      Evaluation: [1000/1978]  eta: 0:01:06    time: 0.0677  data: 0.0000  max mem: 2671
      Evaluation: [1100/1978]  eta: 0:00:59    time: 0.0677  data: 0.0000  max mem: 2671
      Evaluation: [1200/1978]  eta: 0:00:53    time: 0.0676  data: 0.0000  max mem: 2671
      Evaluation: [1300/1978]  eta: 0:00:46    time: 0.0676  data: 0.0000  max mem: 2671
      Evaluation: [1400/1978]  eta: 0:00:39    time: 0.0677  data: 0.0000  max mem: 2671
      Evaluation: [1500/1978]  eta: 0:00:32    time: 0.0676  data: 0.0000  max mem: 2671
      Evaluation: [1600/1978]  eta: 0:00:25    time: 0.0676  data: 0.0000  max mem: 2671
      Evaluation: [1700/1978]  eta: 0:00:18    time: 0.0676  data: 0.0000  max mem: 2671
      Evaluation: [1800/1978]  eta: 0:00:12    time: 0.0677  data: 0.0000  max mem: 2671
      Evaluation: [1900/1978]  eta: 0:00:05    time: 0.0676  data: 0.0000  max mem: 2671
      Evaluation: [1977/1978]  eta: 0:00:00    time: 0.0678  data: 0.0000  max mem: 2671
      Evaluation: Total time: 0:02:14 (0.0680 s / it)
     Computing matching score time 0:02:14
### TTA ITM Score: 
+-------------------+--------+--------+--------+--------+--------+
|       epoch       |   R1   |   R5   |  R10   |  mAP   |  mINP  |
+-------------------+--------+--------+--------+--------+--------+
|  cos_sim_wo/norm  | 58.544 | 91.860 | 95.703 | 73.596 | 73.596 |
|        -999       | 69.414 | 95.197 | 97.776 | 81.233 | 81.233 |
| itm_score_wo/norm | 84.328 | 98.989 | 99.494 | 91.293 | 91.293 |
|        -999       | 84.277 | 99.039 | 99.596 | 91.276 | 91.276 |
|         0         | 84.328 | 99.039 | 99.596 | 91.291 | 91.291 |
|         1         | 84.732 | 98.989 | 99.596 | 91.479 | 91.479 |
|         2         | 84.783 | 98.938 | 99.596 | 91.491 | 91.491 |
|         4         | 84.580 | 98.837 | 99.494 | 91.322 | 91.322 |
+-------------------+--------+--------+--------+--------+--------+
     logs:  {'epo': 4, 'R1': 84.58, 'R5': 98.837, 'R10': 99.494, 'mAP': 91.322, 'mINP': 91.322, 'entropy': 0.282795, 'uncertainty': 2.230277, 'uncertainty_coeffi': 0.01, 'loss': 2.387788, 'lr': 5.5e-05}
      TTA Epoch: [5] [ 0/61]  eta: 0:00:28  entropy: 0.2800  uncertainty: 2.0319  uncertainty_coeffi: 0.0100  loss: 2.2182  lr: 0.000061  time: 0.4633  data: 0.3808  max mem: 2671
      TTA Epoch: [5] [60/61]  eta: 0:00:00  entropy: 0.2223  uncertainty: 2.4292  uncertainty_coeffi: 0.0100  loss: 2.5637  lr: 0.000073  time: 0.0605  data: 0.0001  max mem: 2671
      TTA Epoch: [5] Total time: 0:00:04 (0.0681 s / it)
     Averaged stats: entropy: 0.2637  uncertainty: 2.2097  uncertainty_coeffi: 0.0100  loss: 2.3546  lr: 0.0001
     itm tta time 0:00:04
      TTA Epoch: [6] [ 0/61]  eta: 0:00:31  entropy: 0.3215  uncertainty: 2.1391  uncertainty_coeffi: 0.0100  loss: 2.3210  lr: 0.000073  time: 0.5209  data: 0.4126  max mem: 2671
      TTA Epoch: [6] [60/61]  eta: 0:00:00  entropy: 0.2897  uncertainty: 2.4871  uncertainty_coeffi: 0.0100  loss: 2.6135  lr: 0.000085  time: 0.0607  data: 0.0001  max mem: 2671
      TTA Epoch: [6] Total time: 0:00:04 (0.0692 s / it)
     Averaged stats: entropy: 0.2490  uncertainty: 2.2245  uncertainty_coeffi: 0.0100  loss: 2.3570  lr: 0.0001
     itm tta time 0:00:04
      TTA Epoch: [7] [ 0/61]  eta: 0:00:30  entropy: 0.1958  uncertainty: 2.1050  uncertainty_coeffi: 0.0100  loss: 2.1925  lr: 0.000086  time: 0.4998  data: 0.3904  max mem: 2671
      TTA Epoch: [7] [60/61]  eta: 0:00:00  entropy: 0.1146  uncertainty: 1.8843  uncertainty_coeffi: 0.0100  loss: 1.9496  lr: 0.000098  time: 0.0621  data: 0.0001  max mem: 2671
      TTA Epoch: [7] Total time: 0:00:04 (0.0701 s / it)
     Averaged stats: entropy: 0.2351  uncertainty: 2.2204  uncertainty_coeffi: 0.0100  loss: 2.3427  lr: 0.0001
     itm tta time 0:00:04
      TTA Epoch: [8] [ 0/61]  eta: 0:00:28  entropy: 0.2471  uncertainty: 2.1945  uncertainty_coeffi: 0.0100  loss: 2.3632  lr: 0.000098  time: 0.4667  data: 0.3660  max mem: 2671
      TTA Epoch: [8] [60/61]  eta: 0:00:00  entropy: 0.1723  uncertainty: 2.3460  uncertainty_coeffi: 0.0100  loss: 2.4591  lr: 0.000098  time: 0.0609  data: 0.0001  max mem: 2671
      TTA Epoch: [8] Total time: 0:00:04 (0.0685 s / it)
     Averaged stats: entropy: 0.2149  uncertainty: 2.2221  uncertainty_coeffi: 0.0100  loss: 2.3330  lr: 0.0001
     itm tta time 0:00:04
      TTA Epoch: [9] [ 0/61]  eta: 0:00:31  entropy: 0.1680  uncertainty: 2.1228  uncertainty_coeffi: 0.0100  loss: 2.2221  lr: 0.000098  time: 0.5125  data: 0.4061  max mem: 2671
      TTA Epoch: [9] [60/61]  eta: 0:00:00  entropy: 0.1315  uncertainty: 2.0169  uncertainty_coeffi: 0.0100  loss: 2.1103  lr: 0.000097  time: 0.0622  data: 0.0001  max mem: 2671
      TTA Epoch: [9] Total time: 0:00:04 (0.0706 s / it)
     Averaged stats: entropy: 0.2038  uncertainty: 2.2289  uncertainty_coeffi: 0.0100  loss: 2.3320  lr: 0.0001
     itm tta time 0:00:04
     Computing matching score
      Evaluation: [   0/1978]  eta: 0:02:33    time: 0.0774  data: 0.0052  max mem: 2671
      Evaluation: [ 100/1978]  eta: 0:02:08    time: 0.0675  data: 0.0000  max mem: 2671
      Evaluation: [ 200/1978]  eta: 0:02:00    time: 0.0675  data: 0.0000  max mem: 2671
      Evaluation: [ 300/1978]  eta: 0:01:53    time: 0.0675  data: 0.0000  max mem: 2671
      Evaluation: [ 400/1978]  eta: 0:01:46    time: 0.0674  data: 0.0000  max mem: 2671
      Evaluation: [ 500/1978]  eta: 0:01:39    time: 0.0676  data: 0.0000  max mem: 2671
      Evaluation: [ 600/1978]  eta: 0:01:33    time: 0.0675  data: 0.0000  max mem: 2671
      Evaluation: [ 700/1978]  eta: 0:01:26    time: 0.0675  data: 0.0000  max mem: 2671
      Evaluation: [ 800/1978]  eta: 0:01:19    time: 0.0675  data: 0.0000  max mem: 2671
      Evaluation: [ 900/1978]  eta: 0:01:12    time: 0.0675  data: 0.0000  max mem: 2671
      Evaluation: [1000/1978]  eta: 0:01:06    time: 0.0675  data: 0.0000  max mem: 2671
      Evaluation: [1100/1978]  eta: 0:00:59    time: 0.0675  data: 0.0000  max mem: 2671
      Evaluation: [1200/1978]  eta: 0:00:52    time: 0.0675  data: 0.0000  max mem: 2671
      Evaluation: [1300/1978]  eta: 0:00:45    time: 0.0675  data: 0.0000  max mem: 2671
      Evaluation: [1400/1978]  eta: 0:00:39    time: 0.0675  data: 0.0000  max mem: 2671
      Evaluation: [1500/1978]  eta: 0:00:32    time: 0.0674  data: 0.0000  max mem: 2671
      Evaluation: [1600/1978]  eta: 0:00:25    time: 0.0675  data: 0.0000  max mem: 2671
      Evaluation: [1700/1978]  eta: 0:00:18    time: 0.0713  data: 0.0000  max mem: 2671
      Evaluation: [1800/1978]  eta: 0:00:12    time: 0.0676  data: 0.0000  max mem: 2671
      Evaluation: [1900/1978]  eta: 0:00:05    time: 0.0674  data: 0.0000  max mem: 2671
      Evaluation: [1977/1978]  eta: 0:00:00    time: 0.0676  data: 0.0000  max mem: 2671
      Evaluation: Total time: 0:02:13 (0.0677 s / it)
     Computing matching score time 0:02:14
### TTA ITM Score: 
+-------------------+--------+--------+--------+--------+--------+
|       epoch       |   R1   |   R5   |  R10   |  mAP   |  mINP  |
+-------------------+--------+--------+--------+--------+--------+
|  cos_sim_wo/norm  | 58.544 | 91.860 | 95.703 | 73.596 | 73.596 |
|        -999       | 69.414 | 95.197 | 97.776 | 81.233 | 81.233 |
| itm_score_wo/norm | 84.328 | 98.989 | 99.494 | 91.293 | 91.293 |
|        -999       | 84.277 | 99.039 | 99.596 | 91.276 | 91.276 |
|         0         | 84.328 | 99.039 | 99.596 | 91.291 | 91.291 |
|         1         | 84.732 | 98.989 | 99.596 | 91.479 | 91.479 |
|         2         | 84.783 | 98.938 | 99.596 | 91.491 | 91.491 |
|         4         | 84.580 | 98.837 | 99.494 | 91.322 | 91.322 |
|         9         | 84.833 | 98.635 | 99.191 | 91.358 | 91.358 |
+-------------------+--------+--------+--------+--------+--------+
     logs:  {'epo': 9, 'R1': 84.833, 'R5': 98.635, 'R10': 99.191, 'mAP': 91.358, 'mINP': 91.358, 'entropy': 0.203816, 'uncertainty': 2.228873, 'uncertainty_coeffi': 0.01, 'loss': 2.331988, 'lr': 9.8e-05}
      TTA Epoch: [10] [ 0/61]  eta: 0:00:30  entropy: 0.2030  uncertainty: 2.1390  uncertainty_coeffi: 0.0100  loss: 2.2632  lr: 0.000097  time: 0.5032  data: 0.4103  max mem: 2671
      TTA Epoch: [10] [60/61]  eta: 0:00:00  entropy: 0.0541  uncertainty: 2.0666  uncertainty_coeffi: 0.0100  loss: 2.0930  lr: 0.000095  time: 0.0615  data: 0.0001  max mem: 2671
      TTA Epoch: [10] Total time: 0:00:04 (0.0695 s / it)
     Averaged stats: entropy: 0.1923  uncertainty: 2.2322  uncertainty_coeffi: 0.0100  loss: 2.3284  lr: 0.0001
     itm tta time 0:00:04
      TTA Epoch: [11] [ 0/61]  eta: 0:00:32  entropy: 0.1875  uncertainty: 1.9595  uncertainty_coeffi: 0.0100  loss: 2.0854  lr: 0.000095  time: 0.5362  data: 0.4184  max mem: 2671
      TTA Epoch: [11] [60/61]  eta: 0:00:00  entropy: 0.1577  uncertainty: 2.4927  uncertainty_coeffi: 0.0100  loss: 2.5666  lr: 0.000093  time: 0.0619  data: 0.0001  max mem: 2671
      TTA Epoch: [11] Total time: 0:00:04 (0.0706 s / it)
     Averaged stats: entropy: 0.1873  uncertainty: 2.2273  uncertainty_coeffi: 0.0100  loss: 2.3212  lr: 0.0001
     itm tta time 0:00:04
      TTA Epoch: [12] [ 0/61]  eta: 0:00:36  entropy: 0.1809  uncertainty: 2.1593  uncertainty_coeffi: 0.0100  loss: 2.2651  lr: 0.000093  time: 0.6022  data: 0.4859  max mem: 2671
      TTA Epoch: [12] [60/61]  eta: 0:00:00  entropy: 0.1734  uncertainty: 2.1360  uncertainty_coeffi: 0.0100  loss: 2.2350  lr: 0.000091  time: 0.0620  data: 0.0001  max mem: 2671
      TTA Epoch: [12] Total time: 0:00:04 (0.0721 s / it)
     Averaged stats: entropy: 0.1780  uncertainty: 2.2251  uncertainty_coeffi: 0.0100  loss: 2.3138  lr: 0.0001
     itm tta time 0:00:04
      TTA Epoch: [13] [ 0/61]  eta: 0:00:37  entropy: 0.1549  uncertainty: 2.4976  uncertainty_coeffi: 0.0100  loss: 2.5617  lr: 0.000091  time: 0.6104  data: 0.5146  max mem: 2671
      TTA Epoch: [13] [60/61]  eta: 0:00:00  entropy: 0.2017  uncertainty: 2.0687  uncertainty_coeffi: 0.0100  loss: 2.1860  lr: 0.000089  time: 0.0619  data: 0.0001  max mem: 2671
      TTA Epoch: [13] Total time: 0:00:04 (0.0717 s / it)
     Averaged stats: entropy: 0.1633  uncertainty: 2.2215  uncertainty_coeffi: 0.0100  loss: 2.3035  lr: 0.0001
     itm tta time 0:00:04
      TTA Epoch: [14] [ 0/61]  eta: 0:00:33  entropy: 0.1320  uncertainty: 2.2185  uncertainty_coeffi: 0.0100  loss: 2.2792  lr: 0.000089  time: 0.5506  data: 0.4394  max mem: 2671
      TTA Epoch: [14] [60/61]  eta: 0:00:00  entropy: 0.0737  uncertainty: 1.7709  uncertainty_coeffi: 0.0100  loss: 1.8186  lr: 0.000087  time: 0.0623  data: 0.0001  max mem: 2671
      TTA Epoch: [14] Total time: 0:00:04 (0.0717 s / it)
     Averaged stats: entropy: 0.1578  uncertainty: 2.2235  uncertainty_coeffi: 0.0100  loss: 2.3004  lr: 0.0001
     itm tta time 0:00:04
     Computing matching score
      Evaluation: [   0/1978]  eta: 0:02:30    time: 0.0760  data: 0.0072  max mem: 2671
      Evaluation: [ 100/1978]  eta: 0:02:11    time: 0.0678  data: 0.0000  max mem: 2671
      Evaluation: [ 200/1978]  eta: 0:02:02    time: 0.0677  data: 0.0000  max mem: 2671
      Evaluation: [ 300/1978]  eta: 0:01:54    time: 0.0678  data: 0.0000  max mem: 2671
      Evaluation: [ 400/1978]  eta: 0:01:47    time: 0.0678  data: 0.0000  max mem: 2671
      Evaluation: [ 500/1978]  eta: 0:01:40    time: 0.0678  data: 0.0000  max mem: 2671
      Evaluation: [ 600/1978]  eta: 0:01:33    time: 0.0677  data: 0.0000  max mem: 2671
      Evaluation: [ 700/1978]  eta: 0:01:27    time: 0.0678  data: 0.0000  max mem: 2671
      Evaluation: [ 800/1978]  eta: 0:01:20    time: 0.0678  data: 0.0000  max mem: 2671
      Evaluation: [ 900/1978]  eta: 0:01:13    time: 0.0678  data: 0.0000  max mem: 2671
      Evaluation: [1000/1978]  eta: 0:01:06    time: 0.0676  data: 0.0000  max mem: 2671
      Evaluation: [1100/1978]  eta: 0:00:59    time: 0.0679  data: 0.0000  max mem: 2671
      Evaluation: [1200/1978]  eta: 0:00:52    time: 0.0677  data: 0.0000  max mem: 2671
      Evaluation: [1300/1978]  eta: 0:00:46    time: 0.0675  data: 0.0000  max mem: 2671
      Evaluation: [1400/1978]  eta: 0:00:39    time: 0.0676  data: 0.0000  max mem: 2671
      Evaluation: [1500/1978]  eta: 0:00:32    time: 0.0677  data: 0.0000  max mem: 2671
      Evaluation: [1600/1978]  eta: 0:00:25    time: 0.0676  data: 0.0000  max mem: 2671
      Evaluation: [1700/1978]  eta: 0:00:18    time: 0.0676  data: 0.0000  max mem: 2671
      Evaluation: [1800/1978]  eta: 0:00:12    time: 0.0675  data: 0.0000  max mem: 2671
      Evaluation: [1900/1978]  eta: 0:00:05    time: 0.0676  data: 0.0000  max mem: 2671
      Evaluation: [1977/1978]  eta: 0:00:00    time: 0.0677  data: 0.0000  max mem: 2671
      Evaluation: Total time: 0:02:14 (0.0678 s / it)
     Computing matching score time 0:02:14
### TTA ITM Score: 
+-------------------+--------+--------+--------+--------+--------+
|       epoch       |   R1   |   R5   |  R10   |  mAP   |  mINP  |
+-------------------+--------+--------+--------+--------+--------+
|  cos_sim_wo/norm  | 58.544 | 91.860 | 95.703 | 73.596 | 73.596 |
|        -999       | 69.414 | 95.197 | 97.776 | 81.233 | 81.233 |
| itm_score_wo/norm | 84.328 | 98.989 | 99.494 | 91.293 | 91.293 |
|        -999       | 84.277 | 99.039 | 99.596 | 91.276 | 91.276 |
|         0         | 84.328 | 99.039 | 99.596 | 91.291 | 91.291 |
|         1         | 84.732 | 98.989 | 99.596 | 91.479 | 91.479 |
|         2         | 84.783 | 98.938 | 99.596 | 91.491 | 91.491 |
|         4         | 84.580 | 98.837 | 99.494 | 91.322 | 91.322 |
|         9         | 84.833 | 98.635 | 99.191 | 91.358 | 91.358 |
|         14        | 84.681 | 98.635 | 99.242 | 91.321 | 91.321 |
+-------------------+--------+--------+--------+--------+--------+
     logs:  {'epo': 14, 'R1': 84.681, 'R5': 98.635, 'R10': 99.242, 'mAP': 91.321, 'mINP': 91.321, 'entropy': 0.15775, 'uncertainty': 2.223525, 'uncertainty_coeffi': 0.01, 'loss': 2.300448, 'lr': 8.8e-05}
      TTA Epoch: [15] [ 0/61]  eta: 0:00:29  entropy: 0.0822  uncertainty: 2.3902  uncertainty_coeffi: 0.0100  loss: 2.4369  lr: 0.000087  time: 0.4764  data: 0.3717  max mem: 2671
      TTA Epoch: [15] [60/61]  eta: 0:00:00  entropy: 0.1376  uncertainty: 2.0834  uncertainty_coeffi: 0.0100  loss: 2.1495  lr: 0.000085  time: 0.0609  data: 0.0001  max mem: 2671
      TTA Epoch: [15] Total time: 0:00:04 (0.0686 s / it)
     Averaged stats: entropy: 0.1510  uncertainty: 2.2148  uncertainty_coeffi: 0.0100  loss: 2.2894  lr: 0.0001
     itm tta time 0:00:04
      TTA Epoch: [16] [ 0/61]  eta: 0:00:27  entropy: 0.1820  uncertainty: 2.4132  uncertainty_coeffi: 0.0100  loss: 2.4733  lr: 0.000085  time: 0.4584  data: 0.3657  max mem: 2671
      TTA Epoch: [16] [60/61]  eta: 0:00:00  entropy: 0.0799  uncertainty: 2.2837  uncertainty_coeffi: 0.0100  loss: 2.3296  lr: 0.000083  time: 0.0611  data: 0.0001  max mem: 2671
      TTA Epoch: [16] Total time: 0:00:04 (0.0691 s / it)
     Averaged stats: entropy: 0.1522  uncertainty: 2.2269  uncertainty_coeffi: 0.0100  loss: 2.3018  lr: 0.0001
     itm tta time 0:00:04
      TTA Epoch: [17] [ 0/61]  eta: 0:00:31  entropy: 0.1529  uncertainty: 2.1341  uncertainty_coeffi: 0.0100  loss: 2.2085  lr: 0.000083  time: 0.5157  data: 0.4007  max mem: 2671
      TTA Epoch: [17] [60/61]  eta: 0:00:00  entropy: 0.2073  uncertainty: 1.6610  uncertainty_coeffi: 0.0100  loss: 1.7950  lr: 0.000081  time: 0.0609  data: 0.0001  max mem: 2671
      TTA Epoch: [17] Total time: 0:00:04 (0.0695 s / it)
     Averaged stats: entropy: 0.1468  uncertainty: 2.2173  uncertainty_coeffi: 0.0100  loss: 2.2890  lr: 0.0001
     itm tta time 0:00:04
      TTA Epoch: [18] [ 0/61]  eta: 0:00:26  entropy: 0.1969  uncertainty: 2.6151  uncertainty_coeffi: 0.0100  loss: 2.6817  lr: 0.000081  time: 0.4399  data: 0.3437  max mem: 2671
      TTA Epoch: [18] [60/61]  eta: 0:00:00  entropy: 0.1195  uncertainty: 1.9300  uncertainty_coeffi: 0.0100  loss: 1.9914  lr: 0.000080  time: 0.0612  data: 0.0001  max mem: 2671
      TTA Epoch: [18] Total time: 0:00:04 (0.0686 s / it)
     Averaged stats: entropy: 0.1388  uncertainty: 2.2304  uncertainty_coeffi: 0.0100  loss: 2.2984  lr: 0.0001
     itm tta time 0:00:04
      TTA Epoch: [19] [ 0/61]  eta: 0:00:29  entropy: 0.0647  uncertainty: 2.1348  uncertainty_coeffi: 0.0100  loss: 2.1693  lr: 0.000080  time: 0.4901  data: 0.3869  max mem: 2671
      TTA Epoch: [19] [60/61]  eta: 0:00:00  entropy: 0.0206  uncertainty: 2.0557  uncertainty_coeffi: 0.0100  loss: 2.0615  lr: 0.000078  time: 0.0613  data: 0.0001  max mem: 2671
      TTA Epoch: [19] Total time: 0:00:04 (0.0697 s / it)
     Averaged stats: entropy: 0.1342  uncertainty: 2.2304  uncertainty_coeffi: 0.0100  loss: 2.2956  lr: 0.0001
     itm tta time 0:00:04
     Computing matching score
      Evaluation: [   0/1978]  eta: 0:02:25    time: 0.0736  data: 0.0059  max mem: 2671
      Evaluation: [ 100/1978]  eta: 0:02:08    time: 0.0679  data: 0.0000  max mem: 2671
      Evaluation: [ 200/1978]  eta: 0:02:00    time: 0.0675  data: 0.0000  max mem: 2671
      Evaluation: [ 300/1978]  eta: 0:01:53    time: 0.0676  data: 0.0000  max mem: 2671
      Evaluation: [ 400/1978]  eta: 0:01:46    time: 0.0677  data: 0.0000  max mem: 2671
      Evaluation: [ 500/1978]  eta: 0:01:40    time: 0.0676  data: 0.0000  max mem: 2671
      Evaluation: [ 600/1978]  eta: 0:01:33    time: 0.0676  data: 0.0000  max mem: 2671
      Evaluation: [ 700/1978]  eta: 0:01:26    time: 0.0676  data: 0.0000  max mem: 2671
      Evaluation: [ 800/1978]  eta: 0:01:19    time: 0.0676  data: 0.0000  max mem: 2671
      Evaluation: [ 900/1978]  eta: 0:01:12    time: 0.0676  data: 0.0000  max mem: 2671
      Evaluation: [1000/1978]  eta: 0:01:06    time: 0.0676  data: 0.0000  max mem: 2671
      Evaluation: [1100/1978]  eta: 0:00:59    time: 0.0677  data: 0.0000  max mem: 2671
      Evaluation: [1200/1978]  eta: 0:00:52    time: 0.0681  data: 0.0000  max mem: 2671
      Evaluation: [1300/1978]  eta: 0:00:45    time: 0.0675  data: 0.0000  max mem: 2671
      Evaluation: [1400/1978]  eta: 0:00:39    time: 0.0676  data: 0.0000  max mem: 2671
      Evaluation: [1500/1978]  eta: 0:00:32    time: 0.0710  data: 0.0000  max mem: 2671
      Evaluation: [1600/1978]  eta: 0:00:25    time: 0.0678  data: 0.0000  max mem: 2671
      Evaluation: [1700/1978]  eta: 0:00:18    time: 0.0677  data: 0.0000  max mem: 2671
      Evaluation: [1800/1978]  eta: 0:00:12    time: 0.0674  data: 0.0000  max mem: 2671
      Evaluation: [1900/1978]  eta: 0:00:05    time: 0.0675  data: 0.0000  max mem: 2671
      Evaluation: [1977/1978]  eta: 0:00:00    time: 0.0678  data: 0.0000  max mem: 2671
      Evaluation: Total time: 0:02:14 (0.0678 s / it)
     Computing matching score time 0:02:14
### TTA ITM Score: 
+-------------------+--------+--------+--------+--------+--------+
|       epoch       |   R1   |   R5   |  R10   |  mAP   |  mINP  |
+-------------------+--------+--------+--------+--------+--------+
|  cos_sim_wo/norm  | 58.544 | 91.860 | 95.703 | 73.596 | 73.596 |
|        -999       | 69.414 | 95.197 | 97.776 | 81.233 | 81.233 |
| itm_score_wo/norm | 84.328 | 98.989 | 99.494 | 91.293 | 91.293 |
|        -999       | 84.277 | 99.039 | 99.596 | 91.276 | 91.276 |
|         0         | 84.328 | 99.039 | 99.596 | 91.291 | 91.291 |
|         1         | 84.732 | 98.989 | 99.596 | 91.479 | 91.479 |
|         2         | 84.783 | 98.938 | 99.596 | 91.491 | 91.491 |
|         4         | 84.580 | 98.837 | 99.494 | 91.322 | 91.322 |
|         9         | 84.833 | 98.635 | 99.191 | 91.358 | 91.358 |
|         14        | 84.681 | 98.635 | 99.242 | 91.321 | 91.321 |
|         19        | 84.934 | 98.584 | 99.242 | 91.456 | 91.456 |
+-------------------+--------+--------+--------+--------+--------+
     logs:  {'epo': 19, 'R1': 84.934, 'R5': 98.584, 'R10': 99.242, 'mAP': 91.456, 'mINP': 91.456, 'entropy': 0.134245, 'uncertainty': 2.230403, 'uncertainty_coeffi': 0.01, 'loss': 2.295632, 'lr': 7.9e-05}
      TTA Epoch: [20] [ 0/61]  eta: 0:00:25  entropy: 0.1717  uncertainty: 1.9055  uncertainty_coeffi: 0.0100  loss: 1.9754  lr: 0.000078  time: 0.4148  data: 0.3444  max mem: 2671
      TTA Epoch: [20] [60/61]  eta: 0:00:00  entropy: 0.1548  uncertainty: 1.9697  uncertainty_coeffi: 0.0100  loss: 2.0520  lr: 0.000076  time: 0.0599  data: 0.0001  max mem: 2671
      TTA Epoch: [20] Total time: 0:00:04 (0.0666 s / it)
     Averaged stats: entropy: 0.1300  uncertainty: 2.2145  uncertainty_coeffi: 0.0100  loss: 2.2776  lr: 0.0001
     itm tta time 0:00:04
      TTA Epoch: [21] [ 0/61]  eta: 0:00:32  entropy: 0.1617  uncertainty: 2.1407  uncertainty_coeffi: 0.0100  loss: 2.2076  lr: 0.000076  time: 0.5386  data: 0.4294  max mem: 2671
      TTA Epoch: [21] [60/61]  eta: 0:00:00  entropy: 0.1427  uncertainty: 2.7638  uncertainty_coeffi: 0.0100  loss: 2.8473  lr: 0.000074  time: 0.0605  data: 0.0001  max mem: 2671
      TTA Epoch: [21] Total time: 0:00:04 (0.0699 s / it)
     Averaged stats: entropy: 0.1275  uncertainty: 2.2253  uncertainty_coeffi: 0.0100  loss: 2.2883  lr: 0.0001
     itm tta time 0:00:04
      TTA Epoch: [22] [ 0/61]  eta: 0:00:29  entropy: 0.1164  uncertainty: 1.9282  uncertainty_coeffi: 0.0100  loss: 1.9750  lr: 0.000074  time: 0.4835  data: 0.3892  max mem: 2671
      TTA Epoch: [22] [60/61]  eta: 0:00:00  entropy: 0.0706  uncertainty: 1.9843  uncertainty_coeffi: 0.0100  loss: 2.0189  lr: 0.000072  time: 0.0613  data: 0.0001  max mem: 2671
      TTA Epoch: [22] Total time: 0:00:04 (0.0692 s / it)
     Averaged stats: entropy: 0.1218  uncertainty: 2.2197  uncertainty_coeffi: 0.0100  loss: 2.2786  lr: 0.0001
     itm tta time 0:00:04
      TTA Epoch: [23] [ 0/61]  eta: 0:00:27  entropy: 0.1089  uncertainty: 2.3421  uncertainty_coeffi: 0.0100  loss: 2.4019  lr: 0.000072  time: 0.4584  data: 0.3625  max mem: 2671
      TTA Epoch: [23] [60/61]  eta: 0:00:00  entropy: 0.1412  uncertainty: 2.1875  uncertainty_coeffi: 0.0100  loss: 2.2629  lr: 0.000070  time: 0.0613  data: 0.0001  max mem: 2671
      TTA Epoch: [23] Total time: 0:00:04 (0.0690 s / it)
     Averaged stats: entropy: 0.1229  uncertainty: 2.2147  uncertainty_coeffi: 0.0100  loss: 2.2739  lr: 0.0001
     itm tta time 0:00:04
      TTA Epoch: [24] [ 0/61]  eta: 0:00:25  entropy: 0.2322  uncertainty: 2.6128  uncertainty_coeffi: 0.0100  loss: 2.6845  lr: 0.000070  time: 0.4101  data: 0.3350  max mem: 2671
      TTA Epoch: [24] [60/61]  eta: 0:00:00  entropy: 0.1573  uncertainty: 2.5606  uncertainty_coeffi: 0.0100  loss: 2.6164  lr: 0.000068  time: 0.0607  data: 0.0001  max mem: 2671
      TTA Epoch: [24] Total time: 0:00:04 (0.0676 s / it)
     Averaged stats: entropy: 0.1185  uncertainty: 2.2273  uncertainty_coeffi: 0.0100  loss: 2.2838  lr: 0.0001
     itm tta time 0:00:04
      TTA Epoch: [25] [ 0/61]  eta: 0:00:23  entropy: 0.0996  uncertainty: 2.0063  uncertainty_coeffi: 0.0100  loss: 2.0492  lr: 0.000068  time: 0.3810  data: 0.3019  max mem: 2671
      TTA Epoch: [25] [60/61]  eta: 0:00:00  entropy: 0.1348  uncertainty: 1.8903  uncertainty_coeffi: 0.0100  loss: 1.9720  lr: 0.000066  time: 0.0608  data: 0.0001  max mem: 2671
      TTA Epoch: [25] Total time: 0:00:04 (0.0672 s / it)
     Averaged stats: entropy: 0.1136  uncertainty: 2.2205  uncertainty_coeffi: 0.0100  loss: 2.2748  lr: 0.0001
     itm tta time 0:00:04
      TTA Epoch: [26] [ 0/61]  eta: 0:00:29  entropy: 0.1183  uncertainty: 2.0514  uncertainty_coeffi: 0.0100  loss: 2.1194  lr: 0.000066  time: 0.4912  data: 0.3748  max mem: 2671
      TTA Epoch: [26] [60/61]  eta: 0:00:00  entropy: 0.0251  uncertainty: 2.3290  uncertainty_coeffi: 0.0100  loss: 2.3404  lr: 0.000064  time: 0.0613  data: 0.0001  max mem: 2671
      TTA Epoch: [26] Total time: 0:00:04 (0.0693 s / it)
     Averaged stats: entropy: 0.1150  uncertainty: 2.2187  uncertainty_coeffi: 0.0100  loss: 2.2763  lr: 0.0001
     itm tta time 0:00:04
      TTA Epoch: [27] [ 0/61]  eta: 0:00:26  entropy: 0.0761  uncertainty: 2.4429  uncertainty_coeffi: 0.0100  loss: 2.4694  lr: 0.000064  time: 0.4386  data: 0.3544  max mem: 2671
      TTA Epoch: [27] [60/61]  eta: 0:00:00  entropy: 0.0450  uncertainty: 2.3020  uncertainty_coeffi: 0.0100  loss: 2.3280  lr: 0.000062  time: 0.0608  data: 0.0001  max mem: 2671
      TTA Epoch: [27] Total time: 0:00:04 (0.0684 s / it)
     Averaged stats: entropy: 0.1117  uncertainty: 2.2182  uncertainty_coeffi: 0.0100  loss: 2.2710  lr: 0.0001
     itm tta time 0:00:04
      TTA Epoch: [28] [ 0/61]  eta: 0:00:26  entropy: 0.1437  uncertainty: 1.8976  uncertainty_coeffi: 0.0100  loss: 1.9878  lr: 0.000062  time: 0.4406  data: 0.3471  max mem: 2671
      TTA Epoch: [28] [60/61]  eta: 0:00:00  entropy: 0.1183  uncertainty: 2.6270  uncertainty_coeffi: 0.0100  loss: 2.6621  lr: 0.000061  time: 0.0614  data: 0.0001  max mem: 2671
      TTA Epoch: [28] Total time: 0:00:04 (0.0687 s / it)
     Averaged stats: entropy: 0.1117  uncertainty: 2.2253  uncertainty_coeffi: 0.0100  loss: 2.2791  lr: 0.0001
     itm tta time 0:00:04
      TTA Epoch: [29] [ 0/61]  eta: 0:00:24  entropy: 0.0718  uncertainty: 2.2945  uncertainty_coeffi: 0.0100  loss: 2.3258  lr: 0.000061  time: 0.3990  data: 0.3135  max mem: 2671
      TTA Epoch: [29] [60/61]  eta: 0:00:00  entropy: 0.1279  uncertainty: 2.2484  uncertainty_coeffi: 0.0100  loss: 2.3080  lr: 0.000059  time: 0.0605  data: 0.0001  max mem: 2671
      TTA Epoch: [29] Total time: 0:00:04 (0.0677 s / it)
     Averaged stats: entropy: 0.1027  uncertainty: 2.2183  uncertainty_coeffi: 0.0100  loss: 2.2674  lr: 0.0001
     itm tta time 0:00:04
     Computing matching score
      Evaluation: [   0/1978]  eta: 0:02:22    time: 0.0720  data: 0.0036  max mem: 2671
      Evaluation: [ 100/1978]  eta: 0:02:07    time: 0.0676  data: 0.0000  max mem: 2671
      Evaluation: [ 200/1978]  eta: 0:02:00    time: 0.0677  data: 0.0000  max mem: 2671
      Evaluation: [ 300/1978]  eta: 0:01:53    time: 0.0678  data: 0.0000  max mem: 2671
      Evaluation: [ 400/1978]  eta: 0:01:46    time: 0.0677  data: 0.0000  max mem: 2671
      Evaluation: [ 500/1978]  eta: 0:01:40    time: 0.0675  data: 0.0000  max mem: 2671
      Evaluation: [ 600/1978]  eta: 0:01:33    time: 0.0678  data: 0.0000  max mem: 2671
      Evaluation: [ 700/1978]  eta: 0:01:26    time: 0.0675  data: 0.0000  max mem: 2671
      Evaluation: [ 800/1978]  eta: 0:01:19    time: 0.0675  data: 0.0000  max mem: 2671
      Evaluation: [ 900/1978]  eta: 0:01:12    time: 0.0674  data: 0.0000  max mem: 2671
      Evaluation: [1000/1978]  eta: 0:01:06    time: 0.0675  data: 0.0000  max mem: 2671
      Evaluation: [1100/1978]  eta: 0:00:59    time: 0.0675  data: 0.0000  max mem: 2671
      Evaluation: [1200/1978]  eta: 0:00:52    time: 0.0675  data: 0.0000  max mem: 2671
      Evaluation: [1300/1978]  eta: 0:00:45    time: 0.0674  data: 0.0000  max mem: 2671
      Evaluation: [1400/1978]  eta: 0:00:39    time: 0.0675  data: 0.0000  max mem: 2671
      Evaluation: [1500/1978]  eta: 0:00:32    time: 0.0676  data: 0.0000  max mem: 2671
      Evaluation: [1600/1978]  eta: 0:00:25    time: 0.0677  data: 0.0000  max mem: 2671
      Evaluation: [1700/1978]  eta: 0:00:18    time: 0.0674  data: 0.0000  max mem: 2671
      Evaluation: [1800/1978]  eta: 0:00:12    time: 0.0676  data: 0.0000  max mem: 2671
      Evaluation: [1900/1978]  eta: 0:00:05    time: 0.0675  data: 0.0000  max mem: 2671
      Evaluation: [1977/1978]  eta: 0:00:00    time: 0.0676  data: 0.0000  max mem: 2671
      Evaluation: Total time: 0:02:13 (0.0676 s / it)
     Computing matching score time 0:02:13
### TTA ITM Score: 
+-------------------+--------+--------+--------+--------+--------+
|       epoch       |   R1   |   R5   |  R10   |  mAP   |  mINP  |
+-------------------+--------+--------+--------+--------+--------+
|  cos_sim_wo/norm  | 58.544 | 91.860 | 95.703 | 73.596 | 73.596 |
|        -999       | 69.414 | 95.197 | 97.776 | 81.233 | 81.233 |
| itm_score_wo/norm | 84.328 | 98.989 | 99.494 | 91.293 | 91.293 |
|        -999       | 84.277 | 99.039 | 99.596 | 91.276 | 91.276 |
|         0         | 84.328 | 99.039 | 99.596 | 91.291 | 91.291 |
|         1         | 84.732 | 98.989 | 99.596 | 91.479 | 91.479 |
|         2         | 84.783 | 98.938 | 99.596 | 91.491 | 91.491 |
|         4         | 84.580 | 98.837 | 99.494 | 91.322 | 91.322 |
|         9         | 84.833 | 98.635 | 99.191 | 91.358 | 91.358 |
|         14        | 84.681 | 98.635 | 99.242 | 91.321 | 91.321 |
|         19        | 84.934 | 98.584 | 99.242 | 91.456 | 91.456 |
|         29        | 84.985 | 98.686 | 99.292 | 91.482 | 91.482 |
+-------------------+--------+--------+--------+--------+--------+
     logs:  {'epo': 29, 'R1': 84.985, 'R5': 98.686, 'R10': 99.292, 'mAP': 91.482, 'mINP': 91.482, 'entropy': 0.102689, 'uncertainty': 2.21825, 'uncertainty_coeffi': 0.01, 'loss': 2.267363, 'lr': 6e-05}
      TTA Epoch: [30] [ 0/61]  eta: 0:00:27  entropy: 0.1485  uncertainty: 2.6460  uncertainty_coeffi: 0.0100  loss: 2.6861  lr: 0.000059  time: 0.4444  data: 0.3714  max mem: 2671
      TTA Epoch: [30] [60/61]  eta: 0:00:00  entropy: 0.2301  uncertainty: 2.8628  uncertainty_coeffi: 0.0100  loss: 2.9734  lr: 0.000057  time: 0.0606  data: 0.0001  max mem: 2671
      TTA Epoch: [30] Total time: 0:00:04 (0.0676 s / it)
     Averaged stats: entropy: 0.1128  uncertainty: 2.2233  uncertainty_coeffi: 0.0100  loss: 2.2773  lr: 0.0001
     itm tta time 0:00:04
      TTA Epoch: [31] [ 0/61]  eta: 0:00:26  entropy: 0.1063  uncertainty: 2.3392  uncertainty_coeffi: 0.0100  loss: 2.3824  lr: 0.000057  time: 0.4346  data: 0.3510  max mem: 2671
      TTA Epoch: [31] [60/61]  eta: 0:00:00  entropy: 0.0378  uncertainty: 2.0486  uncertainty_coeffi: 0.0100  loss: 2.0710  lr: 0.000055  time: 0.0607  data: 0.0001  max mem: 2671
      TTA Epoch: [31] Total time: 0:00:04 (0.0677 s / it)
     Averaged stats: entropy: 0.1063  uncertainty: 2.2157  uncertainty_coeffi: 0.0100  loss: 2.2672  lr: 0.0001
     itm tta time 0:00:04
      TTA Epoch: [32] [ 0/61]  eta: 0:00:25  entropy: 0.0843  uncertainty: 2.7152  uncertainty_coeffi: 0.0100  loss: 2.7451  lr: 0.000055  time: 0.4247  data: 0.3357  max mem: 2671
      TTA Epoch: [32] [60/61]  eta: 0:00:00  entropy: 0.1079  uncertainty: 2.1611  uncertainty_coeffi: 0.0100  loss: 2.2136  lr: 0.000027  time: 0.0606  data: 0.0001  max mem: 2671
      TTA Epoch: [32] Total time: 0:00:04 (0.0678 s / it)
     Averaged stats: entropy: 0.0988  uncertainty: 2.2179  uncertainty_coeffi: 0.0100  loss: 2.2643  lr: 0.0000
     itm tta time 0:00:04
      TTA Epoch: [33] [ 0/61]  eta: 0:00:31  entropy: 0.1103  uncertainty: 2.1110  uncertainty_coeffi: 0.0100  loss: 2.1759  lr: 0.000026  time: 0.5103  data: 0.3941  max mem: 2671
      TTA Epoch: [33] [60/61]  eta: 0:00:00  entropy: 0.1229  uncertainty: 2.2857  uncertainty_coeffi: 0.0100  loss: 2.3449  lr: 0.000026  time: 0.0613  data: 0.0001  max mem: 2671
      TTA Epoch: [33] Total time: 0:00:04 (0.0701 s / it)
     Averaged stats: entropy: 0.1071  uncertainty: 2.2131  uncertainty_coeffi: 0.0100  loss: 2.2635  lr: 0.0000
     itm tta time 0:00:04
      TTA Epoch: [34] [ 0/61]  eta: 0:00:28  entropy: 0.1459  uncertainty: 1.8855  uncertainty_coeffi: 0.0100  loss: 1.9498  lr: 0.000026  time: 0.4619  data: 0.3703  max mem: 2671
      TTA Epoch: [34] [60/61]  eta: 0:00:00  entropy: 0.0909  uncertainty: 2.1135  uncertainty_coeffi: 0.0100  loss: 2.1455  lr: 0.000025  time: 0.0610  data: 0.0001  max mem: 2671
      TTA Epoch: [34] Total time: 0:00:04 (0.0688 s / it)
     Averaged stats: entropy: 0.1007  uncertainty: 2.2118  uncertainty_coeffi: 0.0100  loss: 2.2593  lr: 0.0000
     itm tta time 0:00:04
      TTA Epoch: [35] [ 0/61]  eta: 0:00:25  entropy: 0.0981  uncertainty: 2.6865  uncertainty_coeffi: 0.0100  loss: 2.7406  lr: 0.000025  time: 0.4118  data: 0.3324  max mem: 2671
      TTA Epoch: [35] [60/61]  eta: 0:00:00  entropy: 0.0505  uncertainty: 2.7296  uncertainty_coeffi: 0.0100  loss: 2.7515  lr: 0.000024  time: 0.0612  data: 0.0001  max mem: 2671
      TTA Epoch: [35] Total time: 0:00:04 (0.0679 s / it)
     Averaged stats: entropy: 0.0987  uncertainty: 2.2258  uncertainty_coeffi: 0.0100  loss: 2.2716  lr: 0.0000
     itm tta time 0:00:04
      TTA Epoch: [36] [ 0/61]  eta: 0:00:28  entropy: 0.0938  uncertainty: 2.0650  uncertainty_coeffi: 0.0100  loss: 2.1210  lr: 0.000024  time: 0.4708  data: 0.3793  max mem: 2671
      TTA Epoch: [36] [60/61]  eta: 0:00:00  entropy: 0.0947  uncertainty: 2.3693  uncertainty_coeffi: 0.0100  loss: 2.4274  lr: 0.000023  time: 0.0612  data: 0.0001  max mem: 2671
      TTA Epoch: [36] Total time: 0:00:04 (0.0688 s / it)
     Averaged stats: entropy: 0.1013  uncertainty: 2.2140  uncertainty_coeffi: 0.0100  loss: 2.2615  lr: 0.0000
     itm tta time 0:00:04
      TTA Epoch: [37] [ 0/61]  eta: 0:00:25  entropy: 0.0536  uncertainty: 2.1477  uncertainty_coeffi: 0.0100  loss: 2.1686  lr: 0.000023  time: 0.4182  data: 0.3318  max mem: 2671
      TTA Epoch: [37] [60/61]  eta: 0:00:00  entropy: 0.0672  uncertainty: 2.5229  uncertainty_coeffi: 0.0100  loss: 2.5665  lr: 0.000022  time: 0.0611  data: 0.0001  max mem: 2671
      TTA Epoch: [37] Total time: 0:00:04 (0.0682 s / it)
     Averaged stats: entropy: 0.1038  uncertainty: 2.2244  uncertainty_coeffi: 0.0100  loss: 2.2731  lr: 0.0000
     itm tta time 0:00:04
      TTA Epoch: [38] [ 0/61]  eta: 0:00:28  entropy: 0.0719  uncertainty: 1.7901  uncertainty_coeffi: 0.0100  loss: 1.8308  lr: 0.000022  time: 0.4693  data: 0.3760  max mem: 2671
      TTA Epoch: [38] [60/61]  eta: 0:00:00  entropy: 0.1129  uncertainty: 2.4969  uncertainty_coeffi: 0.0100  loss: 2.5363  lr: 0.000021  time: 0.0611  data: 0.0001  max mem: 2671
      TTA Epoch: [38] Total time: 0:00:04 (0.0687 s / it)
     Averaged stats: entropy: 0.0984  uncertainty: 2.2242  uncertainty_coeffi: 0.0100  loss: 2.2706  lr: 0.0000
     itm tta time 0:00:04
      TTA Epoch: [39] [ 0/61]  eta: 0:00:27  entropy: 0.0709  uncertainty: 2.1707  uncertainty_coeffi: 0.0100  loss: 2.1967  lr: 0.000021  time: 0.4445  data: 0.3610  max mem: 2671
      TTA Epoch: [39] [60/61]  eta: 0:00:00  entropy: 0.0784  uncertainty: 1.7884  uncertainty_coeffi: 0.0100  loss: 1.8191  lr: 0.000020  time: 0.0614  data: 0.0001  max mem: 2671
      TTA Epoch: [39] Total time: 0:00:04 (0.0687 s / it)
     Averaged stats: entropy: 0.1006  uncertainty: 2.2196  uncertainty_coeffi: 0.0100  loss: 2.2670  lr: 0.0000
     itm tta time 0:00:04
     Computing matching score
      Evaluation: [   0/1978]  eta: 0:02:18    time: 0.0698  data: 0.0024  max mem: 2671
      Evaluation: [ 100/1978]  eta: 0:02:07    time: 0.0676  data: 0.0000  max mem: 2671
      Evaluation: [ 200/1978]  eta: 0:02:00    time: 0.0677  data: 0.0000  max mem: 2671
      Evaluation: [ 300/1978]  eta: 0:01:53    time: 0.0677  data: 0.0000  max mem: 2671
      Evaluation: [ 400/1978]  eta: 0:01:46    time: 0.0676  data: 0.0000  max mem: 2671
      Evaluation: [ 500/1978]  eta: 0:01:40    time: 0.0677  data: 0.0000  max mem: 2671
      Evaluation: [ 600/1978]  eta: 0:01:33    time: 0.0677  data: 0.0000  max mem: 2671
      Evaluation: [ 700/1978]  eta: 0:01:26    time: 0.0677  data: 0.0000  max mem: 2671
      Evaluation: [ 800/1978]  eta: 0:01:19    time: 0.0677  data: 0.0000  max mem: 2671
      Evaluation: [ 900/1978]  eta: 0:01:12    time: 0.0674  data: 0.0000  max mem: 2671
      Evaluation: [1000/1978]  eta: 0:01:06    time: 0.0675  data: 0.0000  max mem: 2671
      Evaluation: [1100/1978]  eta: 0:00:59    time: 0.0674  data: 0.0000  max mem: 2671
      Evaluation: [1200/1978]  eta: 0:00:52    time: 0.0675  data: 0.0000  max mem: 2671
      Evaluation: [1300/1978]  eta: 0:00:45    time: 0.0674  data: 0.0000  max mem: 2671
      Evaluation: [1400/1978]  eta: 0:00:39    time: 0.0675  data: 0.0000  max mem: 2671
      Evaluation: [1500/1978]  eta: 0:00:32    time: 0.0674  data: 0.0000  max mem: 2671
      Evaluation: [1600/1978]  eta: 0:00:25    time: 0.0676  data: 0.0000  max mem: 2671
      Evaluation: [1700/1978]  eta: 0:00:18    time: 0.0676  data: 0.0000  max mem: 2671
      Evaluation: [1800/1978]  eta: 0:00:12    time: 0.0675  data: 0.0000  max mem: 2671
      Evaluation: [1900/1978]  eta: 0:00:05    time: 0.0674  data: 0.0000  max mem: 2671
      Evaluation: [1977/1978]  eta: 0:00:00    time: 0.0676  data: 0.0000  max mem: 2671
      Evaluation: Total time: 0:02:13 (0.0676 s / it)
     Computing matching score time 0:02:13
### TTA ITM Score: 
+-------------------+--------+--------+--------+--------+--------+
|       epoch       |   R1   |   R5   |  R10   |  mAP   |  mINP  |
+-------------------+--------+--------+--------+--------+--------+
|  cos_sim_wo/norm  | 58.544 | 91.860 | 95.703 | 73.596 | 73.596 |
|        -999       | 69.414 | 95.197 | 97.776 | 81.233 | 81.233 |
| itm_score_wo/norm | 84.328 | 98.989 | 99.494 | 91.293 | 91.293 |
|        -999       | 84.277 | 99.039 | 99.596 | 91.276 | 91.276 |
|         0         | 84.328 | 99.039 | 99.596 | 91.291 | 91.291 |
|         1         | 84.732 | 98.989 | 99.596 | 91.479 | 91.479 |
|         2         | 84.783 | 98.938 | 99.596 | 91.491 | 91.491 |
|         4         | 84.580 | 98.837 | 99.494 | 91.322 | 91.322 |
|         9         | 84.833 | 98.635 | 99.191 | 91.358 | 91.358 |
|         14        | 84.681 | 98.635 | 99.242 | 91.321 | 91.321 |
|         19        | 84.934 | 98.584 | 99.242 | 91.456 | 91.456 |
|         29        | 84.985 | 98.686 | 99.292 | 91.482 | 91.482 |
|         39        | 84.833 | 98.736 | 99.343 | 91.398 | 91.398 |
+-------------------+--------+--------+--------+--------+--------+
     logs:  {'epo': 39, 'R1': 84.833, 'R5': 98.736, 'R10': 99.343, 'mAP': 91.398, 'mINP': 91.398, 'entropy': 0.100639, 'uncertainty': 2.21958, 'uncertainty_coeffi': 0.01, 'loss': 2.267032, 'lr': 2e-05}
      TTA Epoch: [40] [ 0/61]  eta: 0:00:28  entropy: 0.1023  uncertainty: 2.5705  uncertainty_coeffi: 0.0100  loss: 2.6224  lr: 0.000020  time: 0.4715  data: 0.3889  max mem: 2671
      TTA Epoch: [40] [60/61]  eta: 0:00:00  entropy: 0.0943  uncertainty: 2.4281  uncertainty_coeffi: 0.0100  loss: 2.4743  lr: 0.000019  time: 0.0617  data: 0.0001  max mem: 2671
      TTA Epoch: [40] Total time: 0:00:04 (0.0687 s / it)
     Averaged stats: entropy: 0.0992  uncertainty: 2.2254  uncertainty_coeffi: 0.0100  loss: 2.2731  lr: 0.0000
     itm tta time 0:00:04
      TTA Epoch: [41] [ 0/61]  eta: 0:00:34  entropy: 0.1134  uncertainty: 1.8657  uncertainty_coeffi: 0.0100  loss: 1.9287  lr: 0.000019  time: 0.5688  data: 0.4500  max mem: 2671
      TTA Epoch: [41] [60/61]  eta: 0:00:00  entropy: 0.0521  uncertainty: 2.1270  uncertainty_coeffi: 0.0100  loss: 2.1605  lr: 0.000018  time: 0.0609  data: 0.0001  max mem: 2671
      TTA Epoch: [41] Total time: 0:00:04 (0.0707 s / it)
     Averaged stats: entropy: 0.0979  uncertainty: 2.2160  uncertainty_coeffi: 0.0100  loss: 2.2628  lr: 0.0000
     itm tta time 0:00:04
      TTA Epoch: [42] [ 0/61]  eta: 0:00:23  entropy: 0.1497  uncertainty: 2.3223  uncertainty_coeffi: 0.0100  loss: 2.4003  lr: 0.000018  time: 0.3791  data: 0.2987  max mem: 2671
      TTA Epoch: [42] [60/61]  eta: 0:00:00  entropy: 0.1129  uncertainty: 1.8406  uncertainty_coeffi: 0.0100  loss: 1.8829  lr: 0.000017  time: 0.0610  data: 0.0001  max mem: 2671
      TTA Epoch: [42] Total time: 0:00:04 (0.0673 s / it)
     Averaged stats: entropy: 0.1023  uncertainty: 2.2219  uncertainty_coeffi: 0.0100  loss: 2.2699  lr: 0.0000
     itm tta time 0:00:04
      TTA Epoch: [43] [ 0/61]  eta: 0:00:30  entropy: 0.0186  uncertainty: 2.3599  uncertainty_coeffi: 0.0100  loss: 2.3659  lr: 0.000017  time: 0.4950  data: 0.3978  max mem: 2671
      TTA Epoch: [43] [60/61]  eta: 0:00:00  entropy: 0.0222  uncertainty: 1.7770  uncertainty_coeffi: 0.0100  loss: 1.7959  lr: 0.000016  time: 0.0615  data: 0.0001  max mem: 2671
      TTA Epoch: [43] Total time: 0:00:04 (0.0698 s / it)
     Averaged stats: entropy: 0.0965  uncertainty: 2.2165  uncertainty_coeffi: 0.0100  loss: 2.2623  lr: 0.0000
     itm tta time 0:00:04
      TTA Epoch: [44] [ 0/61]  eta: 0:00:28  entropy: 0.0597  uncertainty: 2.1977  uncertainty_coeffi: 0.0100  loss: 2.2303  lr: 0.000016  time: 0.4689  data: 0.3747  max mem: 2671
      TTA Epoch: [44] [60/61]  eta: 0:00:00  entropy: 0.0591  uncertainty: 2.5352  uncertainty_coeffi: 0.0100  loss: 2.5535  lr: 0.000015  time: 0.0603  data: 0.0001  max mem: 2671
      TTA Epoch: [44] Total time: 0:00:04 (0.0682 s / it)
     Averaged stats: entropy: 0.0966  uncertainty: 2.2212  uncertainty_coeffi: 0.0100  loss: 2.2660  lr: 0.0000
     itm tta time 0:00:04
      TTA Epoch: [45] [ 0/61]  eta: 0:00:25  entropy: 0.1385  uncertainty: 2.1992  uncertainty_coeffi: 0.0100  loss: 2.2777  lr: 0.000015  time: 0.4155  data: 0.3313  max mem: 2671
      TTA Epoch: [45] [60/61]  eta: 0:00:00  entropy: 0.1267  uncertainty: 2.2271  uncertainty_coeffi: 0.0100  loss: 2.2883  lr: 0.000014  time: 0.0620  data: 0.0001  max mem: 2671
      TTA Epoch: [45] Total time: 0:00:04 (0.0687 s / it)
     Averaged stats: entropy: 0.0945  uncertainty: 2.2262  uncertainty_coeffi: 0.0100  loss: 2.2719  lr: 0.0000
     itm tta time 0:00:04
      TTA Epoch: [46] [ 0/61]  eta: 0:00:33  entropy: 0.0687  uncertainty: 2.1420  uncertainty_coeffi: 0.0100  loss: 2.1780  lr: 0.000014  time: 0.5433  data: 0.4638  max mem: 2671
      TTA Epoch: [46] [60/61]  eta: 0:00:00  entropy: 0.0109  uncertainty: 1.8482  uncertainty_coeffi: 0.0100  loss: 1.8518  lr: 0.000013  time: 0.0619  data: 0.0001  max mem: 2671
      TTA Epoch: [46] Total time: 0:00:04 (0.0707 s / it)
     Averaged stats: entropy: 0.0939  uncertainty: 2.2199  uncertainty_coeffi: 0.0100  loss: 2.2635  lr: 0.0000
     itm tta time 0:00:04
      TTA Epoch: [47] [ 0/61]  eta: 0:00:37  entropy: 0.1186  uncertainty: 1.9122  uncertainty_coeffi: 0.0100  loss: 1.9691  lr: 0.000013  time: 0.6095  data: 0.4921  max mem: 2671
      TTA Epoch: [47] [60/61]  eta: 0:00:00  entropy: 0.0949  uncertainty: 2.0891  uncertainty_coeffi: 0.0100  loss: 2.1355  lr: 0.000012  time: 0.0618  data: 0.0001  max mem: 2671
      TTA Epoch: [47] Total time: 0:00:04 (0.0723 s / it)
     Averaged stats: entropy: 0.0974  uncertainty: 2.2263  uncertainty_coeffi: 0.0100  loss: 2.2717  lr: 0.0000
     itm tta time 0:00:04
      TTA Epoch: [48] [ 0/61]  eta: 0:00:31  entropy: 0.1269  uncertainty: 2.5880  uncertainty_coeffi: 0.0100  loss: 2.6322  lr: 0.000012  time: 0.5085  data: 0.4040  max mem: 2671
      TTA Epoch: [48] [60/61]  eta: 0:00:00  entropy: 0.1745  uncertainty: 2.7627  uncertainty_coeffi: 0.0100  loss: 2.8068  lr: 0.000011  time: 0.0621  data: 0.0001  max mem: 2671
      TTA Epoch: [48] Total time: 0:00:04 (0.0707 s / it)
     Averaged stats: entropy: 0.0959  uncertainty: 2.2277  uncertainty_coeffi: 0.0100  loss: 2.2725  lr: 0.0000
     itm tta time 0:00:04
      TTA Epoch: [49] [ 0/61]  eta: 0:00:35  entropy: 0.0500  uncertainty: 1.6984  uncertainty_coeffi: 0.0100  loss: 1.7273  lr: 0.000011  time: 0.5744  data: 0.4917  max mem: 2671
      TTA Epoch: [49] [60/61]  eta: 0:00:00  entropy: 0.0823  uncertainty: 2.4439  uncertainty_coeffi: 0.0100  loss: 2.4833  lr: 0.000010  time: 0.0619  data: 0.0001  max mem: 2671
      TTA Epoch: [49] Total time: 0:00:04 (0.0712 s / it)
     Averaged stats: entropy: 0.0971  uncertainty: 2.2248  uncertainty_coeffi: 0.0100  loss: 2.2711  lr: 0.0000
     itm tta time 0:00:04
     Computing matching score
      Evaluation: [   0/1978]  eta: 0:02:29    time: 0.0755  data: 0.0045  max mem: 2671
      Evaluation: [ 100/1978]  eta: 0:02:07    time: 0.0682  data: 0.0000  max mem: 2671
      Evaluation: [ 200/1978]  eta: 0:02:00    time: 0.0677  data: 0.0000  max mem: 2671
      Evaluation: [ 300/1978]  eta: 0:01:53    time: 0.0676  data: 0.0000  max mem: 2671
      Evaluation: [ 400/1978]  eta: 0:01:46    time: 0.0676  data: 0.0000  max mem: 2671
      Evaluation: [ 500/1978]  eta: 0:01:40    time: 0.0675  data: 0.0000  max mem: 2671
      Evaluation: [ 600/1978]  eta: 0:01:33    time: 0.0675  data: 0.0000  max mem: 2671
      Evaluation: [ 700/1978]  eta: 0:01:26    time: 0.0711  data: 0.0000  max mem: 2671
      Evaluation: [ 800/1978]  eta: 0:01:20    time: 0.0676  data: 0.0000  max mem: 2671
      Evaluation: [ 900/1978]  eta: 0:01:13    time: 0.0675  data: 0.0000  max mem: 2671
      Evaluation: [1000/1978]  eta: 0:01:06    time: 0.0675  data: 0.0000  max mem: 2671
      Evaluation: [1100/1978]  eta: 0:00:59    time: 0.0676  data: 0.0000  max mem: 2671
      Evaluation: [1200/1978]  eta: 0:00:52    time: 0.0675  data: 0.0000  max mem: 2671
      Evaluation: [1300/1978]  eta: 0:00:45    time: 0.0675  data: 0.0000  max mem: 2671
      Evaluation: [1400/1978]  eta: 0:00:39    time: 0.0676  data: 0.0000  max mem: 2671
      Evaluation: [1500/1978]  eta: 0:00:32    time: 0.0676  data: 0.0000  max mem: 2671
      Evaluation: [1600/1978]  eta: 0:00:25    time: 0.0676  data: 0.0000  max mem: 2671
      Evaluation: [1700/1978]  eta: 0:00:18    time: 0.0676  data: 0.0000  max mem: 2671
      Evaluation: [1800/1978]  eta: 0:00:12    time: 0.0676  data: 0.0000  max mem: 2671
      Evaluation: [1900/1978]  eta: 0:00:05    time: 0.0677  data: 0.0000  max mem: 2671
      Evaluation: [1977/1978]  eta: 0:00:00    time: 0.0677  data: 0.0000  max mem: 2671
      Evaluation: Total time: 0:02:14 (0.0678 s / it)
     Computing matching score time 0:02:14
### TTA ITM Score: 
+-------------------+--------+--------+--------+--------+--------+
|       epoch       |   R1   |   R5   |  R10   |  mAP   |  mINP  |
+-------------------+--------+--------+--------+--------+--------+
|  cos_sim_wo/norm  | 58.544 | 91.860 | 95.703 | 73.596 | 73.596 |
|        -999       | 69.414 | 95.197 | 97.776 | 81.233 | 81.233 |
| itm_score_wo/norm | 84.328 | 98.989 | 99.494 | 91.293 | 91.293 |
|        -999       | 84.277 | 99.039 | 99.596 | 91.276 | 91.276 |
|         0         | 84.328 | 99.039 | 99.596 | 91.291 | 91.291 |
|         1         | 84.732 | 98.989 | 99.596 | 91.479 | 91.479 |
|         2         | 84.783 | 98.938 | 99.596 | 91.491 | 91.491 |
|         4         | 84.580 | 98.837 | 99.494 | 91.322 | 91.322 |
|         9         | 84.833 | 98.635 | 99.191 | 91.358 | 91.358 |
|         14        | 84.681 | 98.635 | 99.242 | 91.321 | 91.321 |
|         19        | 84.934 | 98.584 | 99.242 | 91.456 | 91.456 |
|         29        | 84.985 | 98.686 | 99.292 | 91.482 | 91.482 |
|         39        | 84.833 | 98.736 | 99.343 | 91.398 | 91.398 |
|         49        | 84.884 | 98.736 | 99.393 | 91.405 | 91.405 |
+-------------------+--------+--------+--------+--------+--------+
     logs:  {'epo': 49, 'R1': 84.884, 'R5': 98.736, 'R10': 99.393, 'mAP': 91.405, 'mINP': 91.405, 'entropy': 0.09709, 'uncertainty': 2.224805, 'uncertainty_coeffi': 0.01, 'loss': 2.271081, 'lr': 1.1e-05}
      TTA Epoch: [50] [ 0/61]  eta: 0:00:28  entropy: 0.1617  uncertainty: 1.9502  uncertainty_coeffi: 0.0100  loss: 2.0096  lr: 0.000010  time: 0.4616  data: 0.3739  max mem: 2671
      TTA Epoch: [50] [60/61]  eta: 0:00:00  entropy: 0.1100  uncertainty: 2.7331  uncertainty_coeffi: 0.0100  loss: 2.7762  lr: 0.000009  time: 0.0614  data: 0.0001  max mem: 2671
      TTA Epoch: [50] Total time: 0:00:04 (0.0688 s / it)
     Averaged stats: entropy: 0.0983  uncertainty: 2.2254  uncertainty_coeffi: 0.0100  loss: 2.2713  lr: 0.0000
     itm tta time 0:00:04
      TTA Epoch: [51] [ 0/61]  eta: 0:00:37  entropy: 0.0992  uncertainty: 2.7191  uncertainty_coeffi: 0.0100  loss: 2.7508  lr: 0.000009  time: 0.6101  data: 0.4951  max mem: 2671
      TTA Epoch: [51] [60/61]  eta: 0:00:00  entropy: 0.0694  uncertainty: 2.0810  uncertainty_coeffi: 0.0100  loss: 2.1226  lr: 0.000009  time: 0.0610  data: 0.0001  max mem: 2671
      TTA Epoch: [51] Total time: 0:00:04 (0.0711 s / it)
     Averaged stats: entropy: 0.0958  uncertainty: 2.2269  uncertainty_coeffi: 0.0100  loss: 2.2709  lr: 0.0000
     itm tta time 0:00:04
      TTA Epoch: [52] [ 0/61]  eta: 0:00:27  entropy: 0.0931  uncertainty: 2.5969  uncertainty_coeffi: 0.0100  loss: 2.6304  lr: 0.000008  time: 0.4455  data: 0.3627  max mem: 2671
      TTA Epoch: [52] [60/61]  eta: 0:00:00  entropy: 0.1152  uncertainty: 2.0373  uncertainty_coeffi: 0.0100  loss: 2.0900  lr: 0.000008  time: 0.0624  data: 0.0001  max mem: 2671
      TTA Epoch: [52] Total time: 0:00:04 (0.0696 s / it)
     Averaged stats: entropy: 0.0950  uncertainty: 2.2276  uncertainty_coeffi: 0.0100  loss: 2.2716  lr: 0.0000
     itm tta time 0:00:04
      TTA Epoch: [53] [ 0/61]  eta: 0:00:32  entropy: 0.1397  uncertainty: 2.2883  uncertainty_coeffi: 0.0100  loss: 2.3670  lr: 0.000008  time: 0.5311  data: 0.4163  max mem: 2671
      TTA Epoch: [53] [60/61]  eta: 0:00:00  entropy: 0.0346  uncertainty: 2.2741  uncertainty_coeffi: 0.0100  loss: 2.2928  lr: 0.000007  time: 0.0610  data: 0.0001  max mem: 2671
      TTA Epoch: [53] Total time: 0:00:04 (0.0700 s / it)
     Averaged stats: entropy: 0.0928  uncertainty: 2.2213  uncertainty_coeffi: 0.0100  loss: 2.2641  lr: 0.0000
     itm tta time 0:00:04
      TTA Epoch: [54] [ 0/61]  eta: 0:00:27  entropy: 0.1672  uncertainty: 2.7247  uncertainty_coeffi: 0.0100  loss: 2.7710  lr: 0.000007  time: 0.4535  data: 0.3583  max mem: 2671
      TTA Epoch: [54] [60/61]  eta: 0:00:00  entropy: 0.0616  uncertainty: 2.7447  uncertainty_coeffi: 0.0100  loss: 2.7663  lr: 0.000006  time: 0.0614  data: 0.0001  max mem: 2671
      TTA Epoch: [54] Total time: 0:00:04 (0.0691 s / it)
     Averaged stats: entropy: 0.0967  uncertainty: 2.2302  uncertainty_coeffi: 0.0100  loss: 2.2745  lr: 0.0000
     itm tta time 0:00:04
      TTA Epoch: [55] [ 0/61]  eta: 0:00:30  entropy: 0.1907  uncertainty: 2.0503  uncertainty_coeffi: 0.0100  loss: 2.1369  lr: 0.000006  time: 0.4953  data: 0.4005  max mem: 2671
      TTA Epoch: [55] [60/61]  eta: 0:00:00  entropy: 0.0292  uncertainty: 2.2221  uncertainty_coeffi: 0.0100  loss: 2.2398  lr: 0.000005  time: 0.0615  data: 0.0001  max mem: 2671
      TTA Epoch: [55] Total time: 0:00:04 (0.0696 s / it)
     Averaged stats: entropy: 0.0956  uncertainty: 2.2267  uncertainty_coeffi: 0.0100  loss: 2.2711  lr: 0.0000
     itm tta time 0:00:04
      TTA Epoch: [56] [ 0/61]  eta: 0:00:23  entropy: 0.0916  uncertainty: 2.2691  uncertainty_coeffi: 0.0100  loss: 2.3087  lr: 0.000005  time: 0.3905  data: 0.3019  max mem: 2671
      TTA Epoch: [56] [60/61]  eta: 0:00:00  entropy: 0.0955  uncertainty: 2.5396  uncertainty_coeffi: 0.0100  loss: 2.5701  lr: 0.000004  time: 0.0612  data: 0.0001  max mem: 2671
      TTA Epoch: [56] Total time: 0:00:04 (0.0675 s / it)
     Averaged stats: entropy: 0.0929  uncertainty: 2.2193  uncertainty_coeffi: 0.0100  loss: 2.2621  lr: 0.0000
     itm tta time 0:00:04
      TTA Epoch: [57] [ 0/61]  eta: 0:00:30  entropy: 0.0763  uncertainty: 2.3138  uncertainty_coeffi: 0.0100  loss: 2.3534  lr: 0.000004  time: 0.4962  data: 0.3757  max mem: 2671
      TTA Epoch: [57] [60/61]  eta: 0:00:00  entropy: 0.1162  uncertainty: 2.2863  uncertainty_coeffi: 0.0100  loss: 2.3568  lr: 0.000001  time: 0.0613  data: 0.0001  max mem: 2671
      TTA Epoch: [57] Total time: 0:00:04 (0.0694 s / it)
     Averaged stats: entropy: 0.0980  uncertainty: 2.2255  uncertainty_coeffi: 0.0100  loss: 2.2720  lr: 0.0000
     itm tta time 0:00:04
      TTA Epoch: [58] [ 0/61]  eta: 0:00:25  entropy: 0.0400  uncertainty: 2.4934  uncertainty_coeffi: 0.0100  loss: 2.5102  lr: 0.000001  time: 0.4206  data: 0.3373  max mem: 2671
      TTA Epoch: [58] [60/61]  eta: 0:00:00  entropy: 0.1393  uncertainty: 2.6554  uncertainty_coeffi: 0.0100  loss: 2.7326  lr: 0.000001  time: 0.0615  data: 0.0001  max mem: 2671
      TTA Epoch: [58] Total time: 0:00:04 (0.0684 s / it)
     Averaged stats: entropy: 0.0991  uncertainty: 2.2180  uncertainty_coeffi: 0.0100  loss: 2.2653  lr: 0.0000
     itm tta time 0:00:04
      TTA Epoch: [59] [ 0/61]  eta: 0:00:29  entropy: 0.0436  uncertainty: 2.1671  uncertainty_coeffi: 0.0100  loss: 2.1878  lr: 0.000001  time: 0.4778  data: 0.3712  max mem: 2671
      TTA Epoch: [59] [60/61]  eta: 0:00:00  entropy: 0.0784  uncertainty: 3.1437  uncertainty_coeffi: 0.0100  loss: 3.1937  lr: 0.000000  time: 0.0612  data: 0.0001  max mem: 2671
      TTA Epoch: [59] Total time: 0:00:04 (0.0695 s / it)
     Averaged stats: entropy: 0.0970  uncertainty: 2.2273  uncertainty_coeffi: 0.0100  loss: 2.2726  lr: 0.0000
     itm tta time 0:00:04
     Computing matching score
      Evaluation: [   0/1978]  eta: 0:02:24    time: 0.0729  data: 0.0052  max mem: 2671
      Evaluation: [ 100/1978]  eta: 0:02:07    time: 0.0675  data: 0.0000  max mem: 2671
      Evaluation: [ 200/1978]  eta: 0:02:00    time: 0.0677  data: 0.0000  max mem: 2671
      Evaluation: [ 300/1978]  eta: 0:01:53    time: 0.0675  data: 0.0000  max mem: 2671
      Evaluation: [ 400/1978]  eta: 0:01:46    time: 0.0677  data: 0.0000  max mem: 2671
      Evaluation: [ 500/1978]  eta: 0:01:39    time: 0.0676  data: 0.0000  max mem: 2671
      Evaluation: [ 600/1978]  eta: 0:01:33    time: 0.0676  data: 0.0000  max mem: 2671
      Evaluation: [ 700/1978]  eta: 0:01:26    time: 0.0676  data: 0.0000  max mem: 2671
      Evaluation: [ 800/1978]  eta: 0:01:19    time: 0.0679  data: 0.0000  max mem: 2671
      Evaluation: [ 900/1978]  eta: 0:01:12    time: 0.0677  data: 0.0000  max mem: 2671
      Evaluation: [1000/1978]  eta: 0:01:06    time: 0.0677  data: 0.0000  max mem: 2671
      Evaluation: [1100/1978]  eta: 0:00:59    time: 0.0677  data: 0.0000  max mem: 2671
      Evaluation: [1200/1978]  eta: 0:00:52    time: 0.0676  data: 0.0000  max mem: 2671
      Evaluation: [1300/1978]  eta: 0:00:45    time: 0.0676  data: 0.0000  max mem: 2671
      Evaluation: [1400/1978]  eta: 0:00:39    time: 0.0683  data: 0.0000  max mem: 2671
      Evaluation: [1500/1978]  eta: 0:00:32    time: 0.0678  data: 0.0000  max mem: 2671
      Evaluation: [1600/1978]  eta: 0:00:25    time: 0.0678  data: 0.0000  max mem: 2671
      Evaluation: [1700/1978]  eta: 0:00:18    time: 0.0677  data: 0.0000  max mem: 2671
      Evaluation: [1800/1978]  eta: 0:00:12    time: 0.0678  data: 0.0000  max mem: 2671
      Evaluation: [1900/1978]  eta: 0:00:05    time: 0.0677  data: 0.0000  max mem: 2671
      Evaluation: [1977/1978]  eta: 0:00:00    time: 0.0678  data: 0.0000  max mem: 2671
      Evaluation: Total time: 0:02:13 (0.0677 s / it)
     Computing matching score time 0:02:14
### TTA ITM Score: 
+-------------------+--------+--------+--------+--------+--------+
|       epoch       |   R1   |   R5   |  R10   |  mAP   |  mINP  |
+-------------------+--------+--------+--------+--------+--------+
|  cos_sim_wo/norm  | 58.544 | 91.860 | 95.703 | 73.596 | 73.596 |
|        -999       | 69.414 | 95.197 | 97.776 | 81.233 | 81.233 |
| itm_score_wo/norm | 84.328 | 98.989 | 99.494 | 91.293 | 91.293 |
|        -999       | 84.277 | 99.039 | 99.596 | 91.276 | 91.276 |
|         0         | 84.328 | 99.039 | 99.596 | 91.291 | 91.291 |
|         1         | 84.732 | 98.989 | 99.596 | 91.479 | 91.479 |
|         2         | 84.783 | 98.938 | 99.596 | 91.491 | 91.491 |
|         4         | 84.580 | 98.837 | 99.494 | 91.322 | 91.322 |
|         9         | 84.833 | 98.635 | 99.191 | 91.358 | 91.358 |
|         14        | 84.681 | 98.635 | 99.242 | 91.321 | 91.321 |
|         19        | 84.934 | 98.584 | 99.242 | 91.456 | 91.456 |
|         29        | 84.985 | 98.686 | 99.292 | 91.482 | 91.482 |
|         39        | 84.833 | 98.736 | 99.343 | 91.398 | 91.398 |
|         49        | 84.884 | 98.736 | 99.393 | 91.405 | 91.405 |
|         59        | 84.884 | 98.736 | 99.393 | 91.406 | 91.406 |
+-------------------+--------+--------+--------+--------+--------+
     logs:  {'epo': 59, 'R1': 84.884, 'R5': 98.736, 'R10': 99.393, 'mAP': 91.406, 'mINP': 91.406, 'entropy': 0.09702, 'uncertainty': 2.227329, 'uncertainty_coeffi': 0.01, 'loss': 2.272631, 'lr': 1e-06}
### best epoch: 29
### Time 0:29:02
NNODES,  1
NODE_RANK,  0
MASTER_ADDR,  127.0.0.1
MASTER_PORT,  1612
NPROC_PER_NODE,  2
task:  exp6.1.2
config:  configs_rerun3/exp6.1.2.yaml
output_dir:  output_rerun3/exp6.1.2/2025092102103
python3 tta.py --config configs_rerun3/exp6.1.2.yaml --task exp6.1.2 --output_dir output_rerun3/exp6.1.2/2025092102103 --checkpoint checkpoint/cmp.pth --bs 0 --epo 0 --lr 0.0 --seed 42 --tta
