/home/user/yc57963/miniconda3/envs/cmp/lib/python3.10/site-packages/torch/utils/data/dataloader.py:627: UserWarning: This DataLoader will create 4 worker processes in total. Our suggested max number of worker in current system is 2, which is smaller than what this DataLoader is going to create. Please be aware that excessive worker creation might get DataLoader running slow or even freeze, lower the worker number to avoid potential slowness/freeze if necessary.
  warnings.warn(
/home/user/yc57963/miniconda3/envs/cmp/lib/python3.10/site-packages/torch/functional.py:554: UserWarning: torch.meshgrid: in an upcoming release, it will be required to pass the indexing argument. (Triggered internally at /pytorch/aten/src/ATen/native/TensorShape.cpp:4322.)
  return _VF.meshgrid(tensors, **kwargs)  # type: ignore[attr-defined]
Not using distributed mode
### Hyper-parameters:
     seed: 42
     device: cuda
     output_dir: output_rerun3/exp7.1.3/2025091712143
     batch_size_tta: 32
     epochs: 60
     lr: 5e-05
### Creating test dataset
from data/PAB/annotation/test/attr.json loading 1978 data
     test dataset -->    be_pose_img: True
     test_dataset: 1978
### Creating test dataloader
### be careful: func create_loader returns a list length of 1
     test_loader: 90
### Creating model
build_vision_encoder: load swin 224 x 224 ====>
missing_keys:  []
unexpected_keys:  ['head.weight', 'head.bias']
build_text_encoder: load bert ====>
missing_keys: ['bert.encoder.layer.10.crossattention.output.LayerNorm.bias', 'bert.encoder.layer.10.crossattention.output.LayerNorm.weight', 'bert.encoder.layer.10.crossattention.output.dense.bias', 'bert.encoder.layer.10.crossattention.output.dense.weight', 'bert.encoder.layer.10.crossattention.self.key.bias', 'bert.encoder.layer.10.crossattention.self.key.weight', 'bert.encoder.layer.10.crossattention.self.query.bias', 'bert.encoder.layer.10.crossattention.self.query.weight', 'bert.encoder.layer.10.crossattention.self.value.bias', 'bert.encoder.layer.10.crossattention.self.value.weight', 'bert.encoder.layer.11.crossattention.output.LayerNorm.bias', 'bert.encoder.layer.11.crossattention.output.LayerNorm.weight', 'bert.encoder.layer.11.crossattention.output.dense.bias', 'bert.encoder.layer.11.crossattention.output.dense.weight', 'bert.encoder.layer.11.crossattention.self.key.bias', 'bert.encoder.layer.11.crossattention.self.key.weight', 'bert.encoder.layer.11.crossattention.self.query.bias', 'bert.encoder.layer.11.crossattention.self.query.weight', 'bert.encoder.layer.11.crossattention.self.value.bias', 'bert.encoder.layer.11.crossattention.self.value.weight', 'bert.encoder.layer.6.crossattention.output.LayerNorm.bias', 'bert.encoder.layer.6.crossattention.output.LayerNorm.weight', 'bert.encoder.layer.6.crossattention.output.dense.bias', 'bert.encoder.layer.6.crossattention.output.dense.weight', 'bert.encoder.layer.6.crossattention.self.key.bias', 'bert.encoder.layer.6.crossattention.self.key.weight', 'bert.encoder.layer.6.crossattention.self.query.bias', 'bert.encoder.layer.6.crossattention.self.query.weight', 'bert.encoder.layer.6.crossattention.self.value.bias', 'bert.encoder.layer.6.crossattention.self.value.weight', 'bert.encoder.layer.7.crossattention.output.LayerNorm.bias', 'bert.encoder.layer.7.crossattention.output.LayerNorm.weight', 'bert.encoder.layer.7.crossattention.output.dense.bias', 'bert.encoder.layer.7.crossattention.output.dense.weight', 'bert.encoder.layer.7.crossattention.self.key.bias', 'bert.encoder.layer.7.crossattention.self.key.weight', 'bert.encoder.layer.7.crossattention.self.query.bias', 'bert.encoder.layer.7.crossattention.self.query.weight', 'bert.encoder.layer.7.crossattention.self.value.bias', 'bert.encoder.layer.7.crossattention.self.value.weight', 'bert.encoder.layer.8.crossattention.output.LayerNorm.bias', 'bert.encoder.layer.8.crossattention.output.LayerNorm.weight', 'bert.encoder.layer.8.crossattention.output.dense.bias', 'bert.encoder.layer.8.crossattention.output.dense.weight', 'bert.encoder.layer.8.crossattention.self.key.bias', 'bert.encoder.layer.8.crossattention.self.key.weight', 'bert.encoder.layer.8.crossattention.self.query.bias', 'bert.encoder.layer.8.crossattention.self.query.weight', 'bert.encoder.layer.8.crossattention.self.value.bias', 'bert.encoder.layer.8.crossattention.self.value.weight', 'bert.encoder.layer.9.crossattention.output.LayerNorm.bias', 'bert.encoder.layer.9.crossattention.output.LayerNorm.weight', 'bert.encoder.layer.9.crossattention.output.dense.bias', 'bert.encoder.layer.9.crossattention.output.dense.weight', 'bert.encoder.layer.9.crossattention.self.key.bias', 'bert.encoder.layer.9.crossattention.self.key.weight', 'bert.encoder.layer.9.crossattention.self.query.bias', 'bert.encoder.layer.9.crossattention.self.query.weight', 'bert.encoder.layer.9.crossattention.self.value.bias', 'bert.encoder.layer.9.crossattention.self.value.weight']
unexpected_keys: ['cls.seq_relationship.bias', 'cls.seq_relationship.weight']
mismatched_keys: []
error_msgs: []
Label Smooth: 0.2
pose_conv
load checkpoint from checkpoint/cmp.pth
missing_keys:  ['uncertainty_temper', 'prompt_learning_embedding']
unexpected_keys:  []
     Total Params Sum:  254264985
### Inference ITC similiarity matrix
### Zero-Shot Score: 
+-------------------+--------+--------+--------+--------+--------+
|       epoch       |   R1   |   R5   |  R10   |  mAP   |  mINP  |
+-------------------+--------+--------+--------+--------+--------+
|  cos_sim_wo/norm  | 58.544 | 91.860 | 95.703 | 73.596 | 73.596 |
|        -999       | 69.414 | 95.197 | 97.776 | 81.233 | 81.233 |
| itm_score_wo/norm | 84.328 | 98.989 | 99.494 | 91.293 | 91.293 |
|        -999       | 84.277 | 99.039 | 99.596 | 91.276 | 91.276 |
+-------------------+--------+--------+--------+--------+--------+
### TTA:
     preprocess_tta_coefficients  start
     sample selection ...
     number of sample after sample_selection: 1978
     uncertainty ...
     preprocess_tta_coefficients  end
### Creating tta dataset
     tta_dataset: 1978
### Creating tta dataloader
### be careful: func create_loader returns a list length of 1
     tta_loader: 61
### Configure adapted weights
     TTA Dropout Modules: 
 [('vision_encoder.pos_drop', Dropout(p=0, inplace=False), True), ('vision_encoder.layers.0.blocks.0.attn.attn_drop', Dropout(p=0.0, inplace=False), True), ('vision_encoder.layers.0.blocks.0.attn.proj_drop', Dropout(p=0, inplace=False), True), ('vision_encoder.layers.0.blocks.0.mlp.drop', Dropout(p=0, inplace=False), True), ('vision_encoder.layers.0.blocks.1.attn.attn_drop', Dropout(p=0.0, inplace=False), True), ('vision_encoder.layers.0.blocks.1.attn.proj_drop', Dropout(p=0, inplace=False), True), ('vision_encoder.layers.0.blocks.1.mlp.drop', Dropout(p=0, inplace=False), True), ('vision_encoder.layers.1.blocks.0.attn.attn_drop', Dropout(p=0.0, inplace=False), True), ('vision_encoder.layers.1.blocks.0.attn.proj_drop', Dropout(p=0, inplace=False), True), ('vision_encoder.layers.1.blocks.0.mlp.drop', Dropout(p=0, inplace=False), True), ('vision_encoder.layers.1.blocks.1.attn.attn_drop', Dropout(p=0.0, inplace=False), True), ('vision_encoder.layers.1.blocks.1.attn.proj_drop', Dropout(p=0, inplace=False), True), ('vision_encoder.layers.1.blocks.1.mlp.drop', Dropout(p=0, inplace=False), True), ('vision_encoder.layers.2.blocks.0.attn.attn_drop', Dropout(p=0.0, inplace=False), True), ('vision_encoder.layers.2.blocks.0.attn.proj_drop', Dropout(p=0, inplace=False), True), ('vision_encoder.layers.2.blocks.0.mlp.drop', Dropout(p=0, inplace=False), True), ('vision_encoder.layers.2.blocks.1.attn.attn_drop', Dropout(p=0.0, inplace=False), True), ('vision_encoder.layers.2.blocks.1.attn.proj_drop', Dropout(p=0, inplace=False), True), ('vision_encoder.layers.2.blocks.1.mlp.drop', Dropout(p=0, inplace=False), True), ('vision_encoder.layers.2.blocks.2.attn.attn_drop', Dropout(p=0.0, inplace=False), True), ('vision_encoder.layers.2.blocks.2.attn.proj_drop', Dropout(p=0, inplace=False), True), ('vision_encoder.layers.2.blocks.2.mlp.drop', Dropout(p=0, inplace=False), True), ('vision_encoder.layers.2.blocks.3.attn.attn_drop', Dropout(p=0.0, inplace=False), True), ('vision_encoder.layers.2.blocks.3.attn.proj_drop', Dropout(p=0, inplace=False), True), ('vision_encoder.layers.2.blocks.3.mlp.drop', Dropout(p=0, inplace=False), True), ('vision_encoder.layers.2.blocks.4.attn.attn_drop', Dropout(p=0.0, inplace=False), True), ('vision_encoder.layers.2.blocks.4.attn.proj_drop', Dropout(p=0, inplace=False), True), ('vision_encoder.layers.2.blocks.4.mlp.drop', Dropout(p=0, inplace=False), True), ('vision_encoder.layers.2.blocks.5.attn.attn_drop', Dropout(p=0.0, inplace=False), True), ('vision_encoder.layers.2.blocks.5.attn.proj_drop', Dropout(p=0, inplace=False), True), ('vision_encoder.layers.2.blocks.5.mlp.drop', Dropout(p=0, inplace=False), True), ('vision_encoder.layers.2.blocks.6.attn.attn_drop', Dropout(p=0.0, inplace=False), True), ('vision_encoder.layers.2.blocks.6.attn.proj_drop', Dropout(p=0, inplace=False), True), ('vision_encoder.layers.2.blocks.6.mlp.drop', Dropout(p=0, inplace=False), True), ('vision_encoder.layers.2.blocks.7.attn.attn_drop', Dropout(p=0.0, inplace=False), True), ('vision_encoder.layers.2.blocks.7.attn.proj_drop', Dropout(p=0, inplace=False), True), ('vision_encoder.layers.2.blocks.7.mlp.drop', Dropout(p=0, inplace=False), True), ('vision_encoder.layers.2.blocks.8.attn.attn_drop', Dropout(p=0.0, inplace=False), True), ('vision_encoder.layers.2.blocks.8.attn.proj_drop', Dropout(p=0, inplace=False), True), ('vision_encoder.layers.2.blocks.8.mlp.drop', Dropout(p=0, inplace=False), True), ('vision_encoder.layers.2.blocks.9.attn.attn_drop', Dropout(p=0.0, inplace=False), True), ('vision_encoder.layers.2.blocks.9.attn.proj_drop', Dropout(p=0, inplace=False), True), ('vision_encoder.layers.2.blocks.9.mlp.drop', Dropout(p=0, inplace=False), True), ('vision_encoder.layers.2.blocks.10.attn.attn_drop', Dropout(p=0.0, inplace=False), True), ('vision_encoder.layers.2.blocks.10.attn.proj_drop', Dropout(p=0, inplace=False), True), ('vision_encoder.layers.2.blocks.10.mlp.drop', Dropout(p=0, inplace=False), True), ('vision_encoder.layers.2.blocks.11.attn.attn_drop', Dropout(p=0.0, inplace=False), True), ('vision_encoder.layers.2.blocks.11.attn.proj_drop', Dropout(p=0, inplace=False), True), ('vision_encoder.layers.2.blocks.11.mlp.drop', Dropout(p=0, inplace=False), True), ('vision_encoder.layers.2.blocks.12.attn.attn_drop', Dropout(p=0.0, inplace=False), True), ('vision_encoder.layers.2.blocks.12.attn.proj_drop', Dropout(p=0, inplace=False), True), ('vision_encoder.layers.2.blocks.12.mlp.drop', Dropout(p=0, inplace=False), True), ('vision_encoder.layers.2.blocks.13.attn.attn_drop', Dropout(p=0.0, inplace=False), True), ('vision_encoder.layers.2.blocks.13.attn.proj_drop', Dropout(p=0, inplace=False), True), ('vision_encoder.layers.2.blocks.13.mlp.drop', Dropout(p=0, inplace=False), True), ('vision_encoder.layers.2.blocks.14.attn.attn_drop', Dropout(p=0.0, inplace=False), True), ('vision_encoder.layers.2.blocks.14.attn.proj_drop', Dropout(p=0, inplace=False), True), ('vision_encoder.layers.2.blocks.14.mlp.drop', Dropout(p=0, inplace=False), True), ('vision_encoder.layers.2.blocks.15.attn.attn_drop', Dropout(p=0.0, inplace=False), True), ('vision_encoder.layers.2.blocks.15.attn.proj_drop', Dropout(p=0, inplace=False), True), ('vision_encoder.layers.2.blocks.15.mlp.drop', Dropout(p=0, inplace=False), True), ('vision_encoder.layers.2.blocks.16.attn.attn_drop', Dropout(p=0.0, inplace=False), True), ('vision_encoder.layers.2.blocks.16.attn.proj_drop', Dropout(p=0, inplace=False), True), ('vision_encoder.layers.2.blocks.16.mlp.drop', Dropout(p=0, inplace=False), True), ('vision_encoder.layers.2.blocks.17.attn.attn_drop', Dropout(p=0.0, inplace=False), True), ('vision_encoder.layers.2.blocks.17.attn.proj_drop', Dropout(p=0, inplace=False), True), ('vision_encoder.layers.2.blocks.17.mlp.drop', Dropout(p=0, inplace=False), True), ('vision_encoder.layers.3.blocks.0.attn.attn_drop', Dropout(p=0.0, inplace=False), True), ('vision_encoder.layers.3.blocks.0.attn.proj_drop', Dropout(p=0, inplace=False), True), ('vision_encoder.layers.3.blocks.0.mlp.drop', Dropout(p=0, inplace=False), True), ('vision_encoder.layers.3.blocks.1.attn.attn_drop', Dropout(p=0.0, inplace=False), True), ('vision_encoder.layers.3.blocks.1.attn.proj_drop', Dropout(p=0, inplace=False), True), ('vision_encoder.layers.3.blocks.1.mlp.drop', Dropout(p=0, inplace=False), True), ('text_encoder.bert.embeddings.dropout', Dropout(p=0.1, inplace=False), True), ('text_encoder.bert.encoder.layer.0.attention.self.dropout', Dropout(p=0.1, inplace=False), True), ('text_encoder.bert.encoder.layer.0.attention.output.dropout', Dropout(p=0.1, inplace=False), True), ('text_encoder.bert.encoder.layer.0.output.dropout', Dropout(p=0.1, inplace=False), True), ('text_encoder.bert.encoder.layer.1.attention.self.dropout', Dropout(p=0.1, inplace=False), True), ('text_encoder.bert.encoder.layer.1.attention.output.dropout', Dropout(p=0.1, inplace=False), True), ('text_encoder.bert.encoder.layer.1.output.dropout', Dropout(p=0.1, inplace=False), True), ('text_encoder.bert.encoder.layer.2.attention.self.dropout', Dropout(p=0.1, inplace=False), True), ('text_encoder.bert.encoder.layer.2.attention.output.dropout', Dropout(p=0.1, inplace=False), True), ('text_encoder.bert.encoder.layer.2.output.dropout', Dropout(p=0.1, inplace=False), True), ('text_encoder.bert.encoder.layer.3.attention.self.dropout', Dropout(p=0.1, inplace=False), True), ('text_encoder.bert.encoder.layer.3.attention.output.dropout', Dropout(p=0.1, inplace=False), True), ('text_encoder.bert.encoder.layer.3.output.dropout', Dropout(p=0.1, inplace=False), True), ('text_encoder.bert.encoder.layer.4.attention.self.dropout', Dropout(p=0.1, inplace=False), True), ('text_encoder.bert.encoder.layer.4.attention.output.dropout', Dropout(p=0.1, inplace=False), True), ('text_encoder.bert.encoder.layer.4.output.dropout', Dropout(p=0.1, inplace=False), True), ('text_encoder.bert.encoder.layer.5.attention.self.dropout', Dropout(p=0.1, inplace=False), True), ('text_encoder.bert.encoder.layer.5.attention.output.dropout', Dropout(p=0.1, inplace=False), True), ('text_encoder.bert.encoder.layer.5.output.dropout', Dropout(p=0.1, inplace=False), True), ('text_encoder.bert.encoder.layer.6.attention.self.dropout', Dropout(p=0.1, inplace=False), True), ('text_encoder.bert.encoder.layer.6.attention.output.dropout', Dropout(p=0.1, inplace=False), True), ('text_encoder.bert.encoder.layer.6.crossattention.self.dropout', Dropout(p=0.1, inplace=False), True), ('text_encoder.bert.encoder.layer.6.crossattention.output.dropout', Dropout(p=0.1, inplace=False), True), ('text_encoder.bert.encoder.layer.6.output.dropout', Dropout(p=0.1, inplace=False), True), ('text_encoder.bert.encoder.layer.7.attention.self.dropout', Dropout(p=0.1, inplace=False), True), ('text_encoder.bert.encoder.layer.7.attention.output.dropout', Dropout(p=0.1, inplace=False), True), ('text_encoder.bert.encoder.layer.7.crossattention.self.dropout', Dropout(p=0.1, inplace=False), True), ('text_encoder.bert.encoder.layer.7.crossattention.output.dropout', Dropout(p=0.1, inplace=False), True), ('text_encoder.bert.encoder.layer.7.output.dropout', Dropout(p=0.1, inplace=False), True), ('text_encoder.bert.encoder.layer.8.attention.self.dropout', Dropout(p=0.1, inplace=False), True), ('text_encoder.bert.encoder.layer.8.attention.output.dropout', Dropout(p=0.1, inplace=False), True), ('text_encoder.bert.encoder.layer.8.crossattention.self.dropout', Dropout(p=0.1, inplace=False), True), ('text_encoder.bert.encoder.layer.8.crossattention.output.dropout', Dropout(p=0.1, inplace=False), True), ('text_encoder.bert.encoder.layer.8.output.dropout', Dropout(p=0.1, inplace=False), True), ('text_encoder.bert.encoder.layer.9.attention.self.dropout', Dropout(p=0.1, inplace=False), True), ('text_encoder.bert.encoder.layer.9.attention.output.dropout', Dropout(p=0.1, inplace=False), True), ('text_encoder.bert.encoder.layer.9.crossattention.self.dropout', Dropout(p=0.1, inplace=False), True), ('text_encoder.bert.encoder.layer.9.crossattention.output.dropout', Dropout(p=0.1, inplace=False), True), ('text_encoder.bert.encoder.layer.9.output.dropout', Dropout(p=0.1, inplace=False), True), ('text_encoder.bert.encoder.layer.10.attention.self.dropout', Dropout(p=0.1, inplace=False), True), ('text_encoder.bert.encoder.layer.10.attention.output.dropout', Dropout(p=0.1, inplace=False), True), ('text_encoder.bert.encoder.layer.10.crossattention.self.dropout', Dropout(p=0.1, inplace=False), True), ('text_encoder.bert.encoder.layer.10.crossattention.output.dropout', Dropout(p=0.1, inplace=False), True), ('text_encoder.bert.encoder.layer.10.output.dropout', Dropout(p=0.1, inplace=False), True), ('text_encoder.bert.encoder.layer.11.attention.self.dropout', Dropout(p=0.1, inplace=False), True), ('text_encoder.bert.encoder.layer.11.attention.output.dropout', Dropout(p=0.1, inplace=False), True), ('text_encoder.bert.encoder.layer.11.crossattention.self.dropout', Dropout(p=0.1, inplace=False), True), ('text_encoder.bert.encoder.layer.11.crossattention.output.dropout', Dropout(p=0.1, inplace=False), True), ('text_encoder.bert.encoder.layer.11.output.dropout', Dropout(p=0.1, inplace=False), True), ('vision_proj.1', Dropout(p=0.5, inplace=False), True), ('text_proj.1', Dropout(p=0.5, inplace=False), True), ('pose_block.attn.attn_drop', Dropout(p=0.0, inplace=False), True), ('pose_block.attn.proj_drop', Dropout(p=0.0, inplace=False), True)]
     TTA Require Gradient Params: 
 [('text_encoder.bert.embeddings.LayerNorm.weight', torch.Size([768])), ('text_encoder.bert.embeddings.LayerNorm.bias', torch.Size([768])), ('text_encoder.bert.encoder.layer.6.attention.output.LayerNorm.weight', torch.Size([768])), ('text_encoder.bert.encoder.layer.6.attention.output.LayerNorm.bias', torch.Size([768])), ('text_encoder.bert.encoder.layer.6.crossattention.output.LayerNorm.weight', torch.Size([768])), ('text_encoder.bert.encoder.layer.6.crossattention.output.LayerNorm.bias', torch.Size([768])), ('text_encoder.bert.encoder.layer.6.output.LayerNorm.weight', torch.Size([768])), ('text_encoder.bert.encoder.layer.6.output.LayerNorm.bias', torch.Size([768])), ('text_encoder.bert.encoder.layer.7.attention.output.LayerNorm.weight', torch.Size([768])), ('text_encoder.bert.encoder.layer.7.attention.output.LayerNorm.bias', torch.Size([768])), ('text_encoder.bert.encoder.layer.7.crossattention.output.LayerNorm.weight', torch.Size([768])), ('text_encoder.bert.encoder.layer.7.crossattention.output.LayerNorm.bias', torch.Size([768])), ('text_encoder.bert.encoder.layer.7.output.LayerNorm.weight', torch.Size([768])), ('text_encoder.bert.encoder.layer.7.output.LayerNorm.bias', torch.Size([768])), ('text_encoder.bert.encoder.layer.8.attention.output.LayerNorm.weight', torch.Size([768])), ('text_encoder.bert.encoder.layer.8.attention.output.LayerNorm.bias', torch.Size([768])), ('text_encoder.bert.encoder.layer.8.crossattention.output.LayerNorm.weight', torch.Size([768])), ('text_encoder.bert.encoder.layer.8.crossattention.output.LayerNorm.bias', torch.Size([768])), ('text_encoder.bert.encoder.layer.8.output.LayerNorm.weight', torch.Size([768])), ('text_encoder.bert.encoder.layer.8.output.LayerNorm.bias', torch.Size([768])), ('text_encoder.bert.encoder.layer.9.attention.output.LayerNorm.weight', torch.Size([768])), ('text_encoder.bert.encoder.layer.9.attention.output.LayerNorm.bias', torch.Size([768])), ('text_encoder.bert.encoder.layer.9.crossattention.output.LayerNorm.weight', torch.Size([768])), ('text_encoder.bert.encoder.layer.9.crossattention.output.LayerNorm.bias', torch.Size([768])), ('text_encoder.bert.encoder.layer.9.output.LayerNorm.weight', torch.Size([768])), ('text_encoder.bert.encoder.layer.9.output.LayerNorm.bias', torch.Size([768])), ('text_encoder.bert.encoder.layer.10.attention.output.LayerNorm.weight', torch.Size([768])), ('text_encoder.bert.encoder.layer.10.attention.output.LayerNorm.bias', torch.Size([768])), ('text_encoder.bert.encoder.layer.10.crossattention.output.LayerNorm.weight', torch.Size([768])), ('text_encoder.bert.encoder.layer.10.crossattention.output.LayerNorm.bias', torch.Size([768])), ('text_encoder.bert.encoder.layer.10.output.LayerNorm.weight', torch.Size([768])), ('text_encoder.bert.encoder.layer.10.output.LayerNorm.bias', torch.Size([768])), ('text_encoder.bert.encoder.layer.11.attention.output.LayerNorm.weight', torch.Size([768])), ('text_encoder.bert.encoder.layer.11.attention.output.LayerNorm.bias', torch.Size([768])), ('text_encoder.bert.encoder.layer.11.crossattention.output.LayerNorm.weight', torch.Size([768])), ('text_encoder.bert.encoder.layer.11.crossattention.output.LayerNorm.bias', torch.Size([768])), ('text_encoder.bert.encoder.layer.11.output.LayerNorm.weight', torch.Size([768])), ('text_encoder.bert.encoder.layer.11.output.LayerNorm.bias', torch.Size([768])), ('text_encoder.cls.predictions.transform.LayerNorm.weight', torch.Size([768])), ('text_encoder.cls.predictions.transform.LayerNorm.bias', torch.Size([768])), ('itm_head.1.weight', torch.Size([1536])), ('itm_head.1.bias', torch.Size([1536]))]
     TTA Dropout Modules Number: 
 126
     TTA Require Gradient Params Sum: 
 33792
     lr:  5e-05    lr_mult:  2
     model has 'init_params',  385
     num_tta_steps:  3720
     num_warmup_steps:  500
     sched: step
/home/user/yc57963/task/CMP/tta.py:246: FutureWarning: `torch.cuda.amp.GradScaler(args...)` is deprecated. Please use `torch.amp.GradScaler('cuda', args...)` instead.
  scaler = GradScaler()  # bf16
### Start ITM Test Time Adaptation
      TTA Epoch: [0] [ 0/61]  eta: 0:00:59  entropy: 0.3482  uncertainty: 1.7870  uncertainty_coeffi: 0.0100  loss: 0.2335  lr: 0.000000  time: 0.9706  data: 0.4053  max mem: 2661
      TTA Epoch: [0] [60/61]  eta: 0:00:00  entropy: 0.3651  uncertainty: 2.8430  uncertainty_coeffi: 0.0100  loss: 0.2015  lr: 0.000006  time: 0.0428  data: 0.0026  max mem: 2718
      TTA Epoch: [0] Total time: 0:00:03 (0.0650 s / it)
     Averaged stats: entropy: 0.3535  uncertainty: 2.2214  uncertainty_coeffi: 0.0100  loss: 0.2280  lr: 0.0000
     itm tta time 0:00:04
     Computing matching score
      Evaluation: [   0/1978]  eta: 0:03:22    time: 0.1025  data: 0.0032  max mem: 2718
      Evaluation: [ 100/1978]  eta: 0:01:21    time: 0.0428  data: 0.0000  max mem: 2718
      Evaluation: [ 200/1978]  eta: 0:01:16    time: 0.0430  data: 0.0000  max mem: 2718
      Evaluation: [ 300/1978]  eta: 0:01:12    time: 0.0423  data: 0.0000  max mem: 2718
      Evaluation: [ 400/1978]  eta: 0:01:07    time: 0.0427  data: 0.0000  max mem: 2718
      Evaluation: [ 500/1978]  eta: 0:01:03    time: 0.0429  data: 0.0000  max mem: 2718
      Evaluation: [ 600/1978]  eta: 0:00:58    time: 0.0421  data: 0.0000  max mem: 2718
      Evaluation: [ 700/1978]  eta: 0:00:54    time: 0.0431  data: 0.0000  max mem: 2718
      Evaluation: [ 800/1978]  eta: 0:00:50    time: 0.0426  data: 0.0000  max mem: 2718
      Evaluation: [ 900/1978]  eta: 0:00:46    time: 0.0427  data: 0.0000  max mem: 2718
      Evaluation: [1000/1978]  eta: 0:00:41    time: 0.0426  data: 0.0000  max mem: 2718
      Evaluation: [1100/1978]  eta: 0:00:37    time: 0.0430  data: 0.0000  max mem: 2718
      Evaluation: [1200/1978]  eta: 0:00:33    time: 0.0434  data: 0.0000  max mem: 2718
      Evaluation: [1300/1978]  eta: 0:00:28    time: 0.0428  data: 0.0000  max mem: 2718
      Evaluation: [1400/1978]  eta: 0:00:24    time: 0.0422  data: 0.0000  max mem: 2718
      Evaluation: [1500/1978]  eta: 0:00:20    time: 0.0425  data: 0.0000  max mem: 2718
      Evaluation: [1600/1978]  eta: 0:00:16    time: 0.0424  data: 0.0000  max mem: 2718
      Evaluation: [1700/1978]  eta: 0:00:11    time: 0.0432  data: 0.0000  max mem: 2718
      Evaluation: [1800/1978]  eta: 0:00:07    time: 0.0423  data: 0.0000  max mem: 2718
      Evaluation: [1900/1978]  eta: 0:00:03    time: 0.0425  data: 0.0000  max mem: 2718
      Evaluation: [1977/1978]  eta: 0:00:00    time: 0.0429  data: 0.0000  max mem: 2718
      Evaluation: Total time: 0:01:24 (0.0427 s / it)
     Computing matching score time 0:01:24
### TTA ITM Score: 
+-------------------+--------+--------+--------+--------+--------+
|       epoch       |   R1   |   R5   |  R10   |  mAP   |  mINP  |
+-------------------+--------+--------+--------+--------+--------+
|  cos_sim_wo/norm  | 58.544 | 91.860 | 95.703 | 73.596 | 73.596 |
|        -999       | 69.414 | 95.197 | 97.776 | 81.233 | 81.233 |
| itm_score_wo/norm | 84.328 | 98.989 | 99.494 | 91.293 | 91.293 |
|        -999       | 84.277 | 99.039 | 99.596 | 91.276 | 91.276 |
|         0         | 84.277 | 99.039 | 99.596 | 91.276 | 91.276 |
+-------------------+--------+--------+--------+--------+--------+
     logs:  {'epo': 0, 'R1': 84.277, 'R5': 99.039, 'R10': 99.596, 'mAP': 91.276, 'mINP': 91.276, 'entropy': 0.353486, 'uncertainty': 2.221419, 'uncertainty_coeffi': 0.01, 'loss': 0.228008, 'lr': 3e-06}
      TTA Epoch: [1] [ 0/61]  eta: 0:00:23  entropy: 0.4183  uncertainty: 2.5006  uncertainty_coeffi: 0.0100  loss: 0.2393  lr: 0.000006  time: 0.3880  data: 0.2849  max mem: 2718
      TTA Epoch: [1] [60/61]  eta: 0:00:00  entropy: 0.4842  uncertainty: 2.2374  uncertainty_coeffi: 0.0100  loss: 0.2999  lr: 0.000012  time: 0.0420  data: 0.0030  max mem: 2718
      TTA Epoch: [1] Total time: 0:00:03 (0.0583 s / it)
     Averaged stats: entropy: 0.3485  uncertainty: 2.2315  uncertainty_coeffi: 0.0100  loss: 0.2257  lr: 0.0000
     itm tta time 0:00:03
     Computing matching score
      Evaluation: [   0/1978]  eta: 0:01:33    time: 0.0470  data: 0.0030  max mem: 2718
      Evaluation: [ 100/1978]  eta: 0:01:17    time: 0.0411  data: 0.0000  max mem: 2718
      Evaluation: [ 200/1978]  eta: 0:01:13    time: 0.0413  data: 0.0000  max mem: 2718
      Evaluation: [ 300/1978]  eta: 0:01:09    time: 0.0412  data: 0.0000  max mem: 2718
      Evaluation: [ 400/1978]  eta: 0:01:05    time: 0.0412  data: 0.0000  max mem: 2718
      Evaluation: [ 500/1978]  eta: 0:01:01    time: 0.0413  data: 0.0000  max mem: 2718
      Evaluation: [ 600/1978]  eta: 0:00:56    time: 0.0414  data: 0.0000  max mem: 2718
      Evaluation: [ 700/1978]  eta: 0:00:52    time: 0.0413  data: 0.0000  max mem: 2718
      Evaluation: [ 800/1978]  eta: 0:00:48    time: 0.0414  data: 0.0000  max mem: 2718
      Evaluation: [ 900/1978]  eta: 0:00:44    time: 0.0412  data: 0.0000  max mem: 2718
      Evaluation: [1000/1978]  eta: 0:00:40    time: 0.0412  data: 0.0000  max mem: 2718
      Evaluation: [1100/1978]  eta: 0:00:36    time: 0.0413  data: 0.0000  max mem: 2718
      Evaluation: [1200/1978]  eta: 0:00:32    time: 0.0413  data: 0.0000  max mem: 2718
      Evaluation: [1300/1978]  eta: 0:00:28    time: 0.0413  data: 0.0000  max mem: 2718
      Evaluation: [1400/1978]  eta: 0:00:23    time: 0.0414  data: 0.0000  max mem: 2718
      Evaluation: [1500/1978]  eta: 0:00:19    time: 0.0416  data: 0.0000  max mem: 2718
      Evaluation: [1600/1978]  eta: 0:00:15    time: 0.0413  data: 0.0000  max mem: 2718
      Evaluation: [1700/1978]  eta: 0:00:11    time: 0.0413  data: 0.0000  max mem: 2718
      Evaluation: [1800/1978]  eta: 0:00:07    time: 0.0418  data: 0.0000  max mem: 2718
      Evaluation: [1900/1978]  eta: 0:00:03    time: 0.0412  data: 0.0000  max mem: 2718
      Evaluation: [1977/1978]  eta: 0:00:00    time: 0.0415  data: 0.0000  max mem: 2718
      Evaluation: Total time: 0:01:21 (0.0414 s / it)
     Computing matching score time 0:01:22
### TTA ITM Score: 
+-------------------+--------+--------+--------+--------+--------+
|       epoch       |   R1   |   R5   |  R10   |  mAP   |  mINP  |
+-------------------+--------+--------+--------+--------+--------+
|  cos_sim_wo/norm  | 58.544 | 91.860 | 95.703 | 73.596 | 73.596 |
|        -999       | 69.414 | 95.197 | 97.776 | 81.233 | 81.233 |
| itm_score_wo/norm | 84.328 | 98.989 | 99.494 | 91.293 | 91.293 |
|        -999       | 84.277 | 99.039 | 99.596 | 91.276 | 91.276 |
|         0         | 84.277 | 99.039 | 99.596 | 91.276 | 91.276 |
|         1         | 84.580 | 99.039 | 99.596 | 91.427 | 91.427 |
+-------------------+--------+--------+--------+--------+--------+
     logs:  {'epo': 1, 'R1': 84.58, 'R5': 99.039, 'R10': 99.596, 'mAP': 91.427, 'mINP': 91.427, 'entropy': 0.348474, 'uncertainty': 2.23151, 'uncertainty_coeffi': 0.01, 'loss': 0.225687, 'lr': 9e-06}
      TTA Epoch: [2] [ 0/61]  eta: 0:00:31  entropy: 0.4009  uncertainty: 1.7849  uncertainty_coeffi: 0.0100  loss: 0.2709  lr: 0.000012  time: 0.5150  data: 0.4244  max mem: 2718
      TTA Epoch: [2] [60/61]  eta: 0:00:00  entropy: 0.3478  uncertainty: 2.3454  uncertainty_coeffi: 0.0100  loss: 0.2187  lr: 0.000018  time: 0.0437  data: 0.0017  max mem: 2718
      TTA Epoch: [2] Total time: 0:00:03 (0.0582 s / it)
     Averaged stats: entropy: 0.3400  uncertainty: 2.2237  uncertainty_coeffi: 0.0100  loss: 0.2196  lr: 0.0000
     itm tta time 0:00:03
     Computing matching score
      Evaluation: [   0/1978]  eta: 0:01:36    time: 0.0489  data: 0.0021  max mem: 2718
      Evaluation: [ 100/1978]  eta: 0:01:17    time: 0.0412  data: 0.0000  max mem: 2718
      Evaluation: [ 200/1978]  eta: 0:01:13    time: 0.0414  data: 0.0000  max mem: 2718
      Evaluation: [ 300/1978]  eta: 0:01:09    time: 0.0412  data: 0.0000  max mem: 2718
      Evaluation: [ 400/1978]  eta: 0:01:05    time: 0.0412  data: 0.0000  max mem: 2718
      Evaluation: [ 500/1978]  eta: 0:01:01    time: 0.0412  data: 0.0000  max mem: 2718
      Evaluation: [ 600/1978]  eta: 0:00:57    time: 0.0413  data: 0.0000  max mem: 2718
      Evaluation: [ 700/1978]  eta: 0:00:52    time: 0.0412  data: 0.0000  max mem: 2718
      Evaluation: [ 800/1978]  eta: 0:00:48    time: 0.0415  data: 0.0000  max mem: 2718
      Evaluation: [ 900/1978]  eta: 0:00:44    time: 0.0413  data: 0.0000  max mem: 2718
      Evaluation: [1000/1978]  eta: 0:00:40    time: 0.0413  data: 0.0000  max mem: 2718
      Evaluation: [1100/1978]  eta: 0:00:36    time: 0.0413  data: 0.0000  max mem: 2718
      Evaluation: [1200/1978]  eta: 0:00:32    time: 0.0414  data: 0.0000  max mem: 2718
      Evaluation: [1300/1978]  eta: 0:00:28    time: 0.0413  data: 0.0000  max mem: 2718
      Evaluation: [1400/1978]  eta: 0:00:23    time: 0.0414  data: 0.0000  max mem: 2718
      Evaluation: [1500/1978]  eta: 0:00:19    time: 0.0416  data: 0.0000  max mem: 2718
      Evaluation: [1600/1978]  eta: 0:00:15    time: 0.0413  data: 0.0000  max mem: 2718
      Evaluation: [1700/1978]  eta: 0:00:11    time: 0.0413  data: 0.0000  max mem: 2718
      Evaluation: [1800/1978]  eta: 0:00:07    time: 0.0418  data: 0.0000  max mem: 2718
      Evaluation: [1900/1978]  eta: 0:00:03    time: 0.0412  data: 0.0000  max mem: 2718
      Evaluation: [1977/1978]  eta: 0:00:00    time: 0.0414  data: 0.0000  max mem: 2718
      Evaluation: Total time: 0:01:21 (0.0414 s / it)
     Computing matching score time 0:01:22
### TTA ITM Score: 
+-------------------+--------+--------+--------+--------+--------+
|       epoch       |   R1   |   R5   |  R10   |  mAP   |  mINP  |
+-------------------+--------+--------+--------+--------+--------+
|  cos_sim_wo/norm  | 58.544 | 91.860 | 95.703 | 73.596 | 73.596 |
|        -999       | 69.414 | 95.197 | 97.776 | 81.233 | 81.233 |
| itm_score_wo/norm | 84.328 | 98.989 | 99.494 | 91.293 | 91.293 |
|        -999       | 84.277 | 99.039 | 99.596 | 91.276 | 91.276 |
|         0         | 84.277 | 99.039 | 99.596 | 91.276 | 91.276 |
|         1         | 84.580 | 99.039 | 99.596 | 91.427 | 91.427 |
|         2         | 84.681 | 98.989 | 99.596 | 91.454 | 91.454 |
+-------------------+--------+--------+--------+--------+--------+
     logs:  {'epo': 2, 'R1': 84.681, 'R5': 98.989, 'R10': 99.596, 'mAP': 91.454, 'mINP': 91.454, 'entropy': 0.340011, 'uncertainty': 2.223666, 'uncertainty_coeffi': 0.01, 'loss': 0.219573, 'lr': 1.5e-05}
      TTA Epoch: [3] [ 0/61]  eta: 0:00:31  entropy: 0.3601  uncertainty: 1.5164  uncertainty_coeffi: 0.0100  loss: 0.2639  lr: 0.000018  time: 0.5185  data: 0.4149  max mem: 2718
      TTA Epoch: [3] [60/61]  eta: 0:00:00  entropy: 0.2689  uncertainty: 2.2262  uncertainty_coeffi: 0.0100  loss: 0.1606  lr: 0.000024  time: 0.0421  data: 0.0011  max mem: 2718
      TTA Epoch: [3] Total time: 0:00:03 (0.0586 s / it)
     Averaged stats: entropy: 0.3295  uncertainty: 2.2313  uncertainty_coeffi: 0.0100  loss: 0.2126  lr: 0.0000
     itm tta time 0:00:03
      TTA Epoch: [4] [ 0/61]  eta: 0:00:29  entropy: 0.3426  uncertainty: 2.9127  uncertainty_coeffi: 0.0100  loss: 0.1713  lr: 0.000024  time: 0.4903  data: 0.4126  max mem: 2718
      TTA Epoch: [4] [60/61]  eta: 0:00:00  entropy: 0.3080  uncertainty: 2.2543  uncertainty_coeffi: 0.0100  loss: 0.1949  lr: 0.000030  time: 0.0420  data: 0.0016  max mem: 2718
      TTA Epoch: [4] Total time: 0:00:03 (0.0578 s / it)
     Averaged stats: entropy: 0.3147  uncertainty: 2.2303  uncertainty_coeffi: 0.0100  loss: 0.2010  lr: 0.0000
     itm tta time 0:00:03
     Computing matching score
      Evaluation: [   0/1978]  eta: 0:01:38    time: 0.0497  data: 0.0032  max mem: 2718
      Evaluation: [ 100/1978]  eta: 0:01:17    time: 0.0412  data: 0.0000  max mem: 2718
      Evaluation: [ 200/1978]  eta: 0:01:13    time: 0.0411  data: 0.0000  max mem: 2718
      Evaluation: [ 300/1978]  eta: 0:01:09    time: 0.0413  data: 0.0000  max mem: 2718
      Evaluation: [ 400/1978]  eta: 0:01:05    time: 0.0412  data: 0.0000  max mem: 2718
      Evaluation: [ 500/1978]  eta: 0:01:00    time: 0.0411  data: 0.0000  max mem: 2718
      Evaluation: [ 600/1978]  eta: 0:00:56    time: 0.0411  data: 0.0000  max mem: 2718
      Evaluation: [ 700/1978]  eta: 0:00:52    time: 0.0413  data: 0.0000  max mem: 2718
      Evaluation: [ 800/1978]  eta: 0:00:48    time: 0.0412  data: 0.0000  max mem: 2718
      Evaluation: [ 900/1978]  eta: 0:00:44    time: 0.0412  data: 0.0000  max mem: 2718
      Evaluation: [1000/1978]  eta: 0:00:40    time: 0.0414  data: 0.0000  max mem: 2718
      Evaluation: [1100/1978]  eta: 0:00:36    time: 0.0412  data: 0.0000  max mem: 2718
      Evaluation: [1200/1978]  eta: 0:00:32    time: 0.0413  data: 0.0000  max mem: 2718
      Evaluation: [1300/1978]  eta: 0:00:27    time: 0.0413  data: 0.0000  max mem: 2718
      Evaluation: [1400/1978]  eta: 0:00:23    time: 0.0411  data: 0.0000  max mem: 2718
      Evaluation: [1500/1978]  eta: 0:00:19    time: 0.0412  data: 0.0000  max mem: 2718
      Evaluation: [1600/1978]  eta: 0:00:15    time: 0.0413  data: 0.0000  max mem: 2718
      Evaluation: [1700/1978]  eta: 0:00:11    time: 0.0412  data: 0.0000  max mem: 2718
      Evaluation: [1800/1978]  eta: 0:00:07    time: 0.0413  data: 0.0000  max mem: 2718
      Evaluation: [1900/1978]  eta: 0:00:03    time: 0.0413  data: 0.0000  max mem: 2718
      Evaluation: [1977/1978]  eta: 0:00:00    time: 0.0412  data: 0.0000  max mem: 2718
      Evaluation: Total time: 0:01:21 (0.0413 s / it)
     Computing matching score time 0:01:21
### TTA ITM Score: 
+-------------------+--------+--------+--------+--------+--------+
|       epoch       |   R1   |   R5   |  R10   |  mAP   |  mINP  |
+-------------------+--------+--------+--------+--------+--------+
|  cos_sim_wo/norm  | 58.544 | 91.860 | 95.703 | 73.596 | 73.596 |
|        -999       | 69.414 | 95.197 | 97.776 | 81.233 | 81.233 |
| itm_score_wo/norm | 84.328 | 98.989 | 99.494 | 91.293 | 91.293 |
|        -999       | 84.277 | 99.039 | 99.596 | 91.276 | 91.276 |
|         0         | 84.277 | 99.039 | 99.596 | 91.276 | 91.276 |
|         1         | 84.580 | 99.039 | 99.596 | 91.427 | 91.427 |
|         2         | 84.681 | 98.989 | 99.596 | 91.454 | 91.454 |
|         4         | 84.833 | 98.888 | 99.545 | 91.505 | 91.505 |
+-------------------+--------+--------+--------+--------+--------+
     logs:  {'epo': 4, 'R1': 84.833, 'R5': 98.888, 'R10': 99.545, 'mAP': 91.505, 'mINP': 91.505, 'entropy': 0.314699, 'uncertainty': 2.230277, 'uncertainty_coeffi': 0.01, 'loss': 0.201037, 'lr': 2.7e-05}
      TTA Epoch: [5] [ 0/61]  eta: 0:00:28  entropy: 0.3157  uncertainty: 2.0319  uncertainty_coeffi: 0.0100  loss: 0.2315  lr: 0.000031  time: 0.4743  data: 0.3482  max mem: 2718
      TTA Epoch: [5] [60/61]  eta: 0:00:00  entropy: 0.2450  uncertainty: 2.4291  uncertainty_coeffi: 0.0100  loss: 0.1726  lr: 0.000037  time: 0.0421  data: 0.0042  max mem: 2718
      TTA Epoch: [5] Total time: 0:00:03 (0.0586 s / it)
     Averaged stats: entropy: 0.2998  uncertainty: 2.2097  uncertainty_coeffi: 0.0100  loss: 0.1920  lr: 0.0000
     itm tta time 0:00:03
      TTA Epoch: [6] [ 0/61]  eta: 0:00:29  entropy: 0.3504  uncertainty: 2.1391  uncertainty_coeffi: 0.0100  loss: 0.2100  lr: 0.000037  time: 0.4829  data: 0.3880  max mem: 2718
      TTA Epoch: [6] [60/61]  eta: 0:00:00  entropy: 0.2854  uncertainty: 2.4871  uncertainty_coeffi: 0.0100  loss: 0.1542  lr: 0.000043  time: 0.0422  data: 0.0018  max mem: 2718
      TTA Epoch: [6] Total time: 0:00:03 (0.0580 s / it)
     Averaged stats: entropy: 0.2836  uncertainty: 2.2245  uncertainty_coeffi: 0.0100  loss: 0.1787  lr: 0.0000
     itm tta time 0:00:03
      TTA Epoch: [7] [ 0/61]  eta: 0:00:30  entropy: 0.2712  uncertainty: 2.1050  uncertainty_coeffi: 0.0100  loss: 0.1646  lr: 0.000043  time: 0.5042  data: 0.4101  max mem: 2718
      TTA Epoch: [7] [60/61]  eta: 0:00:00  entropy: 0.1670  uncertainty: 1.8843  uncertainty_coeffi: 0.0100  loss: 0.1084  lr: 0.000049  time: 0.0411  data: 0.0021  max mem: 2718
      TTA Epoch: [7] Total time: 0:00:03 (0.0579 s / it)
     Averaged stats: entropy: 0.2704  uncertainty: 2.2204  uncertainty_coeffi: 0.0100  loss: 0.1690  lr: 0.0000
     itm tta time 0:00:03
      TTA Epoch: [8] [ 0/61]  eta: 0:00:30  entropy: 0.2954  uncertainty: 2.1945  uncertainty_coeffi: 0.0100  loss: 0.2173  lr: 0.000049  time: 0.4938  data: 0.4230  max mem: 2718
      TTA Epoch: [8] [60/61]  eta: 0:00:00  entropy: 0.2159  uncertainty: 2.3460  uncertainty_coeffi: 0.0100  loss: 0.1578  lr: 0.000049  time: 0.0427  data: 0.0031  max mem: 2718
      TTA Epoch: [8] Total time: 0:00:03 (0.0581 s / it)
     Averaged stats: entropy: 0.2569  uncertainty: 2.2221  uncertainty_coeffi: 0.0100  loss: 0.1610  lr: 0.0000
     itm tta time 0:00:03
      TTA Epoch: [9] [ 0/61]  eta: 0:00:28  entropy: 0.2221  uncertainty: 2.1228  uncertainty_coeffi: 0.0100  loss: 0.1533  lr: 0.000049  time: 0.4635  data: 0.3490  max mem: 2718
      TTA Epoch: [9] [60/61]  eta: 0:00:00  entropy: 0.1999  uncertainty: 2.0169  uncertainty_coeffi: 0.0100  loss: 0.1755  lr: 0.000048  time: 0.0432  data: 0.0059  max mem: 2718
      TTA Epoch: [9] Total time: 0:00:03 (0.0581 s / it)
     Averaged stats: entropy: 0.2445  uncertainty: 2.2289  uncertainty_coeffi: 0.0100  loss: 0.1535  lr: 0.0000
     itm tta time 0:00:03
     Computing matching score
      Evaluation: [   0/1978]  eta: 0:01:38    time: 0.0497  data: 0.0031  max mem: 2718
      Evaluation: [ 100/1978]  eta: 0:01:17    time: 0.0410  data: 0.0000  max mem: 2718
      Evaluation: [ 200/1978]  eta: 0:01:13    time: 0.0413  data: 0.0000  max mem: 2718
      Evaluation: [ 300/1978]  eta: 0:01:09    time: 0.0410  data: 0.0000  max mem: 2718
      Evaluation: [ 400/1978]  eta: 0:01:04    time: 0.0411  data: 0.0000  max mem: 2718
      Evaluation: [ 500/1978]  eta: 0:01:00    time: 0.0415  data: 0.0000  max mem: 2718
      Evaluation: [ 600/1978]  eta: 0:00:56    time: 0.0410  data: 0.0000  max mem: 2718
      Evaluation: [ 700/1978]  eta: 0:00:52    time: 0.0412  data: 0.0000  max mem: 2718
      Evaluation: [ 800/1978]  eta: 0:00:48    time: 0.0414  data: 0.0000  max mem: 2718
      Evaluation: [ 900/1978]  eta: 0:00:44    time: 0.0411  data: 0.0000  max mem: 2718
      Evaluation: [1000/1978]  eta: 0:00:40    time: 0.0411  data: 0.0000  max mem: 2718
      Evaluation: [1100/1978]  eta: 0:00:36    time: 0.0415  data: 0.0000  max mem: 2718
      Evaluation: [1200/1978]  eta: 0:00:32    time: 0.0412  data: 0.0000  max mem: 2718
      Evaluation: [1300/1978]  eta: 0:00:27    time: 0.0413  data: 0.0000  max mem: 2718
      Evaluation: [1400/1978]  eta: 0:00:23    time: 0.0415  data: 0.0000  max mem: 2718
      Evaluation: [1500/1978]  eta: 0:00:19    time: 0.0411  data: 0.0000  max mem: 2718
      Evaluation: [1600/1978]  eta: 0:00:15    time: 0.0411  data: 0.0000  max mem: 2718
      Evaluation: [1700/1978]  eta: 0:00:11    time: 0.0415  data: 0.0000  max mem: 2718
      Evaluation: [1800/1978]  eta: 0:00:07    time: 0.0411  data: 0.0000  max mem: 2718
      Evaluation: [1900/1978]  eta: 0:00:03    time: 0.0411  data: 0.0000  max mem: 2718
      Evaluation: [1977/1978]  eta: 0:00:00    time: 0.0418  data: 0.0000  max mem: 2718
      Evaluation: Total time: 0:01:21 (0.0413 s / it)
     Computing matching score time 0:01:21
### TTA ITM Score: 
+-------------------+--------+--------+--------+--------+--------+
|       epoch       |   R1   |   R5   |  R10   |  mAP   |  mINP  |
+-------------------+--------+--------+--------+--------+--------+
|  cos_sim_wo/norm  | 58.544 | 91.860 | 95.703 | 73.596 | 73.596 |
|        -999       | 69.414 | 95.197 | 97.776 | 81.233 | 81.233 |
| itm_score_wo/norm | 84.328 | 98.989 | 99.494 | 91.293 | 91.293 |
|        -999       | 84.277 | 99.039 | 99.596 | 91.276 | 91.276 |
|         0         | 84.277 | 99.039 | 99.596 | 91.276 | 91.276 |
|         1         | 84.580 | 99.039 | 99.596 | 91.427 | 91.427 |
|         2         | 84.681 | 98.989 | 99.596 | 91.454 | 91.454 |
|         4         | 84.833 | 98.888 | 99.545 | 91.505 | 91.505 |
|         9         | 84.580 | 98.736 | 99.343 | 91.296 | 91.296 |
+-------------------+--------+--------+--------+--------+--------+
     logs:  {'epo': 9, 'R1': 84.58, 'R5': 98.736, 'R10': 99.343, 'mAP': 91.296, 'mINP': 91.296, 'entropy': 0.244502, 'uncertainty': 2.228873, 'uncertainty_coeffi': 0.01, 'loss': 0.153543, 'lr': 4.9e-05}
      TTA Epoch: [10] [ 0/61]  eta: 0:00:27  entropy: 0.2571  uncertainty: 2.1390  uncertainty_coeffi: 0.0100  loss: 0.1863  lr: 0.000048  time: 0.4480  data: 0.3165  max mem: 2718
      TTA Epoch: [10] [60/61]  eta: 0:00:00  entropy: 0.0583  uncertainty: 2.0666  uncertainty_coeffi: 0.0100  loss: 0.0434  lr: 0.000047  time: 0.0416  data: 0.0025  max mem: 2718
      TTA Epoch: [10] Total time: 0:00:03 (0.0585 s / it)
     Averaged stats: entropy: 0.2354  uncertainty: 2.2322  uncertainty_coeffi: 0.0100  loss: 0.1465  lr: 0.0000
     itm tta time 0:00:03
      TTA Epoch: [11] [ 0/61]  eta: 0:00:28  entropy: 0.3174  uncertainty: 1.9595  uncertainty_coeffi: 0.0100  loss: 0.2148  lr: 0.000047  time: 0.4645  data: 0.3302  max mem: 2718
      TTA Epoch: [11] [60/61]  eta: 0:00:00  entropy: 0.2089  uncertainty: 2.4927  uncertainty_coeffi: 0.0100  loss: 0.1272  lr: 0.000046  time: 0.0443  data: 0.0029  max mem: 2718
      TTA Epoch: [11] Total time: 0:00:03 (0.0582 s / it)
     Averaged stats: entropy: 0.2302  uncertainty: 2.2273  uncertainty_coeffi: 0.0100  loss: 0.1414  lr: 0.0000
     itm tta time 0:00:03
      TTA Epoch: [12] [ 0/61]  eta: 0:00:26  entropy: 0.2295  uncertainty: 2.1593  uncertainty_coeffi: 0.0100  loss: 0.1590  lr: 0.000046  time: 0.4402  data: 0.3118  max mem: 2718
      TTA Epoch: [12] [60/61]  eta: 0:00:00  entropy: 0.2525  uncertainty: 2.1360  uncertainty_coeffi: 0.0100  loss: 0.1637  lr: 0.000045  time: 0.0428  data: 0.0030  max mem: 2718
      TTA Epoch: [12] Total time: 0:00:03 (0.0582 s / it)
     Averaged stats: entropy: 0.2199  uncertainty: 2.2251  uncertainty_coeffi: 0.0100  loss: 0.1365  lr: 0.0000
     itm tta time 0:00:03
      TTA Epoch: [13] [ 0/61]  eta: 0:00:33  entropy: 0.1848  uncertainty: 2.4976  uncertainty_coeffi: 0.0100  loss: 0.0947  lr: 0.000045  time: 0.5451  data: 0.4259  max mem: 2718
      TTA Epoch: [13] [60/61]  eta: 0:00:00  entropy: 0.2907  uncertainty: 2.0687  uncertainty_coeffi: 0.0100  loss: 0.1943  lr: 0.000045  time: 0.0464  data: 0.0018  max mem: 2718
      TTA Epoch: [13] Total time: 0:00:03 (0.0626 s / it)
     Averaged stats: entropy: 0.2174  uncertainty: 2.2215  uncertainty_coeffi: 0.0100  loss: 0.1338  lr: 0.0000
     itm tta time 0:00:03
      TTA Epoch: [14] [ 0/61]  eta: 0:00:31  entropy: 0.1726  uncertainty: 2.2185  uncertainty_coeffi: 0.0100  loss: 0.1027  lr: 0.000044  time: 0.5189  data: 0.3818  max mem: 2718
      TTA Epoch: [14] [60/61]  eta: 0:00:00  entropy: 0.1146  uncertainty: 1.7709  uncertainty_coeffi: 0.0100  loss: 0.1035  lr: 0.000044  time: 0.0460  data: 0.0013  max mem: 2718
      TTA Epoch: [14] Total time: 0:00:03 (0.0629 s / it)
     Averaged stats: entropy: 0.2051  uncertainty: 2.2235  uncertainty_coeffi: 0.0100  loss: 0.1270  lr: 0.0000
     itm tta time 0:00:03
     Computing matching score
      Evaluation: [   0/1978]  eta: 0:01:44    time: 0.0530  data: 0.0034  max mem: 2718
      Evaluation: [ 100/1978]  eta: 0:01:23    time: 0.0442  data: 0.0000  max mem: 2718
      Evaluation: [ 200/1978]  eta: 0:01:18    time: 0.0444  data: 0.0000  max mem: 2718
      Evaluation: [ 300/1978]  eta: 0:01:14    time: 0.0444  data: 0.0000  max mem: 2718
      Evaluation: [ 400/1978]  eta: 0:01:09    time: 0.0444  data: 0.0000  max mem: 2718
      Evaluation: [ 500/1978]  eta: 0:01:05    time: 0.0444  data: 0.0000  max mem: 2718
      Evaluation: [ 600/1978]  eta: 0:01:01    time: 0.0446  data: 0.0000  max mem: 2718
      Evaluation: [ 700/1978]  eta: 0:00:56    time: 0.0442  data: 0.0000  max mem: 2718
      Evaluation: [ 800/1978]  eta: 0:00:52    time: 0.0443  data: 0.0000  max mem: 2718
      Evaluation: [ 900/1978]  eta: 0:00:47    time: 0.0442  data: 0.0000  max mem: 2718
      Evaluation: [1000/1978]  eta: 0:00:43    time: 0.0440  data: 0.0000  max mem: 2718
      Evaluation: [1100/1978]  eta: 0:00:38    time: 0.0440  data: 0.0000  max mem: 2718
      Evaluation: [1200/1978]  eta: 0:00:34    time: 0.0428  data: 0.0000  max mem: 2718
      Evaluation: [1300/1978]  eta: 0:00:29    time: 0.0414  data: 0.0000  max mem: 2718
      Evaluation: [1400/1978]  eta: 0:00:25    time: 0.0413  data: 0.0000  max mem: 2718
      Evaluation: [1500/1978]  eta: 0:00:20    time: 0.0437  data: 0.0000  max mem: 2718
      Evaluation: [1600/1978]  eta: 0:00:16    time: 0.0432  data: 0.0000  max mem: 2718
      Evaluation: [1700/1978]  eta: 0:00:12    time: 0.0415  data: 0.0000  max mem: 2718
      Evaluation: [1800/1978]  eta: 0:00:07    time: 0.0414  data: 0.0000  max mem: 2718
      Evaluation: [1900/1978]  eta: 0:00:03    time: 0.0413  data: 0.0000  max mem: 2718
      Evaluation: [1977/1978]  eta: 0:00:00    time: 0.0416  data: 0.0000  max mem: 2718
      Evaluation: Total time: 0:01:25 (0.0434 s / it)
     Computing matching score time 0:01:25
### TTA ITM Score: 
+-------------------+--------+--------+--------+--------+--------+
|       epoch       |   R1   |   R5   |  R10   |  mAP   |  mINP  |
+-------------------+--------+--------+--------+--------+--------+
|  cos_sim_wo/norm  | 58.544 | 91.860 | 95.703 | 73.596 | 73.596 |
|        -999       | 69.414 | 95.197 | 97.776 | 81.233 | 81.233 |
| itm_score_wo/norm | 84.328 | 98.989 | 99.494 | 91.293 | 91.293 |
|        -999       | 84.277 | 99.039 | 99.596 | 91.276 | 91.276 |
|         0         | 84.277 | 99.039 | 99.596 | 91.276 | 91.276 |
|         1         | 84.580 | 99.039 | 99.596 | 91.427 | 91.427 |
|         2         | 84.681 | 98.989 | 99.596 | 91.454 | 91.454 |
|         4         | 84.833 | 98.888 | 99.545 | 91.505 | 91.505 |
|         9         | 84.580 | 98.736 | 99.343 | 91.296 | 91.296 |
|         14        | 84.479 | 98.584 | 99.191 | 91.195 | 91.195 |
+-------------------+--------+--------+--------+--------+--------+
     logs:  {'epo': 14, 'R1': 84.479, 'R5': 98.584, 'R10': 99.191, 'mAP': 91.195, 'mINP': 91.195, 'entropy': 0.205063, 'uncertainty': 2.223525, 'uncertainty_coeffi': 0.01, 'loss': 0.126978, 'lr': 4.4e-05}
      TTA Epoch: [15] [ 0/61]  eta: 0:00:31  entropy: 0.1870  uncertainty: 2.3902  uncertainty_coeffi: 0.0100  loss: 0.1146  lr: 0.000044  time: 0.5213  data: 0.4467  max mem: 2718
      TTA Epoch: [15] [60/61]  eta: 0:00:00  entropy: 0.1800  uncertainty: 2.0834  uncertainty_coeffi: 0.0100  loss: 0.1214  lr: 0.000043  time: 0.0446  data: 0.0008  max mem: 2718
      TTA Epoch: [15] Total time: 0:00:03 (0.0581 s / it)
     Averaged stats: entropy: 0.2037  uncertainty: 2.2148  uncertainty_coeffi: 0.0100  loss: 0.1263  lr: 0.0000
     itm tta time 0:00:03
      TTA Epoch: [16] [ 0/61]  eta: 0:00:29  entropy: 0.2079  uncertainty: 2.4132  uncertainty_coeffi: 0.0100  loss: 0.0950  lr: 0.000043  time: 0.4812  data: 0.3527  max mem: 2718
      TTA Epoch: [16] [60/61]  eta: 0:00:00  entropy: 0.1468  uncertainty: 2.2837  uncertainty_coeffi: 0.0100  loss: 0.1071  lr: 0.000042  time: 0.0420  data: 0.0001  max mem: 2718
      TTA Epoch: [16] Total time: 0:00:03 (0.0582 s / it)
     Averaged stats: entropy: 0.1939  uncertainty: 2.2269  uncertainty_coeffi: 0.0100  loss: 0.1215  lr: 0.0000
     itm tta time 0:00:03
      TTA Epoch: [17] [ 0/61]  eta: 0:00:26  entropy: 0.2467  uncertainty: 2.1341  uncertainty_coeffi: 0.0100  loss: 0.1409  lr: 0.000042  time: 0.4290  data: 0.3327  max mem: 2718
      TTA Epoch: [17] [60/61]  eta: 0:00:00  entropy: 0.2823  uncertainty: 1.6610  uncertainty_coeffi: 0.0100  loss: 0.2092  lr: 0.000041  time: 0.0425  data: 0.0033  max mem: 2718
      TTA Epoch: [17] Total time: 0:00:03 (0.0582 s / it)
     Averaged stats: entropy: 0.1936  uncertainty: 2.2173  uncertainty_coeffi: 0.0100  loss: 0.1202  lr: 0.0000
     itm tta time 0:00:03
      TTA Epoch: [18] [ 0/61]  eta: 0:00:31  entropy: 0.2473  uncertainty: 2.6151  uncertainty_coeffi: 0.0100  loss: 0.1312  lr: 0.000041  time: 0.5203  data: 0.4470  max mem: 2718
      TTA Epoch: [18] [60/61]  eta: 0:00:00  entropy: 0.1758  uncertainty: 1.9300  uncertainty_coeffi: 0.0100  loss: 0.1242  lr: 0.000040  time: 0.0418  data: 0.0011  max mem: 2718
      TTA Epoch: [18] Total time: 0:00:03 (0.0584 s / it)
     Averaged stats: entropy: 0.1870  uncertainty: 2.2304  uncertainty_coeffi: 0.0100  loss: 0.1168  lr: 0.0000
     itm tta time 0:00:03
      TTA Epoch: [19] [ 0/61]  eta: 0:00:25  entropy: 0.1262  uncertainty: 2.1348  uncertainty_coeffi: 0.0100  loss: 0.0888  lr: 0.000040  time: 0.4152  data: 0.2922  max mem: 2718
      TTA Epoch: [19] [60/61]  eta: 0:00:00  entropy: 0.0521  uncertainty: 2.0557  uncertainty_coeffi: 0.0100  loss: 0.0412  lr: 0.000039  time: 0.0422  data: 0.0009  max mem: 2718
      TTA Epoch: [19] Total time: 0:00:03 (0.0580 s / it)
     Averaged stats: entropy: 0.1858  uncertainty: 2.2304  uncertainty_coeffi: 0.0100  loss: 0.1163  lr: 0.0000
     itm tta time 0:00:03
     Computing matching score
      Evaluation: [   0/1978]  eta: 0:01:33    time: 0.0474  data: 0.0032  max mem: 2718
      Evaluation: [ 100/1978]  eta: 0:01:17    time: 0.0410  data: 0.0000  max mem: 2718
      Evaluation: [ 200/1978]  eta: 0:01:13    time: 0.0411  data: 0.0000  max mem: 2718
      Evaluation: [ 300/1978]  eta: 0:01:09    time: 0.0417  data: 0.0000  max mem: 2718
      Evaluation: [ 400/1978]  eta: 0:01:04    time: 0.0411  data: 0.0000  max mem: 2718
      Evaluation: [ 500/1978]  eta: 0:01:00    time: 0.0410  data: 0.0000  max mem: 2718
      Evaluation: [ 600/1978]  eta: 0:00:56    time: 0.0418  data: 0.0000  max mem: 2718
      Evaluation: [ 700/1978]  eta: 0:00:52    time: 0.0412  data: 0.0000  max mem: 2718
      Evaluation: [ 800/1978]  eta: 0:00:48    time: 0.0411  data: 0.0000  max mem: 2718
      Evaluation: [ 900/1978]  eta: 0:00:44    time: 0.0416  data: 0.0000  max mem: 2718
      Evaluation: [1000/1978]  eta: 0:00:40    time: 0.0411  data: 0.0000  max mem: 2718
      Evaluation: [1100/1978]  eta: 0:00:36    time: 0.0413  data: 0.0000  max mem: 2718
      Evaluation: [1200/1978]  eta: 0:00:32    time: 0.0416  data: 0.0000  max mem: 2718
      Evaluation: [1300/1978]  eta: 0:00:27    time: 0.0412  data: 0.0000  max mem: 2718
      Evaluation: [1400/1978]  eta: 0:00:23    time: 0.0411  data: 0.0000  max mem: 2718
      Evaluation: [1500/1978]  eta: 0:00:19    time: 0.0415  data: 0.0000  max mem: 2718
      Evaluation: [1600/1978]  eta: 0:00:15    time: 0.0411  data: 0.0000  max mem: 2718
      Evaluation: [1700/1978]  eta: 0:00:11    time: 0.0415  data: 0.0000  max mem: 2718
      Evaluation: [1800/1978]  eta: 0:00:07    time: 0.0414  data: 0.0000  max mem: 2718
      Evaluation: [1900/1978]  eta: 0:00:03    time: 0.0412  data: 0.0000  max mem: 2718
      Evaluation: [1977/1978]  eta: 0:00:00    time: 0.0414  data: 0.0000  max mem: 2718
      Evaluation: Total time: 0:01:21 (0.0413 s / it)
     Computing matching score time 0:01:21
### TTA ITM Score: 
+-------------------+--------+--------+--------+--------+--------+
|       epoch       |   R1   |   R5   |  R10   |  mAP   |  mINP  |
+-------------------+--------+--------+--------+--------+--------+
|  cos_sim_wo/norm  | 58.544 | 91.860 | 95.703 | 73.596 | 73.596 |
|        -999       | 69.414 | 95.197 | 97.776 | 81.233 | 81.233 |
| itm_score_wo/norm | 84.328 | 98.989 | 99.494 | 91.293 | 91.293 |
|        -999       | 84.277 | 99.039 | 99.596 | 91.276 | 91.276 |
|         0         | 84.277 | 99.039 | 99.596 | 91.276 | 91.276 |
|         1         | 84.580 | 99.039 | 99.596 | 91.427 | 91.427 |
|         2         | 84.681 | 98.989 | 99.596 | 91.454 | 91.454 |
|         4         | 84.833 | 98.888 | 99.545 | 91.505 | 91.505 |
|         9         | 84.580 | 98.736 | 99.343 | 91.296 | 91.296 |
|         14        | 84.479 | 98.584 | 99.191 | 91.195 | 91.195 |
|         19        | 84.631 | 98.584 | 99.191 | 91.262 | 91.262 |
+-------------------+--------+--------+--------+--------+--------+
     logs:  {'epo': 19, 'R1': 84.631, 'R5': 98.584, 'R10': 99.191, 'mAP': 91.262, 'mINP': 91.262, 'entropy': 0.185759, 'uncertainty': 2.230403, 'uncertainty_coeffi': 0.01, 'loss': 0.116345, 'lr': 3.9e-05}
      TTA Epoch: [20] [ 0/61]  eta: 0:00:30  entropy: 0.1989  uncertainty: 1.9055  uncertainty_coeffi: 0.0100  loss: 0.1036  lr: 0.000039  time: 0.4992  data: 0.4083  max mem: 2718
      TTA Epoch: [20] [60/61]  eta: 0:00:00  entropy: 0.1823  uncertainty: 1.9697  uncertainty_coeffi: 0.0100  loss: 0.1132  lr: 0.000038  time: 0.0419  data: 0.0004  max mem: 2718
      TTA Epoch: [20] Total time: 0:00:03 (0.0583 s / it)
     Averaged stats: entropy: 0.1789  uncertainty: 2.2145  uncertainty_coeffi: 0.0100  loss: 0.1112  lr: 0.0000
     itm tta time 0:00:03
      TTA Epoch: [21] [ 0/61]  eta: 0:00:29  entropy: 0.1569  uncertainty: 2.1407  uncertainty_coeffi: 0.0100  loss: 0.0897  lr: 0.000038  time: 0.4894  data: 0.3986  max mem: 2718
      TTA Epoch: [21] [60/61]  eta: 0:00:00  entropy: 0.1859  uncertainty: 2.7638  uncertainty_coeffi: 0.0100  loss: 0.1396  lr: 0.000037  time: 0.0430  data: 0.0029  max mem: 2718
      TTA Epoch: [21] Total time: 0:00:03 (0.0584 s / it)
     Averaged stats: entropy: 0.1763  uncertainty: 2.2253  uncertainty_coeffi: 0.0100  loss: 0.1124  lr: 0.0000
     itm tta time 0:00:03
      TTA Epoch: [22] [ 0/61]  eta: 0:00:30  entropy: 0.1380  uncertainty: 1.9282  uncertainty_coeffi: 0.0100  loss: 0.0902  lr: 0.000037  time: 0.4990  data: 0.4259  max mem: 2718
      TTA Epoch: [22] [60/61]  eta: 0:00:00  entropy: 0.1261  uncertainty: 1.9843  uncertainty_coeffi: 0.0100  loss: 0.0835  lr: 0.000036  time: 0.0427  data: 0.0038  max mem: 2718
      TTA Epoch: [22] Total time: 0:00:03 (0.0582 s / it)
     Averaged stats: entropy: 0.1783  uncertainty: 2.2197  uncertainty_coeffi: 0.0100  loss: 0.1111  lr: 0.0000
     itm tta time 0:00:03
      TTA Epoch: [23] [ 0/61]  eta: 0:00:28  entropy: 0.1274  uncertainty: 2.3421  uncertainty_coeffi: 0.0100  loss: 0.0991  lr: 0.000036  time: 0.4752  data: 0.3525  max mem: 2718
      TTA Epoch: [23] [60/61]  eta: 0:00:00  entropy: 0.1451  uncertainty: 2.1875  uncertainty_coeffi: 0.0100  loss: 0.1142  lr: 0.000035  time: 0.0416  data: 0.0017  max mem: 2718
      TTA Epoch: [23] Total time: 0:00:03 (0.0581 s / it)
     Averaged stats: entropy: 0.1703  uncertainty: 2.2147  uncertainty_coeffi: 0.0100  loss: 0.1073  lr: 0.0000
     itm tta time 0:00:03
      TTA Epoch: [24] [ 0/61]  eta: 0:00:29  entropy: 0.2253  uncertainty: 2.6128  uncertainty_coeffi: 0.0100  loss: 0.1077  lr: 0.000035  time: 0.4901  data: 0.3918  max mem: 2718
      TTA Epoch: [24] [60/61]  eta: 0:00:00  entropy: 0.2233  uncertainty: 2.5606  uncertainty_coeffi: 0.0100  loss: 0.1021  lr: 0.000034  time: 0.0425  data: 0.0037  max mem: 2718
      TTA Epoch: [24] Total time: 0:00:03 (0.0582 s / it)
     Averaged stats: entropy: 0.1650  uncertainty: 2.2273  uncertainty_coeffi: 0.0100  loss: 0.1046  lr: 0.0000
     itm tta time 0:00:03
      TTA Epoch: [25] [ 0/61]  eta: 0:00:26  entropy: 0.2088  uncertainty: 2.0063  uncertainty_coeffi: 0.0100  loss: 0.1330  lr: 0.000034  time: 0.4263  data: 0.2829  max mem: 2718
      TTA Epoch: [25] [60/61]  eta: 0:00:00  entropy: 0.2540  uncertainty: 1.8903  uncertainty_coeffi: 0.0100  loss: 0.1796  lr: 0.000033  time: 0.0443  data: 0.0031  max mem: 2718
      TTA Epoch: [25] Total time: 0:00:03 (0.0581 s / it)
     Averaged stats: entropy: 0.1668  uncertainty: 2.2205  uncertainty_coeffi: 0.0100  loss: 0.1049  lr: 0.0000
     itm tta time 0:00:03
      TTA Epoch: [26] [ 0/61]  eta: 0:00:28  entropy: 0.1789  uncertainty: 2.0514  uncertainty_coeffi: 0.0100  loss: 0.1176  lr: 0.000033  time: 0.4609  data: 0.3126  max mem: 2718
      TTA Epoch: [26] [60/61]  eta: 0:00:00  entropy: 0.0878  uncertainty: 2.3290  uncertainty_coeffi: 0.0100  loss: 0.0660  lr: 0.000032  time: 0.0432  data: 0.0015  max mem: 2718
      TTA Epoch: [26] Total time: 0:00:03 (0.0580 s / it)
     Averaged stats: entropy: 0.1607  uncertainty: 2.2187  uncertainty_coeffi: 0.0100  loss: 0.1029  lr: 0.0000
     itm tta time 0:00:03
      TTA Epoch: [27] [ 0/61]  eta: 0:00:30  entropy: 0.1593  uncertainty: 2.4429  uncertainty_coeffi: 0.0100  loss: 0.0911  lr: 0.000032  time: 0.4943  data: 0.4167  max mem: 2718
      TTA Epoch: [27] [60/61]  eta: 0:00:00  entropy: 0.0831  uncertainty: 2.3020  uncertainty_coeffi: 0.0100  loss: 0.0652  lr: 0.000031  time: 0.0434  data: 0.0025  max mem: 2718
      TTA Epoch: [27] Total time: 0:00:03 (0.0582 s / it)
     Averaged stats: entropy: 0.1583  uncertainty: 2.2182  uncertainty_coeffi: 0.0100  loss: 0.1018  lr: 0.0000
     itm tta time 0:00:03
      TTA Epoch: [28] [ 0/61]  eta: 0:00:28  entropy: 0.1467  uncertainty: 1.8976  uncertainty_coeffi: 0.0100  loss: 0.1077  lr: 0.000031  time: 0.4679  data: 0.3544  max mem: 2718
      TTA Epoch: [28] [60/61]  eta: 0:00:00  entropy: 0.1910  uncertainty: 2.6270  uncertainty_coeffi: 0.0100  loss: 0.0945  lr: 0.000030  time: 0.0428  data: 0.0039  max mem: 2718
      TTA Epoch: [28] Total time: 0:00:03 (0.0581 s / it)
     Averaged stats: entropy: 0.1596  uncertainty: 2.2253  uncertainty_coeffi: 0.0100  loss: 0.1011  lr: 0.0000
     itm tta time 0:00:03
      TTA Epoch: [29] [ 0/61]  eta: 0:00:27  entropy: 0.0689  uncertainty: 2.2945  uncertainty_coeffi: 0.0100  loss: 0.0601  lr: 0.000030  time: 0.4501  data: 0.3467  max mem: 2718
      TTA Epoch: [29] [60/61]  eta: 0:00:00  entropy: 0.1614  uncertainty: 2.2484  uncertainty_coeffi: 0.0100  loss: 0.1035  lr: 0.000029  time: 0.0421  data: 0.0019  max mem: 2718
      TTA Epoch: [29] Total time: 0:00:03 (0.0582 s / it)
     Averaged stats: entropy: 0.1525  uncertainty: 2.2183  uncertainty_coeffi: 0.0100  loss: 0.0972  lr: 0.0000
     itm tta time 0:00:03
     Computing matching score
      Evaluation: [   0/1978]  eta: 0:01:39    time: 0.0502  data: 0.0032  max mem: 2718
      Evaluation: [ 100/1978]  eta: 0:01:17    time: 0.0416  data: 0.0000  max mem: 2718
      Evaluation: [ 200/1978]  eta: 0:01:13    time: 0.0411  data: 0.0000  max mem: 2718
      Evaluation: [ 300/1978]  eta: 0:01:09    time: 0.0412  data: 0.0000  max mem: 2718
      Evaluation: [ 400/1978]  eta: 0:01:05    time: 0.0416  data: 0.0000  max mem: 2718
      Evaluation: [ 500/1978]  eta: 0:01:00    time: 0.0411  data: 0.0000  max mem: 2718
      Evaluation: [ 600/1978]  eta: 0:00:56    time: 0.0412  data: 0.0000  max mem: 2718
      Evaluation: [ 700/1978]  eta: 0:00:52    time: 0.0418  data: 0.0000  max mem: 2718
      Evaluation: [ 800/1978]  eta: 0:00:48    time: 0.0412  data: 0.0000  max mem: 2718
      Evaluation: [ 900/1978]  eta: 0:00:44    time: 0.0411  data: 0.0000  max mem: 2718
      Evaluation: [1000/1978]  eta: 0:00:40    time: 0.0417  data: 0.0000  max mem: 2718
      Evaluation: [1100/1978]  eta: 0:00:36    time: 0.0412  data: 0.0000  max mem: 2718
      Evaluation: [1200/1978]  eta: 0:00:32    time: 0.0413  data: 0.0000  max mem: 2718
      Evaluation: [1300/1978]  eta: 0:00:27    time: 0.0417  data: 0.0000  max mem: 2718
      Evaluation: [1400/1978]  eta: 0:00:23    time: 0.0412  data: 0.0000  max mem: 2718
      Evaluation: [1500/1978]  eta: 0:00:19    time: 0.0412  data: 0.0000  max mem: 2718
      Evaluation: [1600/1978]  eta: 0:00:15    time: 0.0417  data: 0.0000  max mem: 2718
      Evaluation: [1700/1978]  eta: 0:00:11    time: 0.0412  data: 0.0000  max mem: 2718
      Evaluation: [1800/1978]  eta: 0:00:07    time: 0.0412  data: 0.0000  max mem: 2718
      Evaluation: [1900/1978]  eta: 0:00:03    time: 0.0415  data: 0.0000  max mem: 2718
      Evaluation: [1977/1978]  eta: 0:00:00    time: 0.0413  data: 0.0000  max mem: 2718
      Evaluation: Total time: 0:01:21 (0.0413 s / it)
     Computing matching score time 0:01:21
### TTA ITM Score: 
+-------------------+--------+--------+--------+--------+--------+
|       epoch       |   R1   |   R5   |  R10   |  mAP   |  mINP  |
+-------------------+--------+--------+--------+--------+--------+
|  cos_sim_wo/norm  | 58.544 | 91.860 | 95.703 | 73.596 | 73.596 |
|        -999       | 69.414 | 95.197 | 97.776 | 81.233 | 81.233 |
| itm_score_wo/norm | 84.328 | 98.989 | 99.494 | 91.293 | 91.293 |
|        -999       | 84.277 | 99.039 | 99.596 | 91.276 | 91.276 |
|         0         | 84.277 | 99.039 | 99.596 | 91.276 | 91.276 |
|         1         | 84.580 | 99.039 | 99.596 | 91.427 | 91.427 |
|         2         | 84.681 | 98.989 | 99.596 | 91.454 | 91.454 |
|         4         | 84.833 | 98.888 | 99.545 | 91.505 | 91.505 |
|         9         | 84.580 | 98.736 | 99.343 | 91.296 | 91.296 |
|         14        | 84.479 | 98.584 | 99.191 | 91.195 | 91.195 |
|         19        | 84.631 | 98.584 | 99.191 | 91.262 | 91.262 |
|         29        | 84.530 | 98.584 | 99.292 | 91.253 | 91.253 |
+-------------------+--------+--------+--------+--------+--------+
     logs:  {'epo': 29, 'R1': 84.53, 'R5': 98.584, 'R10': 99.292, 'mAP': 91.253, 'mINP': 91.253, 'entropy': 0.152477, 'uncertainty': 2.21825, 'uncertainty_coeffi': 0.01, 'loss': 0.097235, 'lr': 3e-05}
      TTA Epoch: [30] [ 0/61]  eta: 0:00:32  entropy: 0.2023  uncertainty: 2.6460  uncertainty_coeffi: 0.0100  loss: 0.0858  lr: 0.000029  time: 0.5262  data: 0.4513  max mem: 2718
      TTA Epoch: [30] [60/61]  eta: 0:00:00  entropy: 0.2762  uncertainty: 2.8628  uncertainty_coeffi: 0.0100  loss: 0.1526  lr: 0.000028  time: 0.0414  data: 0.0022  max mem: 2718
      TTA Epoch: [30] Total time: 0:00:03 (0.0583 s / it)
     Averaged stats: entropy: 0.1525  uncertainty: 2.2233  uncertainty_coeffi: 0.0100  loss: 0.0973  lr: 0.0000
     itm tta time 0:00:03
      TTA Epoch: [31] [ 0/61]  eta: 0:00:29  entropy: 0.2042  uncertainty: 2.3392  uncertainty_coeffi: 0.0100  loss: 0.1292  lr: 0.000028  time: 0.4858  data: 0.4122  max mem: 2718
      TTA Epoch: [31] [60/61]  eta: 0:00:00  entropy: 0.1059  uncertainty: 2.0486  uncertainty_coeffi: 0.0100  loss: 0.0788  lr: 0.000027  time: 0.0416  data: 0.0029  max mem: 2718
      TTA Epoch: [31] Total time: 0:00:03 (0.0579 s / it)
     Averaged stats: entropy: 0.1543  uncertainty: 2.2157  uncertainty_coeffi: 0.0100  loss: 0.0986  lr: 0.0000
     itm tta time 0:00:03
      TTA Epoch: [32] [ 0/61]  eta: 0:00:27  entropy: 0.1726  uncertainty: 2.7152  uncertainty_coeffi: 0.0100  loss: 0.0973  lr: 0.000027  time: 0.4451  data: 0.3106  max mem: 2718
      TTA Epoch: [32] [60/61]  eta: 0:00:00  entropy: 0.1824  uncertainty: 2.1611  uncertainty_coeffi: 0.0100  loss: 0.1260  lr: 0.000013  time: 0.0416  data: 0.0030  max mem: 2718
      TTA Epoch: [32] Total time: 0:00:03 (0.0583 s / it)
     Averaged stats: entropy: 0.1515  uncertainty: 2.2179  uncertainty_coeffi: 0.0100  loss: 0.0977  lr: 0.0000
     itm tta time 0:00:03
      TTA Epoch: [33] [ 0/61]  eta: 0:00:29  entropy: 0.1142  uncertainty: 2.1110  uncertainty_coeffi: 0.0100  loss: 0.0989  lr: 0.000013  time: 0.4882  data: 0.3896  max mem: 2718
      TTA Epoch: [33] [60/61]  eta: 0:00:00  entropy: 0.1303  uncertainty: 2.2857  uncertainty_coeffi: 0.0100  loss: 0.0892  lr: 0.000013  time: 0.0417  data: 0.0011  max mem: 2718
      TTA Epoch: [33] Total time: 0:00:03 (0.0579 s / it)
     Averaged stats: entropy: 0.1500  uncertainty: 2.2131  uncertainty_coeffi: 0.0100  loss: 0.0966  lr: 0.0000
     itm tta time 0:00:03
      TTA Epoch: [34] [ 0/61]  eta: 0:00:29  entropy: 0.1580  uncertainty: 1.8855  uncertainty_coeffi: 0.0100  loss: 0.0937  lr: 0.000013  time: 0.4839  data: 0.3901  max mem: 2718
      TTA Epoch: [34] [60/61]  eta: 0:00:00  entropy: 0.1224  uncertainty: 2.1135  uncertainty_coeffi: 0.0100  loss: 0.0750  lr: 0.000012  time: 0.0411  data: 0.0030  max mem: 2718
      TTA Epoch: [34] Total time: 0:00:03 (0.0576 s / it)
     Averaged stats: entropy: 0.1513  uncertainty: 2.2118  uncertainty_coeffi: 0.0100  loss: 0.0955  lr: 0.0000
     itm tta time 0:00:03
      TTA Epoch: [35] [ 0/61]  eta: 0:00:31  entropy: 0.1298  uncertainty: 2.6865  uncertainty_coeffi: 0.0100  loss: 0.0977  lr: 0.000012  time: 0.5092  data: 0.4347  max mem: 2718
      TTA Epoch: [35] [60/61]  eta: 0:00:00  entropy: 0.0927  uncertainty: 2.7296  uncertainty_coeffi: 0.0100  loss: 0.0649  lr: 0.000012  time: 0.0434  data: 0.0030  max mem: 2718
      TTA Epoch: [35] Total time: 0:00:03 (0.0584 s / it)
     Averaged stats: entropy: 0.1472  uncertainty: 2.2258  uncertainty_coeffi: 0.0100  loss: 0.0959  lr: 0.0000
     itm tta time 0:00:03
      TTA Epoch: [36] [ 0/61]  eta: 0:00:33  entropy: 0.1392  uncertainty: 2.0650  uncertainty_coeffi: 0.0100  loss: 0.1031  lr: 0.000012  time: 0.5475  data: 0.4360  max mem: 2718
      TTA Epoch: [36] [60/61]  eta: 0:00:00  entropy: 0.1085  uncertainty: 2.3693  uncertainty_coeffi: 0.0100  loss: 0.0899  lr: 0.000011  time: 0.0418  data: 0.0017  max mem: 2718
      TTA Epoch: [36] Total time: 0:00:03 (0.0581 s / it)
     Averaged stats: entropy: 0.1485  uncertainty: 2.2140  uncertainty_coeffi: 0.0100  loss: 0.0957  lr: 0.0000
     itm tta time 0:00:03
      TTA Epoch: [37] [ 0/61]  eta: 0:00:28  entropy: 0.0970  uncertainty: 2.1477  uncertainty_coeffi: 0.0100  loss: 0.0808  lr: 0.000011  time: 0.4725  data: 0.3982  max mem: 2718
      TTA Epoch: [37] [60/61]  eta: 0:00:00  entropy: 0.1204  uncertainty: 2.5229  uncertainty_coeffi: 0.0100  loss: 0.0928  lr: 0.000011  time: 0.0421  data: 0.0011  max mem: 2718
      TTA Epoch: [37] Total time: 0:00:03 (0.0584 s / it)
     Averaged stats: entropy: 0.1465  uncertainty: 2.2244  uncertainty_coeffi: 0.0100  loss: 0.0945  lr: 0.0000
     itm tta time 0:00:03
      TTA Epoch: [38] [ 0/61]  eta: 0:00:29  entropy: 0.1727  uncertainty: 1.7901  uncertainty_coeffi: 0.0100  loss: 0.1158  lr: 0.000011  time: 0.4781  data: 0.3517  max mem: 2718
      TTA Epoch: [38] [60/61]  eta: 0:00:00  entropy: 0.1790  uncertainty: 2.4969  uncertainty_coeffi: 0.0100  loss: 0.1139  lr: 0.000010  time: 0.0421  data: 0.0003  max mem: 2718
      TTA Epoch: [38] Total time: 0:00:03 (0.0581 s / it)
     Averaged stats: entropy: 0.1476  uncertainty: 2.2242  uncertainty_coeffi: 0.0100  loss: 0.0958  lr: 0.0000
     itm tta time 0:00:03
      TTA Epoch: [39] [ 0/61]  eta: 0:00:32  entropy: 0.1601  uncertainty: 2.1707  uncertainty_coeffi: 0.0100  loss: 0.0797  lr: 0.000010  time: 0.5330  data: 0.4365  max mem: 2718
      TTA Epoch: [39] [60/61]  eta: 0:00:00  entropy: 0.1460  uncertainty: 1.7884  uncertainty_coeffi: 0.0100  loss: 0.1014  lr: 0.000010  time: 0.0423  data: 0.0018  max mem: 2718
      TTA Epoch: [39] Total time: 0:00:03 (0.0581 s / it)
     Averaged stats: entropy: 0.1469  uncertainty: 2.2196  uncertainty_coeffi: 0.0100  loss: 0.0944  lr: 0.0000
     itm tta time 0:00:03
     Computing matching score
      Evaluation: [   0/1978]  eta: 0:01:34    time: 0.0476  data: 0.0032  max mem: 2718
      Evaluation: [ 100/1978]  eta: 0:01:17    time: 0.0411  data: 0.0000  max mem: 2718
      Evaluation: [ 200/1978]  eta: 0:01:13    time: 0.0415  data: 0.0000  max mem: 2718
      Evaluation: [ 300/1978]  eta: 0:01:09    time: 0.0411  data: 0.0000  max mem: 2718
      Evaluation: [ 400/1978]  eta: 0:01:05    time: 0.0412  data: 0.0000  max mem: 2718
      Evaluation: [ 500/1978]  eta: 0:01:00    time: 0.0416  data: 0.0000  max mem: 2718
      Evaluation: [ 600/1978]  eta: 0:00:56    time: 0.0411  data: 0.0000  max mem: 2718
      Evaluation: [ 700/1978]  eta: 0:00:52    time: 0.0412  data: 0.0000  max mem: 2718
      Evaluation: [ 800/1978]  eta: 0:00:48    time: 0.0417  data: 0.0000  max mem: 2718
      Evaluation: [ 900/1978]  eta: 0:00:44    time: 0.0412  data: 0.0000  max mem: 2718
      Evaluation: [1000/1978]  eta: 0:00:40    time: 0.0412  data: 0.0000  max mem: 2718
      Evaluation: [1100/1978]  eta: 0:00:36    time: 0.0417  data: 0.0000  max mem: 2718
      Evaluation: [1200/1978]  eta: 0:00:32    time: 0.0412  data: 0.0000  max mem: 2718
      Evaluation: [1300/1978]  eta: 0:00:27    time: 0.0413  data: 0.0000  max mem: 2718
      Evaluation: [1400/1978]  eta: 0:00:23    time: 0.0418  data: 0.0000  max mem: 2718
      Evaluation: [1500/1978]  eta: 0:00:19    time: 0.0413  data: 0.0000  max mem: 2718
      Evaluation: [1600/1978]  eta: 0:00:15    time: 0.0412  data: 0.0000  max mem: 2718
      Evaluation: [1700/1978]  eta: 0:00:11    time: 0.0416  data: 0.0000  max mem: 2718
      Evaluation: [1800/1978]  eta: 0:00:07    time: 0.0412  data: 0.0000  max mem: 2718
      Evaluation: [1900/1978]  eta: 0:00:03    time: 0.0412  data: 0.0000  max mem: 2718
      Evaluation: [1977/1978]  eta: 0:00:00    time: 0.0413  data: 0.0000  max mem: 2718
      Evaluation: Total time: 0:01:21 (0.0413 s / it)
     Computing matching score time 0:01:21
### TTA ITM Score: 
+-------------------+--------+--------+--------+--------+--------+
|       epoch       |   R1   |   R5   |  R10   |  mAP   |  mINP  |
+-------------------+--------+--------+--------+--------+--------+
|  cos_sim_wo/norm  | 58.544 | 91.860 | 95.703 | 73.596 | 73.596 |
|        -999       | 69.414 | 95.197 | 97.776 | 81.233 | 81.233 |
| itm_score_wo/norm | 84.328 | 98.989 | 99.494 | 91.293 | 91.293 |
|        -999       | 84.277 | 99.039 | 99.596 | 91.276 | 91.276 |
|         0         | 84.277 | 99.039 | 99.596 | 91.276 | 91.276 |
|         1         | 84.580 | 99.039 | 99.596 | 91.427 | 91.427 |
|         2         | 84.681 | 98.989 | 99.596 | 91.454 | 91.454 |
|         4         | 84.833 | 98.888 | 99.545 | 91.505 | 91.505 |
|         9         | 84.580 | 98.736 | 99.343 | 91.296 | 91.296 |
|         14        | 84.479 | 98.584 | 99.191 | 91.195 | 91.195 |
|         19        | 84.631 | 98.584 | 99.191 | 91.262 | 91.262 |
|         29        | 84.530 | 98.584 | 99.292 | 91.253 | 91.253 |
|         39        | 84.631 | 98.635 | 99.292 | 91.327 | 91.327 |
+-------------------+--------+--------+--------+--------+--------+
     logs:  {'epo': 39, 'R1': 84.631, 'R5': 98.635, 'R10': 99.292, 'mAP': 91.327, 'mINP': 91.327, 'entropy': 0.146879, 'uncertainty': 2.21958, 'uncertainty_coeffi': 0.01, 'loss': 0.09436, 'lr': 1e-05}
      TTA Epoch: [40] [ 0/61]  eta: 0:00:31  entropy: 0.1184  uncertainty: 2.5705  uncertainty_coeffi: 0.0100  loss: 0.1036  lr: 0.000010  time: 0.5239  data: 0.4500  max mem: 2718
      TTA Epoch: [40] [60/61]  eta: 0:00:00  entropy: 0.1382  uncertainty: 2.4281  uncertainty_coeffi: 0.0100  loss: 0.0919  lr: 0.000009  time: 0.0440  data: 0.0024  max mem: 2718
      TTA Epoch: [40] Total time: 0:00:03 (0.0581 s / it)
     Averaged stats: entropy: 0.1444  uncertainty: 2.2254  uncertainty_coeffi: 0.0100  loss: 0.0935  lr: 0.0000
     itm tta time 0:00:03
      TTA Epoch: [41] [ 0/61]  eta: 0:00:22  entropy: 0.1612  uncertainty: 1.8657  uncertainty_coeffi: 0.0100  loss: 0.1146  lr: 0.000009  time: 0.3738  data: 0.2652  max mem: 2718
      TTA Epoch: [41] [60/61]  eta: 0:00:00  entropy: 0.1429  uncertainty: 2.1270  uncertainty_coeffi: 0.0100  loss: 0.1098  lr: 0.000009  time: 0.0422  data: 0.0014  max mem: 2718
      TTA Epoch: [41] Total time: 0:00:03 (0.0578 s / it)
     Averaged stats: entropy: 0.1432  uncertainty: 2.2160  uncertainty_coeffi: 0.0100  loss: 0.0917  lr: 0.0000
     itm tta time 0:00:03
      TTA Epoch: [42] [ 0/61]  eta: 0:00:31  entropy: 0.1858  uncertainty: 2.3223  uncertainty_coeffi: 0.0100  loss: 0.1163  lr: 0.000009  time: 0.5104  data: 0.4209  max mem: 2718
      TTA Epoch: [42] [60/61]  eta: 0:00:00  entropy: 0.1309  uncertainty: 1.8406  uncertainty_coeffi: 0.0100  loss: 0.0710  lr: 0.000009  time: 0.0423  data: 0.0008  max mem: 2718
      TTA Epoch: [42] Total time: 0:00:03 (0.0579 s / it)
     Averaged stats: entropy: 0.1457  uncertainty: 2.2219  uncertainty_coeffi: 0.0100  loss: 0.0937  lr: 0.0000
     itm tta time 0:00:03
      TTA Epoch: [43] [ 0/61]  eta: 0:00:29  entropy: 0.0931  uncertainty: 2.3599  uncertainty_coeffi: 0.0100  loss: 0.0763  lr: 0.000009  time: 0.4889  data: 0.4203  max mem: 2718
      TTA Epoch: [43] [60/61]  eta: 0:00:00  entropy: 0.0735  uncertainty: 1.7770  uncertainty_coeffi: 0.0100  loss: 0.0748  lr: 0.000008  time: 0.0428  data: 0.0020  max mem: 2718
      TTA Epoch: [43] Total time: 0:00:03 (0.0584 s / it)
     Averaged stats: entropy: 0.1408  uncertainty: 2.2165  uncertainty_coeffi: 0.0100  loss: 0.0919  lr: 0.0000
     itm tta time 0:00:03
      TTA Epoch: [44] [ 0/61]  eta: 0:00:30  entropy: 0.1047  uncertainty: 2.1977  uncertainty_coeffi: 0.0100  loss: 0.0787  lr: 0.000008  time: 0.4987  data: 0.4243  max mem: 2718
      TTA Epoch: [44] [60/61]  eta: 0:00:00  entropy: 0.1287  uncertainty: 2.5352  uncertainty_coeffi: 0.0100  loss: 0.0734  lr: 0.000008  time: 0.0419  data: 0.0011  max mem: 2718
      TTA Epoch: [44] Total time: 0:00:03 (0.0581 s / it)
     Averaged stats: entropy: 0.1480  uncertainty: 2.2212  uncertainty_coeffi: 0.0100  loss: 0.0948  lr: 0.0000
     itm tta time 0:00:03
      TTA Epoch: [45] [ 0/61]  eta: 0:00:30  entropy: 0.1724  uncertainty: 2.1992  uncertainty_coeffi: 0.0100  loss: 0.1082  lr: 0.000008  time: 0.5037  data: 0.4289  max mem: 2718
      TTA Epoch: [45] [60/61]  eta: 0:00:00  entropy: 0.1776  uncertainty: 2.2271  uncertainty_coeffi: 0.0100  loss: 0.1121  lr: 0.000007  time: 0.0430  data: 0.0014  max mem: 2718
      TTA Epoch: [45] Total time: 0:00:03 (0.0582 s / it)
     Averaged stats: entropy: 0.1447  uncertainty: 2.2262  uncertainty_coeffi: 0.0100  loss: 0.0932  lr: 0.0000
     itm tta time 0:00:03
      TTA Epoch: [46] [ 0/61]  eta: 0:00:27  entropy: 0.1018  uncertainty: 2.1420  uncertainty_coeffi: 0.0100  loss: 0.0695  lr: 0.000007  time: 0.4557  data: 0.3680  max mem: 2718
      TTA Epoch: [46] [60/61]  eta: 0:00:00  entropy: 0.0518  uncertainty: 1.8482  uncertainty_coeffi: 0.0100  loss: 0.0487  lr: 0.000007  time: 0.0412  data: 0.0022  max mem: 2718
      TTA Epoch: [46] Total time: 0:00:03 (0.0582 s / it)
     Averaged stats: entropy: 0.1384  uncertainty: 2.2199  uncertainty_coeffi: 0.0100  loss: 0.0893  lr: 0.0000
     itm tta time 0:00:03
      TTA Epoch: [47] [ 0/61]  eta: 0:00:29  entropy: 0.1874  uncertainty: 1.9122  uncertainty_coeffi: 0.0100  loss: 0.1227  lr: 0.000007  time: 0.4812  data: 0.3982  max mem: 2718
      TTA Epoch: [47] [60/61]  eta: 0:00:00  entropy: 0.1588  uncertainty: 2.0891  uncertainty_coeffi: 0.0100  loss: 0.1018  lr: 0.000006  time: 0.0420  data: 0.0029  max mem: 2718
      TTA Epoch: [47] Total time: 0:00:03 (0.0581 s / it)
     Averaged stats: entropy: 0.1425  uncertainty: 2.2263  uncertainty_coeffi: 0.0100  loss: 0.0919  lr: 0.0000
     itm tta time 0:00:03
      TTA Epoch: [48] [ 0/61]  eta: 0:00:30  entropy: 0.1841  uncertainty: 2.5880  uncertainty_coeffi: 0.0100  loss: 0.1034  lr: 0.000006  time: 0.4943  data: 0.4208  max mem: 2718
      TTA Epoch: [48] [60/61]  eta: 0:00:00  entropy: 0.2419  uncertainty: 2.7627  uncertainty_coeffi: 0.0100  loss: 0.0945  lr: 0.000006  time: 0.0419  data: 0.0015  max mem: 2718
      TTA Epoch: [48] Total time: 0:00:03 (0.0580 s / it)
     Averaged stats: entropy: 0.1435  uncertainty: 2.2277  uncertainty_coeffi: 0.0100  loss: 0.0918  lr: 0.0000
     itm tta time 0:00:03
      TTA Epoch: [49] [ 0/61]  eta: 0:00:25  entropy: 0.0881  uncertainty: 1.6984  uncertainty_coeffi: 0.0100  loss: 0.0586  lr: 0.000006  time: 0.4103  data: 0.2892  max mem: 2718
      TTA Epoch: [49] [60/61]  eta: 0:00:00  entropy: 0.1415  uncertainty: 2.4439  uncertainty_coeffi: 0.0100  loss: 0.0953  lr: 0.000005  time: 0.0415  data: 0.0027  max mem: 2718
      TTA Epoch: [49] Total time: 0:00:03 (0.0579 s / it)
     Averaged stats: entropy: 0.1415  uncertainty: 2.2248  uncertainty_coeffi: 0.0100  loss: 0.0913  lr: 0.0000
     itm tta time 0:00:03
     Computing matching score
      Evaluation: [   0/1978]  eta: 0:01:39    time: 0.0503  data: 0.0032  max mem: 2718
      Evaluation: [ 100/1978]  eta: 0:01:17    time: 0.0410  data: 0.0000  max mem: 2718
      Evaluation: [ 200/1978]  eta: 0:01:13    time: 0.0412  data: 0.0000  max mem: 2718
      Evaluation: [ 300/1978]  eta: 0:01:09    time: 0.0412  data: 0.0000  max mem: 2718
      Evaluation: [ 400/1978]  eta: 0:01:05    time: 0.0413  data: 0.0000  max mem: 2718
      Evaluation: [ 500/1978]  eta: 0:01:00    time: 0.0412  data: 0.0000  max mem: 2718
      Evaluation: [ 600/1978]  eta: 0:00:56    time: 0.0415  data: 0.0000  max mem: 2718
      Evaluation: [ 700/1978]  eta: 0:00:52    time: 0.0412  data: 0.0000  max mem: 2718
      Evaluation: [ 800/1978]  eta: 0:00:48    time: 0.0413  data: 0.0000  max mem: 2718
      Evaluation: [ 900/1978]  eta: 0:00:44    time: 0.0417  data: 0.0000  max mem: 2718
      Evaluation: [1000/1978]  eta: 0:00:40    time: 0.0412  data: 0.0000  max mem: 2718
      Evaluation: [1100/1978]  eta: 0:00:36    time: 0.0413  data: 0.0000  max mem: 2718
      Evaluation: [1200/1978]  eta: 0:00:32    time: 0.0416  data: 0.0000  max mem: 2718
      Evaluation: [1300/1978]  eta: 0:00:27    time: 0.0412  data: 0.0000  max mem: 2718
      Evaluation: [1400/1978]  eta: 0:00:23    time: 0.0415  data: 0.0000  max mem: 2718
      Evaluation: [1500/1978]  eta: 0:00:19    time: 0.0418  data: 0.0000  max mem: 2718
      Evaluation: [1600/1978]  eta: 0:00:15    time: 0.0412  data: 0.0000  max mem: 2718
      Evaluation: [1700/1978]  eta: 0:00:11    time: 0.0414  data: 0.0000  max mem: 2718
      Evaluation: [1800/1978]  eta: 0:00:07    time: 0.0417  data: 0.0000  max mem: 2718
      Evaluation: [1900/1978]  eta: 0:00:03    time: 0.0412  data: 0.0000  max mem: 2718
      Evaluation: [1977/1978]  eta: 0:00:00    time: 0.0415  data: 0.0000  max mem: 2718
      Evaluation: Total time: 0:01:21 (0.0413 s / it)
     Computing matching score time 0:01:21
### TTA ITM Score: 
+-------------------+--------+--------+--------+--------+--------+
|       epoch       |   R1   |   R5   |  R10   |  mAP   |  mINP  |
+-------------------+--------+--------+--------+--------+--------+
|  cos_sim_wo/norm  | 58.544 | 91.860 | 95.703 | 73.596 | 73.596 |
|        -999       | 69.414 | 95.197 | 97.776 | 81.233 | 81.233 |
| itm_score_wo/norm | 84.328 | 98.989 | 99.494 | 91.293 | 91.293 |
|        -999       | 84.277 | 99.039 | 99.596 | 91.276 | 91.276 |
|         0         | 84.277 | 99.039 | 99.596 | 91.276 | 91.276 |
|         1         | 84.580 | 99.039 | 99.596 | 91.427 | 91.427 |
|         2         | 84.681 | 98.989 | 99.596 | 91.454 | 91.454 |
|         4         | 84.833 | 98.888 | 99.545 | 91.505 | 91.505 |
|         9         | 84.580 | 98.736 | 99.343 | 91.296 | 91.296 |
|         14        | 84.479 | 98.584 | 99.191 | 91.195 | 91.195 |
|         19        | 84.631 | 98.584 | 99.191 | 91.262 | 91.262 |
|         29        | 84.530 | 98.584 | 99.292 | 91.253 | 91.253 |
|         39        | 84.631 | 98.635 | 99.292 | 91.327 | 91.327 |
|         49        | 84.631 | 98.635 | 99.292 | 91.321 | 91.321 |
+-------------------+--------+--------+--------+--------+--------+
     logs:  {'epo': 49, 'R1': 84.631, 'R5': 98.635, 'R10': 99.292, 'mAP': 91.321, 'mINP': 91.321, 'entropy': 0.141529, 'uncertainty': 2.224805, 'uncertainty_coeffi': 0.01, 'loss': 0.091302, 'lr': 5e-06}
      TTA Epoch: [50] [ 0/61]  eta: 0:00:29  entropy: 0.2323  uncertainty: 1.9502  uncertainty_coeffi: 0.0100  loss: 0.1224  lr: 0.000005  time: 0.4863  data: 0.3862  max mem: 2718
      TTA Epoch: [50] [60/61]  eta: 0:00:00  entropy: 0.2035  uncertainty: 2.7331  uncertainty_coeffi: 0.0100  loss: 0.1301  lr: 0.000005  time: 0.0418  data: 0.0028  max mem: 2718
      TTA Epoch: [50] Total time: 0:00:03 (0.0579 s / it)
     Averaged stats: entropy: 0.1419  uncertainty: 2.2254  uncertainty_coeffi: 0.0100  loss: 0.0928  lr: 0.0000
     itm tta time 0:00:03
      TTA Epoch: [51] [ 0/61]  eta: 0:00:29  entropy: 0.1567  uncertainty: 2.7191  uncertainty_coeffi: 0.0100  loss: 0.0859  lr: 0.000005  time: 0.4781  data: 0.3638  max mem: 2718
      TTA Epoch: [51] [60/61]  eta: 0:00:00  entropy: 0.1185  uncertainty: 2.0810  uncertainty_coeffi: 0.0100  loss: 0.0904  lr: 0.000004  time: 0.0428  data: 0.0012  max mem: 2718
      TTA Epoch: [51] Total time: 0:00:03 (0.0582 s / it)
     Averaged stats: entropy: 0.1435  uncertainty: 2.2269  uncertainty_coeffi: 0.0100  loss: 0.0926  lr: 0.0000
     itm tta time 0:00:03
      TTA Epoch: [52] [ 0/61]  eta: 0:00:29  entropy: 0.1207  uncertainty: 2.5969  uncertainty_coeffi: 0.0100  loss: 0.0678  lr: 0.000004  time: 0.4791  data: 0.3683  max mem: 2718
      TTA Epoch: [52] [60/61]  eta: 0:00:00  entropy: 0.1683  uncertainty: 2.0373  uncertainty_coeffi: 0.0100  loss: 0.0838  lr: 0.000004  time: 0.0419  data: 0.0017  max mem: 2718
      TTA Epoch: [52] Total time: 0:00:03 (0.0577 s / it)
     Averaged stats: entropy: 0.1438  uncertainty: 2.2276  uncertainty_coeffi: 0.0100  loss: 0.0929  lr: 0.0000
     itm tta time 0:00:03
      TTA Epoch: [53] [ 0/61]  eta: 0:00:28  entropy: 0.1694  uncertainty: 2.2883  uncertainty_coeffi: 0.0100  loss: 0.1049  lr: 0.000004  time: 0.4670  data: 0.3202  max mem: 2718
      TTA Epoch: [53] [60/61]  eta: 0:00:00  entropy: 0.0794  uncertainty: 2.2741  uncertainty_coeffi: 0.0100  loss: 0.0641  lr: 0.000003  time: 0.0417  data: 0.0008  max mem: 2718
      TTA Epoch: [53] Total time: 0:00:03 (0.0578 s / it)
     Averaged stats: entropy: 0.1385  uncertainty: 2.2213  uncertainty_coeffi: 0.0100  loss: 0.0901  lr: 0.0000
     itm tta time 0:00:03
      TTA Epoch: [54] [ 0/61]  eta: 0:00:28  entropy: 0.1897  uncertainty: 2.7248  uncertainty_coeffi: 0.0100  loss: 0.0789  lr: 0.000003  time: 0.4673  data: 0.3214  max mem: 2718
      TTA Epoch: [54] [60/61]  eta: 0:00:00  entropy: 0.0934  uncertainty: 2.7447  uncertainty_coeffi: 0.0100  loss: 0.0612  lr: 0.000003  time: 0.0432  data: 0.0018  max mem: 2718
      TTA Epoch: [54] Total time: 0:00:03 (0.0582 s / it)
     Averaged stats: entropy: 0.1404  uncertainty: 2.2302  uncertainty_coeffi: 0.0100  loss: 0.0912  lr: 0.0000
     itm tta time 0:00:03
      TTA Epoch: [55] [ 0/61]  eta: 0:00:25  entropy: 0.2414  uncertainty: 2.0503  uncertainty_coeffi: 0.0100  loss: 0.1261  lr: 0.000003  time: 0.4256  data: 0.3208  max mem: 2718
      TTA Epoch: [55] [60/61]  eta: 0:00:00  entropy: 0.0754  uncertainty: 2.2221  uncertainty_coeffi: 0.0100  loss: 0.0622  lr: 0.000002  time: 0.0420  data: 0.0031  max mem: 2718
      TTA Epoch: [55] Total time: 0:00:03 (0.0577 s / it)
     Averaged stats: entropy: 0.1350  uncertainty: 2.2267  uncertainty_coeffi: 0.0100  loss: 0.0881  lr: 0.0000
     itm tta time 0:00:03
      TTA Epoch: [56] [ 0/61]  eta: 0:00:23  entropy: 0.1257  uncertainty: 2.2690  uncertainty_coeffi: 0.0100  loss: 0.0851  lr: 0.000002  time: 0.3897  data: 0.2695  max mem: 2718
      TTA Epoch: [56] [60/61]  eta: 0:00:00  entropy: 0.1600  uncertainty: 2.5396  uncertainty_coeffi: 0.0100  loss: 0.1077  lr: 0.000002  time: 0.0424  data: 0.0023  max mem: 2718
      TTA Epoch: [56] Total time: 0:00:03 (0.0580 s / it)
     Averaged stats: entropy: 0.1413  uncertainty: 2.2193  uncertainty_coeffi: 0.0100  loss: 0.0919  lr: 0.0000
     itm tta time 0:00:03
      TTA Epoch: [57] [ 0/61]  eta: 0:00:30  entropy: 0.1154  uncertainty: 2.3138  uncertainty_coeffi: 0.0100  loss: 0.0689  lr: 0.000002  time: 0.4919  data: 0.4045  max mem: 2718
      TTA Epoch: [57] [60/61]  eta: 0:00:00  entropy: 0.1916  uncertainty: 2.2863  uncertainty_coeffi: 0.0100  loss: 0.1254  lr: 0.000001  time: 0.0450  data: 0.0025  max mem: 2718
      TTA Epoch: [57] Total time: 0:00:03 (0.0581 s / it)
     Averaged stats: entropy: 0.1373  uncertainty: 2.2255  uncertainty_coeffi: 0.0100  loss: 0.0898  lr: 0.0000
     itm tta time 0:00:03
      TTA Epoch: [58] [ 0/61]  eta: 0:00:27  entropy: 0.1191  uncertainty: 2.4934  uncertainty_coeffi: 0.0100  loss: 0.0892  lr: 0.000001  time: 0.4491  data: 0.3083  max mem: 2718
      TTA Epoch: [58] [60/61]  eta: 0:00:00  entropy: 0.2310  uncertainty: 2.6554  uncertainty_coeffi: 0.0100  loss: 0.1321  lr: 0.000000  time: 0.0422  data: 0.0009  max mem: 2718
      TTA Epoch: [58] Total time: 0:00:03 (0.0578 s / it)
     Averaged stats: entropy: 0.1400  uncertainty: 2.2180  uncertainty_coeffi: 0.0100  loss: 0.0896  lr: 0.0000
     itm tta time 0:00:03
      TTA Epoch: [59] [ 0/61]  eta: 0:00:28  entropy: 0.0868  uncertainty: 2.1671  uncertainty_coeffi: 0.0100  loss: 0.0704  lr: 0.000000  time: 0.4685  data: 0.3791  max mem: 2718
      TTA Epoch: [59] [60/61]  eta: 0:00:00  entropy: 0.1079  uncertainty: 3.1437  uncertainty_coeffi: 0.0100  loss: 0.0895  lr: 0.000000  time: 0.0423  data: 0.0020  max mem: 2718
      TTA Epoch: [59] Total time: 0:00:03 (0.0580 s / it)
     Averaged stats: entropy: 0.1439  uncertainty: 2.2273  uncertainty_coeffi: 0.0100  loss: 0.0927  lr: 0.0000
     itm tta time 0:00:03
     Computing matching score
      Evaluation: [   0/1978]  eta: 0:01:33    time: 0.0474  data: 0.0032  max mem: 2718
      Evaluation: [ 100/1978]  eta: 0:01:17    time: 0.0410  data: 0.0000  max mem: 2718
      Evaluation: [ 200/1978]  eta: 0:01:13    time: 0.0410  data: 0.0000  max mem: 2718
      Evaluation: [ 300/1978]  eta: 0:01:09    time: 0.0411  data: 0.0000  max mem: 2718
      Evaluation: [ 400/1978]  eta: 0:01:04    time: 0.0412  data: 0.0000  max mem: 2718
      Evaluation: [ 500/1978]  eta: 0:01:00    time: 0.0410  data: 0.0000  max mem: 2718
      Evaluation: [ 600/1978]  eta: 0:00:56    time: 0.0412  data: 0.0000  max mem: 2718
      Evaluation: [ 700/1978]  eta: 0:00:52    time: 0.0412  data: 0.0000  max mem: 2718
      Evaluation: [ 800/1978]  eta: 0:00:48    time: 0.0413  data: 0.0000  max mem: 2718
      Evaluation: [ 900/1978]  eta: 0:00:44    time: 0.0412  data: 0.0000  max mem: 2718
      Evaluation: [1000/1978]  eta: 0:00:40    time: 0.0411  data: 0.0000  max mem: 2718
      Evaluation: [1100/1978]  eta: 0:00:36    time: 0.0412  data: 0.0000  max mem: 2718
      Evaluation: [1200/1978]  eta: 0:00:32    time: 0.0413  data: 0.0000  max mem: 2718
      Evaluation: [1300/1978]  eta: 0:00:27    time: 0.0414  data: 0.0000  max mem: 2718
      Evaluation: [1400/1978]  eta: 0:00:23    time: 0.0413  data: 0.0000  max mem: 2718
      Evaluation: [1500/1978]  eta: 0:00:19    time: 0.0414  data: 0.0000  max mem: 2718
      Evaluation: [1600/1978]  eta: 0:00:15    time: 0.0415  data: 0.0000  max mem: 2718
      Evaluation: [1700/1978]  eta: 0:00:11    time: 0.0441  data: 0.0000  max mem: 2718
      Evaluation: [1800/1978]  eta: 0:00:07    time: 0.0441  data: 0.0000  max mem: 2718
      Evaluation: [1900/1978]  eta: 0:00:03    time: 0.0442  data: 0.0000  max mem: 2718
      Evaluation: [1977/1978]  eta: 0:00:00    time: 0.0444  data: 0.0000  max mem: 2718
      Evaluation: Total time: 0:01:22 (0.0418 s / it)
     Computing matching score time 0:01:22
### TTA ITM Score: 
+-------------------+--------+--------+--------+--------+--------+
|       epoch       |   R1   |   R5   |  R10   |  mAP   |  mINP  |
+-------------------+--------+--------+--------+--------+--------+
|  cos_sim_wo/norm  | 58.544 | 91.860 | 95.703 | 73.596 | 73.596 |
|        -999       | 69.414 | 95.197 | 97.776 | 81.233 | 81.233 |
| itm_score_wo/norm | 84.328 | 98.989 | 99.494 | 91.293 | 91.293 |
|        -999       | 84.277 | 99.039 | 99.596 | 91.276 | 91.276 |
|         0         | 84.277 | 99.039 | 99.596 | 91.276 | 91.276 |
|         1         | 84.580 | 99.039 | 99.596 | 91.427 | 91.427 |
|         2         | 84.681 | 98.989 | 99.596 | 91.454 | 91.454 |
|         4         | 84.833 | 98.888 | 99.545 | 91.505 | 91.505 |
|         9         | 84.580 | 98.736 | 99.343 | 91.296 | 91.296 |
|         14        | 84.479 | 98.584 | 99.191 | 91.195 | 91.195 |
|         19        | 84.631 | 98.584 | 99.191 | 91.262 | 91.262 |
|         29        | 84.530 | 98.584 | 99.292 | 91.253 | 91.253 |
|         39        | 84.631 | 98.635 | 99.292 | 91.327 | 91.327 |
|         49        | 84.631 | 98.635 | 99.292 | 91.321 | 91.321 |
|         59        | 84.681 | 98.686 | 99.292 | 91.351 | 91.351 |
+-------------------+--------+--------+--------+--------+--------+
     logs:  {'epo': 59, 'R1': 84.681, 'R5': 98.686, 'R10': 99.292, 'mAP': 91.351, 'mINP': 91.351, 'entropy': 0.143895, 'uncertainty': 2.22733, 'uncertainty_coeffi': 0.01, 'loss': 0.092714, 'lr': 0.0}
### best epoch: 4
### Time 0:18:52
NNODES,  1
NODE_RANK,  0
MASTER_ADDR,  127.0.0.1
MASTER_PORT,  1612
NPROC_PER_NODE,  2
task:  exp7.1.3
config:  configs_rerun3/exp7.1.3.yaml
output_dir:  output_rerun3/exp7.1.3/2025091712143
python3 tta.py --config configs_rerun3/exp7.1.3.yaml --task exp7.1.3 --output_dir output_rerun3/exp7.1.3/2025091712143 --checkpoint checkpoint/cmp.pth --bs 0 --epo 0 --lr 0.0 --seed 42 --tta
