/home/jiahao/miniconda3/envs/cmp/lib/python3.10/site-packages/torch/functional.py:554: UserWarning: torch.meshgrid: in an upcoming release, it will be required to pass the indexing argument. (Triggered internally at /pytorch/aten/src/ATen/native/TensorShape.cpp:4322.)
  return _VF.meshgrid(tensors, **kwargs)  # type: ignore[attr-defined]
Not using distributed mode
### Hyper-parameters:
     seed: 42
     device: cuda
     output_dir: output_rerun3/exp7.0.3/2025092105093
     batch_size_tta: 16
     epochs: 60
     lr: 5e-05
### Creating test dataset
from data/PAB/annotation/test/attr.json loading 1978 data
     test dataset -->    be_pose_img: True
     test_dataset: 1978
### Creating test dataloader
### be careful: func create_loader returns a list length of 1
     test_loader: 90
### Creating model
build_vision_encoder: load swin 224 x 224 ====>
missing_keys:  []
unexpected_keys:  ['head.weight', 'head.bias']
build_text_encoder: load bert ====>
missing_keys: ['bert.encoder.layer.10.crossattention.output.LayerNorm.bias', 'bert.encoder.layer.10.crossattention.output.LayerNorm.weight', 'bert.encoder.layer.10.crossattention.output.dense.bias', 'bert.encoder.layer.10.crossattention.output.dense.weight', 'bert.encoder.layer.10.crossattention.self.key.bias', 'bert.encoder.layer.10.crossattention.self.key.weight', 'bert.encoder.layer.10.crossattention.self.query.bias', 'bert.encoder.layer.10.crossattention.self.query.weight', 'bert.encoder.layer.10.crossattention.self.value.bias', 'bert.encoder.layer.10.crossattention.self.value.weight', 'bert.encoder.layer.11.crossattention.output.LayerNorm.bias', 'bert.encoder.layer.11.crossattention.output.LayerNorm.weight', 'bert.encoder.layer.11.crossattention.output.dense.bias', 'bert.encoder.layer.11.crossattention.output.dense.weight', 'bert.encoder.layer.11.crossattention.self.key.bias', 'bert.encoder.layer.11.crossattention.self.key.weight', 'bert.encoder.layer.11.crossattention.self.query.bias', 'bert.encoder.layer.11.crossattention.self.query.weight', 'bert.encoder.layer.11.crossattention.self.value.bias', 'bert.encoder.layer.11.crossattention.self.value.weight', 'bert.encoder.layer.6.crossattention.output.LayerNorm.bias', 'bert.encoder.layer.6.crossattention.output.LayerNorm.weight', 'bert.encoder.layer.6.crossattention.output.dense.bias', 'bert.encoder.layer.6.crossattention.output.dense.weight', 'bert.encoder.layer.6.crossattention.self.key.bias', 'bert.encoder.layer.6.crossattention.self.key.weight', 'bert.encoder.layer.6.crossattention.self.query.bias', 'bert.encoder.layer.6.crossattention.self.query.weight', 'bert.encoder.layer.6.crossattention.self.value.bias', 'bert.encoder.layer.6.crossattention.self.value.weight', 'bert.encoder.layer.7.crossattention.output.LayerNorm.bias', 'bert.encoder.layer.7.crossattention.output.LayerNorm.weight', 'bert.encoder.layer.7.crossattention.output.dense.bias', 'bert.encoder.layer.7.crossattention.output.dense.weight', 'bert.encoder.layer.7.crossattention.self.key.bias', 'bert.encoder.layer.7.crossattention.self.key.weight', 'bert.encoder.layer.7.crossattention.self.query.bias', 'bert.encoder.layer.7.crossattention.self.query.weight', 'bert.encoder.layer.7.crossattention.self.value.bias', 'bert.encoder.layer.7.crossattention.self.value.weight', 'bert.encoder.layer.8.crossattention.output.LayerNorm.bias', 'bert.encoder.layer.8.crossattention.output.LayerNorm.weight', 'bert.encoder.layer.8.crossattention.output.dense.bias', 'bert.encoder.layer.8.crossattention.output.dense.weight', 'bert.encoder.layer.8.crossattention.self.key.bias', 'bert.encoder.layer.8.crossattention.self.key.weight', 'bert.encoder.layer.8.crossattention.self.query.bias', 'bert.encoder.layer.8.crossattention.self.query.weight', 'bert.encoder.layer.8.crossattention.self.value.bias', 'bert.encoder.layer.8.crossattention.self.value.weight', 'bert.encoder.layer.9.crossattention.output.LayerNorm.bias', 'bert.encoder.layer.9.crossattention.output.LayerNorm.weight', 'bert.encoder.layer.9.crossattention.output.dense.bias', 'bert.encoder.layer.9.crossattention.output.dense.weight', 'bert.encoder.layer.9.crossattention.self.key.bias', 'bert.encoder.layer.9.crossattention.self.key.weight', 'bert.encoder.layer.9.crossattention.self.query.bias', 'bert.encoder.layer.9.crossattention.self.query.weight', 'bert.encoder.layer.9.crossattention.self.value.bias', 'bert.encoder.layer.9.crossattention.self.value.weight']
unexpected_keys: ['cls.seq_relationship.bias', 'cls.seq_relationship.weight']
mismatched_keys: []
error_msgs: []
Label Smooth: 0.2
pose_conv
load checkpoint from checkpoint/cmp.pth
missing_keys:  ['uncertainty_temper', 'prompt_learning_embedding']
unexpected_keys:  []
     Total Params Sum:  254264985
### Inference ITC similiarity matrix
### Zero-Shot Score: 
+-------------------+--------+--------+--------+--------+--------+
|       epoch       |   R1   |   R5   |  R10   |  mAP   |  mINP  |
+-------------------+--------+--------+--------+--------+--------+
|  cos_sim_wo/norm  | 58.544 | 91.860 | 95.703 | 73.596 | 73.596 |
|        -999       | 69.414 | 95.197 | 97.776 | 81.233 | 81.233 |
| itm_score_wo/norm | 84.328 | 98.989 | 99.494 | 91.293 | 91.293 |
|        -999       | 84.277 | 99.039 | 99.596 | 91.276 | 91.276 |
+-------------------+--------+--------+--------+--------+--------+
### TTA:
     preprocess_tta_coefficients  start
     sample selection ...
     number of sample after sample_selection: 1257
     uncertainty ...
     preprocess_tta_coefficients  end
### Creating tta dataset
     tta_dataset: 1257
### Creating tta dataloader
### be careful: func create_loader returns a list length of 1
     tta_loader: 78
### Configure adapted weights
     TTA Dropout Modules: 
 [('vision_encoder.pos_drop', Dropout(p=0, inplace=False), True), ('vision_encoder.layers.0.blocks.0.attn.attn_drop', Dropout(p=0.0, inplace=False), True), ('vision_encoder.layers.0.blocks.0.attn.proj_drop', Dropout(p=0, inplace=False), True), ('vision_encoder.layers.0.blocks.0.mlp.drop', Dropout(p=0, inplace=False), True), ('vision_encoder.layers.0.blocks.1.attn.attn_drop', Dropout(p=0.0, inplace=False), True), ('vision_encoder.layers.0.blocks.1.attn.proj_drop', Dropout(p=0, inplace=False), True), ('vision_encoder.layers.0.blocks.1.mlp.drop', Dropout(p=0, inplace=False), True), ('vision_encoder.layers.1.blocks.0.attn.attn_drop', Dropout(p=0.0, inplace=False), True), ('vision_encoder.layers.1.blocks.0.attn.proj_drop', Dropout(p=0, inplace=False), True), ('vision_encoder.layers.1.blocks.0.mlp.drop', Dropout(p=0, inplace=False), True), ('vision_encoder.layers.1.blocks.1.attn.attn_drop', Dropout(p=0.0, inplace=False), True), ('vision_encoder.layers.1.blocks.1.attn.proj_drop', Dropout(p=0, inplace=False), True), ('vision_encoder.layers.1.blocks.1.mlp.drop', Dropout(p=0, inplace=False), True), ('vision_encoder.layers.2.blocks.0.attn.attn_drop', Dropout(p=0.0, inplace=False), True), ('vision_encoder.layers.2.blocks.0.attn.proj_drop', Dropout(p=0, inplace=False), True), ('vision_encoder.layers.2.blocks.0.mlp.drop', Dropout(p=0, inplace=False), True), ('vision_encoder.layers.2.blocks.1.attn.attn_drop', Dropout(p=0.0, inplace=False), True), ('vision_encoder.layers.2.blocks.1.attn.proj_drop', Dropout(p=0, inplace=False), True), ('vision_encoder.layers.2.blocks.1.mlp.drop', Dropout(p=0, inplace=False), True), ('vision_encoder.layers.2.blocks.2.attn.attn_drop', Dropout(p=0.0, inplace=False), True), ('vision_encoder.layers.2.blocks.2.attn.proj_drop', Dropout(p=0, inplace=False), True), ('vision_encoder.layers.2.blocks.2.mlp.drop', Dropout(p=0, inplace=False), True), ('vision_encoder.layers.2.blocks.3.attn.attn_drop', Dropout(p=0.0, inplace=False), True), ('vision_encoder.layers.2.blocks.3.attn.proj_drop', Dropout(p=0, inplace=False), True), ('vision_encoder.layers.2.blocks.3.mlp.drop', Dropout(p=0, inplace=False), True), ('vision_encoder.layers.2.blocks.4.attn.attn_drop', Dropout(p=0.0, inplace=False), True), ('vision_encoder.layers.2.blocks.4.attn.proj_drop', Dropout(p=0, inplace=False), True), ('vision_encoder.layers.2.blocks.4.mlp.drop', Dropout(p=0, inplace=False), True), ('vision_encoder.layers.2.blocks.5.attn.attn_drop', Dropout(p=0.0, inplace=False), True), ('vision_encoder.layers.2.blocks.5.attn.proj_drop', Dropout(p=0, inplace=False), True), ('vision_encoder.layers.2.blocks.5.mlp.drop', Dropout(p=0, inplace=False), True), ('vision_encoder.layers.2.blocks.6.attn.attn_drop', Dropout(p=0.0, inplace=False), True), ('vision_encoder.layers.2.blocks.6.attn.proj_drop', Dropout(p=0, inplace=False), True), ('vision_encoder.layers.2.blocks.6.mlp.drop', Dropout(p=0, inplace=False), True), ('vision_encoder.layers.2.blocks.7.attn.attn_drop', Dropout(p=0.0, inplace=False), True), ('vision_encoder.layers.2.blocks.7.attn.proj_drop', Dropout(p=0, inplace=False), True), ('vision_encoder.layers.2.blocks.7.mlp.drop', Dropout(p=0, inplace=False), True), ('vision_encoder.layers.2.blocks.8.attn.attn_drop', Dropout(p=0.0, inplace=False), True), ('vision_encoder.layers.2.blocks.8.attn.proj_drop', Dropout(p=0, inplace=False), True), ('vision_encoder.layers.2.blocks.8.mlp.drop', Dropout(p=0, inplace=False), True), ('vision_encoder.layers.2.blocks.9.attn.attn_drop', Dropout(p=0.0, inplace=False), True), ('vision_encoder.layers.2.blocks.9.attn.proj_drop', Dropout(p=0, inplace=False), True), ('vision_encoder.layers.2.blocks.9.mlp.drop', Dropout(p=0, inplace=False), True), ('vision_encoder.layers.2.blocks.10.attn.attn_drop', Dropout(p=0.0, inplace=False), True), ('vision_encoder.layers.2.blocks.10.attn.proj_drop', Dropout(p=0, inplace=False), True), ('vision_encoder.layers.2.blocks.10.mlp.drop', Dropout(p=0, inplace=False), True), ('vision_encoder.layers.2.blocks.11.attn.attn_drop', Dropout(p=0.0, inplace=False), True), ('vision_encoder.layers.2.blocks.11.attn.proj_drop', Dropout(p=0, inplace=False), True), ('vision_encoder.layers.2.blocks.11.mlp.drop', Dropout(p=0, inplace=False), True), ('vision_encoder.layers.2.blocks.12.attn.attn_drop', Dropout(p=0.0, inplace=False), True), ('vision_encoder.layers.2.blocks.12.attn.proj_drop', Dropout(p=0, inplace=False), True), ('vision_encoder.layers.2.blocks.12.mlp.drop', Dropout(p=0, inplace=False), True), ('vision_encoder.layers.2.blocks.13.attn.attn_drop', Dropout(p=0.0, inplace=False), True), ('vision_encoder.layers.2.blocks.13.attn.proj_drop', Dropout(p=0, inplace=False), True), ('vision_encoder.layers.2.blocks.13.mlp.drop', Dropout(p=0, inplace=False), True), ('vision_encoder.layers.2.blocks.14.attn.attn_drop', Dropout(p=0.0, inplace=False), True), ('vision_encoder.layers.2.blocks.14.attn.proj_drop', Dropout(p=0, inplace=False), True), ('vision_encoder.layers.2.blocks.14.mlp.drop', Dropout(p=0, inplace=False), True), ('vision_encoder.layers.2.blocks.15.attn.attn_drop', Dropout(p=0.0, inplace=False), True), ('vision_encoder.layers.2.blocks.15.attn.proj_drop', Dropout(p=0, inplace=False), True), ('vision_encoder.layers.2.blocks.15.mlp.drop', Dropout(p=0, inplace=False), True), ('vision_encoder.layers.2.blocks.16.attn.attn_drop', Dropout(p=0.0, inplace=False), True), ('vision_encoder.layers.2.blocks.16.attn.proj_drop', Dropout(p=0, inplace=False), True), ('vision_encoder.layers.2.blocks.16.mlp.drop', Dropout(p=0, inplace=False), True), ('vision_encoder.layers.2.blocks.17.attn.attn_drop', Dropout(p=0.0, inplace=False), True), ('vision_encoder.layers.2.blocks.17.attn.proj_drop', Dropout(p=0, inplace=False), True), ('vision_encoder.layers.2.blocks.17.mlp.drop', Dropout(p=0, inplace=False), True), ('vision_encoder.layers.3.blocks.0.attn.attn_drop', Dropout(p=0.0, inplace=False), True), ('vision_encoder.layers.3.blocks.0.attn.proj_drop', Dropout(p=0, inplace=False), True), ('vision_encoder.layers.3.blocks.0.mlp.drop', Dropout(p=0, inplace=False), True), ('vision_encoder.layers.3.blocks.1.attn.attn_drop', Dropout(p=0.0, inplace=False), True), ('vision_encoder.layers.3.blocks.1.attn.proj_drop', Dropout(p=0, inplace=False), True), ('vision_encoder.layers.3.blocks.1.mlp.drop', Dropout(p=0, inplace=False), True), ('text_encoder.bert.embeddings.dropout', Dropout(p=0.1, inplace=False), True), ('text_encoder.bert.encoder.layer.0.attention.self.dropout', Dropout(p=0.1, inplace=False), True), ('text_encoder.bert.encoder.layer.0.attention.output.dropout', Dropout(p=0.1, inplace=False), True), ('text_encoder.bert.encoder.layer.0.output.dropout', Dropout(p=0.1, inplace=False), True), ('text_encoder.bert.encoder.layer.1.attention.self.dropout', Dropout(p=0.1, inplace=False), True), ('text_encoder.bert.encoder.layer.1.attention.output.dropout', Dropout(p=0.1, inplace=False), True), ('text_encoder.bert.encoder.layer.1.output.dropout', Dropout(p=0.1, inplace=False), True), ('text_encoder.bert.encoder.layer.2.attention.self.dropout', Dropout(p=0.1, inplace=False), True), ('text_encoder.bert.encoder.layer.2.attention.output.dropout', Dropout(p=0.1, inplace=False), True), ('text_encoder.bert.encoder.layer.2.output.dropout', Dropout(p=0.1, inplace=False), True), ('text_encoder.bert.encoder.layer.3.attention.self.dropout', Dropout(p=0.1, inplace=False), True), ('text_encoder.bert.encoder.layer.3.attention.output.dropout', Dropout(p=0.1, inplace=False), True), ('text_encoder.bert.encoder.layer.3.output.dropout', Dropout(p=0.1, inplace=False), True), ('text_encoder.bert.encoder.layer.4.attention.self.dropout', Dropout(p=0.1, inplace=False), True), ('text_encoder.bert.encoder.layer.4.attention.output.dropout', Dropout(p=0.1, inplace=False), True), ('text_encoder.bert.encoder.layer.4.output.dropout', Dropout(p=0.1, inplace=False), True), ('text_encoder.bert.encoder.layer.5.attention.self.dropout', Dropout(p=0.1, inplace=False), True), ('text_encoder.bert.encoder.layer.5.attention.output.dropout', Dropout(p=0.1, inplace=False), True), ('text_encoder.bert.encoder.layer.5.output.dropout', Dropout(p=0.1, inplace=False), True), ('text_encoder.bert.encoder.layer.6.attention.self.dropout', Dropout(p=0.1, inplace=False), True), ('text_encoder.bert.encoder.layer.6.attention.output.dropout', Dropout(p=0.1, inplace=False), True), ('text_encoder.bert.encoder.layer.6.crossattention.self.dropout', Dropout(p=0.1, inplace=False), True), ('text_encoder.bert.encoder.layer.6.crossattention.output.dropout', Dropout(p=0.1, inplace=False), True), ('text_encoder.bert.encoder.layer.6.output.dropout', Dropout(p=0.1, inplace=False), True), ('text_encoder.bert.encoder.layer.7.attention.self.dropout', Dropout(p=0.1, inplace=False), True), ('text_encoder.bert.encoder.layer.7.attention.output.dropout', Dropout(p=0.1, inplace=False), True), ('text_encoder.bert.encoder.layer.7.crossattention.self.dropout', Dropout(p=0.1, inplace=False), True), ('text_encoder.bert.encoder.layer.7.crossattention.output.dropout', Dropout(p=0.1, inplace=False), True), ('text_encoder.bert.encoder.layer.7.output.dropout', Dropout(p=0.1, inplace=False), True), ('text_encoder.bert.encoder.layer.8.attention.self.dropout', Dropout(p=0.1, inplace=False), True), ('text_encoder.bert.encoder.layer.8.attention.output.dropout', Dropout(p=0.1, inplace=False), True), ('text_encoder.bert.encoder.layer.8.crossattention.self.dropout', Dropout(p=0.1, inplace=False), True), ('text_encoder.bert.encoder.layer.8.crossattention.output.dropout', Dropout(p=0.1, inplace=False), True), ('text_encoder.bert.encoder.layer.8.output.dropout', Dropout(p=0.1, inplace=False), True), ('text_encoder.bert.encoder.layer.9.attention.self.dropout', Dropout(p=0.1, inplace=False), True), ('text_encoder.bert.encoder.layer.9.attention.output.dropout', Dropout(p=0.1, inplace=False), True), ('text_encoder.bert.encoder.layer.9.crossattention.self.dropout', Dropout(p=0.1, inplace=False), True), ('text_encoder.bert.encoder.layer.9.crossattention.output.dropout', Dropout(p=0.1, inplace=False), True), ('text_encoder.bert.encoder.layer.9.output.dropout', Dropout(p=0.1, inplace=False), True), ('text_encoder.bert.encoder.layer.10.attention.self.dropout', Dropout(p=0.1, inplace=False), True), ('text_encoder.bert.encoder.layer.10.attention.output.dropout', Dropout(p=0.1, inplace=False), True), ('text_encoder.bert.encoder.layer.10.crossattention.self.dropout', Dropout(p=0.1, inplace=False), True), ('text_encoder.bert.encoder.layer.10.crossattention.output.dropout', Dropout(p=0.1, inplace=False), True), ('text_encoder.bert.encoder.layer.10.output.dropout', Dropout(p=0.1, inplace=False), True), ('text_encoder.bert.encoder.layer.11.attention.self.dropout', Dropout(p=0.1, inplace=False), True), ('text_encoder.bert.encoder.layer.11.attention.output.dropout', Dropout(p=0.1, inplace=False), True), ('text_encoder.bert.encoder.layer.11.crossattention.self.dropout', Dropout(p=0.1, inplace=False), True), ('text_encoder.bert.encoder.layer.11.crossattention.output.dropout', Dropout(p=0.1, inplace=False), True), ('text_encoder.bert.encoder.layer.11.output.dropout', Dropout(p=0.1, inplace=False), True), ('vision_proj.1', Dropout(p=0.5, inplace=False), True), ('text_proj.1', Dropout(p=0.5, inplace=False), True), ('pose_block.attn.attn_drop', Dropout(p=0.0, inplace=False), True), ('pose_block.attn.proj_drop', Dropout(p=0.0, inplace=False), True)]
     TTA Require Gradient Params: 
 [('text_encoder.bert.embeddings.LayerNorm.weight', torch.Size([768])), ('text_encoder.bert.embeddings.LayerNorm.bias', torch.Size([768])), ('text_encoder.bert.encoder.layer.6.attention.output.LayerNorm.weight', torch.Size([768])), ('text_encoder.bert.encoder.layer.6.attention.output.LayerNorm.bias', torch.Size([768])), ('text_encoder.bert.encoder.layer.6.crossattention.output.LayerNorm.weight', torch.Size([768])), ('text_encoder.bert.encoder.layer.6.crossattention.output.LayerNorm.bias', torch.Size([768])), ('text_encoder.bert.encoder.layer.6.output.LayerNorm.weight', torch.Size([768])), ('text_encoder.bert.encoder.layer.6.output.LayerNorm.bias', torch.Size([768])), ('text_encoder.bert.encoder.layer.7.attention.output.LayerNorm.weight', torch.Size([768])), ('text_encoder.bert.encoder.layer.7.attention.output.LayerNorm.bias', torch.Size([768])), ('text_encoder.bert.encoder.layer.7.crossattention.output.LayerNorm.weight', torch.Size([768])), ('text_encoder.bert.encoder.layer.7.crossattention.output.LayerNorm.bias', torch.Size([768])), ('text_encoder.bert.encoder.layer.7.output.LayerNorm.weight', torch.Size([768])), ('text_encoder.bert.encoder.layer.7.output.LayerNorm.bias', torch.Size([768])), ('text_encoder.bert.encoder.layer.8.attention.output.LayerNorm.weight', torch.Size([768])), ('text_encoder.bert.encoder.layer.8.attention.output.LayerNorm.bias', torch.Size([768])), ('text_encoder.bert.encoder.layer.8.crossattention.output.LayerNorm.weight', torch.Size([768])), ('text_encoder.bert.encoder.layer.8.crossattention.output.LayerNorm.bias', torch.Size([768])), ('text_encoder.bert.encoder.layer.8.output.LayerNorm.weight', torch.Size([768])), ('text_encoder.bert.encoder.layer.8.output.LayerNorm.bias', torch.Size([768])), ('text_encoder.bert.encoder.layer.9.attention.output.LayerNorm.weight', torch.Size([768])), ('text_encoder.bert.encoder.layer.9.attention.output.LayerNorm.bias', torch.Size([768])), ('text_encoder.bert.encoder.layer.9.crossattention.output.LayerNorm.weight', torch.Size([768])), ('text_encoder.bert.encoder.layer.9.crossattention.output.LayerNorm.bias', torch.Size([768])), ('text_encoder.bert.encoder.layer.9.output.LayerNorm.weight', torch.Size([768])), ('text_encoder.bert.encoder.layer.9.output.LayerNorm.bias', torch.Size([768])), ('text_encoder.bert.encoder.layer.10.attention.output.LayerNorm.weight', torch.Size([768])), ('text_encoder.bert.encoder.layer.10.attention.output.LayerNorm.bias', torch.Size([768])), ('text_encoder.bert.encoder.layer.10.crossattention.output.LayerNorm.weight', torch.Size([768])), ('text_encoder.bert.encoder.layer.10.crossattention.output.LayerNorm.bias', torch.Size([768])), ('text_encoder.bert.encoder.layer.10.output.LayerNorm.weight', torch.Size([768])), ('text_encoder.bert.encoder.layer.10.output.LayerNorm.bias', torch.Size([768])), ('text_encoder.bert.encoder.layer.11.attention.output.LayerNorm.weight', torch.Size([768])), ('text_encoder.bert.encoder.layer.11.attention.output.LayerNorm.bias', torch.Size([768])), ('text_encoder.bert.encoder.layer.11.crossattention.output.LayerNorm.weight', torch.Size([768])), ('text_encoder.bert.encoder.layer.11.crossattention.output.LayerNorm.bias', torch.Size([768])), ('text_encoder.bert.encoder.layer.11.output.LayerNorm.weight', torch.Size([768])), ('text_encoder.bert.encoder.layer.11.output.LayerNorm.bias', torch.Size([768])), ('text_encoder.cls.predictions.transform.LayerNorm.weight', torch.Size([768])), ('text_encoder.cls.predictions.transform.LayerNorm.bias', torch.Size([768])), ('itm_head.1.weight', torch.Size([1536])), ('itm_head.1.bias', torch.Size([1536]))]
     TTA Dropout Modules Number: 
 126
     TTA Require Gradient Params Sum: 
 33792
     lr:  5e-05    lr_mult:  2
     model has 'init_params',  385
     num_tta_steps:  4740
     num_warmup_steps:  500
     sched: step
/home/jiahao/task/CMP/tta.py:246: FutureWarning: `torch.cuda.amp.GradScaler(args...)` is deprecated. Please use `torch.amp.GradScaler('cuda', args...)` instead.
  scaler = GradScaler()  # bf16
### Start ITM Test Time Adaptation
      TTA Epoch: [0] [ 0/78]  eta: 0:01:27  entropy: 0.3569  uncertainty: 1.2599  uncertainty_coeffi: 0.0100  loss: 1.5336  lr: 0.000000  time: 1.1230  data: 0.4638  max mem: 2639
      TTA Epoch: [0] [77/78]  eta: 0:00:00  entropy: 0.2193  uncertainty: 1.3796  uncertainty_coeffi: 0.0100  loss: 1.5199  lr: 0.000008  time: 0.0607  data: 0.0001  max mem: 2671
      TTA Epoch: [0] Total time: 0:00:05 (0.0749 s / it)
     Averaged stats: entropy: 0.3238  uncertainty: 1.2550  uncertainty_coeffi: 0.0100  loss: 1.5129  lr: 0.0000
     itm tta time 0:00:05
     Computing matching score
      Evaluation: [   0/1978]  eta: 0:04:03    time: 0.1231  data: 0.0041  max mem: 2671
      Evaluation: [ 100/1978]  eta: 0:02:09    time: 0.0684  data: 0.0000  max mem: 2671
      Evaluation: [ 200/1978]  eta: 0:02:02    time: 0.0681  data: 0.0000  max mem: 2671
      Evaluation: [ 300/1978]  eta: 0:01:55    time: 0.0681  data: 0.0000  max mem: 2671
      Evaluation: [ 400/1978]  eta: 0:01:47    time: 0.0679  data: 0.0000  max mem: 2671
      Evaluation: [ 500/1978]  eta: 0:01:40    time: 0.0678  data: 0.0000  max mem: 2671
      Evaluation: [ 600/1978]  eta: 0:01:34    time: 0.0678  data: 0.0000  max mem: 2671
      Evaluation: [ 700/1978]  eta: 0:01:27    time: 0.0677  data: 0.0000  max mem: 2671
      Evaluation: [ 800/1978]  eta: 0:01:20    time: 0.0677  data: 0.0000  max mem: 2671
      Evaluation: [ 900/1978]  eta: 0:01:13    time: 0.0688  data: 0.0000  max mem: 2671
      Evaluation: [1000/1978]  eta: 0:01:06    time: 0.0679  data: 0.0000  max mem: 2671
      Evaluation: [1100/1978]  eta: 0:00:59    time: 0.0695  data: 0.0000  max mem: 2671
      Evaluation: [1200/1978]  eta: 0:00:53    time: 0.0679  data: 0.0000  max mem: 2671
      Evaluation: [1300/1978]  eta: 0:00:46    time: 0.0678  data: 0.0000  max mem: 2671
      Evaluation: [1400/1978]  eta: 0:00:39    time: 0.0679  data: 0.0000  max mem: 2671
      Evaluation: [1500/1978]  eta: 0:00:32    time: 0.0679  data: 0.0000  max mem: 2671
      Evaluation: [1600/1978]  eta: 0:00:25    time: 0.0678  data: 0.0000  max mem: 2671
      Evaluation: [1700/1978]  eta: 0:00:18    time: 0.0680  data: 0.0000  max mem: 2671
      Evaluation: [1800/1978]  eta: 0:00:12    time: 0.0679  data: 0.0000  max mem: 2671
      Evaluation: [1900/1978]  eta: 0:00:05    time: 0.0689  data: 0.0000  max mem: 2671
      Evaluation: [1977/1978]  eta: 0:00:00    time: 0.0686  data: 0.0000  max mem: 2671
      Evaluation: Total time: 0:02:14 (0.0681 s / it)
     Computing matching score time 0:02:14
### TTA ITM Score: 
+-------------------+--------+--------+--------+--------+--------+
|       epoch       |   R1   |   R5   |  R10   |  mAP   |  mINP  |
+-------------------+--------+--------+--------+--------+--------+
|  cos_sim_wo/norm  | 58.544 | 91.860 | 95.703 | 73.596 | 73.596 |
|        -999       | 69.414 | 95.197 | 97.776 | 81.233 | 81.233 |
| itm_score_wo/norm | 84.328 | 98.989 | 99.494 | 91.293 | 91.293 |
|        -999       | 84.277 | 99.039 | 99.596 | 91.276 | 91.276 |
|         0         | 84.328 | 99.039 | 99.596 | 91.301 | 91.301 |
+-------------------+--------+--------+--------+--------+--------+
     logs:  {'epo': 0, 'R1': 84.328, 'R5': 99.039, 'R10': 99.596, 'mAP': 91.301, 'mINP': 91.301, 'entropy': 0.323825, 'uncertainty': 1.25496, 'uncertainty_coeffi': 0.01, 'loss': 1.512892, 'lr': 4e-06}
      TTA Epoch: [1] [ 0/78]  eta: 0:00:37  entropy: 0.3206  uncertainty: 1.2239  uncertainty_coeffi: 0.0100  loss: 1.4863  lr: 0.000008  time: 0.4806  data: 0.3874  max mem: 2671
      TTA Epoch: [1] [77/78]  eta: 0:00:00  entropy: 0.2626  uncertainty: 1.2945  uncertainty_coeffi: 0.0100  loss: 1.4928  lr: 0.000016  time: 0.0604  data: 0.0001  max mem: 2671
      TTA Epoch: [1] Total time: 0:00:05 (0.0669 s / it)
     Averaged stats: entropy: 0.3166  uncertainty: 1.2548  uncertainty_coeffi: 0.0100  loss: 1.5060  lr: 0.0000
     itm tta time 0:00:05
     Computing matching score
      Evaluation: [   0/1978]  eta: 0:02:37    time: 0.0797  data: 0.0040  max mem: 2671
      Evaluation: [ 100/1978]  eta: 0:02:07    time: 0.0679  data: 0.0000  max mem: 2671
      Evaluation: [ 200/1978]  eta: 0:02:01    time: 0.0704  data: 0.0000  max mem: 2671
      Evaluation: [ 300/1978]  eta: 0:01:55    time: 0.0691  data: 0.0000  max mem: 2671
      Evaluation: [ 400/1978]  eta: 0:01:48    time: 0.0690  data: 0.0000  max mem: 2671
      Evaluation: [ 500/1978]  eta: 0:01:41    time: 0.0689  data: 0.0000  max mem: 2671
      Evaluation: [ 600/1978]  eta: 0:01:34    time: 0.0690  data: 0.0000  max mem: 2671
      Evaluation: [ 700/1978]  eta: 0:01:27    time: 0.0690  data: 0.0000  max mem: 2671
      Evaluation: [ 800/1978]  eta: 0:01:21    time: 0.0690  data: 0.0000  max mem: 2671
      Evaluation: [ 900/1978]  eta: 0:01:14    time: 0.0708  data: 0.0000  max mem: 2671
      Evaluation: [1000/1978]  eta: 0:01:07    time: 0.0689  data: 0.0000  max mem: 2671
      Evaluation: [1100/1978]  eta: 0:01:00    time: 0.0688  data: 0.0000  max mem: 2671
      Evaluation: [1200/1978]  eta: 0:00:53    time: 0.0689  data: 0.0000  max mem: 2671
      Evaluation: [1300/1978]  eta: 0:00:46    time: 0.0714  data: 0.0000  max mem: 2671
      Evaluation: [1400/1978]  eta: 0:00:39    time: 0.0689  data: 0.0000  max mem: 2671
      Evaluation: [1500/1978]  eta: 0:00:33    time: 0.0689  data: 0.0000  max mem: 2671
      Evaluation: [1600/1978]  eta: 0:00:26    time: 0.0689  data: 0.0000  max mem: 2671
      Evaluation: [1700/1978]  eta: 0:00:19    time: 0.0689  data: 0.0000  max mem: 2671
      Evaluation: [1800/1978]  eta: 0:00:12    time: 0.0689  data: 0.0000  max mem: 2671
      Evaluation: [1900/1978]  eta: 0:00:05    time: 0.0691  data: 0.0000  max mem: 2671
      Evaluation: [1977/1978]  eta: 0:00:00    time: 0.0687  data: 0.0000  max mem: 2671
      Evaluation: Total time: 0:02:16 (0.0690 s / it)
     Computing matching score time 0:02:16
### TTA ITM Score: 
+-------------------+--------+--------+--------+--------+--------+
|       epoch       |   R1   |   R5   |  R10   |  mAP   |  mINP  |
+-------------------+--------+--------+--------+--------+--------+
|  cos_sim_wo/norm  | 58.544 | 91.860 | 95.703 | 73.596 | 73.596 |
|        -999       | 69.414 | 95.197 | 97.776 | 81.233 | 81.233 |
| itm_score_wo/norm | 84.328 | 98.989 | 99.494 | 91.293 | 91.293 |
|        -999       | 84.277 | 99.039 | 99.596 | 91.276 | 91.276 |
|         0         | 84.328 | 99.039 | 99.596 | 91.301 | 91.301 |
|         1         | 84.631 | 99.039 | 99.596 | 91.453 | 91.453 |
+-------------------+--------+--------+--------+--------+--------+
     logs:  {'epo': 1, 'R1': 84.631, 'R5': 99.039, 'R10': 99.596, 'mAP': 91.453, 'mINP': 91.453, 'entropy': 0.316584, 'uncertainty': 1.254798, 'uncertainty_coeffi': 0.01, 'loss': 1.50603, 'lr': 1.2e-05}
      TTA Epoch: [2] [ 0/78]  eta: 0:00:36  entropy: 0.3426  uncertainty: 1.1682  uncertainty_coeffi: 0.0100  loss: 1.4673  lr: 0.000016  time: 0.4661  data: 0.3738  max mem: 2671
      TTA Epoch: [2] [77/78]  eta: 0:00:00  entropy: 0.1760  uncertainty: 1.2102  uncertainty_coeffi: 0.0100  loss: 1.3581  lr: 0.000023  time: 0.0619  data: 0.0001  max mem: 2671
      TTA Epoch: [2] Total time: 0:00:05 (0.0674 s / it)
     Averaged stats: entropy: 0.3031  uncertainty: 1.2542  uncertainty_coeffi: 0.0100  loss: 1.4941  lr: 0.0000
     itm tta time 0:00:05
     Computing matching score
      Evaluation: [   0/1978]  eta: 0:02:25    time: 0.0733  data: 0.0043  max mem: 2671
      Evaluation: [ 100/1978]  eta: 0:02:10    time: 0.0679  data: 0.0000  max mem: 2671
      Evaluation: [ 200/1978]  eta: 0:02:01    time: 0.0678  data: 0.0000  max mem: 2671
      Evaluation: [ 300/1978]  eta: 0:01:54    time: 0.0678  data: 0.0000  max mem: 2671
      Evaluation: [ 400/1978]  eta: 0:01:47    time: 0.0678  data: 0.0000  max mem: 2671
      Evaluation: [ 500/1978]  eta: 0:01:40    time: 0.0678  data: 0.0000  max mem: 2671
      Evaluation: [ 600/1978]  eta: 0:01:33    time: 0.0678  data: 0.0000  max mem: 2671
      Evaluation: [ 700/1978]  eta: 0:01:26    time: 0.0678  data: 0.0000  max mem: 2671
      Evaluation: [ 800/1978]  eta: 0:01:20    time: 0.0678  data: 0.0000  max mem: 2671
      Evaluation: [ 900/1978]  eta: 0:01:13    time: 0.0678  data: 0.0000  max mem: 2671
      Evaluation: [1000/1978]  eta: 0:01:06    time: 0.0695  data: 0.0000  max mem: 2671
      Evaluation: [1100/1978]  eta: 0:00:59    time: 0.0687  data: 0.0000  max mem: 2671
      Evaluation: [1200/1978]  eta: 0:00:53    time: 0.0684  data: 0.0000  max mem: 2671
      Evaluation: [1300/1978]  eta: 0:00:46    time: 0.0680  data: 0.0000  max mem: 2671
      Evaluation: [1400/1978]  eta: 0:00:39    time: 0.0680  data: 0.0000  max mem: 2671
      Evaluation: [1500/1978]  eta: 0:00:32    time: 0.0685  data: 0.0000  max mem: 2671
      Evaluation: [1600/1978]  eta: 0:00:25    time: 0.0682  data: 0.0000  max mem: 2671
      Evaluation: [1700/1978]  eta: 0:00:18    time: 0.0682  data: 0.0000  max mem: 2671
      Evaluation: [1800/1978]  eta: 0:00:12    time: 0.0680  data: 0.0000  max mem: 2671
      Evaluation: [1900/1978]  eta: 0:00:05    time: 0.0680  data: 0.0000  max mem: 2671
      Evaluation: [1977/1978]  eta: 0:00:00    time: 0.0680  data: 0.0000  max mem: 2671
      Evaluation: Total time: 0:02:14 (0.0682 s / it)
     Computing matching score time 0:02:15
### TTA ITM Score: 
+-------------------+--------+--------+--------+--------+--------+
|       epoch       |   R1   |   R5   |  R10   |  mAP   |  mINP  |
+-------------------+--------+--------+--------+--------+--------+
|  cos_sim_wo/norm  | 58.544 | 91.860 | 95.703 | 73.596 | 73.596 |
|        -999       | 69.414 | 95.197 | 97.776 | 81.233 | 81.233 |
| itm_score_wo/norm | 84.328 | 98.989 | 99.494 | 91.293 | 91.293 |
|        -999       | 84.277 | 99.039 | 99.596 | 91.276 | 91.276 |
|         0         | 84.328 | 99.039 | 99.596 | 91.301 | 91.301 |
|         1         | 84.631 | 99.039 | 99.596 | 91.453 | 91.453 |
|         2         | 84.732 | 98.989 | 99.596 | 91.481 | 91.481 |
+-------------------+--------+--------+--------+--------+--------+
     logs:  {'epo': 2, 'R1': 84.732, 'R5': 98.989, 'R10': 99.596, 'mAP': 91.481, 'mINP': 91.481, 'entropy': 0.303135, 'uncertainty': 1.254192, 'uncertainty_coeffi': 0.01, 'loss': 1.494105, 'lr': 2e-05}
      TTA Epoch: [3] [ 0/78]  eta: 0:00:42  entropy: 0.3225  uncertainty: 1.4066  uncertainty_coeffi: 0.0100  loss: 1.6424  lr: 0.000023  time: 0.5468  data: 0.4382  max mem: 2671
      TTA Epoch: [3] [77/78]  eta: 0:00:00  entropy: 0.2147  uncertainty: 1.1915  uncertainty_coeffi: 0.0100  loss: 1.3615  lr: 0.000031  time: 0.0608  data: 0.0001  max mem: 2671
      TTA Epoch: [3] Total time: 0:00:05 (0.0674 s / it)
     Averaged stats: entropy: 0.2810  uncertainty: 1.2540  uncertainty_coeffi: 0.0100  loss: 1.4760  lr: 0.0000
     itm tta time 0:00:05
      TTA Epoch: [4] [ 0/78]  eta: 0:00:46  entropy: 0.4974  uncertainty: 1.1491  uncertainty_coeffi: 0.0100  loss: 1.5748  lr: 0.000031  time: 0.5973  data: 0.5018  max mem: 2671
      TTA Epoch: [4] [77/78]  eta: 0:00:00  entropy: 0.1301  uncertainty: 1.1566  uncertainty_coeffi: 0.0100  loss: 1.2705  lr: 0.000039  time: 0.0623  data: 0.0001  max mem: 2671
      TTA Epoch: [4] Total time: 0:00:05 (0.0699 s / it)
     Averaged stats: entropy: 0.2605  uncertainty: 1.2541  uncertainty_coeffi: 0.0100  loss: 1.4586  lr: 0.0000
     itm tta time 0:00:05
     Computing matching score
      Evaluation: [   0/1978]  eta: 0:02:27    time: 0.0746  data: 0.0039  max mem: 2671
      Evaluation: [ 100/1978]  eta: 0:02:09    time: 0.0683  data: 0.0000  max mem: 2671
      Evaluation: [ 200/1978]  eta: 0:02:03    time: 0.0685  data: 0.0000  max mem: 2671
      Evaluation: [ 300/1978]  eta: 0:01:56    time: 0.0683  data: 0.0000  max mem: 2671
      Evaluation: [ 400/1978]  eta: 0:01:48    time: 0.0683  data: 0.0000  max mem: 2671
      Evaluation: [ 500/1978]  eta: 0:01:41    time: 0.0694  data: 0.0000  max mem: 2671
      Evaluation: [ 600/1978]  eta: 0:01:35    time: 0.0695  data: 0.0000  max mem: 2671
      Evaluation: [ 700/1978]  eta: 0:01:28    time: 0.0693  data: 0.0000  max mem: 2671
      Evaluation: [ 800/1978]  eta: 0:01:21    time: 0.0693  data: 0.0000  max mem: 2671
      Evaluation: [ 900/1978]  eta: 0:01:14    time: 0.0695  data: 0.0000  max mem: 2671
      Evaluation: [1000/1978]  eta: 0:01:07    time: 0.0694  data: 0.0000  max mem: 2671
      Evaluation: [1100/1978]  eta: 0:01:00    time: 0.0705  data: 0.0000  max mem: 2671
      Evaluation: [1200/1978]  eta: 0:00:53    time: 0.0696  data: 0.0000  max mem: 2671
      Evaluation: [1300/1978]  eta: 0:00:46    time: 0.0701  data: 0.0000  max mem: 2671
      Evaluation: [1400/1978]  eta: 0:00:40    time: 0.0696  data: 0.0000  max mem: 2671
      Evaluation: [1500/1978]  eta: 0:00:33    time: 0.0695  data: 0.0000  max mem: 2671
      Evaluation: [1600/1978]  eta: 0:00:26    time: 0.0695  data: 0.0000  max mem: 2671
      Evaluation: [1700/1978]  eta: 0:00:19    time: 0.0717  data: 0.0000  max mem: 2671
      Evaluation: [1800/1978]  eta: 0:00:12    time: 0.0696  data: 0.0000  max mem: 2671
      Evaluation: [1900/1978]  eta: 0:00:05    time: 0.0695  data: 0.0000  max mem: 2671
      Evaluation: [1977/1978]  eta: 0:00:00    time: 0.0695  data: 0.0000  max mem: 2671
      Evaluation: Total time: 0:02:17 (0.0696 s / it)
     Computing matching score time 0:02:17
### TTA ITM Score: 
+-------------------+--------+--------+--------+--------+--------+
|       epoch       |   R1   |   R5   |  R10   |  mAP   |  mINP  |
+-------------------+--------+--------+--------+--------+--------+
|  cos_sim_wo/norm  | 58.544 | 91.860 | 95.703 | 73.596 | 73.596 |
|        -999       | 69.414 | 95.197 | 97.776 | 81.233 | 81.233 |
| itm_score_wo/norm | 84.328 | 98.989 | 99.494 | 91.293 | 91.293 |
|        -999       | 84.277 | 99.039 | 99.596 | 91.276 | 91.276 |
|         0         | 84.328 | 99.039 | 99.596 | 91.301 | 91.301 |
|         1         | 84.631 | 99.039 | 99.596 | 91.453 | 91.453 |
|         2         | 84.732 | 98.989 | 99.596 | 91.481 | 91.481 |
|         4         | 84.580 | 98.888 | 99.494 | 91.355 | 91.355 |
+-------------------+--------+--------+--------+--------+--------+
     logs:  {'epo': 4, 'R1': 84.58, 'R5': 98.888, 'R10': 99.494, 'mAP': 91.355, 'mINP': 91.355, 'entropy': 0.260458, 'uncertainty': 1.25413, 'uncertainty_coeffi': 0.01, 'loss': 1.458586, 'lr': 3.5e-05}
      TTA Epoch: [5] [ 0/78]  eta: 0:00:37  entropy: 0.1545  uncertainty: 1.1598  uncertainty_coeffi: 0.0100  loss: 1.2771  lr: 0.000039  time: 0.4839  data: 0.3880  max mem: 2671
      TTA Epoch: [5] [77/78]  eta: 0:00:00  entropy: 0.1378  uncertainty: 1.1914  uncertainty_coeffi: 0.0100  loss: 1.3003  lr: 0.000047  time: 0.0619  data: 0.0001  max mem: 2671
      TTA Epoch: [5] Total time: 0:00:05 (0.0682 s / it)
     Averaged stats: entropy: 0.2367  uncertainty: 1.2531  uncertainty_coeffi: 0.0100  loss: 1.4386  lr: 0.0000
     itm tta time 0:00:05
      TTA Epoch: [6] [ 0/78]  eta: 0:00:43  entropy: 0.2426  uncertainty: 1.2240  uncertainty_coeffi: 0.0100  loss: 1.4237  lr: 0.000047  time: 0.5602  data: 0.4448  max mem: 2671
      TTA Epoch: [6] [77/78]  eta: 0:00:00  entropy: 0.1228  uncertainty: 1.1716  uncertainty_coeffi: 0.0100  loss: 1.2713  lr: 0.000049  time: 0.0622  data: 0.0001  max mem: 2671
      TTA Epoch: [6] Total time: 0:00:05 (0.0694 s / it)
     Averaged stats: entropy: 0.2191  uncertainty: 1.2544  uncertainty_coeffi: 0.0100  loss: 1.4255  lr: 0.0000
     itm tta time 0:00:05
      TTA Epoch: [7] [ 0/78]  eta: 0:00:43  entropy: 0.0809  uncertainty: 1.2523  uncertainty_coeffi: 0.0100  loss: 1.3097  lr: 0.000049  time: 0.5635  data: 0.4505  max mem: 2671
      TTA Epoch: [7] [77/78]  eta: 0:00:00  entropy: 0.3566  uncertainty: 1.3378  uncertainty_coeffi: 0.0100  loss: 1.6015  lr: 0.000049  time: 0.0615  data: 0.0001  max mem: 2671
      TTA Epoch: [7] Total time: 0:00:05 (0.0690 s / it)
     Averaged stats: entropy: 0.2032  uncertainty: 1.2541  uncertainty_coeffi: 0.0100  loss: 1.4119  lr: 0.0000
     itm tta time 0:00:05
      TTA Epoch: [8] [ 0/78]  eta: 0:00:38  entropy: 0.0652  uncertainty: 1.2770  uncertainty_coeffi: 0.0100  loss: 1.3332  lr: 0.000049  time: 0.4882  data: 0.4010  max mem: 2671
      TTA Epoch: [8] [77/78]  eta: 0:00:00  entropy: 0.2512  uncertainty: 1.2349  uncertainty_coeffi: 0.0100  loss: 1.4269  lr: 0.000048  time: 0.0622  data: 0.0001  max mem: 2671
      TTA Epoch: [8] Total time: 0:00:05 (0.0682 s / it)
     Averaged stats: entropy: 0.1921  uncertainty: 1.2530  uncertainty_coeffi: 0.0100  loss: 1.4022  lr: 0.0000
     itm tta time 0:00:05
      TTA Epoch: [9] [ 0/78]  eta: 0:00:52  entropy: 0.2023  uncertainty: 1.3476  uncertainty_coeffi: 0.0100  loss: 1.4986  lr: 0.000048  time: 0.6769  data: 0.5608  max mem: 2671
      TTA Epoch: [9] [77/78]  eta: 0:00:00  entropy: 0.1099  uncertainty: 1.1874  uncertainty_coeffi: 0.0100  loss: 1.2756  lr: 0.000047  time: 0.0615  data: 0.0001  max mem: 2671
      TTA Epoch: [9] Total time: 0:00:05 (0.0704 s / it)
     Averaged stats: entropy: 0.1786  uncertainty: 1.2535  uncertainty_coeffi: 0.0100  loss: 1.3917  lr: 0.0000
     itm tta time 0:00:05
     Computing matching score
      Evaluation: [   0/1978]  eta: 0:02:18    time: 0.0700  data: 0.0033  max mem: 2671
      Evaluation: [ 100/1978]  eta: 0:02:08    time: 0.0682  data: 0.0000  max mem: 2671
      Evaluation: [ 200/1978]  eta: 0:02:01    time: 0.0682  data: 0.0000  max mem: 2671
      Evaluation: [ 300/1978]  eta: 0:01:54    time: 0.0680  data: 0.0000  max mem: 2671
      Evaluation: [ 400/1978]  eta: 0:01:47    time: 0.0681  data: 0.0000  max mem: 2671
      Evaluation: [ 500/1978]  eta: 0:01:40    time: 0.0681  data: 0.0000  max mem: 2671
      Evaluation: [ 600/1978]  eta: 0:01:33    time: 0.0681  data: 0.0000  max mem: 2671
      Evaluation: [ 700/1978]  eta: 0:01:27    time: 0.0680  data: 0.0000  max mem: 2671
      Evaluation: [ 800/1978]  eta: 0:01:20    time: 0.0682  data: 0.0000  max mem: 2671
      Evaluation: [ 900/1978]  eta: 0:01:13    time: 0.0681  data: 0.0000  max mem: 2671
      Evaluation: [1000/1978]  eta: 0:01:06    time: 0.0680  data: 0.0000  max mem: 2671
      Evaluation: [1100/1978]  eta: 0:00:59    time: 0.0680  data: 0.0000  max mem: 2671
      Evaluation: [1200/1978]  eta: 0:00:52    time: 0.0681  data: 0.0000  max mem: 2671
      Evaluation: [1300/1978]  eta: 0:00:46    time: 0.0681  data: 0.0000  max mem: 2671
      Evaluation: [1400/1978]  eta: 0:00:39    time: 0.0681  data: 0.0000  max mem: 2671
      Evaluation: [1500/1978]  eta: 0:00:32    time: 0.0681  data: 0.0000  max mem: 2671
      Evaluation: [1600/1978]  eta: 0:00:25    time: 0.0679  data: 0.0000  max mem: 2671
      Evaluation: [1700/1978]  eta: 0:00:18    time: 0.0679  data: 0.0000  max mem: 2671
      Evaluation: [1800/1978]  eta: 0:00:12    time: 0.0680  data: 0.0000  max mem: 2671
      Evaluation: [1900/1978]  eta: 0:00:05    time: 0.0694  data: 0.0000  max mem: 2671
      Evaluation: [1977/1978]  eta: 0:00:00    time: 0.0694  data: 0.0000  max mem: 2671
      Evaluation: Total time: 0:02:14 (0.0682 s / it)
     Computing matching score time 0:02:15
### TTA ITM Score: 
+-------------------+--------+--------+--------+--------+--------+
|       epoch       |   R1   |   R5   |  R10   |  mAP   |  mINP  |
+-------------------+--------+--------+--------+--------+--------+
|  cos_sim_wo/norm  | 58.544 | 91.860 | 95.703 | 73.596 | 73.596 |
|        -999       | 69.414 | 95.197 | 97.776 | 81.233 | 81.233 |
| itm_score_wo/norm | 84.328 | 98.989 | 99.494 | 91.293 | 91.293 |
|        -999       | 84.277 | 99.039 | 99.596 | 91.276 | 91.276 |
|         0         | 84.328 | 99.039 | 99.596 | 91.301 | 91.301 |
|         1         | 84.631 | 99.039 | 99.596 | 91.453 | 91.453 |
|         2         | 84.732 | 98.989 | 99.596 | 91.481 | 91.481 |
|         4         | 84.580 | 98.888 | 99.494 | 91.355 | 91.355 |
|         9         | 84.378 | 98.635 | 99.242 | 91.191 | 91.191 |
+-------------------+--------+--------+--------+--------+--------+
     logs:  {'epo': 9, 'R1': 84.378, 'R5': 98.635, 'R10': 99.242, 'mAP': 91.191, 'mINP': 91.191, 'entropy': 0.178582, 'uncertainty': 1.253525, 'uncertainty_coeffi': 0.01, 'loss': 1.391715, 'lr': 4.7e-05}
      TTA Epoch: [10] [ 0/78]  eta: 0:00:33  entropy: 0.1748  uncertainty: 1.2838  uncertainty_coeffi: 0.0100  loss: 1.4109  lr: 0.000047  time: 0.4320  data: 0.3530  max mem: 2671
      TTA Epoch: [10] [77/78]  eta: 0:00:00  entropy: 0.1852  uncertainty: 1.2385  uncertainty_coeffi: 0.0100  loss: 1.3796  lr: 0.000046  time: 0.0621  data: 0.0001  max mem: 2671
      TTA Epoch: [10] Total time: 0:00:05 (0.0677 s / it)
     Averaged stats: entropy: 0.1697  uncertainty: 1.2536  uncertainty_coeffi: 0.0100  loss: 1.3850  lr: 0.0000
     itm tta time 0:00:05
      TTA Epoch: [11] [ 0/78]  eta: 0:00:39  entropy: 0.2293  uncertainty: 1.2516  uncertainty_coeffi: 0.0100  loss: 1.4404  lr: 0.000046  time: 0.5101  data: 0.3921  max mem: 2671
      TTA Epoch: [11] [77/78]  eta: 0:00:00  entropy: 0.2290  uncertainty: 1.2630  uncertainty_coeffi: 0.0100  loss: 1.4385  lr: 0.000045  time: 0.0618  data: 0.0001  max mem: 2671
      TTA Epoch: [11] Total time: 0:00:05 (0.0688 s / it)
     Averaged stats: entropy: 0.1619  uncertainty: 1.2541  uncertainty_coeffi: 0.0100  loss: 1.3787  lr: 0.0000
     itm tta time 0:00:05
      TTA Epoch: [12] [ 0/78]  eta: 0:00:38  entropy: 0.1126  uncertainty: 1.3001  uncertainty_coeffi: 0.0100  loss: 1.3996  lr: 0.000045  time: 0.4912  data: 0.3992  max mem: 2671
      TTA Epoch: [12] [77/78]  eta: 0:00:00  entropy: 0.1600  uncertainty: 1.2834  uncertainty_coeffi: 0.0100  loss: 1.3961  lr: 0.000044  time: 0.0613  data: 0.0001  max mem: 2671
      TTA Epoch: [12] Total time: 0:00:05 (0.0680 s / it)
     Averaged stats: entropy: 0.1613  uncertainty: 1.2543  uncertainty_coeffi: 0.0100  loss: 1.3788  lr: 0.0000
     itm tta time 0:00:05
      TTA Epoch: [13] [ 0/78]  eta: 0:00:38  entropy: 0.1870  uncertainty: 1.3193  uncertainty_coeffi: 0.0100  loss: 1.4428  lr: 0.000044  time: 0.4996  data: 0.4173  max mem: 2671
      TTA Epoch: [13] [77/78]  eta: 0:00:00  entropy: 0.1403  uncertainty: 1.3298  uncertainty_coeffi: 0.0100  loss: 1.4418  lr: 0.000043  time: 0.0616  data: 0.0001  max mem: 2671
      TTA Epoch: [13] Total time: 0:00:05 (0.0684 s / it)
     Averaged stats: entropy: 0.1527  uncertainty: 1.2535  uncertainty_coeffi: 0.0100  loss: 1.3722  lr: 0.0000
     itm tta time 0:00:05
      TTA Epoch: [14] [ 0/78]  eta: 0:00:38  entropy: 0.0307  uncertainty: 1.2516  uncertainty_coeffi: 0.0100  loss: 1.2784  lr: 0.000043  time: 0.4876  data: 0.3938  max mem: 2671
      TTA Epoch: [14] [77/78]  eta: 0:00:00  entropy: 0.1696  uncertainty: 1.3487  uncertainty_coeffi: 0.0100  loss: 1.4543  lr: 0.000042  time: 0.0611  data: 0.0001  max mem: 2671
      TTA Epoch: [14] Total time: 0:00:05 (0.0677 s / it)
     Averaged stats: entropy: 0.1473  uncertainty: 1.2542  uncertainty_coeffi: 0.0100  loss: 1.3677  lr: 0.0000
     itm tta time 0:00:05
     Computing matching score
      Evaluation: [   0/1978]  eta: 0:02:14    time: 0.0678  data: 0.0026  max mem: 2671
      Evaluation: [ 100/1978]  eta: 0:02:07    time: 0.0681  data: 0.0000  max mem: 2671
      Evaluation: [ 200/1978]  eta: 0:02:01    time: 0.0680  data: 0.0000  max mem: 2671
      Evaluation: [ 300/1978]  eta: 0:01:54    time: 0.0681  data: 0.0000  max mem: 2671
      Evaluation: [ 400/1978]  eta: 0:01:47    time: 0.0700  data: 0.0000  max mem: 2671
      Evaluation: [ 500/1978]  eta: 0:01:40    time: 0.0681  data: 0.0000  max mem: 2671
      Evaluation: [ 600/1978]  eta: 0:01:33    time: 0.0680  data: 0.0000  max mem: 2671
      Evaluation: [ 700/1978]  eta: 0:01:27    time: 0.0681  data: 0.0000  max mem: 2671
      Evaluation: [ 800/1978]  eta: 0:01:20    time: 0.0682  data: 0.0000  max mem: 2671
      Evaluation: [ 900/1978]  eta: 0:01:13    time: 0.0681  data: 0.0000  max mem: 2671
      Evaluation: [1000/1978]  eta: 0:01:06    time: 0.0681  data: 0.0000  max mem: 2671
      Evaluation: [1100/1978]  eta: 0:00:59    time: 0.0682  data: 0.0000  max mem: 2671
      Evaluation: [1200/1978]  eta: 0:00:53    time: 0.0681  data: 0.0000  max mem: 2671
      Evaluation: [1300/1978]  eta: 0:00:46    time: 0.0680  data: 0.0000  max mem: 2671
      Evaluation: [1400/1978]  eta: 0:00:39    time: 0.0682  data: 0.0000  max mem: 2671
      Evaluation: [1500/1978]  eta: 0:00:32    time: 0.0682  data: 0.0000  max mem: 2671
      Evaluation: [1600/1978]  eta: 0:00:25    time: 0.0682  data: 0.0000  max mem: 2671
      Evaluation: [1700/1978]  eta: 0:00:18    time: 0.0682  data: 0.0000  max mem: 2671
      Evaluation: [1800/1978]  eta: 0:00:12    time: 0.0680  data: 0.0000  max mem: 2671
      Evaluation: [1900/1978]  eta: 0:00:05    time: 0.0680  data: 0.0000  max mem: 2671
      Evaluation: [1977/1978]  eta: 0:00:00    time: 0.0680  data: 0.0000  max mem: 2671
      Evaluation: Total time: 0:02:14 (0.0681 s / it)
     Computing matching score time 0:02:15
### TTA ITM Score: 
+-------------------+--------+--------+--------+--------+--------+
|       epoch       |   R1   |   R5   |  R10   |  mAP   |  mINP  |
+-------------------+--------+--------+--------+--------+--------+
|  cos_sim_wo/norm  | 58.544 | 91.860 | 95.703 | 73.596 | 73.596 |
|        -999       | 69.414 | 95.197 | 97.776 | 81.233 | 81.233 |
| itm_score_wo/norm | 84.328 | 98.989 | 99.494 | 91.293 | 91.293 |
|        -999       | 84.277 | 99.039 | 99.596 | 91.276 | 91.276 |
|         0         | 84.328 | 99.039 | 99.596 | 91.301 | 91.301 |
|         1         | 84.631 | 99.039 | 99.596 | 91.453 | 91.453 |
|         2         | 84.732 | 98.989 | 99.596 | 91.481 | 91.481 |
|         4         | 84.580 | 98.888 | 99.494 | 91.355 | 91.355 |
|         9         | 84.378 | 98.635 | 99.242 | 91.191 | 91.191 |
|         14        | 84.479 | 98.686 | 99.191 | 91.221 | 91.221 |
+-------------------+--------+--------+--------+--------+--------+
     logs:  {'epo': 14, 'R1': 84.479, 'R5': 98.686, 'R10': 99.191, 'mAP': 91.221, 'mINP': 91.221, 'entropy': 0.147283, 'uncertainty': 1.254225, 'uncertainty_coeffi': 0.01, 'loss': 1.367737, 'lr': 4.3e-05}
      TTA Epoch: [15] [ 0/78]  eta: 0:00:34  entropy: 0.2515  uncertainty: 1.2642  uncertainty_coeffi: 0.0100  loss: 1.4461  lr: 0.000042  time: 0.4371  data: 0.3562  max mem: 2671
      TTA Epoch: [15] [77/78]  eta: 0:00:00  entropy: 0.1571  uncertainty: 1.2379  uncertainty_coeffi: 0.0100  loss: 1.3546  lr: 0.000041  time: 0.0604  data: 0.0001  max mem: 2671
      TTA Epoch: [15] Total time: 0:00:05 (0.0660 s / it)
     Averaged stats: entropy: 0.1357  uncertainty: 1.2544  uncertainty_coeffi: 0.0100  loss: 1.3584  lr: 0.0000
     itm tta time 0:00:05
      TTA Epoch: [16] [ 0/78]  eta: 0:00:40  entropy: 0.0971  uncertainty: 1.2628  uncertainty_coeffi: 0.0100  loss: 1.3361  lr: 0.000041  time: 0.5194  data: 0.4036  max mem: 2671
      TTA Epoch: [16] [77/78]  eta: 0:00:00  entropy: 0.0242  uncertainty: 1.2041  uncertainty_coeffi: 0.0100  loss: 1.2202  lr: 0.000040  time: 0.0624  data: 0.0001  max mem: 2671
      TTA Epoch: [16] Total time: 0:00:05 (0.0688 s / it)
     Averaged stats: entropy: 0.1325  uncertainty: 1.2543  uncertainty_coeffi: 0.0100  loss: 1.3572  lr: 0.0000
     itm tta time 0:00:05
      TTA Epoch: [17] [ 0/78]  eta: 0:00:51  entropy: 0.1841  uncertainty: 1.2959  uncertainty_coeffi: 0.0100  loss: 1.4227  lr: 0.000040  time: 0.6563  data: 0.5602  max mem: 2671
      TTA Epoch: [17] [77/78]  eta: 0:00:00  entropy: 0.0415  uncertainty: 1.3300  uncertainty_coeffi: 0.0100  loss: 1.3599  lr: 0.000039  time: 0.0623  data: 0.0001  max mem: 2671
      TTA Epoch: [17] Total time: 0:00:05 (0.0712 s / it)
     Averaged stats: entropy: 0.1266  uncertainty: 1.2540  uncertainty_coeffi: 0.0100  loss: 1.3515  lr: 0.0000
     itm tta time 0:00:05
      TTA Epoch: [18] [ 0/78]  eta: 0:00:48  entropy: 0.0498  uncertainty: 1.2315  uncertainty_coeffi: 0.0100  loss: 1.2747  lr: 0.000039  time: 0.6257  data: 0.5091  max mem: 2671
      TTA Epoch: [18] [77/78]  eta: 0:00:00  entropy: 0.0264  uncertainty: 1.4271  uncertainty_coeffi: 0.0100  loss: 1.4465  lr: 0.000038  time: 0.0623  data: 0.0001  max mem: 2671
      TTA Epoch: [18] Total time: 0:00:05 (0.0707 s / it)
     Averaged stats: entropy: 0.1253  uncertainty: 1.2544  uncertainty_coeffi: 0.0100  loss: 1.3507  lr: 0.0000
     itm tta time 0:00:05
      TTA Epoch: [19] [ 0/78]  eta: 0:00:36  entropy: 0.1109  uncertainty: 1.1444  uncertainty_coeffi: 0.0100  loss: 1.2221  lr: 0.000038  time: 0.4685  data: 0.3660  max mem: 2671
      TTA Epoch: [19] [77/78]  eta: 0:00:00  entropy: 0.0754  uncertainty: 1.2569  uncertainty_coeffi: 0.0100  loss: 1.3264  lr: 0.000038  time: 0.0617  data: 0.0001  max mem: 2671
      TTA Epoch: [19] Total time: 0:00:05 (0.0680 s / it)
     Averaged stats: entropy: 0.1295  uncertainty: 1.2545  uncertainty_coeffi: 0.0100  loss: 1.3542  lr: 0.0000
     itm tta time 0:00:05
     Computing matching score
      Evaluation: [   0/1978]  eta: 0:02:44    time: 0.0832  data: 0.0074  max mem: 2671
      Evaluation: [ 100/1978]  eta: 0:02:08    time: 0.0680  data: 0.0000  max mem: 2671
      Evaluation: [ 200/1978]  eta: 0:02:01    time: 0.0690  data: 0.0000  max mem: 2671
      Evaluation: [ 300/1978]  eta: 0:01:54    time: 0.0678  data: 0.0000  max mem: 2671
      Evaluation: [ 400/1978]  eta: 0:01:47    time: 0.0678  data: 0.0000  max mem: 2671
      Evaluation: [ 500/1978]  eta: 0:01:40    time: 0.0678  data: 0.0000  max mem: 2671
      Evaluation: [ 600/1978]  eta: 0:01:33    time: 0.0678  data: 0.0000  max mem: 2671
      Evaluation: [ 700/1978]  eta: 0:01:26    time: 0.0678  data: 0.0000  max mem: 2671
      Evaluation: [ 800/1978]  eta: 0:01:20    time: 0.0677  data: 0.0000  max mem: 2671
      Evaluation: [ 900/1978]  eta: 0:01:13    time: 0.0678  data: 0.0000  max mem: 2671
      Evaluation: [1000/1978]  eta: 0:01:06    time: 0.0678  data: 0.0000  max mem: 2671
      Evaluation: [1100/1978]  eta: 0:00:59    time: 0.0678  data: 0.0000  max mem: 2671
      Evaluation: [1200/1978]  eta: 0:00:52    time: 0.0679  data: 0.0000  max mem: 2671
      Evaluation: [1300/1978]  eta: 0:00:46    time: 0.0678  data: 0.0000  max mem: 2671
      Evaluation: [1400/1978]  eta: 0:00:39    time: 0.0679  data: 0.0000  max mem: 2671
      Evaluation: [1500/1978]  eta: 0:00:32    time: 0.0684  data: 0.0000  max mem: 2671
      Evaluation: [1600/1978]  eta: 0:00:25    time: 0.0678  data: 0.0000  max mem: 2671
      Evaluation: [1700/1978]  eta: 0:00:18    time: 0.0679  data: 0.0000  max mem: 2671
      Evaluation: [1800/1978]  eta: 0:00:12    time: 0.0683  data: 0.0000  max mem: 2671
      Evaluation: [1900/1978]  eta: 0:00:05    time: 0.0681  data: 0.0000  max mem: 2671
      Evaluation: [1977/1978]  eta: 0:00:00    time: 0.0682  data: 0.0000  max mem: 2671
      Evaluation: Total time: 0:02:14 (0.0680 s / it)
     Computing matching score time 0:02:14
### TTA ITM Score: 
+-------------------+--------+--------+--------+--------+--------+
|       epoch       |   R1   |   R5   |  R10   |  mAP   |  mINP  |
+-------------------+--------+--------+--------+--------+--------+
|  cos_sim_wo/norm  | 58.544 | 91.860 | 95.703 | 73.596 | 73.596 |
|        -999       | 69.414 | 95.197 | 97.776 | 81.233 | 81.233 |
| itm_score_wo/norm | 84.328 | 98.989 | 99.494 | 91.293 | 91.293 |
|        -999       | 84.277 | 99.039 | 99.596 | 91.276 | 91.276 |
|         0         | 84.328 | 99.039 | 99.596 | 91.301 | 91.301 |
|         1         | 84.631 | 99.039 | 99.596 | 91.453 | 91.453 |
|         2         | 84.732 | 98.989 | 99.596 | 91.481 | 91.481 |
|         4         | 84.580 | 98.888 | 99.494 | 91.355 | 91.355 |
|         9         | 84.378 | 98.635 | 99.242 | 91.191 | 91.191 |
|         14        | 84.479 | 98.686 | 99.191 | 91.221 | 91.221 |
|         19        | 84.530 | 98.686 | 99.191 | 91.248 | 91.248 |
+-------------------+--------+--------+--------+--------+--------+
     logs:  {'epo': 19, 'R1': 84.53, 'R5': 98.686, 'R10': 99.191, 'mAP': 91.248, 'mINP': 91.248, 'entropy': 0.129461, 'uncertainty': 1.254472, 'uncertainty_coeffi': 0.01, 'loss': 1.354248, 'lr': 3.8e-05}
      TTA Epoch: [20] [ 0/78]  eta: 0:00:35  entropy: 0.1530  uncertainty: 1.2285  uncertainty_coeffi: 0.0100  loss: 1.3658  lr: 0.000037  time: 0.4612  data: 0.3780  max mem: 2671
      TTA Epoch: [20] [77/78]  eta: 0:00:00  entropy: 0.1470  uncertainty: 1.2341  uncertainty_coeffi: 0.0100  loss: 1.3505  lr: 0.000037  time: 0.0606  data: 0.0001  max mem: 2671
      TTA Epoch: [20] Total time: 0:00:05 (0.0667 s / it)
     Averaged stats: entropy: 0.1200  uncertainty: 1.2539  uncertainty_coeffi: 0.0100  loss: 1.3462  lr: 0.0000
     itm tta time 0:00:05
      TTA Epoch: [21] [ 0/78]  eta: 0:00:36  entropy: 0.1507  uncertainty: 1.3403  uncertainty_coeffi: 0.0100  loss: 1.4381  lr: 0.000037  time: 0.4703  data: 0.3606  max mem: 2671
      TTA Epoch: [21] [77/78]  eta: 0:00:00  entropy: 0.1433  uncertainty: 1.2052  uncertainty_coeffi: 0.0100  loss: 1.3177  lr: 0.000036  time: 0.0611  data: 0.0001  max mem: 2671
      TTA Epoch: [21] Total time: 0:00:05 (0.0673 s / it)
     Averaged stats: entropy: 0.1183  uncertainty: 1.2541  uncertainty_coeffi: 0.0100  loss: 1.3447  lr: 0.0000
     itm tta time 0:00:05
      TTA Epoch: [22] [ 0/78]  eta: 0:00:38  entropy: 0.1080  uncertainty: 1.3139  uncertainty_coeffi: 0.0100  loss: 1.3960  lr: 0.000036  time: 0.4915  data: 0.4059  max mem: 2671
      TTA Epoch: [22] [77/78]  eta: 0:00:00  entropy: 0.0387  uncertainty: 1.1830  uncertainty_coeffi: 0.0100  loss: 1.2172  lr: 0.000035  time: 0.0614  data: 0.0001  max mem: 2671
      TTA Epoch: [22] Total time: 0:00:05 (0.0681 s / it)
     Averaged stats: entropy: 0.1162  uncertainty: 1.2537  uncertainty_coeffi: 0.0100  loss: 1.3424  lr: 0.0000
     itm tta time 0:00:05
      TTA Epoch: [23] [ 0/78]  eta: 0:00:36  entropy: 0.1090  uncertainty: 1.3038  uncertainty_coeffi: 0.0100  loss: 1.3806  lr: 0.000035  time: 0.4741  data: 0.3856  max mem: 2671
      TTA Epoch: [23] [77/78]  eta: 0:00:00  entropy: 0.1232  uncertainty: 1.2056  uncertainty_coeffi: 0.0100  loss: 1.2919  lr: 0.000034  time: 0.0614  data: 0.0001  max mem: 2671
      TTA Epoch: [23] Total time: 0:00:05 (0.0680 s / it)
     Averaged stats: entropy: 0.1178  uncertainty: 1.2547  uncertainty_coeffi: 0.0100  loss: 1.3447  lr: 0.0000
     itm tta time 0:00:05
      TTA Epoch: [24] [ 0/78]  eta: 0:00:40  entropy: 0.0241  uncertainty: 1.1187  uncertainty_coeffi: 0.0100  loss: 1.1376  lr: 0.000034  time: 0.5186  data: 0.4174  max mem: 2671
      TTA Epoch: [24] [77/78]  eta: 0:00:00  entropy: 0.0714  uncertainty: 1.2872  uncertainty_coeffi: 0.0100  loss: 1.3490  lr: 0.000033  time: 0.0615  data: 0.0001  max mem: 2671
      TTA Epoch: [24] Total time: 0:00:05 (0.0685 s / it)
     Averaged stats: entropy: 0.1104  uncertainty: 1.2533  uncertainty_coeffi: 0.0100  loss: 1.3389  lr: 0.0000
     itm tta time 0:00:05
      TTA Epoch: [25] [ 0/78]  eta: 0:00:37  entropy: 0.0766  uncertainty: 1.2582  uncertainty_coeffi: 0.0100  loss: 1.3183  lr: 0.000033  time: 0.4838  data: 0.3965  max mem: 2671
      TTA Epoch: [25] [77/78]  eta: 0:00:00  entropy: 0.0413  uncertainty: 1.2731  uncertainty_coeffi: 0.0100  loss: 1.3091  lr: 0.000016  time: 0.0614  data: 0.0001  max mem: 2671
      TTA Epoch: [25] Total time: 0:00:05 (0.0681 s / it)
     Averaged stats: entropy: 0.1108  uncertainty: 1.2543  uncertainty_coeffi: 0.0100  loss: 1.3396  lr: 0.0000
     itm tta time 0:00:05
      TTA Epoch: [26] [ 0/78]  eta: 0:00:38  entropy: 0.0582  uncertainty: 1.3945  uncertainty_coeffi: 0.0100  loss: 1.4358  lr: 0.000016  time: 0.4937  data: 0.3973  max mem: 2671
      TTA Epoch: [26] [77/78]  eta: 0:00:00  entropy: 0.1871  uncertainty: 1.1728  uncertainty_coeffi: 0.0100  loss: 1.3254  lr: 0.000016  time: 0.0623  data: 0.0001  max mem: 2671
      TTA Epoch: [26] Total time: 0:00:05 (0.0687 s / it)
     Averaged stats: entropy: 0.1047  uncertainty: 1.2550  uncertainty_coeffi: 0.0100  loss: 1.3348  lr: 0.0000
     itm tta time 0:00:05
      TTA Epoch: [27] [ 0/78]  eta: 0:00:45  entropy: 0.1833  uncertainty: 1.3171  uncertainty_coeffi: 0.0100  loss: 1.4599  lr: 0.000016  time: 0.5800  data: 0.4613  max mem: 2671
      TTA Epoch: [27] [77/78]  eta: 0:00:00  entropy: 0.0926  uncertainty: 1.2436  uncertainty_coeffi: 0.0100  loss: 1.3136  lr: 0.000015  time: 0.0621  data: 0.0001  max mem: 2671
      TTA Epoch: [27] Total time: 0:00:05 (0.0696 s / it)
     Averaged stats: entropy: 0.1017  uncertainty: 1.2544  uncertainty_coeffi: 0.0100  loss: 1.3322  lr: 0.0000
     itm tta time 0:00:05
      TTA Epoch: [28] [ 0/78]  eta: 0:00:43  entropy: 0.1669  uncertainty: 1.1768  uncertainty_coeffi: 0.0100  loss: 1.3027  lr: 0.000015  time: 0.5562  data: 0.4816  max mem: 2671
      TTA Epoch: [28] [77/78]  eta: 0:00:00  entropy: 0.1327  uncertainty: 1.2291  uncertainty_coeffi: 0.0100  loss: 1.3437  lr: 0.000015  time: 0.0611  data: 0.0001  max mem: 2671
      TTA Epoch: [28] Total time: 0:00:05 (0.0685 s / it)
     Averaged stats: entropy: 0.1084  uncertainty: 1.2538  uncertainty_coeffi: 0.0100  loss: 1.3365  lr: 0.0000
     itm tta time 0:00:05
      TTA Epoch: [29] [ 0/78]  eta: 0:00:37  entropy: 0.0581  uncertainty: 1.1990  uncertainty_coeffi: 0.0100  loss: 1.2475  lr: 0.000015  time: 0.4820  data: 0.3925  max mem: 2671
      TTA Epoch: [29] [77/78]  eta: 0:00:00  entropy: 0.0056  uncertainty: 1.2584  uncertainty_coeffi: 0.0100  loss: 1.2628  lr: 0.000014  time: 0.0613  data: 0.0001  max mem: 2671
      TTA Epoch: [29] Total time: 0:00:05 (0.0680 s / it)
     Averaged stats: entropy: 0.1030  uncertainty: 1.2536  uncertainty_coeffi: 0.0100  loss: 1.3320  lr: 0.0000
     itm tta time 0:00:05
     Computing matching score
      Evaluation: [   0/1978]  eta: 0:02:32    time: 0.0773  data: 0.0053  max mem: 2671
      Evaluation: [ 100/1978]  eta: 0:02:10    time: 0.0699  data: 0.0000  max mem: 2671
      Evaluation: [ 200/1978]  eta: 0:02:02    time: 0.0677  data: 0.0000  max mem: 2671
      Evaluation: [ 300/1978]  eta: 0:01:54    time: 0.0677  data: 0.0000  max mem: 2671
      Evaluation: [ 400/1978]  eta: 0:01:47    time: 0.0677  data: 0.0000  max mem: 2671
      Evaluation: [ 500/1978]  eta: 0:01:40    time: 0.0678  data: 0.0000  max mem: 2671
      Evaluation: [ 600/1978]  eta: 0:01:33    time: 0.0678  data: 0.0000  max mem: 2671
      Evaluation: [ 700/1978]  eta: 0:01:26    time: 0.0677  data: 0.0000  max mem: 2671
      Evaluation: [ 800/1978]  eta: 0:01:20    time: 0.0677  data: 0.0000  max mem: 2671
      Evaluation: [ 900/1978]  eta: 0:01:13    time: 0.0678  data: 0.0000  max mem: 2671
      Evaluation: [1000/1978]  eta: 0:01:06    time: 0.0680  data: 0.0000  max mem: 2671
      Evaluation: [1100/1978]  eta: 0:00:59    time: 0.0678  data: 0.0000  max mem: 2671
      Evaluation: [1200/1978]  eta: 0:00:52    time: 0.0678  data: 0.0000  max mem: 2671
      Evaluation: [1300/1978]  eta: 0:00:46    time: 0.0678  data: 0.0000  max mem: 2671
      Evaluation: [1400/1978]  eta: 0:00:39    time: 0.0677  data: 0.0000  max mem: 2671
      Evaluation: [1500/1978]  eta: 0:00:32    time: 0.0678  data: 0.0000  max mem: 2671
      Evaluation: [1600/1978]  eta: 0:00:25    time: 0.0678  data: 0.0000  max mem: 2671
      Evaluation: [1700/1978]  eta: 0:00:18    time: 0.0678  data: 0.0000  max mem: 2671
      Evaluation: [1800/1978]  eta: 0:00:12    time: 0.0678  data: 0.0000  max mem: 2671
      Evaluation: [1900/1978]  eta: 0:00:05    time: 0.0681  data: 0.0000  max mem: 2671
      Evaluation: [1977/1978]  eta: 0:00:00    time: 0.0681  data: 0.0000  max mem: 2671
      Evaluation: Total time: 0:02:14 (0.0679 s / it)
     Computing matching score time 0:02:14
### TTA ITM Score: 
+-------------------+--------+--------+--------+--------+--------+
|       epoch       |   R1   |   R5   |  R10   |  mAP   |  mINP  |
+-------------------+--------+--------+--------+--------+--------+
|  cos_sim_wo/norm  | 58.544 | 91.860 | 95.703 | 73.596 | 73.596 |
|        -999       | 69.414 | 95.197 | 97.776 | 81.233 | 81.233 |
| itm_score_wo/norm | 84.328 | 98.989 | 99.494 | 91.293 | 91.293 |
|        -999       | 84.277 | 99.039 | 99.596 | 91.276 | 91.276 |
|         0         | 84.328 | 99.039 | 99.596 | 91.301 | 91.301 |
|         1         | 84.631 | 99.039 | 99.596 | 91.453 | 91.453 |
|         2         | 84.732 | 98.989 | 99.596 | 91.481 | 91.481 |
|         4         | 84.580 | 98.888 | 99.494 | 91.355 | 91.355 |
|         9         | 84.378 | 98.635 | 99.242 | 91.191 | 91.191 |
|         14        | 84.479 | 98.686 | 99.191 | 91.221 | 91.221 |
|         19        | 84.530 | 98.686 | 99.191 | 91.248 | 91.248 |
|         29        | 84.580 | 98.686 | 99.292 | 91.313 | 91.313 |
+-------------------+--------+--------+--------+--------+--------+
     logs:  {'epo': 29, 'R1': 84.58, 'R5': 98.686, 'R10': 99.292, 'mAP': 91.313, 'mINP': 91.313, 'entropy': 0.103027, 'uncertainty': 1.253631, 'uncertainty_coeffi': 0.01, 'loss': 1.331975, 'lr': 1.4e-05}
      TTA Epoch: [30] [ 0/78]  eta: 0:00:35  entropy: 0.0785  uncertainty: 1.3417  uncertainty_coeffi: 0.0100  loss: 1.3888  lr: 0.000014  time: 0.4519  data: 0.3707  max mem: 2671
      TTA Epoch: [30] [77/78]  eta: 0:00:00  entropy: 0.1386  uncertainty: 1.2165  uncertainty_coeffi: 0.0100  loss: 1.3277  lr: 0.000014  time: 0.0608  data: 0.0001  max mem: 2671
      TTA Epoch: [30] Total time: 0:00:05 (0.0671 s / it)
     Averaged stats: entropy: 0.0977  uncertainty: 1.2542  uncertainty_coeffi: 0.0100  loss: 1.3288  lr: 0.0000
     itm tta time 0:00:05
      TTA Epoch: [31] [ 0/78]  eta: 0:00:36  entropy: 0.0813  uncertainty: 1.2671  uncertainty_coeffi: 0.0100  loss: 1.3366  lr: 0.000014  time: 0.4734  data: 0.3870  max mem: 2671
      TTA Epoch: [31] [77/78]  eta: 0:00:00  entropy: 0.1281  uncertainty: 1.1975  uncertainty_coeffi: 0.0100  loss: 1.3003  lr: 0.000013  time: 0.0610  data: 0.0001  max mem: 2671
      TTA Epoch: [31] Total time: 0:00:05 (0.0673 s / it)
     Averaged stats: entropy: 0.1019  uncertainty: 1.2534  uncertainty_coeffi: 0.0100  loss: 1.3315  lr: 0.0000
     itm tta time 0:00:05
      TTA Epoch: [32] [ 0/78]  eta: 0:00:39  entropy: 0.0817  uncertainty: 1.2708  uncertainty_coeffi: 0.0100  loss: 1.3305  lr: 0.000013  time: 0.5070  data: 0.3900  max mem: 2671
      TTA Epoch: [32] [77/78]  eta: 0:00:00  entropy: 0.0951  uncertainty: 1.4854  uncertainty_coeffi: 0.0100  loss: 1.5591  lr: 0.000013  time: 0.0614  data: 0.0001  max mem: 2671
      TTA Epoch: [32] Total time: 0:00:05 (0.0681 s / it)
     Averaged stats: entropy: 0.1051  uncertainty: 1.2545  uncertainty_coeffi: 0.0100  loss: 1.3349  lr: 0.0000
     itm tta time 0:00:05
      TTA Epoch: [33] [ 0/78]  eta: 0:00:38  entropy: 0.0536  uncertainty: 1.1548  uncertainty_coeffi: 0.0100  loss: 1.2002  lr: 0.000013  time: 0.4908  data: 0.3755  max mem: 2671
      TTA Epoch: [33] [77/78]  eta: 0:00:00  entropy: 0.1255  uncertainty: 1.2202  uncertainty_coeffi: 0.0100  loss: 1.3156  lr: 0.000012  time: 0.0612  data: 0.0001  max mem: 2671
      TTA Epoch: [33] Total time: 0:00:05 (0.0676 s / it)
     Averaged stats: entropy: 0.1034  uncertainty: 1.2536  uncertainty_coeffi: 0.0100  loss: 1.3327  lr: 0.0000
     itm tta time 0:00:05
      TTA Epoch: [34] [ 0/78]  eta: 0:00:36  entropy: 0.1858  uncertainty: 1.2970  uncertainty_coeffi: 0.0100  loss: 1.4486  lr: 0.000012  time: 0.4688  data: 0.3860  max mem: 2671
      TTA Epoch: [34] [77/78]  eta: 0:00:00  entropy: 0.0429  uncertainty: 1.2549  uncertainty_coeffi: 0.0100  loss: 1.2835  lr: 0.000012  time: 0.0615  data: 0.0001  max mem: 2671
      TTA Epoch: [34] Total time: 0:00:05 (0.0678 s / it)
     Averaged stats: entropy: 0.1035  uncertainty: 1.2550  uncertainty_coeffi: 0.0100  loss: 1.3338  lr: 0.0000
     itm tta time 0:00:05
      TTA Epoch: [35] [ 0/78]  eta: 0:00:40  entropy: 0.1108  uncertainty: 1.1584  uncertainty_coeffi: 0.0100  loss: 1.2571  lr: 0.000012  time: 0.5237  data: 0.4083  max mem: 2671
      TTA Epoch: [35] [77/78]  eta: 0:00:00  entropy: 0.1673  uncertainty: 1.2328  uncertainty_coeffi: 0.0100  loss: 1.3531  lr: 0.000011  time: 0.0623  data: 0.0001  max mem: 2671
      TTA Epoch: [35] Total time: 0:00:05 (0.0688 s / it)
     Averaged stats: entropy: 0.1042  uncertainty: 1.2532  uncertainty_coeffi: 0.0100  loss: 1.3325  lr: 0.0000
     itm tta time 0:00:05
      TTA Epoch: [36] [ 0/78]  eta: 0:00:50  entropy: 0.0251  uncertainty: 1.1960  uncertainty_coeffi: 0.0100  loss: 1.2156  lr: 0.000011  time: 0.6418  data: 0.5284  max mem: 2671
      TTA Epoch: [36] [77/78]  eta: 0:00:00  entropy: 0.0644  uncertainty: 1.2898  uncertainty_coeffi: 0.0100  loss: 1.3363  lr: 0.000011  time: 0.0622  data: 0.0001  max mem: 2671
      TTA Epoch: [36] Total time: 0:00:05 (0.0708 s / it)
     Averaged stats: entropy: 0.0964  uncertainty: 1.2541  uncertainty_coeffi: 0.0100  loss: 1.3275  lr: 0.0000
     itm tta time 0:00:05
      TTA Epoch: [37] [ 0/78]  eta: 0:00:47  entropy: 0.0268  uncertainty: 1.1141  uncertainty_coeffi: 0.0100  loss: 1.1375  lr: 0.000011  time: 0.6038  data: 0.4890  max mem: 2671
      TTA Epoch: [37] [77/78]  eta: 0:00:00  entropy: 0.1740  uncertainty: 1.2807  uncertainty_coeffi: 0.0100  loss: 1.4186  lr: 0.000010  time: 0.0611  data: 0.0001  max mem: 2671
      TTA Epoch: [37] Total time: 0:00:05 (0.0698 s / it)
     Averaged stats: entropy: 0.0992  uncertainty: 1.2543  uncertainty_coeffi: 0.0100  loss: 1.3305  lr: 0.0000
     itm tta time 0:00:05
      TTA Epoch: [38] [ 0/78]  eta: 0:00:36  entropy: 0.1196  uncertainty: 1.2002  uncertainty_coeffi: 0.0100  loss: 1.3028  lr: 0.000010  time: 0.4647  data: 0.3898  max mem: 2671
      TTA Epoch: [38] [77/78]  eta: 0:00:00  entropy: 0.0430  uncertainty: 1.2051  uncertainty_coeffi: 0.0100  loss: 1.2428  lr: 0.000010  time: 0.0620  data: 0.0001  max mem: 2671
      TTA Epoch: [38] Total time: 0:00:05 (0.0679 s / it)
     Averaged stats: entropy: 0.0969  uncertainty: 1.2549  uncertainty_coeffi: 0.0100  loss: 1.3288  lr: 0.0000
     itm tta time 0:00:05
      TTA Epoch: [39] [ 0/78]  eta: 0:00:41  entropy: 0.0657  uncertainty: 1.3684  uncertainty_coeffi: 0.0100  loss: 1.4186  lr: 0.000010  time: 0.5359  data: 0.4200  max mem: 2671
      TTA Epoch: [39] [77/78]  eta: 0:00:00  entropy: 0.1726  uncertainty: 1.2669  uncertainty_coeffi: 0.0100  loss: 1.3952  lr: 0.000010  time: 0.0622  data: 0.0001  max mem: 2671
      TTA Epoch: [39] Total time: 0:00:05 (0.0692 s / it)
     Averaged stats: entropy: 0.0996  uncertainty: 1.2541  uncertainty_coeffi: 0.0100  loss: 1.3301  lr: 0.0000
     itm tta time 0:00:05
     Computing matching score
      Evaluation: [   0/1978]  eta: 0:02:13    time: 0.0674  data: 0.0028  max mem: 2671
      Evaluation: [ 100/1978]  eta: 0:02:08    time: 0.0678  data: 0.0000  max mem: 2671
      Evaluation: [ 200/1978]  eta: 0:02:00    time: 0.0677  data: 0.0000  max mem: 2671
      Evaluation: [ 300/1978]  eta: 0:01:53    time: 0.0678  data: 0.0000  max mem: 2671
      Evaluation: [ 400/1978]  eta: 0:01:47    time: 0.0678  data: 0.0000  max mem: 2671
      Evaluation: [ 500/1978]  eta: 0:01:40    time: 0.0678  data: 0.0000  max mem: 2671
      Evaluation: [ 600/1978]  eta: 0:01:33    time: 0.0678  data: 0.0000  max mem: 2671
      Evaluation: [ 700/1978]  eta: 0:01:26    time: 0.0678  data: 0.0000  max mem: 2671
      Evaluation: [ 800/1978]  eta: 0:01:19    time: 0.0678  data: 0.0000  max mem: 2671
      Evaluation: [ 900/1978]  eta: 0:01:13    time: 0.0677  data: 0.0000  max mem: 2671
      Evaluation: [1000/1978]  eta: 0:01:06    time: 0.0678  data: 0.0000  max mem: 2671
      Evaluation: [1100/1978]  eta: 0:00:59    time: 0.0678  data: 0.0000  max mem: 2671
      Evaluation: [1200/1978]  eta: 0:00:52    time: 0.0678  data: 0.0000  max mem: 2671
      Evaluation: [1300/1978]  eta: 0:00:45    time: 0.0677  data: 0.0000  max mem: 2671
      Evaluation: [1400/1978]  eta: 0:00:39    time: 0.0677  data: 0.0000  max mem: 2671
      Evaluation: [1500/1978]  eta: 0:00:32    time: 0.0678  data: 0.0000  max mem: 2671
      Evaluation: [1600/1978]  eta: 0:00:25    time: 0.0678  data: 0.0000  max mem: 2671
      Evaluation: [1700/1978]  eta: 0:00:18    time: 0.0677  data: 0.0000  max mem: 2671
      Evaluation: [1800/1978]  eta: 0:00:12    time: 0.0678  data: 0.0000  max mem: 2671
      Evaluation: [1900/1978]  eta: 0:00:05    time: 0.0679  data: 0.0000  max mem: 2671
      Evaluation: [1977/1978]  eta: 0:00:00    time: 0.0679  data: 0.0000  max mem: 2671
      Evaluation: Total time: 0:02:14 (0.0678 s / it)
     Computing matching score time 0:02:14
### TTA ITM Score: 
+-------------------+--------+--------+--------+--------+--------+
|       epoch       |   R1   |   R5   |  R10   |  mAP   |  mINP  |
+-------------------+--------+--------+--------+--------+--------+
|  cos_sim_wo/norm  | 58.544 | 91.860 | 95.703 | 73.596 | 73.596 |
|        -999       | 69.414 | 95.197 | 97.776 | 81.233 | 81.233 |
| itm_score_wo/norm | 84.328 | 98.989 | 99.494 | 91.293 | 91.293 |
|        -999       | 84.277 | 99.039 | 99.596 | 91.276 | 91.276 |
|         0         | 84.328 | 99.039 | 99.596 | 91.301 | 91.301 |
|         1         | 84.631 | 99.039 | 99.596 | 91.453 | 91.453 |
|         2         | 84.732 | 98.989 | 99.596 | 91.481 | 91.481 |
|         4         | 84.580 | 98.888 | 99.494 | 91.355 | 91.355 |
|         9         | 84.378 | 98.635 | 99.242 | 91.191 | 91.191 |
|         14        | 84.479 | 98.686 | 99.191 | 91.221 | 91.221 |
|         19        | 84.530 | 98.686 | 99.191 | 91.248 | 91.248 |
|         29        | 84.580 | 98.686 | 99.292 | 91.313 | 91.313 |
|         39        | 84.681 | 98.686 | 99.242 | 91.357 | 91.357 |
+-------------------+--------+--------+--------+--------+--------+
     logs:  {'epo': 39, 'R1': 84.681, 'R5': 98.686, 'R10': 99.242, 'mAP': 91.357, 'mINP': 91.357, 'entropy': 0.09964, 'uncertainty': 1.25414, 'uncertainty_coeffi': 0.01, 'loss': 1.330087, 'lr': 1e-05}
      TTA Epoch: [40] [ 0/78]  eta: 0:00:34  entropy: 0.1706  uncertainty: 1.2472  uncertainty_coeffi: 0.0100  loss: 1.4020  lr: 0.000010  time: 0.4478  data: 0.3738  max mem: 2671
      TTA Epoch: [40] [77/78]  eta: 0:00:00  entropy: 0.0570  uncertainty: 1.2631  uncertainty_coeffi: 0.0100  loss: 1.3056  lr: 0.000009  time: 0.0614  data: 0.0001  max mem: 2671
      TTA Epoch: [40] Total time: 0:00:05 (0.0670 s / it)
     Averaged stats: entropy: 0.0942  uncertainty: 1.2535  uncertainty_coeffi: 0.0100  loss: 1.3254  lr: 0.0000
     itm tta time 0:00:05
      TTA Epoch: [41] [ 0/78]  eta: 0:00:55  entropy: 0.0704  uncertainty: 1.1909  uncertainty_coeffi: 0.0100  loss: 1.2515  lr: 0.000009  time: 0.7071  data: 0.5902  max mem: 2671
      TTA Epoch: [41] [77/78]  eta: 0:00:00  entropy: 0.1759  uncertainty: 1.4527  uncertainty_coeffi: 0.0100  loss: 1.5782  lr: 0.000009  time: 0.0613  data: 0.0001  max mem: 2671
      TTA Epoch: [41] Total time: 0:00:05 (0.0710 s / it)
     Averaged stats: entropy: 0.0959  uncertainty: 1.2540  uncertainty_coeffi: 0.0100  loss: 1.3268  lr: 0.0000
     itm tta time 0:00:05
      TTA Epoch: [42] [ 0/78]  eta: 0:00:33  entropy: 0.1423  uncertainty: 1.2782  uncertainty_coeffi: 0.0100  loss: 1.3855  lr: 0.000009  time: 0.4265  data: 0.3331  max mem: 2671
      TTA Epoch: [42] [77/78]  eta: 0:00:00  entropy: 0.0093  uncertainty: 1.2155  uncertainty_coeffi: 0.0100  loss: 1.2228  lr: 0.000008  time: 0.0624  data: 0.0001  max mem: 2671
      TTA Epoch: [42] Total time: 0:00:05 (0.0685 s / it)
     Averaged stats: entropy: 0.1012  uncertainty: 1.2533  uncertainty_coeffi: 0.0100  loss: 1.3299  lr: 0.0000
     itm tta time 0:00:05
      TTA Epoch: [43] [ 0/78]  eta: 0:00:41  entropy: 0.1730  uncertainty: 1.2581  uncertainty_coeffi: 0.0100  loss: 1.3993  lr: 0.000008  time: 0.5384  data: 0.4328  max mem: 2671
      TTA Epoch: [43] [77/78]  eta: 0:00:00  entropy: 0.1329  uncertainty: 1.1833  uncertainty_coeffi: 0.0100  loss: 1.2840  lr: 0.000008  time: 0.0606  data: 0.0001  max mem: 2671
      TTA Epoch: [43] Total time: 0:00:05 (0.0676 s / it)
     Averaged stats: entropy: 0.0958  uncertainty: 1.2541  uncertainty_coeffi: 0.0100  loss: 1.3273  lr: 0.0000
     itm tta time 0:00:05
      TTA Epoch: [44] [ 0/78]  eta: 0:00:33  entropy: 0.1936  uncertainty: 1.2485  uncertainty_coeffi: 0.0100  loss: 1.4110  lr: 0.000008  time: 0.4316  data: 0.3526  max mem: 2671
      TTA Epoch: [44] [77/78]  eta: 0:00:00  entropy: 0.1426  uncertainty: 1.3447  uncertainty_coeffi: 0.0100  loss: 1.4517  lr: 0.000003  time: 0.0612  data: 0.0001  max mem: 2671
      TTA Epoch: [44] Total time: 0:00:05 (0.0665 s / it)
     Averaged stats: entropy: 0.0950  uncertainty: 1.2534  uncertainty_coeffi: 0.0100  loss: 1.3266  lr: 0.0000
     itm tta time 0:00:05
      TTA Epoch: [45] [ 0/78]  eta: 0:00:34  entropy: 0.0585  uncertainty: 1.3257  uncertainty_coeffi: 0.0100  loss: 1.3558  lr: 0.000003  time: 0.4466  data: 0.3569  max mem: 2671
      TTA Epoch: [45] [77/78]  eta: 0:00:00  entropy: 0.0562  uncertainty: 1.1870  uncertainty_coeffi: 0.0100  loss: 1.2397  lr: 0.000003  time: 0.0618  data: 0.0001  max mem: 2671
      TTA Epoch: [45] Total time: 0:00:05 (0.0677 s / it)
     Averaged stats: entropy: 0.0924  uncertainty: 1.2537  uncertainty_coeffi: 0.0100  loss: 1.3244  lr: 0.0000
     itm tta time 0:00:05
      TTA Epoch: [46] [ 0/78]  eta: 0:00:41  entropy: 0.0735  uncertainty: 1.2581  uncertainty_coeffi: 0.0100  loss: 1.3129  lr: 0.000003  time: 0.5266  data: 0.4327  max mem: 2671
      TTA Epoch: [46] [77/78]  eta: 0:00:00  entropy: 0.0815  uncertainty: 1.2076  uncertainty_coeffi: 0.0100  loss: 1.2636  lr: 0.000003  time: 0.0614  data: 0.0001  max mem: 2671
      TTA Epoch: [46] Total time: 0:00:05 (0.0685 s / it)
     Averaged stats: entropy: 0.0943  uncertainty: 1.2538  uncertainty_coeffi: 0.0100  loss: 1.3256  lr: 0.0000
     itm tta time 0:00:05
      TTA Epoch: [47] [ 0/78]  eta: 0:00:39  entropy: 0.0545  uncertainty: 1.3392  uncertainty_coeffi: 0.0100  loss: 1.3830  lr: 0.000003  time: 0.5105  data: 0.4212  max mem: 2671
      TTA Epoch: [47] [77/78]  eta: 0:00:00  entropy: 0.2041  uncertainty: 1.4240  uncertainty_coeffi: 0.0100  loss: 1.5611  lr: 0.000002  time: 0.0616  data: 0.0001  max mem: 2671
      TTA Epoch: [47] Total time: 0:00:05 (0.0685 s / it)
     Averaged stats: entropy: 0.0966  uncertainty: 1.2538  uncertainty_coeffi: 0.0100  loss: 1.3273  lr: 0.0000
     itm tta time 0:00:05
      TTA Epoch: [48] [ 0/78]  eta: 0:00:32  entropy: 0.1070  uncertainty: 1.2456  uncertainty_coeffi: 0.0100  loss: 1.3295  lr: 0.000002  time: 0.4105  data: 0.3308  max mem: 2671
      TTA Epoch: [48] [77/78]  eta: 0:00:00  entropy: 0.1300  uncertainty: 1.1784  uncertainty_coeffi: 0.0100  loss: 1.2900  lr: 0.000002  time: 0.0612  data: 0.0001  max mem: 2671
      TTA Epoch: [48] Total time: 0:00:05 (0.0668 s / it)
     Averaged stats: entropy: 0.0970  uncertainty: 1.2544  uncertainty_coeffi: 0.0100  loss: 1.3279  lr: 0.0000
     itm tta time 0:00:05
      TTA Epoch: [49] [ 0/78]  eta: 0:00:40  entropy: 0.1043  uncertainty: 1.1806  uncertainty_coeffi: 0.0100  loss: 1.2414  lr: 0.000002  time: 0.5131  data: 0.4165  max mem: 2671
      TTA Epoch: [49] [77/78]  eta: 0:00:00  entropy: 0.1598  uncertainty: 1.1677  uncertainty_coeffi: 0.0100  loss: 1.2960  lr: 0.000002  time: 0.0625  data: 0.0001  max mem: 2671
      TTA Epoch: [49] Total time: 0:00:05 (0.0694 s / it)
     Averaged stats: entropy: 0.0933  uncertainty: 1.2542  uncertainty_coeffi: 0.0100  loss: 1.3252  lr: 0.0000
     itm tta time 0:00:05
     Computing matching score
      Evaluation: [   0/1978]  eta: 0:02:32    time: 0.0770  data: 0.0048  max mem: 2671
      Evaluation: [ 100/1978]  eta: 0:02:09    time: 0.0679  data: 0.0000  max mem: 2671
      Evaluation: [ 200/1978]  eta: 0:02:01    time: 0.0680  data: 0.0000  max mem: 2671
      Evaluation: [ 300/1978]  eta: 0:01:54    time: 0.0680  data: 0.0000  max mem: 2671
      Evaluation: [ 400/1978]  eta: 0:01:47    time: 0.0679  data: 0.0000  max mem: 2671
      Evaluation: [ 500/1978]  eta: 0:01:40    time: 0.0679  data: 0.0000  max mem: 2671
      Evaluation: [ 600/1978]  eta: 0:01:33    time: 0.0680  data: 0.0000  max mem: 2671
      Evaluation: [ 700/1978]  eta: 0:01:27    time: 0.0680  data: 0.0000  max mem: 2671
      Evaluation: [ 800/1978]  eta: 0:01:20    time: 0.0682  data: 0.0000  max mem: 2671
      Evaluation: [ 900/1978]  eta: 0:01:13    time: 0.0682  data: 0.0000  max mem: 2671
      Evaluation: [1000/1978]  eta: 0:01:06    time: 0.0683  data: 0.0000  max mem: 2671
      Evaluation: [1100/1978]  eta: 0:00:59    time: 0.0682  data: 0.0000  max mem: 2671
      Evaluation: [1200/1978]  eta: 0:00:53    time: 0.0682  data: 0.0000  max mem: 2671
      Evaluation: [1300/1978]  eta: 0:00:46    time: 0.0717  data: 0.0000  max mem: 2671
      Evaluation: [1400/1978]  eta: 0:00:39    time: 0.0683  data: 0.0000  max mem: 2671
      Evaluation: [1500/1978]  eta: 0:00:32    time: 0.0685  data: 0.0000  max mem: 2671
      Evaluation: [1600/1978]  eta: 0:00:25    time: 0.0684  data: 0.0000  max mem: 2671
      Evaluation: [1700/1978]  eta: 0:00:19    time: 0.0684  data: 0.0000  max mem: 2671
      Evaluation: [1800/1978]  eta: 0:00:12    time: 0.0687  data: 0.0000  max mem: 2671
      Evaluation: [1900/1978]  eta: 0:00:05    time: 0.0688  data: 0.0000  max mem: 2671
      Evaluation: [1977/1978]  eta: 0:00:00    time: 0.0688  data: 0.0000  max mem: 2671
      Evaluation: Total time: 0:02:15 (0.0684 s / it)
     Computing matching score time 0:02:15
### TTA ITM Score: 
+-------------------+--------+--------+--------+--------+--------+
|       epoch       |   R1   |   R5   |  R10   |  mAP   |  mINP  |
+-------------------+--------+--------+--------+--------+--------+
|  cos_sim_wo/norm  | 58.544 | 91.860 | 95.703 | 73.596 | 73.596 |
|        -999       | 69.414 | 95.197 | 97.776 | 81.233 | 81.233 |
| itm_score_wo/norm | 84.328 | 98.989 | 99.494 | 91.293 | 91.293 |
|        -999       | 84.277 | 99.039 | 99.596 | 91.276 | 91.276 |
|         0         | 84.328 | 99.039 | 99.596 | 91.301 | 91.301 |
|         1         | 84.631 | 99.039 | 99.596 | 91.453 | 91.453 |
|         2         | 84.732 | 98.989 | 99.596 | 91.481 | 91.481 |
|         4         | 84.580 | 98.888 | 99.494 | 91.355 | 91.355 |
|         9         | 84.378 | 98.635 | 99.242 | 91.191 | 91.191 |
|         14        | 84.479 | 98.686 | 99.191 | 91.221 | 91.221 |
|         19        | 84.530 | 98.686 | 99.191 | 91.248 | 91.248 |
|         29        | 84.580 | 98.686 | 99.292 | 91.313 | 91.313 |
|         39        | 84.681 | 98.686 | 99.242 | 91.357 | 91.357 |
|         49        | 84.681 | 98.686 | 99.242 | 91.357 | 91.357 |
+-------------------+--------+--------+--------+--------+--------+
     logs:  {'epo': 49, 'R1': 84.681, 'R5': 98.686, 'R10': 99.242, 'mAP': 91.357, 'mINP': 91.357, 'entropy': 0.093327, 'uncertainty': 1.2542, 'uncertainty_coeffi': 0.01, 'loss': 1.325219, 'lr': 2e-06}
      TTA Epoch: [50] [ 0/78]  eta: 0:00:35  entropy: 0.1315  uncertainty: 1.2793  uncertainty_coeffi: 0.0100  loss: 1.3677  lr: 0.000002  time: 0.4502  data: 0.3726  max mem: 2671
      TTA Epoch: [50] [77/78]  eta: 0:00:00  entropy: 0.0956  uncertainty: 1.2113  uncertainty_coeffi: 0.0100  loss: 1.2897  lr: 0.000002  time: 0.0617  data: 0.0001  max mem: 2671
      TTA Epoch: [50] Total time: 0:00:05 (0.0674 s / it)
     Averaged stats: entropy: 0.0959  uncertainty: 1.2533  uncertainty_coeffi: 0.0100  loss: 1.3269  lr: 0.0000
     itm tta time 0:00:05
      TTA Epoch: [51] [ 0/78]  eta: 0:00:48  entropy: 0.1502  uncertainty: 1.2758  uncertainty_coeffi: 0.0100  loss: 1.3845  lr: 0.000002  time: 0.6279  data: 0.5116  max mem: 2671
      TTA Epoch: [51] [77/78]  eta: 0:00:00  entropy: 0.0527  uncertainty: 1.1700  uncertainty_coeffi: 0.0100  loss: 1.2172  lr: 0.000002  time: 0.0625  data: 0.0001  max mem: 2671
      TTA Epoch: [51] Total time: 0:00:05 (0.0709 s / it)
     Averaged stats: entropy: 0.0969  uncertainty: 1.2536  uncertainty_coeffi: 0.0100  loss: 1.3274  lr: 0.0000
     itm tta time 0:00:05
      TTA Epoch: [52] [ 0/78]  eta: 0:00:39  entropy: 0.0334  uncertainty: 1.1832  uncertainty_coeffi: 0.0100  loss: 1.2109  lr: 0.000002  time: 0.5017  data: 0.3882  max mem: 2671
      TTA Epoch: [52] [77/78]  eta: 0:00:00  entropy: 0.1997  uncertainty: 1.3437  uncertainty_coeffi: 0.0100  loss: 1.5064  lr: 0.000001  time: 0.0616  data: 0.0001  max mem: 2671
      TTA Epoch: [52] Total time: 0:00:05 (0.0684 s / it)
     Averaged stats: entropy: 0.0899  uncertainty: 1.2527  uncertainty_coeffi: 0.0100  loss: 1.3219  lr: 0.0000
     itm tta time 0:00:05
      TTA Epoch: [53] [ 0/78]  eta: 0:00:38  entropy: 0.0566  uncertainty: 1.1971  uncertainty_coeffi: 0.0100  loss: 1.2452  lr: 0.000001  time: 0.4878  data: 0.3737  max mem: 2671
      TTA Epoch: [53] [77/78]  eta: 0:00:00  entropy: 0.0827  uncertainty: 1.2121  uncertainty_coeffi: 0.0100  loss: 1.2766  lr: 0.000001  time: 0.0617  data: 0.0001  max mem: 2671
      TTA Epoch: [53] Total time: 0:00:05 (0.0682 s / it)
     Averaged stats: entropy: 0.0943  uncertainty: 1.2531  uncertainty_coeffi: 0.0100  loss: 1.3251  lr: 0.0000
     itm tta time 0:00:05
      TTA Epoch: [54] [ 0/78]  eta: 0:00:48  entropy: 0.0466  uncertainty: 1.2700  uncertainty_coeffi: 0.0100  loss: 1.3128  lr: 0.000001  time: 0.6225  data: 0.5348  max mem: 2671
      TTA Epoch: [54] [77/78]  eta: 0:00:00  entropy: 0.1550  uncertainty: 1.2705  uncertainty_coeffi: 0.0100  loss: 1.3953  lr: 0.000001  time: 0.0622  data: 0.0001  max mem: 2671
      TTA Epoch: [54] Total time: 0:00:05 (0.0704 s / it)
     Averaged stats: entropy: 0.0973  uncertainty: 1.2531  uncertainty_coeffi: 0.0100  loss: 1.3275  lr: 0.0000
     itm tta time 0:00:05
      TTA Epoch: [55] [ 0/78]  eta: 0:00:45  entropy: 0.1329  uncertainty: 1.2197  uncertainty_coeffi: 0.0100  loss: 1.3240  lr: 0.000001  time: 0.5857  data: 0.4776  max mem: 2671
      TTA Epoch: [55] [77/78]  eta: 0:00:00  entropy: 0.0717  uncertainty: 1.1279  uncertainty_coeffi: 0.0100  loss: 1.1819  lr: 0.000001  time: 0.0620  data: 0.0001  max mem: 2671
      TTA Epoch: [55] Total time: 0:00:05 (0.0700 s / it)
     Averaged stats: entropy: 0.0872  uncertainty: 1.2534  uncertainty_coeffi: 0.0100  loss: 1.3201  lr: 0.0000
     itm tta time 0:00:05
      TTA Epoch: [56] [ 0/78]  eta: 0:00:44  entropy: 0.1568  uncertainty: 1.2144  uncertainty_coeffi: 0.0100  loss: 1.3436  lr: 0.000001  time: 0.5767  data: 0.4956  max mem: 2671
      TTA Epoch: [56] [77/78]  eta: 0:00:00  entropy: 0.1854  uncertainty: 1.4053  uncertainty_coeffi: 0.0100  loss: 1.5467  lr: 0.000001  time: 0.0623  data: 0.0001  max mem: 2671
      TTA Epoch: [56] Total time: 0:00:05 (0.0698 s / it)
     Averaged stats: entropy: 0.0935  uncertainty: 1.2536  uncertainty_coeffi: 0.0100  loss: 1.3256  lr: 0.0000
     itm tta time 0:00:05
      TTA Epoch: [57] [ 0/78]  eta: 0:00:43  entropy: 0.1465  uncertainty: 1.2116  uncertainty_coeffi: 0.0100  loss: 1.3210  lr: 0.000001  time: 0.5612  data: 0.4802  max mem: 2671
      TTA Epoch: [57] [77/78]  eta: 0:00:00  entropy: 0.0746  uncertainty: 1.2843  uncertainty_coeffi: 0.0100  loss: 1.3411  lr: 0.000001  time: 0.0622  data: 0.0001  max mem: 2671
      TTA Epoch: [57] Total time: 0:00:05 (0.0695 s / it)
     Averaged stats: entropy: 0.0954  uncertainty: 1.2537  uncertainty_coeffi: 0.0100  loss: 1.3263  lr: 0.0000
     itm tta time 0:00:05
      TTA Epoch: [58] [ 0/78]  eta: 0:00:42  entropy: 0.1308  uncertainty: 1.1603  uncertainty_coeffi: 0.0100  loss: 1.2579  lr: 0.000001  time: 0.5389  data: 0.4238  max mem: 2671
      TTA Epoch: [58] [77/78]  eta: 0:00:00  entropy: 0.0656  uncertainty: 1.2775  uncertainty_coeffi: 0.0100  loss: 1.3309  lr: 0.000000  time: 0.0629  data: 0.0001  max mem: 2671
      TTA Epoch: [58] Total time: 0:00:05 (0.0702 s / it)
     Averaged stats: entropy: 0.0970  uncertainty: 1.2531  uncertainty_coeffi: 0.0100  loss: 1.3270  lr: 0.0000
     itm tta time 0:00:05
      TTA Epoch: [59] [ 0/78]  eta: 0:00:42  entropy: 0.0137  uncertainty: 1.1537  uncertainty_coeffi: 0.0100  loss: 1.1662  lr: 0.000000  time: 0.5498  data: 0.4334  max mem: 2671
      TTA Epoch: [59] [77/78]  eta: 0:00:00  entropy: 0.1439  uncertainty: 1.3137  uncertainty_coeffi: 0.0100  loss: 1.4302  lr: 0.000000  time: 0.0609  data: 0.0001  max mem: 2671
      TTA Epoch: [59] Total time: 0:00:05 (0.0686 s / it)
     Averaged stats: entropy: 0.0949  uncertainty: 1.2526  uncertainty_coeffi: 0.0100  loss: 1.3255  lr: 0.0000
     itm tta time 0:00:05
     Computing matching score
      Evaluation: [   0/1978]  eta: 0:02:19    time: 0.0703  data: 0.0037  max mem: 2671
      Evaluation: [ 100/1978]  eta: 0:02:08    time: 0.0683  data: 0.0000  max mem: 2671
      Evaluation: [ 200/1978]  eta: 0:02:01    time: 0.0683  data: 0.0000  max mem: 2671
      Evaluation: [ 300/1978]  eta: 0:01:54    time: 0.0680  data: 0.0000  max mem: 2671
      Evaluation: [ 400/1978]  eta: 0:01:47    time: 0.0680  data: 0.0000  max mem: 2671
      Evaluation: [ 500/1978]  eta: 0:01:40    time: 0.0688  data: 0.0000  max mem: 2671
      Evaluation: [ 600/1978]  eta: 0:01:34    time: 0.0679  data: 0.0000  max mem: 2671
      Evaluation: [ 700/1978]  eta: 0:01:27    time: 0.0680  data: 0.0000  max mem: 2671
      Evaluation: [ 800/1978]  eta: 0:01:20    time: 0.0680  data: 0.0000  max mem: 2671
      Evaluation: [ 900/1978]  eta: 0:01:13    time: 0.0680  data: 0.0000  max mem: 2671
      Evaluation: [1000/1978]  eta: 0:01:06    time: 0.0679  data: 0.0000  max mem: 2671
      Evaluation: [1100/1978]  eta: 0:00:59    time: 0.0680  data: 0.0000  max mem: 2671
      Evaluation: [1200/1978]  eta: 0:00:53    time: 0.0709  data: 0.0000  max mem: 2671
      Evaluation: [1300/1978]  eta: 0:00:46    time: 0.0681  data: 0.0000  max mem: 2671
      Evaluation: [1400/1978]  eta: 0:00:39    time: 0.0681  data: 0.0000  max mem: 2671
      Evaluation: [1500/1978]  eta: 0:00:32    time: 0.0681  data: 0.0000  max mem: 2671
      Evaluation: [1600/1978]  eta: 0:00:25    time: 0.0680  data: 0.0000  max mem: 2671
      Evaluation: [1700/1978]  eta: 0:00:18    time: 0.0680  data: 0.0000  max mem: 2671
      Evaluation: [1800/1978]  eta: 0:00:12    time: 0.0682  data: 0.0000  max mem: 2671
      Evaluation: [1900/1978]  eta: 0:00:05    time: 0.0681  data: 0.0000  max mem: 2671
      Evaluation: [1977/1978]  eta: 0:00:00    time: 0.0681  data: 0.0000  max mem: 2671
      Evaluation: Total time: 0:02:15 (0.0683 s / it)
     Computing matching score time 0:02:15
### TTA ITM Score: 
+-------------------+--------+--------+--------+--------+--------+
|       epoch       |   R1   |   R5   |  R10   |  mAP   |  mINP  |
+-------------------+--------+--------+--------+--------+--------+
|  cos_sim_wo/norm  | 58.544 | 91.860 | 95.703 | 73.596 | 73.596 |
|        -999       | 69.414 | 95.197 | 97.776 | 81.233 | 81.233 |
| itm_score_wo/norm | 84.328 | 98.989 | 99.494 | 91.293 | 91.293 |
|        -999       | 84.277 | 99.039 | 99.596 | 91.276 | 91.276 |
|         0         | 84.328 | 99.039 | 99.596 | 91.301 | 91.301 |
|         1         | 84.631 | 99.039 | 99.596 | 91.453 | 91.453 |
|         2         | 84.732 | 98.989 | 99.596 | 91.481 | 91.481 |
|         4         | 84.580 | 98.888 | 99.494 | 91.355 | 91.355 |
|         9         | 84.378 | 98.635 | 99.242 | 91.191 | 91.191 |
|         14        | 84.479 | 98.686 | 99.191 | 91.221 | 91.221 |
|         19        | 84.530 | 98.686 | 99.191 | 91.248 | 91.248 |
|         29        | 84.580 | 98.686 | 99.292 | 91.313 | 91.313 |
|         39        | 84.681 | 98.686 | 99.242 | 91.357 | 91.357 |
|         49        | 84.681 | 98.686 | 99.242 | 91.357 | 91.357 |
|         59        | 84.681 | 98.686 | 99.242 | 91.358 | 91.358 |
+-------------------+--------+--------+--------+--------+--------+
     logs:  {'epo': 59, 'R1': 84.681, 'R5': 98.686, 'R10': 99.242, 'mAP': 91.358, 'mINP': 91.358, 'entropy': 0.094895, 'uncertainty': 1.25264, 'uncertainty_coeffi': 0.01, 'loss': 1.325493, 'lr': 0.0}
### best epoch: 2
### Time 0:30:22
NNODES,  1
NODE_RANK,  0
MASTER_ADDR,  127.0.0.1
MASTER_PORT,  1612
NPROC_PER_NODE,  2
task:  exp7.0.3
config:  configs_rerun3/exp7.0.3.yaml
output_dir:  output_rerun3/exp7.0.3/2025092105093
python3 tta.py --config configs_rerun3/exp7.0.3.yaml --task exp7.0.3 --output_dir output_rerun3/exp7.0.3/2025092105093 --checkpoint checkpoint/cmp.pth --bs 0 --epo 0 --lr 0.0 --seed 42 --tta
