/home/jiahao/miniconda3/envs/cmp/lib/python3.10/site-packages/torch/functional.py:554: UserWarning: torch.meshgrid: in an upcoming release, it will be required to pass the indexing argument. (Triggered internally at /pytorch/aten/src/ATen/native/TensorShape.cpp:4322.)
  return _VF.meshgrid(tensors, **kwargs)  # type: ignore[attr-defined]
Not using distributed mode
### Hyper-parameters:
     seed: 42
     device: cuda
     output_dir: output_rerun3/exp7.0.4/2025092105400
     batch_size_tta: 16
     epochs: 60
     lr: 1e-05
### Creating test dataset
from data/PAB/annotation/test/attr.json loading 1978 data
     test dataset -->    be_pose_img: True
     test_dataset: 1978
### Creating test dataloader
### be careful: func create_loader returns a list length of 1
     test_loader: 90
### Creating model
build_vision_encoder: load swin 224 x 224 ====>
missing_keys:  []
unexpected_keys:  ['head.weight', 'head.bias']
build_text_encoder: load bert ====>
missing_keys: ['bert.encoder.layer.10.crossattention.output.LayerNorm.bias', 'bert.encoder.layer.10.crossattention.output.LayerNorm.weight', 'bert.encoder.layer.10.crossattention.output.dense.bias', 'bert.encoder.layer.10.crossattention.output.dense.weight', 'bert.encoder.layer.10.crossattention.self.key.bias', 'bert.encoder.layer.10.crossattention.self.key.weight', 'bert.encoder.layer.10.crossattention.self.query.bias', 'bert.encoder.layer.10.crossattention.self.query.weight', 'bert.encoder.layer.10.crossattention.self.value.bias', 'bert.encoder.layer.10.crossattention.self.value.weight', 'bert.encoder.layer.11.crossattention.output.LayerNorm.bias', 'bert.encoder.layer.11.crossattention.output.LayerNorm.weight', 'bert.encoder.layer.11.crossattention.output.dense.bias', 'bert.encoder.layer.11.crossattention.output.dense.weight', 'bert.encoder.layer.11.crossattention.self.key.bias', 'bert.encoder.layer.11.crossattention.self.key.weight', 'bert.encoder.layer.11.crossattention.self.query.bias', 'bert.encoder.layer.11.crossattention.self.query.weight', 'bert.encoder.layer.11.crossattention.self.value.bias', 'bert.encoder.layer.11.crossattention.self.value.weight', 'bert.encoder.layer.6.crossattention.output.LayerNorm.bias', 'bert.encoder.layer.6.crossattention.output.LayerNorm.weight', 'bert.encoder.layer.6.crossattention.output.dense.bias', 'bert.encoder.layer.6.crossattention.output.dense.weight', 'bert.encoder.layer.6.crossattention.self.key.bias', 'bert.encoder.layer.6.crossattention.self.key.weight', 'bert.encoder.layer.6.crossattention.self.query.bias', 'bert.encoder.layer.6.crossattention.self.query.weight', 'bert.encoder.layer.6.crossattention.self.value.bias', 'bert.encoder.layer.6.crossattention.self.value.weight', 'bert.encoder.layer.7.crossattention.output.LayerNorm.bias', 'bert.encoder.layer.7.crossattention.output.LayerNorm.weight', 'bert.encoder.layer.7.crossattention.output.dense.bias', 'bert.encoder.layer.7.crossattention.output.dense.weight', 'bert.encoder.layer.7.crossattention.self.key.bias', 'bert.encoder.layer.7.crossattention.self.key.weight', 'bert.encoder.layer.7.crossattention.self.query.bias', 'bert.encoder.layer.7.crossattention.self.query.weight', 'bert.encoder.layer.7.crossattention.self.value.bias', 'bert.encoder.layer.7.crossattention.self.value.weight', 'bert.encoder.layer.8.crossattention.output.LayerNorm.bias', 'bert.encoder.layer.8.crossattention.output.LayerNorm.weight', 'bert.encoder.layer.8.crossattention.output.dense.bias', 'bert.encoder.layer.8.crossattention.output.dense.weight', 'bert.encoder.layer.8.crossattention.self.key.bias', 'bert.encoder.layer.8.crossattention.self.key.weight', 'bert.encoder.layer.8.crossattention.self.query.bias', 'bert.encoder.layer.8.crossattention.self.query.weight', 'bert.encoder.layer.8.crossattention.self.value.bias', 'bert.encoder.layer.8.crossattention.self.value.weight', 'bert.encoder.layer.9.crossattention.output.LayerNorm.bias', 'bert.encoder.layer.9.crossattention.output.LayerNorm.weight', 'bert.encoder.layer.9.crossattention.output.dense.bias', 'bert.encoder.layer.9.crossattention.output.dense.weight', 'bert.encoder.layer.9.crossattention.self.key.bias', 'bert.encoder.layer.9.crossattention.self.key.weight', 'bert.encoder.layer.9.crossattention.self.query.bias', 'bert.encoder.layer.9.crossattention.self.query.weight', 'bert.encoder.layer.9.crossattention.self.value.bias', 'bert.encoder.layer.9.crossattention.self.value.weight']
unexpected_keys: ['cls.seq_relationship.bias', 'cls.seq_relationship.weight']
mismatched_keys: []
error_msgs: []
Label Smooth: 0.2
pose_conv
load checkpoint from checkpoint/cmp.pth
missing_keys:  ['uncertainty_temper', 'prompt_learning_embedding']
unexpected_keys:  []
     Total Params Sum:  254264985
### Inference ITC similiarity matrix
### Zero-Shot Score: 
+-------------------+--------+--------+--------+--------+--------+
|       epoch       |   R1   |   R5   |  R10   |  mAP   |  mINP  |
+-------------------+--------+--------+--------+--------+--------+
|  cos_sim_wo/norm  | 58.544 | 91.860 | 95.703 | 73.596 | 73.596 |
|        -999       | 69.414 | 95.197 | 97.776 | 81.233 | 81.233 |
| itm_score_wo/norm | 84.328 | 98.989 | 99.494 | 91.293 | 91.293 |
|        -999       | 84.277 | 99.039 | 99.596 | 91.276 | 91.276 |
+-------------------+--------+--------+--------+--------+--------+
### TTA:
     preprocess_tta_coefficients  start
     sample selection ...
     number of sample after sample_selection: 1257
     uncertainty ...
     preprocess_tta_coefficients  end
### Creating tta dataset
     tta_dataset: 1257
### Creating tta dataloader
### be careful: func create_loader returns a list length of 1
     tta_loader: 78
### Configure adapted weights
     TTA Dropout Modules: 
 [('vision_encoder.pos_drop', Dropout(p=0, inplace=False), True), ('vision_encoder.layers.0.blocks.0.attn.attn_drop', Dropout(p=0.0, inplace=False), True), ('vision_encoder.layers.0.blocks.0.attn.proj_drop', Dropout(p=0, inplace=False), True), ('vision_encoder.layers.0.blocks.0.mlp.drop', Dropout(p=0, inplace=False), True), ('vision_encoder.layers.0.blocks.1.attn.attn_drop', Dropout(p=0.0, inplace=False), True), ('vision_encoder.layers.0.blocks.1.attn.proj_drop', Dropout(p=0, inplace=False), True), ('vision_encoder.layers.0.blocks.1.mlp.drop', Dropout(p=0, inplace=False), True), ('vision_encoder.layers.1.blocks.0.attn.attn_drop', Dropout(p=0.0, inplace=False), True), ('vision_encoder.layers.1.blocks.0.attn.proj_drop', Dropout(p=0, inplace=False), True), ('vision_encoder.layers.1.blocks.0.mlp.drop', Dropout(p=0, inplace=False), True), ('vision_encoder.layers.1.blocks.1.attn.attn_drop', Dropout(p=0.0, inplace=False), True), ('vision_encoder.layers.1.blocks.1.attn.proj_drop', Dropout(p=0, inplace=False), True), ('vision_encoder.layers.1.blocks.1.mlp.drop', Dropout(p=0, inplace=False), True), ('vision_encoder.layers.2.blocks.0.attn.attn_drop', Dropout(p=0.0, inplace=False), True), ('vision_encoder.layers.2.blocks.0.attn.proj_drop', Dropout(p=0, inplace=False), True), ('vision_encoder.layers.2.blocks.0.mlp.drop', Dropout(p=0, inplace=False), True), ('vision_encoder.layers.2.blocks.1.attn.attn_drop', Dropout(p=0.0, inplace=False), True), ('vision_encoder.layers.2.blocks.1.attn.proj_drop', Dropout(p=0, inplace=False), True), ('vision_encoder.layers.2.blocks.1.mlp.drop', Dropout(p=0, inplace=False), True), ('vision_encoder.layers.2.blocks.2.attn.attn_drop', Dropout(p=0.0, inplace=False), True), ('vision_encoder.layers.2.blocks.2.attn.proj_drop', Dropout(p=0, inplace=False), True), ('vision_encoder.layers.2.blocks.2.mlp.drop', Dropout(p=0, inplace=False), True), ('vision_encoder.layers.2.blocks.3.attn.attn_drop', Dropout(p=0.0, inplace=False), True), ('vision_encoder.layers.2.blocks.3.attn.proj_drop', Dropout(p=0, inplace=False), True), ('vision_encoder.layers.2.blocks.3.mlp.drop', Dropout(p=0, inplace=False), True), ('vision_encoder.layers.2.blocks.4.attn.attn_drop', Dropout(p=0.0, inplace=False), True), ('vision_encoder.layers.2.blocks.4.attn.proj_drop', Dropout(p=0, inplace=False), True), ('vision_encoder.layers.2.blocks.4.mlp.drop', Dropout(p=0, inplace=False), True), ('vision_encoder.layers.2.blocks.5.attn.attn_drop', Dropout(p=0.0, inplace=False), True), ('vision_encoder.layers.2.blocks.5.attn.proj_drop', Dropout(p=0, inplace=False), True), ('vision_encoder.layers.2.blocks.5.mlp.drop', Dropout(p=0, inplace=False), True), ('vision_encoder.layers.2.blocks.6.attn.attn_drop', Dropout(p=0.0, inplace=False), True), ('vision_encoder.layers.2.blocks.6.attn.proj_drop', Dropout(p=0, inplace=False), True), ('vision_encoder.layers.2.blocks.6.mlp.drop', Dropout(p=0, inplace=False), True), ('vision_encoder.layers.2.blocks.7.attn.attn_drop', Dropout(p=0.0, inplace=False), True), ('vision_encoder.layers.2.blocks.7.attn.proj_drop', Dropout(p=0, inplace=False), True), ('vision_encoder.layers.2.blocks.7.mlp.drop', Dropout(p=0, inplace=False), True), ('vision_encoder.layers.2.blocks.8.attn.attn_drop', Dropout(p=0.0, inplace=False), True), ('vision_encoder.layers.2.blocks.8.attn.proj_drop', Dropout(p=0, inplace=False), True), ('vision_encoder.layers.2.blocks.8.mlp.drop', Dropout(p=0, inplace=False), True), ('vision_encoder.layers.2.blocks.9.attn.attn_drop', Dropout(p=0.0, inplace=False), True), ('vision_encoder.layers.2.blocks.9.attn.proj_drop', Dropout(p=0, inplace=False), True), ('vision_encoder.layers.2.blocks.9.mlp.drop', Dropout(p=0, inplace=False), True), ('vision_encoder.layers.2.blocks.10.attn.attn_drop', Dropout(p=0.0, inplace=False), True), ('vision_encoder.layers.2.blocks.10.attn.proj_drop', Dropout(p=0, inplace=False), True), ('vision_encoder.layers.2.blocks.10.mlp.drop', Dropout(p=0, inplace=False), True), ('vision_encoder.layers.2.blocks.11.attn.attn_drop', Dropout(p=0.0, inplace=False), True), ('vision_encoder.layers.2.blocks.11.attn.proj_drop', Dropout(p=0, inplace=False), True), ('vision_encoder.layers.2.blocks.11.mlp.drop', Dropout(p=0, inplace=False), True), ('vision_encoder.layers.2.blocks.12.attn.attn_drop', Dropout(p=0.0, inplace=False), True), ('vision_encoder.layers.2.blocks.12.attn.proj_drop', Dropout(p=0, inplace=False), True), ('vision_encoder.layers.2.blocks.12.mlp.drop', Dropout(p=0, inplace=False), True), ('vision_encoder.layers.2.blocks.13.attn.attn_drop', Dropout(p=0.0, inplace=False), True), ('vision_encoder.layers.2.blocks.13.attn.proj_drop', Dropout(p=0, inplace=False), True), ('vision_encoder.layers.2.blocks.13.mlp.drop', Dropout(p=0, inplace=False), True), ('vision_encoder.layers.2.blocks.14.attn.attn_drop', Dropout(p=0.0, inplace=False), True), ('vision_encoder.layers.2.blocks.14.attn.proj_drop', Dropout(p=0, inplace=False), True), ('vision_encoder.layers.2.blocks.14.mlp.drop', Dropout(p=0, inplace=False), True), ('vision_encoder.layers.2.blocks.15.attn.attn_drop', Dropout(p=0.0, inplace=False), True), ('vision_encoder.layers.2.blocks.15.attn.proj_drop', Dropout(p=0, inplace=False), True), ('vision_encoder.layers.2.blocks.15.mlp.drop', Dropout(p=0, inplace=False), True), ('vision_encoder.layers.2.blocks.16.attn.attn_drop', Dropout(p=0.0, inplace=False), True), ('vision_encoder.layers.2.blocks.16.attn.proj_drop', Dropout(p=0, inplace=False), True), ('vision_encoder.layers.2.blocks.16.mlp.drop', Dropout(p=0, inplace=False), True), ('vision_encoder.layers.2.blocks.17.attn.attn_drop', Dropout(p=0.0, inplace=False), True), ('vision_encoder.layers.2.blocks.17.attn.proj_drop', Dropout(p=0, inplace=False), True), ('vision_encoder.layers.2.blocks.17.mlp.drop', Dropout(p=0, inplace=False), True), ('vision_encoder.layers.3.blocks.0.attn.attn_drop', Dropout(p=0.0, inplace=False), True), ('vision_encoder.layers.3.blocks.0.attn.proj_drop', Dropout(p=0, inplace=False), True), ('vision_encoder.layers.3.blocks.0.mlp.drop', Dropout(p=0, inplace=False), True), ('vision_encoder.layers.3.blocks.1.attn.attn_drop', Dropout(p=0.0, inplace=False), True), ('vision_encoder.layers.3.blocks.1.attn.proj_drop', Dropout(p=0, inplace=False), True), ('vision_encoder.layers.3.blocks.1.mlp.drop', Dropout(p=0, inplace=False), True), ('text_encoder.bert.embeddings.dropout', Dropout(p=0.1, inplace=False), True), ('text_encoder.bert.encoder.layer.0.attention.self.dropout', Dropout(p=0.1, inplace=False), True), ('text_encoder.bert.encoder.layer.0.attention.output.dropout', Dropout(p=0.1, inplace=False), True), ('text_encoder.bert.encoder.layer.0.output.dropout', Dropout(p=0.1, inplace=False), True), ('text_encoder.bert.encoder.layer.1.attention.self.dropout', Dropout(p=0.1, inplace=False), True), ('text_encoder.bert.encoder.layer.1.attention.output.dropout', Dropout(p=0.1, inplace=False), True), ('text_encoder.bert.encoder.layer.1.output.dropout', Dropout(p=0.1, inplace=False), True), ('text_encoder.bert.encoder.layer.2.attention.self.dropout', Dropout(p=0.1, inplace=False), True), ('text_encoder.bert.encoder.layer.2.attention.output.dropout', Dropout(p=0.1, inplace=False), True), ('text_encoder.bert.encoder.layer.2.output.dropout', Dropout(p=0.1, inplace=False), True), ('text_encoder.bert.encoder.layer.3.attention.self.dropout', Dropout(p=0.1, inplace=False), True), ('text_encoder.bert.encoder.layer.3.attention.output.dropout', Dropout(p=0.1, inplace=False), True), ('text_encoder.bert.encoder.layer.3.output.dropout', Dropout(p=0.1, inplace=False), True), ('text_encoder.bert.encoder.layer.4.attention.self.dropout', Dropout(p=0.1, inplace=False), True), ('text_encoder.bert.encoder.layer.4.attention.output.dropout', Dropout(p=0.1, inplace=False), True), ('text_encoder.bert.encoder.layer.4.output.dropout', Dropout(p=0.1, inplace=False), True), ('text_encoder.bert.encoder.layer.5.attention.self.dropout', Dropout(p=0.1, inplace=False), True), ('text_encoder.bert.encoder.layer.5.attention.output.dropout', Dropout(p=0.1, inplace=False), True), ('text_encoder.bert.encoder.layer.5.output.dropout', Dropout(p=0.1, inplace=False), True), ('text_encoder.bert.encoder.layer.6.attention.self.dropout', Dropout(p=0.1, inplace=False), True), ('text_encoder.bert.encoder.layer.6.attention.output.dropout', Dropout(p=0.1, inplace=False), True), ('text_encoder.bert.encoder.layer.6.crossattention.self.dropout', Dropout(p=0.1, inplace=False), True), ('text_encoder.bert.encoder.layer.6.crossattention.output.dropout', Dropout(p=0.1, inplace=False), True), ('text_encoder.bert.encoder.layer.6.output.dropout', Dropout(p=0.1, inplace=False), True), ('text_encoder.bert.encoder.layer.7.attention.self.dropout', Dropout(p=0.1, inplace=False), True), ('text_encoder.bert.encoder.layer.7.attention.output.dropout', Dropout(p=0.1, inplace=False), True), ('text_encoder.bert.encoder.layer.7.crossattention.self.dropout', Dropout(p=0.1, inplace=False), True), ('text_encoder.bert.encoder.layer.7.crossattention.output.dropout', Dropout(p=0.1, inplace=False), True), ('text_encoder.bert.encoder.layer.7.output.dropout', Dropout(p=0.1, inplace=False), True), ('text_encoder.bert.encoder.layer.8.attention.self.dropout', Dropout(p=0.1, inplace=False), True), ('text_encoder.bert.encoder.layer.8.attention.output.dropout', Dropout(p=0.1, inplace=False), True), ('text_encoder.bert.encoder.layer.8.crossattention.self.dropout', Dropout(p=0.1, inplace=False), True), ('text_encoder.bert.encoder.layer.8.crossattention.output.dropout', Dropout(p=0.1, inplace=False), True), ('text_encoder.bert.encoder.layer.8.output.dropout', Dropout(p=0.1, inplace=False), True), ('text_encoder.bert.encoder.layer.9.attention.self.dropout', Dropout(p=0.1, inplace=False), True), ('text_encoder.bert.encoder.layer.9.attention.output.dropout', Dropout(p=0.1, inplace=False), True), ('text_encoder.bert.encoder.layer.9.crossattention.self.dropout', Dropout(p=0.1, inplace=False), True), ('text_encoder.bert.encoder.layer.9.crossattention.output.dropout', Dropout(p=0.1, inplace=False), True), ('text_encoder.bert.encoder.layer.9.output.dropout', Dropout(p=0.1, inplace=False), True), ('text_encoder.bert.encoder.layer.10.attention.self.dropout', Dropout(p=0.1, inplace=False), True), ('text_encoder.bert.encoder.layer.10.attention.output.dropout', Dropout(p=0.1, inplace=False), True), ('text_encoder.bert.encoder.layer.10.crossattention.self.dropout', Dropout(p=0.1, inplace=False), True), ('text_encoder.bert.encoder.layer.10.crossattention.output.dropout', Dropout(p=0.1, inplace=False), True), ('text_encoder.bert.encoder.layer.10.output.dropout', Dropout(p=0.1, inplace=False), True), ('text_encoder.bert.encoder.layer.11.attention.self.dropout', Dropout(p=0.1, inplace=False), True), ('text_encoder.bert.encoder.layer.11.attention.output.dropout', Dropout(p=0.1, inplace=False), True), ('text_encoder.bert.encoder.layer.11.crossattention.self.dropout', Dropout(p=0.1, inplace=False), True), ('text_encoder.bert.encoder.layer.11.crossattention.output.dropout', Dropout(p=0.1, inplace=False), True), ('text_encoder.bert.encoder.layer.11.output.dropout', Dropout(p=0.1, inplace=False), True), ('vision_proj.1', Dropout(p=0.5, inplace=False), True), ('text_proj.1', Dropout(p=0.5, inplace=False), True), ('pose_block.attn.attn_drop', Dropout(p=0.0, inplace=False), True), ('pose_block.attn.proj_drop', Dropout(p=0.0, inplace=False), True)]
     TTA Require Gradient Params: 
 [('text_encoder.bert.embeddings.LayerNorm.weight', torch.Size([768])), ('text_encoder.bert.embeddings.LayerNorm.bias', torch.Size([768])), ('text_encoder.bert.encoder.layer.6.attention.output.LayerNorm.weight', torch.Size([768])), ('text_encoder.bert.encoder.layer.6.attention.output.LayerNorm.bias', torch.Size([768])), ('text_encoder.bert.encoder.layer.6.crossattention.output.LayerNorm.weight', torch.Size([768])), ('text_encoder.bert.encoder.layer.6.crossattention.output.LayerNorm.bias', torch.Size([768])), ('text_encoder.bert.encoder.layer.6.output.LayerNorm.weight', torch.Size([768])), ('text_encoder.bert.encoder.layer.6.output.LayerNorm.bias', torch.Size([768])), ('text_encoder.bert.encoder.layer.7.attention.output.LayerNorm.weight', torch.Size([768])), ('text_encoder.bert.encoder.layer.7.attention.output.LayerNorm.bias', torch.Size([768])), ('text_encoder.bert.encoder.layer.7.crossattention.output.LayerNorm.weight', torch.Size([768])), ('text_encoder.bert.encoder.layer.7.crossattention.output.LayerNorm.bias', torch.Size([768])), ('text_encoder.bert.encoder.layer.7.output.LayerNorm.weight', torch.Size([768])), ('text_encoder.bert.encoder.layer.7.output.LayerNorm.bias', torch.Size([768])), ('text_encoder.bert.encoder.layer.8.attention.output.LayerNorm.weight', torch.Size([768])), ('text_encoder.bert.encoder.layer.8.attention.output.LayerNorm.bias', torch.Size([768])), ('text_encoder.bert.encoder.layer.8.crossattention.output.LayerNorm.weight', torch.Size([768])), ('text_encoder.bert.encoder.layer.8.crossattention.output.LayerNorm.bias', torch.Size([768])), ('text_encoder.bert.encoder.layer.8.output.LayerNorm.weight', torch.Size([768])), ('text_encoder.bert.encoder.layer.8.output.LayerNorm.bias', torch.Size([768])), ('text_encoder.bert.encoder.layer.9.attention.output.LayerNorm.weight', torch.Size([768])), ('text_encoder.bert.encoder.layer.9.attention.output.LayerNorm.bias', torch.Size([768])), ('text_encoder.bert.encoder.layer.9.crossattention.output.LayerNorm.weight', torch.Size([768])), ('text_encoder.bert.encoder.layer.9.crossattention.output.LayerNorm.bias', torch.Size([768])), ('text_encoder.bert.encoder.layer.9.output.LayerNorm.weight', torch.Size([768])), ('text_encoder.bert.encoder.layer.9.output.LayerNorm.bias', torch.Size([768])), ('text_encoder.bert.encoder.layer.10.attention.output.LayerNorm.weight', torch.Size([768])), ('text_encoder.bert.encoder.layer.10.attention.output.LayerNorm.bias', torch.Size([768])), ('text_encoder.bert.encoder.layer.10.crossattention.output.LayerNorm.weight', torch.Size([768])), ('text_encoder.bert.encoder.layer.10.crossattention.output.LayerNorm.bias', torch.Size([768])), ('text_encoder.bert.encoder.layer.10.output.LayerNorm.weight', torch.Size([768])), ('text_encoder.bert.encoder.layer.10.output.LayerNorm.bias', torch.Size([768])), ('text_encoder.bert.encoder.layer.11.attention.output.LayerNorm.weight', torch.Size([768])), ('text_encoder.bert.encoder.layer.11.attention.output.LayerNorm.bias', torch.Size([768])), ('text_encoder.bert.encoder.layer.11.crossattention.output.LayerNorm.weight', torch.Size([768])), ('text_encoder.bert.encoder.layer.11.crossattention.output.LayerNorm.bias', torch.Size([768])), ('text_encoder.bert.encoder.layer.11.output.LayerNorm.weight', torch.Size([768])), ('text_encoder.bert.encoder.layer.11.output.LayerNorm.bias', torch.Size([768])), ('text_encoder.cls.predictions.transform.LayerNorm.weight', torch.Size([768])), ('text_encoder.cls.predictions.transform.LayerNorm.bias', torch.Size([768])), ('itm_head.1.weight', torch.Size([1536])), ('itm_head.1.bias', torch.Size([1536]))]
     TTA Dropout Modules Number: 
 126
     TTA Require Gradient Params Sum: 
 33792
     lr:  1e-05    lr_mult:  2
     model has 'init_params',  385
     num_tta_steps:  4740
     num_warmup_steps:  500
     sched: step
/home/jiahao/task/CMP/tta.py:246: FutureWarning: `torch.cuda.amp.GradScaler(args...)` is deprecated. Please use `torch.amp.GradScaler('cuda', args...)` instead.
  scaler = GradScaler()  # bf16
### Start ITM Test Time Adaptation
      TTA Epoch: [0] [ 0/78]  eta: 0:01:41  entropy: 0.3569  uncertainty: 1.2599  uncertainty_coeffi: 0.0100  loss: 1.5336  lr: 0.000000  time: 1.3040  data: 0.5093  max mem: 2639
      TTA Epoch: [0] [77/78]  eta: 0:00:00  entropy: 0.2224  uncertainty: 1.3796  uncertainty_coeffi: 0.0100  loss: 1.5220  lr: 0.000002  time: 0.0622  data: 0.0001  max mem: 2671
      TTA Epoch: [0] Total time: 0:00:06 (0.0794 s / it)
     Averaged stats: entropy: 0.3250  uncertainty: 1.2550  uncertainty_coeffi: 0.0100  loss: 1.5139  lr: 0.0000
     itm tta time 0:00:06
     Computing matching score
      Evaluation: [   0/1978]  eta: 0:05:38    time: 0.1710  data: 0.0041  max mem: 2671
      Evaluation: [ 100/1978]  eta: 0:02:13    time: 0.0694  data: 0.0000  max mem: 2671
      Evaluation: [ 200/1978]  eta: 0:02:04    time: 0.0692  data: 0.0000  max mem: 2671
      Evaluation: [ 300/1978]  eta: 0:01:57    time: 0.0692  data: 0.0000  max mem: 2671
      Evaluation: [ 400/1978]  eta: 0:01:49    time: 0.0692  data: 0.0000  max mem: 2671
      Evaluation: [ 500/1978]  eta: 0:01:42    time: 0.0692  data: 0.0000  max mem: 2671
      Evaluation: [ 600/1978]  eta: 0:01:35    time: 0.0693  data: 0.0000  max mem: 2671
      Evaluation: [ 700/1978]  eta: 0:01:28    time: 0.0676  data: 0.0000  max mem: 2671
      Evaluation: [ 800/1978]  eta: 0:01:21    time: 0.0678  data: 0.0000  max mem: 2671
      Evaluation: [ 900/1978]  eta: 0:01:14    time: 0.0678  data: 0.0000  max mem: 2671
      Evaluation: [1000/1978]  eta: 0:01:07    time: 0.0676  data: 0.0000  max mem: 2671
      Evaluation: [1100/1978]  eta: 0:01:00    time: 0.0675  data: 0.0000  max mem: 2671
      Evaluation: [1200/1978]  eta: 0:00:53    time: 0.0675  data: 0.0000  max mem: 2671
      Evaluation: [1300/1978]  eta: 0:00:46    time: 0.0677  data: 0.0000  max mem: 2671
      Evaluation: [1400/1978]  eta: 0:00:39    time: 0.0675  data: 0.0000  max mem: 2671
      Evaluation: [1500/1978]  eta: 0:00:32    time: 0.0678  data: 0.0000  max mem: 2671
      Evaluation: [1600/1978]  eta: 0:00:25    time: 0.0674  data: 0.0000  max mem: 2671
      Evaluation: [1700/1978]  eta: 0:00:19    time: 0.0674  data: 0.0000  max mem: 2671
      Evaluation: [1800/1978]  eta: 0:00:12    time: 0.0675  data: 0.0000  max mem: 2671
      Evaluation: [1900/1978]  eta: 0:00:05    time: 0.0675  data: 0.0000  max mem: 2671
      Evaluation: [1977/1978]  eta: 0:00:00    time: 0.0675  data: 0.0000  max mem: 2671
      Evaluation: Total time: 0:02:14 (0.0682 s / it)
     Computing matching score time 0:02:15
### TTA ITM Score: 
+-------------------+--------+--------+--------+--------+--------+
|       epoch       |   R1   |   R5   |  R10   |  mAP   |  mINP  |
+-------------------+--------+--------+--------+--------+--------+
|  cos_sim_wo/norm  | 58.544 | 91.860 | 95.703 | 73.596 | 73.596 |
|        -999       | 69.414 | 95.197 | 97.776 | 81.233 | 81.233 |
| itm_score_wo/norm | 84.328 | 98.989 | 99.494 | 91.293 | 91.293 |
|        -999       | 84.277 | 99.039 | 99.596 | 91.276 | 91.276 |
|         0         | 84.328 | 99.039 | 99.596 | 91.301 | 91.301 |
+-------------------+--------+--------+--------+--------+--------+
     logs:  {'epo': 0, 'R1': 84.328, 'R5': 99.039, 'R10': 99.596, 'mAP': 91.301, 'mINP': 91.301, 'entropy': 0.324997, 'uncertainty': 1.25496, 'uncertainty_coeffi': 0.01, 'loss': 1.513859, 'lr': 1e-06}
      TTA Epoch: [1] [ 0/78]  eta: 0:00:38  entropy: 0.3251  uncertainty: 1.2239  uncertainty_coeffi: 0.0100  loss: 1.4900  lr: 0.000002  time: 0.4918  data: 0.3881  max mem: 2671
      TTA Epoch: [1] [77/78]  eta: 0:00:00  entropy: 0.2774  uncertainty: 1.2945  uncertainty_coeffi: 0.0100  loss: 1.5063  lr: 0.000003  time: 0.0604  data: 0.0001  max mem: 2671
      TTA Epoch: [1] Total time: 0:00:05 (0.0667 s / it)
     Averaged stats: entropy: 0.3242  uncertainty: 1.2548  uncertainty_coeffi: 0.0100  loss: 1.5124  lr: 0.0000
     itm tta time 0:00:05
     Computing matching score
      Evaluation: [   0/1978]  eta: 0:02:29    time: 0.0753  data: 0.0049  max mem: 2671
      Evaluation: [ 100/1978]  eta: 0:02:10    time: 0.0677  data: 0.0000  max mem: 2671
      Evaluation: [ 200/1978]  eta: 0:02:02    time: 0.0678  data: 0.0000  max mem: 2671
      Evaluation: [ 300/1978]  eta: 0:01:54    time: 0.0679  data: 0.0000  max mem: 2671
      Evaluation: [ 400/1978]  eta: 0:01:47    time: 0.0678  data: 0.0000  max mem: 2671
      Evaluation: [ 500/1978]  eta: 0:01:40    time: 0.0678  data: 0.0000  max mem: 2671
      Evaluation: [ 600/1978]  eta: 0:01:33    time: 0.0678  data: 0.0000  max mem: 2671
      Evaluation: [ 700/1978]  eta: 0:01:27    time: 0.0679  data: 0.0000  max mem: 2671
      Evaluation: [ 800/1978]  eta: 0:01:20    time: 0.0675  data: 0.0000  max mem: 2671
      Evaluation: [ 900/1978]  eta: 0:01:13    time: 0.0675  data: 0.0000  max mem: 2671
      Evaluation: [1000/1978]  eta: 0:01:06    time: 0.0675  data: 0.0000  max mem: 2671
      Evaluation: [1100/1978]  eta: 0:00:59    time: 0.0675  data: 0.0000  max mem: 2671
      Evaluation: [1200/1978]  eta: 0:00:52    time: 0.0675  data: 0.0000  max mem: 2671
      Evaluation: [1300/1978]  eta: 0:00:45    time: 0.0675  data: 0.0000  max mem: 2671
      Evaluation: [1400/1978]  eta: 0:00:39    time: 0.0675  data: 0.0000  max mem: 2671
      Evaluation: [1500/1978]  eta: 0:00:32    time: 0.0676  data: 0.0000  max mem: 2671
      Evaluation: [1600/1978]  eta: 0:00:25    time: 0.0676  data: 0.0000  max mem: 2671
      Evaluation: [1700/1978]  eta: 0:00:18    time: 0.0676  data: 0.0000  max mem: 2671
      Evaluation: [1800/1978]  eta: 0:00:12    time: 0.0680  data: 0.0000  max mem: 2671
      Evaluation: [1900/1978]  eta: 0:00:05    time: 0.0675  data: 0.0000  max mem: 2671
      Evaluation: [1977/1978]  eta: 0:00:00    time: 0.0676  data: 0.0000  max mem: 2671
      Evaluation: Total time: 0:02:14 (0.0678 s / it)
     Computing matching score time 0:02:14
### TTA ITM Score: 
+-------------------+--------+--------+--------+--------+--------+
|       epoch       |   R1   |   R5   |  R10   |  mAP   |  mINP  |
+-------------------+--------+--------+--------+--------+--------+
|  cos_sim_wo/norm  | 58.544 | 91.860 | 95.703 | 73.596 | 73.596 |
|        -999       | 69.414 | 95.197 | 97.776 | 81.233 | 81.233 |
| itm_score_wo/norm | 84.328 | 98.989 | 99.494 | 91.293 | 91.293 |
|        -999       | 84.277 | 99.039 | 99.596 | 91.276 | 91.276 |
|         0         | 84.328 | 99.039 | 99.596 | 91.301 | 91.301 |
|         1         | 84.328 | 99.039 | 99.596 | 91.301 | 91.301 |
+-------------------+--------+--------+--------+--------+--------+
     logs:  {'epo': 1, 'R1': 84.328, 'R5': 99.039, 'R10': 99.596, 'mAP': 91.301, 'mINP': 91.301, 'entropy': 0.324239, 'uncertainty': 1.254798, 'uncertainty_coeffi': 0.01, 'loss': 1.512371, 'lr': 2e-06}
      TTA Epoch: [2] [ 0/78]  eta: 0:00:31  entropy: 0.3596  uncertainty: 1.1682  uncertainty_coeffi: 0.0100  loss: 1.4816  lr: 0.000003  time: 0.4037  data: 0.3345  max mem: 2671
      TTA Epoch: [2] [77/78]  eta: 0:00:00  entropy: 0.1956  uncertainty: 1.2102  uncertainty_coeffi: 0.0100  loss: 1.3754  lr: 0.000005  time: 0.0616  data: 0.0001  max mem: 2671
      TTA Epoch: [2] Total time: 0:00:05 (0.0654 s / it)
     Averaged stats: entropy: 0.3226  uncertainty: 1.2542  uncertainty_coeffi: 0.0100  loss: 1.5103  lr: 0.0000
     itm tta time 0:00:05
     Computing matching score
      Evaluation: [   0/1978]  eta: 0:02:34    time: 0.0782  data: 0.0059  max mem: 2671
      Evaluation: [ 100/1978]  eta: 0:02:10    time: 0.0676  data: 0.0000  max mem: 2671
      Evaluation: [ 200/1978]  eta: 0:02:01    time: 0.0675  data: 0.0000  max mem: 2671
      Evaluation: [ 300/1978]  eta: 0:01:54    time: 0.0675  data: 0.0000  max mem: 2671
      Evaluation: [ 400/1978]  eta: 0:01:47    time: 0.0676  data: 0.0000  max mem: 2671
      Evaluation: [ 500/1978]  eta: 0:01:40    time: 0.0676  data: 0.0000  max mem: 2671
      Evaluation: [ 600/1978]  eta: 0:01:33    time: 0.0676  data: 0.0000  max mem: 2671
      Evaluation: [ 700/1978]  eta: 0:01:26    time: 0.0676  data: 0.0000  max mem: 2671
      Evaluation: [ 800/1978]  eta: 0:01:19    time: 0.0675  data: 0.0000  max mem: 2671
      Evaluation: [ 900/1978]  eta: 0:01:13    time: 0.0675  data: 0.0000  max mem: 2671
      Evaluation: [1000/1978]  eta: 0:01:06    time: 0.0675  data: 0.0000  max mem: 2671
      Evaluation: [1100/1978]  eta: 0:00:59    time: 0.0675  data: 0.0000  max mem: 2671
      Evaluation: [1200/1978]  eta: 0:00:52    time: 0.0674  data: 0.0000  max mem: 2671
      Evaluation: [1300/1978]  eta: 0:00:45    time: 0.0675  data: 0.0000  max mem: 2671
      Evaluation: [1400/1978]  eta: 0:00:39    time: 0.0674  data: 0.0000  max mem: 2671
      Evaluation: [1500/1978]  eta: 0:00:32    time: 0.0675  data: 0.0000  max mem: 2671
      Evaluation: [1600/1978]  eta: 0:00:25    time: 0.0674  data: 0.0000  max mem: 2671
      Evaluation: [1700/1978]  eta: 0:00:18    time: 0.0675  data: 0.0000  max mem: 2671
      Evaluation: [1800/1978]  eta: 0:00:12    time: 0.0675  data: 0.0000  max mem: 2671
      Evaluation: [1900/1978]  eta: 0:00:05    time: 0.0674  data: 0.0000  max mem: 2671
      Evaluation: [1977/1978]  eta: 0:00:00    time: 0.0676  data: 0.0000  max mem: 2671
      Evaluation: Total time: 0:02:13 (0.0676 s / it)
     Computing matching score time 0:02:13
### TTA ITM Score: 
+-------------------+--------+--------+--------+--------+--------+
|       epoch       |   R1   |   R5   |  R10   |  mAP   |  mINP  |
+-------------------+--------+--------+--------+--------+--------+
|  cos_sim_wo/norm  | 58.544 | 91.860 | 95.703 | 73.596 | 73.596 |
|        -999       | 69.414 | 95.197 | 97.776 | 81.233 | 81.233 |
| itm_score_wo/norm | 84.328 | 98.989 | 99.494 | 91.293 | 91.293 |
|        -999       | 84.277 | 99.039 | 99.596 | 91.276 | 91.276 |
|         0         | 84.328 | 99.039 | 99.596 | 91.301 | 91.301 |
|         1         | 84.328 | 99.039 | 99.596 | 91.301 | 91.301 |
|         2         | 84.530 | 99.039 | 99.596 | 91.401 | 91.401 |
+-------------------+--------+--------+--------+--------+--------+
     logs:  {'epo': 2, 'R1': 84.53, 'R5': 99.039, 'R10': 99.596, 'mAP': 91.401, 'mINP': 91.401, 'entropy': 0.322607, 'uncertainty': 1.254192, 'uncertainty_coeffi': 0.01, 'loss': 1.510292, 'lr': 4e-06}
      TTA Epoch: [3] [ 0/78]  eta: 0:00:33  entropy: 0.3482  uncertainty: 1.4066  uncertainty_coeffi: 0.0100  loss: 1.6644  lr: 0.000005  time: 0.4338  data: 0.3577  max mem: 2671
      TTA Epoch: [3] [77/78]  eta: 0:00:00  entropy: 0.2637  uncertainty: 1.1915  uncertainty_coeffi: 0.0100  loss: 1.4044  lr: 0.000006  time: 0.0611  data: 0.0001  max mem: 2671
      TTA Epoch: [3] Total time: 0:00:05 (0.0675 s / it)
     Averaged stats: entropy: 0.3159  uncertainty: 1.2540  uncertainty_coeffi: 0.0100  loss: 1.5048  lr: 0.0000
     itm tta time 0:00:05
      TTA Epoch: [4] [ 0/78]  eta: 0:00:34  entropy: 0.5498  uncertainty: 1.1491  uncertainty_coeffi: 0.0100  loss: 1.6182  lr: 0.000006  time: 0.4388  data: 0.3387  max mem: 2671
      TTA Epoch: [4] [77/78]  eta: 0:00:00  entropy: 0.1873  uncertainty: 1.1566  uncertainty_coeffi: 0.0100  loss: 1.3235  lr: 0.000008  time: 0.0615  data: 0.0001  max mem: 2671
      TTA Epoch: [4] Total time: 0:00:05 (0.0670 s / it)
     Averaged stats: entropy: 0.3112  uncertainty: 1.2541  uncertainty_coeffi: 0.0100  loss: 1.5005  lr: 0.0000
     itm tta time 0:00:05
     Computing matching score
      Evaluation: [   0/1978]  eta: 0:02:31    time: 0.0767  data: 0.0052  max mem: 2671
      Evaluation: [ 100/1978]  eta: 0:02:08    time: 0.0677  data: 0.0000  max mem: 2671
      Evaluation: [ 200/1978]  eta: 0:02:01    time: 0.0678  data: 0.0000  max mem: 2671
      Evaluation: [ 300/1978]  eta: 0:01:54    time: 0.0677  data: 0.0000  max mem: 2671
      Evaluation: [ 400/1978]  eta: 0:01:47    time: 0.0677  data: 0.0000  max mem: 2671
      Evaluation: [ 500/1978]  eta: 0:01:40    time: 0.0677  data: 0.0000  max mem: 2671
      Evaluation: [ 600/1978]  eta: 0:01:33    time: 0.0676  data: 0.0000  max mem: 2671
      Evaluation: [ 700/1978]  eta: 0:01:26    time: 0.0677  data: 0.0000  max mem: 2671
      Evaluation: [ 800/1978]  eta: 0:01:19    time: 0.0709  data: 0.0000  max mem: 2671
      Evaluation: [ 900/1978]  eta: 0:01:13    time: 0.0677  data: 0.0000  max mem: 2671
      Evaluation: [1000/1978]  eta: 0:01:06    time: 0.0676  data: 0.0000  max mem: 2671
      Evaluation: [1100/1978]  eta: 0:00:59    time: 0.0675  data: 0.0000  max mem: 2671
      Evaluation: [1200/1978]  eta: 0:00:52    time: 0.0675  data: 0.0000  max mem: 2671
      Evaluation: [1300/1978]  eta: 0:00:46    time: 0.0675  data: 0.0000  max mem: 2671
      Evaluation: [1400/1978]  eta: 0:00:39    time: 0.0676  data: 0.0000  max mem: 2671
      Evaluation: [1500/1978]  eta: 0:00:32    time: 0.0675  data: 0.0000  max mem: 2671
      Evaluation: [1600/1978]  eta: 0:00:25    time: 0.0675  data: 0.0000  max mem: 2671
      Evaluation: [1700/1978]  eta: 0:00:18    time: 0.0693  data: 0.0000  max mem: 2671
      Evaluation: [1800/1978]  eta: 0:00:12    time: 0.0675  data: 0.0000  max mem: 2671
      Evaluation: [1900/1978]  eta: 0:00:05    time: 0.0675  data: 0.0000  max mem: 2671
      Evaluation: [1977/1978]  eta: 0:00:00    time: 0.0676  data: 0.0000  max mem: 2671
      Evaluation: Total time: 0:02:14 (0.0679 s / it)
     Computing matching score time 0:02:14
### TTA ITM Score: 
+-------------------+--------+--------+--------+--------+--------+
|       epoch       |   R1   |   R5   |  R10   |  mAP   |  mINP  |
+-------------------+--------+--------+--------+--------+--------+
|  cos_sim_wo/norm  | 58.544 | 91.860 | 95.703 | 73.596 | 73.596 |
|        -999       | 69.414 | 95.197 | 97.776 | 81.233 | 81.233 |
| itm_score_wo/norm | 84.328 | 98.989 | 99.494 | 91.293 | 91.293 |
|        -999       | 84.277 | 99.039 | 99.596 | 91.276 | 91.276 |
|         0         | 84.328 | 99.039 | 99.596 | 91.301 | 91.301 |
|         1         | 84.328 | 99.039 | 99.596 | 91.301 | 91.301 |
|         2         | 84.530 | 99.039 | 99.596 | 91.401 | 91.401 |
|         4         | 84.732 | 98.989 | 99.596 | 91.491 | 91.491 |
+-------------------+--------+--------+--------+--------+--------+
     logs:  {'epo': 4, 'R1': 84.732, 'R5': 98.989, 'R10': 99.596, 'mAP': 91.491, 'mINP': 91.491, 'entropy': 0.311193, 'uncertainty': 1.25413, 'uncertainty_coeffi': 0.01, 'loss': 1.500457, 'lr': 7e-06}
      TTA Epoch: [5] [ 0/78]  eta: 0:00:32  entropy: 0.2050  uncertainty: 1.1598  uncertainty_coeffi: 0.0100  loss: 1.3201  lr: 0.000008  time: 0.4210  data: 0.3450  max mem: 2671
      TTA Epoch: [5] [77/78]  eta: 0:00:00  entropy: 0.1740  uncertainty: 1.1914  uncertainty_coeffi: 0.0100  loss: 1.3316  lr: 0.000009  time: 0.0612  data: 0.0001  max mem: 2671
      TTA Epoch: [5] Total time: 0:00:05 (0.0669 s / it)
     Averaged stats: entropy: 0.3021  uncertainty: 1.2531  uncertainty_coeffi: 0.0100  loss: 1.4924  lr: 0.0000
     itm tta time 0:00:05
      TTA Epoch: [6] [ 0/78]  eta: 0:00:35  entropy: 0.3221  uncertainty: 1.2240  uncertainty_coeffi: 0.0100  loss: 1.4905  lr: 0.000009  time: 0.4569  data: 0.3803  max mem: 2671
      TTA Epoch: [6] [77/78]  eta: 0:00:00  entropy: 0.2173  uncertainty: 1.1716  uncertainty_coeffi: 0.0100  loss: 1.3527  lr: 0.000010  time: 0.0608  data: 0.0001  max mem: 2671
      TTA Epoch: [6] Total time: 0:00:05 (0.0674 s / it)
     Averaged stats: entropy: 0.2938  uncertainty: 1.2544  uncertainty_coeffi: 0.0100  loss: 1.4864  lr: 0.0000
     itm tta time 0:00:05
      TTA Epoch: [7] [ 0/78]  eta: 0:00:35  entropy: 0.1683  uncertainty: 1.2523  uncertainty_coeffi: 0.0100  loss: 1.3769  lr: 0.000010  time: 0.4570  data: 0.3709  max mem: 2671
      TTA Epoch: [7] [77/78]  eta: 0:00:00  entropy: 0.4289  uncertainty: 1.3378  uncertainty_coeffi: 0.0100  loss: 1.6568  lr: 0.000010  time: 0.0613  data: 0.0001  max mem: 2671
      TTA Epoch: [7] Total time: 0:00:05 (0.0677 s / it)
     Averaged stats: entropy: 0.2862  uncertainty: 1.2541  uncertainty_coeffi: 0.0100  loss: 1.4799  lr: 0.0000
     itm tta time 0:00:05
      TTA Epoch: [8] [ 0/78]  eta: 0:00:37  entropy: 0.1402  uncertainty: 1.2770  uncertainty_coeffi: 0.0100  loss: 1.3973  lr: 0.000010  time: 0.4824  data: 0.3888  max mem: 2671
      TTA Epoch: [8] [77/78]  eta: 0:00:00  entropy: 0.3155  uncertainty: 1.2349  uncertainty_coeffi: 0.0100  loss: 1.4739  lr: 0.000010  time: 0.0614  data: 0.0001  max mem: 2671
      TTA Epoch: [8] Total time: 0:00:05 (0.0680 s / it)
     Averaged stats: entropy: 0.2811  uncertainty: 1.2530  uncertainty_coeffi: 0.0100  loss: 1.4749  lr: 0.0000
     itm tta time 0:00:05
      TTA Epoch: [9] [ 0/78]  eta: 0:00:33  entropy: 0.3121  uncertainty: 1.3476  uncertainty_coeffi: 0.0100  loss: 1.5983  lr: 0.000010  time: 0.4288  data: 0.3458  max mem: 2671
      TTA Epoch: [9] [77/78]  eta: 0:00:00  entropy: 0.2142  uncertainty: 1.1874  uncertainty_coeffi: 0.0100  loss: 1.3676  lr: 0.000009  time: 0.0608  data: 0.0001  max mem: 2671
      TTA Epoch: [9] Total time: 0:00:05 (0.0667 s / it)
     Averaged stats: entropy: 0.2681  uncertainty: 1.2535  uncertainty_coeffi: 0.0100  loss: 1.4648  lr: 0.0000
     itm tta time 0:00:05
     Computing matching score
      Evaluation: [   0/1978]  eta: 0:02:20    time: 0.0709  data: 0.0028  max mem: 2671
      Evaluation: [ 100/1978]  eta: 0:02:08    time: 0.0682  data: 0.0000  max mem: 2671
      Evaluation: [ 200/1978]  eta: 0:02:01    time: 0.0681  data: 0.0000  max mem: 2671
      Evaluation: [ 300/1978]  eta: 0:01:54    time: 0.0682  data: 0.0000  max mem: 2671
      Evaluation: [ 400/1978]  eta: 0:01:47    time: 0.0680  data: 0.0000  max mem: 2671
      Evaluation: [ 500/1978]  eta: 0:01:40    time: 0.0681  data: 0.0000  max mem: 2671
      Evaluation: [ 600/1978]  eta: 0:01:33    time: 0.0678  data: 0.0000  max mem: 2671
      Evaluation: [ 700/1978]  eta: 0:01:27    time: 0.0680  data: 0.0000  max mem: 2671
      Evaluation: [ 800/1978]  eta: 0:01:20    time: 0.0678  data: 0.0000  max mem: 2671
      Evaluation: [ 900/1978]  eta: 0:01:13    time: 0.0678  data: 0.0000  max mem: 2671
      Evaluation: [1000/1978]  eta: 0:01:06    time: 0.0679  data: 0.0000  max mem: 2671
      Evaluation: [1100/1978]  eta: 0:00:59    time: 0.0679  data: 0.0000  max mem: 2671
      Evaluation: [1200/1978]  eta: 0:00:52    time: 0.0679  data: 0.0000  max mem: 2671
      Evaluation: [1300/1978]  eta: 0:00:46    time: 0.0679  data: 0.0000  max mem: 2671
      Evaluation: [1400/1978]  eta: 0:00:39    time: 0.0679  data: 0.0000  max mem: 2671
      Evaluation: [1500/1978]  eta: 0:00:32    time: 0.0680  data: 0.0000  max mem: 2671
      Evaluation: [1600/1978]  eta: 0:00:25    time: 0.0678  data: 0.0000  max mem: 2671
      Evaluation: [1700/1978]  eta: 0:00:18    time: 0.0679  data: 0.0000  max mem: 2671
      Evaluation: [1800/1978]  eta: 0:00:12    time: 0.0679  data: 0.0000  max mem: 2671
      Evaluation: [1900/1978]  eta: 0:00:05    time: 0.0679  data: 0.0000  max mem: 2671
      Evaluation: [1977/1978]  eta: 0:00:00    time: 0.0680  data: 0.0000  max mem: 2671
      Evaluation: Total time: 0:02:14 (0.0680 s / it)
     Computing matching score time 0:02:14
### TTA ITM Score: 
+-------------------+--------+--------+--------+--------+--------+
|       epoch       |   R1   |   R5   |  R10   |  mAP   |  mINP  |
+-------------------+--------+--------+--------+--------+--------+
|  cos_sim_wo/norm  | 58.544 | 91.860 | 95.703 | 73.596 | 73.596 |
|        -999       | 69.414 | 95.197 | 97.776 | 81.233 | 81.233 |
| itm_score_wo/norm | 84.328 | 98.989 | 99.494 | 91.293 | 91.293 |
|        -999       | 84.277 | 99.039 | 99.596 | 91.276 | 91.276 |
|         0         | 84.328 | 99.039 | 99.596 | 91.301 | 91.301 |
|         1         | 84.328 | 99.039 | 99.596 | 91.301 | 91.301 |
|         2         | 84.530 | 99.039 | 99.596 | 91.401 | 91.401 |
|         4         | 84.732 | 98.989 | 99.596 | 91.491 | 91.491 |
|         9         | 84.833 | 98.938 | 99.545 | 91.517 | 91.517 |
+-------------------+--------+--------+--------+--------+--------+
     logs:  {'epo': 9, 'R1': 84.833, 'R5': 98.938, 'R10': 99.545, 'mAP': 91.517, 'mINP': 91.517, 'entropy': 0.26806, 'uncertainty': 1.253525, 'uncertainty_coeffi': 0.01, 'loss': 1.464813, 'lr': 9e-06}
      TTA Epoch: [10] [ 0/78]  eta: 0:00:34  entropy: 0.3078  uncertainty: 1.2838  uncertainty_coeffi: 0.0100  loss: 1.5191  lr: 0.000009  time: 0.4473  data: 0.3671  max mem: 2671
      TTA Epoch: [10] [77/78]  eta: 0:00:00  entropy: 0.2507  uncertainty: 1.2385  uncertainty_coeffi: 0.0100  loss: 1.4307  lr: 0.000009  time: 0.0608  data: 0.0001  max mem: 2671
      TTA Epoch: [10] Total time: 0:00:05 (0.0668 s / it)
     Averaged stats: entropy: 0.2608  uncertainty: 1.2536  uncertainty_coeffi: 0.0100  loss: 1.4590  lr: 0.0000
     itm tta time 0:00:05
      TTA Epoch: [11] [ 0/78]  eta: 0:00:38  entropy: 0.3530  uncertainty: 1.2516  uncertainty_coeffi: 0.0100  loss: 1.5383  lr: 0.000009  time: 0.4901  data: 0.3955  max mem: 2671
      TTA Epoch: [11] [77/78]  eta: 0:00:00  entropy: 0.2865  uncertainty: 1.2630  uncertainty_coeffi: 0.0100  loss: 1.4907  lr: 0.000009  time: 0.0614  data: 0.0001  max mem: 2671
      TTA Epoch: [11] Total time: 0:00:05 (0.0679 s / it)
     Averaged stats: entropy: 0.2591  uncertainty: 1.2541  uncertainty_coeffi: 0.0100  loss: 1.4579  lr: 0.0000
     itm tta time 0:00:05
      TTA Epoch: [12] [ 0/78]  eta: 0:00:35  entropy: 0.2516  uncertainty: 1.3001  uncertainty_coeffi: 0.0100  loss: 1.5214  lr: 0.000009  time: 0.4547  data: 0.3720  max mem: 2671
      TTA Epoch: [12] [77/78]  eta: 0:00:00  entropy: 0.2619  uncertainty: 1.2834  uncertainty_coeffi: 0.0100  loss: 1.4677  lr: 0.000009  time: 0.0615  data: 0.0001  max mem: 2671
      TTA Epoch: [12] Total time: 0:00:05 (0.0678 s / it)
     Averaged stats: entropy: 0.2510  uncertainty: 1.2543  uncertainty_coeffi: 0.0100  loss: 1.4513  lr: 0.0000
     itm tta time 0:00:05
      TTA Epoch: [13] [ 0/78]  eta: 0:00:38  entropy: 0.3261  uncertainty: 1.3193  uncertainty_coeffi: 0.0100  loss: 1.5514  lr: 0.000009  time: 0.4881  data: 0.3997  max mem: 2671
      TTA Epoch: [13] [77/78]  eta: 0:00:00  entropy: 0.2492  uncertainty: 1.3298  uncertainty_coeffi: 0.0100  loss: 1.5328  lr: 0.000009  time: 0.0615  data: 0.0001  max mem: 2671
      TTA Epoch: [13] Total time: 0:00:05 (0.0680 s / it)
     Averaged stats: entropy: 0.2458  uncertainty: 1.2535  uncertainty_coeffi: 0.0100  loss: 1.4470  lr: 0.0000
     itm tta time 0:00:05
      TTA Epoch: [14] [ 0/78]  eta: 0:00:34  entropy: 0.1267  uncertainty: 1.2516  uncertainty_coeffi: 0.0100  loss: 1.3520  lr: 0.000009  time: 0.4371  data: 0.3536  max mem: 2671
      TTA Epoch: [14] [77/78]  eta: 0:00:00  entropy: 0.2188  uncertainty: 1.3487  uncertainty_coeffi: 0.0100  loss: 1.4863  lr: 0.000008  time: 0.0614  data: 0.0001  max mem: 2671
      TTA Epoch: [14] Total time: 0:00:05 (0.0676 s / it)
     Averaged stats: entropy: 0.2497  uncertainty: 1.2542  uncertainty_coeffi: 0.0100  loss: 1.4502  lr: 0.0000
     itm tta time 0:00:05
     Computing matching score
      Evaluation: [   0/1978]  eta: 0:02:16    time: 0.0690  data: 0.0027  max mem: 2671
      Evaluation: [ 100/1978]  eta: 0:02:07    time: 0.0678  data: 0.0000  max mem: 2671
      Evaluation: [ 200/1978]  eta: 0:02:00    time: 0.0678  data: 0.0000  max mem: 2671
      Evaluation: [ 300/1978]  eta: 0:01:53    time: 0.0696  data: 0.0000  max mem: 2671
      Evaluation: [ 400/1978]  eta: 0:01:47    time: 0.0688  data: 0.0000  max mem: 2671
      Evaluation: [ 500/1978]  eta: 0:01:40    time: 0.0687  data: 0.0000  max mem: 2671
      Evaluation: [ 600/1978]  eta: 0:01:34    time: 0.0687  data: 0.0000  max mem: 2671
      Evaluation: [ 700/1978]  eta: 0:01:27    time: 0.0688  data: 0.0000  max mem: 2671
      Evaluation: [ 800/1978]  eta: 0:01:20    time: 0.0687  data: 0.0000  max mem: 2671
      Evaluation: [ 900/1978]  eta: 0:01:13    time: 0.0688  data: 0.0000  max mem: 2671
      Evaluation: [1000/1978]  eta: 0:01:07    time: 0.0688  data: 0.0000  max mem: 2671
      Evaluation: [1100/1978]  eta: 0:01:00    time: 0.0687  data: 0.0000  max mem: 2671
      Evaluation: [1200/1978]  eta: 0:00:53    time: 0.0687  data: 0.0000  max mem: 2671
      Evaluation: [1300/1978]  eta: 0:00:46    time: 0.0698  data: 0.0000  max mem: 2671
      Evaluation: [1400/1978]  eta: 0:00:39    time: 0.0695  data: 0.0000  max mem: 2671
      Evaluation: [1500/1978]  eta: 0:00:32    time: 0.0688  data: 0.0000  max mem: 2671
      Evaluation: [1600/1978]  eta: 0:00:25    time: 0.0688  data: 0.0000  max mem: 2671
      Evaluation: [1700/1978]  eta: 0:00:19    time: 0.0689  data: 0.0000  max mem: 2671
      Evaluation: [1800/1978]  eta: 0:00:12    time: 0.0689  data: 0.0000  max mem: 2671
      Evaluation: [1900/1978]  eta: 0:00:05    time: 0.0688  data: 0.0000  max mem: 2671
      Evaluation: [1977/1978]  eta: 0:00:00    time: 0.0689  data: 0.0000  max mem: 2671
      Evaluation: Total time: 0:02:15 (0.0687 s / it)
     Computing matching score time 0:02:16
### TTA ITM Score: 
+-------------------+--------+--------+--------+--------+--------+
|       epoch       |   R1   |   R5   |  R10   |  mAP   |  mINP  |
+-------------------+--------+--------+--------+--------+--------+
|  cos_sim_wo/norm  | 58.544 | 91.860 | 95.703 | 73.596 | 73.596 |
|        -999       | 69.414 | 95.197 | 97.776 | 81.233 | 81.233 |
| itm_score_wo/norm | 84.328 | 98.989 | 99.494 | 91.293 | 91.293 |
|        -999       | 84.277 | 99.039 | 99.596 | 91.276 | 91.276 |
|         0         | 84.328 | 99.039 | 99.596 | 91.301 | 91.301 |
|         1         | 84.328 | 99.039 | 99.596 | 91.301 | 91.301 |
|         2         | 84.530 | 99.039 | 99.596 | 91.401 | 91.401 |
|         4         | 84.732 | 98.989 | 99.596 | 91.491 | 91.491 |
|         9         | 84.833 | 98.938 | 99.545 | 91.517 | 91.517 |
|         14        | 84.631 | 98.888 | 99.494 | 91.382 | 91.382 |
+-------------------+--------+--------+--------+--------+--------+
     logs:  {'epo': 14, 'R1': 84.631, 'R5': 98.888, 'R10': 99.494, 'mAP': 91.382, 'mINP': 91.382, 'entropy': 0.249715, 'uncertainty': 1.254225, 'uncertainty_coeffi': 0.01, 'loss': 1.45019, 'lr': 9e-06}
      TTA Epoch: [15] [ 0/78]  eta: 0:00:37  entropy: 0.4124  uncertainty: 1.2642  uncertainty_coeffi: 0.0100  loss: 1.5603  lr: 0.000008  time: 0.4763  data: 0.3699  max mem: 2671
      TTA Epoch: [15] [77/78]  eta: 0:00:00  entropy: 0.3094  uncertainty: 1.2379  uncertainty_coeffi: 0.0100  loss: 1.4699  lr: 0.000008  time: 0.0604  data: 0.0001  max mem: 2671
      TTA Epoch: [15] Total time: 0:00:05 (0.0671 s / it)
     Averaged stats: entropy: 0.2351  uncertainty: 1.2544  uncertainty_coeffi: 0.0100  loss: 1.4382  lr: 0.0000
     itm tta time 0:00:05
      TTA Epoch: [16] [ 0/78]  eta: 0:00:38  entropy: 0.2148  uncertainty: 1.2628  uncertainty_coeffi: 0.0100  loss: 1.4331  lr: 0.000008  time: 0.4901  data: 0.3745  max mem: 2671
      TTA Epoch: [16] [77/78]  eta: 0:00:00  entropy: 0.0890  uncertainty: 1.2041  uncertainty_coeffi: 0.0100  loss: 1.2659  lr: 0.000008  time: 0.0611  data: 0.0001  max mem: 2671
      TTA Epoch: [16] Total time: 0:00:05 (0.0680 s / it)
     Averaged stats: entropy: 0.2340  uncertainty: 1.2543  uncertainty_coeffi: 0.0100  loss: 1.4381  lr: 0.0000
     itm tta time 0:00:05
      TTA Epoch: [17] [ 0/78]  eta: 0:00:34  entropy: 0.2883  uncertainty: 1.2959  uncertainty_coeffi: 0.0100  loss: 1.5096  lr: 0.000008  time: 0.4465  data: 0.3441  max mem: 2671
      TTA Epoch: [17] [77/78]  eta: 0:00:00  entropy: 0.1348  uncertainty: 1.3300  uncertainty_coeffi: 0.0100  loss: 1.4230  lr: 0.000008  time: 0.0615  data: 0.0001  max mem: 2671
      TTA Epoch: [17] Total time: 0:00:05 (0.0678 s / it)
     Averaged stats: entropy: 0.2260  uncertainty: 1.2540  uncertainty_coeffi: 0.0100  loss: 1.4312  lr: 0.0000
     itm tta time 0:00:05
      TTA Epoch: [18] [ 0/78]  eta: 0:00:33  entropy: 0.1367  uncertainty: 1.2315  uncertainty_coeffi: 0.0100  loss: 1.3514  lr: 0.000008  time: 0.4292  data: 0.3489  max mem: 2671
      TTA Epoch: [18] [77/78]  eta: 0:00:00  entropy: 0.0941  uncertainty: 1.4271  uncertainty_coeffi: 0.0100  loss: 1.4975  lr: 0.000008  time: 0.0612  data: 0.0001  max mem: 2671
      TTA Epoch: [18] Total time: 0:00:05 (0.0668 s / it)
     Averaged stats: entropy: 0.2263  uncertainty: 1.2544  uncertainty_coeffi: 0.0100  loss: 1.4318  lr: 0.0000
     itm tta time 0:00:05
      TTA Epoch: [19] [ 0/78]  eta: 0:00:37  entropy: 0.1945  uncertainty: 1.1444  uncertainty_coeffi: 0.0100  loss: 1.2954  lr: 0.000008  time: 0.4778  data: 0.3843  max mem: 2671
      TTA Epoch: [19] [77/78]  eta: 0:00:00  entropy: 0.2130  uncertainty: 1.2569  uncertainty_coeffi: 0.0100  loss: 1.4440  lr: 0.000008  time: 0.0626  data: 0.0001  max mem: 2671
      TTA Epoch: [19] Total time: 0:00:05 (0.0686 s / it)
     Averaged stats: entropy: 0.2254  uncertainty: 1.2545  uncertainty_coeffi: 0.0100  loss: 1.4310  lr: 0.0000
     itm tta time 0:00:05
     Computing matching score
      Evaluation: [   0/1978]  eta: 0:02:27    time: 0.0744  data: 0.0041  max mem: 2671
      Evaluation: [ 100/1978]  eta: 0:02:12    time: 0.0712  data: 0.0000  max mem: 2671
      Evaluation: [ 200/1978]  eta: 0:02:02    time: 0.0675  data: 0.0000  max mem: 2671
      Evaluation: [ 300/1978]  eta: 0:01:55    time: 0.0675  data: 0.0000  max mem: 2671
      Evaluation: [ 400/1978]  eta: 0:01:47    time: 0.0675  data: 0.0000  max mem: 2671
      Evaluation: [ 500/1978]  eta: 0:01:40    time: 0.0676  data: 0.0000  max mem: 2671
      Evaluation: [ 600/1978]  eta: 0:01:33    time: 0.0676  data: 0.0000  max mem: 2671
      Evaluation: [ 700/1978]  eta: 0:01:26    time: 0.0676  data: 0.0000  max mem: 2671
      Evaluation: [ 800/1978]  eta: 0:01:20    time: 0.0675  data: 0.0000  max mem: 2671
      Evaluation: [ 900/1978]  eta: 0:01:13    time: 0.0677  data: 0.0000  max mem: 2671
      Evaluation: [1000/1978]  eta: 0:01:06    time: 0.0676  data: 0.0000  max mem: 2671
      Evaluation: [1100/1978]  eta: 0:00:59    time: 0.0675  data: 0.0000  max mem: 2671
      Evaluation: [1200/1978]  eta: 0:00:52    time: 0.0675  data: 0.0000  max mem: 2671
      Evaluation: [1300/1978]  eta: 0:00:45    time: 0.0676  data: 0.0000  max mem: 2671
      Evaluation: [1400/1978]  eta: 0:00:39    time: 0.0675  data: 0.0000  max mem: 2671
      Evaluation: [1500/1978]  eta: 0:00:32    time: 0.0674  data: 0.0000  max mem: 2671
      Evaluation: [1600/1978]  eta: 0:00:25    time: 0.0675  data: 0.0000  max mem: 2671
      Evaluation: [1700/1978]  eta: 0:00:18    time: 0.0676  data: 0.0000  max mem: 2671
      Evaluation: [1800/1978]  eta: 0:00:12    time: 0.0676  data: 0.0000  max mem: 2671
      Evaluation: [1900/1978]  eta: 0:00:05    time: 0.0675  data: 0.0000  max mem: 2671
      Evaluation: [1977/1978]  eta: 0:00:00    time: 0.0676  data: 0.0000  max mem: 2671
      Evaluation: Total time: 0:02:13 (0.0677 s / it)
     Computing matching score time 0:02:14
### TTA ITM Score: 
+-------------------+--------+--------+--------+--------+--------+
|       epoch       |   R1   |   R5   |  R10   |  mAP   |  mINP  |
+-------------------+--------+--------+--------+--------+--------+
|  cos_sim_wo/norm  | 58.544 | 91.860 | 95.703 | 73.596 | 73.596 |
|        -999       | 69.414 | 95.197 | 97.776 | 81.233 | 81.233 |
| itm_score_wo/norm | 84.328 | 98.989 | 99.494 | 91.293 | 91.293 |
|        -999       | 84.277 | 99.039 | 99.596 | 91.276 | 91.276 |
|         0         | 84.328 | 99.039 | 99.596 | 91.301 | 91.301 |
|         1         | 84.328 | 99.039 | 99.596 | 91.301 | 91.301 |
|         2         | 84.530 | 99.039 | 99.596 | 91.401 | 91.401 |
|         4         | 84.732 | 98.989 | 99.596 | 91.491 | 91.491 |
|         9         | 84.833 | 98.938 | 99.545 | 91.517 | 91.517 |
|         14        | 84.631 | 98.888 | 99.494 | 91.382 | 91.382 |
|         19        | 84.681 | 98.837 | 99.494 | 91.369 | 91.369 |
+-------------------+--------+--------+--------+--------+--------+
     logs:  {'epo': 19, 'R1': 84.681, 'R5': 98.837, 'R10': 99.494, 'mAP': 91.369, 'mINP': 91.369, 'entropy': 0.225447, 'uncertainty': 1.254472, 'uncertainty_coeffi': 0.01, 'loss': 1.431046, 'lr': 8e-06}
      TTA Epoch: [20] [ 0/78]  eta: 0:00:37  entropy: 0.3059  uncertainty: 1.2285  uncertainty_coeffi: 0.0100  loss: 1.4892  lr: 0.000007  time: 0.4806  data: 0.3836  max mem: 2671
      TTA Epoch: [20] [77/78]  eta: 0:00:00  entropy: 0.2658  uncertainty: 1.2341  uncertainty_coeffi: 0.0100  loss: 1.4510  lr: 0.000007  time: 0.0605  data: 0.0001  max mem: 2671
      TTA Epoch: [20] Total time: 0:00:05 (0.0666 s / it)
     Averaged stats: entropy: 0.2176  uncertainty: 1.2539  uncertainty_coeffi: 0.0100  loss: 1.4245  lr: 0.0000
     itm tta time 0:00:05
      TTA Epoch: [21] [ 0/78]  eta: 0:00:39  entropy: 0.3729  uncertainty: 1.3403  uncertainty_coeffi: 0.0100  loss: 1.6165  lr: 0.000007  time: 0.5101  data: 0.3928  max mem: 2671
      TTA Epoch: [21] [77/78]  eta: 0:00:00  entropy: 0.2928  uncertainty: 1.2052  uncertainty_coeffi: 0.0100  loss: 1.4402  lr: 0.000007  time: 0.0616  data: 0.0001  max mem: 2671
      TTA Epoch: [21] Total time: 0:00:05 (0.0681 s / it)
     Averaged stats: entropy: 0.2180  uncertainty: 1.2541  uncertainty_coeffi: 0.0100  loss: 1.4243  lr: 0.0000
     itm tta time 0:00:05
      TTA Epoch: [22] [ 0/78]  eta: 0:00:30  entropy: 0.2462  uncertainty: 1.3139  uncertainty_coeffi: 0.0100  loss: 1.5107  lr: 0.000007  time: 0.3907  data: 0.3000  max mem: 2671
      TTA Epoch: [22] [77/78]  eta: 0:00:00  entropy: 0.0598  uncertainty: 1.1830  uncertainty_coeffi: 0.0100  loss: 1.2368  lr: 0.000007  time: 0.0614  data: 0.0001  max mem: 2671
      TTA Epoch: [22] Total time: 0:00:05 (0.0669 s / it)
     Averaged stats: entropy: 0.2186  uncertainty: 1.2537  uncertainty_coeffi: 0.0100  loss: 1.4241  lr: 0.0000
     itm tta time 0:00:05
      TTA Epoch: [23] [ 0/78]  eta: 0:00:36  entropy: 0.2234  uncertainty: 1.3038  uncertainty_coeffi: 0.0100  loss: 1.4692  lr: 0.000007  time: 0.4702  data: 0.3620  max mem: 2671
      TTA Epoch: [23] [77/78]  eta: 0:00:00  entropy: 0.2010  uncertainty: 1.2056  uncertainty_coeffi: 0.0100  loss: 1.3485  lr: 0.000007  time: 0.0614  data: 0.0001  max mem: 2671
      TTA Epoch: [23] Total time: 0:00:05 (0.0678 s / it)
     Averaged stats: entropy: 0.2180  uncertainty: 1.2547  uncertainty_coeffi: 0.0100  loss: 1.4244  lr: 0.0000
     itm tta time 0:00:05
      TTA Epoch: [24] [ 0/78]  eta: 0:00:36  entropy: 0.0914  uncertainty: 1.1187  uncertainty_coeffi: 0.0100  loss: 1.1917  lr: 0.000007  time: 0.4652  data: 0.3734  max mem: 2671
      TTA Epoch: [24] [77/78]  eta: 0:00:00  entropy: 0.1398  uncertainty: 1.2872  uncertainty_coeffi: 0.0100  loss: 1.4088  lr: 0.000007  time: 0.0605  data: 0.0001  max mem: 2671
      TTA Epoch: [24] Total time: 0:00:05 (0.0676 s / it)
     Averaged stats: entropy: 0.2103  uncertainty: 1.2533  uncertainty_coeffi: 0.0100  loss: 1.4183  lr: 0.0000
     itm tta time 0:00:05
      TTA Epoch: [25] [ 0/78]  eta: 0:00:37  entropy: 0.1536  uncertainty: 1.2582  uncertainty_coeffi: 0.0100  loss: 1.3736  lr: 0.000007  time: 0.4748  data: 0.3812  max mem: 2671
      TTA Epoch: [25] [77/78]  eta: 0:00:00  entropy: 0.0876  uncertainty: 1.2731  uncertainty_coeffi: 0.0100  loss: 1.3415  lr: 0.000003  time: 0.0615  data: 0.0001  max mem: 2671
      TTA Epoch: [25] Total time: 0:00:05 (0.0679 s / it)
     Averaged stats: entropy: 0.2113  uncertainty: 1.2543  uncertainty_coeffi: 0.0100  loss: 1.4193  lr: 0.0000
     itm tta time 0:00:05
      TTA Epoch: [26] [ 0/78]  eta: 0:00:35  entropy: 0.1374  uncertainty: 1.3945  uncertainty_coeffi: 0.0100  loss: 1.4998  lr: 0.000003  time: 0.4511  data: 0.3659  max mem: 2671
      TTA Epoch: [26] [77/78]  eta: 0:00:00  entropy: 0.2660  uncertainty: 1.1728  uncertainty_coeffi: 0.0100  loss: 1.3965  lr: 0.000003  time: 0.0614  data: 0.0001  max mem: 2671
      TTA Epoch: [26] Total time: 0:00:05 (0.0678 s / it)
     Averaged stats: entropy: 0.2112  uncertainty: 1.2550  uncertainty_coeffi: 0.0100  loss: 1.4190  lr: 0.0000
     itm tta time 0:00:05
      TTA Epoch: [27] [ 0/78]  eta: 0:00:39  entropy: 0.3184  uncertainty: 1.3171  uncertainty_coeffi: 0.0100  loss: 1.5613  lr: 0.000003  time: 0.5046  data: 0.4017  max mem: 2671
      TTA Epoch: [27] [77/78]  eta: 0:00:00  entropy: 0.1749  uncertainty: 1.2436  uncertainty_coeffi: 0.0100  loss: 1.3760  lr: 0.000003  time: 0.0613  data: 0.0001  max mem: 2671
      TTA Epoch: [27] Total time: 0:00:05 (0.0682 s / it)
     Averaged stats: entropy: 0.2001  uncertainty: 1.2544  uncertainty_coeffi: 0.0100  loss: 1.4101  lr: 0.0000
     itm tta time 0:00:05
      TTA Epoch: [28] [ 0/78]  eta: 0:00:38  entropy: 0.2198  uncertainty: 1.1768  uncertainty_coeffi: 0.0100  loss: 1.3496  lr: 0.000003  time: 0.4879  data: 0.3815  max mem: 2671
      TTA Epoch: [28] [77/78]  eta: 0:00:00  entropy: 0.2282  uncertainty: 1.2291  uncertainty_coeffi: 0.0100  loss: 1.4200  lr: 0.000003  time: 0.0612  data: 0.0001  max mem: 2671
      TTA Epoch: [28] Total time: 0:00:05 (0.0679 s / it)
     Averaged stats: entropy: 0.2092  uncertainty: 1.2538  uncertainty_coeffi: 0.0100  loss: 1.4166  lr: 0.0000
     itm tta time 0:00:05
      TTA Epoch: [29] [ 0/78]  eta: 0:00:36  entropy: 0.1344  uncertainty: 1.1990  uncertainty_coeffi: 0.0100  loss: 1.3094  lr: 0.000003  time: 0.4682  data: 0.3757  max mem: 2671
      TTA Epoch: [29] [77/78]  eta: 0:00:00  entropy: 0.0835  uncertainty: 1.2584  uncertainty_coeffi: 0.0100  loss: 1.3226  lr: 0.000003  time: 0.0615  data: 0.0001  max mem: 2671
      TTA Epoch: [29] Total time: 0:00:05 (0.0678 s / it)
     Averaged stats: entropy: 0.2057  uncertainty: 1.2536  uncertainty_coeffi: 0.0100  loss: 1.4137  lr: 0.0000
     itm tta time 0:00:05
     Computing matching score
      Evaluation: [   0/1978]  eta: 0:02:21    time: 0.0716  data: 0.0038  max mem: 2671
      Evaluation: [ 100/1978]  eta: 0:02:07    time: 0.0680  data: 0.0000  max mem: 2671
      Evaluation: [ 200/1978]  eta: 0:02:00    time: 0.0680  data: 0.0000  max mem: 2671
      Evaluation: [ 300/1978]  eta: 0:01:54    time: 0.0681  data: 0.0000  max mem: 2671
      Evaluation: [ 400/1978]  eta: 0:01:47    time: 0.0679  data: 0.0000  max mem: 2671
      Evaluation: [ 500/1978]  eta: 0:01:40    time: 0.0680  data: 0.0000  max mem: 2671
      Evaluation: [ 600/1978]  eta: 0:01:33    time: 0.0683  data: 0.0000  max mem: 2671
      Evaluation: [ 700/1978]  eta: 0:01:26    time: 0.0679  data: 0.0000  max mem: 2671
      Evaluation: [ 800/1978]  eta: 0:01:20    time: 0.0680  data: 0.0000  max mem: 2671
      Evaluation: [ 900/1978]  eta: 0:01:13    time: 0.0680  data: 0.0000  max mem: 2671
      Evaluation: [1000/1978]  eta: 0:01:06    time: 0.0680  data: 0.0000  max mem: 2671
      Evaluation: [1100/1978]  eta: 0:00:59    time: 0.0680  data: 0.0000  max mem: 2671
      Evaluation: [1200/1978]  eta: 0:00:52    time: 0.0680  data: 0.0000  max mem: 2671
      Evaluation: [1300/1978]  eta: 0:00:46    time: 0.0680  data: 0.0000  max mem: 2671
      Evaluation: [1400/1978]  eta: 0:00:39    time: 0.0680  data: 0.0000  max mem: 2671
      Evaluation: [1500/1978]  eta: 0:00:32    time: 0.0680  data: 0.0000  max mem: 2671
      Evaluation: [1600/1978]  eta: 0:00:25    time: 0.0680  data: 0.0000  max mem: 2671
      Evaluation: [1700/1978]  eta: 0:00:18    time: 0.0680  data: 0.0000  max mem: 2671
      Evaluation: [1800/1978]  eta: 0:00:12    time: 0.0679  data: 0.0000  max mem: 2671
      Evaluation: [1900/1978]  eta: 0:00:05    time: 0.0680  data: 0.0000  max mem: 2671
      Evaluation: [1977/1978]  eta: 0:00:00    time: 0.0682  data: 0.0000  max mem: 2671
      Evaluation: Total time: 0:02:14 (0.0680 s / it)
     Computing matching score time 0:02:14
### TTA ITM Score: 
+-------------------+--------+--------+--------+--------+--------+
|       epoch       |   R1   |   R5   |  R10   |  mAP   |  mINP  |
+-------------------+--------+--------+--------+--------+--------+
|  cos_sim_wo/norm  | 58.544 | 91.860 | 95.703 | 73.596 | 73.596 |
|        -999       | 69.414 | 95.197 | 97.776 | 81.233 | 81.233 |
| itm_score_wo/norm | 84.328 | 98.989 | 99.494 | 91.293 | 91.293 |
|        -999       | 84.277 | 99.039 | 99.596 | 91.276 | 91.276 |
|         0         | 84.328 | 99.039 | 99.596 | 91.301 | 91.301 |
|         1         | 84.328 | 99.039 | 99.596 | 91.301 | 91.301 |
|         2         | 84.530 | 99.039 | 99.596 | 91.401 | 91.401 |
|         4         | 84.732 | 98.989 | 99.596 | 91.491 | 91.491 |
|         9         | 84.833 | 98.938 | 99.545 | 91.517 | 91.517 |
|         14        | 84.631 | 98.888 | 99.494 | 91.382 | 91.382 |
|         19        | 84.681 | 98.837 | 99.494 | 91.369 | 91.369 |
|         29        | 84.681 | 98.787 | 99.494 | 91.359 | 91.359 |
+-------------------+--------+--------+--------+--------+--------+
     logs:  {'epo': 29, 'R1': 84.681, 'R5': 98.787, 'R10': 99.494, 'mAP': 91.359, 'mINP': 91.359, 'entropy': 0.205714, 'uncertainty': 1.253631, 'uncertainty_coeffi': 0.01, 'loss': 1.413712, 'lr': 3e-06}
      TTA Epoch: [30] [ 0/78]  eta: 0:00:30  entropy: 0.2255  uncertainty: 1.3417  uncertainty_coeffi: 0.0100  loss: 1.5029  lr: 0.000003  time: 0.3889  data: 0.3006  max mem: 2671
      TTA Epoch: [30] [77/78]  eta: 0:00:00  entropy: 0.2580  uncertainty: 1.2165  uncertainty_coeffi: 0.0100  loss: 1.4216  lr: 0.000003  time: 0.0606  data: 0.0001  max mem: 2671
      TTA Epoch: [30] Total time: 0:00:05 (0.0664 s / it)
     Averaged stats: entropy: 0.2026  uncertainty: 1.2542  uncertainty_coeffi: 0.0100  loss: 1.4119  lr: 0.0000
     itm tta time 0:00:05
      TTA Epoch: [31] [ 0/78]  eta: 0:00:42  entropy: 0.1621  uncertainty: 1.2671  uncertainty_coeffi: 0.0100  loss: 1.3992  lr: 0.000003  time: 0.5426  data: 0.4354  max mem: 2671
      TTA Epoch: [31] [77/78]  eta: 0:00:00  entropy: 0.2753  uncertainty: 1.1975  uncertainty_coeffi: 0.0100  loss: 1.4182  lr: 0.000003  time: 0.0614  data: 0.0001  max mem: 2671
      TTA Epoch: [31] Total time: 0:00:05 (0.0687 s / it)
     Averaged stats: entropy: 0.2011  uncertainty: 1.2534  uncertainty_coeffi: 0.0100  loss: 1.4100  lr: 0.0000
     itm tta time 0:00:05
      TTA Epoch: [32] [ 0/78]  eta: 0:00:34  entropy: 0.1885  uncertainty: 1.2708  uncertainty_coeffi: 0.0100  loss: 1.4103  lr: 0.000003  time: 0.4360  data: 0.3480  max mem: 2671
      TTA Epoch: [32] [77/78]  eta: 0:00:00  entropy: 0.2187  uncertainty: 1.4854  uncertainty_coeffi: 0.0100  loss: 1.6382  lr: 0.000003  time: 0.0612  data: 0.0001  max mem: 2671
      TTA Epoch: [32] Total time: 0:00:05 (0.0673 s / it)
     Averaged stats: entropy: 0.2031  uncertainty: 1.2545  uncertainty_coeffi: 0.0100  loss: 1.4124  lr: 0.0000
     itm tta time 0:00:05
      TTA Epoch: [33] [ 0/78]  eta: 0:00:36  entropy: 0.1751  uncertainty: 1.1548  uncertainty_coeffi: 0.0100  loss: 1.2972  lr: 0.000003  time: 0.4630  data: 0.3722  max mem: 2671
      TTA Epoch: [33] [77/78]  eta: 0:00:00  entropy: 0.2657  uncertainty: 1.2202  uncertainty_coeffi: 0.0100  loss: 1.4446  lr: 0.000002  time: 0.0616  data: 0.0001  max mem: 2671
      TTA Epoch: [33] Total time: 0:00:05 (0.0678 s / it)
     Averaged stats: entropy: 0.2012  uncertainty: 1.2536  uncertainty_coeffi: 0.0100  loss: 1.4104  lr: 0.0000
     itm tta time 0:00:05
      TTA Epoch: [34] [ 0/78]  eta: 0:00:33  entropy: 0.3290  uncertainty: 1.2970  uncertainty_coeffi: 0.0100  loss: 1.5574  lr: 0.000002  time: 0.4236  data: 0.3479  max mem: 2671
      TTA Epoch: [34] [77/78]  eta: 0:00:00  entropy: 0.0644  uncertainty: 1.2549  uncertainty_coeffi: 0.0100  loss: 1.3020  lr: 0.000002  time: 0.0613  data: 0.0001  max mem: 2671
      TTA Epoch: [34] Total time: 0:00:05 (0.0670 s / it)
     Averaged stats: entropy: 0.2052  uncertainty: 1.2550  uncertainty_coeffi: 0.0100  loss: 1.4145  lr: 0.0000
     itm tta time 0:00:05
      TTA Epoch: [35] [ 0/78]  eta: 0:00:35  entropy: 0.2140  uncertainty: 1.1584  uncertainty_coeffi: 0.0100  loss: 1.3483  lr: 0.000002  time: 0.4515  data: 0.3561  max mem: 2671
      TTA Epoch: [35] [77/78]  eta: 0:00:00  entropy: 0.2638  uncertainty: 1.2328  uncertainty_coeffi: 0.0100  loss: 1.4332  lr: 0.000002  time: 0.0611  data: 0.0001  max mem: 2671
      TTA Epoch: [35] Total time: 0:00:05 (0.0675 s / it)
     Averaged stats: entropy: 0.2017  uncertainty: 1.2532  uncertainty_coeffi: 0.0100  loss: 1.4104  lr: 0.0000
     itm tta time 0:00:05
      TTA Epoch: [36] [ 0/78]  eta: 0:00:31  entropy: 0.0696  uncertainty: 1.1960  uncertainty_coeffi: 0.0100  loss: 1.2538  lr: 0.000002  time: 0.3997  data: 0.3042  max mem: 2671
      TTA Epoch: [36] [77/78]  eta: 0:00:00  entropy: 0.1382  uncertainty: 1.2898  uncertainty_coeffi: 0.0100  loss: 1.3875  lr: 0.000002  time: 0.0616  data: 0.0001  max mem: 2671
      TTA Epoch: [36] Total time: 0:00:05 (0.0671 s / it)
     Averaged stats: entropy: 0.1959  uncertainty: 1.2541  uncertainty_coeffi: 0.0100  loss: 1.4061  lr: 0.0000
     itm tta time 0:00:05
      TTA Epoch: [37] [ 0/78]  eta: 0:00:41  entropy: 0.0556  uncertainty: 1.1141  uncertainty_coeffi: 0.0100  loss: 1.1630  lr: 0.000002  time: 0.5268  data: 0.4087  max mem: 2671
      TTA Epoch: [37] [77/78]  eta: 0:00:00  entropy: 0.2129  uncertainty: 1.2807  uncertainty_coeffi: 0.0100  loss: 1.4497  lr: 0.000002  time: 0.0620  data: 0.0001  max mem: 2671
      TTA Epoch: [37] Total time: 0:00:05 (0.0696 s / it)
     Averaged stats: entropy: 0.1972  uncertainty: 1.2543  uncertainty_coeffi: 0.0100  loss: 1.4076  lr: 0.0000
     itm tta time 0:00:05
      TTA Epoch: [38] [ 0/78]  eta: 0:00:42  entropy: 0.3724  uncertainty: 1.2002  uncertainty_coeffi: 0.0100  loss: 1.5125  lr: 0.000002  time: 0.5494  data: 0.4333  max mem: 2671
      TTA Epoch: [38] [77/78]  eta: 0:00:00  entropy: 0.1465  uncertainty: 1.2051  uncertainty_coeffi: 0.0100  loss: 1.3359  lr: 0.000002  time: 0.0623  data: 0.0001  max mem: 2671
      TTA Epoch: [38] Total time: 0:00:05 (0.0696 s / it)
     Averaged stats: entropy: 0.1972  uncertainty: 1.2549  uncertainty_coeffi: 0.0100  loss: 1.4084  lr: 0.0000
     itm tta time 0:00:05
      TTA Epoch: [39] [ 0/78]  eta: 0:00:41  entropy: 0.2016  uncertainty: 1.3684  uncertainty_coeffi: 0.0100  loss: 1.5174  lr: 0.000002  time: 0.5281  data: 0.4107  max mem: 2671
      TTA Epoch: [39] [77/78]  eta: 0:00:00  entropy: 0.2845  uncertainty: 1.2669  uncertainty_coeffi: 0.0100  loss: 1.4831  lr: 0.000002  time: 0.0624  data: 0.0001  max mem: 2671
      TTA Epoch: [39] Total time: 0:00:05 (0.0693 s / it)
     Averaged stats: entropy: 0.2007  uncertainty: 1.2541  uncertainty_coeffi: 0.0100  loss: 1.4100  lr: 0.0000
     itm tta time 0:00:05
     Computing matching score
      Evaluation: [   0/1978]  eta: 0:02:27    time: 0.0746  data: 0.0039  max mem: 2671
      Evaluation: [ 100/1978]  eta: 0:02:08    time: 0.0680  data: 0.0000  max mem: 2671
      Evaluation: [ 200/1978]  eta: 0:02:01    time: 0.0679  data: 0.0000  max mem: 2671
      Evaluation: [ 300/1978]  eta: 0:01:54    time: 0.0679  data: 0.0000  max mem: 2671
      Evaluation: [ 400/1978]  eta: 0:01:47    time: 0.0679  data: 0.0000  max mem: 2671
      Evaluation: [ 500/1978]  eta: 0:01:40    time: 0.0678  data: 0.0000  max mem: 2671
      Evaluation: [ 600/1978]  eta: 0:01:33    time: 0.0678  data: 0.0000  max mem: 2671
      Evaluation: [ 700/1978]  eta: 0:01:26    time: 0.0679  data: 0.0000  max mem: 2671
      Evaluation: [ 800/1978]  eta: 0:01:20    time: 0.0680  data: 0.0000  max mem: 2671
      Evaluation: [ 900/1978]  eta: 0:01:13    time: 0.0680  data: 0.0000  max mem: 2671
      Evaluation: [1000/1978]  eta: 0:01:06    time: 0.0679  data: 0.0000  max mem: 2671
      Evaluation: [1100/1978]  eta: 0:00:59    time: 0.0679  data: 0.0000  max mem: 2671
      Evaluation: [1200/1978]  eta: 0:00:52    time: 0.0680  data: 0.0000  max mem: 2671
      Evaluation: [1300/1978]  eta: 0:00:46    time: 0.0679  data: 0.0000  max mem: 2671
      Evaluation: [1400/1978]  eta: 0:00:39    time: 0.0680  data: 0.0000  max mem: 2671
      Evaluation: [1500/1978]  eta: 0:00:32    time: 0.0680  data: 0.0000  max mem: 2671
      Evaluation: [1600/1978]  eta: 0:00:25    time: 0.0678  data: 0.0000  max mem: 2671
      Evaluation: [1700/1978]  eta: 0:00:18    time: 0.0677  data: 0.0000  max mem: 2671
      Evaluation: [1800/1978]  eta: 0:00:12    time: 0.0677  data: 0.0000  max mem: 2671
      Evaluation: [1900/1978]  eta: 0:00:05    time: 0.0678  data: 0.0000  max mem: 2671
      Evaluation: [1977/1978]  eta: 0:00:00    time: 0.0679  data: 0.0000  max mem: 2671
      Evaluation: Total time: 0:02:14 (0.0679 s / it)
     Computing matching score time 0:02:14
### TTA ITM Score: 
+-------------------+--------+--------+--------+--------+--------+
|       epoch       |   R1   |   R5   |  R10   |  mAP   |  mINP  |
+-------------------+--------+--------+--------+--------+--------+
|  cos_sim_wo/norm  | 58.544 | 91.860 | 95.703 | 73.596 | 73.596 |
|        -999       | 69.414 | 95.197 | 97.776 | 81.233 | 81.233 |
| itm_score_wo/norm | 84.328 | 98.989 | 99.494 | 91.293 | 91.293 |
|        -999       | 84.277 | 99.039 | 99.596 | 91.276 | 91.276 |
|         0         | 84.328 | 99.039 | 99.596 | 91.301 | 91.301 |
|         1         | 84.328 | 99.039 | 99.596 | 91.301 | 91.301 |
|         2         | 84.530 | 99.039 | 99.596 | 91.401 | 91.401 |
|         4         | 84.732 | 98.989 | 99.596 | 91.491 | 91.491 |
|         9         | 84.833 | 98.938 | 99.545 | 91.517 | 91.517 |
|         14        | 84.631 | 98.888 | 99.494 | 91.382 | 91.382 |
|         19        | 84.681 | 98.837 | 99.494 | 91.369 | 91.369 |
|         29        | 84.681 | 98.787 | 99.494 | 91.359 | 91.359 |
|         39        | 84.732 | 98.736 | 99.393 | 91.380 | 91.380 |
+-------------------+--------+--------+--------+--------+--------+
     logs:  {'epo': 39, 'R1': 84.732, 'R5': 98.736, 'R10': 99.393, 'mAP': 91.38, 'mINP': 91.38, 'entropy': 0.200707, 'uncertainty': 1.25414, 'uncertainty_coeffi': 0.01, 'loss': 1.410047, 'lr': 2e-06}
      TTA Epoch: [40] [ 0/78]  eta: 0:00:32  entropy: 0.2645  uncertainty: 1.2472  uncertainty_coeffi: 0.0100  loss: 1.4784  lr: 0.000002  time: 0.4125  data: 0.3340  max mem: 2671
      TTA Epoch: [40] [77/78]  eta: 0:00:00  entropy: 0.1766  uncertainty: 1.2631  uncertainty_coeffi: 0.0100  loss: 1.3818  lr: 0.000002  time: 0.0605  data: 0.0001  max mem: 2671
      TTA Epoch: [40] Total time: 0:00:05 (0.0665 s / it)
     Averaged stats: entropy: 0.1972  uncertainty: 1.2535  uncertainty_coeffi: 0.0100  loss: 1.4069  lr: 0.0000
     itm tta time 0:00:05
      TTA Epoch: [41] [ 0/78]  eta: 0:00:37  entropy: 0.1455  uncertainty: 1.1909  uncertainty_coeffi: 0.0100  loss: 1.3161  lr: 0.000002  time: 0.4807  data: 0.3881  max mem: 2671
      TTA Epoch: [41] [77/78]  eta: 0:00:00  entropy: 0.2775  uncertainty: 1.4527  uncertainty_coeffi: 0.0100  loss: 1.6449  lr: 0.000002  time: 0.0615  data: 0.0001  max mem: 2671
      TTA Epoch: [41] Total time: 0:00:05 (0.0672 s / it)
     Averaged stats: entropy: 0.1982  uncertainty: 1.2540  uncertainty_coeffi: 0.0100  loss: 1.4079  lr: 0.0000
     itm tta time 0:00:05
      TTA Epoch: [42] [ 0/78]  eta: 0:00:33  entropy: 0.2762  uncertainty: 1.2782  uncertainty_coeffi: 0.0100  loss: 1.4868  lr: 0.000002  time: 0.4266  data: 0.3411  max mem: 2671
      TTA Epoch: [42] [77/78]  eta: 0:00:00  entropy: 0.0867  uncertainty: 1.2155  uncertainty_coeffi: 0.0100  loss: 1.2895  lr: 0.000002  time: 0.0613  data: 0.0001  max mem: 2671
      TTA Epoch: [42] Total time: 0:00:05 (0.0671 s / it)
     Averaged stats: entropy: 0.1973  uncertainty: 1.2533  uncertainty_coeffi: 0.0100  loss: 1.4065  lr: 0.0000
     itm tta time 0:00:05
      TTA Epoch: [43] [ 0/78]  eta: 0:00:38  entropy: 0.2548  uncertainty: 1.2581  uncertainty_coeffi: 0.0100  loss: 1.4581  lr: 0.000002  time: 0.4880  data: 0.3853  max mem: 2671
      TTA Epoch: [43] [77/78]  eta: 0:00:00  entropy: 0.2583  uncertainty: 1.1833  uncertainty_coeffi: 0.0100  loss: 1.3925  lr: 0.000002  time: 0.0616  data: 0.0001  max mem: 2671
      TTA Epoch: [43] Total time: 0:00:05 (0.0684 s / it)
     Averaged stats: entropy: 0.1980  uncertainty: 1.2541  uncertainty_coeffi: 0.0100  loss: 1.4082  lr: 0.0000
     itm tta time 0:00:05
      TTA Epoch: [44] [ 0/78]  eta: 0:00:33  entropy: 0.3007  uncertainty: 1.2485  uncertainty_coeffi: 0.0100  loss: 1.5020  lr: 0.000002  time: 0.4285  data: 0.3458  max mem: 2671
      TTA Epoch: [44] [77/78]  eta: 0:00:00  entropy: 0.2233  uncertainty: 1.3447  uncertainty_coeffi: 0.0100  loss: 1.5093  lr: 0.000001  time: 0.0613  data: 0.0001  max mem: 2671
      TTA Epoch: [44] Total time: 0:00:05 (0.0672 s / it)
     Averaged stats: entropy: 0.1970  uncertainty: 1.2534  uncertainty_coeffi: 0.0100  loss: 1.4069  lr: 0.0000
     itm tta time 0:00:05
      TTA Epoch: [45] [ 0/78]  eta: 0:00:39  entropy: 0.1602  uncertainty: 1.3257  uncertainty_coeffi: 0.0100  loss: 1.4226  lr: 0.000001  time: 0.5025  data: 0.3856  max mem: 2671
      TTA Epoch: [45] [77/78]  eta: 0:00:00  entropy: 0.1566  uncertainty: 1.1870  uncertainty_coeffi: 0.0100  loss: 1.3274  lr: 0.000001  time: 0.0611  data: 0.0001  max mem: 2671
      TTA Epoch: [45] Total time: 0:00:05 (0.0684 s / it)
     Averaged stats: entropy: 0.1965  uncertainty: 1.2537  uncertainty_coeffi: 0.0100  loss: 1.4070  lr: 0.0000
     itm tta time 0:00:05
      TTA Epoch: [46] [ 0/78]  eta: 0:00:40  entropy: 0.1909  uncertainty: 1.2581  uncertainty_coeffi: 0.0100  loss: 1.4037  lr: 0.000001  time: 0.5202  data: 0.4192  max mem: 2671
      TTA Epoch: [46] [77/78]  eta: 0:00:00  entropy: 0.1727  uncertainty: 1.2076  uncertainty_coeffi: 0.0100  loss: 1.3314  lr: 0.000001  time: 0.0613  data: 0.0001  max mem: 2671
      TTA Epoch: [46] Total time: 0:00:05 (0.0684 s / it)
     Averaged stats: entropy: 0.1998  uncertainty: 1.2538  uncertainty_coeffi: 0.0100  loss: 1.4093  lr: 0.0000
     itm tta time 0:00:05
      TTA Epoch: [47] [ 0/78]  eta: 0:00:38  entropy: 0.1655  uncertainty: 1.3392  uncertainty_coeffi: 0.0100  loss: 1.4763  lr: 0.000001  time: 0.4896  data: 0.3770  max mem: 2671
      TTA Epoch: [47] [77/78]  eta: 0:00:00  entropy: 0.3933  uncertainty: 1.4240  uncertainty_coeffi: 0.0100  loss: 1.7019  lr: 0.000000  time: 0.0615  data: 0.0001  max mem: 2671
      TTA Epoch: [47] Total time: 0:00:05 (0.0681 s / it)
     Averaged stats: entropy: 0.1953  uncertainty: 1.2538  uncertainty_coeffi: 0.0100  loss: 1.4058  lr: 0.0000
     itm tta time 0:00:05
      TTA Epoch: [48] [ 0/78]  eta: 0:00:41  entropy: 0.2399  uncertainty: 1.2456  uncertainty_coeffi: 0.0100  loss: 1.4308  lr: 0.000000  time: 0.5330  data: 0.4155  max mem: 2671
      TTA Epoch: [48] [77/78]  eta: 0:00:00  entropy: 0.1863  uncertainty: 1.1784  uncertainty_coeffi: 0.0100  loss: 1.3422  lr: 0.000000  time: 0.0613  data: 0.0001  max mem: 2671
      TTA Epoch: [48] Total time: 0:00:05 (0.0686 s / it)
     Averaged stats: entropy: 0.1940  uncertainty: 1.2544  uncertainty_coeffi: 0.0100  loss: 1.4049  lr: 0.0000
     itm tta time 0:00:05
      TTA Epoch: [49] [ 0/78]  eta: 0:00:41  entropy: 0.1608  uncertainty: 1.1806  uncertainty_coeffi: 0.0100  loss: 1.2933  lr: 0.000000  time: 0.5370  data: 0.4201  max mem: 2671
      TTA Epoch: [49] [77/78]  eta: 0:00:00  entropy: 0.3065  uncertainty: 1.1677  uncertainty_coeffi: 0.0100  loss: 1.4133  lr: 0.000000  time: 0.0612  data: 0.0001  max mem: 2671
      TTA Epoch: [49] Total time: 0:00:05 (0.0685 s / it)
     Averaged stats: entropy: 0.1944  uncertainty: 1.2542  uncertainty_coeffi: 0.0100  loss: 1.4053  lr: 0.0000
     itm tta time 0:00:05
     Computing matching score
      Evaluation: [   0/1978]  eta: 0:02:29    time: 0.0755  data: 0.0046  max mem: 2671
      Evaluation: [ 100/1978]  eta: 0:02:07    time: 0.0678  data: 0.0000  max mem: 2671
      Evaluation: [ 200/1978]  eta: 0:02:00    time: 0.0677  data: 0.0000  max mem: 2671
      Evaluation: [ 300/1978]  eta: 0:01:53    time: 0.0678  data: 0.0000  max mem: 2671
      Evaluation: [ 400/1978]  eta: 0:01:46    time: 0.0676  data: 0.0000  max mem: 2671
      Evaluation: [ 500/1978]  eta: 0:01:40    time: 0.0675  data: 0.0000  max mem: 2671
      Evaluation: [ 600/1978]  eta: 0:01:33    time: 0.0675  data: 0.0000  max mem: 2671
      Evaluation: [ 700/1978]  eta: 0:01:26    time: 0.0676  data: 0.0000  max mem: 2671
      Evaluation: [ 800/1978]  eta: 0:01:19    time: 0.0676  data: 0.0000  max mem: 2671
      Evaluation: [ 900/1978]  eta: 0:01:12    time: 0.0675  data: 0.0000  max mem: 2671
      Evaluation: [1000/1978]  eta: 0:01:06    time: 0.0675  data: 0.0000  max mem: 2671
      Evaluation: [1100/1978]  eta: 0:00:59    time: 0.0675  data: 0.0000  max mem: 2671
      Evaluation: [1200/1978]  eta: 0:00:52    time: 0.0676  data: 0.0000  max mem: 2671
      Evaluation: [1300/1978]  eta: 0:00:45    time: 0.0676  data: 0.0000  max mem: 2671
      Evaluation: [1400/1978]  eta: 0:00:39    time: 0.0675  data: 0.0000  max mem: 2671
      Evaluation: [1500/1978]  eta: 0:00:32    time: 0.0675  data: 0.0000  max mem: 2671
      Evaluation: [1600/1978]  eta: 0:00:25    time: 0.0676  data: 0.0000  max mem: 2671
      Evaluation: [1700/1978]  eta: 0:00:18    time: 0.0674  data: 0.0000  max mem: 2671
      Evaluation: [1800/1978]  eta: 0:00:12    time: 0.0675  data: 0.0000  max mem: 2671
      Evaluation: [1900/1978]  eta: 0:00:05    time: 0.0675  data: 0.0000  max mem: 2671
      Evaluation: [1977/1978]  eta: 0:00:00    time: 0.0676  data: 0.0000  max mem: 2671
      Evaluation: Total time: 0:02:13 (0.0676 s / it)
     Computing matching score time 0:02:13
### TTA ITM Score: 
+-------------------+--------+--------+--------+--------+--------+
|       epoch       |   R1   |   R5   |  R10   |  mAP   |  mINP  |
+-------------------+--------+--------+--------+--------+--------+
|  cos_sim_wo/norm  | 58.544 | 91.860 | 95.703 | 73.596 | 73.596 |
|        -999       | 69.414 | 95.197 | 97.776 | 81.233 | 81.233 |
| itm_score_wo/norm | 84.328 | 98.989 | 99.494 | 91.293 | 91.293 |
|        -999       | 84.277 | 99.039 | 99.596 | 91.276 | 91.276 |
|         0         | 84.328 | 99.039 | 99.596 | 91.301 | 91.301 |
|         1         | 84.328 | 99.039 | 99.596 | 91.301 | 91.301 |
|         2         | 84.530 | 99.039 | 99.596 | 91.401 | 91.401 |
|         4         | 84.732 | 98.989 | 99.596 | 91.491 | 91.491 |
|         9         | 84.833 | 98.938 | 99.545 | 91.517 | 91.517 |
|         14        | 84.631 | 98.888 | 99.494 | 91.382 | 91.382 |
|         19        | 84.681 | 98.837 | 99.494 | 91.369 | 91.369 |
|         29        | 84.681 | 98.787 | 99.494 | 91.359 | 91.359 |
|         39        | 84.732 | 98.736 | 99.393 | 91.380 | 91.380 |
|         49        | 84.732 | 98.736 | 99.393 | 91.376 | 91.376 |
+-------------------+--------+--------+--------+--------+--------+
     logs:  {'epo': 49, 'R1': 84.732, 'R5': 98.736, 'R10': 99.393, 'mAP': 91.376, 'mINP': 91.376, 'entropy': 0.194412, 'uncertainty': 1.2542, 'uncertainty_coeffi': 0.01, 'loss': 1.405298, 'lr': 0.0}
      TTA Epoch: [50] [ 0/78]  eta: 0:00:37  entropy: 0.2594  uncertainty: 1.2793  uncertainty_coeffi: 0.0100  loss: 1.4727  lr: 0.000000  time: 0.4786  data: 0.3843  max mem: 2671
      TTA Epoch: [50] [77/78]  eta: 0:00:00  entropy: 0.2060  uncertainty: 1.2113  uncertainty_coeffi: 0.0100  loss: 1.3858  lr: 0.000000  time: 0.0620  data: 0.0001  max mem: 2671
      TTA Epoch: [50] Total time: 0:00:05 (0.0678 s / it)
     Averaged stats: entropy: 0.1941  uncertainty: 1.2533  uncertainty_coeffi: 0.0100  loss: 1.4048  lr: 0.0000
     itm tta time 0:00:05
      TTA Epoch: [51] [ 0/78]  eta: 0:00:45  entropy: 0.2440  uncertainty: 1.2758  uncertainty_coeffi: 0.0100  loss: 1.4592  lr: 0.000000  time: 0.5871  data: 0.4867  max mem: 2671
      TTA Epoch: [51] [77/78]  eta: 0:00:00  entropy: 0.1194  uncertainty: 1.1700  uncertainty_coeffi: 0.0100  loss: 1.2789  lr: 0.000000  time: 0.0616  data: 0.0001  max mem: 2671
      TTA Epoch: [51] Total time: 0:00:05 (0.0690 s / it)
     Averaged stats: entropy: 0.1966  uncertainty: 1.2536  uncertainty_coeffi: 0.0100  loss: 1.4065  lr: 0.0000
     itm tta time 0:00:05
      TTA Epoch: [52] [ 0/78]  eta: 0:00:50  entropy: 0.1527  uncertainty: 1.1832  uncertainty_coeffi: 0.0100  loss: 1.3062  lr: 0.000000  time: 0.6436  data: 0.5232  max mem: 2671
      TTA Epoch: [52] [77/78]  eta: 0:00:00  entropy: 0.3402  uncertainty: 1.3437  uncertainty_coeffi: 0.0100  loss: 1.6184  lr: 0.000000  time: 0.0608  data: 0.0001  max mem: 2671
      TTA Epoch: [52] Total time: 0:00:05 (0.0688 s / it)
     Averaged stats: entropy: 0.1911  uncertainty: 1.2527  uncertainty_coeffi: 0.0100  loss: 1.4016  lr: 0.0000
     itm tta time 0:00:05
      TTA Epoch: [53] [ 0/78]  eta: 0:00:43  entropy: 0.1543  uncertainty: 1.1971  uncertainty_coeffi: 0.0100  loss: 1.3210  lr: 0.000000  time: 0.5610  data: 0.4393  max mem: 2671
      TTA Epoch: [53] [77/78]  eta: 0:00:00  entropy: 0.1044  uncertainty: 1.2121  uncertainty_coeffi: 0.0100  loss: 1.2942  lr: 0.000000  time: 0.0616  data: 0.0001  max mem: 2671
      TTA Epoch: [53] Total time: 0:00:05 (0.0689 s / it)
     Averaged stats: entropy: 0.1926  uncertainty: 1.2531  uncertainty_coeffi: 0.0100  loss: 1.4024  lr: 0.0000
     itm tta time 0:00:05
      TTA Epoch: [54] [ 0/78]  eta: 0:00:37  entropy: 0.0853  uncertainty: 1.2700  uncertainty_coeffi: 0.0100  loss: 1.3406  lr: 0.000000  time: 0.4770  data: 0.3706  max mem: 2671
      TTA Epoch: [54] [77/78]  eta: 0:00:00  entropy: 0.2013  uncertainty: 1.2705  uncertainty_coeffi: 0.0100  loss: 1.4370  lr: 0.000000  time: 0.0620  data: 0.0001  max mem: 2671
      TTA Epoch: [54] Total time: 0:00:05 (0.0682 s / it)
     Averaged stats: entropy: 0.1979  uncertainty: 1.2531  uncertainty_coeffi: 0.0100  loss: 1.4069  lr: 0.0000
     itm tta time 0:00:05
      TTA Epoch: [55] [ 0/78]  eta: 0:00:35  entropy: 0.2354  uncertainty: 1.2197  uncertainty_coeffi: 0.0100  loss: 1.4050  lr: 0.000000  time: 0.4513  data: 0.3381  max mem: 2671
      TTA Epoch: [55] [77/78]  eta: 0:00:00  entropy: 0.1249  uncertainty: 1.1279  uncertainty_coeffi: 0.0100  loss: 1.2197  lr: 0.000000  time: 0.0619  data: 0.0001  max mem: 2671
      TTA Epoch: [55] Total time: 0:00:05 (0.0675 s / it)
     Averaged stats: entropy: 0.1887  uncertainty: 1.2534  uncertainty_coeffi: 0.0100  loss: 1.4003  lr: 0.0000
     itm tta time 0:00:05
      TTA Epoch: [56] [ 0/78]  eta: 0:00:45  entropy: 0.2590  uncertainty: 1.2144  uncertainty_coeffi: 0.0100  loss: 1.4284  lr: 0.000000  time: 0.5815  data: 0.4615  max mem: 2671
      TTA Epoch: [56] [77/78]  eta: 0:00:00  entropy: 0.3210  uncertainty: 1.4053  uncertainty_coeffi: 0.0100  loss: 1.6543  lr: 0.000000  time: 0.0611  data: 0.0001  max mem: 2671
      TTA Epoch: [56] Total time: 0:00:05 (0.0686 s / it)
     Averaged stats: entropy: 0.1932  uncertainty: 1.2536  uncertainty_coeffi: 0.0100  loss: 1.4043  lr: 0.0000
     itm tta time 0:00:05
      TTA Epoch: [57] [ 0/78]  eta: 0:00:36  entropy: 0.2244  uncertainty: 1.2116  uncertainty_coeffi: 0.0100  loss: 1.3724  lr: 0.000000  time: 0.4691  data: 0.3753  max mem: 2671
      TTA Epoch: [57] [77/78]  eta: 0:00:00  entropy: 0.2144  uncertainty: 1.2843  uncertainty_coeffi: 0.0100  loss: 1.4512  lr: 0.000000  time: 0.0614  data: 0.0001  max mem: 2671
      TTA Epoch: [57] Total time: 0:00:05 (0.0677 s / it)
     Averaged stats: entropy: 0.1937  uncertainty: 1.2537  uncertainty_coeffi: 0.0100  loss: 1.4041  lr: 0.0000
     itm tta time 0:00:05
      TTA Epoch: [58] [ 0/78]  eta: 0:00:33  entropy: 0.2820  uncertainty: 1.1603  uncertainty_coeffi: 0.0100  loss: 1.3733  lr: 0.000000  time: 0.4244  data: 0.3378  max mem: 2671
      TTA Epoch: [58] [77/78]  eta: 0:00:00  entropy: 0.1502  uncertainty: 1.2775  uncertainty_coeffi: 0.0100  loss: 1.4018  lr: 0.000000  time: 0.0615  data: 0.0001  max mem: 2671
      TTA Epoch: [58] Total time: 0:00:05 (0.0674 s / it)
     Averaged stats: entropy: 0.1930  uncertainty: 1.2531  uncertainty_coeffi: 0.0100  loss: 1.4030  lr: 0.0000
     itm tta time 0:00:05
      TTA Epoch: [59] [ 0/78]  eta: 0:00:34  entropy: 0.0903  uncertainty: 1.1537  uncertainty_coeffi: 0.0100  loss: 1.2351  lr: 0.000000  time: 0.4485  data: 0.3712  max mem: 2671
      TTA Epoch: [59] [77/78]  eta: 0:00:00  entropy: 0.2488  uncertainty: 1.3137  uncertainty_coeffi: 0.0100  loss: 1.5119  lr: 0.000000  time: 0.0612  data: 0.0001  max mem: 2671
      TTA Epoch: [59] Total time: 0:00:05 (0.0675 s / it)
     Averaged stats: entropy: 0.1970  uncertainty: 1.2526  uncertainty_coeffi: 0.0100  loss: 1.4059  lr: 0.0000
     itm tta time 0:00:05
     Computing matching score
      Evaluation: [   0/1978]  eta: 0:02:19    time: 0.0703  data: 0.0033  max mem: 2671
      Evaluation: [ 100/1978]  eta: 0:02:08    time: 0.0681  data: 0.0000  max mem: 2671
      Evaluation: [ 200/1978]  eta: 0:02:01    time: 0.0679  data: 0.0000  max mem: 2671
      Evaluation: [ 300/1978]  eta: 0:01:54    time: 0.0680  data: 0.0000  max mem: 2671
      Evaluation: [ 400/1978]  eta: 0:01:47    time: 0.0679  data: 0.0000  max mem: 2671
      Evaluation: [ 500/1978]  eta: 0:01:40    time: 0.0679  data: 0.0000  max mem: 2671
      Evaluation: [ 600/1978]  eta: 0:01:33    time: 0.0679  data: 0.0000  max mem: 2671
      Evaluation: [ 700/1978]  eta: 0:01:26    time: 0.0679  data: 0.0000  max mem: 2671
      Evaluation: [ 800/1978]  eta: 0:01:20    time: 0.0679  data: 0.0000  max mem: 2671
      Evaluation: [ 900/1978]  eta: 0:01:13    time: 0.0679  data: 0.0000  max mem: 2671
      Evaluation: [1000/1978]  eta: 0:01:06    time: 0.0680  data: 0.0000  max mem: 2671
      Evaluation: [1100/1978]  eta: 0:00:59    time: 0.0680  data: 0.0000  max mem: 2671
      Evaluation: [1200/1978]  eta: 0:00:52    time: 0.0681  data: 0.0000  max mem: 2671
      Evaluation: [1300/1978]  eta: 0:00:46    time: 0.0682  data: 0.0000  max mem: 2671
      Evaluation: [1400/1978]  eta: 0:00:39    time: 0.0719  data: 0.0000  max mem: 2671
      Evaluation: [1500/1978]  eta: 0:00:32    time: 0.0680  data: 0.0000  max mem: 2671
      Evaluation: [1600/1978]  eta: 0:00:25    time: 0.0679  data: 0.0000  max mem: 2671
      Evaluation: [1700/1978]  eta: 0:00:18    time: 0.0679  data: 0.0000  max mem: 2671
      Evaluation: [1800/1978]  eta: 0:00:12    time: 0.0679  data: 0.0000  max mem: 2671
      Evaluation: [1900/1978]  eta: 0:00:05    time: 0.0680  data: 0.0000  max mem: 2671
      Evaluation: [1977/1978]  eta: 0:00:00    time: 0.0682  data: 0.0000  max mem: 2671
      Evaluation: Total time: 0:02:14 (0.0681 s / it)
     Computing matching score time 0:02:15
### TTA ITM Score: 
+-------------------+--------+--------+--------+--------+--------+
|       epoch       |   R1   |   R5   |  R10   |  mAP   |  mINP  |
+-------------------+--------+--------+--------+--------+--------+
|  cos_sim_wo/norm  | 58.544 | 91.860 | 95.703 | 73.596 | 73.596 |
|        -999       | 69.414 | 95.197 | 97.776 | 81.233 | 81.233 |
| itm_score_wo/norm | 84.328 | 98.989 | 99.494 | 91.293 | 91.293 |
|        -999       | 84.277 | 99.039 | 99.596 | 91.276 | 91.276 |
|         0         | 84.328 | 99.039 | 99.596 | 91.301 | 91.301 |
|         1         | 84.328 | 99.039 | 99.596 | 91.301 | 91.301 |
|         2         | 84.530 | 99.039 | 99.596 | 91.401 | 91.401 |
|         4         | 84.732 | 98.989 | 99.596 | 91.491 | 91.491 |
|         9         | 84.833 | 98.938 | 99.545 | 91.517 | 91.517 |
|         14        | 84.631 | 98.888 | 99.494 | 91.382 | 91.382 |
|         19        | 84.681 | 98.837 | 99.494 | 91.369 | 91.369 |
|         29        | 84.681 | 98.787 | 99.494 | 91.359 | 91.359 |
|         39        | 84.732 | 98.736 | 99.393 | 91.380 | 91.380 |
|         49        | 84.732 | 98.736 | 99.393 | 91.376 | 91.376 |
|         59        | 84.732 | 98.736 | 99.393 | 91.376 | 91.376 |
+-------------------+--------+--------+--------+--------+--------+
     logs:  {'epo': 59, 'R1': 84.732, 'R5': 98.736, 'R10': 99.393, 'mAP': 91.376, 'mINP': 91.376, 'entropy': 0.197006, 'uncertainty': 1.25264, 'uncertainty_coeffi': 0.01, 'loss': 1.405853, 'lr': 0.0}
### best epoch: 9
### Time 0:30:10
NNODES,  1
NODE_RANK,  0
MASTER_ADDR,  127.0.0.1
MASTER_PORT,  1612
NPROC_PER_NODE,  2
task:  exp7.0.4
config:  configs_rerun3/exp7.0.4.yaml
output_dir:  output_rerun3/exp7.0.4/2025092105400
python3 tta.py --config configs_rerun3/exp7.0.4.yaml --task exp7.0.4 --output_dir output_rerun3/exp7.0.4/2025092105400 --checkpoint checkpoint/cmp.pth --bs 0 --epo 0 --lr 0.0 --seed 42 --tta
