/home/jiahao/miniconda3/envs/cmp/lib/python3.10/site-packages/torch/functional.py:554: UserWarning: torch.meshgrid: in an upcoming release, it will be required to pass the indexing argument. (Triggered internally at /pytorch/aten/src/ATen/native/TensorShape.cpp:4322.)
  return _VF.meshgrid(tensors, **kwargs)  # type: ignore[attr-defined]
Not using distributed mode
### Hyper-parameters:
     seed: 42
     device: cuda
     output_dir: output_rerun3/exp7/2025092014050
     batch_size_tta: 16
     epochs: 60
     lr: 0.001
### Creating test dataset
from data/PAB/annotation/test/attr.json loading 1978 data
     test dataset -->    be_pose_img: True
     test_dataset: 1978
### Creating test dataloader
### be careful: func create_loader returns a list length of 1
     test_loader: 90
### Creating model
build_vision_encoder: load swin 224 x 224 ====>
missing_keys:  []
unexpected_keys:  ['head.weight', 'head.bias']
build_text_encoder: load bert ====>
missing_keys: ['bert.encoder.layer.10.crossattention.output.LayerNorm.bias', 'bert.encoder.layer.10.crossattention.output.LayerNorm.weight', 'bert.encoder.layer.10.crossattention.output.dense.bias', 'bert.encoder.layer.10.crossattention.output.dense.weight', 'bert.encoder.layer.10.crossattention.self.key.bias', 'bert.encoder.layer.10.crossattention.self.key.weight', 'bert.encoder.layer.10.crossattention.self.query.bias', 'bert.encoder.layer.10.crossattention.self.query.weight', 'bert.encoder.layer.10.crossattention.self.value.bias', 'bert.encoder.layer.10.crossattention.self.value.weight', 'bert.encoder.layer.11.crossattention.output.LayerNorm.bias', 'bert.encoder.layer.11.crossattention.output.LayerNorm.weight', 'bert.encoder.layer.11.crossattention.output.dense.bias', 'bert.encoder.layer.11.crossattention.output.dense.weight', 'bert.encoder.layer.11.crossattention.self.key.bias', 'bert.encoder.layer.11.crossattention.self.key.weight', 'bert.encoder.layer.11.crossattention.self.query.bias', 'bert.encoder.layer.11.crossattention.self.query.weight', 'bert.encoder.layer.11.crossattention.self.value.bias', 'bert.encoder.layer.11.crossattention.self.value.weight', 'bert.encoder.layer.6.crossattention.output.LayerNorm.bias', 'bert.encoder.layer.6.crossattention.output.LayerNorm.weight', 'bert.encoder.layer.6.crossattention.output.dense.bias', 'bert.encoder.layer.6.crossattention.output.dense.weight', 'bert.encoder.layer.6.crossattention.self.key.bias', 'bert.encoder.layer.6.crossattention.self.key.weight', 'bert.encoder.layer.6.crossattention.self.query.bias', 'bert.encoder.layer.6.crossattention.self.query.weight', 'bert.encoder.layer.6.crossattention.self.value.bias', 'bert.encoder.layer.6.crossattention.self.value.weight', 'bert.encoder.layer.7.crossattention.output.LayerNorm.bias', 'bert.encoder.layer.7.crossattention.output.LayerNorm.weight', 'bert.encoder.layer.7.crossattention.output.dense.bias', 'bert.encoder.layer.7.crossattention.output.dense.weight', 'bert.encoder.layer.7.crossattention.self.key.bias', 'bert.encoder.layer.7.crossattention.self.key.weight', 'bert.encoder.layer.7.crossattention.self.query.bias', 'bert.encoder.layer.7.crossattention.self.query.weight', 'bert.encoder.layer.7.crossattention.self.value.bias', 'bert.encoder.layer.7.crossattention.self.value.weight', 'bert.encoder.layer.8.crossattention.output.LayerNorm.bias', 'bert.encoder.layer.8.crossattention.output.LayerNorm.weight', 'bert.encoder.layer.8.crossattention.output.dense.bias', 'bert.encoder.layer.8.crossattention.output.dense.weight', 'bert.encoder.layer.8.crossattention.self.key.bias', 'bert.encoder.layer.8.crossattention.self.key.weight', 'bert.encoder.layer.8.crossattention.self.query.bias', 'bert.encoder.layer.8.crossattention.self.query.weight', 'bert.encoder.layer.8.crossattention.self.value.bias', 'bert.encoder.layer.8.crossattention.self.value.weight', 'bert.encoder.layer.9.crossattention.output.LayerNorm.bias', 'bert.encoder.layer.9.crossattention.output.LayerNorm.weight', 'bert.encoder.layer.9.crossattention.output.dense.bias', 'bert.encoder.layer.9.crossattention.output.dense.weight', 'bert.encoder.layer.9.crossattention.self.key.bias', 'bert.encoder.layer.9.crossattention.self.key.weight', 'bert.encoder.layer.9.crossattention.self.query.bias', 'bert.encoder.layer.9.crossattention.self.query.weight', 'bert.encoder.layer.9.crossattention.self.value.bias', 'bert.encoder.layer.9.crossattention.self.value.weight']
unexpected_keys: ['cls.seq_relationship.bias', 'cls.seq_relationship.weight']
mismatched_keys: []
error_msgs: []
Label Smooth: 0.2
pose_conv
load checkpoint from checkpoint/cmp.pth
missing_keys:  ['uncertainty_temper', 'prompt_learning_embedding']
unexpected_keys:  []
     Total Params Sum:  254264985
### Inference ITC similiarity matrix
### Zero-Shot Score: 
+-------------------+--------+--------+--------+--------+--------+
|       epoch       |   R1   |   R5   |  R10   |  mAP   |  mINP  |
+-------------------+--------+--------+--------+--------+--------+
|  cos_sim_wo/norm  | 58.544 | 91.860 | 95.703 | 73.596 | 73.596 |
|        -999       | 69.414 | 95.197 | 97.776 | 81.233 | 81.233 |
| itm_score_wo/norm | 84.328 | 98.989 | 99.494 | 91.293 | 91.293 |
|        -999       | 84.277 | 99.039 | 99.596 | 91.276 | 91.276 |
+-------------------+--------+--------+--------+--------+--------+
### TTA:
     preprocess_tta_coefficients  start
     sample selection ...
     number of sample after sample_selection: 1257
     uncertainty ...
     preprocess_tta_coefficients  end
### Creating tta dataset
     tta_dataset: 1257
### Creating tta dataloader
### be careful: func create_loader returns a list length of 1
     tta_loader: 78
### Configure adapted weights
     TTA Dropout Modules: 
 [('vision_encoder.pos_drop', Dropout(p=0, inplace=False), True), ('vision_encoder.layers.0.blocks.0.attn.attn_drop', Dropout(p=0.0, inplace=False), True), ('vision_encoder.layers.0.blocks.0.attn.proj_drop', Dropout(p=0, inplace=False), True), ('vision_encoder.layers.0.blocks.0.mlp.drop', Dropout(p=0, inplace=False), True), ('vision_encoder.layers.0.blocks.1.attn.attn_drop', Dropout(p=0.0, inplace=False), True), ('vision_encoder.layers.0.blocks.1.attn.proj_drop', Dropout(p=0, inplace=False), True), ('vision_encoder.layers.0.blocks.1.mlp.drop', Dropout(p=0, inplace=False), True), ('vision_encoder.layers.1.blocks.0.attn.attn_drop', Dropout(p=0.0, inplace=False), True), ('vision_encoder.layers.1.blocks.0.attn.proj_drop', Dropout(p=0, inplace=False), True), ('vision_encoder.layers.1.blocks.0.mlp.drop', Dropout(p=0, inplace=False), True), ('vision_encoder.layers.1.blocks.1.attn.attn_drop', Dropout(p=0.0, inplace=False), True), ('vision_encoder.layers.1.blocks.1.attn.proj_drop', Dropout(p=0, inplace=False), True), ('vision_encoder.layers.1.blocks.1.mlp.drop', Dropout(p=0, inplace=False), True), ('vision_encoder.layers.2.blocks.0.attn.attn_drop', Dropout(p=0.0, inplace=False), True), ('vision_encoder.layers.2.blocks.0.attn.proj_drop', Dropout(p=0, inplace=False), True), ('vision_encoder.layers.2.blocks.0.mlp.drop', Dropout(p=0, inplace=False), True), ('vision_encoder.layers.2.blocks.1.attn.attn_drop', Dropout(p=0.0, inplace=False), True), ('vision_encoder.layers.2.blocks.1.attn.proj_drop', Dropout(p=0, inplace=False), True), ('vision_encoder.layers.2.blocks.1.mlp.drop', Dropout(p=0, inplace=False), True), ('vision_encoder.layers.2.blocks.2.attn.attn_drop', Dropout(p=0.0, inplace=False), True), ('vision_encoder.layers.2.blocks.2.attn.proj_drop', Dropout(p=0, inplace=False), True), ('vision_encoder.layers.2.blocks.2.mlp.drop', Dropout(p=0, inplace=False), True), ('vision_encoder.layers.2.blocks.3.attn.attn_drop', Dropout(p=0.0, inplace=False), True), ('vision_encoder.layers.2.blocks.3.attn.proj_drop', Dropout(p=0, inplace=False), True), ('vision_encoder.layers.2.blocks.3.mlp.drop', Dropout(p=0, inplace=False), True), ('vision_encoder.layers.2.blocks.4.attn.attn_drop', Dropout(p=0.0, inplace=False), True), ('vision_encoder.layers.2.blocks.4.attn.proj_drop', Dropout(p=0, inplace=False), True), ('vision_encoder.layers.2.blocks.4.mlp.drop', Dropout(p=0, inplace=False), True), ('vision_encoder.layers.2.blocks.5.attn.attn_drop', Dropout(p=0.0, inplace=False), True), ('vision_encoder.layers.2.blocks.5.attn.proj_drop', Dropout(p=0, inplace=False), True), ('vision_encoder.layers.2.blocks.5.mlp.drop', Dropout(p=0, inplace=False), True), ('vision_encoder.layers.2.blocks.6.attn.attn_drop', Dropout(p=0.0, inplace=False), True), ('vision_encoder.layers.2.blocks.6.attn.proj_drop', Dropout(p=0, inplace=False), True), ('vision_encoder.layers.2.blocks.6.mlp.drop', Dropout(p=0, inplace=False), True), ('vision_encoder.layers.2.blocks.7.attn.attn_drop', Dropout(p=0.0, inplace=False), True), ('vision_encoder.layers.2.blocks.7.attn.proj_drop', Dropout(p=0, inplace=False), True), ('vision_encoder.layers.2.blocks.7.mlp.drop', Dropout(p=0, inplace=False), True), ('vision_encoder.layers.2.blocks.8.attn.attn_drop', Dropout(p=0.0, inplace=False), True), ('vision_encoder.layers.2.blocks.8.attn.proj_drop', Dropout(p=0, inplace=False), True), ('vision_encoder.layers.2.blocks.8.mlp.drop', Dropout(p=0, inplace=False), True), ('vision_encoder.layers.2.blocks.9.attn.attn_drop', Dropout(p=0.0, inplace=False), True), ('vision_encoder.layers.2.blocks.9.attn.proj_drop', Dropout(p=0, inplace=False), True), ('vision_encoder.layers.2.blocks.9.mlp.drop', Dropout(p=0, inplace=False), True), ('vision_encoder.layers.2.blocks.10.attn.attn_drop', Dropout(p=0.0, inplace=False), True), ('vision_encoder.layers.2.blocks.10.attn.proj_drop', Dropout(p=0, inplace=False), True), ('vision_encoder.layers.2.blocks.10.mlp.drop', Dropout(p=0, inplace=False), True), ('vision_encoder.layers.2.blocks.11.attn.attn_drop', Dropout(p=0.0, inplace=False), True), ('vision_encoder.layers.2.blocks.11.attn.proj_drop', Dropout(p=0, inplace=False), True), ('vision_encoder.layers.2.blocks.11.mlp.drop', Dropout(p=0, inplace=False), True), ('vision_encoder.layers.2.blocks.12.attn.attn_drop', Dropout(p=0.0, inplace=False), True), ('vision_encoder.layers.2.blocks.12.attn.proj_drop', Dropout(p=0, inplace=False), True), ('vision_encoder.layers.2.blocks.12.mlp.drop', Dropout(p=0, inplace=False), True), ('vision_encoder.layers.2.blocks.13.attn.attn_drop', Dropout(p=0.0, inplace=False), True), ('vision_encoder.layers.2.blocks.13.attn.proj_drop', Dropout(p=0, inplace=False), True), ('vision_encoder.layers.2.blocks.13.mlp.drop', Dropout(p=0, inplace=False), True), ('vision_encoder.layers.2.blocks.14.attn.attn_drop', Dropout(p=0.0, inplace=False), True), ('vision_encoder.layers.2.blocks.14.attn.proj_drop', Dropout(p=0, inplace=False), True), ('vision_encoder.layers.2.blocks.14.mlp.drop', Dropout(p=0, inplace=False), True), ('vision_encoder.layers.2.blocks.15.attn.attn_drop', Dropout(p=0.0, inplace=False), True), ('vision_encoder.layers.2.blocks.15.attn.proj_drop', Dropout(p=0, inplace=False), True), ('vision_encoder.layers.2.blocks.15.mlp.drop', Dropout(p=0, inplace=False), True), ('vision_encoder.layers.2.blocks.16.attn.attn_drop', Dropout(p=0.0, inplace=False), True), ('vision_encoder.layers.2.blocks.16.attn.proj_drop', Dropout(p=0, inplace=False), True), ('vision_encoder.layers.2.blocks.16.mlp.drop', Dropout(p=0, inplace=False), True), ('vision_encoder.layers.2.blocks.17.attn.attn_drop', Dropout(p=0.0, inplace=False), True), ('vision_encoder.layers.2.blocks.17.attn.proj_drop', Dropout(p=0, inplace=False), True), ('vision_encoder.layers.2.blocks.17.mlp.drop', Dropout(p=0, inplace=False), True), ('vision_encoder.layers.3.blocks.0.attn.attn_drop', Dropout(p=0.0, inplace=False), True), ('vision_encoder.layers.3.blocks.0.attn.proj_drop', Dropout(p=0, inplace=False), True), ('vision_encoder.layers.3.blocks.0.mlp.drop', Dropout(p=0, inplace=False), True), ('vision_encoder.layers.3.blocks.1.attn.attn_drop', Dropout(p=0.0, inplace=False), True), ('vision_encoder.layers.3.blocks.1.attn.proj_drop', Dropout(p=0, inplace=False), True), ('vision_encoder.layers.3.blocks.1.mlp.drop', Dropout(p=0, inplace=False), True), ('text_encoder.bert.embeddings.dropout', Dropout(p=0.1, inplace=False), True), ('text_encoder.bert.encoder.layer.0.attention.self.dropout', Dropout(p=0.1, inplace=False), True), ('text_encoder.bert.encoder.layer.0.attention.output.dropout', Dropout(p=0.1, inplace=False), True), ('text_encoder.bert.encoder.layer.0.output.dropout', Dropout(p=0.1, inplace=False), True), ('text_encoder.bert.encoder.layer.1.attention.self.dropout', Dropout(p=0.1, inplace=False), True), ('text_encoder.bert.encoder.layer.1.attention.output.dropout', Dropout(p=0.1, inplace=False), True), ('text_encoder.bert.encoder.layer.1.output.dropout', Dropout(p=0.1, inplace=False), True), ('text_encoder.bert.encoder.layer.2.attention.self.dropout', Dropout(p=0.1, inplace=False), True), ('text_encoder.bert.encoder.layer.2.attention.output.dropout', Dropout(p=0.1, inplace=False), True), ('text_encoder.bert.encoder.layer.2.output.dropout', Dropout(p=0.1, inplace=False), True), ('text_encoder.bert.encoder.layer.3.attention.self.dropout', Dropout(p=0.1, inplace=False), True), ('text_encoder.bert.encoder.layer.3.attention.output.dropout', Dropout(p=0.1, inplace=False), True), ('text_encoder.bert.encoder.layer.3.output.dropout', Dropout(p=0.1, inplace=False), True), ('text_encoder.bert.encoder.layer.4.attention.self.dropout', Dropout(p=0.1, inplace=False), True), ('text_encoder.bert.encoder.layer.4.attention.output.dropout', Dropout(p=0.1, inplace=False), True), ('text_encoder.bert.encoder.layer.4.output.dropout', Dropout(p=0.1, inplace=False), True), ('text_encoder.bert.encoder.layer.5.attention.self.dropout', Dropout(p=0.1, inplace=False), True), ('text_encoder.bert.encoder.layer.5.attention.output.dropout', Dropout(p=0.1, inplace=False), True), ('text_encoder.bert.encoder.layer.5.output.dropout', Dropout(p=0.1, inplace=False), True), ('text_encoder.bert.encoder.layer.6.attention.self.dropout', Dropout(p=0.1, inplace=False), True), ('text_encoder.bert.encoder.layer.6.attention.output.dropout', Dropout(p=0.1, inplace=False), True), ('text_encoder.bert.encoder.layer.6.crossattention.self.dropout', Dropout(p=0.1, inplace=False), True), ('text_encoder.bert.encoder.layer.6.crossattention.output.dropout', Dropout(p=0.1, inplace=False), True), ('text_encoder.bert.encoder.layer.6.output.dropout', Dropout(p=0.1, inplace=False), True), ('text_encoder.bert.encoder.layer.7.attention.self.dropout', Dropout(p=0.1, inplace=False), True), ('text_encoder.bert.encoder.layer.7.attention.output.dropout', Dropout(p=0.1, inplace=False), True), ('text_encoder.bert.encoder.layer.7.crossattention.self.dropout', Dropout(p=0.1, inplace=False), True), ('text_encoder.bert.encoder.layer.7.crossattention.output.dropout', Dropout(p=0.1, inplace=False), True), ('text_encoder.bert.encoder.layer.7.output.dropout', Dropout(p=0.1, inplace=False), True), ('text_encoder.bert.encoder.layer.8.attention.self.dropout', Dropout(p=0.1, inplace=False), True), ('text_encoder.bert.encoder.layer.8.attention.output.dropout', Dropout(p=0.1, inplace=False), True), ('text_encoder.bert.encoder.layer.8.crossattention.self.dropout', Dropout(p=0.1, inplace=False), True), ('text_encoder.bert.encoder.layer.8.crossattention.output.dropout', Dropout(p=0.1, inplace=False), True), ('text_encoder.bert.encoder.layer.8.output.dropout', Dropout(p=0.1, inplace=False), True), ('text_encoder.bert.encoder.layer.9.attention.self.dropout', Dropout(p=0.1, inplace=False), True), ('text_encoder.bert.encoder.layer.9.attention.output.dropout', Dropout(p=0.1, inplace=False), True), ('text_encoder.bert.encoder.layer.9.crossattention.self.dropout', Dropout(p=0.1, inplace=False), True), ('text_encoder.bert.encoder.layer.9.crossattention.output.dropout', Dropout(p=0.1, inplace=False), True), ('text_encoder.bert.encoder.layer.9.output.dropout', Dropout(p=0.1, inplace=False), True), ('text_encoder.bert.encoder.layer.10.attention.self.dropout', Dropout(p=0.1, inplace=False), True), ('text_encoder.bert.encoder.layer.10.attention.output.dropout', Dropout(p=0.1, inplace=False), True), ('text_encoder.bert.encoder.layer.10.crossattention.self.dropout', Dropout(p=0.1, inplace=False), True), ('text_encoder.bert.encoder.layer.10.crossattention.output.dropout', Dropout(p=0.1, inplace=False), True), ('text_encoder.bert.encoder.layer.10.output.dropout', Dropout(p=0.1, inplace=False), True), ('text_encoder.bert.encoder.layer.11.attention.self.dropout', Dropout(p=0.1, inplace=False), True), ('text_encoder.bert.encoder.layer.11.attention.output.dropout', Dropout(p=0.1, inplace=False), True), ('text_encoder.bert.encoder.layer.11.crossattention.self.dropout', Dropout(p=0.1, inplace=False), True), ('text_encoder.bert.encoder.layer.11.crossattention.output.dropout', Dropout(p=0.1, inplace=False), True), ('text_encoder.bert.encoder.layer.11.output.dropout', Dropout(p=0.1, inplace=False), True), ('vision_proj.1', Dropout(p=0.5, inplace=False), True), ('text_proj.1', Dropout(p=0.5, inplace=False), True), ('pose_block.attn.attn_drop', Dropout(p=0.0, inplace=False), True), ('pose_block.attn.proj_drop', Dropout(p=0.0, inplace=False), True)]
     TTA Require Gradient Params: 
 [('text_encoder.bert.embeddings.LayerNorm.weight', torch.Size([768])), ('text_encoder.bert.embeddings.LayerNorm.bias', torch.Size([768])), ('text_encoder.bert.encoder.layer.6.attention.output.LayerNorm.weight', torch.Size([768])), ('text_encoder.bert.encoder.layer.6.attention.output.LayerNorm.bias', torch.Size([768])), ('text_encoder.bert.encoder.layer.6.crossattention.output.LayerNorm.weight', torch.Size([768])), ('text_encoder.bert.encoder.layer.6.crossattention.output.LayerNorm.bias', torch.Size([768])), ('text_encoder.bert.encoder.layer.6.output.LayerNorm.weight', torch.Size([768])), ('text_encoder.bert.encoder.layer.6.output.LayerNorm.bias', torch.Size([768])), ('text_encoder.bert.encoder.layer.7.attention.output.LayerNorm.weight', torch.Size([768])), ('text_encoder.bert.encoder.layer.7.attention.output.LayerNorm.bias', torch.Size([768])), ('text_encoder.bert.encoder.layer.7.crossattention.output.LayerNorm.weight', torch.Size([768])), ('text_encoder.bert.encoder.layer.7.crossattention.output.LayerNorm.bias', torch.Size([768])), ('text_encoder.bert.encoder.layer.7.output.LayerNorm.weight', torch.Size([768])), ('text_encoder.bert.encoder.layer.7.output.LayerNorm.bias', torch.Size([768])), ('text_encoder.bert.encoder.layer.8.attention.output.LayerNorm.weight', torch.Size([768])), ('text_encoder.bert.encoder.layer.8.attention.output.LayerNorm.bias', torch.Size([768])), ('text_encoder.bert.encoder.layer.8.crossattention.output.LayerNorm.weight', torch.Size([768])), ('text_encoder.bert.encoder.layer.8.crossattention.output.LayerNorm.bias', torch.Size([768])), ('text_encoder.bert.encoder.layer.8.output.LayerNorm.weight', torch.Size([768])), ('text_encoder.bert.encoder.layer.8.output.LayerNorm.bias', torch.Size([768])), ('text_encoder.bert.encoder.layer.9.attention.output.LayerNorm.weight', torch.Size([768])), ('text_encoder.bert.encoder.layer.9.attention.output.LayerNorm.bias', torch.Size([768])), ('text_encoder.bert.encoder.layer.9.crossattention.output.LayerNorm.weight', torch.Size([768])), ('text_encoder.bert.encoder.layer.9.crossattention.output.LayerNorm.bias', torch.Size([768])), ('text_encoder.bert.encoder.layer.9.output.LayerNorm.weight', torch.Size([768])), ('text_encoder.bert.encoder.layer.9.output.LayerNorm.bias', torch.Size([768])), ('text_encoder.bert.encoder.layer.10.attention.output.LayerNorm.weight', torch.Size([768])), ('text_encoder.bert.encoder.layer.10.attention.output.LayerNorm.bias', torch.Size([768])), ('text_encoder.bert.encoder.layer.10.crossattention.output.LayerNorm.weight', torch.Size([768])), ('text_encoder.bert.encoder.layer.10.crossattention.output.LayerNorm.bias', torch.Size([768])), ('text_encoder.bert.encoder.layer.10.output.LayerNorm.weight', torch.Size([768])), ('text_encoder.bert.encoder.layer.10.output.LayerNorm.bias', torch.Size([768])), ('text_encoder.bert.encoder.layer.11.attention.output.LayerNorm.weight', torch.Size([768])), ('text_encoder.bert.encoder.layer.11.attention.output.LayerNorm.bias', torch.Size([768])), ('text_encoder.bert.encoder.layer.11.crossattention.output.LayerNorm.weight', torch.Size([768])), ('text_encoder.bert.encoder.layer.11.crossattention.output.LayerNorm.bias', torch.Size([768])), ('text_encoder.bert.encoder.layer.11.output.LayerNorm.weight', torch.Size([768])), ('text_encoder.bert.encoder.layer.11.output.LayerNorm.bias', torch.Size([768])), ('text_encoder.cls.predictions.transform.LayerNorm.weight', torch.Size([768])), ('text_encoder.cls.predictions.transform.LayerNorm.bias', torch.Size([768])), ('itm_head.1.weight', torch.Size([1536])), ('itm_head.1.bias', torch.Size([1536]))]
     TTA Dropout Modules Number: 
 126
     TTA Require Gradient Params Sum: 
 33792
     lr:  0.001    lr_mult:  2
     model has 'init_params',  386
     num_tta_steps:  4740
     num_warmup_steps:  500
     sched: step
/home/jiahao/task/CMP/tta.py:246: FutureWarning: `torch.cuda.amp.GradScaler(args...)` is deprecated. Please use `torch.amp.GradScaler('cuda', args...)` instead.
  scaler = GradScaler()  # bf16
### Start ITM Test Time Adaptation
      TTA Epoch: [0] [ 0/78]  eta: 0:00:45  entropy: 0.3108  uncertainty: 1.1716  uncertainty_coeffi: 0.0100  loss: 0.2843  lr: 0.000002  time: 0.5785  data: 0.2946  max mem: 2639
      TTA Epoch: [0] [77/78]  eta: 0:00:00  entropy: 0.1536  uncertainty: 1.1699  uncertainty_coeffi: 0.0100  loss: 0.1371  lr: 0.000156  time: 0.0725  data: 0.0000  max mem: 2671
      TTA Epoch: [0] Total time: 0:00:06 (0.0798 s / it)
     Averaged stats: entropy: 0.3022  uncertainty: 1.2523  uncertainty_coeffi: 0.0100  loss: 0.2518  lr: 0.0001
     itm tta time 0:00:06
     Computing matching score
      Evaluation: [   0/1978]  eta: 0:02:53    time: 0.0878  data: 0.0008  max mem: 2671
      Evaluation: [ 100/1978]  eta: 0:02:31    time: 0.0804  data: 0.0000  max mem: 2671
      Evaluation: [ 200/1978]  eta: 0:02:23    time: 0.0805  data: 0.0000  max mem: 2671
      Evaluation: [ 300/1978]  eta: 0:02:15    time: 0.0806  data: 0.0000  max mem: 2671
      Evaluation: [ 400/1978]  eta: 0:02:07    time: 0.0806  data: 0.0000  max mem: 2671
      Evaluation: [ 500/1978]  eta: 0:01:59    time: 0.0806  data: 0.0000  max mem: 2671
      Evaluation: [ 600/1978]  eta: 0:01:51    time: 0.0806  data: 0.0000  max mem: 2671
      Evaluation: [ 700/1978]  eta: 0:01:42    time: 0.0806  data: 0.0000  max mem: 2671
      Evaluation: [ 800/1978]  eta: 0:01:34    time: 0.0807  data: 0.0000  max mem: 2671
      Evaluation: [ 900/1978]  eta: 0:01:26    time: 0.0806  data: 0.0000  max mem: 2671
      Evaluation: [1000/1978]  eta: 0:01:18    time: 0.0807  data: 0.0000  max mem: 2671
      Evaluation: [1100/1978]  eta: 0:01:10    time: 0.0806  data: 0.0000  max mem: 2671
      Evaluation: [1200/1978]  eta: 0:01:02    time: 0.0807  data: 0.0000  max mem: 2671
      Evaluation: [1300/1978]  eta: 0:00:54    time: 0.0807  data: 0.0000  max mem: 2671
      Evaluation: [1400/1978]  eta: 0:00:46    time: 0.0807  data: 0.0000  max mem: 2671
      Evaluation: [1500/1978]  eta: 0:00:38    time: 0.0807  data: 0.0000  max mem: 2671
      Evaluation: [1600/1978]  eta: 0:00:30    time: 0.0807  data: 0.0000  max mem: 2671
      Evaluation: [1700/1978]  eta: 0:00:22    time: 0.0806  data: 0.0000  max mem: 2671
      Evaluation: [1800/1978]  eta: 0:00:14    time: 0.0807  data: 0.0000  max mem: 2671
      Evaluation: [1900/1978]  eta: 0:00:06    time: 0.0808  data: 0.0000  max mem: 2671
      Evaluation: [1977/1978]  eta: 0:00:00    time: 0.0808  data: 0.0000  max mem: 2671
      Evaluation: Total time: 0:02:39 (0.0807 s / it)
     Computing matching score time 0:02:39
### TTA ITM Score: 
+-------------------+--------+--------+--------+--------+--------+
|       epoch       |   R1   |   R5   |  R10   |  mAP   |  mINP  |
+-------------------+--------+--------+--------+--------+--------+
|  cos_sim_wo/norm  | 58.544 | 91.860 | 95.703 | 73.596 | 73.596 |
|        -999       | 69.414 | 95.197 | 97.776 | 81.233 | 81.233 |
| itm_score_wo/norm | 84.328 | 98.989 | 99.494 | 91.293 | 91.293 |
|        -999       | 84.277 | 99.039 | 99.596 | 91.276 | 91.276 |
|         0         | 84.783 | 98.888 | 99.545 | 91.472 | 91.472 |
+-------------------+--------+--------+--------+--------+--------+
     logs:  {'epo': 0, 'R1': np.float32(84.783), 'R5': np.float32(98.888), 'R10': np.float32(99.545), 'mAP': np.float32(91.472), 'mINP': np.float32(91.472), 'entropy': 0.302201, 'uncertainty': 1.252324, 'uncertainty_coeffi': 0.01, 'loss': 0.251811, 'lr': 7.9e-05}
      TTA Epoch: [1] [ 0/78]  eta: 0:00:19  entropy: 0.2569  uncertainty: 1.1229  uncertainty_coeffi: 0.0100  loss: 0.2385  lr: 0.000158  time: 0.2493  data: 0.1818  max mem: 2671
      TTA Epoch: [1] [77/78]  eta: 0:00:00  entropy: 0.1967  uncertainty: 1.2725  uncertainty_coeffi: 0.0100  loss: 0.1760  lr: 0.000312  time: 0.0728  data: 0.0000  max mem: 2671
      TTA Epoch: [1] Total time: 0:00:05 (0.0757 s / it)
     Averaged stats: entropy: 0.2219  uncertainty: 1.2532  uncertainty_coeffi: 0.0100  loss: 0.1863  lr: 0.0002
     itm tta time 0:00:05
     Computing matching score
      Evaluation: [   0/1978]  eta: 0:02:08    time: 0.0651  data: 0.0008  max mem: 2671
      Evaluation: [ 100/1978]  eta: 0:02:30    time: 0.0804  data: 0.0000  max mem: 2671
      Evaluation: [ 200/1978]  eta: 0:02:23    time: 0.0807  data: 0.0000  max mem: 2671
      Evaluation: [ 300/1978]  eta: 0:02:15    time: 0.0803  data: 0.0000  max mem: 2671
      Evaluation: [ 400/1978]  eta: 0:02:07    time: 0.0806  data: 0.0000  max mem: 2671
      Evaluation: [ 500/1978]  eta: 0:01:58    time: 0.0802  data: 0.0000  max mem: 2671
      Evaluation: [ 600/1978]  eta: 0:01:50    time: 0.0802  data: 0.0000  max mem: 2671
      Evaluation: [ 700/1978]  eta: 0:01:42    time: 0.0806  data: 0.0000  max mem: 2671
      Evaluation: [ 800/1978]  eta: 0:01:34    time: 0.0807  data: 0.0000  max mem: 2671
      Evaluation: [ 900/1978]  eta: 0:01:26    time: 0.0808  data: 0.0000  max mem: 2671
      Evaluation: [1000/1978]  eta: 0:01:18    time: 0.0800  data: 0.0000  max mem: 2671
      Evaluation: [1100/1978]  eta: 0:01:10    time: 0.0802  data: 0.0000  max mem: 2671
      Evaluation: [1200/1978]  eta: 0:01:02    time: 0.0808  data: 0.0000  max mem: 2671
      Evaluation: [1300/1978]  eta: 0:00:54    time: 0.0806  data: 0.0000  max mem: 2671
      Evaluation: [1400/1978]  eta: 0:00:46    time: 0.0806  data: 0.0000  max mem: 2671
      Evaluation: [1500/1978]  eta: 0:00:38    time: 0.0804  data: 0.0000  max mem: 2671
      Evaluation: [1600/1978]  eta: 0:00:30    time: 0.0806  data: 0.0000  max mem: 2671
      Evaluation: [1700/1978]  eta: 0:00:22    time: 0.0807  data: 0.0000  max mem: 2671
      Evaluation: [1800/1978]  eta: 0:00:14    time: 0.0807  data: 0.0000  max mem: 2671
      Evaluation: [1900/1978]  eta: 0:00:06    time: 0.0807  data: 0.0000  max mem: 2671
      Evaluation: [1977/1978]  eta: 0:00:00    time: 0.0802  data: 0.0000  max mem: 2671
      Evaluation: Total time: 0:02:39 (0.0805 s / it)
     Computing matching score time 0:02:39
### TTA ITM Score: 
+-------------------+--------+--------+--------+--------+--------+
|       epoch       |   R1   |   R5   |  R10   |  mAP   |  mINP  |
+-------------------+--------+--------+--------+--------+--------+
|  cos_sim_wo/norm  | 58.544 | 91.860 | 95.703 | 73.596 | 73.596 |
|        -999       | 69.414 | 95.197 | 97.776 | 81.233 | 81.233 |
| itm_score_wo/norm | 84.328 | 98.989 | 99.494 | 91.293 | 91.293 |
|        -999       | 84.277 | 99.039 | 99.596 | 91.276 | 91.276 |
|         0         | 84.783 | 98.888 | 99.545 | 91.472 | 91.472 |
|         1         | 84.631 | 98.635 | 99.343 | 91.304 | 91.304 |
+-------------------+--------+--------+--------+--------+--------+
     logs:  {'epo': 1, 'R1': np.float32(84.631), 'R5': np.float32(98.635), 'R10': np.float32(99.343), 'mAP': np.float32(91.304), 'mINP': np.float32(91.304), 'entropy': 0.221917, 'uncertainty': 1.253167, 'uncertainty_coeffi': 0.01, 'loss': 0.186306, 'lr': 0.000235}
      TTA Epoch: [2] [ 0/78]  eta: 0:00:19  entropy: 0.2688  uncertainty: 1.3502  uncertainty_coeffi: 0.0100  loss: 0.2024  lr: 0.000314  time: 0.2458  data: 0.1803  max mem: 2671
      TTA Epoch: [2] [77/78]  eta: 0:00:00  entropy: 0.3577  uncertainty: 1.3052  uncertainty_coeffi: 0.0100  loss: 0.2891  lr: 0.000468  time: 0.0729  data: 0.0000  max mem: 2671
      TTA Epoch: [2] Total time: 0:00:05 (0.0754 s / it)
     Averaged stats: entropy: 0.1567  uncertainty: 1.2545  uncertainty_coeffi: 0.0100  loss: 0.1342  lr: 0.0004
     itm tta time 0:00:05
     Computing matching score
      Evaluation: [   0/1978]  eta: 0:02:07    time: 0.0645  data: 0.0009  max mem: 2671
      Evaluation: [ 100/1978]  eta: 0:02:30    time: 0.0804  data: 0.0000  max mem: 2671
      Evaluation: [ 200/1978]  eta: 0:02:22    time: 0.0805  data: 0.0000  max mem: 2671
      Evaluation: [ 300/1978]  eta: 0:02:14    time: 0.0804  data: 0.0000  max mem: 2671
      Evaluation: [ 400/1978]  eta: 0:02:06    time: 0.0804  data: 0.0000  max mem: 2671
      Evaluation: [ 500/1978]  eta: 0:01:58    time: 0.0805  data: 0.0000  max mem: 2671
      Evaluation: [ 600/1978]  eta: 0:01:50    time: 0.0804  data: 0.0000  max mem: 2671
      Evaluation: [ 700/1978]  eta: 0:01:42    time: 0.0804  data: 0.0000  max mem: 2671
      Evaluation: [ 800/1978]  eta: 0:01:34    time: 0.0804  data: 0.0000  max mem: 2671
      Evaluation: [ 900/1978]  eta: 0:01:26    time: 0.0804  data: 0.0000  max mem: 2671
      Evaluation: [1000/1978]  eta: 0:01:18    time: 0.0804  data: 0.0000  max mem: 2671
      Evaluation: [1100/1978]  eta: 0:01:10    time: 0.0805  data: 0.0000  max mem: 2671
      Evaluation: [1200/1978]  eta: 0:01:02    time: 0.0804  data: 0.0000  max mem: 2671
      Evaluation: [1300/1978]  eta: 0:00:54    time: 0.0805  data: 0.0000  max mem: 2671
      Evaluation: [1400/1978]  eta: 0:00:46    time: 0.0804  data: 0.0000  max mem: 2671
      Evaluation: [1500/1978]  eta: 0:00:38    time: 0.0804  data: 0.0000  max mem: 2671
      Evaluation: [1600/1978]  eta: 0:00:30    time: 0.0804  data: 0.0000  max mem: 2671
      Evaluation: [1700/1978]  eta: 0:00:22    time: 0.0805  data: 0.0000  max mem: 2671
      Evaluation: [1800/1978]  eta: 0:00:14    time: 0.0803  data: 0.0000  max mem: 2671
      Evaluation: [1900/1978]  eta: 0:00:06    time: 0.0805  data: 0.0000  max mem: 2671
      Evaluation: [1977/1978]  eta: 0:00:00    time: 0.0804  data: 0.0000  max mem: 2671
      Evaluation: Total time: 0:02:39 (0.0804 s / it)
     Computing matching score time 0:02:39
### TTA ITM Score: 
+-------------------+--------+--------+--------+--------+--------+
|       epoch       |   R1   |   R5   |  R10   |  mAP   |  mINP  |
+-------------------+--------+--------+--------+--------+--------+
|  cos_sim_wo/norm  | 58.544 | 91.860 | 95.703 | 73.596 | 73.596 |
|        -999       | 69.414 | 95.197 | 97.776 | 81.233 | 81.233 |
| itm_score_wo/norm | 84.328 | 98.989 | 99.494 | 91.293 | 91.293 |
|        -999       | 84.277 | 99.039 | 99.596 | 91.276 | 91.276 |
|         0         | 84.783 | 98.888 | 99.545 | 91.472 | 91.472 |
|         1         | 84.631 | 98.635 | 99.343 | 91.304 | 91.304 |
|         2         | 84.884 | 98.837 | 99.393 | 91.465 | 91.465 |
+-------------------+--------+--------+--------+--------+--------+
     logs:  {'epo': 2, 'R1': np.float32(84.884), 'R5': np.float32(98.837), 'R10': np.float32(99.393), 'mAP': np.float32(91.465), 'mINP': np.float32(91.465), 'entropy': 0.156733, 'uncertainty': 1.254487, 'uncertainty_coeffi': 0.01, 'loss': 0.134234, 'lr': 0.000391}
      TTA Epoch: [3] [ 0/78]  eta: 0:00:18  entropy: 0.2312  uncertainty: 1.2966  uncertainty_coeffi: 0.0100  loss: 0.1778  lr: 0.000470  time: 0.2429  data: 0.1781  max mem: 2671
      TTA Epoch: [3] [77/78]  eta: 0:00:00  entropy: 0.0443  uncertainty: 1.1786  uncertainty_coeffi: 0.0100  loss: 0.0506  lr: 0.000624  time: 0.0727  data: 0.0000  max mem: 2671
      TTA Epoch: [3] Total time: 0:00:05 (0.0756 s / it)
     Averaged stats: entropy: 0.1184  uncertainty: 1.2544  uncertainty_coeffi: 0.0100  loss: 0.1035  lr: 0.0005
     itm tta time 0:00:05
      TTA Epoch: [4] [ 0/78]  eta: 0:00:20  entropy: 0.0785  uncertainty: 1.2663  uncertainty_coeffi: 0.0100  loss: 0.0717  lr: 0.000626  time: 0.2659  data: 0.1853  max mem: 2671
      TTA Epoch: [4] [77/78]  eta: 0:00:00  entropy: 0.0997  uncertainty: 1.3060  uncertainty_coeffi: 0.0100  loss: 0.0938  lr: 0.000780  time: 0.0728  data: 0.0000  max mem: 2671
      TTA Epoch: [4] Total time: 0:00:05 (0.0754 s / it)
     Averaged stats: entropy: 0.0866  uncertainty: 1.2536  uncertainty_coeffi: 0.0100  loss: 0.0789  lr: 0.0007
     itm tta time 0:00:05
     Computing matching score
      Evaluation: [   0/1978]  eta: 0:02:38    time: 0.0802  data: 0.0009  max mem: 2671
      Evaluation: [ 100/1978]  eta: 0:02:30    time: 0.0804  data: 0.0000  max mem: 2671
      Evaluation: [ 200/1978]  eta: 0:02:22    time: 0.0804  data: 0.0000  max mem: 2671
      Evaluation: [ 300/1978]  eta: 0:02:14    time: 0.0804  data: 0.0000  max mem: 2671
      Evaluation: [ 400/1978]  eta: 0:02:06    time: 0.0804  data: 0.0000  max mem: 2671
      Evaluation: [ 500/1978]  eta: 0:01:58    time: 0.0805  data: 0.0000  max mem: 2671
      Evaluation: [ 600/1978]  eta: 0:01:50    time: 0.0803  data: 0.0000  max mem: 2671
      Evaluation: [ 700/1978]  eta: 0:01:42    time: 0.0805  data: 0.0000  max mem: 2671
      Evaluation: [ 800/1978]  eta: 0:01:34    time: 0.0804  data: 0.0000  max mem: 2671
      Evaluation: [ 900/1978]  eta: 0:01:26    time: 0.0805  data: 0.0000  max mem: 2671
      Evaluation: [1000/1978]  eta: 0:01:18    time: 0.0805  data: 0.0000  max mem: 2671
      Evaluation: [1100/1978]  eta: 0:01:10    time: 0.0804  data: 0.0000  max mem: 2671
      Evaluation: [1200/1978]  eta: 0:01:02    time: 0.0804  data: 0.0000  max mem: 2671
      Evaluation: [1300/1978]  eta: 0:00:54    time: 0.0805  data: 0.0000  max mem: 2671
      Evaluation: [1400/1978]  eta: 0:00:46    time: 0.0804  data: 0.0000  max mem: 2671
      Evaluation: [1500/1978]  eta: 0:00:38    time: 0.0805  data: 0.0000  max mem: 2671
      Evaluation: [1600/1978]  eta: 0:00:30    time: 0.0805  data: 0.0000  max mem: 2671
      Evaluation: [1700/1978]  eta: 0:00:22    time: 0.0804  data: 0.0000  max mem: 2671
      Evaluation: [1800/1978]  eta: 0:00:14    time: 0.0805  data: 0.0000  max mem: 2671
      Evaluation: [1900/1978]  eta: 0:00:06    time: 0.0806  data: 0.0000  max mem: 2671
      Evaluation: [1977/1978]  eta: 0:00:00    time: 0.0805  data: 0.0000  max mem: 2671
      Evaluation: Total time: 0:02:39 (0.0804 s / it)
     Computing matching score time 0:02:39
### TTA ITM Score: 
+-------------------+--------+--------+--------+--------+--------+
|       epoch       |   R1   |   R5   |  R10   |  mAP   |  mINP  |
+-------------------+--------+--------+--------+--------+--------+
|  cos_sim_wo/norm  | 58.544 | 91.860 | 95.703 | 73.596 | 73.596 |
|        -999       | 69.414 | 95.197 | 97.776 | 81.233 | 81.233 |
| itm_score_wo/norm | 84.328 | 98.989 | 99.494 | 91.293 | 91.293 |
|        -999       | 84.277 | 99.039 | 99.596 | 91.276 | 91.276 |
|         0         | 84.783 | 98.888 | 99.545 | 91.472 | 91.472 |
|         1         | 84.631 | 98.635 | 99.343 | 91.304 | 91.304 |
|         2         | 84.884 | 98.837 | 99.393 | 91.465 | 91.465 |
|         4         | 84.934 | 98.584 | 99.292 | 91.456 | 91.456 |
+-------------------+--------+--------+--------+--------+--------+
     logs:  {'epo': 4, 'R1': np.float32(84.934), 'R5': np.float32(98.584), 'R10': np.float32(99.292), 'mAP': np.float32(91.456), 'mINP': np.float32(91.456), 'entropy': 0.086579, 'uncertainty': 1.25361, 'uncertainty_coeffi': 0.01, 'loss': 0.078852, 'lr': 0.000703}
      TTA Epoch: [5] [ 0/78]  eta: 0:00:19  entropy: 0.1181  uncertainty: 1.1753  uncertainty_coeffi: 0.0100  loss: 0.1033  lr: 0.000782  time: 0.2449  data: 0.1779  max mem: 2671
      TTA Epoch: [5] [77/78]  eta: 0:00:00  entropy: 0.1291  uncertainty: 1.2434  uncertainty_coeffi: 0.0100  loss: 0.1084  lr: 0.000936  time: 0.0727  data: 0.0000  max mem: 2671
      TTA Epoch: [5] Total time: 0:00:05 (0.0757 s / it)
     Averaged stats: entropy: 0.0684  uncertainty: 1.2547  uncertainty_coeffi: 0.0100  loss: 0.0647  lr: 0.0009
     itm tta time 0:00:05
      TTA Epoch: [6] [ 0/78]  eta: 0:00:19  entropy: 0.0170  uncertainty: 1.2201  uncertainty_coeffi: 0.0100  loss: 0.0256  lr: 0.000938  time: 0.2515  data: 0.1718  max mem: 2671
      TTA Epoch: [6] [77/78]  eta: 0:00:00  entropy: 0.0438  uncertainty: 1.2337  uncertainty_coeffi: 0.0100  loss: 0.0422  lr: 0.000989  time: 0.0730  data: 0.0000  max mem: 2671
      TTA Epoch: [6] Total time: 0:00:05 (0.0753 s / it)
     Averaged stats: entropy: 0.0511  uncertainty: 1.2546  uncertainty_coeffi: 0.0100  loss: 0.0519  lr: 0.0010
     itm tta time 0:00:05
      TTA Epoch: [7] [ 0/78]  eta: 0:00:19  entropy: 0.0019  uncertainty: 1.3177  uncertainty_coeffi: 0.0100  loss: 0.0148  lr: 0.000989  time: 0.2530  data: 0.1746  max mem: 2671
      TTA Epoch: [7] [77/78]  eta: 0:00:00  entropy: 0.0858  uncertainty: 1.2780  uncertainty_coeffi: 0.0100  loss: 0.0856  lr: 0.000971  time: 0.0738  data: 0.0000  max mem: 2671
      TTA Epoch: [7] Total time: 0:00:05 (0.0759 s / it)
     Averaged stats: entropy: 0.0416  uncertainty: 1.2549  uncertainty_coeffi: 0.0100  loss: 0.0451  lr: 0.0010
     itm tta time 0:00:05
      TTA Epoch: [8] [ 0/78]  eta: 0:00:20  entropy: 0.0410  uncertainty: 1.2562  uncertainty_coeffi: 0.0100  loss: 0.0441  lr: 0.000971  time: 0.2624  data: 0.1836  max mem: 2671
      TTA Epoch: [8] [77/78]  eta: 0:00:00  entropy: 0.0434  uncertainty: 1.3955  uncertainty_coeffi: 0.0100  loss: 0.0402  lr: 0.000952  time: 0.0729  data: 0.0000  max mem: 2671
      TTA Epoch: [8] Total time: 0:00:05 (0.0753 s / it)
     Averaged stats: entropy: 0.0346  uncertainty: 1.2533  uncertainty_coeffi: 0.0100  loss: 0.0390  lr: 0.0010
     itm tta time 0:00:05
      TTA Epoch: [9] [ 0/78]  eta: 0:00:20  entropy: 0.0380  uncertainty: 1.2791  uncertainty_coeffi: 0.0100  loss: 0.0448  lr: 0.000952  time: 0.2613  data: 0.1821  max mem: 2671
      TTA Epoch: [9] [77/78]  eta: 0:00:00  entropy: 0.0130  uncertainty: 1.1756  uncertainty_coeffi: 0.0100  loss: 0.0243  lr: 0.000934  time: 0.0734  data: 0.0000  max mem: 2671
      TTA Epoch: [9] Total time: 0:00:05 (0.0753 s / it)
     Averaged stats: entropy: 0.0271  uncertainty: 1.2547  uncertainty_coeffi: 0.0100  loss: 0.0336  lr: 0.0009
     itm tta time 0:00:05
     Computing matching score
      Evaluation: [   0/1978]  eta: 0:02:26    time: 0.0741  data: 0.0008  max mem: 2671
      Evaluation: [ 100/1978]  eta: 0:02:30    time: 0.0803  data: 0.0000  max mem: 2671
      Evaluation: [ 200/1978]  eta: 0:02:22    time: 0.0803  data: 0.0000  max mem: 2671
      Evaluation: [ 300/1978]  eta: 0:02:14    time: 0.0804  data: 0.0000  max mem: 2671
      Evaluation: [ 400/1978]  eta: 0:02:06    time: 0.0803  data: 0.0000  max mem: 2671
      Evaluation: [ 500/1978]  eta: 0:01:58    time: 0.0804  data: 0.0000  max mem: 2671
      Evaluation: [ 600/1978]  eta: 0:01:50    time: 0.0803  data: 0.0000  max mem: 2671
      Evaluation: [ 700/1978]  eta: 0:01:42    time: 0.0804  data: 0.0000  max mem: 2671
      Evaluation: [ 800/1978]  eta: 0:01:34    time: 0.0805  data: 0.0000  max mem: 2671
      Evaluation: [ 900/1978]  eta: 0:01:26    time: 0.0806  data: 0.0000  max mem: 2671
      Evaluation: [1000/1978]  eta: 0:01:18    time: 0.0805  data: 0.0000  max mem: 2671
      Evaluation: [1100/1978]  eta: 0:01:10    time: 0.0805  data: 0.0000  max mem: 2671
      Evaluation: [1200/1978]  eta: 0:01:02    time: 0.0805  data: 0.0000  max mem: 2671
      Evaluation: [1300/1978]  eta: 0:00:54    time: 0.0805  data: 0.0000  max mem: 2671
      Evaluation: [1400/1978]  eta: 0:00:46    time: 0.0805  data: 0.0000  max mem: 2671
      Evaluation: [1500/1978]  eta: 0:00:38    time: 0.0806  data: 0.0000  max mem: 2671
      Evaluation: [1600/1978]  eta: 0:00:30    time: 0.0805  data: 0.0000  max mem: 2671
      Evaluation: [1700/1978]  eta: 0:00:22    time: 0.0804  data: 0.0000  max mem: 2671
      Evaluation: [1800/1978]  eta: 0:00:14    time: 0.0805  data: 0.0000  max mem: 2671
      Evaluation: [1900/1978]  eta: 0:00:06    time: 0.0806  data: 0.0000  max mem: 2671
      Evaluation: [1977/1978]  eta: 0:00:00    time: 0.0805  data: 0.0000  max mem: 2671
      Evaluation: Total time: 0:02:39 (0.0805 s / it)
     Computing matching score time 0:02:39
### TTA ITM Score: 
+-------------------+--------+--------+--------+--------+--------+
|       epoch       |   R1   |   R5   |  R10   |  mAP   |  mINP  |
+-------------------+--------+--------+--------+--------+--------+
|  cos_sim_wo/norm  | 58.544 | 91.860 | 95.703 | 73.596 | 73.596 |
|        -999       | 69.414 | 95.197 | 97.776 | 81.233 | 81.233 |
| itm_score_wo/norm | 84.328 | 98.989 | 99.494 | 91.293 | 91.293 |
|        -999       | 84.277 | 99.039 | 99.596 | 91.276 | 91.276 |
|         0         | 84.783 | 98.888 | 99.545 | 91.472 | 91.472 |
|         1         | 84.631 | 98.635 | 99.343 | 91.304 | 91.304 |
|         2         | 84.884 | 98.837 | 99.393 | 91.465 | 91.465 |
|         4         | 84.934 | 98.584 | 99.292 | 91.456 | 91.456 |
|         9         | 84.732 | 98.837 | 99.343 | 91.400 | 91.400 |
+-------------------+--------+--------+--------+--------+--------+
     logs:  {'epo': 9, 'R1': np.float32(84.732), 'R5': np.float32(98.837), 'R10': np.float32(99.343), 'mAP': np.float32(91.4), 'mINP': np.float32(91.4), 'entropy': 0.027132, 'uncertainty': 1.25468, 'uncertainty_coeffi': 0.01, 'loss': 0.033598, 'lr': 0.000943}
      TTA Epoch: [10] [ 0/78]  eta: 0:00:19  entropy: 0.0760  uncertainty: 1.3129  uncertainty_coeffi: 0.0100  loss: 0.0656  lr: 0.000934  time: 0.2498  data: 0.1819  max mem: 2671
      TTA Epoch: [10] [77/78]  eta: 0:00:00  entropy: 0.0438  uncertainty: 1.1822  uncertainty_coeffi: 0.0100  loss: 0.0498  lr: 0.000916  time: 0.0725  data: 0.0000  max mem: 2671
      TTA Epoch: [10] Total time: 0:00:05 (0.0757 s / it)
     Averaged stats: entropy: 0.0268  uncertainty: 1.2527  uncertainty_coeffi: 0.0100  loss: 0.0326  lr: 0.0009
     itm tta time 0:00:05
      TTA Epoch: [11] [ 0/78]  eta: 0:00:19  entropy: 0.0402  uncertainty: 1.2114  uncertainty_coeffi: 0.0100  loss: 0.0401  lr: 0.000915  time: 0.2555  data: 0.1742  max mem: 2671
      TTA Epoch: [11] [77/78]  eta: 0:00:00  entropy: 0.0005  uncertainty: 1.2264  uncertainty_coeffi: 0.0100  loss: 0.0126  lr: 0.000897  time: 0.0735  data: 0.0000  max mem: 2671
      TTA Epoch: [11] Total time: 0:00:05 (0.0756 s / it)
     Averaged stats: entropy: 0.0228  uncertainty: 1.2542  uncertainty_coeffi: 0.0100  loss: 0.0297  lr: 0.0009
     itm tta time 0:00:05
      TTA Epoch: [12] [ 0/78]  eta: 0:00:19  entropy: 0.0826  uncertainty: 1.2777  uncertainty_coeffi: 0.0100  loss: 0.0731  lr: 0.000897  time: 0.2454  data: 0.1857  max mem: 2671
      TTA Epoch: [12] [77/78]  eta: 0:00:00  entropy: 0.0012  uncertainty: 1.1971  uncertainty_coeffi: 0.0100  loss: 0.0130  lr: 0.000879  time: 0.0728  data: 0.0000  max mem: 2671
      TTA Epoch: [12] Total time: 0:00:05 (0.0754 s / it)
     Averaged stats: entropy: 0.0174  uncertainty: 1.2537  uncertainty_coeffi: 0.0100  loss: 0.0261  lr: 0.0009
     itm tta time 0:00:05
      TTA Epoch: [13] [ 0/78]  eta: 0:00:20  entropy: 0.0190  uncertainty: 1.3468  uncertainty_coeffi: 0.0100  loss: 0.0279  lr: 0.000879  time: 0.2679  data: 0.1869  max mem: 2671
      TTA Epoch: [13] [77/78]  eta: 0:00:00  entropy: 0.0013  uncertainty: 1.3122  uncertainty_coeffi: 0.0100  loss: 0.0140  lr: 0.000860  time: 0.0739  data: 0.0000  max mem: 2671
      TTA Epoch: [13] Total time: 0:00:05 (0.0758 s / it)
     Averaged stats: entropy: 0.0157  uncertainty: 1.2542  uncertainty_coeffi: 0.0100  loss: 0.0245  lr: 0.0009
     itm tta time 0:00:05
      TTA Epoch: [14] [ 0/78]  eta: 0:00:20  entropy: 0.0123  uncertainty: 1.2642  uncertainty_coeffi: 0.0100  loss: 0.0230  lr: 0.000860  time: 0.2574  data: 0.1772  max mem: 2671
      TTA Epoch: [14] [77/78]  eta: 0:00:00  entropy: 0.0009  uncertainty: 1.4140  uncertainty_coeffi: 0.0100  loss: 0.0148  lr: 0.000842  time: 0.0726  data: 0.0000  max mem: 2671
      TTA Epoch: [14] Total time: 0:00:05 (0.0751 s / it)
     Averaged stats: entropy: 0.0152  uncertainty: 1.2549  uncertainty_coeffi: 0.0100  loss: 0.0238  lr: 0.0009
     itm tta time 0:00:05
     Computing matching score
      Evaluation: [   0/1978]  eta: 0:02:40    time: 0.0810  data: 0.0011  max mem: 2671
      Evaluation: [ 100/1978]  eta: 0:02:30    time: 0.0804  data: 0.0000  max mem: 2671
      Evaluation: [ 200/1978]  eta: 0:02:22    time: 0.0805  data: 0.0000  max mem: 2671
      Evaluation: [ 300/1978]  eta: 0:02:14    time: 0.0804  data: 0.0000  max mem: 2671
      Evaluation: [ 400/1978]  eta: 0:02:06    time: 0.0805  data: 0.0000  max mem: 2671
      Evaluation: [ 500/1978]  eta: 0:01:58    time: 0.0806  data: 0.0000  max mem: 2671
      Evaluation: [ 600/1978]  eta: 0:01:50    time: 0.0810  data: 0.0000  max mem: 2671
      Evaluation: [ 700/1978]  eta: 0:01:42    time: 0.0805  data: 0.0000  max mem: 2671
      Evaluation: [ 800/1978]  eta: 0:01:34    time: 0.0806  data: 0.0000  max mem: 2671
      Evaluation: [ 900/1978]  eta: 0:01:26    time: 0.0805  data: 0.0000  max mem: 2671
      Evaluation: [1000/1978]  eta: 0:01:18    time: 0.0805  data: 0.0000  max mem: 2671
      Evaluation: [1100/1978]  eta: 0:01:10    time: 0.0805  data: 0.0000  max mem: 2671
      Evaluation: [1200/1978]  eta: 0:01:02    time: 0.0799  data: 0.0000  max mem: 2671
      Evaluation: [1300/1978]  eta: 0:00:54    time: 0.0806  data: 0.0000  max mem: 2671
      Evaluation: [1400/1978]  eta: 0:00:46    time: 0.0806  data: 0.0000  max mem: 2671
      Evaluation: [1500/1978]  eta: 0:00:38    time: 0.0805  data: 0.0000  max mem: 2671
      Evaluation: [1600/1978]  eta: 0:00:30    time: 0.0806  data: 0.0000  max mem: 2671
      Evaluation: [1700/1978]  eta: 0:00:22    time: 0.0808  data: 0.0000  max mem: 2671
      Evaluation: [1800/1978]  eta: 0:00:14    time: 0.0806  data: 0.0000  max mem: 2671
      Evaluation: [1900/1978]  eta: 0:00:06    time: 0.0805  data: 0.0000  max mem: 2671
      Evaluation: [1977/1978]  eta: 0:00:00    time: 0.0803  data: 0.0000  max mem: 2671
      Evaluation: Total time: 0:02:39 (0.0805 s / it)
     Computing matching score time 0:02:39
### TTA ITM Score: 
+-------------------+--------+--------+--------+--------+--------+
|       epoch       |   R1   |   R5   |  R10   |  mAP   |  mINP  |
+-------------------+--------+--------+--------+--------+--------+
|  cos_sim_wo/norm  | 58.544 | 91.860 | 95.703 | 73.596 | 73.596 |
|        -999       | 69.414 | 95.197 | 97.776 | 81.233 | 81.233 |
| itm_score_wo/norm | 84.328 | 98.989 | 99.494 | 91.293 | 91.293 |
|        -999       | 84.277 | 99.039 | 99.596 | 91.276 | 91.276 |
|         0         | 84.783 | 98.888 | 99.545 | 91.472 | 91.472 |
|         1         | 84.631 | 98.635 | 99.343 | 91.304 | 91.304 |
|         2         | 84.884 | 98.837 | 99.393 | 91.465 | 91.465 |
|         4         | 84.934 | 98.584 | 99.292 | 91.456 | 91.456 |
|         9         | 84.732 | 98.837 | 99.343 | 91.400 | 91.400 |
|         14        | 84.378 | 98.231 | 99.141 | 91.019 | 91.019 |
+-------------------+--------+--------+--------+--------+--------+
     logs:  {'epo': 14, 'R1': np.float32(84.378), 'R5': np.float32(98.231), 'R10': np.float32(99.141), 'mAP': np.float32(91.019), 'mINP': np.float32(91.019), 'entropy': 0.015236, 'uncertainty': 1.254938, 'uncertainty_coeffi': 0.01, 'loss': 0.023751, 'lr': 0.000851}
      TTA Epoch: [15] [ 0/78]  eta: 0:00:18  entropy: 0.0000  uncertainty: 1.2500  uncertainty_coeffi: 0.0100  loss: 0.0125  lr: 0.000842  time: 0.2408  data: 0.1817  max mem: 2671
      TTA Epoch: [15] [77/78]  eta: 0:00:00  entropy: 0.0331  uncertainty: 1.2105  uncertainty_coeffi: 0.0100  loss: 0.0399  lr: 0.000824  time: 0.0727  data: 0.0000  max mem: 2671
      TTA Epoch: [15] Total time: 0:00:05 (0.0753 s / it)
     Averaged stats: entropy: 0.0148  uncertainty: 1.2538  uncertainty_coeffi: 0.0100  loss: 0.0237  lr: 0.0008
     itm tta time 0:00:05
      TTA Epoch: [16] [ 0/78]  eta: 0:00:21  entropy: 0.0000  uncertainty: 1.1751  uncertainty_coeffi: 0.0100  loss: 0.0118  lr: 0.000823  time: 0.2720  data: 0.1914  max mem: 2671
      TTA Epoch: [16] [77/78]  eta: 0:00:00  entropy: 0.0134  uncertainty: 1.2432  uncertainty_coeffi: 0.0100  loss: 0.0253  lr: 0.000805  time: 0.0729  data: 0.0000  max mem: 2671
      TTA Epoch: [16] Total time: 0:00:05 (0.0755 s / it)
     Averaged stats: entropy: 0.0111  uncertainty: 1.2532  uncertainty_coeffi: 0.0100  loss: 0.0215  lr: 0.0008
     itm tta time 0:00:05
      TTA Epoch: [17] [ 0/78]  eta: 0:00:19  entropy: 0.0001  uncertainty: 1.2106  uncertainty_coeffi: 0.0100  loss: 0.0122  lr: 0.000805  time: 0.2509  data: 0.1726  max mem: 2671
      TTA Epoch: [17] [77/78]  eta: 0:00:00  entropy: 0.0280  uncertainty: 1.3292  uncertainty_coeffi: 0.0100  loss: 0.0322  lr: 0.000787  time: 0.0734  data: 0.0000  max mem: 2671
      TTA Epoch: [17] Total time: 0:00:05 (0.0754 s / it)
     Averaged stats: entropy: 0.0164  uncertainty: 1.2541  uncertainty_coeffi: 0.0100  loss: 0.0254  lr: 0.0008
     itm tta time 0:00:05
      TTA Epoch: [18] [ 0/78]  eta: 0:00:19  entropy: 0.0347  uncertainty: 1.3642  uncertainty_coeffi: 0.0100  loss: 0.0350  lr: 0.000787  time: 0.2451  data: 0.1833  max mem: 2671
      TTA Epoch: [18] [77/78]  eta: 0:00:00  entropy: 0.0000  uncertainty: 1.3011  uncertainty_coeffi: 0.0100  loss: 0.0130  lr: 0.000768  time: 0.0730  data: 0.0000  max mem: 2671
      TTA Epoch: [18] Total time: 0:00:05 (0.0754 s / it)
     Averaged stats: entropy: 0.0138  uncertainty: 1.2544  uncertainty_coeffi: 0.0100  loss: 0.0237  lr: 0.0008
     itm tta time 0:00:05
      TTA Epoch: [19] [ 0/78]  eta: 0:00:19  entropy: 0.0417  uncertainty: 1.2105  uncertainty_coeffi: 0.0100  loss: 0.0442  lr: 0.000768  time: 0.2468  data: 0.1686  max mem: 2671
      TTA Epoch: [19] [77/78]  eta: 0:00:00  entropy: 0.0002  uncertainty: 1.2431  uncertainty_coeffi: 0.0100  loss: 0.0125  lr: 0.000750  time: 0.0728  data: 0.0000  max mem: 2671
      TTA Epoch: [19] Total time: 0:00:05 (0.0751 s / it)
     Averaged stats: entropy: 0.0117  uncertainty: 1.2540  uncertainty_coeffi: 0.0100  loss: 0.0215  lr: 0.0008
     itm tta time 0:00:05
     Computing matching score
      Evaluation: [   0/1978]  eta: 0:02:40    time: 0.0813  data: 0.0009  max mem: 2671
      Evaluation: [ 100/1978]  eta: 0:02:30    time: 0.0802  data: 0.0000  max mem: 2671
      Evaluation: [ 200/1978]  eta: 0:02:22    time: 0.0802  data: 0.0000  max mem: 2671
      Evaluation: [ 300/1978]  eta: 0:02:14    time: 0.0803  data: 0.0000  max mem: 2671
      Evaluation: [ 400/1978]  eta: 0:02:06    time: 0.0804  data: 0.0000  max mem: 2671
      Evaluation: [ 500/1978]  eta: 0:01:58    time: 0.0802  data: 0.0000  max mem: 2671
      Evaluation: [ 600/1978]  eta: 0:01:50    time: 0.0804  data: 0.0000  max mem: 2671
      Evaluation: [ 700/1978]  eta: 0:01:42    time: 0.0804  data: 0.0000  max mem: 2671
      Evaluation: [ 800/1978]  eta: 0:01:34    time: 0.0803  data: 0.0000  max mem: 2671
      Evaluation: [ 900/1978]  eta: 0:01:26    time: 0.0804  data: 0.0000  max mem: 2671
      Evaluation: [1000/1978]  eta: 0:01:18    time: 0.0803  data: 0.0000  max mem: 2671
      Evaluation: [1100/1978]  eta: 0:01:10    time: 0.0802  data: 0.0000  max mem: 2671
      Evaluation: [1200/1978]  eta: 0:01:02    time: 0.0804  data: 0.0000  max mem: 2671
      Evaluation: [1300/1978]  eta: 0:00:54    time: 0.0803  data: 0.0000  max mem: 2671
      Evaluation: [1400/1978]  eta: 0:00:46    time: 0.0804  data: 0.0000  max mem: 2671
      Evaluation: [1500/1978]  eta: 0:00:38    time: 0.0805  data: 0.0000  max mem: 2671
      Evaluation: [1600/1978]  eta: 0:00:30    time: 0.0804  data: 0.0000  max mem: 2671
      Evaluation: [1700/1978]  eta: 0:00:22    time: 0.0866  data: 0.0000  max mem: 2671
      Evaluation: [1800/1978]  eta: 0:00:14    time: 0.0806  data: 0.0000  max mem: 2671
      Evaluation: [1900/1978]  eta: 0:00:06    time: 0.0805  data: 0.0000  max mem: 2671
      Evaluation: [1977/1978]  eta: 0:00:00    time: 0.0805  data: 0.0000  max mem: 2671
      Evaluation: Total time: 0:02:38 (0.0804 s / it)
     Computing matching score time 0:02:39
### TTA ITM Score: 
+-------------------+--------+--------+--------+--------+--------+
|       epoch       |   R1   |   R5   |  R10   |  mAP   |  mINP  |
+-------------------+--------+--------+--------+--------+--------+
|  cos_sim_wo/norm  | 58.544 | 91.860 | 95.703 | 73.596 | 73.596 |
|        -999       | 69.414 | 95.197 | 97.776 | 81.233 | 81.233 |
| itm_score_wo/norm | 84.328 | 98.989 | 99.494 | 91.293 | 91.293 |
|        -999       | 84.277 | 99.039 | 99.596 | 91.276 | 91.276 |
|         0         | 84.783 | 98.888 | 99.545 | 91.472 | 91.472 |
|         1         | 84.631 | 98.635 | 99.343 | 91.304 | 91.304 |
|         2         | 84.884 | 98.837 | 99.393 | 91.465 | 91.465 |
|         4         | 84.934 | 98.584 | 99.292 | 91.456 | 91.456 |
|         9         | 84.732 | 98.837 | 99.343 | 91.400 | 91.400 |
|         14        | 84.378 | 98.231 | 99.141 | 91.019 | 91.019 |
|         19        | 83.923 | 98.483 | 99.141 | 90.819 | 90.819 |
+-------------------+--------+--------+--------+--------+--------+
     logs:  {'epo': 19, 'R1': np.float32(83.923), 'R5': np.float32(98.483), 'R10': np.float32(99.141), 'mAP': np.float32(90.819), 'mINP': np.float32(90.819), 'entropy': 0.011749, 'uncertainty': 1.254027, 'uncertainty_coeffi': 0.01, 'loss': 0.021546, 'lr': 0.000759}
      TTA Epoch: [20] [ 0/78]  eta: 0:00:18  entropy: 0.0000  uncertainty: 1.2018  uncertainty_coeffi: 0.0100  loss: 0.0120  lr: 0.000750  time: 0.2429  data: 0.1773  max mem: 2671
      TTA Epoch: [20] [77/78]  eta: 0:00:00  entropy: 0.0000  uncertainty: 1.1755  uncertainty_coeffi: 0.0100  loss: 0.0118  lr: 0.000732  time: 0.0726  data: 0.0000  max mem: 2671
      TTA Epoch: [20] Total time: 0:00:05 (0.0757 s / it)
     Averaged stats: entropy: 0.0127  uncertainty: 1.2546  uncertainty_coeffi: 0.0100  loss: 0.0227  lr: 0.0007
     itm tta time 0:00:05
      TTA Epoch: [21] [ 0/78]  eta: 0:00:19  entropy: 0.0000  uncertainty: 1.2620  uncertainty_coeffi: 0.0100  loss: 0.0126  lr: 0.000731  time: 0.2539  data: 0.1753  max mem: 2671
      TTA Epoch: [21] [77/78]  eta: 0:00:00  entropy: 0.0010  uncertainty: 1.2553  uncertainty_coeffi: 0.0100  loss: 0.0132  lr: 0.000713  time: 0.0727  data: 0.0000  max mem: 2671
      TTA Epoch: [21] Total time: 0:00:05 (0.0752 s / it)
     Averaged stats: entropy: 0.0112  uncertainty: 1.2548  uncertainty_coeffi: 0.0100  loss: 0.0211  lr: 0.0007
     itm tta time 0:00:05
      TTA Epoch: [22] [ 0/78]  eta: 0:00:19  entropy: 0.0168  uncertainty: 1.2983  uncertainty_coeffi: 0.0100  loss: 0.0237  lr: 0.000713  time: 0.2502  data: 0.1710  max mem: 2671
      TTA Epoch: [22] [77/78]  eta: 0:00:00  entropy: 0.0003  uncertainty: 1.2134  uncertainty_coeffi: 0.0100  loss: 0.0123  lr: 0.000695  time: 0.0726  data: 0.0000  max mem: 2671
      TTA Epoch: [22] Total time: 0:00:05 (0.0757 s / it)
     Averaged stats: entropy: 0.0152  uncertainty: 1.2551  uncertainty_coeffi: 0.0100  loss: 0.0247  lr: 0.0007
     itm tta time 0:00:05
      TTA Epoch: [23] [ 0/78]  eta: 0:00:20  entropy: 0.0430  uncertainty: 1.4024  uncertainty_coeffi: 0.0100  loss: 0.0464  lr: 0.000695  time: 0.2640  data: 0.1840  max mem: 2671
      TTA Epoch: [23] [77/78]  eta: 0:00:00  entropy: 0.0000  uncertainty: 1.2963  uncertainty_coeffi: 0.0100  loss: 0.0130  lr: 0.000676  time: 0.0727  data: 0.0000  max mem: 2671
      TTA Epoch: [23] Total time: 0:00:05 (0.0753 s / it)
     Averaged stats: entropy: 0.0089  uncertainty: 1.2535  uncertainty_coeffi: 0.0100  loss: 0.0196  lr: 0.0007
     itm tta time 0:00:05
      TTA Epoch: [24] [ 0/78]  eta: 0:00:19  entropy: 0.0243  uncertainty: 1.3449  uncertainty_coeffi: 0.0100  loss: 0.0336  lr: 0.000676  time: 0.2467  data: 0.1702  max mem: 2671
      TTA Epoch: [24] [77/78]  eta: 0:00:00  entropy: 0.0067  uncertainty: 1.2308  uncertainty_coeffi: 0.0100  loss: 0.0163  lr: 0.000658  time: 0.0735  data: 0.0000  max mem: 2671
      TTA Epoch: [24] Total time: 0:00:05 (0.0757 s / it)
     Averaged stats: entropy: 0.0082  uncertainty: 1.2546  uncertainty_coeffi: 0.0100  loss: 0.0187  lr: 0.0007
     itm tta time 0:00:05
      TTA Epoch: [25] [ 0/78]  eta: 0:00:19  entropy: 0.0440  uncertainty: 1.2414  uncertainty_coeffi: 0.0100  loss: 0.0302  lr: 0.000658  time: 0.2550  data: 0.1746  max mem: 2671
      TTA Epoch: [25] [77/78]  eta: 0:00:00  entropy: 0.0004  uncertainty: 1.1691  uncertainty_coeffi: 0.0100  loss: 0.0120  lr: 0.000320  time: 0.0729  data: 0.0000  max mem: 2671
      TTA Epoch: [25] Total time: 0:00:05 (0.0753 s / it)
     Averaged stats: entropy: 0.0096  uncertainty: 1.2553  uncertainty_coeffi: 0.0100  loss: 0.0199  lr: 0.0005
     itm tta time 0:00:05
      TTA Epoch: [26] [ 0/78]  eta: 0:00:20  entropy: 0.0030  uncertainty: 1.2311  uncertainty_coeffi: 0.0100  loss: 0.0139  lr: 0.000320  time: 0.2606  data: 0.1820  max mem: 2671
      TTA Epoch: [26] [77/78]  eta: 0:00:00  entropy: 0.0000  uncertainty: 1.2353  uncertainty_coeffi: 0.0100  loss: 0.0124  lr: 0.000311  time: 0.0734  data: 0.0000  max mem: 2671
      TTA Epoch: [26] Total time: 0:00:05 (0.0756 s / it)
     Averaged stats: entropy: 0.0063  uncertainty: 1.2546  uncertainty_coeffi: 0.0100  loss: 0.0175  lr: 0.0003
     itm tta time 0:00:05
      TTA Epoch: [27] [ 0/78]  eta: 0:00:18  entropy: 0.0003  uncertainty: 1.1566  uncertainty_coeffi: 0.0100  loss: 0.0117  lr: 0.000310  time: 0.2359  data: 0.1729  max mem: 2671
      TTA Epoch: [27] [77/78]  eta: 0:00:00  entropy: 0.0430  uncertainty: 1.2392  uncertainty_coeffi: 0.0100  loss: 0.0422  lr: 0.000301  time: 0.0727  data: 0.0000  max mem: 2671
      TTA Epoch: [27] Total time: 0:00:05 (0.0755 s / it)
     Averaged stats: entropy: 0.0127  uncertainty: 1.2541  uncertainty_coeffi: 0.0100  loss: 0.0221  lr: 0.0003
     itm tta time 0:00:05
      TTA Epoch: [28] [ 0/78]  eta: 0:00:19  entropy: 0.0227  uncertainty: 1.2823  uncertainty_coeffi: 0.0100  loss: 0.0315  lr: 0.000301  time: 0.2543  data: 0.1747  max mem: 2671
      TTA Epoch: [28] [77/78]  eta: 0:00:00  entropy: 0.0000  uncertainty: 1.1851  uncertainty_coeffi: 0.0100  loss: 0.0119  lr: 0.000292  time: 0.0728  data: 0.0000  max mem: 2671
      TTA Epoch: [28] Total time: 0:00:05 (0.0752 s / it)
     Averaged stats: entropy: 0.0084  uncertainty: 1.2535  uncertainty_coeffi: 0.0100  loss: 0.0191  lr: 0.0003
     itm tta time 0:00:05
      TTA Epoch: [29] [ 0/78]  eta: 0:00:19  entropy: 0.0001  uncertainty: 1.2649  uncertainty_coeffi: 0.0100  loss: 0.0127  lr: 0.000292  time: 0.2551  data: 0.1782  max mem: 2671
      TTA Epoch: [29] [77/78]  eta: 0:00:00  entropy: 0.0002  uncertainty: 1.3855  uncertainty_coeffi: 0.0100  loss: 0.0140  lr: 0.000283  time: 0.0725  data: 0.0000  max mem: 2671
      TTA Epoch: [29] Total time: 0:00:05 (0.0757 s / it)
     Averaged stats: entropy: 0.0105  uncertainty: 1.2543  uncertainty_coeffi: 0.0100  loss: 0.0206  lr: 0.0003
     itm tta time 0:00:05
     Computing matching score
      Evaluation: [   0/1978]  eta: 0:02:04    time: 0.0629  data: 0.0009  max mem: 2671
      Evaluation: [ 100/1978]  eta: 0:02:30    time: 0.0803  data: 0.0000  max mem: 2671
      Evaluation: [ 200/1978]  eta: 0:02:22    time: 0.0803  data: 0.0000  max mem: 2671
      Evaluation: [ 300/1978]  eta: 0:02:14    time: 0.0803  data: 0.0000  max mem: 2671
      Evaluation: [ 400/1978]  eta: 0:02:06    time: 0.0804  data: 0.0000  max mem: 2671
      Evaluation: [ 500/1978]  eta: 0:01:58    time: 0.0804  data: 0.0000  max mem: 2671
      Evaluation: [ 600/1978]  eta: 0:01:50    time: 0.0803  data: 0.0000  max mem: 2671
      Evaluation: [ 700/1978]  eta: 0:01:42    time: 0.0804  data: 0.0000  max mem: 2671
      Evaluation: [ 800/1978]  eta: 0:01:34    time: 0.0805  data: 0.0000  max mem: 2671
      Evaluation: [ 900/1978]  eta: 0:01:26    time: 0.0805  data: 0.0000  max mem: 2671
      Evaluation: [1000/1978]  eta: 0:01:18    time: 0.0805  data: 0.0000  max mem: 2671
      Evaluation: [1100/1978]  eta: 0:01:10    time: 0.0806  data: 0.0000  max mem: 2671
      Evaluation: [1200/1978]  eta: 0:01:02    time: 0.0804  data: 0.0000  max mem: 2671
      Evaluation: [1300/1978]  eta: 0:00:54    time: 0.0806  data: 0.0000  max mem: 2671
      Evaluation: [1400/1978]  eta: 0:00:46    time: 0.0806  data: 0.0000  max mem: 2671
      Evaluation: [1500/1978]  eta: 0:00:38    time: 0.0805  data: 0.0000  max mem: 2671
      Evaluation: [1600/1978]  eta: 0:00:30    time: 0.0806  data: 0.0000  max mem: 2671
      Evaluation: [1700/1978]  eta: 0:00:22    time: 0.0807  data: 0.0000  max mem: 2671
      Evaluation: [1800/1978]  eta: 0:00:14    time: 0.0806  data: 0.0000  max mem: 2671
      Evaluation: [1900/1978]  eta: 0:00:06    time: 0.0806  data: 0.0000  max mem: 2671
      Evaluation: [1977/1978]  eta: 0:00:00    time: 0.0804  data: 0.0000  max mem: 2671
      Evaluation: Total time: 0:02:39 (0.0804 s / it)
     Computing matching score time 0:02:39
### TTA ITM Score: 
+-------------------+--------+--------+--------+--------+--------+
|       epoch       |   R1   |   R5   |  R10   |  mAP   |  mINP  |
+-------------------+--------+--------+--------+--------+--------+
|  cos_sim_wo/norm  | 58.544 | 91.860 | 95.703 | 73.596 | 73.596 |
|        -999       | 69.414 | 95.197 | 97.776 | 81.233 | 81.233 |
| itm_score_wo/norm | 84.328 | 98.989 | 99.494 | 91.293 | 91.293 |
|        -999       | 84.277 | 99.039 | 99.596 | 91.276 | 91.276 |
|         0         | 84.783 | 98.888 | 99.545 | 91.472 | 91.472 |
|         1         | 84.631 | 98.635 | 99.343 | 91.304 | 91.304 |
|         2         | 84.884 | 98.837 | 99.393 | 91.465 | 91.465 |
|         4         | 84.934 | 98.584 | 99.292 | 91.456 | 91.456 |
|         9         | 84.732 | 98.837 | 99.343 | 91.400 | 91.400 |
|         14        | 84.378 | 98.231 | 99.141 | 91.019 | 91.019 |
|         19        | 83.923 | 98.483 | 99.141 | 90.819 | 90.819 |
|         29        | 84.024 | 98.736 | 99.242 | 90.841 | 90.841 |
+-------------------+--------+--------+--------+--------+--------+
     logs:  {'epo': 29, 'R1': np.float32(84.024), 'R5': np.float32(98.736), 'R10': np.float32(99.242), 'mAP': np.float32(90.841), 'mINP': np.float32(90.841), 'entropy': 0.010508, 'uncertainty': 1.254309, 'uncertainty_coeffi': 0.01, 'loss': 0.020626, 'lr': 0.000288}
      TTA Epoch: [30] [ 0/78]  eta: 0:00:19  entropy: 0.0000  uncertainty: 1.1554  uncertainty_coeffi: 0.0100  loss: 0.0116  lr: 0.000283  time: 0.2527  data: 0.1856  max mem: 2671
      TTA Epoch: [30] [77/78]  eta: 0:00:00  entropy: 0.0002  uncertainty: 1.1957  uncertainty_coeffi: 0.0100  loss: 0.0120  lr: 0.000274  time: 0.0730  data: 0.0000  max mem: 2671
      TTA Epoch: [30] Total time: 0:00:05 (0.0759 s / it)
     Averaged stats: entropy: 0.0072  uncertainty: 1.2545  uncertainty_coeffi: 0.0100  loss: 0.0177  lr: 0.0003
     itm tta time 0:00:05
      TTA Epoch: [31] [ 0/78]  eta: 0:00:19  entropy: 0.0017  uncertainty: 1.2753  uncertainty_coeffi: 0.0100  loss: 0.0138  lr: 0.000274  time: 0.2495  data: 0.1710  max mem: 2671
      TTA Epoch: [31] [77/78]  eta: 0:00:00  entropy: 0.0241  uncertainty: 1.2179  uncertainty_coeffi: 0.0100  loss: 0.0249  lr: 0.000265  time: 0.0728  data: 0.0000  max mem: 2671
      TTA Epoch: [31] Total time: 0:00:05 (0.0750 s / it)
     Averaged stats: entropy: 0.0087  uncertainty: 1.2542  uncertainty_coeffi: 0.0100  loss: 0.0191  lr: 0.0003
     itm tta time 0:00:05
      TTA Epoch: [32] [ 0/78]  eta: 0:00:21  entropy: 0.0100  uncertainty: 1.2935  uncertainty_coeffi: 0.0100  loss: 0.0200  lr: 0.000265  time: 0.2784  data: 0.1975  max mem: 2671
      TTA Epoch: [32] [77/78]  eta: 0:00:00  entropy: 0.0000  uncertainty: 1.3404  uncertainty_coeffi: 0.0100  loss: 0.0134  lr: 0.000255  time: 0.0732  data: 0.0000  max mem: 2671
      TTA Epoch: [32] Total time: 0:00:05 (0.0757 s / it)
     Averaged stats: entropy: 0.0087  uncertainty: 1.2543  uncertainty_coeffi: 0.0100  loss: 0.0190  lr: 0.0003
     itm tta time 0:00:05
      TTA Epoch: [33] [ 0/78]  eta: 0:00:17  entropy: 0.0000  uncertainty: 1.3740  uncertainty_coeffi: 0.0100  loss: 0.0138  lr: 0.000255  time: 0.2276  data: 0.1676  max mem: 2671
      TTA Epoch: [33] [77/78]  eta: 0:00:00  entropy: 0.0042  uncertainty: 1.2581  uncertainty_coeffi: 0.0100  loss: 0.0155  lr: 0.000246  time: 0.0729  data: 0.0000  max mem: 2671
      TTA Epoch: [33] Total time: 0:00:05 (0.0754 s / it)
     Averaged stats: entropy: 0.0094  uncertainty: 1.2544  uncertainty_coeffi: 0.0100  loss: 0.0196  lr: 0.0003
     itm tta time 0:00:05
      TTA Epoch: [34] [ 0/78]  eta: 0:00:19  entropy: 0.0013  uncertainty: 1.1239  uncertainty_coeffi: 0.0100  loss: 0.0122  lr: 0.000246  time: 0.2525  data: 0.1738  max mem: 2671
      TTA Epoch: [34] [77/78]  eta: 0:00:00  entropy: 0.0000  uncertainty: 1.2832  uncertainty_coeffi: 0.0100  loss: 0.0128  lr: 0.000237  time: 0.0730  data: 0.0000  max mem: 2671
      TTA Epoch: [34] Total time: 0:00:05 (0.0751 s / it)
     Averaged stats: entropy: 0.0091  uncertainty: 1.2539  uncertainty_coeffi: 0.0100  loss: 0.0193  lr: 0.0002
     itm tta time 0:00:05
      TTA Epoch: [35] [ 0/78]  eta: 0:00:19  entropy: 0.0000  uncertainty: 1.2579  uncertainty_coeffi: 0.0100  loss: 0.0126  lr: 0.000237  time: 0.2492  data: 0.1728  max mem: 2671
      TTA Epoch: [35] [77/78]  eta: 0:00:00  entropy: 0.0000  uncertainty: 1.1736  uncertainty_coeffi: 0.0100  loss: 0.0117  lr: 0.000228  time: 0.0729  data: 0.0000  max mem: 2671
      TTA Epoch: [35] Total time: 0:00:05 (0.0758 s / it)
     Averaged stats: entropy: 0.0056  uncertainty: 1.2538  uncertainty_coeffi: 0.0100  loss: 0.0167  lr: 0.0002
     itm tta time 0:00:05
      TTA Epoch: [36] [ 0/78]  eta: 0:00:20  entropy: 0.0065  uncertainty: 1.3037  uncertainty_coeffi: 0.0100  loss: 0.0165  lr: 0.000228  time: 0.2640  data: 0.1829  max mem: 2671
      TTA Epoch: [36] [77/78]  eta: 0:00:00  entropy: 0.0003  uncertainty: 1.3062  uncertainty_coeffi: 0.0100  loss: 0.0133  lr: 0.000219  time: 0.0728  data: 0.0000  max mem: 2671
      TTA Epoch: [36] Total time: 0:00:05 (0.0753 s / it)
     Averaged stats: entropy: 0.0084  uncertainty: 1.2541  uncertainty_coeffi: 0.0100  loss: 0.0189  lr: 0.0002
     itm tta time 0:00:05
      TTA Epoch: [37] [ 0/78]  eta: 0:00:19  entropy: 0.0031  uncertainty: 1.3502  uncertainty_coeffi: 0.0100  loss: 0.0147  lr: 0.000219  time: 0.2475  data: 0.1702  max mem: 2671
      TTA Epoch: [37] [77/78]  eta: 0:00:00  entropy: 0.0008  uncertainty: 1.3329  uncertainty_coeffi: 0.0100  loss: 0.0138  lr: 0.000209  time: 0.0732  data: 0.0000  max mem: 2671
      TTA Epoch: [37] Total time: 0:00:05 (0.0754 s / it)
     Averaged stats: entropy: 0.0069  uncertainty: 1.2535  uncertainty_coeffi: 0.0100  loss: 0.0175  lr: 0.0002
     itm tta time 0:00:05
      TTA Epoch: [38] [ 0/78]  eta: 0:00:18  entropy: 0.0170  uncertainty: 1.3743  uncertainty_coeffi: 0.0100  loss: 0.0233  lr: 0.000209  time: 0.2345  data: 0.1751  max mem: 2671
      TTA Epoch: [38] [77/78]  eta: 0:00:00  entropy: 0.0000  uncertainty: 1.2977  uncertainty_coeffi: 0.0100  loss: 0.0130  lr: 0.000200  time: 0.0728  data: 0.0000  max mem: 2671
      TTA Epoch: [38] Total time: 0:00:05 (0.0752 s / it)
     Averaged stats: entropy: 0.0061  uncertainty: 1.2546  uncertainty_coeffi: 0.0100  loss: 0.0173  lr: 0.0002
     itm tta time 0:00:05
      TTA Epoch: [39] [ 0/78]  eta: 0:00:19  entropy: 0.0000  uncertainty: 1.4117  uncertainty_coeffi: 0.0100  loss: 0.0141  lr: 0.000200  time: 0.2500  data: 0.1710  max mem: 2671
      TTA Epoch: [39] [77/78]  eta: 0:00:00  entropy: 0.0000  uncertainty: 1.3120  uncertainty_coeffi: 0.0100  loss: 0.0131  lr: 0.000191  time: 0.0728  data: 0.0000  max mem: 2671
      TTA Epoch: [39] Total time: 0:00:05 (0.0750 s / it)
     Averaged stats: entropy: 0.0074  uncertainty: 1.2525  uncertainty_coeffi: 0.0100  loss: 0.0180  lr: 0.0002
     itm tta time 0:00:05
     Computing matching score
      Evaluation: [   0/1978]  eta: 0:02:40    time: 0.0812  data: 0.0009  max mem: 2671
      Evaluation: [ 100/1978]  eta: 0:02:30    time: 0.0802  data: 0.0000  max mem: 2671
      Evaluation: [ 200/1978]  eta: 0:02:22    time: 0.0800  data: 0.0000  max mem: 2671
      Evaluation: [ 300/1978]  eta: 0:02:14    time: 0.0801  data: 0.0000  max mem: 2671
      Evaluation: [ 400/1978]  eta: 0:02:06    time: 0.0801  data: 0.0000  max mem: 2671
      Evaluation: [ 500/1978]  eta: 0:01:58    time: 0.0801  data: 0.0000  max mem: 2671
      Evaluation: [ 600/1978]  eta: 0:01:50    time: 0.0802  data: 0.0000  max mem: 2671
      Evaluation: [ 700/1978]  eta: 0:01:42    time: 0.0803  data: 0.0000  max mem: 2671
      Evaluation: [ 800/1978]  eta: 0:01:34    time: 0.0801  data: 0.0000  max mem: 2671
      Evaluation: [ 900/1978]  eta: 0:01:26    time: 0.0802  data: 0.0000  max mem: 2671
      Evaluation: [1000/1978]  eta: 0:01:18    time: 0.0802  data: 0.0000  max mem: 2671
      Evaluation: [1100/1978]  eta: 0:01:10    time: 0.0802  data: 0.0000  max mem: 2671
      Evaluation: [1200/1978]  eta: 0:01:02    time: 0.0804  data: 0.0000  max mem: 2671
      Evaluation: [1300/1978]  eta: 0:00:54    time: 0.0802  data: 0.0000  max mem: 2671
      Evaluation: [1400/1978]  eta: 0:00:46    time: 0.0804  data: 0.0000  max mem: 2671
      Evaluation: [1500/1978]  eta: 0:00:38    time: 0.0805  data: 0.0000  max mem: 2671
      Evaluation: [1600/1978]  eta: 0:00:30    time: 0.0803  data: 0.0000  max mem: 2671
      Evaluation: [1700/1978]  eta: 0:00:22    time: 0.0804  data: 0.0000  max mem: 2671
      Evaluation: [1800/1978]  eta: 0:00:14    time: 0.0805  data: 0.0000  max mem: 2671
      Evaluation: [1900/1978]  eta: 0:00:06    time: 0.0805  data: 0.0000  max mem: 2671
      Evaluation: [1977/1978]  eta: 0:00:00    time: 0.0805  data: 0.0000  max mem: 2671
      Evaluation: Total time: 0:02:38 (0.0803 s / it)
     Computing matching score time 0:02:38
### TTA ITM Score: 
+-------------------+--------+--------+--------+--------+--------+
|       epoch       |   R1   |   R5   |  R10   |  mAP   |  mINP  |
+-------------------+--------+--------+--------+--------+--------+
|  cos_sim_wo/norm  | 58.544 | 91.860 | 95.703 | 73.596 | 73.596 |
|        -999       | 69.414 | 95.197 | 97.776 | 81.233 | 81.233 |
| itm_score_wo/norm | 84.328 | 98.989 | 99.494 | 91.293 | 91.293 |
|        -999       | 84.277 | 99.039 | 99.596 | 91.276 | 91.276 |
|         0         | 84.783 | 98.888 | 99.545 | 91.472 | 91.472 |
|         1         | 84.631 | 98.635 | 99.343 | 91.304 | 91.304 |
|         2         | 84.884 | 98.837 | 99.393 | 91.465 | 91.465 |
|         4         | 84.934 | 98.584 | 99.292 | 91.456 | 91.456 |
|         9         | 84.732 | 98.837 | 99.343 | 91.400 | 91.400 |
|         14        | 84.378 | 98.231 | 99.141 | 91.019 | 91.019 |
|         19        | 83.923 | 98.483 | 99.141 | 90.819 | 90.819 |
|         29        | 84.024 | 98.736 | 99.242 | 90.841 | 90.841 |
|         39        | 83.771 | 98.686 | 99.191 | 90.704 | 90.704 |
+-------------------+--------+--------+--------+--------+--------+
     logs:  {'epo': 39, 'R1': np.float32(83.771), 'R5': np.float32(98.686), 'R10': np.float32(99.191), 'mAP': np.float32(90.704), 'mINP': np.float32(90.704), 'entropy': 0.007392, 'uncertainty': 1.252534, 'uncertainty_coeffi': 0.01, 'loss': 0.018023, 'lr': 0.000196}
      TTA Epoch: [40] [ 0/78]  eta: 0:00:19  entropy: 0.0000  uncertainty: 1.2107  uncertainty_coeffi: 0.0100  loss: 0.0121  lr: 0.000191  time: 0.2543  data: 0.1773  max mem: 2671
      TTA Epoch: [40] [77/78]  eta: 0:00:00  entropy: 0.0001  uncertainty: 1.4075  uncertainty_coeffi: 0.0100  loss: 0.0141  lr: 0.000182  time: 0.0726  data: 0.0000  max mem: 2671
      TTA Epoch: [40] Total time: 0:00:05 (0.0758 s / it)
     Averaged stats: entropy: 0.0133  uncertainty: 1.2542  uncertainty_coeffi: 0.0100  loss: 0.0230  lr: 0.0002
     itm tta time 0:00:05
      TTA Epoch: [41] [ 0/78]  eta: 0:00:19  entropy: 0.0000  uncertainty: 1.2058  uncertainty_coeffi: 0.0100  loss: 0.0121  lr: 0.000182  time: 0.2557  data: 0.1774  max mem: 2671
      TTA Epoch: [41] [77/78]  eta: 0:00:00  entropy: 0.0000  uncertainty: 1.3894  uncertainty_coeffi: 0.0100  loss: 0.0139  lr: 0.000173  time: 0.0728  data: 0.0000  max mem: 2671
      TTA Epoch: [41] Total time: 0:00:05 (0.0752 s / it)
     Averaged stats: entropy: 0.0093  uncertainty: 1.2549  uncertainty_coeffi: 0.0100  loss: 0.0195  lr: 0.0002
     itm tta time 0:00:05
      TTA Epoch: [42] [ 0/78]  eta: 0:00:19  entropy: 0.0279  uncertainty: 1.2774  uncertainty_coeffi: 0.0100  loss: 0.0321  lr: 0.000173  time: 0.2453  data: 0.1698  max mem: 2671
      TTA Epoch: [42] [77/78]  eta: 0:00:00  entropy: 0.0044  uncertainty: 1.3740  uncertainty_coeffi: 0.0100  loss: 0.0180  lr: 0.000163  time: 0.0728  data: 0.0000  max mem: 2671
      TTA Epoch: [42] Total time: 0:00:05 (0.0755 s / it)
     Averaged stats: entropy: 0.0099  uncertainty: 1.2529  uncertainty_coeffi: 0.0100  loss: 0.0201  lr: 0.0002
     itm tta time 0:00:05
      TTA Epoch: [43] [ 0/78]  eta: 0:00:19  entropy: 0.0031  uncertainty: 1.3706  uncertainty_coeffi: 0.0100  loss: 0.0159  lr: 0.000163  time: 0.2532  data: 0.1737  max mem: 2671
      TTA Epoch: [43] [77/78]  eta: 0:00:00  entropy: 0.0038  uncertainty: 1.0956  uncertainty_coeffi: 0.0100  loss: 0.0146  lr: 0.000154  time: 0.0731  data: 0.0000  max mem: 2671
      TTA Epoch: [43] Total time: 0:00:05 (0.0753 s / it)
     Averaged stats: entropy: 0.0059  uncertainty: 1.2543  uncertainty_coeffi: 0.0100  loss: 0.0169  lr: 0.0002
     itm tta time 0:00:05
      TTA Epoch: [44] [ 0/78]  eta: 0:00:19  entropy: 0.0004  uncertainty: 1.3838  uncertainty_coeffi: 0.0100  loss: 0.0142  lr: 0.000154  time: 0.2539  data: 0.1776  max mem: 2671
      TTA Epoch: [44] [77/78]  eta: 0:00:00  entropy: 0.0000  uncertainty: 1.3779  uncertainty_coeffi: 0.0100  loss: 0.0138  lr: 0.000058  time: 0.0725  data: 0.0000  max mem: 2671
      TTA Epoch: [44] Total time: 0:00:05 (0.0758 s / it)
     Averaged stats: entropy: 0.0091  uncertainty: 1.2539  uncertainty_coeffi: 0.0100  loss: 0.0194  lr: 0.0001
     itm tta time 0:00:05
      TTA Epoch: [45] [ 0/78]  eta: 0:00:20  entropy: 0.0000  uncertainty: 1.2472  uncertainty_coeffi: 0.0100  loss: 0.0125  lr: 0.000058  time: 0.2587  data: 0.1792  max mem: 2671
      TTA Epoch: [45] [77/78]  eta: 0:00:00  entropy: 0.0405  uncertainty: 1.2775  uncertainty_coeffi: 0.0100  loss: 0.0477  lr: 0.000054  time: 0.0725  data: 0.0000  max mem: 2671
      TTA Epoch: [45] Total time: 0:00:05 (0.0750 s / it)
     Averaged stats: entropy: 0.0087  uncertainty: 1.2537  uncertainty_coeffi: 0.0100  loss: 0.0192  lr: 0.0001
     itm tta time 0:00:05
      TTA Epoch: [46] [ 0/78]  eta: 0:00:20  entropy: 0.0000  uncertainty: 1.2026  uncertainty_coeffi: 0.0100  loss: 0.0120  lr: 0.000054  time: 0.2639  data: 0.1863  max mem: 2671
      TTA Epoch: [46] [77/78]  eta: 0:00:00  entropy: 0.0009  uncertainty: 1.1665  uncertainty_coeffi: 0.0100  loss: 0.0124  lr: 0.000051  time: 0.0726  data: 0.0000  max mem: 2671
      TTA Epoch: [46] Total time: 0:00:05 (0.0758 s / it)
     Averaged stats: entropy: 0.0071  uncertainty: 1.2539  uncertainty_coeffi: 0.0100  loss: 0.0184  lr: 0.0001
     itm tta time 0:00:05
      TTA Epoch: [47] [ 0/78]  eta: 0:00:19  entropy: 0.0017  uncertainty: 1.2066  uncertainty_coeffi: 0.0100  loss: 0.0132  lr: 0.000051  time: 0.2528  data: 0.1732  max mem: 2671
      TTA Epoch: [47] [77/78]  eta: 0:00:00  entropy: 0.0297  uncertainty: 1.2715  uncertainty_coeffi: 0.0100  loss: 0.0356  lr: 0.000047  time: 0.0734  data: 0.0000  max mem: 2671
      TTA Epoch: [47] Total time: 0:00:05 (0.0752 s / it)
     Averaged stats: entropy: 0.0050  uncertainty: 1.2537  uncertainty_coeffi: 0.0100  loss: 0.0161  lr: 0.0000
     itm tta time 0:00:05
      TTA Epoch: [48] [ 0/78]  eta: 0:00:18  entropy: 0.0000  uncertainty: 1.2283  uncertainty_coeffi: 0.0100  loss: 0.0123  lr: 0.000047  time: 0.2341  data: 0.1745  max mem: 2671
      TTA Epoch: [48] [77/78]  eta: 0:00:00  entropy: 0.0000  uncertainty: 1.2264  uncertainty_coeffi: 0.0100  loss: 0.0123  lr: 0.000043  time: 0.0726  data: 0.0000  max mem: 2671
      TTA Epoch: [48] Total time: 0:00:05 (0.0752 s / it)
     Averaged stats: entropy: 0.0067  uncertainty: 1.2549  uncertainty_coeffi: 0.0100  loss: 0.0175  lr: 0.0000
     itm tta time 0:00:05
      TTA Epoch: [49] [ 0/78]  eta: 0:00:20  entropy: 0.0000  uncertainty: 1.2339  uncertainty_coeffi: 0.0100  loss: 0.0123  lr: 0.000043  time: 0.2567  data: 0.1788  max mem: 2671
      TTA Epoch: [49] [77/78]  eta: 0:00:00  entropy: 0.0161  uncertainty: 1.2829  uncertainty_coeffi: 0.0100  loss: 0.0287  lr: 0.000040  time: 0.0734  data: 0.0000  max mem: 2671
      TTA Epoch: [49] Total time: 0:00:05 (0.0757 s / it)
     Averaged stats: entropy: 0.0046  uncertainty: 1.2533  uncertainty_coeffi: 0.0100  loss: 0.0160  lr: 0.0000
     itm tta time 0:00:05
     Computing matching score
      Evaluation: [   0/1978]  eta: 0:02:01    time: 0.0616  data: 0.0009  max mem: 2671
      Evaluation: [ 100/1978]  eta: 0:02:30    time: 0.0803  data: 0.0000  max mem: 2671
      Evaluation: [ 200/1978]  eta: 0:02:22    time: 0.0804  data: 0.0000  max mem: 2671
      Evaluation: [ 300/1978]  eta: 0:02:14    time: 0.0803  data: 0.0000  max mem: 2671
      Evaluation: [ 400/1978]  eta: 0:02:06    time: 0.0804  data: 0.0000  max mem: 2671
      Evaluation: [ 500/1978]  eta: 0:01:58    time: 0.0804  data: 0.0000  max mem: 2671
      Evaluation: [ 600/1978]  eta: 0:01:50    time: 0.0804  data: 0.0000  max mem: 2671
      Evaluation: [ 700/1978]  eta: 0:01:42    time: 0.0804  data: 0.0000  max mem: 2671
      Evaluation: [ 800/1978]  eta: 0:01:34    time: 0.0805  data: 0.0000  max mem: 2671
      Evaluation: [ 900/1978]  eta: 0:01:26    time: 0.0804  data: 0.0000  max mem: 2671
      Evaluation: [1000/1978]  eta: 0:01:18    time: 0.0805  data: 0.0000  max mem: 2671
      Evaluation: [1100/1978]  eta: 0:01:10    time: 0.0804  data: 0.0000  max mem: 2671
      Evaluation: [1200/1978]  eta: 0:01:02    time: 0.0805  data: 0.0000  max mem: 2671
      Evaluation: [1300/1978]  eta: 0:00:54    time: 0.0806  data: 0.0000  max mem: 2671
      Evaluation: [1400/1978]  eta: 0:00:46    time: 0.0800  data: 0.0000  max mem: 2671
      Evaluation: [1500/1978]  eta: 0:00:38    time: 0.0806  data: 0.0000  max mem: 2671
      Evaluation: [1600/1978]  eta: 0:00:30    time: 0.0800  data: 0.0000  max mem: 2671
      Evaluation: [1700/1978]  eta: 0:00:22    time: 0.0806  data: 0.0000  max mem: 2671
      Evaluation: [1800/1978]  eta: 0:00:14    time: 0.0804  data: 0.0000  max mem: 2671
      Evaluation: [1900/1978]  eta: 0:00:06    time: 0.0803  data: 0.0000  max mem: 2671
      Evaluation: [1977/1978]  eta: 0:00:00    time: 0.0804  data: 0.0000  max mem: 2671
      Evaluation: Total time: 0:02:39 (0.0804 s / it)
     Computing matching score time 0:02:39
### TTA ITM Score: 
+-------------------+--------+--------+--------+--------+--------+
|       epoch       |   R1   |   R5   |  R10   |  mAP   |  mINP  |
+-------------------+--------+--------+--------+--------+--------+
|  cos_sim_wo/norm  | 58.544 | 91.860 | 95.703 | 73.596 | 73.596 |
|        -999       | 69.414 | 95.197 | 97.776 | 81.233 | 81.233 |
| itm_score_wo/norm | 84.328 | 98.989 | 99.494 | 91.293 | 91.293 |
|        -999       | 84.277 | 99.039 | 99.596 | 91.276 | 91.276 |
|         0         | 84.783 | 98.888 | 99.545 | 91.472 | 91.472 |
|         1         | 84.631 | 98.635 | 99.343 | 91.304 | 91.304 |
|         2         | 84.884 | 98.837 | 99.393 | 91.465 | 91.465 |
|         4         | 84.934 | 98.584 | 99.292 | 91.456 | 91.456 |
|         9         | 84.732 | 98.837 | 99.343 | 91.400 | 91.400 |
|         14        | 84.378 | 98.231 | 99.141 | 91.019 | 91.019 |
|         19        | 83.923 | 98.483 | 99.141 | 90.819 | 90.819 |
|         29        | 84.024 | 98.736 | 99.242 | 90.841 | 90.841 |
|         39        | 83.771 | 98.686 | 99.191 | 90.704 | 90.704 |
|         49        | 84.479 | 98.686 | 99.343 | 91.114 | 91.114 |
+-------------------+--------+--------+--------+--------+--------+
     logs:  {'epo': 49, 'R1': np.float32(84.479), 'R5': np.float32(98.686), 'R10': np.float32(99.343), 'mAP': np.float32(91.114), 'mINP': np.float32(91.114), 'entropy': 0.00459, 'uncertainty': 1.253289, 'uncertainty_coeffi': 0.01, 'loss': 0.01597, 'lr': 4.1e-05}
      TTA Epoch: [50] [ 0/78]  eta: 0:00:18  entropy: 0.0028  uncertainty: 1.2332  uncertainty_coeffi: 0.0100  loss: 0.0143  lr: 0.000040  time: 0.2418  data: 0.1746  max mem: 2671
      TTA Epoch: [50] [77/78]  eta: 0:00:00  entropy: 0.0000  uncertainty: 1.2155  uncertainty_coeffi: 0.0100  loss: 0.0122  lr: 0.000036  time: 0.0727  data: 0.0000  max mem: 2671
      TTA Epoch: [50] Total time: 0:00:05 (0.0756 s / it)
     Averaged stats: entropy: 0.0062  uncertainty: 1.2534  uncertainty_coeffi: 0.0100  loss: 0.0173  lr: 0.0000
     itm tta time 0:00:05
      TTA Epoch: [51] [ 0/78]  eta: 0:00:19  entropy: 0.0271  uncertainty: 1.1621  uncertainty_coeffi: 0.0100  loss: 0.0366  lr: 0.000036  time: 0.2524  data: 0.1738  max mem: 2671
      TTA Epoch: [51] [77/78]  eta: 0:00:00  entropy: 0.0012  uncertainty: 1.2913  uncertainty_coeffi: 0.0100  loss: 0.0139  lr: 0.000032  time: 0.0728  data: 0.0000  max mem: 2671
      TTA Epoch: [51] Total time: 0:00:05 (0.0752 s / it)
     Averaged stats: entropy: 0.0056  uncertainty: 1.2549  uncertainty_coeffi: 0.0100  loss: 0.0170  lr: 0.0000
     itm tta time 0:00:05
      TTA Epoch: [52] [ 0/78]  eta: 0:00:21  entropy: 0.0000  uncertainty: 1.2130  uncertainty_coeffi: 0.0100  loss: 0.0121  lr: 0.000032  time: 0.2708  data: 0.1927  max mem: 2671
      TTA Epoch: [52] [77/78]  eta: 0:00:00  entropy: 0.0006  uncertainty: 1.2627  uncertainty_coeffi: 0.0100  loss: 0.0131  lr: 0.000029  time: 0.0734  data: 0.0000  max mem: 2671
      TTA Epoch: [52] Total time: 0:00:05 (0.0757 s / it)
     Averaged stats: entropy: 0.0072  uncertainty: 1.2525  uncertainty_coeffi: 0.0100  loss: 0.0182  lr: 0.0000
     itm tta time 0:00:05
      TTA Epoch: [53] [ 0/78]  eta: 0:00:19  entropy: 0.0091  uncertainty: 1.2718  uncertainty_coeffi: 0.0100  loss: 0.0199  lr: 0.000029  time: 0.2436  data: 0.1818  max mem: 2671
      TTA Epoch: [53] [77/78]  eta: 0:00:00  entropy: 0.0007  uncertainty: 1.4010  uncertainty_coeffi: 0.0100  loss: 0.0145  lr: 0.000025  time: 0.0729  data: 0.0000  max mem: 2671
      TTA Epoch: [53] Total time: 0:00:05 (0.0755 s / it)
     Averaged stats: entropy: 0.0054  uncertainty: 1.2546  uncertainty_coeffi: 0.0100  loss: 0.0168  lr: 0.0000
     itm tta time 0:00:05
      TTA Epoch: [54] [ 0/78]  eta: 0:00:20  entropy: 0.0000  uncertainty: 1.2288  uncertainty_coeffi: 0.0100  loss: 0.0123  lr: 0.000025  time: 0.2580  data: 0.1798  max mem: 2671
      TTA Epoch: [54] [77/78]  eta: 0:00:00  entropy: 0.0000  uncertainty: 1.1951  uncertainty_coeffi: 0.0100  loss: 0.0120  lr: 0.000021  time: 0.0728  data: 0.0000  max mem: 2671
      TTA Epoch: [54] Total time: 0:00:05 (0.0754 s / it)
     Averaged stats: entropy: 0.0054  uncertainty: 1.2543  uncertainty_coeffi: 0.0100  loss: 0.0168  lr: 0.0000
     itm tta time 0:00:05
      TTA Epoch: [55] [ 0/78]  eta: 0:00:19  entropy: 0.0038  uncertainty: 1.2509  uncertainty_coeffi: 0.0100  loss: 0.0150  lr: 0.000021  time: 0.2474  data: 0.1735  max mem: 2671
      TTA Epoch: [55] [77/78]  eta: 0:00:00  entropy: 0.0379  uncertainty: 1.3691  uncertainty_coeffi: 0.0100  loss: 0.0504  lr: 0.000018  time: 0.0730  data: 0.0000  max mem: 2671
      TTA Epoch: [55] Total time: 0:00:05 (0.0757 s / it)
     Averaged stats: entropy: 0.0050  uncertainty: 1.2544  uncertainty_coeffi: 0.0100  loss: 0.0165  lr: 0.0000
     itm tta time 0:00:05
      TTA Epoch: [56] [ 0/78]  eta: 0:00:20  entropy: 0.0001  uncertainty: 1.3358  uncertainty_coeffi: 0.0100  loss: 0.0134  lr: 0.000017  time: 0.2573  data: 0.1797  max mem: 2671
      TTA Epoch: [56] [77/78]  eta: 0:00:00  entropy: 0.0001  uncertainty: 1.2776  uncertainty_coeffi: 0.0100  loss: 0.0129  lr: 0.000014  time: 0.0727  data: 0.0000  max mem: 2671
      TTA Epoch: [56] Total time: 0:00:05 (0.0753 s / it)
     Averaged stats: entropy: 0.0046  uncertainty: 1.2540  uncertainty_coeffi: 0.0100  loss: 0.0161  lr: 0.0000
     itm tta time 0:00:05
      TTA Epoch: [57] [ 0/78]  eta: 0:00:20  entropy: 0.0006  uncertainty: 1.2087  uncertainty_coeffi: 0.0100  loss: 0.0125  lr: 0.000014  time: 0.2686  data: 0.1910  max mem: 2671
      TTA Epoch: [57] [77/78]  eta: 0:00:00  entropy: 0.0000  uncertainty: 1.2084  uncertainty_coeffi: 0.0100  loss: 0.0121  lr: 0.000010  time: 0.0730  data: 0.0000  max mem: 2671
      TTA Epoch: [57] Total time: 0:00:05 (0.0755 s / it)
     Averaged stats: entropy: 0.0052  uncertainty: 1.2544  uncertainty_coeffi: 0.0100  loss: 0.0164  lr: 0.0000
     itm tta time 0:00:05
      TTA Epoch: [58] [ 0/78]  eta: 0:00:19  entropy: 0.0000  uncertainty: 1.2609  uncertainty_coeffi: 0.0100  loss: 0.0126  lr: 0.000010  time: 0.2500  data: 0.1801  max mem: 2671
      TTA Epoch: [58] [77/78]  eta: 0:00:00  entropy: 0.0212  uncertainty: 1.1655  uncertainty_coeffi: 0.0100  loss: 0.0315  lr: 0.000007  time: 0.0731  data: 0.0000  max mem: 2671
      TTA Epoch: [58] Total time: 0:00:05 (0.0757 s / it)
     Averaged stats: entropy: 0.0040  uncertainty: 1.2540  uncertainty_coeffi: 0.0100  loss: 0.0158  lr: 0.0000
     itm tta time 0:00:05
      TTA Epoch: [59] [ 0/78]  eta: 0:00:19  entropy: 0.0057  uncertainty: 1.1956  uncertainty_coeffi: 0.0100  loss: 0.0170  lr: 0.000006  time: 0.2503  data: 0.1713  max mem: 2671
      TTA Epoch: [59] [77/78]  eta: 0:00:00  entropy: 0.0000  uncertainty: 1.2165  uncertainty_coeffi: 0.0100  loss: 0.0122  lr: 0.000003  time: 0.0727  data: 0.0000  max mem: 2671
      TTA Epoch: [59] Total time: 0:00:05 (0.0750 s / it)
     Averaged stats: entropy: 0.0055  uncertainty: 1.2546  uncertainty_coeffi: 0.0100  loss: 0.0166  lr: 0.0000
     itm tta time 0:00:05
     Computing matching score
      Evaluation: [   0/1978]  eta: 0:02:39    time: 0.0808  data: 0.0009  max mem: 2671
      Evaluation: [ 100/1978]  eta: 0:02:30    time: 0.0801  data: 0.0000  max mem: 2671
      Evaluation: [ 200/1978]  eta: 0:02:22    time: 0.0802  data: 0.0000  max mem: 2671
      Evaluation: [ 300/1978]  eta: 0:02:14    time: 0.0802  data: 0.0000  max mem: 2671
      Evaluation: [ 400/1978]  eta: 0:02:06    time: 0.0801  data: 0.0000  max mem: 2671
      Evaluation: [ 500/1978]  eta: 0:01:58    time: 0.0803  data: 0.0000  max mem: 2671
      Evaluation: [ 600/1978]  eta: 0:01:50    time: 0.0802  data: 0.0000  max mem: 2671
      Evaluation: [ 700/1978]  eta: 0:01:42    time: 0.0802  data: 0.0000  max mem: 2671
      Evaluation: [ 800/1978]  eta: 0:01:34    time: 0.0803  data: 0.0000  max mem: 2671
      Evaluation: [ 900/1978]  eta: 0:01:26    time: 0.0804  data: 0.0000  max mem: 2671
      Evaluation: [1000/1978]  eta: 0:01:18    time: 0.0803  data: 0.0000  max mem: 2671
      Evaluation: [1100/1978]  eta: 0:01:10    time: 0.0803  data: 0.0000  max mem: 2671
      Evaluation: [1200/1978]  eta: 0:01:02    time: 0.0803  data: 0.0000  max mem: 2671
      Evaluation: [1300/1978]  eta: 0:00:54    time: 0.0803  data: 0.0000  max mem: 2671
      Evaluation: [1400/1978]  eta: 0:00:46    time: 0.0803  data: 0.0000  max mem: 2671
      Evaluation: [1500/1978]  eta: 0:00:38    time: 0.0803  data: 0.0000  max mem: 2671
      Evaluation: [1600/1978]  eta: 0:00:30    time: 0.0804  data: 0.0000  max mem: 2671
      Evaluation: [1700/1978]  eta: 0:00:22    time: 0.0805  data: 0.0000  max mem: 2671
      Evaluation: [1800/1978]  eta: 0:00:14    time: 0.0804  data: 0.0000  max mem: 2671
      Evaluation: [1900/1978]  eta: 0:00:06    time: 0.0805  data: 0.0000  max mem: 2671
      Evaluation: [1977/1978]  eta: 0:00:00    time: 0.0806  data: 0.0000  max mem: 2671
      Evaluation: Total time: 0:02:38 (0.0803 s / it)
     Computing matching score time 0:02:39
### TTA ITM Score: 
+-------------------+--------+--------+--------+--------+--------+
|       epoch       |   R1   |   R5   |  R10   |  mAP   |  mINP  |
+-------------------+--------+--------+--------+--------+--------+
|  cos_sim_wo/norm  | 58.544 | 91.860 | 95.703 | 73.596 | 73.596 |
|        -999       | 69.414 | 95.197 | 97.776 | 81.233 | 81.233 |
| itm_score_wo/norm | 84.328 | 98.989 | 99.494 | 91.293 | 91.293 |
|        -999       | 84.277 | 99.039 | 99.596 | 91.276 | 91.276 |
|         0         | 84.783 | 98.888 | 99.545 | 91.472 | 91.472 |
|         1         | 84.631 | 98.635 | 99.343 | 91.304 | 91.304 |
|         2         | 84.884 | 98.837 | 99.393 | 91.465 | 91.465 |
|         4         | 84.934 | 98.584 | 99.292 | 91.456 | 91.456 |
|         9         | 84.732 | 98.837 | 99.343 | 91.400 | 91.400 |
|         14        | 84.378 | 98.231 | 99.141 | 91.019 | 91.019 |
|         19        | 83.923 | 98.483 | 99.141 | 90.819 | 90.819 |
|         29        | 84.024 | 98.736 | 99.242 | 90.841 | 90.841 |
|         39        | 83.771 | 98.686 | 99.191 | 90.704 | 90.704 |
|         49        | 84.479 | 98.686 | 99.343 | 91.114 | 91.114 |
|         59        | 84.378 | 98.736 | 99.292 | 91.056 | 91.056 |
+-------------------+--------+--------+--------+--------+--------+
     logs:  {'epo': 59, 'R1': np.float32(84.378), 'R5': np.float32(98.736), 'R10': np.float32(99.292), 'mAP': np.float32(91.056), 'mINP': np.float32(91.056), 'entropy': 0.005471, 'uncertainty': 1.254558, 'uncertainty_coeffi': 0.01, 'loss': 0.016616, 'lr': 5e-06}
### best epoch: 4
### Time 0:35:11
NNODES,  1
NODE_RANK,  0
MASTER_ADDR,  127.0.0.1
MASTER_PORT,  1612
NPROC_PER_NODE,  2
task:  exp7
config:  configs_rerun3/exp7.yaml
output_dir:  output_rerun3/exp7/2025092014050
python3 tta.py --config configs_rerun3/exp7.yaml --task exp7 --output_dir output_rerun3/exp7/2025092014050 --checkpoint checkpoint/cmp.pth --bs 0 --epo 0 --lr 0.0 --seed 42 --tta
