/home/jiahao/miniconda3/envs/cmp/lib/python3.10/site-packages/torch/functional.py:554: UserWarning: torch.meshgrid: in an upcoming release, it will be required to pass the indexing argument. (Triggered internally at /pytorch/aten/src/ATen/native/TensorShape.cpp:4322.)
  return _VF.meshgrid(tensors, **kwargs)  # type: ignore[attr-defined]
Not using distributed mode
### Hyper-parameters:
     seed: 42
     device: cuda
     output_dir: output_rerun3/exp7.1.4/2025092108023
     batch_size_tta: 32
     epochs: 60
     lr: 1e-05
### Creating test dataset
from data/PAB/annotation/test/attr.json loading 1978 data
     test dataset -->    be_pose_img: True
     test_dataset: 1978
### Creating test dataloader
### be careful: func create_loader returns a list length of 1
     test_loader: 90
### Creating model
build_vision_encoder: load swin 224 x 224 ====>
missing_keys:  []
unexpected_keys:  ['head.weight', 'head.bias']
build_text_encoder: load bert ====>
missing_keys: ['bert.encoder.layer.10.crossattention.output.LayerNorm.bias', 'bert.encoder.layer.10.crossattention.output.LayerNorm.weight', 'bert.encoder.layer.10.crossattention.output.dense.bias', 'bert.encoder.layer.10.crossattention.output.dense.weight', 'bert.encoder.layer.10.crossattention.self.key.bias', 'bert.encoder.layer.10.crossattention.self.key.weight', 'bert.encoder.layer.10.crossattention.self.query.bias', 'bert.encoder.layer.10.crossattention.self.query.weight', 'bert.encoder.layer.10.crossattention.self.value.bias', 'bert.encoder.layer.10.crossattention.self.value.weight', 'bert.encoder.layer.11.crossattention.output.LayerNorm.bias', 'bert.encoder.layer.11.crossattention.output.LayerNorm.weight', 'bert.encoder.layer.11.crossattention.output.dense.bias', 'bert.encoder.layer.11.crossattention.output.dense.weight', 'bert.encoder.layer.11.crossattention.self.key.bias', 'bert.encoder.layer.11.crossattention.self.key.weight', 'bert.encoder.layer.11.crossattention.self.query.bias', 'bert.encoder.layer.11.crossattention.self.query.weight', 'bert.encoder.layer.11.crossattention.self.value.bias', 'bert.encoder.layer.11.crossattention.self.value.weight', 'bert.encoder.layer.6.crossattention.output.LayerNorm.bias', 'bert.encoder.layer.6.crossattention.output.LayerNorm.weight', 'bert.encoder.layer.6.crossattention.output.dense.bias', 'bert.encoder.layer.6.crossattention.output.dense.weight', 'bert.encoder.layer.6.crossattention.self.key.bias', 'bert.encoder.layer.6.crossattention.self.key.weight', 'bert.encoder.layer.6.crossattention.self.query.bias', 'bert.encoder.layer.6.crossattention.self.query.weight', 'bert.encoder.layer.6.crossattention.self.value.bias', 'bert.encoder.layer.6.crossattention.self.value.weight', 'bert.encoder.layer.7.crossattention.output.LayerNorm.bias', 'bert.encoder.layer.7.crossattention.output.LayerNorm.weight', 'bert.encoder.layer.7.crossattention.output.dense.bias', 'bert.encoder.layer.7.crossattention.output.dense.weight', 'bert.encoder.layer.7.crossattention.self.key.bias', 'bert.encoder.layer.7.crossattention.self.key.weight', 'bert.encoder.layer.7.crossattention.self.query.bias', 'bert.encoder.layer.7.crossattention.self.query.weight', 'bert.encoder.layer.7.crossattention.self.value.bias', 'bert.encoder.layer.7.crossattention.self.value.weight', 'bert.encoder.layer.8.crossattention.output.LayerNorm.bias', 'bert.encoder.layer.8.crossattention.output.LayerNorm.weight', 'bert.encoder.layer.8.crossattention.output.dense.bias', 'bert.encoder.layer.8.crossattention.output.dense.weight', 'bert.encoder.layer.8.crossattention.self.key.bias', 'bert.encoder.layer.8.crossattention.self.key.weight', 'bert.encoder.layer.8.crossattention.self.query.bias', 'bert.encoder.layer.8.crossattention.self.query.weight', 'bert.encoder.layer.8.crossattention.self.value.bias', 'bert.encoder.layer.8.crossattention.self.value.weight', 'bert.encoder.layer.9.crossattention.output.LayerNorm.bias', 'bert.encoder.layer.9.crossattention.output.LayerNorm.weight', 'bert.encoder.layer.9.crossattention.output.dense.bias', 'bert.encoder.layer.9.crossattention.output.dense.weight', 'bert.encoder.layer.9.crossattention.self.key.bias', 'bert.encoder.layer.9.crossattention.self.key.weight', 'bert.encoder.layer.9.crossattention.self.query.bias', 'bert.encoder.layer.9.crossattention.self.query.weight', 'bert.encoder.layer.9.crossattention.self.value.bias', 'bert.encoder.layer.9.crossattention.self.value.weight']
unexpected_keys: ['cls.seq_relationship.bias', 'cls.seq_relationship.weight']
mismatched_keys: []
error_msgs: []
Label Smooth: 0.2
pose_conv
load checkpoint from checkpoint/cmp.pth
missing_keys:  ['uncertainty_temper', 'prompt_learning_embedding']
unexpected_keys:  []
     Total Params Sum:  254264985
### Inference ITC similiarity matrix
### Zero-Shot Score: 
+-------------------+--------+--------+--------+--------+--------+
|       epoch       |   R1   |   R5   |  R10   |  mAP   |  mINP  |
+-------------------+--------+--------+--------+--------+--------+
|  cos_sim_wo/norm  | 58.544 | 91.860 | 95.703 | 73.596 | 73.596 |
|        -999       | 69.414 | 95.197 | 97.776 | 81.233 | 81.233 |
| itm_score_wo/norm | 84.328 | 98.989 | 99.494 | 91.293 | 91.293 |
|        -999       | 84.277 | 99.039 | 99.596 | 91.276 | 91.276 |
+-------------------+--------+--------+--------+--------+--------+
### TTA:
     preprocess_tta_coefficients  start
     sample selection ...
     number of sample after sample_selection: 1257
     uncertainty ...
     preprocess_tta_coefficients  end
### Creating tta dataset
     tta_dataset: 1257
### Creating tta dataloader
### be careful: func create_loader returns a list length of 1
     tta_loader: 39
### Configure adapted weights
     TTA Dropout Modules: 
 [('vision_encoder.pos_drop', Dropout(p=0, inplace=False), True), ('vision_encoder.layers.0.blocks.0.attn.attn_drop', Dropout(p=0.0, inplace=False), True), ('vision_encoder.layers.0.blocks.0.attn.proj_drop', Dropout(p=0, inplace=False), True), ('vision_encoder.layers.0.blocks.0.mlp.drop', Dropout(p=0, inplace=False), True), ('vision_encoder.layers.0.blocks.1.attn.attn_drop', Dropout(p=0.0, inplace=False), True), ('vision_encoder.layers.0.blocks.1.attn.proj_drop', Dropout(p=0, inplace=False), True), ('vision_encoder.layers.0.blocks.1.mlp.drop', Dropout(p=0, inplace=False), True), ('vision_encoder.layers.1.blocks.0.attn.attn_drop', Dropout(p=0.0, inplace=False), True), ('vision_encoder.layers.1.blocks.0.attn.proj_drop', Dropout(p=0, inplace=False), True), ('vision_encoder.layers.1.blocks.0.mlp.drop', Dropout(p=0, inplace=False), True), ('vision_encoder.layers.1.blocks.1.attn.attn_drop', Dropout(p=0.0, inplace=False), True), ('vision_encoder.layers.1.blocks.1.attn.proj_drop', Dropout(p=0, inplace=False), True), ('vision_encoder.layers.1.blocks.1.mlp.drop', Dropout(p=0, inplace=False), True), ('vision_encoder.layers.2.blocks.0.attn.attn_drop', Dropout(p=0.0, inplace=False), True), ('vision_encoder.layers.2.blocks.0.attn.proj_drop', Dropout(p=0, inplace=False), True), ('vision_encoder.layers.2.blocks.0.mlp.drop', Dropout(p=0, inplace=False), True), ('vision_encoder.layers.2.blocks.1.attn.attn_drop', Dropout(p=0.0, inplace=False), True), ('vision_encoder.layers.2.blocks.1.attn.proj_drop', Dropout(p=0, inplace=False), True), ('vision_encoder.layers.2.blocks.1.mlp.drop', Dropout(p=0, inplace=False), True), ('vision_encoder.layers.2.blocks.2.attn.attn_drop', Dropout(p=0.0, inplace=False), True), ('vision_encoder.layers.2.blocks.2.attn.proj_drop', Dropout(p=0, inplace=False), True), ('vision_encoder.layers.2.blocks.2.mlp.drop', Dropout(p=0, inplace=False), True), ('vision_encoder.layers.2.blocks.3.attn.attn_drop', Dropout(p=0.0, inplace=False), True), ('vision_encoder.layers.2.blocks.3.attn.proj_drop', Dropout(p=0, inplace=False), True), ('vision_encoder.layers.2.blocks.3.mlp.drop', Dropout(p=0, inplace=False), True), ('vision_encoder.layers.2.blocks.4.attn.attn_drop', Dropout(p=0.0, inplace=False), True), ('vision_encoder.layers.2.blocks.4.attn.proj_drop', Dropout(p=0, inplace=False), True), ('vision_encoder.layers.2.blocks.4.mlp.drop', Dropout(p=0, inplace=False), True), ('vision_encoder.layers.2.blocks.5.attn.attn_drop', Dropout(p=0.0, inplace=False), True), ('vision_encoder.layers.2.blocks.5.attn.proj_drop', Dropout(p=0, inplace=False), True), ('vision_encoder.layers.2.blocks.5.mlp.drop', Dropout(p=0, inplace=False), True), ('vision_encoder.layers.2.blocks.6.attn.attn_drop', Dropout(p=0.0, inplace=False), True), ('vision_encoder.layers.2.blocks.6.attn.proj_drop', Dropout(p=0, inplace=False), True), ('vision_encoder.layers.2.blocks.6.mlp.drop', Dropout(p=0, inplace=False), True), ('vision_encoder.layers.2.blocks.7.attn.attn_drop', Dropout(p=0.0, inplace=False), True), ('vision_encoder.layers.2.blocks.7.attn.proj_drop', Dropout(p=0, inplace=False), True), ('vision_encoder.layers.2.blocks.7.mlp.drop', Dropout(p=0, inplace=False), True), ('vision_encoder.layers.2.blocks.8.attn.attn_drop', Dropout(p=0.0, inplace=False), True), ('vision_encoder.layers.2.blocks.8.attn.proj_drop', Dropout(p=0, inplace=False), True), ('vision_encoder.layers.2.blocks.8.mlp.drop', Dropout(p=0, inplace=False), True), ('vision_encoder.layers.2.blocks.9.attn.attn_drop', Dropout(p=0.0, inplace=False), True), ('vision_encoder.layers.2.blocks.9.attn.proj_drop', Dropout(p=0, inplace=False), True), ('vision_encoder.layers.2.blocks.9.mlp.drop', Dropout(p=0, inplace=False), True), ('vision_encoder.layers.2.blocks.10.attn.attn_drop', Dropout(p=0.0, inplace=False), True), ('vision_encoder.layers.2.blocks.10.attn.proj_drop', Dropout(p=0, inplace=False), True), ('vision_encoder.layers.2.blocks.10.mlp.drop', Dropout(p=0, inplace=False), True), ('vision_encoder.layers.2.blocks.11.attn.attn_drop', Dropout(p=0.0, inplace=False), True), ('vision_encoder.layers.2.blocks.11.attn.proj_drop', Dropout(p=0, inplace=False), True), ('vision_encoder.layers.2.blocks.11.mlp.drop', Dropout(p=0, inplace=False), True), ('vision_encoder.layers.2.blocks.12.attn.attn_drop', Dropout(p=0.0, inplace=False), True), ('vision_encoder.layers.2.blocks.12.attn.proj_drop', Dropout(p=0, inplace=False), True), ('vision_encoder.layers.2.blocks.12.mlp.drop', Dropout(p=0, inplace=False), True), ('vision_encoder.layers.2.blocks.13.attn.attn_drop', Dropout(p=0.0, inplace=False), True), ('vision_encoder.layers.2.blocks.13.attn.proj_drop', Dropout(p=0, inplace=False), True), ('vision_encoder.layers.2.blocks.13.mlp.drop', Dropout(p=0, inplace=False), True), ('vision_encoder.layers.2.blocks.14.attn.attn_drop', Dropout(p=0.0, inplace=False), True), ('vision_encoder.layers.2.blocks.14.attn.proj_drop', Dropout(p=0, inplace=False), True), ('vision_encoder.layers.2.blocks.14.mlp.drop', Dropout(p=0, inplace=False), True), ('vision_encoder.layers.2.blocks.15.attn.attn_drop', Dropout(p=0.0, inplace=False), True), ('vision_encoder.layers.2.blocks.15.attn.proj_drop', Dropout(p=0, inplace=False), True), ('vision_encoder.layers.2.blocks.15.mlp.drop', Dropout(p=0, inplace=False), True), ('vision_encoder.layers.2.blocks.16.attn.attn_drop', Dropout(p=0.0, inplace=False), True), ('vision_encoder.layers.2.blocks.16.attn.proj_drop', Dropout(p=0, inplace=False), True), ('vision_encoder.layers.2.blocks.16.mlp.drop', Dropout(p=0, inplace=False), True), ('vision_encoder.layers.2.blocks.17.attn.attn_drop', Dropout(p=0.0, inplace=False), True), ('vision_encoder.layers.2.blocks.17.attn.proj_drop', Dropout(p=0, inplace=False), True), ('vision_encoder.layers.2.blocks.17.mlp.drop', Dropout(p=0, inplace=False), True), ('vision_encoder.layers.3.blocks.0.attn.attn_drop', Dropout(p=0.0, inplace=False), True), ('vision_encoder.layers.3.blocks.0.attn.proj_drop', Dropout(p=0, inplace=False), True), ('vision_encoder.layers.3.blocks.0.mlp.drop', Dropout(p=0, inplace=False), True), ('vision_encoder.layers.3.blocks.1.attn.attn_drop', Dropout(p=0.0, inplace=False), True), ('vision_encoder.layers.3.blocks.1.attn.proj_drop', Dropout(p=0, inplace=False), True), ('vision_encoder.layers.3.blocks.1.mlp.drop', Dropout(p=0, inplace=False), True), ('text_encoder.bert.embeddings.dropout', Dropout(p=0.1, inplace=False), True), ('text_encoder.bert.encoder.layer.0.attention.self.dropout', Dropout(p=0.1, inplace=False), True), ('text_encoder.bert.encoder.layer.0.attention.output.dropout', Dropout(p=0.1, inplace=False), True), ('text_encoder.bert.encoder.layer.0.output.dropout', Dropout(p=0.1, inplace=False), True), ('text_encoder.bert.encoder.layer.1.attention.self.dropout', Dropout(p=0.1, inplace=False), True), ('text_encoder.bert.encoder.layer.1.attention.output.dropout', Dropout(p=0.1, inplace=False), True), ('text_encoder.bert.encoder.layer.1.output.dropout', Dropout(p=0.1, inplace=False), True), ('text_encoder.bert.encoder.layer.2.attention.self.dropout', Dropout(p=0.1, inplace=False), True), ('text_encoder.bert.encoder.layer.2.attention.output.dropout', Dropout(p=0.1, inplace=False), True), ('text_encoder.bert.encoder.layer.2.output.dropout', Dropout(p=0.1, inplace=False), True), ('text_encoder.bert.encoder.layer.3.attention.self.dropout', Dropout(p=0.1, inplace=False), True), ('text_encoder.bert.encoder.layer.3.attention.output.dropout', Dropout(p=0.1, inplace=False), True), ('text_encoder.bert.encoder.layer.3.output.dropout', Dropout(p=0.1, inplace=False), True), ('text_encoder.bert.encoder.layer.4.attention.self.dropout', Dropout(p=0.1, inplace=False), True), ('text_encoder.bert.encoder.layer.4.attention.output.dropout', Dropout(p=0.1, inplace=False), True), ('text_encoder.bert.encoder.layer.4.output.dropout', Dropout(p=0.1, inplace=False), True), ('text_encoder.bert.encoder.layer.5.attention.self.dropout', Dropout(p=0.1, inplace=False), True), ('text_encoder.bert.encoder.layer.5.attention.output.dropout', Dropout(p=0.1, inplace=False), True), ('text_encoder.bert.encoder.layer.5.output.dropout', Dropout(p=0.1, inplace=False), True), ('text_encoder.bert.encoder.layer.6.attention.self.dropout', Dropout(p=0.1, inplace=False), True), ('text_encoder.bert.encoder.layer.6.attention.output.dropout', Dropout(p=0.1, inplace=False), True), ('text_encoder.bert.encoder.layer.6.crossattention.self.dropout', Dropout(p=0.1, inplace=False), True), ('text_encoder.bert.encoder.layer.6.crossattention.output.dropout', Dropout(p=0.1, inplace=False), True), ('text_encoder.bert.encoder.layer.6.output.dropout', Dropout(p=0.1, inplace=False), True), ('text_encoder.bert.encoder.layer.7.attention.self.dropout', Dropout(p=0.1, inplace=False), True), ('text_encoder.bert.encoder.layer.7.attention.output.dropout', Dropout(p=0.1, inplace=False), True), ('text_encoder.bert.encoder.layer.7.crossattention.self.dropout', Dropout(p=0.1, inplace=False), True), ('text_encoder.bert.encoder.layer.7.crossattention.output.dropout', Dropout(p=0.1, inplace=False), True), ('text_encoder.bert.encoder.layer.7.output.dropout', Dropout(p=0.1, inplace=False), True), ('text_encoder.bert.encoder.layer.8.attention.self.dropout', Dropout(p=0.1, inplace=False), True), ('text_encoder.bert.encoder.layer.8.attention.output.dropout', Dropout(p=0.1, inplace=False), True), ('text_encoder.bert.encoder.layer.8.crossattention.self.dropout', Dropout(p=0.1, inplace=False), True), ('text_encoder.bert.encoder.layer.8.crossattention.output.dropout', Dropout(p=0.1, inplace=False), True), ('text_encoder.bert.encoder.layer.8.output.dropout', Dropout(p=0.1, inplace=False), True), ('text_encoder.bert.encoder.layer.9.attention.self.dropout', Dropout(p=0.1, inplace=False), True), ('text_encoder.bert.encoder.layer.9.attention.output.dropout', Dropout(p=0.1, inplace=False), True), ('text_encoder.bert.encoder.layer.9.crossattention.self.dropout', Dropout(p=0.1, inplace=False), True), ('text_encoder.bert.encoder.layer.9.crossattention.output.dropout', Dropout(p=0.1, inplace=False), True), ('text_encoder.bert.encoder.layer.9.output.dropout', Dropout(p=0.1, inplace=False), True), ('text_encoder.bert.encoder.layer.10.attention.self.dropout', Dropout(p=0.1, inplace=False), True), ('text_encoder.bert.encoder.layer.10.attention.output.dropout', Dropout(p=0.1, inplace=False), True), ('text_encoder.bert.encoder.layer.10.crossattention.self.dropout', Dropout(p=0.1, inplace=False), True), ('text_encoder.bert.encoder.layer.10.crossattention.output.dropout', Dropout(p=0.1, inplace=False), True), ('text_encoder.bert.encoder.layer.10.output.dropout', Dropout(p=0.1, inplace=False), True), ('text_encoder.bert.encoder.layer.11.attention.self.dropout', Dropout(p=0.1, inplace=False), True), ('text_encoder.bert.encoder.layer.11.attention.output.dropout', Dropout(p=0.1, inplace=False), True), ('text_encoder.bert.encoder.layer.11.crossattention.self.dropout', Dropout(p=0.1, inplace=False), True), ('text_encoder.bert.encoder.layer.11.crossattention.output.dropout', Dropout(p=0.1, inplace=False), True), ('text_encoder.bert.encoder.layer.11.output.dropout', Dropout(p=0.1, inplace=False), True), ('vision_proj.1', Dropout(p=0.5, inplace=False), True), ('text_proj.1', Dropout(p=0.5, inplace=False), True), ('pose_block.attn.attn_drop', Dropout(p=0.0, inplace=False), True), ('pose_block.attn.proj_drop', Dropout(p=0.0, inplace=False), True)]
     TTA Require Gradient Params: 
 [('text_encoder.bert.embeddings.LayerNorm.weight', torch.Size([768])), ('text_encoder.bert.embeddings.LayerNorm.bias', torch.Size([768])), ('text_encoder.bert.encoder.layer.6.attention.output.LayerNorm.weight', torch.Size([768])), ('text_encoder.bert.encoder.layer.6.attention.output.LayerNorm.bias', torch.Size([768])), ('text_encoder.bert.encoder.layer.6.crossattention.output.LayerNorm.weight', torch.Size([768])), ('text_encoder.bert.encoder.layer.6.crossattention.output.LayerNorm.bias', torch.Size([768])), ('text_encoder.bert.encoder.layer.6.output.LayerNorm.weight', torch.Size([768])), ('text_encoder.bert.encoder.layer.6.output.LayerNorm.bias', torch.Size([768])), ('text_encoder.bert.encoder.layer.7.attention.output.LayerNorm.weight', torch.Size([768])), ('text_encoder.bert.encoder.layer.7.attention.output.LayerNorm.bias', torch.Size([768])), ('text_encoder.bert.encoder.layer.7.crossattention.output.LayerNorm.weight', torch.Size([768])), ('text_encoder.bert.encoder.layer.7.crossattention.output.LayerNorm.bias', torch.Size([768])), ('text_encoder.bert.encoder.layer.7.output.LayerNorm.weight', torch.Size([768])), ('text_encoder.bert.encoder.layer.7.output.LayerNorm.bias', torch.Size([768])), ('text_encoder.bert.encoder.layer.8.attention.output.LayerNorm.weight', torch.Size([768])), ('text_encoder.bert.encoder.layer.8.attention.output.LayerNorm.bias', torch.Size([768])), ('text_encoder.bert.encoder.layer.8.crossattention.output.LayerNorm.weight', torch.Size([768])), ('text_encoder.bert.encoder.layer.8.crossattention.output.LayerNorm.bias', torch.Size([768])), ('text_encoder.bert.encoder.layer.8.output.LayerNorm.weight', torch.Size([768])), ('text_encoder.bert.encoder.layer.8.output.LayerNorm.bias', torch.Size([768])), ('text_encoder.bert.encoder.layer.9.attention.output.LayerNorm.weight', torch.Size([768])), ('text_encoder.bert.encoder.layer.9.attention.output.LayerNorm.bias', torch.Size([768])), ('text_encoder.bert.encoder.layer.9.crossattention.output.LayerNorm.weight', torch.Size([768])), ('text_encoder.bert.encoder.layer.9.crossattention.output.LayerNorm.bias', torch.Size([768])), ('text_encoder.bert.encoder.layer.9.output.LayerNorm.weight', torch.Size([768])), ('text_encoder.bert.encoder.layer.9.output.LayerNorm.bias', torch.Size([768])), ('text_encoder.bert.encoder.layer.10.attention.output.LayerNorm.weight', torch.Size([768])), ('text_encoder.bert.encoder.layer.10.attention.output.LayerNorm.bias', torch.Size([768])), ('text_encoder.bert.encoder.layer.10.crossattention.output.LayerNorm.weight', torch.Size([768])), ('text_encoder.bert.encoder.layer.10.crossattention.output.LayerNorm.bias', torch.Size([768])), ('text_encoder.bert.encoder.layer.10.output.LayerNorm.weight', torch.Size([768])), ('text_encoder.bert.encoder.layer.10.output.LayerNorm.bias', torch.Size([768])), ('text_encoder.bert.encoder.layer.11.attention.output.LayerNorm.weight', torch.Size([768])), ('text_encoder.bert.encoder.layer.11.attention.output.LayerNorm.bias', torch.Size([768])), ('text_encoder.bert.encoder.layer.11.crossattention.output.LayerNorm.weight', torch.Size([768])), ('text_encoder.bert.encoder.layer.11.crossattention.output.LayerNorm.bias', torch.Size([768])), ('text_encoder.bert.encoder.layer.11.output.LayerNorm.weight', torch.Size([768])), ('text_encoder.bert.encoder.layer.11.output.LayerNorm.bias', torch.Size([768])), ('text_encoder.cls.predictions.transform.LayerNorm.weight', torch.Size([768])), ('text_encoder.cls.predictions.transform.LayerNorm.bias', torch.Size([768])), ('itm_head.1.weight', torch.Size([1536])), ('itm_head.1.bias', torch.Size([1536]))]
     TTA Dropout Modules Number: 
 126
     TTA Require Gradient Params Sum: 
 33792
     lr:  1e-05    lr_mult:  2
     model has 'init_params',  385
     num_tta_steps:  2400
     num_warmup_steps:  500
     sched: step
/home/jiahao/task/CMP/tta.py:246: FutureWarning: `torch.cuda.amp.GradScaler(args...)` is deprecated. Please use `torch.amp.GradScaler('cuda', args...)` instead.
  scaler = GradScaler()  # bf16
### Start ITM Test Time Adaptation
      TTA Epoch: [0] [ 0/39]  eta: 0:00:56  entropy: 0.2513  uncertainty: 1.2632  uncertainty_coeffi: 0.0100  loss: 1.4586  lr: 0.000000  time: 1.4502  data: 0.5431  max mem: 2639
      TTA Epoch: [0] [38/39]  eta: 0:00:00  entropy: 0.2718  uncertainty: 1.3455  uncertainty_coeffi: 0.0100  loss: 1.5363  lr: 0.000001  time: 0.0607  data: 0.0001  max mem: 2671
      TTA Epoch: [0] Total time: 0:00:03 (0.0967 s / it)
     Averaged stats: entropy: 0.3028  uncertainty: 1.2550  uncertainty_coeffi: 0.0100  loss: 1.4958  lr: 0.0000
     itm tta time 0:00:03
     Computing matching score
      Evaluation: [   0/1978]  eta: 0:04:47    time: 0.1455  data: 0.0062  max mem: 2671
      Evaluation: [ 100/1978]  eta: 0:02:13    time: 0.0682  data: 0.0000  max mem: 2671
      Evaluation: [ 200/1978]  eta: 0:02:03    time: 0.0688  data: 0.0000  max mem: 2671
      Evaluation: [ 300/1978]  eta: 0:01:57    time: 0.0698  data: 0.0000  max mem: 2671
      Evaluation: [ 400/1978]  eta: 0:01:50    time: 0.0696  data: 0.0000  max mem: 2671
      Evaluation: [ 500/1978]  eta: 0:01:43    time: 0.0696  data: 0.0000  max mem: 2671
      Evaluation: [ 600/1978]  eta: 0:01:36    time: 0.0696  data: 0.0000  max mem: 2671
      Evaluation: [ 700/1978]  eta: 0:01:29    time: 0.0697  data: 0.0000  max mem: 2671
      Evaluation: [ 800/1978]  eta: 0:01:22    time: 0.0695  data: 0.0000  max mem: 2671
      Evaluation: [ 900/1978]  eta: 0:01:15    time: 0.0696  data: 0.0000  max mem: 2671
      Evaluation: [1000/1978]  eta: 0:01:08    time: 0.0695  data: 0.0000  max mem: 2671
      Evaluation: [1100/1978]  eta: 0:01:01    time: 0.0694  data: 0.0000  max mem: 2671
      Evaluation: [1200/1978]  eta: 0:00:54    time: 0.0695  data: 0.0000  max mem: 2671
      Evaluation: [1300/1978]  eta: 0:00:47    time: 0.0696  data: 0.0000  max mem: 2671
      Evaluation: [1400/1978]  eta: 0:00:40    time: 0.0690  data: 0.0000  max mem: 2671
      Evaluation: [1500/1978]  eta: 0:00:33    time: 0.0680  data: 0.0000  max mem: 2671
      Evaluation: [1600/1978]  eta: 0:00:26    time: 0.0681  data: 0.0000  max mem: 2671
      Evaluation: [1700/1978]  eta: 0:00:19    time: 0.0690  data: 0.0000  max mem: 2671
      Evaluation: [1800/1978]  eta: 0:00:12    time: 0.0686  data: 0.0000  max mem: 2671
      Evaluation: [1900/1978]  eta: 0:00:05    time: 0.0686  data: 0.0000  max mem: 2671
      Evaluation: [1977/1978]  eta: 0:00:00    time: 0.0686  data: 0.0000  max mem: 2671
      Evaluation: Total time: 0:02:16 (0.0693 s / it)
     Computing matching score time 0:02:17
### TTA ITM Score: 
+-------------------+--------+--------+--------+--------+--------+
|       epoch       |   R1   |   R5   |  R10   |  mAP   |  mINP  |
+-------------------+--------+--------+--------+--------+--------+
|  cos_sim_wo/norm  | 58.544 | 91.860 | 95.703 | 73.596 | 73.596 |
|        -999       | 69.414 | 95.197 | 97.776 | 81.233 | 81.233 |
| itm_score_wo/norm | 84.328 | 98.989 | 99.494 | 91.293 | 91.293 |
|        -999       | 84.277 | 99.039 | 99.596 | 91.276 | 91.276 |
|         0         | 84.328 | 99.039 | 99.596 | 91.301 | 91.301 |
+-------------------+--------+--------+--------+--------+--------+
     logs:  {'epo': 0, 'R1': 84.328, 'R5': 99.039, 'R10': 99.596, 'mAP': 91.301, 'mINP': 91.301, 'entropy': 0.30279, 'uncertainty': 1.25496, 'uncertainty_coeffi': 0.01, 'loss': 1.49581, 'lr': 0.0}
      TTA Epoch: [1] [ 0/39]  eta: 0:00:16  entropy: 0.2784  uncertainty: 1.2838  uncertainty_coeffi: 0.0100  loss: 1.5052  lr: 0.000001  time: 0.4272  data: 0.3558  max mem: 2671
      TTA Epoch: [1] [38/39]  eta: 0:00:00  entropy: 0.2511  uncertainty: 1.2886  uncertainty_coeffi: 0.0100  loss: 1.4904  lr: 0.000002  time: 0.0601  data: 0.0001  max mem: 2671
      TTA Epoch: [1] Total time: 0:00:02 (0.0698 s / it)
     Averaged stats: entropy: 0.2995  uncertainty: 1.2548  uncertainty_coeffi: 0.0100  loss: 1.4935  lr: 0.0000
     itm tta time 0:00:02
     Computing matching score
      Evaluation: [   0/1978]  eta: 0:02:28    time: 0.0750  data: 0.0063  max mem: 2671
      Evaluation: [ 100/1978]  eta: 0:02:07    time: 0.0678  data: 0.0000  max mem: 2671
      Evaluation: [ 200/1978]  eta: 0:02:00    time: 0.0682  data: 0.0000  max mem: 2671
      Evaluation: [ 300/1978]  eta: 0:01:54    time: 0.0688  data: 0.0000  max mem: 2671
      Evaluation: [ 400/1978]  eta: 0:01:47    time: 0.0696  data: 0.0000  max mem: 2671
      Evaluation: [ 500/1978]  eta: 0:01:41    time: 0.0691  data: 0.0000  max mem: 2671
      Evaluation: [ 600/1978]  eta: 0:01:34    time: 0.0690  data: 0.0000  max mem: 2671
      Evaluation: [ 700/1978]  eta: 0:01:27    time: 0.0690  data: 0.0000  max mem: 2671
      Evaluation: [ 800/1978]  eta: 0:01:20    time: 0.0691  data: 0.0000  max mem: 2671
      Evaluation: [ 900/1978]  eta: 0:01:14    time: 0.0690  data: 0.0000  max mem: 2671
      Evaluation: [1000/1978]  eta: 0:01:07    time: 0.0690  data: 0.0000  max mem: 2671
      Evaluation: [1100/1978]  eta: 0:01:00    time: 0.0690  data: 0.0000  max mem: 2671
      Evaluation: [1200/1978]  eta: 0:00:53    time: 0.0690  data: 0.0000  max mem: 2671
      Evaluation: [1300/1978]  eta: 0:00:46    time: 0.0681  data: 0.0000  max mem: 2671
      Evaluation: [1400/1978]  eta: 0:00:39    time: 0.0677  data: 0.0000  max mem: 2671
      Evaluation: [1500/1978]  eta: 0:00:32    time: 0.0676  data: 0.0000  max mem: 2671
      Evaluation: [1600/1978]  eta: 0:00:25    time: 0.0676  data: 0.0000  max mem: 2671
      Evaluation: [1700/1978]  eta: 0:00:19    time: 0.0676  data: 0.0000  max mem: 2671
      Evaluation: [1800/1978]  eta: 0:00:12    time: 0.0677  data: 0.0000  max mem: 2671
      Evaluation: [1900/1978]  eta: 0:00:05    time: 0.0689  data: 0.0000  max mem: 2671
      Evaluation: [1977/1978]  eta: 0:00:00    time: 0.0691  data: 0.0000  max mem: 2671
      Evaluation: Total time: 0:02:15 (0.0685 s / it)
     Computing matching score time 0:02:15
### TTA ITM Score: 
+-------------------+--------+--------+--------+--------+--------+
|       epoch       |   R1   |   R5   |  R10   |  mAP   |  mINP  |
+-------------------+--------+--------+--------+--------+--------+
|  cos_sim_wo/norm  | 58.544 | 91.860 | 95.703 | 73.596 | 73.596 |
|        -999       | 69.414 | 95.197 | 97.776 | 81.233 | 81.233 |
| itm_score_wo/norm | 84.328 | 98.989 | 99.494 | 91.293 | 91.293 |
|        -999       | 84.277 | 99.039 | 99.596 | 91.276 | 91.276 |
|         0         | 84.328 | 99.039 | 99.596 | 91.301 | 91.301 |
|         1         | 84.277 | 99.039 | 99.596 | 91.276 | 91.276 |
+-------------------+--------+--------+--------+--------+--------+
     logs:  {'epo': 1, 'R1': 84.277, 'R5': 99.039, 'R10': 99.596, 'mAP': 91.276, 'mINP': 91.276, 'entropy': 0.299491, 'uncertainty': 1.254798, 'uncertainty_coeffi': 0.01, 'loss': 1.493539, 'lr': 1e-06}
      TTA Epoch: [2] [ 0/39]  eta: 0:00:17  entropy: 0.2817  uncertainty: 1.1603  uncertainty_coeffi: 0.0100  loss: 1.3933  lr: 0.000002  time: 0.4476  data: 0.3449  max mem: 2671
      TTA Epoch: [2] [38/39]  eta: 0:00:00  entropy: 0.2782  uncertainty: 1.2584  uncertainty_coeffi: 0.0100  loss: 1.4789  lr: 0.000002  time: 0.0605  data: 0.0001  max mem: 2671
      TTA Epoch: [2] Total time: 0:00:02 (0.0712 s / it)
     Averaged stats: entropy: 0.2937  uncertainty: 1.2542  uncertainty_coeffi: 0.0100  loss: 1.4889  lr: 0.0000
     itm tta time 0:00:02
     Computing matching score
      Evaluation: [   0/1978]  eta: 0:02:15    time: 0.0686  data: 0.0022  max mem: 2671
      Evaluation: [ 100/1978]  eta: 0:02:08    time: 0.0694  data: 0.0000  max mem: 2671
      Evaluation: [ 200/1978]  eta: 0:02:01    time: 0.0682  data: 0.0000  max mem: 2671
      Evaluation: [ 300/1978]  eta: 0:01:54    time: 0.0683  data: 0.0000  max mem: 2671
      Evaluation: [ 400/1978]  eta: 0:01:47    time: 0.0682  data: 0.0000  max mem: 2671
      Evaluation: [ 500/1978]  eta: 0:01:41    time: 0.0682  data: 0.0000  max mem: 2671
      Evaluation: [ 600/1978]  eta: 0:01:34    time: 0.0682  data: 0.0000  max mem: 2671
      Evaluation: [ 700/1978]  eta: 0:01:27    time: 0.0683  data: 0.0000  max mem: 2671
      Evaluation: [ 800/1978]  eta: 0:01:20    time: 0.0683  data: 0.0000  max mem: 2671
      Evaluation: [ 900/1978]  eta: 0:01:13    time: 0.0684  data: 0.0000  max mem: 2671
      Evaluation: [1000/1978]  eta: 0:01:06    time: 0.0675  data: 0.0000  max mem: 2671
      Evaluation: [1100/1978]  eta: 0:00:59    time: 0.0675  data: 0.0000  max mem: 2671
      Evaluation: [1200/1978]  eta: 0:00:53    time: 0.0675  data: 0.0000  max mem: 2671
      Evaluation: [1300/1978]  eta: 0:00:46    time: 0.0674  data: 0.0000  max mem: 2671
      Evaluation: [1400/1978]  eta: 0:00:39    time: 0.0676  data: 0.0000  max mem: 2671
      Evaluation: [1500/1978]  eta: 0:00:32    time: 0.0675  data: 0.0000  max mem: 2671
      Evaluation: [1600/1978]  eta: 0:00:25    time: 0.0674  data: 0.0000  max mem: 2671
      Evaluation: [1700/1978]  eta: 0:00:18    time: 0.0674  data: 0.0000  max mem: 2671
      Evaluation: [1800/1978]  eta: 0:00:12    time: 0.0675  data: 0.0000  max mem: 2671
      Evaluation: [1900/1978]  eta: 0:00:05    time: 0.0675  data: 0.0000  max mem: 2671
      Evaluation: [1977/1978]  eta: 0:00:00    time: 0.0676  data: 0.0000  max mem: 2671
      Evaluation: Total time: 0:02:14 (0.0679 s / it)
     Computing matching score time 0:02:14
### TTA ITM Score: 
+-------------------+--------+--------+--------+--------+--------+
|       epoch       |   R1   |   R5   |  R10   |  mAP   |  mINP  |
+-------------------+--------+--------+--------+--------+--------+
|  cos_sim_wo/norm  | 58.544 | 91.860 | 95.703 | 73.596 | 73.596 |
|        -999       | 69.414 | 95.197 | 97.776 | 81.233 | 81.233 |
| itm_score_wo/norm | 84.328 | 98.989 | 99.494 | 91.293 | 91.293 |
|        -999       | 84.277 | 99.039 | 99.596 | 91.276 | 91.276 |
|         0         | 84.328 | 99.039 | 99.596 | 91.301 | 91.301 |
|         1         | 84.277 | 99.039 | 99.596 | 91.276 | 91.276 |
|         2         | 84.277 | 99.039 | 99.596 | 91.276 | 91.276 |
+-------------------+--------+--------+--------+--------+--------+
     logs:  {'epo': 2, 'R1': 84.277, 'R5': 99.039, 'R10': 99.596, 'mAP': 91.276, 'mINP': 91.276, 'entropy': 0.293738, 'uncertainty': 1.254192, 'uncertainty_coeffi': 0.01, 'loss': 1.488872, 'lr': 2e-06}
      TTA Epoch: [3] [ 0/39]  eta: 0:00:17  entropy: 0.2387  uncertainty: 1.3526  uncertainty_coeffi: 0.0100  loss: 1.5353  lr: 0.000002  time: 0.4376  data: 0.3580  max mem: 2671
      TTA Epoch: [3] [38/39]  eta: 0:00:00  entropy: 0.3034  uncertainty: 1.1864  uncertainty_coeffi: 0.0100  loss: 1.4368  lr: 0.000003  time: 0.0602  data: 0.0001  max mem: 2671
      TTA Epoch: [3] Total time: 0:00:02 (0.0706 s / it)
     Averaged stats: entropy: 0.2963  uncertainty: 1.2540  uncertainty_coeffi: 0.0100  loss: 1.4902  lr: 0.0000
     itm tta time 0:00:02
      TTA Epoch: [4] [ 0/39]  eta: 0:00:17  entropy: 0.4917  uncertainty: 1.1616  uncertainty_coeffi: 0.0100  loss: 1.5815  lr: 0.000003  time: 0.4554  data: 0.3522  max mem: 2671
      TTA Epoch: [4] [38/39]  eta: 0:00:00  entropy: 0.2423  uncertainty: 1.1950  uncertainty_coeffi: 0.0100  loss: 1.3959  lr: 0.000004  time: 0.0624  data: 0.0002  max mem: 2671
      TTA Epoch: [4] Total time: 0:00:02 (0.0730 s / it)
     Averaged stats: entropy: 0.2951  uncertainty: 1.2541  uncertainty_coeffi: 0.0100  loss: 1.4886  lr: 0.0000
     itm tta time 0:00:02
     Computing matching score
      Evaluation: [   0/1978]  eta: 0:02:29    time: 0.0758  data: 0.0044  max mem: 2671
      Evaluation: [ 100/1978]  eta: 0:02:08    time: 0.0675  data: 0.0000  max mem: 2671
      Evaluation: [ 200/1978]  eta: 0:02:01    time: 0.0675  data: 0.0000  max mem: 2671
      Evaluation: [ 300/1978]  eta: 0:01:53    time: 0.0677  data: 0.0000  max mem: 2671
      Evaluation: [ 400/1978]  eta: 0:01:47    time: 0.0678  data: 0.0000  max mem: 2671
      Evaluation: [ 500/1978]  eta: 0:01:40    time: 0.0679  data: 0.0000  max mem: 2671
      Evaluation: [ 600/1978]  eta: 0:01:33    time: 0.0677  data: 0.0000  max mem: 2671
      Evaluation: [ 700/1978]  eta: 0:01:26    time: 0.0674  data: 0.0000  max mem: 2671
      Evaluation: [ 800/1978]  eta: 0:01:19    time: 0.0674  data: 0.0000  max mem: 2671
      Evaluation: [ 900/1978]  eta: 0:01:12    time: 0.0674  data: 0.0000  max mem: 2671
      Evaluation: [1000/1978]  eta: 0:01:06    time: 0.0673  data: 0.0000  max mem: 2671
      Evaluation: [1100/1978]  eta: 0:00:59    time: 0.0674  data: 0.0000  max mem: 2671
      Evaluation: [1200/1978]  eta: 0:00:52    time: 0.0674  data: 0.0000  max mem: 2671
      Evaluation: [1300/1978]  eta: 0:00:45    time: 0.0673  data: 0.0000  max mem: 2671
      Evaluation: [1400/1978]  eta: 0:00:39    time: 0.0673  data: 0.0000  max mem: 2671
      Evaluation: [1500/1978]  eta: 0:00:32    time: 0.0676  data: 0.0000  max mem: 2671
      Evaluation: [1600/1978]  eta: 0:00:25    time: 0.0674  data: 0.0000  max mem: 2671
      Evaluation: [1700/1978]  eta: 0:00:18    time: 0.0674  data: 0.0000  max mem: 2671
      Evaluation: [1800/1978]  eta: 0:00:12    time: 0.0673  data: 0.0000  max mem: 2671
      Evaluation: [1900/1978]  eta: 0:00:05    time: 0.0676  data: 0.0000  max mem: 2671
      Evaluation: [1977/1978]  eta: 0:00:00    time: 0.0676  data: 0.0000  max mem: 2671
      Evaluation: Total time: 0:02:13 (0.0676 s / it)
     Computing matching score time 0:02:13
### TTA ITM Score: 
+-------------------+--------+--------+--------+--------+--------+
|       epoch       |   R1   |   R5   |  R10   |  mAP   |  mINP  |
+-------------------+--------+--------+--------+--------+--------+
|  cos_sim_wo/norm  | 58.544 | 91.860 | 95.703 | 73.596 | 73.596 |
|        -999       | 69.414 | 95.197 | 97.776 | 81.233 | 81.233 |
| itm_score_wo/norm | 84.328 | 98.989 | 99.494 | 91.293 | 91.293 |
|        -999       | 84.277 | 99.039 | 99.596 | 91.276 | 91.276 |
|         0         | 84.328 | 99.039 | 99.596 | 91.301 | 91.301 |
|         1         | 84.277 | 99.039 | 99.596 | 91.276 | 91.276 |
|         2         | 84.277 | 99.039 | 99.596 | 91.276 | 91.276 |
|         4         | 84.530 | 99.039 | 99.596 | 91.392 | 91.392 |
+-------------------+--------+--------+--------+--------+--------+
     logs:  {'epo': 4, 'R1': 84.53, 'R5': 99.039, 'R10': 99.596, 'mAP': 91.392, 'mINP': 91.392, 'entropy': 0.295062, 'uncertainty': 1.25413, 'uncertainty_coeffi': 0.01, 'loss': 1.488649, 'lr': 4e-06}
      TTA Epoch: [5] [ 0/39]  eta: 0:00:18  entropy: 0.2174  uncertainty: 1.2067  uncertainty_coeffi: 0.0100  loss: 1.3784  lr: 0.000004  time: 0.4850  data: 0.3932  max mem: 2671
      TTA Epoch: [5] [38/39]  eta: 0:00:00  entropy: 0.2373  uncertainty: 1.1992  uncertainty_coeffi: 0.0100  loss: 1.3955  lr: 0.000005  time: 0.0602  data: 0.0001  max mem: 2671
      TTA Epoch: [5] Total time: 0:00:02 (0.0715 s / it)
     Averaged stats: entropy: 0.2953  uncertainty: 1.2531  uncertainty_coeffi: 0.0100  loss: 1.4881  lr: 0.0000
     itm tta time 0:00:02
      TTA Epoch: [6] [ 0/39]  eta: 0:00:14  entropy: 0.2836  uncertainty: 1.2605  uncertainty_coeffi: 0.0100  loss: 1.4807  lr: 0.000005  time: 0.3776  data: 0.2965  max mem: 2671
      TTA Epoch: [6] [38/39]  eta: 0:00:00  entropy: 0.2862  uncertainty: 1.1995  uncertainty_coeffi: 0.0100  loss: 1.4283  lr: 0.000005  time: 0.0611  data: 0.0001  max mem: 2671
      TTA Epoch: [6] Total time: 0:00:02 (0.0695 s / it)
     Averaged stats: entropy: 0.2877  uncertainty: 1.2544  uncertainty_coeffi: 0.0100  loss: 1.4831  lr: 0.0000
     itm tta time 0:00:02
      TTA Epoch: [7] [ 0/39]  eta: 0:00:16  entropy: 0.3053  uncertainty: 1.2547  uncertainty_coeffi: 0.0100  loss: 1.4951  lr: 0.000005  time: 0.4323  data: 0.3430  max mem: 2671
      TTA Epoch: [7] [38/39]  eta: 0:00:00  entropy: 0.3611  uncertainty: 1.3200  uncertainty_coeffi: 0.0100  loss: 1.5827  lr: 0.000006  time: 0.0607  data: 0.0001  max mem: 2671
      TTA Epoch: [7] Total time: 0:00:02 (0.0706 s / it)
     Averaged stats: entropy: 0.2866  uncertainty: 1.2541  uncertainty_coeffi: 0.0100  loss: 1.4822  lr: 0.0000
     itm tta time 0:00:02
      TTA Epoch: [8] [ 0/39]  eta: 0:00:15  entropy: 0.3446  uncertainty: 1.2476  uncertainty_coeffi: 0.0100  loss: 1.5373  lr: 0.000006  time: 0.3985  data: 0.3239  max mem: 2671
      TTA Epoch: [8] [38/39]  eta: 0:00:00  entropy: 0.3164  uncertainty: 1.2369  uncertainty_coeffi: 0.0100  loss: 1.4797  lr: 0.000007  time: 0.0603  data: 0.0001  max mem: 2671
      TTA Epoch: [8] Total time: 0:00:02 (0.0692 s / it)
     Averaged stats: entropy: 0.2864  uncertainty: 1.2530  uncertainty_coeffi: 0.0100  loss: 1.4808  lr: 0.0000
     itm tta time 0:00:02
      TTA Epoch: [9] [ 0/39]  eta: 0:00:19  entropy: 0.2953  uncertainty: 1.2730  uncertainty_coeffi: 0.0100  loss: 1.5179  lr: 0.000007  time: 0.5062  data: 0.3931  max mem: 2671
      TTA Epoch: [9] [38/39]  eta: 0:00:00  entropy: 0.2624  uncertainty: 1.2196  uncertainty_coeffi: 0.0100  loss: 1.4296  lr: 0.000008  time: 0.0613  data: 0.0001  max mem: 2671
      TTA Epoch: [9] Total time: 0:00:02 (0.0733 s / it)
     Averaged stats: entropy: 0.2819  uncertainty: 1.2535  uncertainty_coeffi: 0.0100  loss: 1.4777  lr: 0.0000
     itm tta time 0:00:02
     Computing matching score
      Evaluation: [   0/1978]  eta: 0:02:23    time: 0.0727  data: 0.0049  max mem: 2671
      Evaluation: [ 100/1978]  eta: 0:02:09    time: 0.0681  data: 0.0000  max mem: 2671
      Evaluation: [ 200/1978]  eta: 0:02:01    time: 0.0679  data: 0.0000  max mem: 2671
      Evaluation: [ 300/1978]  eta: 0:01:54    time: 0.0679  data: 0.0000  max mem: 2671
      Evaluation: [ 400/1978]  eta: 0:01:47    time: 0.0697  data: 0.0000  max mem: 2671
      Evaluation: [ 500/1978]  eta: 0:01:41    time: 0.0696  data: 0.0000  max mem: 2671
      Evaluation: [ 600/1978]  eta: 0:01:34    time: 0.0693  data: 0.0000  max mem: 2671
      Evaluation: [ 700/1978]  eta: 0:01:28    time: 0.0694  data: 0.0000  max mem: 2671
      Evaluation: [ 800/1978]  eta: 0:01:21    time: 0.0694  data: 0.0000  max mem: 2671
      Evaluation: [ 900/1978]  eta: 0:01:14    time: 0.0693  data: 0.0000  max mem: 2671
      Evaluation: [1000/1978]  eta: 0:01:07    time: 0.0693  data: 0.0000  max mem: 2671
      Evaluation: [1100/1978]  eta: 0:01:00    time: 0.0693  data: 0.0000  max mem: 2671
      Evaluation: [1200/1978]  eta: 0:00:53    time: 0.0693  data: 0.0000  max mem: 2671
      Evaluation: [1300/1978]  eta: 0:00:46    time: 0.0693  data: 0.0000  max mem: 2671
      Evaluation: [1400/1978]  eta: 0:00:39    time: 0.0694  data: 0.0000  max mem: 2671
      Evaluation: [1500/1978]  eta: 0:00:33    time: 0.0695  data: 0.0000  max mem: 2671
      Evaluation: [1600/1978]  eta: 0:00:26    time: 0.0693  data: 0.0000  max mem: 2671
      Evaluation: [1700/1978]  eta: 0:00:19    time: 0.0694  data: 0.0000  max mem: 2671
      Evaluation: [1800/1978]  eta: 0:00:12    time: 0.0701  data: 0.0000  max mem: 2671
      Evaluation: [1900/1978]  eta: 0:00:05    time: 0.0693  data: 0.0000  max mem: 2671
      Evaluation: [1977/1978]  eta: 0:00:00    time: 0.0694  data: 0.0000  max mem: 2671
      Evaluation: Total time: 0:02:16 (0.0692 s / it)
     Computing matching score time 0:02:17
### TTA ITM Score: 
+-------------------+--------+--------+--------+--------+--------+
|       epoch       |   R1   |   R5   |  R10   |  mAP   |  mINP  |
+-------------------+--------+--------+--------+--------+--------+
|  cos_sim_wo/norm  | 58.544 | 91.860 | 95.703 | 73.596 | 73.596 |
|        -999       | 69.414 | 95.197 | 97.776 | 81.233 | 81.233 |
| itm_score_wo/norm | 84.328 | 98.989 | 99.494 | 91.293 | 91.293 |
|        -999       | 84.277 | 99.039 | 99.596 | 91.276 | 91.276 |
|         0         | 84.328 | 99.039 | 99.596 | 91.301 | 91.301 |
|         1         | 84.277 | 99.039 | 99.596 | 91.276 | 91.276 |
|         2         | 84.277 | 99.039 | 99.596 | 91.276 | 91.276 |
|         4         | 84.530 | 99.039 | 99.596 | 91.392 | 91.392 |
|         9         | 84.681 | 98.989 | 99.596 | 91.452 | 91.452 |
+-------------------+--------+--------+--------+--------+--------+
     logs:  {'epo': 9, 'R1': 84.681, 'R5': 98.989, 'R10': 99.596, 'mAP': 91.452, 'mINP': 91.452, 'entropy': 0.281857, 'uncertainty': 1.253525, 'uncertainty_coeffi': 0.01, 'loss': 1.477666, 'lr': 7e-06}
      TTA Epoch: [10] [ 0/39]  eta: 0:00:18  entropy: 0.2382  uncertainty: 1.2605  uncertainty_coeffi: 0.0100  loss: 1.4371  lr: 0.000008  time: 0.4731  data: 0.3690  max mem: 2671
      TTA Epoch: [10] [38/39]  eta: 0:00:00  entropy: 0.3583  uncertainty: 1.2717  uncertainty_coeffi: 0.0100  loss: 1.5514  lr: 0.000009  time: 0.0604  data: 0.0001  max mem: 2671
      TTA Epoch: [10] Total time: 0:00:02 (0.0716 s / it)
     Averaged stats: entropy: 0.2742  uncertainty: 1.2536  uncertainty_coeffi: 0.0100  loss: 1.4716  lr: 0.0000
     itm tta time 0:00:02
      TTA Epoch: [11] [ 0/39]  eta: 0:00:22  entropy: 0.3274  uncertainty: 1.1897  uncertainty_coeffi: 0.0100  loss: 1.4674  lr: 0.000009  time: 0.5889  data: 0.4723  max mem: 2671
      TTA Epoch: [11] [38/39]  eta: 0:00:00  entropy: 0.2624  uncertainty: 1.2715  uncertainty_coeffi: 0.0100  loss: 1.4795  lr: 0.000009  time: 0.0601  data: 0.0001  max mem: 2671
      TTA Epoch: [11] Total time: 0:00:02 (0.0742 s / it)
     Averaged stats: entropy: 0.2724  uncertainty: 1.2541  uncertainty_coeffi: 0.0100  loss: 1.4697  lr: 0.0000
     itm tta time 0:00:02
      TTA Epoch: [12] [ 0/39]  eta: 0:00:26  entropy: 0.2809  uncertainty: 1.2849  uncertainty_coeffi: 0.0100  loss: 1.5126  lr: 0.000009  time: 0.6704  data: 0.5537  max mem: 2671
      TTA Epoch: [12] [38/39]  eta: 0:00:00  entropy: 0.2809  uncertainty: 1.2373  uncertainty_coeffi: 0.0100  loss: 1.4560  lr: 0.000010  time: 0.0603  data: 0.0001  max mem: 2671
      TTA Epoch: [12] Total time: 0:00:02 (0.0763 s / it)
     Averaged stats: entropy: 0.2663  uncertainty: 1.2543  uncertainty_coeffi: 0.0100  loss: 1.4652  lr: 0.0000
     itm tta time 0:00:03
      TTA Epoch: [13] [ 0/39]  eta: 0:00:23  entropy: 0.3057  uncertainty: 1.2723  uncertainty_coeffi: 0.0100  loss: 1.5143  lr: 0.000010  time: 0.5933  data: 0.5040  max mem: 2671
      TTA Epoch: [13] [38/39]  eta: 0:00:00  entropy: 0.2355  uncertainty: 1.2785  uncertainty_coeffi: 0.0100  loss: 1.4775  lr: 0.000010  time: 0.0605  data: 0.0001  max mem: 2671
      TTA Epoch: [13] Total time: 0:00:02 (0.0745 s / it)
     Averaged stats: entropy: 0.2651  uncertainty: 1.2535  uncertainty_coeffi: 0.0100  loss: 1.4634  lr: 0.0000
     itm tta time 0:00:03
      TTA Epoch: [14] [ 0/39]  eta: 0:00:22  entropy: 0.2161  uncertainty: 1.3524  uncertainty_coeffi: 0.0100  loss: 1.5087  lr: 0.000010  time: 0.5863  data: 0.4719  max mem: 2671
      TTA Epoch: [14] [38/39]  eta: 0:00:00  entropy: 0.2578  uncertainty: 1.2780  uncertainty_coeffi: 0.0100  loss: 1.4666  lr: 0.000010  time: 0.0606  data: 0.0001  max mem: 2671
      TTA Epoch: [14] Total time: 0:00:02 (0.0747 s / it)
     Averaged stats: entropy: 0.2595  uncertainty: 1.2542  uncertainty_coeffi: 0.0100  loss: 1.4593  lr: 0.0000
     itm tta time 0:00:03
     Computing matching score
      Evaluation: [   0/1978]  eta: 0:02:41    time: 0.0816  data: 0.0044  max mem: 2671
      Evaluation: [ 100/1978]  eta: 0:02:08    time: 0.0676  data: 0.0000  max mem: 2671
      Evaluation: [ 200/1978]  eta: 0:02:00    time: 0.0676  data: 0.0000  max mem: 2671
      Evaluation: [ 300/1978]  eta: 0:01:53    time: 0.0676  data: 0.0000  max mem: 2671
      Evaluation: [ 400/1978]  eta: 0:01:46    time: 0.0674  data: 0.0000  max mem: 2671
      Evaluation: [ 500/1978]  eta: 0:01:40    time: 0.0675  data: 0.0000  max mem: 2671
      Evaluation: [ 600/1978]  eta: 0:01:33    time: 0.0676  data: 0.0000  max mem: 2671
      Evaluation: [ 700/1978]  eta: 0:01:26    time: 0.0676  data: 0.0000  max mem: 2671
      Evaluation: [ 800/1978]  eta: 0:01:19    time: 0.0676  data: 0.0000  max mem: 2671
      Evaluation: [ 900/1978]  eta: 0:01:12    time: 0.0676  data: 0.0000  max mem: 2671
      Evaluation: [1000/1978]  eta: 0:01:06    time: 0.0676  data: 0.0000  max mem: 2671
      Evaluation: [1100/1978]  eta: 0:00:59    time: 0.0676  data: 0.0000  max mem: 2671
      Evaluation: [1200/1978]  eta: 0:00:52    time: 0.0676  data: 0.0000  max mem: 2671
      Evaluation: [1300/1978]  eta: 0:00:45    time: 0.0676  data: 0.0000  max mem: 2671
      Evaluation: [1400/1978]  eta: 0:00:39    time: 0.0676  data: 0.0000  max mem: 2671
      Evaluation: [1500/1978]  eta: 0:00:32    time: 0.0683  data: 0.0000  max mem: 2671
      Evaluation: [1600/1978]  eta: 0:00:25    time: 0.0695  data: 0.0000  max mem: 2671
      Evaluation: [1700/1978]  eta: 0:00:18    time: 0.0692  data: 0.0000  max mem: 2671
      Evaluation: [1800/1978]  eta: 0:00:12    time: 0.0691  data: 0.0000  max mem: 2671
      Evaluation: [1900/1978]  eta: 0:00:05    time: 0.0691  data: 0.0000  max mem: 2671
      Evaluation: [1977/1978]  eta: 0:00:00    time: 0.0693  data: 0.0000  max mem: 2671
      Evaluation: Total time: 0:02:14 (0.0680 s / it)
     Computing matching score time 0:02:14
### TTA ITM Score: 
+-------------------+--------+--------+--------+--------+--------+
|       epoch       |   R1   |   R5   |  R10   |  mAP   |  mINP  |
+-------------------+--------+--------+--------+--------+--------+
|  cos_sim_wo/norm  | 58.544 | 91.860 | 95.703 | 73.596 | 73.596 |
|        -999       | 69.414 | 95.197 | 97.776 | 81.233 | 81.233 |
| itm_score_wo/norm | 84.328 | 98.989 | 99.494 | 91.293 | 91.293 |
|        -999       | 84.277 | 99.039 | 99.596 | 91.276 | 91.276 |
|         0         | 84.328 | 99.039 | 99.596 | 91.301 | 91.301 |
|         1         | 84.277 | 99.039 | 99.596 | 91.276 | 91.276 |
|         2         | 84.277 | 99.039 | 99.596 | 91.276 | 91.276 |
|         4         | 84.530 | 99.039 | 99.596 | 91.392 | 91.392 |
|         9         | 84.681 | 98.989 | 99.596 | 91.452 | 91.452 |
|         14        | 84.783 | 98.938 | 99.545 | 91.489 | 91.489 |
+-------------------+--------+--------+--------+--------+--------+
     logs:  {'epo': 14, 'R1': 84.783, 'R5': 98.938, 'R10': 99.545, 'mAP': 91.489, 'mINP': 91.489, 'entropy': 0.259471, 'uncertainty': 1.254225, 'uncertainty_coeffi': 0.01, 'loss': 1.459296, 'lr': 1e-05}
      TTA Epoch: [15] [ 0/39]  eta: 0:00:18  entropy: 0.3089  uncertainty: 1.2574  uncertainty_coeffi: 0.0100  loss: 1.4831  lr: 0.000010  time: 0.4642  data: 0.3768  max mem: 2671
      TTA Epoch: [15] [38/39]  eta: 0:00:00  entropy: 0.2736  uncertainty: 1.1953  uncertainty_coeffi: 0.0100  loss: 1.4160  lr: 0.000009  time: 0.0603  data: 0.0001  max mem: 2671
      TTA Epoch: [15] Total time: 0:00:02 (0.0713 s / it)
     Averaged stats: entropy: 0.2561  uncertainty: 1.2544  uncertainty_coeffi: 0.0100  loss: 1.4565  lr: 0.0000
     itm tta time 0:00:02
      TTA Epoch: [16] [ 0/39]  eta: 0:00:22  entropy: 0.3149  uncertainty: 1.2549  uncertainty_coeffi: 0.0100  loss: 1.5058  lr: 0.000009  time: 0.5892  data: 0.4719  max mem: 2671
      TTA Epoch: [16] [38/39]  eta: 0:00:00  entropy: 0.2580  uncertainty: 1.2658  uncertainty_coeffi: 0.0100  loss: 1.4504  lr: 0.000009  time: 0.0600  data: 0.0001  max mem: 2671
      TTA Epoch: [16] Total time: 0:00:02 (0.0740 s / it)
     Averaged stats: entropy: 0.2491  uncertainty: 1.2543  uncertainty_coeffi: 0.0100  loss: 1.4510  lr: 0.0000
     itm tta time 0:00:03
      TTA Epoch: [17] [ 0/39]  eta: 0:00:24  entropy: 0.3024  uncertainty: 1.2720  uncertainty_coeffi: 0.0100  loss: 1.5036  lr: 0.000009  time: 0.6273  data: 0.5205  max mem: 2671
      TTA Epoch: [17] [38/39]  eta: 0:00:00  entropy: 0.2793  uncertainty: 1.3002  uncertainty_coeffi: 0.0100  loss: 1.5036  lr: 0.000009  time: 0.0613  data: 0.0001  max mem: 2671
      TTA Epoch: [17] Total time: 0:00:02 (0.0765 s / it)
     Averaged stats: entropy: 0.2460  uncertainty: 1.2540  uncertainty_coeffi: 0.0100  loss: 1.4479  lr: 0.0000
     itm tta time 0:00:03
      TTA Epoch: [18] [ 0/39]  eta: 0:00:24  entropy: 0.2607  uncertainty: 1.2305  uncertainty_coeffi: 0.0100  loss: 1.4396  lr: 0.000009  time: 0.6226  data: 0.5090  max mem: 2671
      TTA Epoch: [18] [38/39]  eta: 0:00:00  entropy: 0.0980  uncertainty: 1.3518  uncertainty_coeffi: 0.0100  loss: 1.4263  lr: 0.000009  time: 0.0606  data: 0.0001  max mem: 2671
      TTA Epoch: [18] Total time: 0:00:02 (0.0757 s / it)
     Averaged stats: entropy: 0.2455  uncertainty: 1.2544  uncertainty_coeffi: 0.0100  loss: 1.4482  lr: 0.0000
     itm tta time 0:00:03
      TTA Epoch: [19] [ 0/39]  eta: 0:00:17  entropy: 0.1909  uncertainty: 1.1659  uncertainty_coeffi: 0.0100  loss: 1.3220  lr: 0.000009  time: 0.4472  data: 0.3539  max mem: 2671
      TTA Epoch: [19] [38/39]  eta: 0:00:00  entropy: 0.2335  uncertainty: 1.2502  uncertainty_coeffi: 0.0100  loss: 1.4470  lr: 0.000009  time: 0.0599  data: 0.0001  max mem: 2671
      TTA Epoch: [19] Total time: 0:00:02 (0.0701 s / it)
     Averaged stats: entropy: 0.2406  uncertainty: 1.2545  uncertainty_coeffi: 0.0100  loss: 1.4443  lr: 0.0000
     itm tta time 0:00:02
     Computing matching score
      Evaluation: [   0/1978]  eta: 0:02:21    time: 0.0715  data: 0.0045  max mem: 2671
      Evaluation: [ 100/1978]  eta: 0:02:07    time: 0.0673  data: 0.0000  max mem: 2671
      Evaluation: [ 200/1978]  eta: 0:02:00    time: 0.0672  data: 0.0000  max mem: 2671
      Evaluation: [ 300/1978]  eta: 0:01:53    time: 0.0673  data: 0.0000  max mem: 2671
      Evaluation: [ 400/1978]  eta: 0:01:46    time: 0.0672  data: 0.0000  max mem: 2671
      Evaluation: [ 500/1978]  eta: 0:01:39    time: 0.0673  data: 0.0000  max mem: 2671
      Evaluation: [ 600/1978]  eta: 0:01:32    time: 0.0676  data: 0.0000  max mem: 2671
      Evaluation: [ 700/1978]  eta: 0:01:26    time: 0.0673  data: 0.0000  max mem: 2671
      Evaluation: [ 800/1978]  eta: 0:01:19    time: 0.0672  data: 0.0000  max mem: 2671
      Evaluation: [ 900/1978]  eta: 0:01:12    time: 0.0674  data: 0.0000  max mem: 2671
      Evaluation: [1000/1978]  eta: 0:01:05    time: 0.0674  data: 0.0000  max mem: 2671
      Evaluation: [1100/1978]  eta: 0:00:59    time: 0.0673  data: 0.0000  max mem: 2671
      Evaluation: [1200/1978]  eta: 0:00:52    time: 0.0673  data: 0.0000  max mem: 2671
      Evaluation: [1300/1978]  eta: 0:00:45    time: 0.0673  data: 0.0000  max mem: 2671
      Evaluation: [1400/1978]  eta: 0:00:38    time: 0.0674  data: 0.0000  max mem: 2671
      Evaluation: [1500/1978]  eta: 0:00:32    time: 0.0673  data: 0.0000  max mem: 2671
      Evaluation: [1600/1978]  eta: 0:00:25    time: 0.0673  data: 0.0000  max mem: 2671
      Evaluation: [1700/1978]  eta: 0:00:18    time: 0.0673  data: 0.0000  max mem: 2671
      Evaluation: [1800/1978]  eta: 0:00:11    time: 0.0675  data: 0.0000  max mem: 2671
      Evaluation: [1900/1978]  eta: 0:00:05    time: 0.0673  data: 0.0000  max mem: 2671
      Evaluation: [1977/1978]  eta: 0:00:00    time: 0.0675  data: 0.0000  max mem: 2671
      Evaluation: Total time: 0:02:13 (0.0674 s / it)
     Computing matching score time 0:02:13
### TTA ITM Score: 
+-------------------+--------+--------+--------+--------+--------+
|       epoch       |   R1   |   R5   |  R10   |  mAP   |  mINP  |
+-------------------+--------+--------+--------+--------+--------+
|  cos_sim_wo/norm  | 58.544 | 91.860 | 95.703 | 73.596 | 73.596 |
|        -999       | 69.414 | 95.197 | 97.776 | 81.233 | 81.233 |
| itm_score_wo/norm | 84.328 | 98.989 | 99.494 | 91.293 | 91.293 |
|        -999       | 84.277 | 99.039 | 99.596 | 91.276 | 91.276 |
|         0         | 84.328 | 99.039 | 99.596 | 91.301 | 91.301 |
|         1         | 84.277 | 99.039 | 99.596 | 91.276 | 91.276 |
|         2         | 84.277 | 99.039 | 99.596 | 91.276 | 91.276 |
|         4         | 84.530 | 99.039 | 99.596 | 91.392 | 91.392 |
|         9         | 84.681 | 98.989 | 99.596 | 91.452 | 91.452 |
|         14        | 84.783 | 98.938 | 99.545 | 91.489 | 91.489 |
|         19        | 84.732 | 98.888 | 99.545 | 91.438 | 91.438 |
+-------------------+--------+--------+--------+--------+--------+
     logs:  {'epo': 19, 'R1': 84.732, 'R5': 98.888, 'R10': 99.545, 'mAP': 91.438, 'mINP': 91.438, 'entropy': 0.240578, 'uncertainty': 1.254472, 'uncertainty_coeffi': 0.01, 'loss': 1.444283, 'lr': 9e-06}
      TTA Epoch: [20] [ 0/39]  eta: 0:00:17  entropy: 0.2565  uncertainty: 1.1824  uncertainty_coeffi: 0.0100  loss: 1.4022  lr: 0.000009  time: 0.4446  data: 0.3677  max mem: 2671
      TTA Epoch: [20] [38/39]  eta: 0:00:00  entropy: 0.2717  uncertainty: 1.2542  uncertainty_coeffi: 0.0100  loss: 1.4749  lr: 0.000008  time: 0.0606  data: 0.0001  max mem: 2671
      TTA Epoch: [20] Total time: 0:00:02 (0.0707 s / it)
     Averaged stats: entropy: 0.2364  uncertainty: 1.2539  uncertainty_coeffi: 0.0100  loss: 1.4396  lr: 0.0000
     itm tta time 0:00:02
      TTA Epoch: [21] [ 0/39]  eta: 0:00:18  entropy: 0.2970  uncertainty: 1.2392  uncertainty_coeffi: 0.0100  loss: 1.4659  lr: 0.000008  time: 0.4858  data: 0.3742  max mem: 2671
      TTA Epoch: [21] [38/39]  eta: 0:00:00  entropy: 0.2397  uncertainty: 1.2152  uncertainty_coeffi: 0.0100  loss: 1.4088  lr: 0.000008  time: 0.0592  data: 0.0001  max mem: 2671
      TTA Epoch: [21] Total time: 0:00:02 (0.0707 s / it)
     Averaged stats: entropy: 0.2396  uncertainty: 1.2541  uncertainty_coeffi: 0.0100  loss: 1.4425  lr: 0.0000
     itm tta time 0:00:02
      TTA Epoch: [22] [ 0/39]  eta: 0:00:18  entropy: 0.2316  uncertainty: 1.2548  uncertainty_coeffi: 0.0100  loss: 1.4480  lr: 0.000008  time: 0.4849  data: 0.3900  max mem: 2671
      TTA Epoch: [22] [38/39]  eta: 0:00:00  entropy: 0.1480  uncertainty: 1.2942  uncertainty_coeffi: 0.0100  loss: 1.4072  lr: 0.000008  time: 0.0597  data: 0.0001  max mem: 2671
      TTA Epoch: [22] Total time: 0:00:02 (0.0710 s / it)
     Averaged stats: entropy: 0.2336  uncertainty: 1.2537  uncertainty_coeffi: 0.0100  loss: 1.4376  lr: 0.0000
     itm tta time 0:00:02
      TTA Epoch: [23] [ 0/39]  eta: 0:00:19  entropy: 0.2257  uncertainty: 1.2579  uncertainty_coeffi: 0.0100  loss: 1.4390  lr: 0.000008  time: 0.5114  data: 0.3967  max mem: 2671
      TTA Epoch: [23] [38/39]  eta: 0:00:00  entropy: 0.2150  uncertainty: 1.1985  uncertainty_coeffi: 0.0100  loss: 1.3579  lr: 0.000008  time: 0.0595  data: 0.0001  max mem: 2671
      TTA Epoch: [23] Total time: 0:00:02 (0.0716 s / it)
     Averaged stats: entropy: 0.2333  uncertainty: 1.2547  uncertainty_coeffi: 0.0100  loss: 1.4381  lr: 0.0000
     itm tta time 0:00:02
      TTA Epoch: [24] [ 0/39]  eta: 0:00:18  entropy: 0.1999  uncertainty: 1.1739  uncertainty_coeffi: 0.0100  loss: 1.3317  lr: 0.000008  time: 0.4663  data: 0.3809  max mem: 2671
      TTA Epoch: [24] [38/39]  eta: 0:00:00  entropy: 0.2602  uncertainty: 1.2795  uncertainty_coeffi: 0.0100  loss: 1.4800  lr: 0.000008  time: 0.0599  data: 0.0001  max mem: 2671
      TTA Epoch: [24] Total time: 0:00:02 (0.0712 s / it)
     Averaged stats: entropy: 0.2264  uncertainty: 1.2533  uncertainty_coeffi: 0.0100  loss: 1.4317  lr: 0.0000
     itm tta time 0:00:02
      TTA Epoch: [25] [ 0/39]  eta: 0:00:16  entropy: 0.1943  uncertainty: 1.3126  uncertainty_coeffi: 0.0100  loss: 1.4524  lr: 0.000007  time: 0.4175  data: 0.3435  max mem: 2671
      TTA Epoch: [25] [38/39]  eta: 0:00:00  entropy: 0.2394  uncertainty: 1.2497  uncertainty_coeffi: 0.0100  loss: 1.4386  lr: 0.000007  time: 0.0607  data: 0.0001  max mem: 2671
      TTA Epoch: [25] Total time: 0:00:02 (0.0703 s / it)
     Averaged stats: entropy: 0.2263  uncertainty: 1.2543  uncertainty_coeffi: 0.0100  loss: 1.4323  lr: 0.0000
     itm tta time 0:00:02
      TTA Epoch: [26] [ 0/39]  eta: 0:00:16  entropy: 0.1544  uncertainty: 1.2988  uncertainty_coeffi: 0.0100  loss: 1.4328  lr: 0.000007  time: 0.4240  data: 0.3425  max mem: 2671
      TTA Epoch: [26] [38/39]  eta: 0:00:00  entropy: 0.2143  uncertainty: 1.1961  uncertainty_coeffi: 0.0100  loss: 1.3788  lr: 0.000007  time: 0.0596  data: 0.0001  max mem: 2671
      TTA Epoch: [26] Total time: 0:00:02 (0.0692 s / it)
     Averaged stats: entropy: 0.2231  uncertainty: 1.2550  uncertainty_coeffi: 0.0100  loss: 1.4306  lr: 0.0000
     itm tta time 0:00:02
      TTA Epoch: [27] [ 0/39]  eta: 0:00:18  entropy: 0.3109  uncertainty: 1.2971  uncertainty_coeffi: 0.0100  loss: 1.5462  lr: 0.000007  time: 0.4860  data: 0.3770  max mem: 2671
      TTA Epoch: [27] [38/39]  eta: 0:00:00  entropy: 0.2342  uncertainty: 1.2521  uncertainty_coeffi: 0.0100  loss: 1.4271  lr: 0.000007  time: 0.0595  data: 0.0001  max mem: 2671
      TTA Epoch: [27] Total time: 0:00:02 (0.0709 s / it)
     Averaged stats: entropy: 0.2230  uncertainty: 1.2544  uncertainty_coeffi: 0.0100  loss: 1.4291  lr: 0.0000
     itm tta time 0:00:02
      TTA Epoch: [28] [ 0/39]  eta: 0:00:18  entropy: 0.1883  uncertainty: 1.1647  uncertainty_coeffi: 0.0100  loss: 1.3226  lr: 0.000007  time: 0.4700  data: 0.3598  max mem: 2671
      TTA Epoch: [28] [38/39]  eta: 0:00:00  entropy: 0.2126  uncertainty: 1.2180  uncertainty_coeffi: 0.0100  loss: 1.3963  lr: 0.000007  time: 0.0594  data: 0.0001  max mem: 2671
      TTA Epoch: [28] Total time: 0:00:02 (0.0705 s / it)
     Averaged stats: entropy: 0.2159  uncertainty: 1.2538  uncertainty_coeffi: 0.0100  loss: 1.4232  lr: 0.0000
     itm tta time 0:00:02
      TTA Epoch: [29] [ 0/39]  eta: 0:00:19  entropy: 0.1650  uncertainty: 1.2520  uncertainty_coeffi: 0.0100  loss: 1.3718  lr: 0.000007  time: 0.4895  data: 0.3905  max mem: 2671
      TTA Epoch: [29] [38/39]  eta: 0:00:00  entropy: 0.1344  uncertainty: 1.2699  uncertainty_coeffi: 0.0100  loss: 1.3665  lr: 0.000006  time: 0.0595  data: 0.0001  max mem: 2671
      TTA Epoch: [29] Total time: 0:00:02 (0.0709 s / it)
     Averaged stats: entropy: 0.2177  uncertainty: 1.2536  uncertainty_coeffi: 0.0100  loss: 1.4244  lr: 0.0000
     itm tta time 0:00:02
     Computing matching score
      Evaluation: [   0/1978]  eta: 0:02:17    time: 0.0697  data: 0.0023  max mem: 2671
      Evaluation: [ 100/1978]  eta: 0:02:08    time: 0.0698  data: 0.0000  max mem: 2671
      Evaluation: [ 200/1978]  eta: 0:02:02    time: 0.0693  data: 0.0000  max mem: 2671
      Evaluation: [ 300/1978]  eta: 0:01:55    time: 0.0694  data: 0.0000  max mem: 2671
      Evaluation: [ 400/1978]  eta: 0:01:49    time: 0.0690  data: 0.0000  max mem: 2671
      Evaluation: [ 500/1978]  eta: 0:01:42    time: 0.0690  data: 0.0000  max mem: 2671
      Evaluation: [ 600/1978]  eta: 0:01:35    time: 0.0690  data: 0.0000  max mem: 2671
      Evaluation: [ 700/1978]  eta: 0:01:28    time: 0.0674  data: 0.0000  max mem: 2671
      Evaluation: [ 800/1978]  eta: 0:01:21    time: 0.0676  data: 0.0000  max mem: 2671
      Evaluation: [ 900/1978]  eta: 0:01:14    time: 0.0675  data: 0.0000  max mem: 2671
      Evaluation: [1000/1978]  eta: 0:01:07    time: 0.0679  data: 0.0000  max mem: 2671
      Evaluation: [1100/1978]  eta: 0:01:00    time: 0.0705  data: 0.0000  max mem: 2671
      Evaluation: [1200/1978]  eta: 0:00:53    time: 0.0676  data: 0.0000  max mem: 2671
      Evaluation: [1300/1978]  eta: 0:00:46    time: 0.0676  data: 0.0000  max mem: 2671
      Evaluation: [1400/1978]  eta: 0:00:39    time: 0.0677  data: 0.0000  max mem: 2671
      Evaluation: [1500/1978]  eta: 0:00:32    time: 0.0677  data: 0.0000  max mem: 2671
      Evaluation: [1600/1978]  eta: 0:00:25    time: 0.0677  data: 0.0000  max mem: 2671
      Evaluation: [1700/1978]  eta: 0:00:19    time: 0.0686  data: 0.0000  max mem: 2671
      Evaluation: [1800/1978]  eta: 0:00:12    time: 0.0678  data: 0.0000  max mem: 2671
      Evaluation: [1900/1978]  eta: 0:00:05    time: 0.0677  data: 0.0000  max mem: 2671
      Evaluation: [1977/1978]  eta: 0:00:00    time: 0.0680  data: 0.0000  max mem: 2671
      Evaluation: Total time: 0:02:15 (0.0684 s / it)
     Computing matching score time 0:02:15
### TTA ITM Score: 
+-------------------+--------+--------+--------+--------+--------+
|       epoch       |   R1   |   R5   |  R10   |  mAP   |  mINP  |
+-------------------+--------+--------+--------+--------+--------+
|  cos_sim_wo/norm  | 58.544 | 91.860 | 95.703 | 73.596 | 73.596 |
|        -999       | 69.414 | 95.197 | 97.776 | 81.233 | 81.233 |
| itm_score_wo/norm | 84.328 | 98.989 | 99.494 | 91.293 | 91.293 |
|        -999       | 84.277 | 99.039 | 99.596 | 91.276 | 91.276 |
|         0         | 84.328 | 99.039 | 99.596 | 91.301 | 91.301 |
|         1         | 84.277 | 99.039 | 99.596 | 91.276 | 91.276 |
|         2         | 84.277 | 99.039 | 99.596 | 91.276 | 91.276 |
|         4         | 84.530 | 99.039 | 99.596 | 91.392 | 91.392 |
|         9         | 84.681 | 98.989 | 99.596 | 91.452 | 91.452 |
|         14        | 84.783 | 98.938 | 99.545 | 91.489 | 91.489 |
|         19        | 84.732 | 98.888 | 99.545 | 91.438 | 91.438 |
|         29        | 84.681 | 98.888 | 99.494 | 91.383 | 91.383 |
+-------------------+--------+--------+--------+--------+--------+
     logs:  {'epo': 29, 'R1': 84.681, 'R5': 98.888, 'R10': 99.494, 'mAP': 91.383, 'mINP': 91.383, 'entropy': 0.217712, 'uncertainty': 1.253631, 'uncertainty_coeffi': 0.01, 'loss': 1.424416, 'lr': 7e-06}
      TTA Epoch: [30] [ 0/39]  eta: 0:00:15  entropy: 0.2447  uncertainty: 1.2878  uncertainty_coeffi: 0.0100  loss: 1.4680  lr: 0.000006  time: 0.4072  data: 0.3330  max mem: 2671
      TTA Epoch: [30] [38/39]  eta: 0:00:00  entropy: 0.2593  uncertainty: 1.2192  uncertainty_coeffi: 0.0100  loss: 1.4265  lr: 0.000006  time: 0.0603  data: 0.0001  max mem: 2671
      TTA Epoch: [30] Total time: 0:00:02 (0.0696 s / it)
     Averaged stats: entropy: 0.2169  uncertainty: 1.2542  uncertainty_coeffi: 0.0100  loss: 1.4246  lr: 0.0000
     itm tta time 0:00:02
      TTA Epoch: [31] [ 0/39]  eta: 0:00:17  entropy: 0.2068  uncertainty: 1.2933  uncertainty_coeffi: 0.0100  loss: 1.4685  lr: 0.000006  time: 0.4483  data: 0.3568  max mem: 2671
      TTA Epoch: [31] [38/39]  eta: 0:00:00  entropy: 0.2673  uncertainty: 1.1933  uncertainty_coeffi: 0.0100  loss: 1.4060  lr: 0.000006  time: 0.0606  data: 0.0001  max mem: 2671
      TTA Epoch: [31] Total time: 0:00:02 (0.0712 s / it)
     Averaged stats: entropy: 0.2095  uncertainty: 1.2534  uncertainty_coeffi: 0.0100  loss: 1.4174  lr: 0.0000
     itm tta time 0:00:02
      TTA Epoch: [32] [ 0/39]  eta: 0:00:19  entropy: 0.2210  uncertainty: 1.2619  uncertainty_coeffi: 0.0100  loss: 1.4241  lr: 0.000006  time: 0.5078  data: 0.4092  max mem: 2671
      TTA Epoch: [32] [38/39]  eta: 0:00:00  entropy: 0.1997  uncertainty: 1.3483  uncertainty_coeffi: 0.0100  loss: 1.4956  lr: 0.000006  time: 0.0606  data: 0.0001  max mem: 2671
      TTA Epoch: [32] Total time: 0:00:02 (0.0728 s / it)
     Averaged stats: entropy: 0.2096  uncertainty: 1.2545  uncertainty_coeffi: 0.0100  loss: 1.4189  lr: 0.0000
     itm tta time 0:00:02
      TTA Epoch: [33] [ 0/39]  eta: 0:00:19  entropy: 0.1595  uncertainty: 1.2015  uncertainty_coeffi: 0.0100  loss: 1.3239  lr: 0.000006  time: 0.5040  data: 0.3882  max mem: 2671
      TTA Epoch: [33] [38/39]  eta: 0:00:00  entropy: 0.1909  uncertainty: 1.1890  uncertainty_coeffi: 0.0100  loss: 1.3441  lr: 0.000006  time: 0.0604  data: 0.0001  max mem: 2671
      TTA Epoch: [33] Total time: 0:00:02 (0.0727 s / it)
     Averaged stats: entropy: 0.2115  uncertainty: 1.2536  uncertainty_coeffi: 0.0100  loss: 1.4193  lr: 0.0000
     itm tta time 0:00:02
      TTA Epoch: [34] [ 0/39]  eta: 0:00:18  entropy: 0.2781  uncertainty: 1.2912  uncertainty_coeffi: 0.0100  loss: 1.5049  lr: 0.000006  time: 0.4761  data: 0.3729  max mem: 2671
      TTA Epoch: [34] [38/39]  eta: 0:00:00  entropy: 0.1578  uncertainty: 1.2649  uncertainty_coeffi: 0.0100  loss: 1.3839  lr: 0.000005  time: 0.0604  data: 0.0001  max mem: 2671
      TTA Epoch: [34] Total time: 0:00:02 (0.0718 s / it)
     Averaged stats: entropy: 0.2080  uncertainty: 1.2550  uncertainty_coeffi: 0.0100  loss: 1.4184  lr: 0.0000
     itm tta time 0:00:02
      TTA Epoch: [35] [ 0/39]  eta: 0:00:17  entropy: 0.2180  uncertainty: 1.1983  uncertainty_coeffi: 0.0100  loss: 1.3776  lr: 0.000005  time: 0.4476  data: 0.3598  max mem: 2671
      TTA Epoch: [35] [38/39]  eta: 0:00:00  entropy: 0.2668  uncertainty: 1.1817  uncertainty_coeffi: 0.0100  loss: 1.4004  lr: 0.000005  time: 0.0606  data: 0.0001  max mem: 2671
      TTA Epoch: [35] Total time: 0:00:02 (0.0710 s / it)
     Averaged stats: entropy: 0.2068  uncertainty: 1.2532  uncertainty_coeffi: 0.0100  loss: 1.4149  lr: 0.0000
     itm tta time 0:00:02
      TTA Epoch: [36] [ 0/39]  eta: 0:00:22  entropy: 0.1386  uncertainty: 1.1928  uncertainty_coeffi: 0.0100  loss: 1.3029  lr: 0.000005  time: 0.5723  data: 0.4610  max mem: 2671
      TTA Epoch: [36] [38/39]  eta: 0:00:00  entropy: 0.1619  uncertainty: 1.2482  uncertainty_coeffi: 0.0100  loss: 1.3724  lr: 0.000005  time: 0.0609  data: 0.0001  max mem: 2671
      TTA Epoch: [36] Total time: 0:00:02 (0.0745 s / it)
     Averaged stats: entropy: 0.1997  uncertainty: 1.2541  uncertainty_coeffi: 0.0100  loss: 1.4105  lr: 0.0000
     itm tta time 0:00:02
      TTA Epoch: [37] [ 0/39]  eta: 0:00:23  entropy: 0.1054  uncertainty: 1.1561  uncertainty_coeffi: 0.0100  loss: 1.2480  lr: 0.000005  time: 0.5973  data: 0.4776  max mem: 2671
      TTA Epoch: [37] [38/39]  eta: 0:00:00  entropy: 0.1690  uncertainty: 1.3092  uncertainty_coeffi: 0.0100  loss: 1.4237  lr: 0.000005  time: 0.0613  data: 0.0001  max mem: 2671
      TTA Epoch: [37] Total time: 0:00:02 (0.0754 s / it)
     Averaged stats: entropy: 0.2041  uncertainty: 1.2543  uncertainty_coeffi: 0.0100  loss: 1.4140  lr: 0.0000
     itm tta time 0:00:03
      TTA Epoch: [38] [ 0/39]  eta: 0:00:24  entropy: 0.2963  uncertainty: 1.2528  uncertainty_coeffi: 0.0100  loss: 1.4920  lr: 0.000005  time: 0.6204  data: 0.5056  max mem: 2671
      TTA Epoch: [38] [38/39]  eta: 0:00:00  entropy: 0.2158  uncertainty: 1.2311  uncertainty_coeffi: 0.0100  loss: 1.4120  lr: 0.000005  time: 0.0613  data: 0.0001  max mem: 2671
      TTA Epoch: [38] Total time: 0:00:02 (0.0761 s / it)
     Averaged stats: entropy: 0.2080  uncertainty: 1.2549  uncertainty_coeffi: 0.0100  loss: 1.4174  lr: 0.0000
     itm tta time 0:00:03
      TTA Epoch: [39] [ 0/39]  eta: 0:00:23  entropy: 0.2262  uncertainty: 1.2710  uncertainty_coeffi: 0.0100  loss: 1.4428  lr: 0.000005  time: 0.6107  data: 0.4984  max mem: 2671
      TTA Epoch: [39] [38/39]  eta: 0:00:00  entropy: 0.2185  uncertainty: 1.2689  uncertainty_coeffi: 0.0100  loss: 1.4408  lr: 0.000004  time: 0.0607  data: 0.0001  max mem: 2671
      TTA Epoch: [39] Total time: 0:00:02 (0.0753 s / it)
     Averaged stats: entropy: 0.2014  uncertainty: 1.2541  uncertainty_coeffi: 0.0100  loss: 1.4113  lr: 0.0000
     itm tta time 0:00:03
     Computing matching score
      Evaluation: [   0/1978]  eta: 0:02:34    time: 0.0782  data: 0.0079  max mem: 2671
      Evaluation: [ 100/1978]  eta: 0:02:09    time: 0.0684  data: 0.0000  max mem: 2671
      Evaluation: [ 200/1978]  eta: 0:02:02    time: 0.0684  data: 0.0000  max mem: 2671
      Evaluation: [ 300/1978]  eta: 0:01:55    time: 0.0684  data: 0.0000  max mem: 2671
      Evaluation: [ 400/1978]  eta: 0:01:48    time: 0.0683  data: 0.0000  max mem: 2671
      Evaluation: [ 500/1978]  eta: 0:01:41    time: 0.0681  data: 0.0000  max mem: 2671
      Evaluation: [ 600/1978]  eta: 0:01:34    time: 0.0688  data: 0.0000  max mem: 2671
      Evaluation: [ 700/1978]  eta: 0:01:27    time: 0.0682  data: 0.0000  max mem: 2671
      Evaluation: [ 800/1978]  eta: 0:01:20    time: 0.0683  data: 0.0000  max mem: 2671
      Evaluation: [ 900/1978]  eta: 0:01:13    time: 0.0683  data: 0.0000  max mem: 2671
      Evaluation: [1000/1978]  eta: 0:01:06    time: 0.0683  data: 0.0000  max mem: 2671
      Evaluation: [1100/1978]  eta: 0:01:00    time: 0.0683  data: 0.0000  max mem: 2671
      Evaluation: [1200/1978]  eta: 0:00:53    time: 0.0683  data: 0.0000  max mem: 2671
      Evaluation: [1300/1978]  eta: 0:00:46    time: 0.0683  data: 0.0000  max mem: 2671
      Evaluation: [1400/1978]  eta: 0:00:39    time: 0.0682  data: 0.0000  max mem: 2671
      Evaluation: [1500/1978]  eta: 0:00:32    time: 0.0681  data: 0.0000  max mem: 2671
      Evaluation: [1600/1978]  eta: 0:00:25    time: 0.0682  data: 0.0000  max mem: 2671
      Evaluation: [1700/1978]  eta: 0:00:19    time: 0.0682  data: 0.0000  max mem: 2671
      Evaluation: [1800/1978]  eta: 0:00:12    time: 0.0682  data: 0.0000  max mem: 2671
      Evaluation: [1900/1978]  eta: 0:00:05    time: 0.0681  data: 0.0000  max mem: 2671
      Evaluation: [1977/1978]  eta: 0:00:00    time: 0.0678  data: 0.0000  max mem: 2671
      Evaluation: Total time: 0:02:15 (0.0683 s / it)
     Computing matching score time 0:02:15
### TTA ITM Score: 
+-------------------+--------+--------+--------+--------+--------+
|       epoch       |   R1   |   R5   |  R10   |  mAP   |  mINP  |
+-------------------+--------+--------+--------+--------+--------+
|  cos_sim_wo/norm  | 58.544 | 91.860 | 95.703 | 73.596 | 73.596 |
|        -999       | 69.414 | 95.197 | 97.776 | 81.233 | 81.233 |
| itm_score_wo/norm | 84.328 | 98.989 | 99.494 | 91.293 | 91.293 |
|        -999       | 84.277 | 99.039 | 99.596 | 91.276 | 91.276 |
|         0         | 84.328 | 99.039 | 99.596 | 91.301 | 91.301 |
|         1         | 84.277 | 99.039 | 99.596 | 91.276 | 91.276 |
|         2         | 84.277 | 99.039 | 99.596 | 91.276 | 91.276 |
|         4         | 84.530 | 99.039 | 99.596 | 91.392 | 91.392 |
|         9         | 84.681 | 98.989 | 99.596 | 91.452 | 91.452 |
|         14        | 84.783 | 98.938 | 99.545 | 91.489 | 91.489 |
|         19        | 84.732 | 98.888 | 99.545 | 91.438 | 91.438 |
|         29        | 84.681 | 98.888 | 99.494 | 91.383 | 91.383 |
|         39        | 84.681 | 98.787 | 99.494 | 91.362 | 91.362 |
+-------------------+--------+--------+--------+--------+--------+
     logs:  {'epo': 39, 'R1': 84.681, 'R5': 98.787, 'R10': 99.494, 'mAP': 91.362, 'mINP': 91.362, 'entropy': 0.201422, 'uncertainty': 1.25414, 'uncertainty_coeffi': 0.01, 'loss': 1.41133, 'lr': 5e-06}
      TTA Epoch: [40] [ 0/39]  eta: 0:00:18  entropy: 0.2290  uncertainty: 1.2063  uncertainty_coeffi: 0.0100  loss: 1.4061  lr: 0.000004  time: 0.4648  data: 0.3749  max mem: 2671
      TTA Epoch: [40] [38/39]  eta: 0:00:00  entropy: 0.2019  uncertainty: 1.2500  uncertainty_coeffi: 0.0100  loss: 1.4041  lr: 0.000004  time: 0.0610  data: 0.0001  max mem: 2671
      TTA Epoch: [40] Total time: 0:00:02 (0.0716 s / it)
     Averaged stats: entropy: 0.1997  uncertainty: 1.2535  uncertainty_coeffi: 0.0100  loss: 1.4106  lr: 0.0000
     itm tta time 0:00:02
      TTA Epoch: [41] [ 0/39]  eta: 0:00:18  entropy: 0.2183  uncertainty: 1.1828  uncertainty_coeffi: 0.0100  loss: 1.3654  lr: 0.000004  time: 0.4827  data: 0.3663  max mem: 2671
      TTA Epoch: [41] [38/39]  eta: 0:00:00  entropy: 0.2299  uncertainty: 1.3283  uncertainty_coeffi: 0.0100  loss: 1.4982  lr: 0.000004  time: 0.0609  data: 0.0001  max mem: 2671
      TTA Epoch: [41] Total time: 0:00:02 (0.0725 s / it)
     Averaged stats: entropy: 0.1999  uncertainty: 1.2540  uncertainty_coeffi: 0.0100  loss: 1.4101  lr: 0.0000
     itm tta time 0:00:02
      TTA Epoch: [42] [ 0/39]  eta: 0:00:20  entropy: 0.3447  uncertainty: 1.2787  uncertainty_coeffi: 0.0100  loss: 1.5534  lr: 0.000004  time: 0.5256  data: 0.4493  max mem: 2671
      TTA Epoch: [42] [38/39]  eta: 0:00:00  entropy: 0.1511  uncertainty: 1.1896  uncertainty_coeffi: 0.0100  loss: 1.3129  lr: 0.000004  time: 0.0605  data: 0.0001  max mem: 2671
      TTA Epoch: [42] Total time: 0:00:02 (0.0726 s / it)
     Averaged stats: entropy: 0.1996  uncertainty: 1.2533  uncertainty_coeffi: 0.0100  loss: 1.4095  lr: 0.0000
     itm tta time 0:00:02
      TTA Epoch: [43] [ 0/39]  eta: 0:00:20  entropy: 0.1942  uncertainty: 1.2425  uncertainty_coeffi: 0.0100  loss: 1.3901  lr: 0.000004  time: 0.5153  data: 0.4320  max mem: 2671
      TTA Epoch: [43] [38/39]  eta: 0:00:00  entropy: 0.1755  uncertainty: 1.1918  uncertainty_coeffi: 0.0100  loss: 1.3339  lr: 0.000004  time: 0.0606  data: 0.0001  max mem: 2671
      TTA Epoch: [43] Total time: 0:00:02 (0.0729 s / it)
     Averaged stats: entropy: 0.1968  uncertainty: 1.2541  uncertainty_coeffi: 0.0100  loss: 1.4083  lr: 0.0000
     itm tta time 0:00:02
      TTA Epoch: [44] [ 0/39]  eta: 0:00:20  entropy: 0.1532  uncertainty: 1.2171  uncertainty_coeffi: 0.0100  loss: 1.3437  lr: 0.000004  time: 0.5305  data: 0.4174  max mem: 2671
      TTA Epoch: [44] [38/39]  eta: 0:00:00  entropy: 0.2564  uncertainty: 1.3168  uncertainty_coeffi: 0.0100  loss: 1.4971  lr: 0.000003  time: 0.0604  data: 0.0001  max mem: 2671
      TTA Epoch: [44] Total time: 0:00:02 (0.0727 s / it)
     Averaged stats: entropy: 0.1958  uncertainty: 1.2534  uncertainty_coeffi: 0.0100  loss: 1.4064  lr: 0.0000
     itm tta time 0:00:02
      TTA Epoch: [45] [ 0/39]  eta: 0:00:20  entropy: 0.1273  uncertainty: 1.2941  uncertainty_coeffi: 0.0100  loss: 1.3866  lr: 0.000003  time: 0.5288  data: 0.4169  max mem: 2671
      TTA Epoch: [45] [38/39]  eta: 0:00:00  entropy: 0.1390  uncertainty: 1.1733  uncertainty_coeffi: 0.0100  loss: 1.2928  lr: 0.000003  time: 0.0606  data: 0.0001  max mem: 2671
      TTA Epoch: [45] Total time: 0:00:02 (0.0729 s / it)
     Averaged stats: entropy: 0.1947  uncertainty: 1.2537  uncertainty_coeffi: 0.0100  loss: 1.4053  lr: 0.0000
     itm tta time 0:00:02
      TTA Epoch: [46] [ 0/39]  eta: 0:00:22  entropy: 0.1787  uncertainty: 1.2795  uncertainty_coeffi: 0.0100  loss: 1.4164  lr: 0.000003  time: 0.5724  data: 0.4581  max mem: 2671
      TTA Epoch: [46] [38/39]  eta: 0:00:00  entropy: 0.2557  uncertainty: 1.2452  uncertainty_coeffi: 0.0100  loss: 1.4416  lr: 0.000003  time: 0.0606  data: 0.0001  max mem: 2671
      TTA Epoch: [46] Total time: 0:00:02 (0.0742 s / it)
     Averaged stats: entropy: 0.1945  uncertainty: 1.2538  uncertainty_coeffi: 0.0100  loss: 1.4058  lr: 0.0000
     itm tta time 0:00:03
      TTA Epoch: [47] [ 0/39]  eta: 0:00:24  entropy: 0.1289  uncertainty: 1.3648  uncertainty_coeffi: 0.0100  loss: 1.4684  lr: 0.000003  time: 0.6326  data: 0.5171  max mem: 2671
      TTA Epoch: [47] [38/39]  eta: 0:00:00  entropy: 0.2597  uncertainty: 1.2875  uncertainty_coeffi: 0.0100  loss: 1.4785  lr: 0.000003  time: 0.0609  data: 0.0001  max mem: 2671
      TTA Epoch: [47] Total time: 0:00:02 (0.0758 s / it)
     Averaged stats: entropy: 0.1941  uncertainty: 1.2538  uncertainty_coeffi: 0.0100  loss: 1.4057  lr: 0.0000
     itm tta time 0:00:03
      TTA Epoch: [48] [ 0/39]  eta: 0:00:19  entropy: 0.2377  uncertainty: 1.2715  uncertainty_coeffi: 0.0100  loss: 1.4514  lr: 0.000003  time: 0.5023  data: 0.3868  max mem: 2671
      TTA Epoch: [48] [38/39]  eta: 0:00:00  entropy: 0.1694  uncertainty: 1.2325  uncertainty_coeffi: 0.0100  loss: 1.3749  lr: 0.000003  time: 0.0609  data: 0.0001  max mem: 2671
      TTA Epoch: [48] Total time: 0:00:02 (0.0728 s / it)
     Averaged stats: entropy: 0.1950  uncertainty: 1.2544  uncertainty_coeffi: 0.0100  loss: 1.4067  lr: 0.0000
     itm tta time 0:00:02
      TTA Epoch: [49] [ 0/39]  eta: 0:00:20  entropy: 0.1647  uncertainty: 1.2163  uncertainty_coeffi: 0.0100  loss: 1.3248  lr: 0.000003  time: 0.5173  data: 0.4033  max mem: 2671
      TTA Epoch: [49] [38/39]  eta: 0:00:00  entropy: 0.3242  uncertainty: 1.2498  uncertainty_coeffi: 0.0100  loss: 1.5198  lr: 0.000002  time: 0.0605  data: 0.0001  max mem: 2671
      TTA Epoch: [49] Total time: 0:00:02 (0.0728 s / it)
     Averaged stats: entropy: 0.1949  uncertainty: 1.2542  uncertainty_coeffi: 0.0100  loss: 1.4066  lr: 0.0000
     itm tta time 0:00:02
     Computing matching score
      Evaluation: [   0/1978]  eta: 0:02:28    time: 0.0751  data: 0.0047  max mem: 2671
      Evaluation: [ 100/1978]  eta: 0:02:11    time: 0.0681  data: 0.0000  max mem: 2671
      Evaluation: [ 200/1978]  eta: 0:02:02    time: 0.0677  data: 0.0000  max mem: 2671
      Evaluation: [ 300/1978]  eta: 0:01:55    time: 0.0690  data: 0.0000  max mem: 2671
      Evaluation: [ 400/1978]  eta: 0:01:48    time: 0.0674  data: 0.0000  max mem: 2671
      Evaluation: [ 500/1978]  eta: 0:01:40    time: 0.0675  data: 0.0000  max mem: 2671
      Evaluation: [ 600/1978]  eta: 0:01:33    time: 0.0675  data: 0.0000  max mem: 2671
      Evaluation: [ 700/1978]  eta: 0:01:26    time: 0.0675  data: 0.0000  max mem: 2671
      Evaluation: [ 800/1978]  eta: 0:01:20    time: 0.0676  data: 0.0000  max mem: 2671
      Evaluation: [ 900/1978]  eta: 0:01:13    time: 0.0675  data: 0.0000  max mem: 2671
      Evaluation: [1000/1978]  eta: 0:01:06    time: 0.0675  data: 0.0000  max mem: 2671
      Evaluation: [1100/1978]  eta: 0:00:59    time: 0.0674  data: 0.0000  max mem: 2671
      Evaluation: [1200/1978]  eta: 0:00:52    time: 0.0674  data: 0.0000  max mem: 2671
      Evaluation: [1300/1978]  eta: 0:00:45    time: 0.0674  data: 0.0000  max mem: 2671
      Evaluation: [1400/1978]  eta: 0:00:39    time: 0.0694  data: 0.0000  max mem: 2671
      Evaluation: [1500/1978]  eta: 0:00:32    time: 0.0684  data: 0.0000  max mem: 2671
      Evaluation: [1600/1978]  eta: 0:00:25    time: 0.0682  data: 0.0000  max mem: 2671
      Evaluation: [1700/1978]  eta: 0:00:18    time: 0.0683  data: 0.0000  max mem: 2671
      Evaluation: [1800/1978]  eta: 0:00:12    time: 0.0682  data: 0.0000  max mem: 2671
      Evaluation: [1900/1978]  eta: 0:00:05    time: 0.0682  data: 0.0000  max mem: 2671
      Evaluation: [1977/1978]  eta: 0:00:00    time: 0.0683  data: 0.0000  max mem: 2671
      Evaluation: Total time: 0:02:14 (0.0680 s / it)
     Computing matching score time 0:02:14
### TTA ITM Score: 
+-------------------+--------+--------+--------+--------+--------+
|       epoch       |   R1   |   R5   |  R10   |  mAP   |  mINP  |
+-------------------+--------+--------+--------+--------+--------+
|  cos_sim_wo/norm  | 58.544 | 91.860 | 95.703 | 73.596 | 73.596 |
|        -999       | 69.414 | 95.197 | 97.776 | 81.233 | 81.233 |
| itm_score_wo/norm | 84.328 | 98.989 | 99.494 | 91.293 | 91.293 |
|        -999       | 84.277 | 99.039 | 99.596 | 91.276 | 91.276 |
|         0         | 84.328 | 99.039 | 99.596 | 91.301 | 91.301 |
|         1         | 84.277 | 99.039 | 99.596 | 91.276 | 91.276 |
|         2         | 84.277 | 99.039 | 99.596 | 91.276 | 91.276 |
|         4         | 84.530 | 99.039 | 99.596 | 91.392 | 91.392 |
|         9         | 84.681 | 98.989 | 99.596 | 91.452 | 91.452 |
|         14        | 84.783 | 98.938 | 99.545 | 91.489 | 91.489 |
|         19        | 84.732 | 98.888 | 99.545 | 91.438 | 91.438 |
|         29        | 84.681 | 98.888 | 99.494 | 91.383 | 91.383 |
|         39        | 84.681 | 98.787 | 99.494 | 91.362 | 91.362 |
|         49        | 84.732 | 98.787 | 99.494 | 91.383 | 91.383 |
+-------------------+--------+--------+--------+--------+--------+
     logs:  {'epo': 49, 'R1': 84.732, 'R5': 98.787, 'R10': 99.494, 'mAP': 91.383, 'mINP': 91.383, 'entropy': 0.194867, 'uncertainty': 1.2542, 'uncertainty_coeffi': 0.01, 'loss': 1.406558, 'lr': 2e-06}
      TTA Epoch: [50] [ 0/39]  eta: 0:00:16  entropy: 0.2953  uncertainty: 1.2744  uncertainty_coeffi: 0.0100  loss: 1.4876  lr: 0.000002  time: 0.4227  data: 0.3357  max mem: 2671
      TTA Epoch: [50] [38/39]  eta: 0:00:00  entropy: 0.2010  uncertainty: 1.1844  uncertainty_coeffi: 0.0100  loss: 1.3525  lr: 0.000002  time: 0.0602  data: 0.0001  max mem: 2671
      TTA Epoch: [50] Total time: 0:00:02 (0.0706 s / it)
     Averaged stats: entropy: 0.1915  uncertainty: 1.2533  uncertainty_coeffi: 0.0100  loss: 1.4026  lr: 0.0000
     itm tta time 0:00:02
      TTA Epoch: [51] [ 0/39]  eta: 0:00:18  entropy: 0.2162  uncertainty: 1.2725  uncertainty_coeffi: 0.0100  loss: 1.4348  lr: 0.000002  time: 0.4711  data: 0.3603  max mem: 2671
      TTA Epoch: [51] [38/39]  eta: 0:00:00  entropy: 0.1741  uncertainty: 1.1988  uncertainty_coeffi: 0.0100  loss: 1.3365  lr: 0.000001  time: 0.0603  data: 0.0001  max mem: 2671
      TTA Epoch: [51] Total time: 0:00:02 (0.0715 s / it)
     Averaged stats: entropy: 0.1888  uncertainty: 1.2536  uncertainty_coeffi: 0.0100  loss: 1.4005  lr: 0.0000
     itm tta time 0:00:02
      TTA Epoch: [52] [ 0/39]  eta: 0:00:17  entropy: 0.1514  uncertainty: 1.1715  uncertainty_coeffi: 0.0100  loss: 1.2941  lr: 0.000001  time: 0.4454  data: 0.3588  max mem: 2671
      TTA Epoch: [52] [38/39]  eta: 0:00:00  entropy: 0.3166  uncertainty: 1.2755  uncertainty_coeffi: 0.0100  loss: 1.5179  lr: 0.000001  time: 0.0603  data: 0.0001  max mem: 2671
      TTA Epoch: [52] Total time: 0:00:02 (0.0706 s / it)
     Averaged stats: entropy: 0.1966  uncertainty: 1.2527  uncertainty_coeffi: 0.0100  loss: 1.4066  lr: 0.0000
     itm tta time 0:00:02
      TTA Epoch: [53] [ 0/39]  eta: 0:00:16  entropy: 0.1679  uncertainty: 1.2627  uncertainty_coeffi: 0.0100  loss: 1.4021  lr: 0.000001  time: 0.4175  data: 0.3247  max mem: 2671
      TTA Epoch: [53] [38/39]  eta: 0:00:00  entropy: 0.1639  uncertainty: 1.2200  uncertainty_coeffi: 0.0100  loss: 1.3483  lr: 0.000001  time: 0.0610  data: 0.0001  max mem: 2671
      TTA Epoch: [53] Total time: 0:00:02 (0.0704 s / it)
     Averaged stats: entropy: 0.1934  uncertainty: 1.2531  uncertainty_coeffi: 0.0100  loss: 1.4042  lr: 0.0000
     itm tta time 0:00:02
      TTA Epoch: [54] [ 0/39]  eta: 0:00:23  entropy: 0.1433  uncertainty: 1.2954  uncertainty_coeffi: 0.0100  loss: 1.4096  lr: 0.000001  time: 0.6071  data: 0.5131  max mem: 2671
      TTA Epoch: [54] [38/39]  eta: 0:00:00  entropy: 0.2381  uncertainty: 1.2608  uncertainty_coeffi: 0.0100  loss: 1.4502  lr: 0.000001  time: 0.0604  data: 0.0001  max mem: 2671
      TTA Epoch: [54] Total time: 0:00:02 (0.0747 s / it)
     Averaged stats: entropy: 0.1921  uncertainty: 1.2531  uncertainty_coeffi: 0.0100  loss: 1.4036  lr: 0.0000
     itm tta time 0:00:03
      TTA Epoch: [55] [ 0/39]  eta: 0:00:22  entropy: 0.2051  uncertainty: 1.3075  uncertainty_coeffi: 0.0100  loss: 1.4529  lr: 0.000001  time: 0.5752  data: 0.4618  max mem: 2671
      TTA Epoch: [55] [38/39]  eta: 0:00:00  entropy: 0.0988  uncertainty: 1.1339  uncertainty_coeffi: 0.0100  loss: 1.2140  lr: 0.000001  time: 0.0605  data: 0.0001  max mem: 2671
      TTA Epoch: [55] Total time: 0:00:02 (0.0739 s / it)
     Averaged stats: entropy: 0.1902  uncertainty: 1.2534  uncertainty_coeffi: 0.0100  loss: 1.4018  lr: 0.0000
     itm tta time 0:00:02
      TTA Epoch: [56] [ 0/39]  eta: 0:00:20  entropy: 0.2100  uncertainty: 1.2553  uncertainty_coeffi: 0.0100  loss: 1.4118  lr: 0.000001  time: 0.5283  data: 0.4140  max mem: 2671
      TTA Epoch: [56] [38/39]  eta: 0:00:00  entropy: 0.3111  uncertainty: 1.3102  uncertainty_coeffi: 0.0100  loss: 1.5488  lr: 0.000000  time: 0.0604  data: 0.0001  max mem: 2671
      TTA Epoch: [56] Total time: 0:00:02 (0.0728 s / it)
     Averaged stats: entropy: 0.1928  uncertainty: 1.2536  uncertainty_coeffi: 0.0100  loss: 1.4038  lr: 0.0000
     itm tta time 0:00:02
      TTA Epoch: [57] [ 0/39]  eta: 0:00:18  entropy: 0.1892  uncertainty: 1.3048  uncertainty_coeffi: 0.0100  loss: 1.4367  lr: 0.000000  time: 0.4776  data: 0.3632  max mem: 2671
      TTA Epoch: [57] [38/39]  eta: 0:00:00  entropy: 0.1809  uncertainty: 1.2232  uncertainty_coeffi: 0.0100  loss: 1.3667  lr: 0.000000  time: 0.0602  data: 0.0001  max mem: 2671
      TTA Epoch: [57] Total time: 0:00:02 (0.0715 s / it)
     Averaged stats: entropy: 0.1931  uncertainty: 1.2537  uncertainty_coeffi: 0.0100  loss: 1.4051  lr: 0.0000
     itm tta time 0:00:02
      TTA Epoch: [58] [ 0/39]  eta: 0:00:17  entropy: 0.2347  uncertainty: 1.1641  uncertainty_coeffi: 0.0100  loss: 1.3510  lr: 0.000000  time: 0.4534  data: 0.3512  max mem: 2671
      TTA Epoch: [58] [38/39]  eta: 0:00:00  entropy: 0.2672  uncertainty: 1.2174  uncertainty_coeffi: 0.0100  loss: 1.4464  lr: 0.000000  time: 0.0605  data: 0.0001  max mem: 2671
      TTA Epoch: [58] Total time: 0:00:02 (0.0710 s / it)
     Averaged stats: entropy: 0.1887  uncertainty: 1.2531  uncertainty_coeffi: 0.0100  loss: 1.3997  lr: 0.0000
     itm tta time 0:00:02
      TTA Epoch: [59] [ 0/39]  eta: 0:00:19  entropy: 0.1807  uncertainty: 1.2295  uncertainty_coeffi: 0.0100  loss: 1.3735  lr: 0.000000  time: 0.4887  data: 0.3737  max mem: 2671
      TTA Epoch: [59] [38/39]  eta: 0:00:00  entropy: 0.1703  uncertainty: 1.3629  uncertainty_coeffi: 0.0100  loss: 1.4837  lr: 0.000000  time: 0.0606  data: 0.0001  max mem: 2671
      TTA Epoch: [59] Total time: 0:00:02 (0.0719 s / it)
     Averaged stats: entropy: 0.1970  uncertainty: 1.2526  uncertainty_coeffi: 0.0100  loss: 1.4068  lr: 0.0000
     itm tta time 0:00:02
     Computing matching score
      Evaluation: [   0/1978]  eta: 0:02:31    time: 0.0764  data: 0.0056  max mem: 2671
      Evaluation: [ 100/1978]  eta: 0:02:10    time: 0.0692  data: 0.0000  max mem: 2671
      Evaluation: [ 200/1978]  eta: 0:02:03    time: 0.0682  data: 0.0000  max mem: 2671
      Evaluation: [ 300/1978]  eta: 0:01:55    time: 0.0684  data: 0.0000  max mem: 2671
      Evaluation: [ 400/1978]  eta: 0:01:48    time: 0.0680  data: 0.0000  max mem: 2671
      Evaluation: [ 500/1978]  eta: 0:01:41    time: 0.0681  data: 0.0000  max mem: 2671
      Evaluation: [ 600/1978]  eta: 0:01:34    time: 0.0680  data: 0.0000  max mem: 2671
      Evaluation: [ 700/1978]  eta: 0:01:27    time: 0.0680  data: 0.0000  max mem: 2671
      Evaluation: [ 800/1978]  eta: 0:01:20    time: 0.0681  data: 0.0000  max mem: 2671
      Evaluation: [ 900/1978]  eta: 0:01:13    time: 0.0681  data: 0.0000  max mem: 2671
      Evaluation: [1000/1978]  eta: 0:01:06    time: 0.0680  data: 0.0000  max mem: 2671
      Evaluation: [1100/1978]  eta: 0:00:59    time: 0.0680  data: 0.0000  max mem: 2671
      Evaluation: [1200/1978]  eta: 0:00:53    time: 0.0681  data: 0.0000  max mem: 2671
      Evaluation: [1300/1978]  eta: 0:00:46    time: 0.0681  data: 0.0000  max mem: 2671
      Evaluation: [1400/1978]  eta: 0:00:39    time: 0.0682  data: 0.0000  max mem: 2671
      Evaluation: [1500/1978]  eta: 0:00:32    time: 0.0681  data: 0.0000  max mem: 2671
      Evaluation: [1600/1978]  eta: 0:00:25    time: 0.0681  data: 0.0000  max mem: 2671
      Evaluation: [1700/1978]  eta: 0:00:18    time: 0.0681  data: 0.0000  max mem: 2671
      Evaluation: [1800/1978]  eta: 0:00:12    time: 0.0681  data: 0.0000  max mem: 2671
      Evaluation: [1900/1978]  eta: 0:00:05    time: 0.0680  data: 0.0000  max mem: 2671
      Evaluation: [1977/1978]  eta: 0:00:00    time: 0.0681  data: 0.0000  max mem: 2671
      Evaluation: Total time: 0:02:14 (0.0682 s / it)
     Computing matching score time 0:02:15
### TTA ITM Score: 
+-------------------+--------+--------+--------+--------+--------+
|       epoch       |   R1   |   R5   |  R10   |  mAP   |  mINP  |
+-------------------+--------+--------+--------+--------+--------+
|  cos_sim_wo/norm  | 58.544 | 91.860 | 95.703 | 73.596 | 73.596 |
|        -999       | 69.414 | 95.197 | 97.776 | 81.233 | 81.233 |
| itm_score_wo/norm | 84.328 | 98.989 | 99.494 | 91.293 | 91.293 |
|        -999       | 84.277 | 99.039 | 99.596 | 91.276 | 91.276 |
|         0         | 84.328 | 99.039 | 99.596 | 91.301 | 91.301 |
|         1         | 84.277 | 99.039 | 99.596 | 91.276 | 91.276 |
|         2         | 84.277 | 99.039 | 99.596 | 91.276 | 91.276 |
|         4         | 84.530 | 99.039 | 99.596 | 91.392 | 91.392 |
|         9         | 84.681 | 98.989 | 99.596 | 91.452 | 91.452 |
|         14        | 84.783 | 98.938 | 99.545 | 91.489 | 91.489 |
|         19        | 84.732 | 98.888 | 99.545 | 91.438 | 91.438 |
|         29        | 84.681 | 98.888 | 99.494 | 91.383 | 91.383 |
|         39        | 84.681 | 98.787 | 99.494 | 91.362 | 91.362 |
|         49        | 84.732 | 98.787 | 99.494 | 91.383 | 91.383 |
|         59        | 84.681 | 98.787 | 99.494 | 91.358 | 91.358 |
+-------------------+--------+--------+--------+--------+--------+
     logs:  {'epo': 59, 'R1': 84.681, 'R5': 98.787, 'R10': 99.494, 'mAP': 91.358, 'mINP': 91.358, 'entropy': 0.197017, 'uncertainty': 1.25264, 'uncertainty_coeffi': 0.01, 'loss': 1.406849, 'lr': 0.0}
### best epoch: 14
### Time 0:27:49
NNODES,  1
NODE_RANK,  0
MASTER_ADDR,  127.0.0.1
MASTER_PORT,  1612
NPROC_PER_NODE,  2
task:  exp7.1.4
config:  configs_rerun3/exp7.1.4.yaml
output_dir:  output_rerun3/exp7.1.4/2025092108023
python3 tta.py --config configs_rerun3/exp7.1.4.yaml --task exp7.1.4 --output_dir output_rerun3/exp7.1.4/2025092108023 --checkpoint checkpoint/cmp.pth --bs 0 --epo 0 --lr 0.0 --seed 42 --tta
