/home/jiahao/miniconda3/envs/cmp/lib/python3.10/site-packages/torch/functional.py:554: UserWarning: torch.meshgrid: in an upcoming release, it will be required to pass the indexing argument. (Triggered internally at /pytorch/aten/src/ATen/native/TensorShape.cpp:4322.)
  return _VF.meshgrid(tensors, **kwargs)  # type: ignore[attr-defined]
Not using distributed mode
### Hyper-parameters:
     seed: 42
     device: cuda
     output_dir: output_rerun4/exp0.0.2/2025092301213
     batch_size_tta: 16
     epochs: 60
     lr: 0.0001
### Creating test dataset
from data/PAB/annotation/test/attr.json loading 1978 data
     test dataset -->    be_pose_img: False
     test_dataset: 1978
### Creating test dataloader
### be careful: func create_loader returns a list length of 1
     test_loader: 90
### Creating model
build_vision_encoder: load swin 224 x 224 ====>
missing_keys:  []
unexpected_keys:  ['head.weight', 'head.bias']
build_text_encoder: load bert ====>
missing_keys: ['bert.encoder.layer.10.crossattention.output.LayerNorm.bias', 'bert.encoder.layer.10.crossattention.output.LayerNorm.weight', 'bert.encoder.layer.10.crossattention.output.dense.bias', 'bert.encoder.layer.10.crossattention.output.dense.weight', 'bert.encoder.layer.10.crossattention.self.key.bias', 'bert.encoder.layer.10.crossattention.self.key.weight', 'bert.encoder.layer.10.crossattention.self.query.bias', 'bert.encoder.layer.10.crossattention.self.query.weight', 'bert.encoder.layer.10.crossattention.self.value.bias', 'bert.encoder.layer.10.crossattention.self.value.weight', 'bert.encoder.layer.11.crossattention.output.LayerNorm.bias', 'bert.encoder.layer.11.crossattention.output.LayerNorm.weight', 'bert.encoder.layer.11.crossattention.output.dense.bias', 'bert.encoder.layer.11.crossattention.output.dense.weight', 'bert.encoder.layer.11.crossattention.self.key.bias', 'bert.encoder.layer.11.crossattention.self.key.weight', 'bert.encoder.layer.11.crossattention.self.query.bias', 'bert.encoder.layer.11.crossattention.self.query.weight', 'bert.encoder.layer.11.crossattention.self.value.bias', 'bert.encoder.layer.11.crossattention.self.value.weight', 'bert.encoder.layer.6.crossattention.output.LayerNorm.bias', 'bert.encoder.layer.6.crossattention.output.LayerNorm.weight', 'bert.encoder.layer.6.crossattention.output.dense.bias', 'bert.encoder.layer.6.crossattention.output.dense.weight', 'bert.encoder.layer.6.crossattention.self.key.bias', 'bert.encoder.layer.6.crossattention.self.key.weight', 'bert.encoder.layer.6.crossattention.self.query.bias', 'bert.encoder.layer.6.crossattention.self.query.weight', 'bert.encoder.layer.6.crossattention.self.value.bias', 'bert.encoder.layer.6.crossattention.self.value.weight', 'bert.encoder.layer.7.crossattention.output.LayerNorm.bias', 'bert.encoder.layer.7.crossattention.output.LayerNorm.weight', 'bert.encoder.layer.7.crossattention.output.dense.bias', 'bert.encoder.layer.7.crossattention.output.dense.weight', 'bert.encoder.layer.7.crossattention.self.key.bias', 'bert.encoder.layer.7.crossattention.self.key.weight', 'bert.encoder.layer.7.crossattention.self.query.bias', 'bert.encoder.layer.7.crossattention.self.query.weight', 'bert.encoder.layer.7.crossattention.self.value.bias', 'bert.encoder.layer.7.crossattention.self.value.weight', 'bert.encoder.layer.8.crossattention.output.LayerNorm.bias', 'bert.encoder.layer.8.crossattention.output.LayerNorm.weight', 'bert.encoder.layer.8.crossattention.output.dense.bias', 'bert.encoder.layer.8.crossattention.output.dense.weight', 'bert.encoder.layer.8.crossattention.self.key.bias', 'bert.encoder.layer.8.crossattention.self.key.weight', 'bert.encoder.layer.8.crossattention.self.query.bias', 'bert.encoder.layer.8.crossattention.self.query.weight', 'bert.encoder.layer.8.crossattention.self.value.bias', 'bert.encoder.layer.8.crossattention.self.value.weight', 'bert.encoder.layer.9.crossattention.output.LayerNorm.bias', 'bert.encoder.layer.9.crossattention.output.LayerNorm.weight', 'bert.encoder.layer.9.crossattention.output.dense.bias', 'bert.encoder.layer.9.crossattention.output.dense.weight', 'bert.encoder.layer.9.crossattention.self.key.bias', 'bert.encoder.layer.9.crossattention.self.key.weight', 'bert.encoder.layer.9.crossattention.self.query.bias', 'bert.encoder.layer.9.crossattention.self.query.weight', 'bert.encoder.layer.9.crossattention.self.value.bias', 'bert.encoder.layer.9.crossattention.self.value.weight']
unexpected_keys: ['cls.seq_relationship.bias', 'cls.seq_relationship.weight']
mismatched_keys: []
error_msgs: []
Label Smooth: 0.2
load checkpoint from checkpoint/16m_base_model_state_step_199999.th
missing_keys:  []
unexpected_keys:  ['bbox_head.0.weight', 'bbox_head.0.bias', 'bbox_head.1.weight', 'bbox_head.1.bias', 'bbox_head.3.weight', 'bbox_head.3.bias']
     Total Params Sum:  214446837
### Inference ITC similiarity matrix
     Computing text features for evaluation
     Computing image features for evaluation
/home/jiahao/task/CMP/eval.py:129: UserWarning: To copy construct from a tensor, it is recommended to use sourceTensor.detach().clone() or sourceTensor.detach().clone().requires_grad_(True), rather than torch.tensor(sourceTensor).
  similarity = torch.tensor(scores_t2i)
     Computing features time 0:00:13
### Zero-Shot ITC Score: 
+-------+--------+--------+--------+--------+--------+
| epoch |   R1   |   R5   |  R10   |  mAP   |  mINP  |
+-------+--------+--------+--------+--------+--------+
|  -999 | 53.438 | 86.855 | 92.922 | 68.348 | 68.348 |
+-------+--------+--------+--------+--------+--------+
     Computing matching score
      Evaluation: [   0/1978]  eta: 0:04:35    time: 0.1391  data: 0.0019  max mem: 2074
      Evaluation: [ 100/1978]  eta: 0:03:24    time: 0.0941  data: 0.0000  max mem: 2074
      Evaluation: [ 200/1978]  eta: 0:03:06    time: 0.1087  data: 0.0000  max mem: 2074
      Evaluation: [ 300/1978]  eta: 0:02:58    time: 0.1114  data: 0.0000  max mem: 2074
      Evaluation: [ 400/1978]  eta: 0:02:47    time: 0.0834  data: 0.0000  max mem: 2074
      Evaluation: [ 500/1978]  eta: 0:02:36    time: 0.1093  data: 0.0000  max mem: 2074
      Evaluation: [ 600/1978]  eta: 0:02:26    time: 0.1091  data: 0.0000  max mem: 2074
      Evaluation: [ 700/1978]  eta: 0:02:15    time: 0.0722  data: 0.0000  max mem: 2074
      Evaluation: [ 800/1978]  eta: 0:02:04    time: 0.1084  data: 0.0000  max mem: 2074
      Evaluation: [ 900/1978]  eta: 0:01:54    time: 0.1098  data: 0.0000  max mem: 2074
      Evaluation: [1000/1978]  eta: 0:01:43    time: 0.0744  data: 0.0000  max mem: 2074
      Evaluation: [1100/1978]  eta: 0:01:32    time: 0.1116  data: 0.0000  max mem: 2074
      Evaluation: [1200/1978]  eta: 0:01:22    time: 0.1106  data: 0.0000  max mem: 2074
      Evaluation: [1300/1978]  eta: 0:01:11    time: 0.0805  data: 0.0000  max mem: 2074
      Evaluation: [1400/1978]  eta: 0:01:01    time: 0.1108  data: 0.0000  max mem: 2074
      Evaluation: [1500/1978]  eta: 0:00:50    time: 0.1101  data: 0.0000  max mem: 2074
      Evaluation: [1600/1978]  eta: 0:00:39    time: 0.0776  data: 0.0000  max mem: 2074
      Evaluation: [1700/1978]  eta: 0:00:28    time: 0.0681  data: 0.0000  max mem: 2074
      Evaluation: [1800/1978]  eta: 0:00:18    time: 0.0675  data: 0.0000  max mem: 2074
      Evaluation: [1900/1978]  eta: 0:00:07    time: 0.0675  data: 0.0000  max mem: 2074
      Evaluation: [1977/1978]  eta: 0:00:00    time: 0.0676  data: 0.0000  max mem: 2074
      Evaluation: Total time: 0:03:14 (0.0986 s / it)
     Computing matching score time 0:03:15
### Zero-Shot ITM Score: 
+-------+--------+--------+--------+--------+--------+
| epoch |   R1   |   R5   |  R10   |  mAP   |  mINP  |
+-------+--------+--------+--------+--------+--------+
|  -999 | 53.438 | 86.855 | 92.922 | 68.348 | 68.348 |
|  -999 | 72.700 | 97.776 | 99.090 | 84.322 | 84.322 |
+-------+--------+--------+--------+--------+--------+
### TTA:
     preprocess_tta_coefficients  start
     sample selection ...
     number of sample after sample_selection: 1978
     uncertainty ...
     preprocess_tta_coefficients  end
### Creating tta dataset
     tta_dataset: 1978
### Creating tta dataloader
### be careful: func create_loader returns a list length of 1
     tta_loader: 123
### Configure adapted weights
     TTA Dropout Modules: 
 [('vision_encoder.pos_drop', Dropout(p=0, inplace=False), True), ('vision_encoder.layers.0.blocks.0.attn.attn_drop', Dropout(p=0.0, inplace=False), True), ('vision_encoder.layers.0.blocks.0.attn.proj_drop', Dropout(p=0, inplace=False), True), ('vision_encoder.layers.0.blocks.0.mlp.drop', Dropout(p=0, inplace=False), True), ('vision_encoder.layers.0.blocks.1.attn.attn_drop', Dropout(p=0.0, inplace=False), True), ('vision_encoder.layers.0.blocks.1.attn.proj_drop', Dropout(p=0, inplace=False), True), ('vision_encoder.layers.0.blocks.1.mlp.drop', Dropout(p=0, inplace=False), True), ('vision_encoder.layers.1.blocks.0.attn.attn_drop', Dropout(p=0.0, inplace=False), True), ('vision_encoder.layers.1.blocks.0.attn.proj_drop', Dropout(p=0, inplace=False), True), ('vision_encoder.layers.1.blocks.0.mlp.drop', Dropout(p=0, inplace=False), True), ('vision_encoder.layers.1.blocks.1.attn.attn_drop', Dropout(p=0.0, inplace=False), True), ('vision_encoder.layers.1.blocks.1.attn.proj_drop', Dropout(p=0, inplace=False), True), ('vision_encoder.layers.1.blocks.1.mlp.drop', Dropout(p=0, inplace=False), True), ('vision_encoder.layers.2.blocks.0.attn.attn_drop', Dropout(p=0.0, inplace=False), True), ('vision_encoder.layers.2.blocks.0.attn.proj_drop', Dropout(p=0, inplace=False), True), ('vision_encoder.layers.2.blocks.0.mlp.drop', Dropout(p=0, inplace=False), True), ('vision_encoder.layers.2.blocks.1.attn.attn_drop', Dropout(p=0.0, inplace=False), True), ('vision_encoder.layers.2.blocks.1.attn.proj_drop', Dropout(p=0, inplace=False), True), ('vision_encoder.layers.2.blocks.1.mlp.drop', Dropout(p=0, inplace=False), True), ('vision_encoder.layers.2.blocks.2.attn.attn_drop', Dropout(p=0.0, inplace=False), True), ('vision_encoder.layers.2.blocks.2.attn.proj_drop', Dropout(p=0, inplace=False), True), ('vision_encoder.layers.2.blocks.2.mlp.drop', Dropout(p=0, inplace=False), True), ('vision_encoder.layers.2.blocks.3.attn.attn_drop', Dropout(p=0.0, inplace=False), True), ('vision_encoder.layers.2.blocks.3.attn.proj_drop', Dropout(p=0, inplace=False), True), ('vision_encoder.layers.2.blocks.3.mlp.drop', Dropout(p=0, inplace=False), True), ('vision_encoder.layers.2.blocks.4.attn.attn_drop', Dropout(p=0.0, inplace=False), True), ('vision_encoder.layers.2.blocks.4.attn.proj_drop', Dropout(p=0, inplace=False), True), ('vision_encoder.layers.2.blocks.4.mlp.drop', Dropout(p=0, inplace=False), True), ('vision_encoder.layers.2.blocks.5.attn.attn_drop', Dropout(p=0.0, inplace=False), True), ('vision_encoder.layers.2.blocks.5.attn.proj_drop', Dropout(p=0, inplace=False), True), ('vision_encoder.layers.2.blocks.5.mlp.drop', Dropout(p=0, inplace=False), True), ('vision_encoder.layers.2.blocks.6.attn.attn_drop', Dropout(p=0.0, inplace=False), True), ('vision_encoder.layers.2.blocks.6.attn.proj_drop', Dropout(p=0, inplace=False), True), ('vision_encoder.layers.2.blocks.6.mlp.drop', Dropout(p=0, inplace=False), True), ('vision_encoder.layers.2.blocks.7.attn.attn_drop', Dropout(p=0.0, inplace=False), True), ('vision_encoder.layers.2.blocks.7.attn.proj_drop', Dropout(p=0, inplace=False), True), ('vision_encoder.layers.2.blocks.7.mlp.drop', Dropout(p=0, inplace=False), True), ('vision_encoder.layers.2.blocks.8.attn.attn_drop', Dropout(p=0.0, inplace=False), True), ('vision_encoder.layers.2.blocks.8.attn.proj_drop', Dropout(p=0, inplace=False), True), ('vision_encoder.layers.2.blocks.8.mlp.drop', Dropout(p=0, inplace=False), True), ('vision_encoder.layers.2.blocks.9.attn.attn_drop', Dropout(p=0.0, inplace=False), True), ('vision_encoder.layers.2.blocks.9.attn.proj_drop', Dropout(p=0, inplace=False), True), ('vision_encoder.layers.2.blocks.9.mlp.drop', Dropout(p=0, inplace=False), True), ('vision_encoder.layers.2.blocks.10.attn.attn_drop', Dropout(p=0.0, inplace=False), True), ('vision_encoder.layers.2.blocks.10.attn.proj_drop', Dropout(p=0, inplace=False), True), ('vision_encoder.layers.2.blocks.10.mlp.drop', Dropout(p=0, inplace=False), True), ('vision_encoder.layers.2.blocks.11.attn.attn_drop', Dropout(p=0.0, inplace=False), True), ('vision_encoder.layers.2.blocks.11.attn.proj_drop', Dropout(p=0, inplace=False), True), ('vision_encoder.layers.2.blocks.11.mlp.drop', Dropout(p=0, inplace=False), True), ('vision_encoder.layers.2.blocks.12.attn.attn_drop', Dropout(p=0.0, inplace=False), True), ('vision_encoder.layers.2.blocks.12.attn.proj_drop', Dropout(p=0, inplace=False), True), ('vision_encoder.layers.2.blocks.12.mlp.drop', Dropout(p=0, inplace=False), True), ('vision_encoder.layers.2.blocks.13.attn.attn_drop', Dropout(p=0.0, inplace=False), True), ('vision_encoder.layers.2.blocks.13.attn.proj_drop', Dropout(p=0, inplace=False), True), ('vision_encoder.layers.2.blocks.13.mlp.drop', Dropout(p=0, inplace=False), True), ('vision_encoder.layers.2.blocks.14.attn.attn_drop', Dropout(p=0.0, inplace=False), True), ('vision_encoder.layers.2.blocks.14.attn.proj_drop', Dropout(p=0, inplace=False), True), ('vision_encoder.layers.2.blocks.14.mlp.drop', Dropout(p=0, inplace=False), True), ('vision_encoder.layers.2.blocks.15.attn.attn_drop', Dropout(p=0.0, inplace=False), True), ('vision_encoder.layers.2.blocks.15.attn.proj_drop', Dropout(p=0, inplace=False), True), ('vision_encoder.layers.2.blocks.15.mlp.drop', Dropout(p=0, inplace=False), True), ('vision_encoder.layers.2.blocks.16.attn.attn_drop', Dropout(p=0.0, inplace=False), True), ('vision_encoder.layers.2.blocks.16.attn.proj_drop', Dropout(p=0, inplace=False), True), ('vision_encoder.layers.2.blocks.16.mlp.drop', Dropout(p=0, inplace=False), True), ('vision_encoder.layers.2.blocks.17.attn.attn_drop', Dropout(p=0.0, inplace=False), True), ('vision_encoder.layers.2.blocks.17.attn.proj_drop', Dropout(p=0, inplace=False), True), ('vision_encoder.layers.2.blocks.17.mlp.drop', Dropout(p=0, inplace=False), True), ('vision_encoder.layers.3.blocks.0.attn.attn_drop', Dropout(p=0.0, inplace=False), True), ('vision_encoder.layers.3.blocks.0.attn.proj_drop', Dropout(p=0, inplace=False), True), ('vision_encoder.layers.3.blocks.0.mlp.drop', Dropout(p=0, inplace=False), True), ('vision_encoder.layers.3.blocks.1.attn.attn_drop', Dropout(p=0.0, inplace=False), True), ('vision_encoder.layers.3.blocks.1.attn.proj_drop', Dropout(p=0, inplace=False), True), ('vision_encoder.layers.3.blocks.1.mlp.drop', Dropout(p=0, inplace=False), True), ('text_encoder.bert.embeddings.dropout', Dropout(p=0.1, inplace=False), True), ('text_encoder.bert.encoder.layer.0.attention.self.dropout', Dropout(p=0.1, inplace=False), True), ('text_encoder.bert.encoder.layer.0.attention.output.dropout', Dropout(p=0.1, inplace=False), True), ('text_encoder.bert.encoder.layer.0.output.dropout', Dropout(p=0.1, inplace=False), True), ('text_encoder.bert.encoder.layer.1.attention.self.dropout', Dropout(p=0.1, inplace=False), True), ('text_encoder.bert.encoder.layer.1.attention.output.dropout', Dropout(p=0.1, inplace=False), True), ('text_encoder.bert.encoder.layer.1.output.dropout', Dropout(p=0.1, inplace=False), True), ('text_encoder.bert.encoder.layer.2.attention.self.dropout', Dropout(p=0.1, inplace=False), True), ('text_encoder.bert.encoder.layer.2.attention.output.dropout', Dropout(p=0.1, inplace=False), True), ('text_encoder.bert.encoder.layer.2.output.dropout', Dropout(p=0.1, inplace=False), True), ('text_encoder.bert.encoder.layer.3.attention.self.dropout', Dropout(p=0.1, inplace=False), True), ('text_encoder.bert.encoder.layer.3.attention.output.dropout', Dropout(p=0.1, inplace=False), True), ('text_encoder.bert.encoder.layer.3.output.dropout', Dropout(p=0.1, inplace=False), True), ('text_encoder.bert.encoder.layer.4.attention.self.dropout', Dropout(p=0.1, inplace=False), True), ('text_encoder.bert.encoder.layer.4.attention.output.dropout', Dropout(p=0.1, inplace=False), True), ('text_encoder.bert.encoder.layer.4.output.dropout', Dropout(p=0.1, inplace=False), True), ('text_encoder.bert.encoder.layer.5.attention.self.dropout', Dropout(p=0.1, inplace=False), True), ('text_encoder.bert.encoder.layer.5.attention.output.dropout', Dropout(p=0.1, inplace=False), True), ('text_encoder.bert.encoder.layer.5.output.dropout', Dropout(p=0.1, inplace=False), True), ('text_encoder.bert.encoder.layer.6.attention.self.dropout', Dropout(p=0.1, inplace=False), True), ('text_encoder.bert.encoder.layer.6.attention.output.dropout', Dropout(p=0.1, inplace=False), True), ('text_encoder.bert.encoder.layer.6.crossattention.self.dropout', Dropout(p=0.1, inplace=False), True), ('text_encoder.bert.encoder.layer.6.crossattention.output.dropout', Dropout(p=0.1, inplace=False), True), ('text_encoder.bert.encoder.layer.6.output.dropout', Dropout(p=0.1, inplace=False), True), ('text_encoder.bert.encoder.layer.7.attention.self.dropout', Dropout(p=0.1, inplace=False), True), ('text_encoder.bert.encoder.layer.7.attention.output.dropout', Dropout(p=0.1, inplace=False), True), ('text_encoder.bert.encoder.layer.7.crossattention.self.dropout', Dropout(p=0.1, inplace=False), True), ('text_encoder.bert.encoder.layer.7.crossattention.output.dropout', Dropout(p=0.1, inplace=False), True), ('text_encoder.bert.encoder.layer.7.output.dropout', Dropout(p=0.1, inplace=False), True), ('text_encoder.bert.encoder.layer.8.attention.self.dropout', Dropout(p=0.1, inplace=False), True), ('text_encoder.bert.encoder.layer.8.attention.output.dropout', Dropout(p=0.1, inplace=False), True), ('text_encoder.bert.encoder.layer.8.crossattention.self.dropout', Dropout(p=0.1, inplace=False), True), ('text_encoder.bert.encoder.layer.8.crossattention.output.dropout', Dropout(p=0.1, inplace=False), True), ('text_encoder.bert.encoder.layer.8.output.dropout', Dropout(p=0.1, inplace=False), True), ('text_encoder.bert.encoder.layer.9.attention.self.dropout', Dropout(p=0.1, inplace=False), True), ('text_encoder.bert.encoder.layer.9.attention.output.dropout', Dropout(p=0.1, inplace=False), True), ('text_encoder.bert.encoder.layer.9.crossattention.self.dropout', Dropout(p=0.1, inplace=False), True), ('text_encoder.bert.encoder.layer.9.crossattention.output.dropout', Dropout(p=0.1, inplace=False), True), ('text_encoder.bert.encoder.layer.9.output.dropout', Dropout(p=0.1, inplace=False), True), ('text_encoder.bert.encoder.layer.10.attention.self.dropout', Dropout(p=0.1, inplace=False), True), ('text_encoder.bert.encoder.layer.10.attention.output.dropout', Dropout(p=0.1, inplace=False), True), ('text_encoder.bert.encoder.layer.10.crossattention.self.dropout', Dropout(p=0.1, inplace=False), True), ('text_encoder.bert.encoder.layer.10.crossattention.output.dropout', Dropout(p=0.1, inplace=False), True), ('text_encoder.bert.encoder.layer.10.output.dropout', Dropout(p=0.1, inplace=False), True), ('text_encoder.bert.encoder.layer.11.attention.self.dropout', Dropout(p=0.1, inplace=False), True), ('text_encoder.bert.encoder.layer.11.attention.output.dropout', Dropout(p=0.1, inplace=False), True), ('text_encoder.bert.encoder.layer.11.crossattention.self.dropout', Dropout(p=0.1, inplace=False), True), ('text_encoder.bert.encoder.layer.11.crossattention.output.dropout', Dropout(p=0.1, inplace=False), True), ('text_encoder.bert.encoder.layer.11.output.dropout', Dropout(p=0.1, inplace=False), True)]
     TTA Require Gradient Params: 
 [('text_encoder.bert.embeddings.LayerNorm.weight', torch.Size([768])), ('text_encoder.bert.embeddings.LayerNorm.bias', torch.Size([768])), ('text_encoder.bert.encoder.layer.6.attention.output.LayerNorm.weight', torch.Size([768])), ('text_encoder.bert.encoder.layer.6.attention.output.LayerNorm.bias', torch.Size([768])), ('text_encoder.bert.encoder.layer.6.crossattention.output.LayerNorm.weight', torch.Size([768])), ('text_encoder.bert.encoder.layer.6.crossattention.output.LayerNorm.bias', torch.Size([768])), ('text_encoder.bert.encoder.layer.6.output.LayerNorm.weight', torch.Size([768])), ('text_encoder.bert.encoder.layer.6.output.LayerNorm.bias', torch.Size([768])), ('text_encoder.bert.encoder.layer.7.attention.output.LayerNorm.weight', torch.Size([768])), ('text_encoder.bert.encoder.layer.7.attention.output.LayerNorm.bias', torch.Size([768])), ('text_encoder.bert.encoder.layer.7.crossattention.output.LayerNorm.weight', torch.Size([768])), ('text_encoder.bert.encoder.layer.7.crossattention.output.LayerNorm.bias', torch.Size([768])), ('text_encoder.bert.encoder.layer.7.output.LayerNorm.weight', torch.Size([768])), ('text_encoder.bert.encoder.layer.7.output.LayerNorm.bias', torch.Size([768])), ('text_encoder.bert.encoder.layer.8.attention.output.LayerNorm.weight', torch.Size([768])), ('text_encoder.bert.encoder.layer.8.attention.output.LayerNorm.bias', torch.Size([768])), ('text_encoder.bert.encoder.layer.8.crossattention.output.LayerNorm.weight', torch.Size([768])), ('text_encoder.bert.encoder.layer.8.crossattention.output.LayerNorm.bias', torch.Size([768])), ('text_encoder.bert.encoder.layer.8.output.LayerNorm.weight', torch.Size([768])), ('text_encoder.bert.encoder.layer.8.output.LayerNorm.bias', torch.Size([768])), ('text_encoder.bert.encoder.layer.9.attention.output.LayerNorm.weight', torch.Size([768])), ('text_encoder.bert.encoder.layer.9.attention.output.LayerNorm.bias', torch.Size([768])), ('text_encoder.bert.encoder.layer.9.crossattention.output.LayerNorm.weight', torch.Size([768])), ('text_encoder.bert.encoder.layer.9.crossattention.output.LayerNorm.bias', torch.Size([768])), ('text_encoder.bert.encoder.layer.9.output.LayerNorm.weight', torch.Size([768])), ('text_encoder.bert.encoder.layer.9.output.LayerNorm.bias', torch.Size([768])), ('text_encoder.bert.encoder.layer.10.attention.output.LayerNorm.weight', torch.Size([768])), ('text_encoder.bert.encoder.layer.10.attention.output.LayerNorm.bias', torch.Size([768])), ('text_encoder.bert.encoder.layer.10.crossattention.output.LayerNorm.weight', torch.Size([768])), ('text_encoder.bert.encoder.layer.10.crossattention.output.LayerNorm.bias', torch.Size([768])), ('text_encoder.bert.encoder.layer.10.output.LayerNorm.weight', torch.Size([768])), ('text_encoder.bert.encoder.layer.10.output.LayerNorm.bias', torch.Size([768])), ('text_encoder.bert.encoder.layer.11.attention.output.LayerNorm.weight', torch.Size([768])), ('text_encoder.bert.encoder.layer.11.attention.output.LayerNorm.bias', torch.Size([768])), ('text_encoder.bert.encoder.layer.11.crossattention.output.LayerNorm.weight', torch.Size([768])), ('text_encoder.bert.encoder.layer.11.crossattention.output.LayerNorm.bias', torch.Size([768])), ('text_encoder.bert.encoder.layer.11.output.LayerNorm.weight', torch.Size([768])), ('text_encoder.bert.encoder.layer.11.output.LayerNorm.bias', torch.Size([768])), ('text_encoder.cls.predictions.transform.LayerNorm.weight', torch.Size([768])), ('text_encoder.cls.predictions.transform.LayerNorm.bias', torch.Size([768])), ('itm_head.1.weight', torch.Size([1536])), ('itm_head.1.bias', torch.Size([1536]))]
     TTA Dropout Modules Number: 
 122
     TTA Require Gradient Params Sum: 
 33792
     lr:  0.0001    lr_mult:  2
     model has 'init_params',  363
     num_tta_steps:  7440
     num_warmup_steps:  500
     sched: step
/home/jiahao/task/CMP/tta.py:253: FutureWarning: `torch.cuda.amp.GradScaler(args...)` is deprecated. Please use `torch.amp.GradScaler('cuda', args...)` instead.
  scaler = GradScaler()  # bf16
### Start ITM Test Time Adaptation
      TTA Epoch: [0] [  0/123]  eta: 0:01:52  entropy: 0.9442  uncertainty: 1.0000  uncertainty_coeffi: 1.0000  loss: 0.9442  lr: 0.000000  time: 0.9150  data: 0.4400  max mem: 2478
      TTA Epoch: [0] [100/123]  eta: 0:00:01  entropy: 1.0761  uncertainty: 1.0000  uncertainty_coeffi: 1.0000  loss: 1.0761  lr: 0.000020  time: 0.0621  data: 0.0001  max mem: 2509
      TTA Epoch: [0] [122/123]  eta: 0:00:00  entropy: 0.9549  uncertainty: 1.0000  uncertainty_coeffi: 1.0000  loss: 0.9549  lr: 0.000025  time: 0.0616  data: 0.0001  max mem: 2509
      TTA Epoch: [0] Total time: 0:00:08 (0.0686 s / it)
     Averaged stats: entropy: 0.9493  uncertainty: 1.0000  uncertainty_coeffi: 1.0000  loss: 0.9493  lr: 0.0000
     itm tta time 0:00:08
     Computing matching score
      Evaluation: [   0/1978]  eta: 0:02:34    time: 0.0782  data: 0.0034  max mem: 2509
      Evaluation: [ 100/1978]  eta: 0:02:08    time: 0.0677  data: 0.0000  max mem: 2509
      Evaluation: [ 200/1978]  eta: 0:02:01    time: 0.0677  data: 0.0000  max mem: 2509
      Evaluation: [ 300/1978]  eta: 0:01:54    time: 0.0685  data: 0.0000  max mem: 2509
      Evaluation: [ 400/1978]  eta: 0:01:47    time: 0.0676  data: 0.0000  max mem: 2509
      Evaluation: [ 500/1978]  eta: 0:01:40    time: 0.0676  data: 0.0000  max mem: 2509
      Evaluation: [ 600/1978]  eta: 0:01:33    time: 0.0677  data: 0.0000  max mem: 2509
      Evaluation: [ 700/1978]  eta: 0:01:26    time: 0.0678  data: 0.0000  max mem: 2509
      Evaluation: [ 800/1978]  eta: 0:01:20    time: 0.0676  data: 0.0000  max mem: 2509
      Evaluation: [ 900/1978]  eta: 0:01:13    time: 0.0704  data: 0.0000  max mem: 2509
      Evaluation: [1000/1978]  eta: 0:01:06    time: 0.0687  data: 0.0000  max mem: 2509
      Evaluation: [1100/1978]  eta: 0:00:59    time: 0.0720  data: 0.0000  max mem: 2509
      Evaluation: [1200/1978]  eta: 0:00:53    time: 0.0678  data: 0.0000  max mem: 2509
      Evaluation: [1300/1978]  eta: 0:00:46    time: 0.0682  data: 0.0000  max mem: 2509
      Evaluation: [1400/1978]  eta: 0:00:39    time: 0.0677  data: 0.0000  max mem: 2509
      Evaluation: [1500/1978]  eta: 0:00:32    time: 0.0677  data: 0.0000  max mem: 2509
      Evaluation: [1600/1978]  eta: 0:00:25    time: 0.0677  data: 0.0000  max mem: 2509
      Evaluation: [1700/1978]  eta: 0:00:19    time: 0.0686  data: 0.0000  max mem: 2509
      Evaluation: [1800/1978]  eta: 0:00:12    time: 0.0677  data: 0.0000  max mem: 2509
      Evaluation: [1900/1978]  eta: 0:00:05    time: 0.0685  data: 0.0000  max mem: 2509
      Evaluation: [1977/1978]  eta: 0:00:00    time: 0.0677  data: 0.0000  max mem: 2509
      Evaluation: Total time: 0:02:16 (0.0690 s / it)
     Computing matching score time 0:02:16
### TTA ITM Score: 
+-------+--------+--------+--------+--------+--------+
| epoch |   R1   |   R5   |  R10   |  mAP   |  mINP  |
+-------+--------+--------+--------+--------+--------+
|  -999 | 53.438 | 86.855 | 92.922 | 68.348 | 68.348 |
|  -999 | 72.700 | 97.776 | 99.090 | 84.322 | 84.322 |
|   0   | 72.952 | 97.877 | 99.090 | 84.473 | 84.473 |
+-------+--------+--------+--------+--------+--------+
     logs:  {'epo': 0, 'R1': 72.952, 'R5': 97.877, 'R10': 99.09, 'mAP': 84.473, 'mINP': 84.473, 'entropy': 0.949341, 'uncertainty': 1.0, 'uncertainty_coeffi': 1.0, 'loss': 0.949341, 'lr': 1.2e-05}
      TTA Epoch: [1] [  0/123]  eta: 0:00:56  entropy: 0.7882  uncertainty: 1.0000  uncertainty_coeffi: 1.0000  loss: 0.7882  lr: 0.000025  time: 0.4590  data: 0.3602  max mem: 2509
      TTA Epoch: [1] [100/123]  eta: 0:00:01  entropy: 0.4584  uncertainty: 1.0000  uncertainty_coeffi: 1.0000  loss: 0.4584  lr: 0.000045  time: 0.0625  data: 0.0001  max mem: 2516
      TTA Epoch: [1] [122/123]  eta: 0:00:00  entropy: 0.5599  uncertainty: 1.0000  uncertainty_coeffi: 1.0000  loss: 0.5599  lr: 0.000049  time: 0.0610  data: 0.0001  max mem: 2516
      TTA Epoch: [1] Total time: 0:00:08 (0.0653 s / it)
     Averaged stats: entropy: 0.7198  uncertainty: 1.0000  uncertainty_coeffi: 1.0000  loss: 0.7198  lr: 0.0000
     itm tta time 0:00:08
     Computing matching score
      Evaluation: [   0/1978]  eta: 0:02:20    time: 0.0708  data: 0.0052  max mem: 2516
      Evaluation: [ 100/1978]  eta: 0:02:08    time: 0.0680  data: 0.0000  max mem: 2516
      Evaluation: [ 200/1978]  eta: 0:02:12    time: 0.1108  data: 0.0000  max mem: 2516
      Evaluation: [ 300/1978]  eta: 0:02:24    time: 0.1094  data: 0.0000  max mem: 2516
      Evaluation: [ 400/1978]  eta: 0:02:25    time: 0.1107  data: 0.0000  max mem: 2516
      Evaluation: [ 500/1978]  eta: 0:02:18    time: 0.1100  data: 0.0000  max mem: 2516
      Evaluation: [ 600/1978]  eta: 0:02:12    time: 0.1100  data: 0.0000  max mem: 2516
      Evaluation: [ 700/1978]  eta: 0:02:05    time: 0.1079  data: 0.0000  max mem: 2516
      Evaluation: [ 800/1978]  eta: 0:01:55    time: 0.1097  data: 0.0000  max mem: 2516
      Evaluation: [ 900/1978]  eta: 0:01:46    time: 0.1088  data: 0.0000  max mem: 2516
      Evaluation: [1000/1978]  eta: 0:01:37    time: 0.1082  data: 0.0000  max mem: 2516
      Evaluation: [1100/1978]  eta: 0:01:27    time: 0.1131  data: 0.0000  max mem: 2516
      Evaluation: [1200/1978]  eta: 0:01:18    time: 0.1105  data: 0.0000  max mem: 2516
      Evaluation: [1300/1978]  eta: 0:01:08    time: 0.1105  data: 0.0000  max mem: 2516
      Evaluation: [1400/1978]  eta: 0:00:58    time: 0.1112  data: 0.0000  max mem: 2516
      Evaluation: [1500/1978]  eta: 0:00:48    time: 0.1115  data: 0.0000  max mem: 2516
      Evaluation: [1600/1978]  eta: 0:00:38    time: 0.1106  data: 0.0000  max mem: 2516
      Evaluation: [1700/1978]  eta: 0:00:28    time: 0.1081  data: 0.0000  max mem: 2516
      Evaluation: [1800/1978]  eta: 0:00:18    time: 0.1074  data: 0.0000  max mem: 2516
      Evaluation: [1900/1978]  eta: 0:00:08    time: 0.1051  data: 0.0000  max mem: 2516
      Evaluation: [1977/1978]  eta: 0:00:00    time: 0.1102  data: 0.0000  max mem: 2516
      Evaluation: Total time: 0:03:22 (0.1025 s / it)
     Computing matching score time 0:03:23
### TTA ITM Score: 
+-------+--------+--------+--------+--------+--------+
| epoch |   R1   |   R5   |  R10   |  mAP   |  mINP  |
+-------+--------+--------+--------+--------+--------+
|  -999 | 53.438 | 86.855 | 92.922 | 68.348 | 68.348 |
|  -999 | 72.700 | 97.776 | 99.090 | 84.322 | 84.322 |
|   0   | 72.952 | 97.877 | 99.090 | 84.473 | 84.473 |
|   1   | 73.660 | 97.978 | 99.039 | 84.901 | 84.901 |
+-------+--------+--------+--------+--------+--------+
     logs:  {'epo': 1, 'R1': 73.66, 'R5': 97.978, 'R10': 99.039, 'mAP': 84.901, 'mINP': 84.901, 'entropy': 0.719799, 'uncertainty': 1.0, 'uncertainty_coeffi': 1.0, 'loss': 0.719799, 'lr': 3.7e-05}
      TTA Epoch: [2] [  0/123]  eta: 0:01:11  entropy: 0.5671  uncertainty: 1.0000  uncertainty_coeffi: 1.0000  loss: 0.5671  lr: 0.000049  time: 0.5800  data: 0.4350  max mem: 2516
      TTA Epoch: [2] [100/123]  eta: 0:00:02  entropy: 0.5775  uncertainty: 1.0000  uncertainty_coeffi: 1.0000  loss: 0.5775  lr: 0.000069  time: 0.1072  data: 0.0001  max mem: 2516
      TTA Epoch: [2] [122/123]  eta: 0:00:00  entropy: 0.6012  uncertainty: 1.0000  uncertainty_coeffi: 1.0000  loss: 0.6012  lr: 0.000074  time: 0.1047  data: 0.0001  max mem: 2516
      TTA Epoch: [2] Total time: 0:00:13 (0.1089 s / it)
     Averaged stats: entropy: 0.5389  uncertainty: 1.0000  uncertainty_coeffi: 1.0000  loss: 0.5389  lr: 0.0001
     itm tta time 0:00:13
     Computing matching score
      Evaluation: [   0/1978]  eta: 0:03:52    time: 0.1176  data: 0.0042  max mem: 2516
      Evaluation: [ 100/1978]  eta: 0:03:03    time: 0.0809  data: 0.0000  max mem: 2516
      Evaluation: [ 200/1978]  eta: 0:03:03    time: 0.1098  data: 0.0000  max mem: 2516
      Evaluation: [ 300/1978]  eta: 0:02:56    time: 0.1090  data: 0.0000  max mem: 2516
      Evaluation: [ 400/1978]  eta: 0:02:42    time: 0.0873  data: 0.0000  max mem: 2516
      Evaluation: [ 500/1978]  eta: 0:02:33    time: 0.1107  data: 0.0000  max mem: 2516
      Evaluation: [ 600/1978]  eta: 0:02:24    time: 0.1109  data: 0.0000  max mem: 2516
      Evaluation: [ 700/1978]  eta: 0:02:12    time: 0.0876  data: 0.0000  max mem: 2516
      Evaluation: [ 800/1978]  eta: 0:02:03    time: 0.1112  data: 0.0000  max mem: 2516
      Evaluation: [ 900/1978]  eta: 0:01:53    time: 0.1100  data: 0.0000  max mem: 2516
      Evaluation: [1000/1978]  eta: 0:01:41    time: 0.0799  data: 0.0000  max mem: 2516
      Evaluation: [1100/1978]  eta: 0:01:29    time: 0.1078  data: 0.0000  max mem: 2516
      Evaluation: [1200/1978]  eta: 0:01:16    time: 0.0680  data: 0.0000  max mem: 2516
      Evaluation: [1300/1978]  eta: 0:01:05    time: 0.0680  data: 0.0000  max mem: 2516
      Evaluation: [1400/1978]  eta: 0:00:54    time: 0.0674  data: 0.0000  max mem: 2516
      Evaluation: [1500/1978]  eta: 0:00:44    time: 0.0675  data: 0.0000  max mem: 2516
      Evaluation: [1600/1978]  eta: 0:00:34    time: 0.0675  data: 0.0000  max mem: 2516
      Evaluation: [1700/1978]  eta: 0:00:24    time: 0.0674  data: 0.0000  max mem: 2516
      Evaluation: [1800/1978]  eta: 0:00:15    time: 0.0673  data: 0.0000  max mem: 2516
      Evaluation: [1900/1978]  eta: 0:00:06    time: 0.0674  data: 0.0000  max mem: 2516
      Evaluation: [1977/1978]  eta: 0:00:00    time: 0.0674  data: 0.0000  max mem: 2516
      Evaluation: Total time: 0:02:51 (0.0868 s / it)
     Computing matching score time 0:02:51
### TTA ITM Score: 
+-------+--------+--------+--------+--------+--------+
| epoch |   R1   |   R5   |  R10   |  mAP   |  mINP  |
+-------+--------+--------+--------+--------+--------+
|  -999 | 53.438 | 86.855 | 92.922 | 68.348 | 68.348 |
|  -999 | 72.700 | 97.776 | 99.090 | 84.322 | 84.322 |
|   0   | 72.952 | 97.877 | 99.090 | 84.473 | 84.473 |
|   1   | 73.660 | 97.978 | 99.039 | 84.901 | 84.901 |
|   2   | 73.862 | 98.079 | 99.090 | 85.050 | 85.050 |
+-------+--------+--------+--------+--------+--------+
     logs:  {'epo': 2, 'R1': 73.862, 'R5': 98.079, 'R10': 99.09, 'mAP': 85.05, 'mINP': 85.05, 'entropy': 0.538924, 'uncertainty': 1.0, 'uncertainty_coeffi': 1.0, 'loss': 0.538924, 'lr': 6.2e-05}
      TTA Epoch: [3] [  0/123]  eta: 0:00:54  entropy: 0.4855  uncertainty: 1.0000  uncertainty_coeffi: 1.0000  loss: 0.4855  lr: 0.000074  time: 0.4427  data: 0.3384  max mem: 2516
      TTA Epoch: [3] [100/123]  eta: 0:00:01  entropy: 0.4391  uncertainty: 1.0000  uncertainty_coeffi: 1.0000  loss: 0.4391  lr: 0.000094  time: 0.0622  data: 0.0001  max mem: 2516
      TTA Epoch: [3] [122/123]  eta: 0:00:00  entropy: 0.4661  uncertainty: 1.0000  uncertainty_coeffi: 1.0000  loss: 0.4661  lr: 0.000098  time: 0.0615  data: 0.0001  max mem: 2516
      TTA Epoch: [3] Total time: 0:00:07 (0.0650 s / it)
     Averaged stats: entropy: 0.4521  uncertainty: 1.0000  uncertainty_coeffi: 1.0000  loss: 0.4521  lr: 0.0001
     itm tta time 0:00:08
      TTA Epoch: [4] [  0/123]  eta: 0:01:01  entropy: 0.5089  uncertainty: 1.0000  uncertainty_coeffi: 1.0000  loss: 0.5089  lr: 0.000099  time: 0.5005  data: 0.3937  max mem: 2516
      TTA Epoch: [4] [100/123]  eta: 0:00:01  entropy: 0.4106  uncertainty: 1.0000  uncertainty_coeffi: 1.0000  loss: 0.4106  lr: 0.000099  time: 0.0621  data: 0.0001  max mem: 2516
      TTA Epoch: [4] [122/123]  eta: 0:00:00  entropy: 0.4581  uncertainty: 1.0000  uncertainty_coeffi: 1.0000  loss: 0.4581  lr: 0.000098  time: 0.0612  data: 0.0001  max mem: 2516
      TTA Epoch: [4] Total time: 0:00:08 (0.0654 s / it)
     Averaged stats: entropy: 0.4012  uncertainty: 1.0000  uncertainty_coeffi: 1.0000  loss: 0.4012  lr: 0.0001
     itm tta time 0:00:08
     Computing matching score
      Evaluation: [   0/1978]  eta: 0:02:34    time: 0.0783  data: 0.0062  max mem: 2516
      Evaluation: [ 100/1978]  eta: 0:02:11    time: 0.0675  data: 0.0000  max mem: 2516
      Evaluation: [ 200/1978]  eta: 0:02:02    time: 0.0679  data: 0.0000  max mem: 2516
      Evaluation: [ 300/1978]  eta: 0:01:54    time: 0.0675  data: 0.0000  max mem: 2516
      Evaluation: [ 400/1978]  eta: 0:01:47    time: 0.0674  data: 0.0000  max mem: 2516
      Evaluation: [ 500/1978]  eta: 0:01:40    time: 0.0676  data: 0.0000  max mem: 2516
      Evaluation: [ 600/1978]  eta: 0:01:33    time: 0.0676  data: 0.0000  max mem: 2516
      Evaluation: [ 700/1978]  eta: 0:01:26    time: 0.0683  data: 0.0000  max mem: 2516
      Evaluation: [ 800/1978]  eta: 0:01:20    time: 0.0675  data: 0.0000  max mem: 2516
      Evaluation: [ 900/1978]  eta: 0:01:13    time: 0.0675  data: 0.0000  max mem: 2516
      Evaluation: [1000/1978]  eta: 0:01:06    time: 0.0676  data: 0.0000  max mem: 2516
      Evaluation: [1100/1978]  eta: 0:00:59    time: 0.0699  data: 0.0000  max mem: 2516
      Evaluation: [1200/1978]  eta: 0:00:52    time: 0.0674  data: 0.0000  max mem: 2516
      Evaluation: [1300/1978]  eta: 0:00:46    time: 0.0674  data: 0.0000  max mem: 2516
      Evaluation: [1400/1978]  eta: 0:00:39    time: 0.0676  data: 0.0000  max mem: 2516
      Evaluation: [1500/1978]  eta: 0:00:32    time: 0.0676  data: 0.0000  max mem: 2516
      Evaluation: [1600/1978]  eta: 0:00:25    time: 0.0677  data: 0.0000  max mem: 2516
      Evaluation: [1700/1978]  eta: 0:00:18    time: 0.0683  data: 0.0000  max mem: 2516
      Evaluation: [1800/1978]  eta: 0:00:12    time: 0.0677  data: 0.0000  max mem: 2516
      Evaluation: [1900/1978]  eta: 0:00:05    time: 0.0696  data: 0.0000  max mem: 2516
      Evaluation: [1977/1978]  eta: 0:00:00    time: 0.0677  data: 0.0000  max mem: 2516
      Evaluation: Total time: 0:02:14 (0.0680 s / it)
     Computing matching score time 0:02:14
### TTA ITM Score: 
+-------+--------+--------+--------+--------+--------+
| epoch |   R1   |   R5   |  R10   |  mAP   |  mINP  |
+-------+--------+--------+--------+--------+--------+
|  -999 | 53.438 | 86.855 | 92.922 | 68.348 | 68.348 |
|  -999 | 72.700 | 97.776 | 99.090 | 84.322 | 84.322 |
|   0   | 72.952 | 97.877 | 99.090 | 84.473 | 84.473 |
|   1   | 73.660 | 97.978 | 99.039 | 84.901 | 84.901 |
|   2   | 73.862 | 98.079 | 99.090 | 85.050 | 85.050 |
|   4   | 75.177 | 98.079 | 98.989 | 85.740 | 85.740 |
+-------+--------+--------+--------+--------+--------+
     logs:  {'epo': 4, 'R1': 75.177, 'R5': 98.079, 'R10': 98.989, 'mAP': 85.74, 'mINP': 85.74, 'entropy': 0.401187, 'uncertainty': 1.0, 'uncertainty_coeffi': 1.0, 'loss': 0.401187, 'lr': 9.9e-05}
      TTA Epoch: [5] [  0/123]  eta: 0:00:59  entropy: 0.6783  uncertainty: 1.0000  uncertainty_coeffi: 1.0000  loss: 0.6783  lr: 0.000098  time: 0.4816  data: 0.3738  max mem: 2516
      TTA Epoch: [5] [100/123]  eta: 0:00:01  entropy: 0.4843  uncertainty: 1.0000  uncertainty_coeffi: 1.0000  loss: 0.4843  lr: 0.000097  time: 0.0632  data: 0.0002  max mem: 2516
      TTA Epoch: [5] [122/123]  eta: 0:00:00  entropy: 0.2792  uncertainty: 1.0000  uncertainty_coeffi: 1.0000  loss: 0.2792  lr: 0.000097  time: 0.0619  data: 0.0001  max mem: 2516
      TTA Epoch: [5] Total time: 0:00:08 (0.0663 s / it)
     Averaged stats: entropy: 0.3652  uncertainty: 1.0000  uncertainty_coeffi: 1.0000  loss: 0.3652  lr: 0.0001
     itm tta time 0:00:08
      TTA Epoch: [6] [  0/123]  eta: 0:01:09  entropy: 0.3059  uncertainty: 1.0000  uncertainty_coeffi: 1.0000  loss: 0.3059  lr: 0.000097  time: 0.5616  data: 0.4525  max mem: 2516
      TTA Epoch: [6] [100/123]  eta: 0:00:01  entropy: 0.3241  uncertainty: 1.0000  uncertainty_coeffi: 1.0000  loss: 0.3241  lr: 0.000095  time: 0.0618  data: 0.0001  max mem: 2516
      TTA Epoch: [6] [122/123]  eta: 0:00:00  entropy: 0.2511  uncertainty: 1.0000  uncertainty_coeffi: 1.0000  loss: 0.2511  lr: 0.000095  time: 0.0610  data: 0.0001  max mem: 2516
      TTA Epoch: [6] Total time: 0:00:08 (0.0666 s / it)
     Averaged stats: entropy: 0.3329  uncertainty: 1.0000  uncertainty_coeffi: 1.0000  loss: 0.3329  lr: 0.0001
     itm tta time 0:00:08
      TTA Epoch: [7] [  0/123]  eta: 0:01:05  entropy: 0.2826  uncertainty: 1.0000  uncertainty_coeffi: 1.0000  loss: 0.2826  lr: 0.000095  time: 0.5316  data: 0.4341  max mem: 2516
      TTA Epoch: [7] [100/123]  eta: 0:00:01  entropy: 0.3068  uncertainty: 1.0000  uncertainty_coeffi: 1.0000  loss: 0.3068  lr: 0.000093  time: 0.0622  data: 0.0001  max mem: 2516
      TTA Epoch: [7] [122/123]  eta: 0:00:00  entropy: 0.3362  uncertainty: 1.0000  uncertainty_coeffi: 1.0000  loss: 0.3362  lr: 0.000093  time: 0.0613  data: 0.0001  max mem: 2516
      TTA Epoch: [7] Total time: 0:00:08 (0.0659 s / it)
     Averaged stats: entropy: 0.3093  uncertainty: 1.0000  uncertainty_coeffi: 1.0000  loss: 0.3093  lr: 0.0001
     itm tta time 0:00:08
      TTA Epoch: [8] [  0/123]  eta: 0:00:57  entropy: 0.3392  uncertainty: 1.0000  uncertainty_coeffi: 1.0000  loss: 0.3392  lr: 0.000093  time: 0.4705  data: 0.3611  max mem: 2516
      TTA Epoch: [8] [100/123]  eta: 0:00:01  entropy: 0.2797  uncertainty: 1.0000  uncertainty_coeffi: 1.0000  loss: 0.2797  lr: 0.000092  time: 0.0603  data: 0.0001  max mem: 2516
      TTA Epoch: [8] [122/123]  eta: 0:00:00  entropy: 0.1910  uncertainty: 1.0000  uncertainty_coeffi: 1.0000  loss: 0.1910  lr: 0.000091  time: 0.0594  data: 0.0001  max mem: 2516
      TTA Epoch: [8] Total time: 0:00:07 (0.0642 s / it)
     Averaged stats: entropy: 0.2782  uncertainty: 1.0000  uncertainty_coeffi: 1.0000  loss: 0.2782  lr: 0.0001
     itm tta time 0:00:07
      TTA Epoch: [9] [  0/123]  eta: 0:00:47  entropy: 0.2102  uncertainty: 1.0000  uncertainty_coeffi: 1.0000  loss: 0.2102  lr: 0.000091  time: 0.3887  data: 0.3144  max mem: 2516
      TTA Epoch: [9] [100/123]  eta: 0:00:01  entropy: 0.0906  uncertainty: 1.0000  uncertainty_coeffi: 1.0000  loss: 0.0906  lr: 0.000090  time: 0.0609  data: 0.0001  max mem: 2516
      TTA Epoch: [9] [122/123]  eta: 0:00:00  entropy: 0.3985  uncertainty: 1.0000  uncertainty_coeffi: 1.0000  loss: 0.3985  lr: 0.000089  time: 0.0601  data: 0.0001  max mem: 2516
      TTA Epoch: [9] Total time: 0:00:07 (0.0634 s / it)
     Averaged stats: entropy: 0.2562  uncertainty: 1.0000  uncertainty_coeffi: 1.0000  loss: 0.2562  lr: 0.0001
     itm tta time 0:00:07
     Computing matching score
      Evaluation: [   0/1978]  eta: 0:02:22    time: 0.0720  data: 0.0044  max mem: 2516
      Evaluation: [ 100/1978]  eta: 0:02:08    time: 0.0684  data: 0.0000  max mem: 2516
      Evaluation: [ 200/1978]  eta: 0:02:01    time: 0.0702  data: 0.0000  max mem: 2516
      Evaluation: [ 300/1978]  eta: 0:01:55    time: 0.0678  data: 0.0000  max mem: 2516
      Evaluation: [ 400/1978]  eta: 0:01:48    time: 0.0696  data: 0.0000  max mem: 2516
      Evaluation: [ 500/1978]  eta: 0:01:41    time: 0.0674  data: 0.0000  max mem: 2516
      Evaluation: [ 600/1978]  eta: 0:01:34    time: 0.0674  data: 0.0000  max mem: 2516
      Evaluation: [ 700/1978]  eta: 0:01:27    time: 0.0675  data: 0.0000  max mem: 2516
      Evaluation: [ 800/1978]  eta: 0:01:20    time: 0.0678  data: 0.0000  max mem: 2516
      Evaluation: [ 900/1978]  eta: 0:01:13    time: 0.0676  data: 0.0000  max mem: 2516
      Evaluation: [1000/1978]  eta: 0:01:06    time: 0.0675  data: 0.0000  max mem: 2516
      Evaluation: [1100/1978]  eta: 0:00:59    time: 0.0677  data: 0.0000  max mem: 2516
      Evaluation: [1200/1978]  eta: 0:00:52    time: 0.0676  data: 0.0000  max mem: 2516
      Evaluation: [1300/1978]  eta: 0:00:46    time: 0.0675  data: 0.0000  max mem: 2516
      Evaluation: [1400/1978]  eta: 0:00:39    time: 0.0675  data: 0.0000  max mem: 2516
      Evaluation: [1500/1978]  eta: 0:00:32    time: 0.0677  data: 0.0000  max mem: 2516
      Evaluation: [1600/1978]  eta: 0:00:25    time: 0.0684  data: 0.0000  max mem: 2516
      Evaluation: [1700/1978]  eta: 0:00:18    time: 0.0685  data: 0.0000  max mem: 2516
      Evaluation: [1800/1978]  eta: 0:00:12    time: 0.0684  data: 0.0000  max mem: 2516
      Evaluation: [1900/1978]  eta: 0:00:05    time: 0.0686  data: 0.0000  max mem: 2516
      Evaluation: [1977/1978]  eta: 0:00:00    time: 0.0679  data: 0.0000  max mem: 2516
      Evaluation: Total time: 0:02:14 (0.0680 s / it)
     Computing matching score time 0:02:14
### TTA ITM Score: 
+-------+--------+--------+--------+--------+--------+
| epoch |   R1   |   R5   |  R10   |  mAP   |  mINP  |
+-------+--------+--------+--------+--------+--------+
|  -999 | 53.438 | 86.855 | 92.922 | 68.348 | 68.348 |
|  -999 | 72.700 | 97.776 | 99.090 | 84.322 | 84.322 |
|   0   | 72.952 | 97.877 | 99.090 | 84.473 | 84.473 |
|   1   | 73.660 | 97.978 | 99.039 | 84.901 | 84.901 |
|   2   | 73.862 | 98.079 | 99.090 | 85.050 | 85.050 |
|   4   | 75.177 | 98.079 | 98.989 | 85.740 | 85.740 |
|   9   | 75.784 | 97.776 | 98.938 | 85.966 | 85.966 |
+-------+--------+--------+--------+--------+--------+
     logs:  {'epo': 9, 'R1': 75.784, 'R5': 97.776, 'R10': 98.938, 'mAP': 85.966, 'mINP': 85.966, 'entropy': 0.25623, 'uncertainty': 1.0, 'uncertainty_coeffi': 1.0, 'loss': 0.25623, 'lr': 9e-05}
      TTA Epoch: [10] [  0/123]  eta: 0:00:53  entropy: 0.3384  uncertainty: 1.0000  uncertainty_coeffi: 1.0000  loss: 0.3384  lr: 0.000089  time: 0.4380  data: 0.3580  max mem: 2516
      TTA Epoch: [10] [100/123]  eta: 0:00:01  entropy: 0.2440  uncertainty: 1.0000  uncertainty_coeffi: 1.0000  loss: 0.2440  lr: 0.000088  time: 0.0623  data: 0.0001  max mem: 2516
      TTA Epoch: [10] [122/123]  eta: 0:00:00  entropy: 0.2541  uncertainty: 1.0000  uncertainty_coeffi: 1.0000  loss: 0.2541  lr: 0.000088  time: 0.0614  data: 0.0001  max mem: 2516
      TTA Epoch: [10] Total time: 0:00:07 (0.0650 s / it)
     Averaged stats: entropy: 0.2369  uncertainty: 1.0000  uncertainty_coeffi: 1.0000  loss: 0.2369  lr: 0.0001
     itm tta time 0:00:08
      TTA Epoch: [11] [  0/123]  eta: 0:01:11  entropy: 0.2397  uncertainty: 1.0000  uncertainty_coeffi: 1.0000  loss: 0.2397  lr: 0.000088  time: 0.5783  data: 0.5059  max mem: 2516
      TTA Epoch: [11] [100/123]  eta: 0:00:01  entropy: 0.1117  uncertainty: 1.0000  uncertainty_coeffi: 1.0000  loss: 0.1117  lr: 0.000086  time: 0.0609  data: 0.0001  max mem: 2516
      TTA Epoch: [11] [122/123]  eta: 0:00:00  entropy: 0.3168  uncertainty: 1.0000  uncertainty_coeffi: 1.0000  loss: 0.3168  lr: 0.000086  time: 0.0595  data: 0.0001  max mem: 2516
      TTA Epoch: [11] Total time: 0:00:08 (0.0652 s / it)
     Averaged stats: entropy: 0.2347  uncertainty: 1.0000  uncertainty_coeffi: 1.0000  loss: 0.2347  lr: 0.0001
     itm tta time 0:00:08
      TTA Epoch: [12] [  0/123]  eta: 0:00:56  entropy: 0.0576  uncertainty: 1.0000  uncertainty_coeffi: 1.0000  loss: 0.0576  lr: 0.000086  time: 0.4556  data: 0.3495  max mem: 2516
      TTA Epoch: [12] [100/123]  eta: 0:00:01  entropy: 0.2350  uncertainty: 1.0000  uncertainty_coeffi: 1.0000  loss: 0.2350  lr: 0.000084  time: 0.0610  data: 0.0001  max mem: 2516
      TTA Epoch: [12] [122/123]  eta: 0:00:00  entropy: 0.4587  uncertainty: 1.0000  uncertainty_coeffi: 1.0000  loss: 0.4587  lr: 0.000084  time: 0.0608  data: 0.0001  max mem: 2516
      TTA Epoch: [12] Total time: 0:00:07 (0.0637 s / it)
     Averaged stats: entropy: 0.2189  uncertainty: 1.0000  uncertainty_coeffi: 1.0000  loss: 0.2189  lr: 0.0001
     itm tta time 0:00:07
      TTA Epoch: [13] [  0/123]  eta: 0:01:05  entropy: 0.1166  uncertainty: 1.0000  uncertainty_coeffi: 1.0000  loss: 0.1166  lr: 0.000084  time: 0.5315  data: 0.4366  max mem: 2516
      TTA Epoch: [13] [100/123]  eta: 0:00:01  entropy: 0.1568  uncertainty: 1.0000  uncertainty_coeffi: 1.0000  loss: 0.1568  lr: 0.000083  time: 0.0619  data: 0.0001  max mem: 2516
      TTA Epoch: [13] [122/123]  eta: 0:00:00  entropy: 0.1589  uncertainty: 1.0000  uncertainty_coeffi: 1.0000  loss: 0.1589  lr: 0.000082  time: 0.0609  data: 0.0001  max mem: 2516
      TTA Epoch: [13] Total time: 0:00:08 (0.0655 s / it)
     Averaged stats: entropy: 0.2061  uncertainty: 1.0000  uncertainty_coeffi: 1.0000  loss: 0.2061  lr: 0.0001
     itm tta time 0:00:08
      TTA Epoch: [14] [  0/123]  eta: 0:00:48  entropy: 0.1942  uncertainty: 1.0000  uncertainty_coeffi: 1.0000  loss: 0.1942  lr: 0.000082  time: 0.3979  data: 0.3240  max mem: 2516
      TTA Epoch: [14] [100/123]  eta: 0:00:01  entropy: 0.1390  uncertainty: 1.0000  uncertainty_coeffi: 1.0000  loss: 0.1390  lr: 0.000081  time: 0.0611  data: 0.0001  max mem: 2516
      TTA Epoch: [14] [122/123]  eta: 0:00:00  entropy: 0.2288  uncertainty: 1.0000  uncertainty_coeffi: 1.0000  loss: 0.2288  lr: 0.000081  time: 0.0611  data: 0.0001  max mem: 2516
      TTA Epoch: [14] Total time: 0:00:07 (0.0640 s / it)
     Averaged stats: entropy: 0.2048  uncertainty: 1.0000  uncertainty_coeffi: 1.0000  loss: 0.2048  lr: 0.0001
     itm tta time 0:00:07
     Computing matching score
      Evaluation: [   0/1978]  eta: 0:02:28    time: 0.0749  data: 0.0057  max mem: 2516
      Evaluation: [ 100/1978]  eta: 0:02:09    time: 0.0687  data: 0.0000  max mem: 2516
      Evaluation: [ 200/1978]  eta: 0:02:02    time: 0.0684  data: 0.0000  max mem: 2516
      Evaluation: [ 300/1978]  eta: 0:01:55    time: 0.0685  data: 0.0000  max mem: 2516
      Evaluation: [ 400/1978]  eta: 0:01:48    time: 0.0681  data: 0.0000  max mem: 2516
      Evaluation: [ 500/1978]  eta: 0:01:41    time: 0.0683  data: 0.0000  max mem: 2516
      Evaluation: [ 600/1978]  eta: 0:01:34    time: 0.0682  data: 0.0000  max mem: 2516
      Evaluation: [ 700/1978]  eta: 0:01:27    time: 0.0681  data: 0.0000  max mem: 2516
      Evaluation: [ 800/1978]  eta: 0:01:20    time: 0.0682  data: 0.0000  max mem: 2516
      Evaluation: [ 900/1978]  eta: 0:01:13    time: 0.0682  data: 0.0000  max mem: 2516
      Evaluation: [1000/1978]  eta: 0:01:06    time: 0.0684  data: 0.0000  max mem: 2516
      Evaluation: [1100/1978]  eta: 0:01:00    time: 0.0682  data: 0.0000  max mem: 2516
      Evaluation: [1200/1978]  eta: 0:00:53    time: 0.0682  data: 0.0000  max mem: 2516
      Evaluation: [1300/1978]  eta: 0:00:46    time: 0.0682  data: 0.0000  max mem: 2516
      Evaluation: [1400/1978]  eta: 0:00:39    time: 0.0682  data: 0.0000  max mem: 2516
      Evaluation: [1500/1978]  eta: 0:00:32    time: 0.0682  data: 0.0000  max mem: 2516
      Evaluation: [1600/1978]  eta: 0:00:25    time: 0.0678  data: 0.0000  max mem: 2516
      Evaluation: [1700/1978]  eta: 0:00:19    time: 0.0709  data: 0.0000  max mem: 2516
      Evaluation: [1800/1978]  eta: 0:00:12    time: 0.0677  data: 0.0000  max mem: 2516
      Evaluation: [1900/1978]  eta: 0:00:05    time: 0.0677  data: 0.0000  max mem: 2516
      Evaluation: [1977/1978]  eta: 0:00:00    time: 0.0676  data: 0.0000  max mem: 2516
      Evaluation: Total time: 0:02:15 (0.0684 s / it)
     Computing matching score time 0:02:15
### TTA ITM Score: 
+-------+--------+--------+--------+--------+--------+
| epoch |   R1   |   R5   |  R10   |  mAP   |  mINP  |
+-------+--------+--------+--------+--------+--------+
|  -999 | 53.438 | 86.855 | 92.922 | 68.348 | 68.348 |
|  -999 | 72.700 | 97.776 | 99.090 | 84.322 | 84.322 |
|   0   | 72.952 | 97.877 | 99.090 | 84.473 | 84.473 |
|   1   | 73.660 | 97.978 | 99.039 | 84.901 | 84.901 |
|   2   | 73.862 | 98.079 | 99.090 | 85.050 | 85.050 |
|   4   | 75.177 | 98.079 | 98.989 | 85.740 | 85.740 |
|   9   | 75.784 | 97.776 | 98.938 | 85.966 | 85.966 |
|   14  | 75.683 | 97.523 | 98.787 | 85.724 | 85.724 |
+-------+--------+--------+--------+--------+--------+
     logs:  {'epo': 14, 'R1': 75.683, 'R5': 97.523, 'R10': 98.787, 'mAP': 85.724, 'mINP': 85.724, 'entropy': 0.204757, 'uncertainty': 1.0, 'uncertainty_coeffi': 1.0, 'loss': 0.204757, 'lr': 8.1e-05}
      TTA Epoch: [15] [  0/123]  eta: 0:01:02  entropy: 0.1553  uncertainty: 1.0000  uncertainty_coeffi: 1.0000  loss: 0.1553  lr: 0.000081  time: 0.5057  data: 0.4007  max mem: 2516
      TTA Epoch: [15] [100/123]  eta: 0:00:01  entropy: 0.1805  uncertainty: 1.0000  uncertainty_coeffi: 1.0000  loss: 0.1805  lr: 0.000079  time: 0.0626  data: 0.0001  max mem: 2516
      TTA Epoch: [15] [122/123]  eta: 0:00:00  entropy: 0.1648  uncertainty: 1.0000  uncertainty_coeffi: 1.0000  loss: 0.1648  lr: 0.000079  time: 0.0615  data: 0.0001  max mem: 2516
      TTA Epoch: [15] Total time: 0:00:08 (0.0661 s / it)
     Averaged stats: entropy: 0.1839  uncertainty: 1.0000  uncertainty_coeffi: 1.0000  loss: 0.1839  lr: 0.0001
     itm tta time 0:00:08
      TTA Epoch: [16] [  0/123]  eta: 0:01:08  entropy: 0.2072  uncertainty: 1.0000  uncertainty_coeffi: 1.0000  loss: 0.2072  lr: 0.000079  time: 0.5553  data: 0.4473  max mem: 2516
      TTA Epoch: [16] [100/123]  eta: 0:00:01  entropy: 0.1003  uncertainty: 1.0000  uncertainty_coeffi: 1.0000  loss: 0.1003  lr: 0.000039  time: 0.0616  data: 0.0001  max mem: 2516
      TTA Epoch: [16] [122/123]  eta: 0:00:00  entropy: 0.2088  uncertainty: 1.0000  uncertainty_coeffi: 1.0000  loss: 0.2088  lr: 0.000039  time: 0.0607  data: 0.0001  max mem: 2516
      TTA Epoch: [16] Total time: 0:00:08 (0.0658 s / it)
     Averaged stats: entropy: 0.1853  uncertainty: 1.0000  uncertainty_coeffi: 1.0000  loss: 0.1853  lr: 0.0000
     itm tta time 0:00:08
      TTA Epoch: [17] [  0/123]  eta: 0:01:16  entropy: 0.2081  uncertainty: 1.0000  uncertainty_coeffi: 1.0000  loss: 0.2081  lr: 0.000039  time: 0.6259  data: 0.5143  max mem: 2516
      TTA Epoch: [17] [100/123]  eta: 0:00:01  entropy: 0.2122  uncertainty: 1.0000  uncertainty_coeffi: 1.0000  loss: 0.2122  lr: 0.000038  time: 0.0628  data: 0.0001  max mem: 2516
      TTA Epoch: [17] [122/123]  eta: 0:00:00  entropy: 0.2468  uncertainty: 1.0000  uncertainty_coeffi: 1.0000  loss: 0.2468  lr: 0.000038  time: 0.0613  data: 0.0001  max mem: 2516
      TTA Epoch: [17] Total time: 0:00:08 (0.0672 s / it)
     Averaged stats: entropy: 0.1756  uncertainty: 1.0000  uncertainty_coeffi: 1.0000  loss: 0.1756  lr: 0.0000
     itm tta time 0:00:08
      TTA Epoch: [18] [  0/123]  eta: 0:01:08  entropy: 0.2729  uncertainty: 1.0000  uncertainty_coeffi: 1.0000  loss: 0.2729  lr: 0.000038  time: 0.5590  data: 0.4486  max mem: 2516
      TTA Epoch: [18] [100/123]  eta: 0:00:01  entropy: 0.0753  uncertainty: 1.0000  uncertainty_coeffi: 1.0000  loss: 0.0753  lr: 0.000037  time: 0.0617  data: 0.0001  max mem: 2516
      TTA Epoch: [18] [122/123]  eta: 0:00:00  entropy: 0.0707  uncertainty: 1.0000  uncertainty_coeffi: 1.0000  loss: 0.0707  lr: 0.000037  time: 0.0604  data: 0.0001  max mem: 2516
      TTA Epoch: [18] Total time: 0:00:08 (0.0655 s / it)
     Averaged stats: entropy: 0.1742  uncertainty: 1.0000  uncertainty_coeffi: 1.0000  loss: 0.1742  lr: 0.0000
     itm tta time 0:00:08
      TTA Epoch: [19] [  0/123]  eta: 0:00:52  entropy: 0.1646  uncertainty: 1.0000  uncertainty_coeffi: 1.0000  loss: 0.1646  lr: 0.000037  time: 0.4280  data: 0.3477  max mem: 2516
      TTA Epoch: [19] [100/123]  eta: 0:00:01  entropy: 0.1994  uncertainty: 1.0000  uncertainty_coeffi: 1.0000  loss: 0.1994  lr: 0.000036  time: 0.0617  data: 0.0001  max mem: 2516
      TTA Epoch: [19] [122/123]  eta: 0:00:00  entropy: 0.2239  uncertainty: 1.0000  uncertainty_coeffi: 1.0000  loss: 0.2239  lr: 0.000036  time: 0.0608  data: 0.0001  max mem: 2516
      TTA Epoch: [19] Total time: 0:00:07 (0.0643 s / it)
     Averaged stats: entropy: 0.1718  uncertainty: 1.0000  uncertainty_coeffi: 1.0000  loss: 0.1718  lr: 0.0000
     itm tta time 0:00:08
     Computing matching score
      Evaluation: [   0/1978]  eta: 0:02:19    time: 0.0703  data: 0.0033  max mem: 2516
      Evaluation: [ 100/1978]  eta: 0:02:07    time: 0.0679  data: 0.0000  max mem: 2516
      Evaluation: [ 200/1978]  eta: 0:02:00    time: 0.0679  data: 0.0000  max mem: 2516
      Evaluation: [ 300/1978]  eta: 0:01:53    time: 0.0678  data: 0.0000  max mem: 2516
      Evaluation: [ 400/1978]  eta: 0:01:47    time: 0.0677  data: 0.0000  max mem: 2516
      Evaluation: [ 500/1978]  eta: 0:01:40    time: 0.0678  data: 0.0000  max mem: 2516
      Evaluation: [ 600/1978]  eta: 0:01:33    time: 0.0678  data: 0.0000  max mem: 2516
      Evaluation: [ 700/1978]  eta: 0:01:26    time: 0.0677  data: 0.0000  max mem: 2516
      Evaluation: [ 800/1978]  eta: 0:01:19    time: 0.0677  data: 0.0000  max mem: 2516
      Evaluation: [ 900/1978]  eta: 0:01:13    time: 0.0678  data: 0.0000  max mem: 2516
      Evaluation: [1000/1978]  eta: 0:01:06    time: 0.0679  data: 0.0000  max mem: 2516
      Evaluation: [1100/1978]  eta: 0:00:59    time: 0.0677  data: 0.0000  max mem: 2516
      Evaluation: [1200/1978]  eta: 0:00:52    time: 0.0678  data: 0.0000  max mem: 2516
      Evaluation: [1300/1978]  eta: 0:00:45    time: 0.0678  data: 0.0000  max mem: 2516
      Evaluation: [1400/1978]  eta: 0:00:39    time: 0.0683  data: 0.0000  max mem: 2516
      Evaluation: [1500/1978]  eta: 0:00:32    time: 0.0678  data: 0.0000  max mem: 2516
      Evaluation: [1600/1978]  eta: 0:00:25    time: 0.0678  data: 0.0000  max mem: 2516
      Evaluation: [1700/1978]  eta: 0:00:18    time: 0.0719  data: 0.0000  max mem: 2516
      Evaluation: [1800/1978]  eta: 0:00:12    time: 0.0677  data: 0.0000  max mem: 2516
      Evaluation: [1900/1978]  eta: 0:00:05    time: 0.0680  data: 0.0000  max mem: 2516
      Evaluation: [1977/1978]  eta: 0:00:00    time: 0.0692  data: 0.0000  max mem: 2516
      Evaluation: Total time: 0:02:14 (0.0680 s / it)
     Computing matching score time 0:02:14
### TTA ITM Score: 
+-------+--------+--------+--------+--------+--------+
| epoch |   R1   |   R5   |  R10   |  mAP   |  mINP  |
+-------+--------+--------+--------+--------+--------+
|  -999 | 53.438 | 86.855 | 92.922 | 68.348 | 68.348 |
|  -999 | 72.700 | 97.776 | 99.090 | 84.322 | 84.322 |
|   0   | 72.952 | 97.877 | 99.090 | 84.473 | 84.473 |
|   1   | 73.660 | 97.978 | 99.039 | 84.901 | 84.901 |
|   2   | 73.862 | 98.079 | 99.090 | 85.050 | 85.050 |
|   4   | 75.177 | 98.079 | 98.989 | 85.740 | 85.740 |
|   9   | 75.784 | 97.776 | 98.938 | 85.966 | 85.966 |
|   14  | 75.683 | 97.523 | 98.787 | 85.724 | 85.724 |
|   19  | 75.329 | 97.422 | 98.787 | 85.442 | 85.442 |
+-------+--------+--------+--------+--------+--------+
     logs:  {'epo': 19, 'R1': 75.329, 'R5': 97.422, 'R10': 98.787, 'mAP': 85.442, 'mINP': 85.442, 'entropy': 0.171831, 'uncertainty': 1.0, 'uncertainty_coeffi': 1.0, 'loss': 0.171831, 'lr': 3.6e-05}
      TTA Epoch: [20] [  0/123]  eta: 0:01:10  entropy: 0.2770  uncertainty: 1.0000  uncertainty_coeffi: 1.0000  loss: 0.2770  lr: 0.000036  time: 0.5720  data: 0.4909  max mem: 2516
      TTA Epoch: [20] [100/123]  eta: 0:00:01  entropy: 0.1832  uncertainty: 1.0000  uncertainty_coeffi: 1.0000  loss: 0.1832  lr: 0.000035  time: 0.0622  data: 0.0001  max mem: 2516
      TTA Epoch: [20] [122/123]  eta: 0:00:00  entropy: 0.1252  uncertainty: 1.0000  uncertainty_coeffi: 1.0000  loss: 0.1252  lr: 0.000035  time: 0.0616  data: 0.0001  max mem: 2516
      TTA Epoch: [20] Total time: 0:00:08 (0.0664 s / it)
     Averaged stats: entropy: 0.1674  uncertainty: 1.0000  uncertainty_coeffi: 1.0000  loss: 0.1674  lr: 0.0000
     itm tta time 0:00:08
      TTA Epoch: [21] [  0/123]  eta: 0:00:47  entropy: 0.2079  uncertainty: 1.0000  uncertainty_coeffi: 1.0000  loss: 0.2079  lr: 0.000035  time: 0.3852  data: 0.3032  max mem: 2516
      TTA Epoch: [21] [100/123]  eta: 0:00:01  entropy: 0.2131  uncertainty: 1.0000  uncertainty_coeffi: 1.0000  loss: 0.2131  lr: 0.000034  time: 0.0707  data: 0.0001  max mem: 2516
      TTA Epoch: [21] [122/123]  eta: 0:00:00  entropy: 0.1229  uncertainty: 1.0000  uncertainty_coeffi: 1.0000  loss: 0.1229  lr: 0.000034  time: 0.0605  data: 0.0001  max mem: 2516
      TTA Epoch: [21] Total time: 0:00:08 (0.0674 s / it)
     Averaged stats: entropy: 0.1715  uncertainty: 1.0000  uncertainty_coeffi: 1.0000  loss: 0.1715  lr: 0.0000
     itm tta time 0:00:08
      TTA Epoch: [22] [  0/123]  eta: 0:00:59  entropy: 0.2102  uncertainty: 1.0000  uncertainty_coeffi: 1.0000  loss: 0.2102  lr: 0.000034  time: 0.4823  data: 0.3741  max mem: 2516
      TTA Epoch: [22] [100/123]  eta: 0:00:01  entropy: 0.2560  uncertainty: 1.0000  uncertainty_coeffi: 1.0000  loss: 0.2560  lr: 0.000033  time: 0.0625  data: 0.0001  max mem: 2516
      TTA Epoch: [22] [122/123]  eta: 0:00:00  entropy: 0.3110  uncertainty: 1.0000  uncertainty_coeffi: 1.0000  loss: 0.3110  lr: 0.000033  time: 0.0611  data: 0.0001  max mem: 2516
      TTA Epoch: [22] Total time: 0:00:08 (0.0728 s / it)
     Averaged stats: entropy: 0.1650  uncertainty: 1.0000  uncertainty_coeffi: 1.0000  loss: 0.1650  lr: 0.0000
     itm tta time 0:00:09
      TTA Epoch: [23] [  0/123]  eta: 0:00:55  entropy: 0.1820  uncertainty: 1.0000  uncertainty_coeffi: 1.0000  loss: 0.1820  lr: 0.000033  time: 0.4508  data: 0.3449  max mem: 2516
      TTA Epoch: [23] [100/123]  eta: 0:00:01  entropy: 0.0684  uncertainty: 1.0000  uncertainty_coeffi: 1.0000  loss: 0.0684  lr: 0.000032  time: 0.1077  data: 0.0001  max mem: 2516
      TTA Epoch: [23] [122/123]  eta: 0:00:00  entropy: 0.1416  uncertainty: 1.0000  uncertainty_coeffi: 1.0000  loss: 0.1416  lr: 0.000032  time: 0.1065  data: 0.0001  max mem: 2516
      TTA Epoch: [23] Total time: 0:00:10 (0.0883 s / it)
     Averaged stats: entropy: 0.1703  uncertainty: 1.0000  uncertainty_coeffi: 1.0000  loss: 0.1703  lr: 0.0000
     itm tta time 0:00:10
      TTA Epoch: [24] [  0/123]  eta: 0:01:06  entropy: 0.1934  uncertainty: 1.0000  uncertainty_coeffi: 1.0000  loss: 0.1934  lr: 0.000032  time: 0.5411  data: 0.3886  max mem: 2516
      TTA Epoch: [24] [100/123]  eta: 0:00:02  entropy: 0.1082  uncertainty: 1.0000  uncertainty_coeffi: 1.0000  loss: 0.1082  lr: 0.000032  time: 0.1090  data: 0.0001  max mem: 2516
      TTA Epoch: [24] [122/123]  eta: 0:00:00  entropy: 0.3083  uncertainty: 1.0000  uncertainty_coeffi: 1.0000  loss: 0.3083  lr: 0.000031  time: 0.1065  data: 0.0001  max mem: 2516
      TTA Epoch: [24] Total time: 0:00:13 (0.1099 s / it)
     Averaged stats: entropy: 0.1526  uncertainty: 1.0000  uncertainty_coeffi: 1.0000  loss: 0.1526  lr: 0.0000
     itm tta time 0:00:13
      TTA Epoch: [25] [  0/123]  eta: 0:00:54  entropy: 0.0999  uncertainty: 1.0000  uncertainty_coeffi: 1.0000  loss: 0.0999  lr: 0.000031  time: 0.4420  data: 0.3237  max mem: 2516
      TTA Epoch: [25] [100/123]  eta: 0:00:02  entropy: 0.1997  uncertainty: 1.0000  uncertainty_coeffi: 1.0000  loss: 0.1997  lr: 0.000031  time: 0.0858  data: 0.0001  max mem: 2516
      TTA Epoch: [25] [122/123]  eta: 0:00:00  entropy: 0.1455  uncertainty: 1.0000  uncertainty_coeffi: 1.0000  loss: 0.1455  lr: 0.000031  time: 0.1100  data: 0.0001  max mem: 2516
      TTA Epoch: [25] Total time: 0:00:11 (0.0961 s / it)
     Averaged stats: entropy: 0.1573  uncertainty: 1.0000  uncertainty_coeffi: 1.0000  loss: 0.1573  lr: 0.0000
     itm tta time 0:00:11
      TTA Epoch: [26] [  0/123]  eta: 0:00:55  entropy: 0.2100  uncertainty: 1.0000  uncertainty_coeffi: 1.0000  loss: 0.2100  lr: 0.000031  time: 0.4531  data: 0.3092  max mem: 2516
      TTA Epoch: [26] [100/123]  eta: 0:00:02  entropy: 0.1241  uncertainty: 1.0000  uncertainty_coeffi: 1.0000  loss: 0.1241  lr: 0.000030  time: 0.1077  data: 0.0001  max mem: 2516
      TTA Epoch: [26] [122/123]  eta: 0:00:00  entropy: 0.1422  uncertainty: 1.0000  uncertainty_coeffi: 1.0000  loss: 0.1422  lr: 0.000030  time: 0.1067  data: 0.0001  max mem: 2516
      TTA Epoch: [26] Total time: 0:00:13 (0.1107 s / it)
     Averaged stats: entropy: 0.1585  uncertainty: 1.0000  uncertainty_coeffi: 1.0000  loss: 0.1585  lr: 0.0000
     itm tta time 0:00:13
      TTA Epoch: [27] [  0/123]  eta: 0:00:51  entropy: 0.1696  uncertainty: 1.0000  uncertainty_coeffi: 1.0000  loss: 0.1696  lr: 0.000030  time: 0.4183  data: 0.2777  max mem: 2516
      TTA Epoch: [27] [100/123]  eta: 0:00:02  entropy: 0.0771  uncertainty: 1.0000  uncertainty_coeffi: 1.0000  loss: 0.0771  lr: 0.000029  time: 0.0694  data: 0.0001  max mem: 2516
      TTA Epoch: [27] [122/123]  eta: 0:00:00  entropy: 0.1296  uncertainty: 1.0000  uncertainty_coeffi: 1.0000  loss: 0.1296  lr: 0.000029  time: 0.0769  data: 0.0001  max mem: 2516
      TTA Epoch: [27] Total time: 0:00:11 (0.0937 s / it)
     Averaged stats: entropy: 0.1487  uncertainty: 1.0000  uncertainty_coeffi: 1.0000  loss: 0.1487  lr: 0.0000
     itm tta time 0:00:11
      TTA Epoch: [28] [  0/123]  eta: 0:01:02  entropy: 0.2209  uncertainty: 1.0000  uncertainty_coeffi: 1.0000  loss: 0.2209  lr: 0.000029  time: 0.5087  data: 0.3565  max mem: 2516
      TTA Epoch: [28] [100/123]  eta: 0:00:02  entropy: 0.1027  uncertainty: 1.0000  uncertainty_coeffi: 1.0000  loss: 0.1027  lr: 0.000011  time: 0.1088  data: 0.0001  max mem: 2516
      TTA Epoch: [28] [122/123]  eta: 0:00:00  entropy: 0.3181  uncertainty: 1.0000  uncertainty_coeffi: 1.0000  loss: 0.3181  lr: 0.000011  time: 0.1070  data: 0.0001  max mem: 2516
      TTA Epoch: [28] Total time: 0:00:13 (0.1108 s / it)
     Averaged stats: entropy: 0.1555  uncertainty: 1.0000  uncertainty_coeffi: 1.0000  loss: 0.1555  lr: 0.0000
     itm tta time 0:00:13
      TTA Epoch: [29] [  0/123]  eta: 0:00:58  entropy: 0.1715  uncertainty: 1.0000  uncertainty_coeffi: 1.0000  loss: 0.1715  lr: 0.000011  time: 0.4754  data: 0.3777  max mem: 2516
      TTA Epoch: [29] [100/123]  eta: 0:00:02  entropy: 0.1676  uncertainty: 1.0000  uncertainty_coeffi: 1.0000  loss: 0.1676  lr: 0.000011  time: 0.0872  data: 0.0001  max mem: 2516
      TTA Epoch: [29] [122/123]  eta: 0:00:00  entropy: 0.0805  uncertainty: 1.0000  uncertainty_coeffi: 1.0000  loss: 0.0805  lr: 0.000011  time: 0.0678  data: 0.0001  max mem: 2516
      TTA Epoch: [29] Total time: 0:00:12 (0.1000 s / it)
     Averaged stats: entropy: 0.1589  uncertainty: 1.0000  uncertainty_coeffi: 1.0000  loss: 0.1589  lr: 0.0000
     itm tta time 0:00:12
     Computing matching score
      Evaluation: [   0/1978]  eta: 0:03:29    time: 0.1057  data: 0.0056  max mem: 2516
      Evaluation: [ 100/1978]  eta: 0:03:20    time: 0.1084  data: 0.0000  max mem: 2516
      Evaluation: [ 200/1978]  eta: 0:03:13    time: 0.1121  data: 0.0000  max mem: 2516
      Evaluation: [ 300/1978]  eta: 0:02:56    time: 0.0885  data: 0.0000  max mem: 2516
      Evaluation: [ 400/1978]  eta: 0:02:48    time: 0.1112  data: 0.0000  max mem: 2516
      Evaluation: [ 500/1978]  eta: 0:02:39    time: 0.1113  data: 0.0000  max mem: 2516
      Evaluation: [ 600/1978]  eta: 0:02:26    time: 0.1068  data: 0.0000  max mem: 2516
      Evaluation: [ 700/1978]  eta: 0:02:16    time: 0.1111  data: 0.0000  max mem: 2516
      Evaluation: [ 800/1978]  eta: 0:02:06    time: 0.1112  data: 0.0000  max mem: 2516
      Evaluation: [ 900/1978]  eta: 0:01:54    time: 0.1082  data: 0.0000  max mem: 2516
      Evaluation: [1000/1978]  eta: 0:01:44    time: 0.1114  data: 0.0000  max mem: 2516
      Evaluation: [1100/1978]  eta: 0:01:33    time: 0.1102  data: 0.0000  max mem: 2516
      Evaluation: [1200/1978]  eta: 0:01:22    time: 0.1081  data: 0.0000  max mem: 2516
      Evaluation: [1300/1978]  eta: 0:01:12    time: 0.1100  data: 0.0000  max mem: 2516
      Evaluation: [1400/1978]  eta: 0:01:01    time: 0.1079  data: 0.0000  max mem: 2516
      Evaluation: [1500/1978]  eta: 0:00:50    time: 0.0939  data: 0.0000  max mem: 2516
      Evaluation: [1600/1978]  eta: 0:00:39    time: 0.1093  data: 0.0000  max mem: 2516
      Evaluation: [1700/1978]  eta: 0:00:29    time: 0.1101  data: 0.0000  max mem: 2516
      Evaluation: [1800/1978]  eta: 0:00:18    time: 0.0880  data: 0.0000  max mem: 2516
      Evaluation: [1900/1978]  eta: 0:00:08    time: 0.1126  data: 0.0000  max mem: 2516
      Evaluation: [1977/1978]  eta: 0:00:00    time: 0.1132  data: 0.0000  max mem: 2516
      Evaluation: Total time: 0:03:29 (0.1060 s / it)
     Computing matching score time 0:03:30
### TTA ITM Score: 
+-------+--------+--------+--------+--------+--------+
| epoch |   R1   |   R5   |  R10   |  mAP   |  mINP  |
+-------+--------+--------+--------+--------+--------+
|  -999 | 53.438 | 86.855 | 92.922 | 68.348 | 68.348 |
|  -999 | 72.700 | 97.776 | 99.090 | 84.322 | 84.322 |
|   0   | 72.952 | 97.877 | 99.090 | 84.473 | 84.473 |
|   1   | 73.660 | 97.978 | 99.039 | 84.901 | 84.901 |
|   2   | 73.862 | 98.079 | 99.090 | 85.050 | 85.050 |
|   4   | 75.177 | 98.079 | 98.989 | 85.740 | 85.740 |
|   9   | 75.784 | 97.776 | 98.938 | 85.966 | 85.966 |
|   14  | 75.683 | 97.523 | 98.787 | 85.724 | 85.724 |
|   19  | 75.329 | 97.422 | 98.787 | 85.442 | 85.442 |
|   29  | 74.772 | 97.371 | 98.686 | 85.059 | 85.059 |
+-------+--------+--------+--------+--------+--------+
     logs:  {'epo': 29, 'R1': 74.772, 'R5': 97.371, 'R10': 98.686, 'mAP': 85.059, 'mINP': 85.059, 'entropy': 0.158945, 'uncertainty': 1.0, 'uncertainty_coeffi': 1.0, 'loss': 0.158945, 'lr': 1.1e-05}
      TTA Epoch: [30] [  0/123]  eta: 0:00:54  entropy: 0.2101  uncertainty: 1.0000  uncertainty_coeffi: 1.0000  loss: 0.2101  lr: 0.000011  time: 0.4423  data: 0.2974  max mem: 2516
      TTA Epoch: [30] [100/123]  eta: 0:00:01  entropy: 0.1210  uncertainty: 1.0000  uncertainty_coeffi: 1.0000  loss: 0.1210  lr: 0.000011  time: 0.0716  data: 0.0001  max mem: 2516
      TTA Epoch: [30] [122/123]  eta: 0:00:00  entropy: 0.1120  uncertainty: 1.0000  uncertainty_coeffi: 1.0000  loss: 0.1120  lr: 0.000010  time: 0.0617  data: 0.0001  max mem: 2516
      TTA Epoch: [30] Total time: 0:00:09 (0.0792 s / it)
     Averaged stats: entropy: 0.1494  uncertainty: 1.0000  uncertainty_coeffi: 1.0000  loss: 0.1494  lr: 0.0000
     itm tta time 0:00:09
      TTA Epoch: [31] [  0/123]  eta: 0:01:18  entropy: 0.0988  uncertainty: 1.0000  uncertainty_coeffi: 1.0000  loss: 0.0988  lr: 0.000010  time: 0.6408  data: 0.5308  max mem: 2516
      TTA Epoch: [31] [100/123]  eta: 0:00:01  entropy: 0.2331  uncertainty: 1.0000  uncertainty_coeffi: 1.0000  loss: 0.2331  lr: 0.000010  time: 0.0628  data: 0.0001  max mem: 2516
      TTA Epoch: [31] [122/123]  eta: 0:00:00  entropy: 0.1003  uncertainty: 1.0000  uncertainty_coeffi: 1.0000  loss: 0.1003  lr: 0.000010  time: 0.0620  data: 0.0001  max mem: 2516
      TTA Epoch: [31] Total time: 0:00:09 (0.0744 s / it)
     Averaged stats: entropy: 0.1555  uncertainty: 1.0000  uncertainty_coeffi: 1.0000  loss: 0.1555  lr: 0.0000
     itm tta time 0:00:09
      TTA Epoch: [32] [  0/123]  eta: 0:01:12  entropy: 0.1342  uncertainty: 1.0000  uncertainty_coeffi: 1.0000  loss: 0.1342  lr: 0.000010  time: 0.5868  data: 0.4736  max mem: 2516
      TTA Epoch: [32] [100/123]  eta: 0:00:01  entropy: 0.1110  uncertainty: 1.0000  uncertainty_coeffi: 1.0000  loss: 0.1110  lr: 0.000010  time: 0.0624  data: 0.0001  max mem: 2516
      TTA Epoch: [32] [122/123]  eta: 0:00:00  entropy: 0.1593  uncertainty: 1.0000  uncertainty_coeffi: 1.0000  loss: 0.1593  lr: 0.000010  time: 0.0617  data: 0.0001  max mem: 2516
      TTA Epoch: [32] Total time: 0:00:08 (0.0664 s / it)
     Averaged stats: entropy: 0.1527  uncertainty: 1.0000  uncertainty_coeffi: 1.0000  loss: 0.1527  lr: 0.0000
     itm tta time 0:00:08
      TTA Epoch: [33] [  0/123]  eta: 0:01:08  entropy: 0.1280  uncertainty: 1.0000  uncertainty_coeffi: 1.0000  loss: 0.1280  lr: 0.000010  time: 0.5561  data: 0.4467  max mem: 2516
      TTA Epoch: [33] [100/123]  eta: 0:00:01  entropy: 0.1493  uncertainty: 1.0000  uncertainty_coeffi: 1.0000  loss: 0.1493  lr: 0.000009  time: 0.0624  data: 0.0001  max mem: 2516
      TTA Epoch: [33] [122/123]  eta: 0:00:00  entropy: 0.0384  uncertainty: 1.0000  uncertainty_coeffi: 1.0000  loss: 0.0384  lr: 0.000009  time: 0.0609  data: 0.0001  max mem: 2516
      TTA Epoch: [33] Total time: 0:00:08 (0.0663 s / it)
     Averaged stats: entropy: 0.1516  uncertainty: 1.0000  uncertainty_coeffi: 1.0000  loss: 0.1516  lr: 0.0000
     itm tta time 0:00:08
      TTA Epoch: [34] [  0/123]  eta: 0:01:00  entropy: 0.0839  uncertainty: 1.0000  uncertainty_coeffi: 1.0000  loss: 0.0839  lr: 0.000009  time: 0.4928  data: 0.3820  max mem: 2516
      TTA Epoch: [34] [100/123]  eta: 0:00:01  entropy: 0.1984  uncertainty: 1.0000  uncertainty_coeffi: 1.0000  loss: 0.1984  lr: 0.000009  time: 0.0614  data: 0.0001  max mem: 2516
      TTA Epoch: [34] [122/123]  eta: 0:00:00  entropy: 0.1516  uncertainty: 1.0000  uncertainty_coeffi: 1.0000  loss: 0.1516  lr: 0.000009  time: 0.0604  data: 0.0001  max mem: 2516
      TTA Epoch: [34] Total time: 0:00:07 (0.0649 s / it)
     Averaged stats: entropy: 0.1497  uncertainty: 1.0000  uncertainty_coeffi: 1.0000  loss: 0.1497  lr: 0.0000
     itm tta time 0:00:08
      TTA Epoch: [35] [  0/123]  eta: 0:01:02  entropy: 0.1811  uncertainty: 1.0000  uncertainty_coeffi: 1.0000  loss: 0.1811  lr: 0.000009  time: 0.5045  data: 0.3949  max mem: 2516
      TTA Epoch: [35] [100/123]  eta: 0:00:01  entropy: 0.1081  uncertainty: 1.0000  uncertainty_coeffi: 1.0000  loss: 0.1081  lr: 0.000009  time: 0.0622  data: 0.0001  max mem: 2516
      TTA Epoch: [35] [122/123]  eta: 0:00:00  entropy: 0.1218  uncertainty: 1.0000  uncertainty_coeffi: 1.0000  loss: 0.1218  lr: 0.000009  time: 0.0613  data: 0.0001  max mem: 2516
      TTA Epoch: [35] Total time: 0:00:08 (0.0655 s / it)
     Averaged stats: entropy: 0.1533  uncertainty: 1.0000  uncertainty_coeffi: 1.0000  loss: 0.1533  lr: 0.0000
     itm tta time 0:00:08
      TTA Epoch: [36] [  0/123]  eta: 0:00:55  entropy: 0.0944  uncertainty: 1.0000  uncertainty_coeffi: 1.0000  loss: 0.0944  lr: 0.000009  time: 0.4494  data: 0.3372  max mem: 2516
      TTA Epoch: [36] [100/123]  eta: 0:00:01  entropy: 0.0959  uncertainty: 1.0000  uncertainty_coeffi: 1.0000  loss: 0.0959  lr: 0.000008  time: 0.0616  data: 0.0001  max mem: 2516
      TTA Epoch: [36] [122/123]  eta: 0:00:00  entropy: 0.0899  uncertainty: 1.0000  uncertainty_coeffi: 1.0000  loss: 0.0899  lr: 0.000008  time: 0.0606  data: 0.0001  max mem: 2516
      TTA Epoch: [36] Total time: 0:00:07 (0.0647 s / it)
     Averaged stats: entropy: 0.1477  uncertainty: 1.0000  uncertainty_coeffi: 1.0000  loss: 0.1477  lr: 0.0000
     itm tta time 0:00:08
      TTA Epoch: [37] [  0/123]  eta: 0:00:51  entropy: 0.1924  uncertainty: 1.0000  uncertainty_coeffi: 1.0000  loss: 0.1924  lr: 0.000008  time: 0.4174  data: 0.3356  max mem: 2516
      TTA Epoch: [37] [100/123]  eta: 0:00:01  entropy: 0.1405  uncertainty: 1.0000  uncertainty_coeffi: 1.0000  loss: 0.1405  lr: 0.000008  time: 0.0622  data: 0.0001  max mem: 2516
      TTA Epoch: [37] [122/123]  eta: 0:00:00  entropy: 0.1565  uncertainty: 1.0000  uncertainty_coeffi: 1.0000  loss: 0.1565  lr: 0.000008  time: 0.0607  data: 0.0001  max mem: 2516
      TTA Epoch: [37] Total time: 0:00:07 (0.0645 s / it)
     Averaged stats: entropy: 0.1451  uncertainty: 1.0000  uncertainty_coeffi: 1.0000  loss: 0.1451  lr: 0.0000
     itm tta time 0:00:08
      TTA Epoch: [38] [  0/123]  eta: 0:00:59  entropy: 0.2132  uncertainty: 1.0000  uncertainty_coeffi: 1.0000  loss: 0.2132  lr: 0.000008  time: 0.4874  data: 0.3764  max mem: 2516
      TTA Epoch: [38] [100/123]  eta: 0:00:01  entropy: 0.0492  uncertainty: 1.0000  uncertainty_coeffi: 1.0000  loss: 0.0492  lr: 0.000008  time: 0.0619  data: 0.0001  max mem: 2516
      TTA Epoch: [38] [122/123]  eta: 0:00:00  entropy: 0.0430  uncertainty: 1.0000  uncertainty_coeffi: 1.0000  loss: 0.0430  lr: 0.000008  time: 0.0610  data: 0.0001  max mem: 2516
      TTA Epoch: [38] Total time: 0:00:08 (0.0651 s / it)
     Averaged stats: entropy: 0.1482  uncertainty: 1.0000  uncertainty_coeffi: 1.0000  loss: 0.1482  lr: 0.0000
     itm tta time 0:00:08
      TTA Epoch: [39] [  0/123]  eta: 0:00:51  entropy: 0.1215  uncertainty: 1.0000  uncertainty_coeffi: 1.0000  loss: 0.1215  lr: 0.000008  time: 0.4225  data: 0.3460  max mem: 2516
      TTA Epoch: [39] [100/123]  eta: 0:00:01  entropy: 0.2921  uncertainty: 1.0000  uncertainty_coeffi: 1.0000  loss: 0.2921  lr: 0.000007  time: 0.0616  data: 0.0001  max mem: 2516
      TTA Epoch: [39] [122/123]  eta: 0:00:00  entropy: 0.1270  uncertainty: 1.0000  uncertainty_coeffi: 1.0000  loss: 0.1270  lr: 0.000007  time: 0.0612  data: 0.0001  max mem: 2516
      TTA Epoch: [39] Total time: 0:00:07 (0.0643 s / it)
     Averaged stats: entropy: 0.1579  uncertainty: 1.0000  uncertainty_coeffi: 1.0000  loss: 0.1579  lr: 0.0000
     itm tta time 0:00:07
     Computing matching score
      Evaluation: [   0/1978]  eta: 0:02:16    time: 0.0692  data: 0.0034  max mem: 2516
      Evaluation: [ 100/1978]  eta: 0:03:19    time: 0.1112  data: 0.0000  max mem: 2516
      Evaluation: [ 200/1978]  eta: 0:03:11    time: 0.1098  data: 0.0000  max mem: 2516
      Evaluation: [ 300/1978]  eta: 0:02:56    time: 0.0692  data: 0.0000  max mem: 2516
      Evaluation: [ 400/1978]  eta: 0:02:45    time: 0.1110  data: 0.0000  max mem: 2516
      Evaluation: [ 500/1978]  eta: 0:02:36    time: 0.1099  data: 0.0000  max mem: 2516
      Evaluation: [ 600/1978]  eta: 0:02:25    time: 0.0763  data: 0.0000  max mem: 2516
      Evaluation: [ 700/1978]  eta: 0:02:14    time: 0.1081  data: 0.0000  max mem: 2516
      Evaluation: [ 800/1978]  eta: 0:02:04    time: 0.1119  data: 0.0000  max mem: 2516
      Evaluation: [ 900/1978]  eta: 0:01:53    time: 0.0753  data: 0.0000  max mem: 2516
      Evaluation: [1000/1978]  eta: 0:01:43    time: 0.1104  data: 0.0000  max mem: 2516
      Evaluation: [1100/1978]  eta: 0:01:32    time: 0.1075  data: 0.0000  max mem: 2516
      Evaluation: [1200/1978]  eta: 0:01:21    time: 0.0737  data: 0.0000  max mem: 2516
      Evaluation: [1300/1978]  eta: 0:01:11    time: 0.1123  data: 0.0000  max mem: 2516
      Evaluation: [1400/1978]  eta: 0:01:01    time: 0.1104  data: 0.0000  max mem: 2516
      Evaluation: [1500/1978]  eta: 0:00:50    time: 0.0849  data: 0.0000  max mem: 2516
      Evaluation: [1600/1978]  eta: 0:00:39    time: 0.1132  data: 0.0000  max mem: 2516
      Evaluation: [1700/1978]  eta: 0:00:29    time: 0.1127  data: 0.0000  max mem: 2516
      Evaluation: [1800/1978]  eta: 0:00:18    time: 0.0942  data: 0.0000  max mem: 2516
      Evaluation: [1900/1978]  eta: 0:00:08    time: 0.1126  data: 0.0000  max mem: 2516
      Evaluation: [1977/1978]  eta: 0:00:00    time: 0.1108  data: 0.0000  max mem: 2516
      Evaluation: Total time: 0:03:29 (0.1060 s / it)
     Computing matching score time 0:03:30
### TTA ITM Score: 
+-------+--------+--------+--------+--------+--------+
| epoch |   R1   |   R5   |  R10   |  mAP   |  mINP  |
+-------+--------+--------+--------+--------+--------+
|  -999 | 53.438 | 86.855 | 92.922 | 68.348 | 68.348 |
|  -999 | 72.700 | 97.776 | 99.090 | 84.322 | 84.322 |
|   0   | 72.952 | 97.877 | 99.090 | 84.473 | 84.473 |
|   1   | 73.660 | 97.978 | 99.039 | 84.901 | 84.901 |
|   2   | 73.862 | 98.079 | 99.090 | 85.050 | 85.050 |
|   4   | 75.177 | 98.079 | 98.989 | 85.740 | 85.740 |
|   9   | 75.784 | 97.776 | 98.938 | 85.966 | 85.966 |
|   14  | 75.683 | 97.523 | 98.787 | 85.724 | 85.724 |
|   19  | 75.329 | 97.422 | 98.787 | 85.442 | 85.442 |
|   29  | 74.772 | 97.371 | 98.686 | 85.059 | 85.059 |
|   39  | 75.025 | 97.219 | 98.686 | 85.163 | 85.163 |
+-------+--------+--------+--------+--------+--------+
     logs:  {'epo': 39, 'R1': 75.025, 'R5': 97.219, 'R10': 98.686, 'mAP': 85.163, 'mINP': 85.163, 'entropy': 0.15789, 'uncertainty': 1.0, 'uncertainty_coeffi': 1.0, 'loss': 0.15789, 'lr': 7e-06}
Killed
NNODES,  1
NODE_RANK,  0
MASTER_ADDR,  127.0.0.1
MASTER_PORT,  1612
NPROC_PER_NODE,  2
task:  exp0.0.2
config:  configs_rerun5/exp0.0.2.yaml
output_dir:  output_rerun4/exp0.0.2/2025092301213
python3 tta.py --config configs_rerun5/exp0.0.2.yaml --task exp0.0.2 --output_dir output_rerun4/exp0.0.2/2025092301213 --checkpoint checkpoint/16m_base_model_state_step_199999.th --bs 0 --epo 0 --lr 0.0 --seed 42 --tta
