/home/jiahao/miniconda3/envs/cmp/lib/python3.10/site-packages/torch/functional.py:554: UserWarning: torch.meshgrid: in an upcoming release, it will be required to pass the indexing argument. (Triggered internally at /pytorch/aten/src/ATen/native/TensorShape.cpp:4322.)
  return _VF.meshgrid(tensors, **kwargs)  # type: ignore[attr-defined]
Not using distributed mode
### Hyper-parameters:
     seed: 42
     device: cuda
     output_dir: output_rerun4/exp2.0.1/2025092219541
     batch_size_tta: 16
     epochs: 60
     lr: 0.0005
### Creating test dataset
from data/PAB/annotation/test/attr.json loading 1978 data
     test dataset -->    be_pose_img: False
     test_dataset: 1978
### Creating test dataloader
### be careful: func create_loader returns a list length of 1
     test_loader: 90
### Creating model
build_vision_encoder: load swin 224 x 224 ====>
missing_keys:  []
unexpected_keys:  ['head.weight', 'head.bias']
build_text_encoder: load bert ====>
missing_keys: ['bert.encoder.layer.10.crossattention.output.LayerNorm.bias', 'bert.encoder.layer.10.crossattention.output.LayerNorm.weight', 'bert.encoder.layer.10.crossattention.output.dense.bias', 'bert.encoder.layer.10.crossattention.output.dense.weight', 'bert.encoder.layer.10.crossattention.self.key.bias', 'bert.encoder.layer.10.crossattention.self.key.weight', 'bert.encoder.layer.10.crossattention.self.query.bias', 'bert.encoder.layer.10.crossattention.self.query.weight', 'bert.encoder.layer.10.crossattention.self.value.bias', 'bert.encoder.layer.10.crossattention.self.value.weight', 'bert.encoder.layer.11.crossattention.output.LayerNorm.bias', 'bert.encoder.layer.11.crossattention.output.LayerNorm.weight', 'bert.encoder.layer.11.crossattention.output.dense.bias', 'bert.encoder.layer.11.crossattention.output.dense.weight', 'bert.encoder.layer.11.crossattention.self.key.bias', 'bert.encoder.layer.11.crossattention.self.key.weight', 'bert.encoder.layer.11.crossattention.self.query.bias', 'bert.encoder.layer.11.crossattention.self.query.weight', 'bert.encoder.layer.11.crossattention.self.value.bias', 'bert.encoder.layer.11.crossattention.self.value.weight', 'bert.encoder.layer.6.crossattention.output.LayerNorm.bias', 'bert.encoder.layer.6.crossattention.output.LayerNorm.weight', 'bert.encoder.layer.6.crossattention.output.dense.bias', 'bert.encoder.layer.6.crossattention.output.dense.weight', 'bert.encoder.layer.6.crossattention.self.key.bias', 'bert.encoder.layer.6.crossattention.self.key.weight', 'bert.encoder.layer.6.crossattention.self.query.bias', 'bert.encoder.layer.6.crossattention.self.query.weight', 'bert.encoder.layer.6.crossattention.self.value.bias', 'bert.encoder.layer.6.crossattention.self.value.weight', 'bert.encoder.layer.7.crossattention.output.LayerNorm.bias', 'bert.encoder.layer.7.crossattention.output.LayerNorm.weight', 'bert.encoder.layer.7.crossattention.output.dense.bias', 'bert.encoder.layer.7.crossattention.output.dense.weight', 'bert.encoder.layer.7.crossattention.self.key.bias', 'bert.encoder.layer.7.crossattention.self.key.weight', 'bert.encoder.layer.7.crossattention.self.query.bias', 'bert.encoder.layer.7.crossattention.self.query.weight', 'bert.encoder.layer.7.crossattention.self.value.bias', 'bert.encoder.layer.7.crossattention.self.value.weight', 'bert.encoder.layer.8.crossattention.output.LayerNorm.bias', 'bert.encoder.layer.8.crossattention.output.LayerNorm.weight', 'bert.encoder.layer.8.crossattention.output.dense.bias', 'bert.encoder.layer.8.crossattention.output.dense.weight', 'bert.encoder.layer.8.crossattention.self.key.bias', 'bert.encoder.layer.8.crossattention.self.key.weight', 'bert.encoder.layer.8.crossattention.self.query.bias', 'bert.encoder.layer.8.crossattention.self.query.weight', 'bert.encoder.layer.8.crossattention.self.value.bias', 'bert.encoder.layer.8.crossattention.self.value.weight', 'bert.encoder.layer.9.crossattention.output.LayerNorm.bias', 'bert.encoder.layer.9.crossattention.output.LayerNorm.weight', 'bert.encoder.layer.9.crossattention.output.dense.bias', 'bert.encoder.layer.9.crossattention.output.dense.weight', 'bert.encoder.layer.9.crossattention.self.key.bias', 'bert.encoder.layer.9.crossattention.self.key.weight', 'bert.encoder.layer.9.crossattention.self.query.bias', 'bert.encoder.layer.9.crossattention.self.query.weight', 'bert.encoder.layer.9.crossattention.self.value.bias', 'bert.encoder.layer.9.crossattention.self.value.weight']
unexpected_keys: ['cls.seq_relationship.bias', 'cls.seq_relationship.weight']
mismatched_keys: []
error_msgs: []
Label Smooth: 0.2
load checkpoint from checkpoint/16m_base_model_state_step_199999.th
missing_keys:  []
unexpected_keys:  ['bbox_head.0.weight', 'bbox_head.0.bias', 'bbox_head.1.weight', 'bbox_head.1.bias', 'bbox_head.3.weight', 'bbox_head.3.bias']
     Total Params Sum:  214446837
### Inference ITC similiarity matrix
     Computing text features for evaluation
     Computing image features for evaluation
/home/jiahao/task/CMP/eval.py:129: UserWarning: To copy construct from a tensor, it is recommended to use sourceTensor.detach().clone() or sourceTensor.detach().clone().requires_grad_(True), rather than torch.tensor(sourceTensor).
  similarity = torch.tensor(scores_t2i)
     Computing features time 0:00:15
### Zero-Shot ITC Score: 
+-------+--------+--------+--------+--------+--------+
| epoch |   R1   |   R5   |  R10   |  mAP   |  mINP  |
+-------+--------+--------+--------+--------+--------+
|  -999 | 53.438 | 86.855 | 92.922 | 68.348 | 68.348 |
+-------+--------+--------+--------+--------+--------+
     Computing matching score
      Evaluation: [   0/1978]  eta: 0:04:40    time: 0.1419  data: 0.0034  max mem: 2074
      Evaluation: [ 100/1978]  eta: 0:04:01    time: 0.1276  data: 0.0000  max mem: 2074
      Evaluation: [ 200/1978]  eta: 0:03:48    time: 0.1288  data: 0.0000  max mem: 2074
      Evaluation: [ 300/1978]  eta: 0:03:35    time: 0.1288  data: 0.0000  max mem: 2074
      Evaluation: [ 400/1978]  eta: 0:03:23    time: 0.1297  data: 0.0000  max mem: 2074
      Evaluation: [ 500/1978]  eta: 0:03:09    time: 0.1284  data: 0.0000  max mem: 2074
      Evaluation: [ 600/1978]  eta: 0:02:57    time: 0.1278  data: 0.0000  max mem: 2074
      Evaluation: [ 700/1978]  eta: 0:02:44    time: 0.1289  data: 0.0000  max mem: 2074
      Evaluation: [ 800/1978]  eta: 0:02:31    time: 0.1292  data: 0.0000  max mem: 2074
      Evaluation: [ 900/1978]  eta: 0:02:18    time: 0.1285  data: 0.0000  max mem: 2074
      Evaluation: [1000/1978]  eta: 0:02:05    time: 0.1319  data: 0.0000  max mem: 2074
      Evaluation: [1100/1978]  eta: 0:01:53    time: 0.1318  data: 0.0000  max mem: 2074
      Evaluation: [1200/1978]  eta: 0:01:40    time: 0.1287  data: 0.0000  max mem: 2074
      Evaluation: [1300/1978]  eta: 0:01:27    time: 0.1290  data: 0.0000  max mem: 2074
      Evaluation: [1400/1978]  eta: 0:01:14    time: 0.1298  data: 0.0000  max mem: 2074
      Evaluation: [1500/1978]  eta: 0:01:01    time: 0.1273  data: 0.0000  max mem: 2074
      Evaluation: [1600/1978]  eta: 0:00:48    time: 0.1272  data: 0.0000  max mem: 2074
      Evaluation: [1700/1978]  eta: 0:00:35    time: 0.1266  data: 0.0000  max mem: 2074
      Evaluation: [1800/1978]  eta: 0:00:22    time: 0.1024  data: 0.0000  max mem: 2074
      Evaluation: [1900/1978]  eta: 0:00:09    time: 0.1266  data: 0.0000  max mem: 2074
      Evaluation: [1977/1978]  eta: 0:00:00    time: 0.1270  data: 0.0000  max mem: 2074
      Evaluation: Total time: 0:04:10 (0.1265 s / it)
     Computing matching score time 0:04:12
### Zero-Shot ITM Score: 
+-------+--------+--------+--------+--------+--------+
| epoch |   R1   |   R5   |  R10   |  mAP   |  mINP  |
+-------+--------+--------+--------+--------+--------+
|  -999 | 53.438 | 86.855 | 92.922 | 68.348 | 68.348 |
|  -999 | 72.700 | 97.776 | 99.090 | 84.322 | 84.322 |
+-------+--------+--------+--------+--------+--------+
### TTA:
     preprocess_tta_coefficients  start
     sample selection ...
     number of sample after sample_selection: 809
     uncertainty ...
     preprocess_tta_coefficients  end
### Creating tta dataset
     tta_dataset: 809
### Creating tta dataloader
### be careful: func create_loader returns a list length of 1
     tta_loader: 50
### Configure adapted weights
     TTA Dropout Modules: 
 [('vision_encoder.pos_drop', Dropout(p=0, inplace=False), True), ('vision_encoder.layers.0.blocks.0.attn.attn_drop', Dropout(p=0.0, inplace=False), True), ('vision_encoder.layers.0.blocks.0.attn.proj_drop', Dropout(p=0, inplace=False), True), ('vision_encoder.layers.0.blocks.0.mlp.drop', Dropout(p=0, inplace=False), True), ('vision_encoder.layers.0.blocks.1.attn.attn_drop', Dropout(p=0.0, inplace=False), True), ('vision_encoder.layers.0.blocks.1.attn.proj_drop', Dropout(p=0, inplace=False), True), ('vision_encoder.layers.0.blocks.1.mlp.drop', Dropout(p=0, inplace=False), True), ('vision_encoder.layers.1.blocks.0.attn.attn_drop', Dropout(p=0.0, inplace=False), True), ('vision_encoder.layers.1.blocks.0.attn.proj_drop', Dropout(p=0, inplace=False), True), ('vision_encoder.layers.1.blocks.0.mlp.drop', Dropout(p=0, inplace=False), True), ('vision_encoder.layers.1.blocks.1.attn.attn_drop', Dropout(p=0.0, inplace=False), True), ('vision_encoder.layers.1.blocks.1.attn.proj_drop', Dropout(p=0, inplace=False), True), ('vision_encoder.layers.1.blocks.1.mlp.drop', Dropout(p=0, inplace=False), True), ('vision_encoder.layers.2.blocks.0.attn.attn_drop', Dropout(p=0.0, inplace=False), True), ('vision_encoder.layers.2.blocks.0.attn.proj_drop', Dropout(p=0, inplace=False), True), ('vision_encoder.layers.2.blocks.0.mlp.drop', Dropout(p=0, inplace=False), True), ('vision_encoder.layers.2.blocks.1.attn.attn_drop', Dropout(p=0.0, inplace=False), True), ('vision_encoder.layers.2.blocks.1.attn.proj_drop', Dropout(p=0, inplace=False), True), ('vision_encoder.layers.2.blocks.1.mlp.drop', Dropout(p=0, inplace=False), True), ('vision_encoder.layers.2.blocks.2.attn.attn_drop', Dropout(p=0.0, inplace=False), True), ('vision_encoder.layers.2.blocks.2.attn.proj_drop', Dropout(p=0, inplace=False), True), ('vision_encoder.layers.2.blocks.2.mlp.drop', Dropout(p=0, inplace=False), True), ('vision_encoder.layers.2.blocks.3.attn.attn_drop', Dropout(p=0.0, inplace=False), True), ('vision_encoder.layers.2.blocks.3.attn.proj_drop', Dropout(p=0, inplace=False), True), ('vision_encoder.layers.2.blocks.3.mlp.drop', Dropout(p=0, inplace=False), True), ('vision_encoder.layers.2.blocks.4.attn.attn_drop', Dropout(p=0.0, inplace=False), True), ('vision_encoder.layers.2.blocks.4.attn.proj_drop', Dropout(p=0, inplace=False), True), ('vision_encoder.layers.2.blocks.4.mlp.drop', Dropout(p=0, inplace=False), True), ('vision_encoder.layers.2.blocks.5.attn.attn_drop', Dropout(p=0.0, inplace=False), True), ('vision_encoder.layers.2.blocks.5.attn.proj_drop', Dropout(p=0, inplace=False), True), ('vision_encoder.layers.2.blocks.5.mlp.drop', Dropout(p=0, inplace=False), True), ('vision_encoder.layers.2.blocks.6.attn.attn_drop', Dropout(p=0.0, inplace=False), True), ('vision_encoder.layers.2.blocks.6.attn.proj_drop', Dropout(p=0, inplace=False), True), ('vision_encoder.layers.2.blocks.6.mlp.drop', Dropout(p=0, inplace=False), True), ('vision_encoder.layers.2.blocks.7.attn.attn_drop', Dropout(p=0.0, inplace=False), True), ('vision_encoder.layers.2.blocks.7.attn.proj_drop', Dropout(p=0, inplace=False), True), ('vision_encoder.layers.2.blocks.7.mlp.drop', Dropout(p=0, inplace=False), True), ('vision_encoder.layers.2.blocks.8.attn.attn_drop', Dropout(p=0.0, inplace=False), True), ('vision_encoder.layers.2.blocks.8.attn.proj_drop', Dropout(p=0, inplace=False), True), ('vision_encoder.layers.2.blocks.8.mlp.drop', Dropout(p=0, inplace=False), True), ('vision_encoder.layers.2.blocks.9.attn.attn_drop', Dropout(p=0.0, inplace=False), True), ('vision_encoder.layers.2.blocks.9.attn.proj_drop', Dropout(p=0, inplace=False), True), ('vision_encoder.layers.2.blocks.9.mlp.drop', Dropout(p=0, inplace=False), True), ('vision_encoder.layers.2.blocks.10.attn.attn_drop', Dropout(p=0.0, inplace=False), True), ('vision_encoder.layers.2.blocks.10.attn.proj_drop', Dropout(p=0, inplace=False), True), ('vision_encoder.layers.2.blocks.10.mlp.drop', Dropout(p=0, inplace=False), True), ('vision_encoder.layers.2.blocks.11.attn.attn_drop', Dropout(p=0.0, inplace=False), True), ('vision_encoder.layers.2.blocks.11.attn.proj_drop', Dropout(p=0, inplace=False), True), ('vision_encoder.layers.2.blocks.11.mlp.drop', Dropout(p=0, inplace=False), True), ('vision_encoder.layers.2.blocks.12.attn.attn_drop', Dropout(p=0.0, inplace=False), True), ('vision_encoder.layers.2.blocks.12.attn.proj_drop', Dropout(p=0, inplace=False), True), ('vision_encoder.layers.2.blocks.12.mlp.drop', Dropout(p=0, inplace=False), True), ('vision_encoder.layers.2.blocks.13.attn.attn_drop', Dropout(p=0.0, inplace=False), True), ('vision_encoder.layers.2.blocks.13.attn.proj_drop', Dropout(p=0, inplace=False), True), ('vision_encoder.layers.2.blocks.13.mlp.drop', Dropout(p=0, inplace=False), True), ('vision_encoder.layers.2.blocks.14.attn.attn_drop', Dropout(p=0.0, inplace=False), True), ('vision_encoder.layers.2.blocks.14.attn.proj_drop', Dropout(p=0, inplace=False), True), ('vision_encoder.layers.2.blocks.14.mlp.drop', Dropout(p=0, inplace=False), True), ('vision_encoder.layers.2.blocks.15.attn.attn_drop', Dropout(p=0.0, inplace=False), True), ('vision_encoder.layers.2.blocks.15.attn.proj_drop', Dropout(p=0, inplace=False), True), ('vision_encoder.layers.2.blocks.15.mlp.drop', Dropout(p=0, inplace=False), True), ('vision_encoder.layers.2.blocks.16.attn.attn_drop', Dropout(p=0.0, inplace=False), True), ('vision_encoder.layers.2.blocks.16.attn.proj_drop', Dropout(p=0, inplace=False), True), ('vision_encoder.layers.2.blocks.16.mlp.drop', Dropout(p=0, inplace=False), True), ('vision_encoder.layers.2.blocks.17.attn.attn_drop', Dropout(p=0.0, inplace=False), True), ('vision_encoder.layers.2.blocks.17.attn.proj_drop', Dropout(p=0, inplace=False), True), ('vision_encoder.layers.2.blocks.17.mlp.drop', Dropout(p=0, inplace=False), True), ('vision_encoder.layers.3.blocks.0.attn.attn_drop', Dropout(p=0.0, inplace=False), True), ('vision_encoder.layers.3.blocks.0.attn.proj_drop', Dropout(p=0, inplace=False), True), ('vision_encoder.layers.3.blocks.0.mlp.drop', Dropout(p=0, inplace=False), True), ('vision_encoder.layers.3.blocks.1.attn.attn_drop', Dropout(p=0.0, inplace=False), True), ('vision_encoder.layers.3.blocks.1.attn.proj_drop', Dropout(p=0, inplace=False), True), ('vision_encoder.layers.3.blocks.1.mlp.drop', Dropout(p=0, inplace=False), True), ('text_encoder.bert.embeddings.dropout', Dropout(p=0.1, inplace=False), True), ('text_encoder.bert.encoder.layer.0.attention.self.dropout', Dropout(p=0.1, inplace=False), True), ('text_encoder.bert.encoder.layer.0.attention.output.dropout', Dropout(p=0.1, inplace=False), True), ('text_encoder.bert.encoder.layer.0.output.dropout', Dropout(p=0.1, inplace=False), True), ('text_encoder.bert.encoder.layer.1.attention.self.dropout', Dropout(p=0.1, inplace=False), True), ('text_encoder.bert.encoder.layer.1.attention.output.dropout', Dropout(p=0.1, inplace=False), True), ('text_encoder.bert.encoder.layer.1.output.dropout', Dropout(p=0.1, inplace=False), True), ('text_encoder.bert.encoder.layer.2.attention.self.dropout', Dropout(p=0.1, inplace=False), True), ('text_encoder.bert.encoder.layer.2.attention.output.dropout', Dropout(p=0.1, inplace=False), True), ('text_encoder.bert.encoder.layer.2.output.dropout', Dropout(p=0.1, inplace=False), True), ('text_encoder.bert.encoder.layer.3.attention.self.dropout', Dropout(p=0.1, inplace=False), True), ('text_encoder.bert.encoder.layer.3.attention.output.dropout', Dropout(p=0.1, inplace=False), True), ('text_encoder.bert.encoder.layer.3.output.dropout', Dropout(p=0.1, inplace=False), True), ('text_encoder.bert.encoder.layer.4.attention.self.dropout', Dropout(p=0.1, inplace=False), True), ('text_encoder.bert.encoder.layer.4.attention.output.dropout', Dropout(p=0.1, inplace=False), True), ('text_encoder.bert.encoder.layer.4.output.dropout', Dropout(p=0.1, inplace=False), True), ('text_encoder.bert.encoder.layer.5.attention.self.dropout', Dropout(p=0.1, inplace=False), True), ('text_encoder.bert.encoder.layer.5.attention.output.dropout', Dropout(p=0.1, inplace=False), True), ('text_encoder.bert.encoder.layer.5.output.dropout', Dropout(p=0.1, inplace=False), True), ('text_encoder.bert.encoder.layer.6.attention.self.dropout', Dropout(p=0.1, inplace=False), True), ('text_encoder.bert.encoder.layer.6.attention.output.dropout', Dropout(p=0.1, inplace=False), True), ('text_encoder.bert.encoder.layer.6.crossattention.self.dropout', Dropout(p=0.1, inplace=False), True), ('text_encoder.bert.encoder.layer.6.crossattention.output.dropout', Dropout(p=0.1, inplace=False), True), ('text_encoder.bert.encoder.layer.6.output.dropout', Dropout(p=0.1, inplace=False), True), ('text_encoder.bert.encoder.layer.7.attention.self.dropout', Dropout(p=0.1, inplace=False), True), ('text_encoder.bert.encoder.layer.7.attention.output.dropout', Dropout(p=0.1, inplace=False), True), ('text_encoder.bert.encoder.layer.7.crossattention.self.dropout', Dropout(p=0.1, inplace=False), True), ('text_encoder.bert.encoder.layer.7.crossattention.output.dropout', Dropout(p=0.1, inplace=False), True), ('text_encoder.bert.encoder.layer.7.output.dropout', Dropout(p=0.1, inplace=False), True), ('text_encoder.bert.encoder.layer.8.attention.self.dropout', Dropout(p=0.1, inplace=False), True), ('text_encoder.bert.encoder.layer.8.attention.output.dropout', Dropout(p=0.1, inplace=False), True), ('text_encoder.bert.encoder.layer.8.crossattention.self.dropout', Dropout(p=0.1, inplace=False), True), ('text_encoder.bert.encoder.layer.8.crossattention.output.dropout', Dropout(p=0.1, inplace=False), True), ('text_encoder.bert.encoder.layer.8.output.dropout', Dropout(p=0.1, inplace=False), True), ('text_encoder.bert.encoder.layer.9.attention.self.dropout', Dropout(p=0.1, inplace=False), True), ('text_encoder.bert.encoder.layer.9.attention.output.dropout', Dropout(p=0.1, inplace=False), True), ('text_encoder.bert.encoder.layer.9.crossattention.self.dropout', Dropout(p=0.1, inplace=False), True), ('text_encoder.bert.encoder.layer.9.crossattention.output.dropout', Dropout(p=0.1, inplace=False), True), ('text_encoder.bert.encoder.layer.9.output.dropout', Dropout(p=0.1, inplace=False), True), ('text_encoder.bert.encoder.layer.10.attention.self.dropout', Dropout(p=0.1, inplace=False), True), ('text_encoder.bert.encoder.layer.10.attention.output.dropout', Dropout(p=0.1, inplace=False), True), ('text_encoder.bert.encoder.layer.10.crossattention.self.dropout', Dropout(p=0.1, inplace=False), True), ('text_encoder.bert.encoder.layer.10.crossattention.output.dropout', Dropout(p=0.1, inplace=False), True), ('text_encoder.bert.encoder.layer.10.output.dropout', Dropout(p=0.1, inplace=False), True), ('text_encoder.bert.encoder.layer.11.attention.self.dropout', Dropout(p=0.1, inplace=False), True), ('text_encoder.bert.encoder.layer.11.attention.output.dropout', Dropout(p=0.1, inplace=False), True), ('text_encoder.bert.encoder.layer.11.crossattention.self.dropout', Dropout(p=0.1, inplace=False), True), ('text_encoder.bert.encoder.layer.11.crossattention.output.dropout', Dropout(p=0.1, inplace=False), True), ('text_encoder.bert.encoder.layer.11.output.dropout', Dropout(p=0.1, inplace=False), True)]
     TTA Require Gradient Params: 
 [('text_encoder.bert.embeddings.LayerNorm.weight', torch.Size([768])), ('text_encoder.bert.embeddings.LayerNorm.bias', torch.Size([768])), ('text_encoder.bert.encoder.layer.6.attention.output.LayerNorm.weight', torch.Size([768])), ('text_encoder.bert.encoder.layer.6.attention.output.LayerNorm.bias', torch.Size([768])), ('text_encoder.bert.encoder.layer.6.crossattention.output.LayerNorm.weight', torch.Size([768])), ('text_encoder.bert.encoder.layer.6.crossattention.output.LayerNorm.bias', torch.Size([768])), ('text_encoder.bert.encoder.layer.6.output.LayerNorm.weight', torch.Size([768])), ('text_encoder.bert.encoder.layer.6.output.LayerNorm.bias', torch.Size([768])), ('text_encoder.bert.encoder.layer.7.attention.output.LayerNorm.weight', torch.Size([768])), ('text_encoder.bert.encoder.layer.7.attention.output.LayerNorm.bias', torch.Size([768])), ('text_encoder.bert.encoder.layer.7.crossattention.output.LayerNorm.weight', torch.Size([768])), ('text_encoder.bert.encoder.layer.7.crossattention.output.LayerNorm.bias', torch.Size([768])), ('text_encoder.bert.encoder.layer.7.output.LayerNorm.weight', torch.Size([768])), ('text_encoder.bert.encoder.layer.7.output.LayerNorm.bias', torch.Size([768])), ('text_encoder.bert.encoder.layer.8.attention.output.LayerNorm.weight', torch.Size([768])), ('text_encoder.bert.encoder.layer.8.attention.output.LayerNorm.bias', torch.Size([768])), ('text_encoder.bert.encoder.layer.8.crossattention.output.LayerNorm.weight', torch.Size([768])), ('text_encoder.bert.encoder.layer.8.crossattention.output.LayerNorm.bias', torch.Size([768])), ('text_encoder.bert.encoder.layer.8.output.LayerNorm.weight', torch.Size([768])), ('text_encoder.bert.encoder.layer.8.output.LayerNorm.bias', torch.Size([768])), ('text_encoder.bert.encoder.layer.9.attention.output.LayerNorm.weight', torch.Size([768])), ('text_encoder.bert.encoder.layer.9.attention.output.LayerNorm.bias', torch.Size([768])), ('text_encoder.bert.encoder.layer.9.crossattention.output.LayerNorm.weight', torch.Size([768])), ('text_encoder.bert.encoder.layer.9.crossattention.output.LayerNorm.bias', torch.Size([768])), ('text_encoder.bert.encoder.layer.9.output.LayerNorm.weight', torch.Size([768])), ('text_encoder.bert.encoder.layer.9.output.LayerNorm.bias', torch.Size([768])), ('text_encoder.bert.encoder.layer.10.attention.output.LayerNorm.weight', torch.Size([768])), ('text_encoder.bert.encoder.layer.10.attention.output.LayerNorm.bias', torch.Size([768])), ('text_encoder.bert.encoder.layer.10.crossattention.output.LayerNorm.weight', torch.Size([768])), ('text_encoder.bert.encoder.layer.10.crossattention.output.LayerNorm.bias', torch.Size([768])), ('text_encoder.bert.encoder.layer.10.output.LayerNorm.weight', torch.Size([768])), ('text_encoder.bert.encoder.layer.10.output.LayerNorm.bias', torch.Size([768])), ('text_encoder.bert.encoder.layer.11.attention.output.LayerNorm.weight', torch.Size([768])), ('text_encoder.bert.encoder.layer.11.attention.output.LayerNorm.bias', torch.Size([768])), ('text_encoder.bert.encoder.layer.11.crossattention.output.LayerNorm.weight', torch.Size([768])), ('text_encoder.bert.encoder.layer.11.crossattention.output.LayerNorm.bias', torch.Size([768])), ('text_encoder.bert.encoder.layer.11.output.LayerNorm.weight', torch.Size([768])), ('text_encoder.bert.encoder.layer.11.output.LayerNorm.bias', torch.Size([768])), ('text_encoder.cls.predictions.transform.LayerNorm.weight', torch.Size([768])), ('text_encoder.cls.predictions.transform.LayerNorm.bias', torch.Size([768])), ('itm_head.1.weight', torch.Size([1536])), ('itm_head.1.bias', torch.Size([1536]))]
     TTA Dropout Modules Number: 
 122
     TTA Require Gradient Params Sum: 
 33792
     lr:  0.0005    lr_mult:  2
     model has 'init_params',  363
     num_tta_steps:  3060
     num_warmup_steps:  500
     sched: step
/home/jiahao/task/CMP/tta.py:253: FutureWarning: `torch.cuda.amp.GradScaler(args...)` is deprecated. Please use `torch.amp.GradScaler('cuda', args...)` instead.
  scaler = GradScaler()  # bf16
### Start ITM Test Time Adaptation
      TTA Epoch: [0] [ 0/50]  eta: 0:00:54  entropy: 1.0068  uncertainty: 1.0000  uncertainty_coeffi: 1.0000  loss: 1.0068  lr: 0.000001  time: 1.0866  data: 0.3400  max mem: 2478
      TTA Epoch: [0] [49/50]  eta: 0:00:00  entropy: 0.7328  uncertainty: 1.0000  uncertainty_coeffi: 1.0000  loss: 0.7328  lr: 0.000050  time: 0.1200  data: 0.0001  max mem: 2509
      TTA Epoch: [0] Total time: 0:00:06 (0.1397 s / it)
     Averaged stats: entropy: 0.8602  uncertainty: 1.0000  uncertainty_coeffi: 1.0000  loss: 0.8602  lr: 0.0000
     itm tta time 0:00:07
     Computing matching score
      Evaluation: [   0/1978]  eta: 0:04:25    time: 0.1345  data: 0.0022  max mem: 2509
      Evaluation: [ 100/1978]  eta: 0:03:50    time: 0.1278  data: 0.0000  max mem: 2509
      Evaluation: [ 200/1978]  eta: 0:03:37    time: 0.1274  data: 0.0000  max mem: 2509
      Evaluation: [ 300/1978]  eta: 0:03:26    time: 0.1077  data: 0.0000  max mem: 2509
      Evaluation: [ 400/1978]  eta: 0:03:15    time: 0.1232  data: 0.0000  max mem: 2509
      Evaluation: [ 500/1978]  eta: 0:03:02    time: 0.1269  data: 0.0000  max mem: 2509
      Evaluation: [ 600/1978]  eta: 0:02:51    time: 0.1321  data: 0.0000  max mem: 2509
      Evaluation: [ 700/1978]  eta: 0:02:39    time: 0.1318  data: 0.0000  max mem: 2509
      Evaluation: [ 800/1978]  eta: 0:02:27    time: 0.1269  data: 0.0000  max mem: 2509
      Evaluation: [ 900/1978]  eta: 0:02:15    time: 0.1277  data: 0.0000  max mem: 2509
      Evaluation: [1000/1978]  eta: 0:02:03    time: 0.1310  data: 0.0000  max mem: 2509
      Evaluation: [1100/1978]  eta: 0:01:51    time: 0.1289  data: 0.0000  max mem: 2509
      Evaluation: [1200/1978]  eta: 0:01:38    time: 0.1312  data: 0.0000  max mem: 2509
      Evaluation: [1300/1978]  eta: 0:01:26    time: 0.1292  data: 0.0000  max mem: 2509
      Evaluation: [1400/1978]  eta: 0:01:13    time: 0.1288  data: 0.0000  max mem: 2509
      Evaluation: [1500/1978]  eta: 0:01:00    time: 0.1286  data: 0.0000  max mem: 2509
      Evaluation: [1600/1978]  eta: 0:00:48    time: 0.1285  data: 0.0000  max mem: 2509
      Evaluation: [1700/1978]  eta: 0:00:35    time: 0.1300  data: 0.0000  max mem: 2509
      Evaluation: [1800/1978]  eta: 0:00:22    time: 0.1287  data: 0.0000  max mem: 2509
      Evaluation: [1900/1978]  eta: 0:00:09    time: 0.1292  data: 0.0000  max mem: 2509
      Evaluation: [1977/1978]  eta: 0:00:00    time: 0.1289  data: 0.0000  max mem: 2509
      Evaluation: Total time: 0:04:12 (0.1276 s / it)
     Computing matching score time 0:04:14
### TTA ITM Score: 
+-------+--------+--------+--------+--------+--------+
| epoch |   R1   |   R5   |  R10   |  mAP   |  mINP  |
+-------+--------+--------+--------+--------+--------+
|  -999 | 53.438 | 86.855 | 92.922 | 68.348 | 68.348 |
|  -999 | 72.700 | 97.776 | 99.090 | 84.322 | 84.322 |
|   0   | 73.003 | 97.877 | 99.090 | 84.504 | 84.504 |
+-------+--------+--------+--------+--------+--------+
     logs:  {'epo': 0, 'R1': 73.003, 'R5': 97.877, 'R10': 99.09, 'mAP': 84.504, 'mINP': 84.504, 'entropy': 0.860219, 'uncertainty': 1.0, 'uncertainty_coeffi': 1.0, 'loss': 0.860219, 'lr': 2.6e-05}
      TTA Epoch: [1] [ 0/50]  eta: 0:00:25  entropy: 0.6203  uncertainty: 1.0000  uncertainty_coeffi: 1.0000  loss: 0.6203  lr: 0.000051  time: 0.5106  data: 0.3652  max mem: 2509
      TTA Epoch: [1] [49/50]  eta: 0:00:00  entropy: 0.5145  uncertainty: 1.0000  uncertainty_coeffi: 1.0000  loss: 0.5145  lr: 0.000100  time: 0.1262  data: 0.0004  max mem: 2516
      TTA Epoch: [1] Total time: 0:00:06 (0.1343 s / it)
     Averaged stats: entropy: 0.6610  uncertainty: 1.0000  uncertainty_coeffi: 1.0000  loss: 0.6610  lr: 0.0001
     itm tta time 0:00:06
     Computing matching score
      Evaluation: [   0/1978]  eta: 0:04:36    time: 0.1399  data: 0.0037  max mem: 2516
      Evaluation: [ 100/1978]  eta: 0:04:03    time: 0.1299  data: 0.0000  max mem: 2516
      Evaluation: [ 200/1978]  eta: 0:03:54    time: 0.1318  data: 0.0000  max mem: 2516
      Evaluation: [ 300/1978]  eta: 0:03:42    time: 0.1355  data: 0.0000  max mem: 2516
      Evaluation: [ 400/1978]  eta: 0:03:28    time: 0.1282  data: 0.0000  max mem: 2516
      Evaluation: [ 500/1978]  eta: 0:03:08    time: 0.1273  data: 0.0000  max mem: 2516
      Evaluation: [ 600/1978]  eta: 0:02:55    time: 0.1275  data: 0.0000  max mem: 2516
      Evaluation: [ 700/1978]  eta: 0:02:41    time: 0.1012  data: 0.0000  max mem: 2516
      Evaluation: [ 800/1978]  eta: 0:02:28    time: 0.1206  data: 0.0000  max mem: 2516
      Evaluation: [ 900/1978]  eta: 0:02:15    time: 0.1268  data: 0.0000  max mem: 2516
      Evaluation: [1000/1978]  eta: 0:02:02    time: 0.1271  data: 0.0000  max mem: 2516
      Evaluation: [1100/1978]  eta: 0:01:49    time: 0.1272  data: 0.0000  max mem: 2516
      Evaluation: [1200/1978]  eta: 0:01:37    time: 0.1266  data: 0.0000  max mem: 2516
      Evaluation: [1300/1978]  eta: 0:01:24    time: 0.1264  data: 0.0000  max mem: 2516
      Evaluation: [1400/1978]  eta: 0:01:11    time: 0.1194  data: 0.0000  max mem: 2516
      Evaluation: [1500/1978]  eta: 0:00:59    time: 0.1018  data: 0.0000  max mem: 2516
      Evaluation: [1600/1978]  eta: 0:00:47    time: 0.1270  data: 0.0000  max mem: 2516
      Evaluation: [1700/1978]  eta: 0:00:34    time: 0.1304  data: 0.0000  max mem: 2516
      Evaluation: [1800/1978]  eta: 0:00:22    time: 0.1299  data: 0.0000  max mem: 2516
      Evaluation: [1900/1978]  eta: 0:00:09    time: 0.1305  data: 0.0000  max mem: 2516
      Evaluation: [1977/1978]  eta: 0:00:00    time: 0.1286  data: 0.0000  max mem: 2516
      Evaluation: Total time: 0:04:08 (0.1257 s / it)
     Computing matching score time 0:04:10
### TTA ITM Score: 
+-------+--------+--------+--------+--------+--------+
| epoch |   R1   |   R5   |  R10   |  mAP   |  mINP  |
+-------+--------+--------+--------+--------+--------+
|  -999 | 53.438 | 86.855 | 92.922 | 68.348 | 68.348 |
|  -999 | 72.700 | 97.776 | 99.090 | 84.322 | 84.322 |
|   0   | 73.003 | 97.877 | 99.090 | 84.504 | 84.504 |
|   1   | 73.761 | 97.725 | 99.039 | 84.917 | 84.917 |
+-------+--------+--------+--------+--------+--------+
     logs:  {'epo': 1, 'R1': 73.761, 'R5': 97.725, 'R10': 99.039, 'mAP': 84.917, 'mINP': 84.917, 'entropy': 0.660982, 'uncertainty': 1.0, 'uncertainty_coeffi': 1.0, 'loss': 0.660982, 'lr': 7.6e-05}
      TTA Epoch: [2] [ 0/50]  eta: 0:00:28  entropy: 0.5729  uncertainty: 1.0000  uncertainty_coeffi: 1.0000  loss: 0.5729  lr: 0.000101  time: 0.5725  data: 0.4157  max mem: 2516
      TTA Epoch: [2] [49/50]  eta: 0:00:00  entropy: 0.2970  uncertainty: 1.0000  uncertainty_coeffi: 1.0000  loss: 0.2970  lr: 0.000150  time: 0.1260  data: 0.0004  max mem: 2516
      TTA Epoch: [2] Total time: 0:00:06 (0.1354 s / it)
     Averaged stats: entropy: 0.4706  uncertainty: 1.0000  uncertainty_coeffi: 1.0000  loss: 0.4706  lr: 0.0001
     itm tta time 0:00:06
     Computing matching score
      Evaluation: [   0/1978]  eta: 0:04:19    time: 0.1310  data: 0.0038  max mem: 2516
      Evaluation: [ 100/1978]  eta: 0:04:00    time: 0.1275  data: 0.0000  max mem: 2516
      Evaluation: [ 200/1978]  eta: 0:03:48    time: 0.1286  data: 0.0000  max mem: 2516
      Evaluation: [ 300/1978]  eta: 0:03:35    time: 0.1286  data: 0.0000  max mem: 2516
      Evaluation: [ 400/1978]  eta: 0:03:23    time: 0.1289  data: 0.0000  max mem: 2516
      Evaluation: [ 500/1978]  eta: 0:03:10    time: 0.1288  data: 0.0000  max mem: 2516
      Evaluation: [ 600/1978]  eta: 0:02:57    time: 0.1288  data: 0.0000  max mem: 2516
      Evaluation: [ 700/1978]  eta: 0:02:44    time: 0.1286  data: 0.0000  max mem: 2516
      Evaluation: [ 800/1978]  eta: 0:02:31    time: 0.1285  data: 0.0000  max mem: 2516
      Evaluation: [ 900/1978]  eta: 0:02:18    time: 0.1288  data: 0.0000  max mem: 2516
      Evaluation: [1000/1978]  eta: 0:02:05    time: 0.1288  data: 0.0000  max mem: 2516
      Evaluation: [1100/1978]  eta: 0:01:53    time: 0.1288  data: 0.0000  max mem: 2516
      Evaluation: [1200/1978]  eta: 0:01:40    time: 0.1279  data: 0.0000  max mem: 2516
      Evaluation: [1300/1978]  eta: 0:01:27    time: 0.1282  data: 0.0000  max mem: 2516
      Evaluation: [1400/1978]  eta: 0:01:14    time: 0.1287  data: 0.0000  max mem: 2516
      Evaluation: [1500/1978]  eta: 0:01:01    time: 0.1289  data: 0.0000  max mem: 2516
      Evaluation: [1600/1978]  eta: 0:00:48    time: 0.1264  data: 0.0000  max mem: 2516
      Evaluation: [1700/1978]  eta: 0:00:35    time: 0.1263  data: 0.0000  max mem: 2516
      Evaluation: [1800/1978]  eta: 0:00:22    time: 0.1250  data: 0.0000  max mem: 2516
      Evaluation: [1900/1978]  eta: 0:00:09    time: 0.1008  data: 0.0000  max mem: 2516
      Evaluation: [1977/1978]  eta: 0:00:00    time: 0.1263  data: 0.0000  max mem: 2516
      Evaluation: Total time: 0:04:10 (0.1264 s / it)
     Computing matching score time 0:04:11
### TTA ITM Score: 
+-------+--------+--------+--------+--------+--------+
| epoch |   R1   |   R5   |  R10   |  mAP   |  mINP  |
+-------+--------+--------+--------+--------+--------+
|  -999 | 53.438 | 86.855 | 92.922 | 68.348 | 68.348 |
|  -999 | 72.700 | 97.776 | 99.090 | 84.322 | 84.322 |
|   0   | 73.003 | 97.877 | 99.090 | 84.504 | 84.504 |
|   1   | 73.761 | 97.725 | 99.039 | 84.917 | 84.917 |
|   2   | 73.913 | 97.624 | 98.938 | 84.928 | 84.928 |
+-------+--------+--------+--------+--------+--------+
     logs:  {'epo': 2, 'R1': 73.913, 'R5': 97.624, 'R10': 98.938, 'mAP': 84.928, 'mINP': 84.928, 'entropy': 0.4706, 'uncertainty': 1.0, 'uncertainty_coeffi': 1.0, 'loss': 0.4706, 'lr': 0.000125}
      TTA Epoch: [3] [ 0/50]  eta: 0:00:28  entropy: 0.2771  uncertainty: 1.0000  uncertainty_coeffi: 1.0000  loss: 0.2771  lr: 0.000151  time: 0.5700  data: 0.4347  max mem: 2516
      TTA Epoch: [3] [49/50]  eta: 0:00:00  entropy: 0.3378  uncertainty: 1.0000  uncertainty_coeffi: 1.0000  loss: 0.3378  lr: 0.000200  time: 0.1199  data: 0.0001  max mem: 2516
      TTA Epoch: [3] Total time: 0:00:06 (0.1293 s / it)
     Averaged stats: entropy: 0.3852  uncertainty: 1.0000  uncertainty_coeffi: 1.0000  loss: 0.3852  lr: 0.0002
     itm tta time 0:00:06
      TTA Epoch: [4] [ 0/50]  eta: 0:00:24  entropy: 0.3193  uncertainty: 1.0000  uncertainty_coeffi: 1.0000  loss: 0.3193  lr: 0.000201  time: 0.4878  data: 0.3453  max mem: 2516
      TTA Epoch: [4] [49/50]  eta: 0:00:00  entropy: 0.2080  uncertainty: 1.0000  uncertainty_coeffi: 1.0000  loss: 0.2080  lr: 0.000250  time: 0.1061  data: 0.0001  max mem: 2516
      TTA Epoch: [4] Total time: 0:00:06 (0.1217 s / it)
     Averaged stats: entropy: 0.3319  uncertainty: 1.0000  uncertainty_coeffi: 1.0000  loss: 0.3319  lr: 0.0002
     itm tta time 0:00:06
     Computing matching score
      Evaluation: [   0/1978]  eta: 0:02:28    time: 0.0752  data: 0.0048  max mem: 2516
      Evaluation: [ 100/1978]  eta: 0:03:57    time: 0.1279  data: 0.0000  max mem: 2516
      Evaluation: [ 200/1978]  eta: 0:03:41    time: 0.1273  data: 0.0000  max mem: 2516
      Evaluation: [ 300/1978]  eta: 0:03:27    time: 0.1267  data: 0.0000  max mem: 2516
      Evaluation: [ 400/1978]  eta: 0:03:14    time: 0.1271  data: 0.0000  max mem: 2516
      Evaluation: [ 500/1978]  eta: 0:03:01    time: 0.1271  data: 0.0000  max mem: 2516
      Evaluation: [ 600/1978]  eta: 0:02:50    time: 0.1299  data: 0.0000  max mem: 2516
      Evaluation: [ 700/1978]  eta: 0:02:38    time: 0.1291  data: 0.0000  max mem: 2516
      Evaluation: [ 800/1978]  eta: 0:02:27    time: 0.1301  data: 0.0000  max mem: 2516
      Evaluation: [ 900/1978]  eta: 0:02:15    time: 0.1298  data: 0.0000  max mem: 2516
      Evaluation: [1000/1978]  eta: 0:02:03    time: 0.1297  data: 0.0000  max mem: 2516
      Evaluation: [1100/1978]  eta: 0:01:50    time: 0.1290  data: 0.0000  max mem: 2516
      Evaluation: [1200/1978]  eta: 0:01:38    time: 0.1286  data: 0.0000  max mem: 2516
      Evaluation: [1300/1978]  eta: 0:01:25    time: 0.1299  data: 0.0000  max mem: 2516
      Evaluation: [1400/1978]  eta: 0:01:13    time: 0.1298  data: 0.0000  max mem: 2516
      Evaluation: [1500/1978]  eta: 0:01:00    time: 0.1289  data: 0.0000  max mem: 2516
      Evaluation: [1600/1978]  eta: 0:00:48    time: 0.1295  data: 0.0000  max mem: 2516
      Evaluation: [1700/1978]  eta: 0:00:35    time: 0.1299  data: 0.0000  max mem: 2516
      Evaluation: [1800/1978]  eta: 0:00:22    time: 0.1290  data: 0.0000  max mem: 2516
      Evaluation: [1900/1978]  eta: 0:00:09    time: 0.1291  data: 0.0000  max mem: 2516
      Evaluation: [1977/1978]  eta: 0:00:00    time: 0.1290  data: 0.0000  max mem: 2516
      Evaluation: Total time: 0:04:12 (0.1275 s / it)
     Computing matching score time 0:04:13
### TTA ITM Score: 
+-------+--------+--------+--------+--------+--------+
| epoch |   R1   |   R5   |  R10   |  mAP   |  mINP  |
+-------+--------+--------+--------+--------+--------+
|  -999 | 53.438 | 86.855 | 92.922 | 68.348 | 68.348 |
|  -999 | 72.700 | 97.776 | 99.090 | 84.322 | 84.322 |
|   0   | 73.003 | 97.877 | 99.090 | 84.504 | 84.504 |
|   1   | 73.761 | 97.725 | 99.039 | 84.917 | 84.917 |
|   2   | 73.913 | 97.624 | 98.938 | 84.928 | 84.928 |
|   4   | 74.874 | 97.877 | 98.989 | 85.474 | 85.474 |
+-------+--------+--------+--------+--------+--------+
     logs:  {'epo': 4, 'R1': 74.874, 'R5': 97.877, 'R10': 98.989, 'mAP': 85.474, 'mINP': 85.474, 'entropy': 0.331872, 'uncertainty': 1.0, 'uncertainty_coeffi': 1.0, 'loss': 0.331872, 'lr': 0.000225}
      TTA Epoch: [5] [ 0/50]  eta: 0:00:26  entropy: 0.2843  uncertainty: 1.0000  uncertainty_coeffi: 1.0000  loss: 0.2843  lr: 0.000251  time: 0.5377  data: 0.3996  max mem: 2516
      TTA Epoch: [5] [49/50]  eta: 0:00:00  entropy: 0.4283  uncertainty: 1.0000  uncertainty_coeffi: 1.0000  loss: 0.4283  lr: 0.000300  time: 0.1260  data: 0.0004  max mem: 2516
      TTA Epoch: [5] Total time: 0:00:06 (0.1352 s / it)
     Averaged stats: entropy: 0.2849  uncertainty: 1.0000  uncertainty_coeffi: 1.0000  loss: 0.2849  lr: 0.0003
     itm tta time 0:00:06
      TTA Epoch: [6] [ 0/50]  eta: 0:00:26  entropy: 0.3818  uncertainty: 1.0000  uncertainty_coeffi: 1.0000  loss: 0.3818  lr: 0.000301  time: 0.5322  data: 0.3821  max mem: 2516
      TTA Epoch: [6] [49/50]  eta: 0:00:00  entropy: 0.1844  uncertainty: 1.0000  uncertainty_coeffi: 1.0000  loss: 0.1844  lr: 0.000350  time: 0.1257  data: 0.0003  max mem: 2516
      TTA Epoch: [6] Total time: 0:00:06 (0.1342 s / it)
     Averaged stats: entropy: 0.2534  uncertainty: 1.0000  uncertainty_coeffi: 1.0000  loss: 0.2534  lr: 0.0003
     itm tta time 0:00:06
      TTA Epoch: [7] [ 0/50]  eta: 0:00:25  entropy: 0.1373  uncertainty: 1.0000  uncertainty_coeffi: 1.0000  loss: 0.1373  lr: 0.000351  time: 0.5037  data: 0.3645  max mem: 2516
      TTA Epoch: [7] [49/50]  eta: 0:00:00  entropy: 0.0634  uncertainty: 1.0000  uncertainty_coeffi: 1.0000  loss: 0.0634  lr: 0.000400  time: 0.1260  data: 0.0005  max mem: 2516
      TTA Epoch: [7] Total time: 0:00:06 (0.1344 s / it)
     Averaged stats: entropy: 0.2126  uncertainty: 1.0000  uncertainty_coeffi: 1.0000  loss: 0.2126  lr: 0.0004
     itm tta time 0:00:06
      TTA Epoch: [8] [ 0/50]  eta: 0:00:23  entropy: 0.1550  uncertainty: 1.0000  uncertainty_coeffi: 1.0000  loss: 0.1550  lr: 0.000401  time: 0.4748  data: 0.3378  max mem: 2516
      TTA Epoch: [8] [49/50]  eta: 0:00:00  entropy: 0.3573  uncertainty: 1.0000  uncertainty_coeffi: 1.0000  loss: 0.3573  lr: 0.000450  time: 0.1259  data: 0.0004  max mem: 2516
      TTA Epoch: [8] Total time: 0:00:06 (0.1333 s / it)
     Averaged stats: entropy: 0.1994  uncertainty: 1.0000  uncertainty_coeffi: 1.0000  loss: 0.1994  lr: 0.0004
     itm tta time 0:00:06
      TTA Epoch: [9] [ 0/50]  eta: 0:00:29  entropy: 0.2356  uncertainty: 1.0000  uncertainty_coeffi: 1.0000  loss: 0.2356  lr: 0.000451  time: 0.5860  data: 0.4473  max mem: 2516
      TTA Epoch: [9] [49/50]  eta: 0:00:00  entropy: 0.1370  uncertainty: 1.0000  uncertainty_coeffi: 1.0000  loss: 0.1370  lr: 0.000500  time: 0.1259  data: 0.0004  max mem: 2516
      TTA Epoch: [9] Total time: 0:00:06 (0.1355 s / it)
     Averaged stats: entropy: 0.1748  uncertainty: 1.0000  uncertainty_coeffi: 1.0000  loss: 0.1748  lr: 0.0005
     itm tta time 0:00:06
     Computing matching score
      Evaluation: [   0/1978]  eta: 0:04:14    time: 0.1288  data: 0.0035  max mem: 2516
      Evaluation: [ 100/1978]  eta: 0:04:02    time: 0.1292  data: 0.0000  max mem: 2516
      Evaluation: [ 200/1978]  eta: 0:03:50    time: 0.1290  data: 0.0000  max mem: 2516
      Evaluation: [ 300/1978]  eta: 0:03:22    time: 0.0691  data: 0.0000  max mem: 2516
      Evaluation: [ 400/1978]  eta: 0:02:50    time: 0.0703  data: 0.0000  max mem: 2516
      Evaluation: [ 500/1978]  eta: 0:02:33    time: 0.1079  data: 0.0000  max mem: 2516
      Evaluation: [ 600/1978]  eta: 0:02:27    time: 0.0704  data: 0.0000  max mem: 2516
      Evaluation: [ 700/1978]  eta: 0:02:20    time: 0.1287  data: 0.0000  max mem: 2516
      Evaluation: [ 800/1978]  eta: 0:02:12    time: 0.1285  data: 0.0000  max mem: 2516
      Evaluation: [ 900/1978]  eta: 0:02:03    time: 0.1289  data: 0.0000  max mem: 2516
      Evaluation: [1000/1978]  eta: 0:01:53    time: 0.1288  data: 0.0000  max mem: 2516
      Evaluation: [1100/1978]  eta: 0:01:42    time: 0.1282  data: 0.0000  max mem: 2516
      Evaluation: [1200/1978]  eta: 0:01:31    time: 0.1283  data: 0.0000  max mem: 2516
      Evaluation: [1300/1978]  eta: 0:01:20    time: 0.1285  data: 0.0000  max mem: 2516
      Evaluation: [1400/1978]  eta: 0:01:08    time: 0.1312  data: 0.0000  max mem: 2516
      Evaluation: [1500/1978]  eta: 0:00:57    time: 0.1280  data: 0.0000  max mem: 2516
      Evaluation: [1600/1978]  eta: 0:00:45    time: 0.1282  data: 0.0000  max mem: 2516
      Evaluation: [1700/1978]  eta: 0:00:33    time: 0.1281  data: 0.0000  max mem: 2516
      Evaluation: [1800/1978]  eta: 0:00:21    time: 0.1285  data: 0.0000  max mem: 2516
      Evaluation: [1900/1978]  eta: 0:00:09    time: 0.1285  data: 0.0000  max mem: 2516
      Evaluation: [1977/1978]  eta: 0:00:00    time: 0.1285  data: 0.0000  max mem: 2516
      Evaluation: Total time: 0:04:01 (0.1219 s / it)
     Computing matching score time 0:04:02
### TTA ITM Score: 
+-------+--------+--------+--------+--------+--------+
| epoch |   R1   |   R5   |  R10   |  mAP   |  mINP  |
+-------+--------+--------+--------+--------+--------+
|  -999 | 53.438 | 86.855 | 92.922 | 68.348 | 68.348 |
|  -999 | 72.700 | 97.776 | 99.090 | 84.322 | 84.322 |
|   0   | 73.003 | 97.877 | 99.090 | 84.504 | 84.504 |
|   1   | 73.761 | 97.725 | 99.039 | 84.917 | 84.917 |
|   2   | 73.913 | 97.624 | 98.938 | 84.928 | 84.928 |
|   4   | 74.874 | 97.877 | 98.989 | 85.474 | 85.474 |
|   9   | 75.733 | 97.877 | 98.888 | 85.941 | 85.941 |
+-------+--------+--------+--------+--------+--------+
     logs:  {'epo': 9, 'R1': 75.733, 'R5': 97.877, 'R10': 98.888, 'mAP': 85.941, 'mINP': 85.941, 'entropy': 0.174756, 'uncertainty': 1.0, 'uncertainty_coeffi': 1.0, 'loss': 0.174756, 'lr': 0.000476}
      TTA Epoch: [10] [ 0/50]  eta: 0:00:24  entropy: 0.0911  uncertainty: 1.0000  uncertainty_coeffi: 1.0000  loss: 0.0911  lr: 0.000500  time: 0.4811  data: 0.3335  max mem: 2516
      TTA Epoch: [10] [49/50]  eta: 0:00:00  entropy: 0.0695  uncertainty: 1.0000  uncertainty_coeffi: 1.0000  loss: 0.0695  lr: 0.000490  time: 0.1275  data: 0.0003  max mem: 2516
      TTA Epoch: [10] Total time: 0:00:06 (0.1348 s / it)
     Averaged stats: entropy: 0.1424  uncertainty: 1.0000  uncertainty_coeffi: 1.0000  loss: 0.1424  lr: 0.0005
     itm tta time 0:00:06
      TTA Epoch: [11] [ 0/50]  eta: 0:00:24  entropy: 0.1272  uncertainty: 1.0000  uncertainty_coeffi: 1.0000  loss: 0.1272  lr: 0.000490  time: 0.4812  data: 0.3367  max mem: 2516
      TTA Epoch: [11] [49/50]  eta: 0:00:00  entropy: 0.1328  uncertainty: 1.0000  uncertainty_coeffi: 1.0000  loss: 0.1328  lr: 0.000480  time: 0.1268  data: 0.0001  max mem: 2516
      TTA Epoch: [11] Total time: 0:00:06 (0.1337 s / it)
     Averaged stats: entropy: 0.1411  uncertainty: 1.0000  uncertainty_coeffi: 1.0000  loss: 0.1411  lr: 0.0005
     itm tta time 0:00:06
      TTA Epoch: [12] [ 0/50]  eta: 0:00:24  entropy: 0.2432  uncertainty: 1.0000  uncertainty_coeffi: 1.0000  loss: 0.2432  lr: 0.000480  time: 0.4998  data: 0.3753  max mem: 2516
      TTA Epoch: [12] [49/50]  eta: 0:00:00  entropy: 0.2236  uncertainty: 1.0000  uncertainty_coeffi: 1.0000  loss: 0.2236  lr: 0.000471  time: 0.1271  data: 0.0002  max mem: 2516
      TTA Epoch: [12] Total time: 0:00:06 (0.1349 s / it)
     Averaged stats: entropy: 0.1280  uncertainty: 1.0000  uncertainty_coeffi: 1.0000  loss: 0.1280  lr: 0.0005
     itm tta time 0:00:06
      TTA Epoch: [13] [ 0/50]  eta: 0:00:28  entropy: 0.0781  uncertainty: 1.0000  uncertainty_coeffi: 1.0000  loss: 0.0781  lr: 0.000471  time: 0.5677  data: 0.4243  max mem: 2516
      TTA Epoch: [13] [49/50]  eta: 0:00:00  entropy: 0.1698  uncertainty: 1.0000  uncertainty_coeffi: 1.0000  loss: 0.1698  lr: 0.000461  time: 0.1269  data: 0.0001  max mem: 2516
      TTA Epoch: [13] Total time: 0:00:06 (0.1363 s / it)
     Averaged stats: entropy: 0.0983  uncertainty: 1.0000  uncertainty_coeffi: 1.0000  loss: 0.0983  lr: 0.0005
     itm tta time 0:00:06
      TTA Epoch: [14] [ 0/50]  eta: 0:00:29  entropy: 0.0651  uncertainty: 1.0000  uncertainty_coeffi: 1.0000  loss: 0.0651  lr: 0.000461  time: 0.5928  data: 0.4388  max mem: 2516
      TTA Epoch: [14] [49/50]  eta: 0:00:00  entropy: 0.0632  uncertainty: 1.0000  uncertainty_coeffi: 1.0000  loss: 0.0632  lr: 0.000451  time: 0.1269  data: 0.0002  max mem: 2516
      TTA Epoch: [14] Total time: 0:00:06 (0.1366 s / it)
     Averaged stats: entropy: 0.0883  uncertainty: 1.0000  uncertainty_coeffi: 1.0000  loss: 0.0883  lr: 0.0005
     itm tta time 0:00:06
     Computing matching score
      Evaluation: [   0/1978]  eta: 0:04:14    time: 0.1288  data: 0.0028  max mem: 2516
      Evaluation: [ 100/1978]  eta: 0:04:00    time: 0.1283  data: 0.0000  max mem: 2516
      Evaluation: [ 200/1978]  eta: 0:03:48    time: 0.1282  data: 0.0000  max mem: 2516
      Evaluation: [ 300/1978]  eta: 0:03:35    time: 0.1268  data: 0.0000  max mem: 2516
      Evaluation: [ 400/1978]  eta: 0:03:13    time: 0.1279  data: 0.0000  max mem: 2516
      Evaluation: [ 500/1978]  eta: 0:03:02    time: 0.1280  data: 0.0000  max mem: 2516
      Evaluation: [ 600/1978]  eta: 0:02:51    time: 0.1297  data: 0.0000  max mem: 2516
      Evaluation: [ 700/1978]  eta: 0:02:39    time: 0.1278  data: 0.0000  max mem: 2516
      Evaluation: [ 800/1978]  eta: 0:02:27    time: 0.1278  data: 0.0000  max mem: 2516
      Evaluation: [ 900/1978]  eta: 0:02:15    time: 0.1276  data: 0.0000  max mem: 2516
      Evaluation: [1000/1978]  eta: 0:02:03    time: 0.1280  data: 0.0000  max mem: 2516
      Evaluation: [1100/1978]  eta: 0:01:50    time: 0.1296  data: 0.0000  max mem: 2516
      Evaluation: [1200/1978]  eta: 0:01:38    time: 0.1285  data: 0.0000  max mem: 2516
      Evaluation: [1300/1978]  eta: 0:01:25    time: 0.1281  data: 0.0000  max mem: 2516
      Evaluation: [1400/1978]  eta: 0:01:13    time: 0.1278  data: 0.0000  max mem: 2516
      Evaluation: [1500/1978]  eta: 0:01:00    time: 0.1282  data: 0.0000  max mem: 2516
      Evaluation: [1600/1978]  eta: 0:00:47    time: 0.1282  data: 0.0000  max mem: 2516
      Evaluation: [1700/1978]  eta: 0:00:35    time: 0.1284  data: 0.0000  max mem: 2516
      Evaluation: [1800/1978]  eta: 0:00:22    time: 0.1285  data: 0.0000  max mem: 2516
      Evaluation: [1900/1978]  eta: 0:00:09    time: 0.1289  data: 0.0000  max mem: 2516
      Evaluation: [1977/1978]  eta: 0:00:00    time: 0.1281  data: 0.0000  max mem: 2516
      Evaluation: Total time: 0:04:11 (0.1271 s / it)
     Computing matching score time 0:04:13
### TTA ITM Score: 
+-------+--------+--------+--------+--------+--------+
| epoch |   R1   |   R5   |  R10   |  mAP   |  mINP  |
+-------+--------+--------+--------+--------+--------+
|  -999 | 53.438 | 86.855 | 92.922 | 68.348 | 68.348 |
|  -999 | 72.700 | 97.776 | 99.090 | 84.322 | 84.322 |
|   0   | 73.003 | 97.877 | 99.090 | 84.504 | 84.504 |
|   1   | 73.761 | 97.725 | 99.039 | 84.917 | 84.917 |
|   2   | 73.913 | 97.624 | 98.938 | 84.928 | 84.928 |
|   4   | 74.874 | 97.877 | 98.989 | 85.474 | 85.474 |
|   9   | 75.733 | 97.877 | 98.888 | 85.941 | 85.941 |
|   14  | 76.390 | 97.725 | 98.686 | 86.185 | 86.185 |
+-------+--------+--------+--------+--------+--------+
     logs:  {'epo': 14, 'R1': 76.39, 'R5': 97.725, 'R10': 98.686, 'mAP': 86.185, 'mINP': 86.185, 'entropy': 0.08828, 'uncertainty': 1.0, 'uncertainty_coeffi': 1.0, 'loss': 0.08828, 'lr': 0.000456}
      TTA Epoch: [15] [ 0/50]  eta: 0:00:23  entropy: 0.1214  uncertainty: 1.0000  uncertainty_coeffi: 1.0000  loss: 0.1214  lr: 0.000451  time: 0.4754  data: 0.3387  max mem: 2516
      TTA Epoch: [15] [49/50]  eta: 0:00:00  entropy: 0.0284  uncertainty: 1.0000  uncertainty_coeffi: 1.0000  loss: 0.0284  lr: 0.000441  time: 0.1262  data: 0.0004  max mem: 2516
      TTA Epoch: [15] Total time: 0:00:06 (0.1338 s / it)
     Averaged stats: entropy: 0.0900  uncertainty: 1.0000  uncertainty_coeffi: 1.0000  loss: 0.0900  lr: 0.0004
     itm tta time 0:00:06
      TTA Epoch: [16] [ 0/50]  eta: 0:00:28  entropy: 0.0549  uncertainty: 1.0000  uncertainty_coeffi: 1.0000  loss: 0.0549  lr: 0.000441  time: 0.5690  data: 0.4170  max mem: 2516
      TTA Epoch: [16] [49/50]  eta: 0:00:00  entropy: 0.0454  uncertainty: 1.0000  uncertainty_coeffi: 1.0000  loss: 0.0454  lr: 0.000432  time: 0.1262  data: 0.0003  max mem: 2516
      TTA Epoch: [16] Total time: 0:00:06 (0.1360 s / it)
     Averaged stats: entropy: 0.0819  uncertainty: 1.0000  uncertainty_coeffi: 1.0000  loss: 0.0819  lr: 0.0004
     itm tta time 0:00:06
      TTA Epoch: [17] [ 0/50]  eta: 0:00:25  entropy: 0.0876  uncertainty: 1.0000  uncertainty_coeffi: 1.0000  loss: 0.0876  lr: 0.000431  time: 0.5066  data: 0.3554  max mem: 2516
      TTA Epoch: [17] [49/50]  eta: 0:00:00  entropy: 0.0430  uncertainty: 1.0000  uncertainty_coeffi: 1.0000  loss: 0.0430  lr: 0.000422  time: 0.1259  data: 0.0003  max mem: 2516
      TTA Epoch: [17] Total time: 0:00:06 (0.1346 s / it)
     Averaged stats: entropy: 0.0790  uncertainty: 1.0000  uncertainty_coeffi: 1.0000  loss: 0.0790  lr: 0.0004
     itm tta time 0:00:06
      TTA Epoch: [18] [ 0/50]  eta: 0:00:29  entropy: 0.0040  uncertainty: 1.0000  uncertainty_coeffi: 1.0000  loss: 0.0040  lr: 0.000422  time: 0.5979  data: 0.4495  max mem: 2516
      TTA Epoch: [18] [49/50]  eta: 0:00:00  entropy: 0.0835  uncertainty: 1.0000  uncertainty_coeffi: 1.0000  loss: 0.0835  lr: 0.000412  time: 0.1261  data: 0.0003  max mem: 2516
      TTA Epoch: [18] Total time: 0:00:06 (0.1358 s / it)
     Averaged stats: entropy: 0.0786  uncertainty: 1.0000  uncertainty_coeffi: 1.0000  loss: 0.0786  lr: 0.0004
     itm tta time 0:00:06
      TTA Epoch: [19] [ 0/50]  eta: 0:00:23  entropy: 0.0453  uncertainty: 1.0000  uncertainty_coeffi: 1.0000  loss: 0.0453  lr: 0.000412  time: 0.4770  data: 0.3274  max mem: 2516
      TTA Epoch: [19] [49/50]  eta: 0:00:00  entropy: 0.1262  uncertainty: 1.0000  uncertainty_coeffi: 1.0000  loss: 0.1262  lr: 0.000402  time: 0.1258  data: 0.0002  max mem: 2516
      TTA Epoch: [19] Total time: 0:00:06 (0.1334 s / it)
     Averaged stats: entropy: 0.0663  uncertainty: 1.0000  uncertainty_coeffi: 1.0000  loss: 0.0663  lr: 0.0004
     itm tta time 0:00:06
     Computing matching score
      Evaluation: [   0/1978]  eta: 0:04:22    time: 0.1327  data: 0.0023  max mem: 2516
      Evaluation: [ 100/1978]  eta: 0:04:01    time: 0.1306  data: 0.0000  max mem: 2516
      Evaluation: [ 200/1978]  eta: 0:03:32    time: 0.1266  data: 0.0000  max mem: 2516
      Evaluation: [ 300/1978]  eta: 0:03:24    time: 0.1306  data: 0.0000  max mem: 2516
      Evaluation: [ 400/1978]  eta: 0:03:13    time: 0.1254  data: 0.0000  max mem: 2516
      Evaluation: [ 500/1978]  eta: 0:03:02    time: 0.1277  data: 0.0000  max mem: 2516
      Evaluation: [ 600/1978]  eta: 0:02:51    time: 0.1275  data: 0.0000  max mem: 2516
      Evaluation: [ 700/1978]  eta: 0:02:39    time: 0.1273  data: 0.0000  max mem: 2516
      Evaluation: [ 800/1978]  eta: 0:02:27    time: 0.1274  data: 0.0000  max mem: 2516
      Evaluation: [ 900/1978]  eta: 0:02:15    time: 0.1287  data: 0.0000  max mem: 2516
      Evaluation: [1000/1978]  eta: 0:02:02    time: 0.1302  data: 0.0000  max mem: 2516
      Evaluation: [1100/1978]  eta: 0:01:50    time: 0.1264  data: 0.0000  max mem: 2516
      Evaluation: [1200/1978]  eta: 0:01:37    time: 0.1268  data: 0.0000  max mem: 2516
      Evaluation: [1300/1978]  eta: 0:01:25    time: 0.1282  data: 0.0000  max mem: 2516
      Evaluation: [1400/1978]  eta: 0:01:12    time: 0.1271  data: 0.0000  max mem: 2516
      Evaluation: [1500/1978]  eta: 0:01:00    time: 0.1288  data: 0.0000  max mem: 2516
      Evaluation: [1600/1978]  eta: 0:00:47    time: 0.1282  data: 0.0000  max mem: 2516
      Evaluation: [1700/1978]  eta: 0:00:35    time: 0.1270  data: 0.0000  max mem: 2516
      Evaluation: [1800/1978]  eta: 0:00:22    time: 0.1356  data: 0.0000  max mem: 2516
      Evaluation: [1900/1978]  eta: 0:00:09    time: 0.1285  data: 0.0000  max mem: 2516
      Evaluation: [1977/1978]  eta: 0:00:00    time: 0.1286  data: 0.0000  max mem: 2516
      Evaluation: Total time: 0:04:11 (0.1269 s / it)
     Computing matching score time 0:04:12
### TTA ITM Score: 
+-------+--------+--------+--------+--------+--------+
| epoch |   R1   |   R5   |  R10   |  mAP   |  mINP  |
+-------+--------+--------+--------+--------+--------+
|  -999 | 53.438 | 86.855 | 92.922 | 68.348 | 68.348 |
|  -999 | 72.700 | 97.776 | 99.090 | 84.322 | 84.322 |
|   0   | 73.003 | 97.877 | 99.090 | 84.504 | 84.504 |
|   1   | 73.761 | 97.725 | 99.039 | 84.917 | 84.917 |
|   2   | 73.913 | 97.624 | 98.938 | 84.928 | 84.928 |
|   4   | 74.874 | 97.877 | 98.989 | 85.474 | 85.474 |
|   9   | 75.733 | 97.877 | 98.888 | 85.941 | 85.941 |
|   14  | 76.390 | 97.725 | 98.686 | 86.185 | 86.185 |
|   19  | 75.834 | 97.674 | 98.837 | 85.927 | 85.927 |
+-------+--------+--------+--------+--------+--------+
     logs:  {'epo': 19, 'R1': 75.834, 'R5': 97.674, 'R10': 98.837, 'mAP': 85.927, 'mINP': 85.927, 'entropy': 0.066287, 'uncertainty': 1.0, 'uncertainty_coeffi': 1.0, 'loss': 0.066287, 'lr': 0.000407}
      TTA Epoch: [20] [ 0/50]  eta: 0:00:24  entropy: 0.0431  uncertainty: 1.0000  uncertainty_coeffi: 1.0000  loss: 0.0431  lr: 0.000402  time: 0.4823  data: 0.3443  max mem: 2516
      TTA Epoch: [20] [49/50]  eta: 0:00:00  entropy: 0.1095  uncertainty: 1.0000  uncertainty_coeffi: 1.0000  loss: 0.1095  lr: 0.000393  time: 0.1269  data: 0.0002  max mem: 2516
      TTA Epoch: [20] Total time: 0:00:06 (0.1336 s / it)
     Averaged stats: entropy: 0.0610  uncertainty: 1.0000  uncertainty_coeffi: 1.0000  loss: 0.0610  lr: 0.0004
     itm tta time 0:00:06
      TTA Epoch: [21] [ 0/50]  eta: 0:00:24  entropy: 0.0226  uncertainty: 1.0000  uncertainty_coeffi: 1.0000  loss: 0.0226  lr: 0.000392  time: 0.4871  data: 0.3467  max mem: 2516
      TTA Epoch: [21] [49/50]  eta: 0:00:00  entropy: 0.1123  uncertainty: 1.0000  uncertainty_coeffi: 1.0000  loss: 0.1123  lr: 0.000383  time: 0.1249  data: 0.0001  max mem: 2516
      TTA Epoch: [21] Total time: 0:00:06 (0.1333 s / it)
     Averaged stats: entropy: 0.0577  uncertainty: 1.0000  uncertainty_coeffi: 1.0000  loss: 0.0577  lr: 0.0004
     itm tta time 0:00:06
      TTA Epoch: [22] [ 0/50]  eta: 0:00:28  entropy: 0.0020  uncertainty: 1.0000  uncertainty_coeffi: 1.0000  loss: 0.0020  lr: 0.000383  time: 0.5713  data: 0.4308  max mem: 2516
      TTA Epoch: [22] [49/50]  eta: 0:00:00  entropy: 0.0658  uncertainty: 1.0000  uncertainty_coeffi: 1.0000  loss: 0.0658  lr: 0.000373  time: 0.1265  data: 0.0002  max mem: 2516
      TTA Epoch: [22] Total time: 0:00:06 (0.1355 s / it)
     Averaged stats: entropy: 0.0508  uncertainty: 1.0000  uncertainty_coeffi: 1.0000  loss: 0.0508  lr: 0.0004
     itm tta time 0:00:06
      TTA Epoch: [23] [ 0/50]  eta: 0:00:27  entropy: 0.0701  uncertainty: 1.0000  uncertainty_coeffi: 1.0000  loss: 0.0701  lr: 0.000373  time: 0.5583  data: 0.4151  max mem: 2516
      TTA Epoch: [23] [49/50]  eta: 0:00:00  entropy: 0.0322  uncertainty: 1.0000  uncertainty_coeffi: 1.0000  loss: 0.0322  lr: 0.000363  time: 0.1264  data: 0.0002  max mem: 2516
      TTA Epoch: [23] Total time: 0:00:06 (0.1353 s / it)
     Averaged stats: entropy: 0.0516  uncertainty: 1.0000  uncertainty_coeffi: 1.0000  loss: 0.0516  lr: 0.0004
     itm tta time 0:00:06
      TTA Epoch: [24] [ 0/50]  eta: 0:00:26  entropy: 0.0324  uncertainty: 1.0000  uncertainty_coeffi: 1.0000  loss: 0.0324  lr: 0.000363  time: 0.5208  data: 0.3863  max mem: 2516
      TTA Epoch: [24] [49/50]  eta: 0:00:00  entropy: 0.0289  uncertainty: 1.0000  uncertainty_coeffi: 1.0000  loss: 0.0289  lr: 0.000354  time: 0.1266  data: 0.0002  max mem: 2516
      TTA Epoch: [24] Total time: 0:00:06 (0.1341 s / it)
     Averaged stats: entropy: 0.0512  uncertainty: 1.0000  uncertainty_coeffi: 1.0000  loss: 0.0512  lr: 0.0004
     itm tta time 0:00:06
      TTA Epoch: [25] [ 0/50]  eta: 0:00:28  entropy: 0.0466  uncertainty: 1.0000  uncertainty_coeffi: 1.0000  loss: 0.0466  lr: 0.000353  time: 0.5613  data: 0.4125  max mem: 2516
      TTA Epoch: [25] [49/50]  eta: 0:00:00  entropy: 0.0121  uncertainty: 1.0000  uncertainty_coeffi: 1.0000  loss: 0.0121  lr: 0.000344  time: 0.0772  data: 0.0001  max mem: 2516
      TTA Epoch: [25] Total time: 0:00:04 (0.0897 s / it)
     Averaged stats: entropy: 0.0579  uncertainty: 1.0000  uncertainty_coeffi: 1.0000  loss: 0.0579  lr: 0.0003
     itm tta time 0:00:04
      TTA Epoch: [26] [ 0/50]  eta: 0:00:26  entropy: 0.0248  uncertainty: 1.0000  uncertainty_coeffi: 1.0000  loss: 0.0248  lr: 0.000344  time: 0.5336  data: 0.3892  max mem: 2516
      TTA Epoch: [26] [49/50]  eta: 0:00:00  entropy: 0.0798  uncertainty: 1.0000  uncertainty_coeffi: 1.0000  loss: 0.0798  lr: 0.000334  time: 0.1196  data: 0.0001  max mem: 2516
      TTA Epoch: [26] Total time: 0:00:06 (0.1281 s / it)
     Averaged stats: entropy: 0.0478  uncertainty: 1.0000  uncertainty_coeffi: 1.0000  loss: 0.0478  lr: 0.0003
     itm tta time 0:00:06
      TTA Epoch: [27] [ 0/50]  eta: 0:00:25  entropy: 0.0617  uncertainty: 1.0000  uncertainty_coeffi: 1.0000  loss: 0.0617  lr: 0.000334  time: 0.5194  data: 0.3965  max mem: 2516
      TTA Epoch: [27] [49/50]  eta: 0:00:00  entropy: 0.0579  uncertainty: 1.0000  uncertainty_coeffi: 1.0000  loss: 0.0579  lr: 0.000324  time: 0.1185  data: 0.0001  max mem: 2516
      TTA Epoch: [27] Total time: 0:00:06 (0.1267 s / it)
     Averaged stats: entropy: 0.0525  uncertainty: 1.0000  uncertainty_coeffi: 1.0000  loss: 0.0525  lr: 0.0003
     itm tta time 0:00:06
      TTA Epoch: [28] [ 0/50]  eta: 0:00:23  entropy: 0.0499  uncertainty: 1.0000  uncertainty_coeffi: 1.0000  loss: 0.0499  lr: 0.000324  time: 0.4627  data: 0.3276  max mem: 2516
      TTA Epoch: [28] [49/50]  eta: 0:00:00  entropy: 0.0446  uncertainty: 1.0000  uncertainty_coeffi: 1.0000  loss: 0.0446  lr: 0.000314  time: 0.1257  data: 0.0002  max mem: 2516
      TTA Epoch: [28] Total time: 0:00:06 (0.1328 s / it)
     Averaged stats: entropy: 0.0428  uncertainty: 1.0000  uncertainty_coeffi: 1.0000  loss: 0.0428  lr: 0.0003
     itm tta time 0:00:06
      TTA Epoch: [29] [ 0/50]  eta: 0:00:27  entropy: 0.0030  uncertainty: 1.0000  uncertainty_coeffi: 1.0000  loss: 0.0030  lr: 0.000314  time: 0.5464  data: 0.4056  max mem: 2516
      TTA Epoch: [29] [49/50]  eta: 0:00:00  entropy: 0.0134  uncertainty: 1.0000  uncertainty_coeffi: 1.0000  loss: 0.0134  lr: 0.000305  time: 0.1258  data: 0.0003  max mem: 2516
      TTA Epoch: [29] Total time: 0:00:06 (0.1345 s / it)
     Averaged stats: entropy: 0.0410  uncertainty: 1.0000  uncertainty_coeffi: 1.0000  loss: 0.0410  lr: 0.0003
     itm tta time 0:00:06
     Computing matching score
      Evaluation: [   0/1978]  eta: 0:04:12    time: 0.1275  data: 0.0038  max mem: 2516
      Evaluation: [ 100/1978]  eta: 0:04:03    time: 0.1318  data: 0.0000  max mem: 2516
      Evaluation: [ 200/1978]  eta: 0:03:49    time: 0.1280  data: 0.0000  max mem: 2516
      Evaluation: [ 300/1978]  eta: 0:03:36    time: 0.1287  data: 0.0000  max mem: 2516
      Evaluation: [ 400/1978]  eta: 0:03:23    time: 0.1279  data: 0.0000  max mem: 2516
      Evaluation: [ 500/1978]  eta: 0:03:10    time: 0.1265  data: 0.0000  max mem: 2516
      Evaluation: [ 600/1978]  eta: 0:02:57    time: 0.1288  data: 0.0000  max mem: 2516
      Evaluation: [ 700/1978]  eta: 0:02:44    time: 0.1280  data: 0.0000  max mem: 2516
      Evaluation: [ 800/1978]  eta: 0:02:31    time: 0.1282  data: 0.0000  max mem: 2516
      Evaluation: [ 900/1978]  eta: 0:02:18    time: 0.1262  data: 0.0000  max mem: 2516
      Evaluation: [1000/1978]  eta: 0:02:05    time: 0.1286  data: 0.0000  max mem: 2516
      Evaluation: [1100/1978]  eta: 0:01:52    time: 0.1283  data: 0.0000  max mem: 2516
      Evaluation: [1200/1978]  eta: 0:01:40    time: 0.1308  data: 0.0000  max mem: 2516
      Evaluation: [1300/1978]  eta: 0:01:27    time: 0.1315  data: 0.0000  max mem: 2516
      Evaluation: [1400/1978]  eta: 0:01:14    time: 0.1280  data: 0.0000  max mem: 2516
      Evaluation: [1500/1978]  eta: 0:01:01    time: 0.1285  data: 0.0000  max mem: 2516
      Evaluation: [1600/1978]  eta: 0:00:48    time: 0.1283  data: 0.0000  max mem: 2516
      Evaluation: [1700/1978]  eta: 0:00:35    time: 0.1282  data: 0.0000  max mem: 2516
      Evaluation: [1800/1978]  eta: 0:00:22    time: 0.1283  data: 0.0000  max mem: 2516
      Evaluation: [1900/1978]  eta: 0:00:09    time: 0.0837  data: 0.0000  max mem: 2516
      Evaluation: [1977/1978]  eta: 0:00:00    time: 0.1263  data: 0.0000  max mem: 2516
      Evaluation: Total time: 0:04:12 (0.1277 s / it)
     Computing matching score time 0:04:14
### TTA ITM Score: 
+-------+--------+--------+--------+--------+--------+
| epoch |   R1   |   R5   |  R10   |  mAP   |  mINP  |
+-------+--------+--------+--------+--------+--------+
|  -999 | 53.438 | 86.855 | 92.922 | 68.348 | 68.348 |
|  -999 | 72.700 | 97.776 | 99.090 | 84.322 | 84.322 |
|   0   | 73.003 | 97.877 | 99.090 | 84.504 | 84.504 |
|   1   | 73.761 | 97.725 | 99.039 | 84.917 | 84.917 |
|   2   | 73.913 | 97.624 | 98.938 | 84.928 | 84.928 |
|   4   | 74.874 | 97.877 | 98.989 | 85.474 | 85.474 |
|   9   | 75.733 | 97.877 | 98.888 | 85.941 | 85.941 |
|   14  | 76.390 | 97.725 | 98.686 | 86.185 | 86.185 |
|   19  | 75.834 | 97.674 | 98.837 | 85.927 | 85.927 |
|   29  | 76.188 | 97.523 | 98.736 | 85.967 | 85.967 |
+-------+--------+--------+--------+--------+--------+
     logs:  {'epo': 29, 'R1': 76.188, 'R5': 97.523, 'R10': 98.736, 'mAP': 85.967, 'mINP': 85.967, 'entropy': 0.040971, 'uncertainty': 1.0, 'uncertainty_coeffi': 1.0, 'loss': 0.040971, 'lr': 0.000309}
      TTA Epoch: [30] [ 0/50]  eta: 0:00:29  entropy: 0.0225  uncertainty: 1.0000  uncertainty_coeffi: 1.0000  loss: 0.0225  lr: 0.000304  time: 0.5805  data: 0.4492  max mem: 2516
      TTA Epoch: [30] [49/50]  eta: 0:00:00  entropy: 0.0143  uncertainty: 1.0000  uncertainty_coeffi: 1.0000  loss: 0.0143  lr: 0.000295  time: 0.1202  data: 0.0001  max mem: 2516
      TTA Epoch: [30] Total time: 0:00:06 (0.1297 s / it)
     Averaged stats: entropy: 0.0491  uncertainty: 1.0000  uncertainty_coeffi: 1.0000  loss: 0.0491  lr: 0.0003
     itm tta time 0:00:06
      TTA Epoch: [31] [ 0/50]  eta: 0:00:29  entropy: 0.0614  uncertainty: 1.0000  uncertainty_coeffi: 1.0000  loss: 0.0614  lr: 0.000295  time: 0.5830  data: 0.4398  max mem: 2516
      TTA Epoch: [31] [49/50]  eta: 0:00:00  entropy: 0.0536  uncertainty: 1.0000  uncertainty_coeffi: 1.0000  loss: 0.0536  lr: 0.000285  time: 0.1180  data: 0.0001  max mem: 2516
      TTA Epoch: [31] Total time: 0:00:06 (0.1295 s / it)
     Averaged stats: entropy: 0.0460  uncertainty: 1.0000  uncertainty_coeffi: 1.0000  loss: 0.0460  lr: 0.0003
     itm tta time 0:00:06
      TTA Epoch: [32] [ 0/50]  eta: 0:00:28  entropy: 0.0357  uncertainty: 1.0000  uncertainty_coeffi: 1.0000  loss: 0.0357  lr: 0.000285  time: 0.5777  data: 0.4459  max mem: 2516
      TTA Epoch: [32] [49/50]  eta: 0:00:00  entropy: 0.0010  uncertainty: 1.0000  uncertainty_coeffi: 1.0000  loss: 0.0010  lr: 0.000275  time: 0.1262  data: 0.0002  max mem: 2516
      TTA Epoch: [32] Total time: 0:00:06 (0.1360 s / it)
     Averaged stats: entropy: 0.0378  uncertainty: 1.0000  uncertainty_coeffi: 1.0000  loss: 0.0378  lr: 0.0003
     itm tta time 0:00:06
      TTA Epoch: [33] [ 0/50]  eta: 0:00:29  entropy: 0.0108  uncertainty: 1.0000  uncertainty_coeffi: 1.0000  loss: 0.0108  lr: 0.000275  time: 0.5825  data: 0.4344  max mem: 2516
      TTA Epoch: [33] [49/50]  eta: 0:00:00  entropy: 0.0458  uncertainty: 1.0000  uncertainty_coeffi: 1.0000  loss: 0.0458  lr: 0.000266  time: 0.1260  data: 0.0002  max mem: 2516
      TTA Epoch: [33] Total time: 0:00:06 (0.1361 s / it)
     Averaged stats: entropy: 0.0405  uncertainty: 1.0000  uncertainty_coeffi: 1.0000  loss: 0.0405  lr: 0.0003
     itm tta time 0:00:06
      TTA Epoch: [34] [ 0/50]  eta: 0:00:24  entropy: 0.0443  uncertainty: 1.0000  uncertainty_coeffi: 1.0000  loss: 0.0443  lr: 0.000265  time: 0.4831  data: 0.3333  max mem: 2516
      TTA Epoch: [34] [49/50]  eta: 0:00:00  entropy: 0.1286  uncertainty: 1.0000  uncertainty_coeffi: 1.0000  loss: 0.1286  lr: 0.000256  time: 0.1260  data: 0.0003  max mem: 2516
      TTA Epoch: [34] Total time: 0:00:06 (0.1339 s / it)
     Averaged stats: entropy: 0.0329  uncertainty: 1.0000  uncertainty_coeffi: 1.0000  loss: 0.0329  lr: 0.0003
     itm tta time 0:00:06
      TTA Epoch: [35] [ 0/50]  eta: 0:00:28  entropy: 0.0028  uncertainty: 1.0000  uncertainty_coeffi: 1.0000  loss: 0.0028  lr: 0.000256  time: 0.5783  data: 0.4278  max mem: 2516
      TTA Epoch: [35] [49/50]  eta: 0:00:00  entropy: 0.0084  uncertainty: 1.0000  uncertainty_coeffi: 1.0000  loss: 0.0084  lr: 0.000246  time: 0.1261  data: 0.0002  max mem: 2516
      TTA Epoch: [35] Total time: 0:00:06 (0.1359 s / it)
     Averaged stats: entropy: 0.0362  uncertainty: 1.0000  uncertainty_coeffi: 1.0000  loss: 0.0362  lr: 0.0003
     itm tta time 0:00:06
      TTA Epoch: [36] [ 0/50]  eta: 0:00:27  entropy: 0.0336  uncertainty: 1.0000  uncertainty_coeffi: 1.0000  loss: 0.0336  lr: 0.000246  time: 0.5515  data: 0.4083  max mem: 2516
      TTA Epoch: [36] [49/50]  eta: 0:00:00  entropy: 0.0271  uncertainty: 1.0000  uncertainty_coeffi: 1.0000  loss: 0.0271  lr: 0.000236  time: 0.1262  data: 0.0003  max mem: 2516
      TTA Epoch: [36] Total time: 0:00:06 (0.1351 s / it)
     Averaged stats: entropy: 0.0384  uncertainty: 1.0000  uncertainty_coeffi: 1.0000  loss: 0.0384  lr: 0.0002
     itm tta time 0:00:06
      TTA Epoch: [37] [ 0/50]  eta: 0:00:29  entropy: 0.0154  uncertainty: 1.0000  uncertainty_coeffi: 1.0000  loss: 0.0154  lr: 0.000236  time: 0.5988  data: 0.4421  max mem: 2516
      TTA Epoch: [37] [49/50]  eta: 0:00:00  entropy: 0.0545  uncertainty: 1.0000  uncertainty_coeffi: 1.0000  loss: 0.0545  lr: 0.000227  time: 0.1260  data: 0.0002  max mem: 2516
      TTA Epoch: [37] Total time: 0:00:06 (0.1359 s / it)
     Averaged stats: entropy: 0.0413  uncertainty: 1.0000  uncertainty_coeffi: 1.0000  loss: 0.0413  lr: 0.0002
     itm tta time 0:00:06
      TTA Epoch: [38] [ 0/50]  eta: 0:00:26  entropy: 0.0419  uncertainty: 1.0000  uncertainty_coeffi: 1.0000  loss: 0.0419  lr: 0.000226  time: 0.5316  data: 0.3930  max mem: 2516
      TTA Epoch: [38] [49/50]  eta: 0:00:00  entropy: 0.0001  uncertainty: 1.0000  uncertainty_coeffi: 1.0000  loss: 0.0001  lr: 0.000217  time: 0.1260  data: 0.0002  max mem: 2516
      TTA Epoch: [38] Total time: 0:00:06 (0.1347 s / it)
     Averaged stats: entropy: 0.0375  uncertainty: 1.0000  uncertainty_coeffi: 1.0000  loss: 0.0375  lr: 0.0002
     itm tta time 0:00:06
      TTA Epoch: [39] [ 0/50]  eta: 0:00:24  entropy: 0.0343  uncertainty: 1.0000  uncertainty_coeffi: 1.0000  loss: 0.0343  lr: 0.000217  time: 0.4821  data: 0.3330  max mem: 2516
      TTA Epoch: [39] [49/50]  eta: 0:00:00  entropy: 0.1032  uncertainty: 1.0000  uncertainty_coeffi: 1.0000  loss: 0.1032  lr: 0.000104  time: 0.1262  data: 0.0003  max mem: 2516
      TTA Epoch: [39] Total time: 0:00:06 (0.1338 s / it)
     Averaged stats: entropy: 0.0339  uncertainty: 1.0000  uncertainty_coeffi: 1.0000  loss: 0.0339  lr: 0.0002
     itm tta time 0:00:06
     Computing matching score
      Evaluation: [   0/1978]  eta: 0:05:06    time: 0.1552  data: 0.0076  max mem: 2516
      Evaluation: [ 100/1978]  eta: 0:04:04    time: 0.1287  data: 0.0000  max mem: 2516
      Evaluation: [ 200/1978]  eta: 0:03:49    time: 0.1273  data: 0.0000  max mem: 2516
      Evaluation: [ 300/1978]  eta: 0:03:36    time: 0.1287  data: 0.0000  max mem: 2516
      Evaluation: [ 400/1978]  eta: 0:03:23    time: 0.1284  data: 0.0000  max mem: 2516
      Evaluation: [ 500/1978]  eta: 0:03:10    time: 0.1279  data: 0.0000  max mem: 2516
      Evaluation: [ 600/1978]  eta: 0:02:57    time: 0.1283  data: 0.0000  max mem: 2516
      Evaluation: [ 700/1978]  eta: 0:02:44    time: 0.1287  data: 0.0000  max mem: 2516
      Evaluation: [ 800/1978]  eta: 0:02:31    time: 0.1275  data: 0.0000  max mem: 2516
      Evaluation: [ 900/1978]  eta: 0:02:18    time: 0.1271  data: 0.0000  max mem: 2516
      Evaluation: [1000/1978]  eta: 0:02:05    time: 0.1279  data: 0.0000  max mem: 2516
      Evaluation: [1100/1978]  eta: 0:01:52    time: 0.1287  data: 0.0000  max mem: 2516
      Evaluation: [1200/1978]  eta: 0:01:39    time: 0.1286  data: 0.0000  max mem: 2516
      Evaluation: [1300/1978]  eta: 0:01:27    time: 0.1288  data: 0.0000  max mem: 2516
      Evaluation: [1400/1978]  eta: 0:01:14    time: 0.1287  data: 0.0000  max mem: 2516
      Evaluation: [1500/1978]  eta: 0:01:01    time: 0.1281  data: 0.0000  max mem: 2516
      Evaluation: [1600/1978]  eta: 0:00:48    time: 0.1270  data: 0.0000  max mem: 2516
      Evaluation: [1700/1978]  eta: 0:00:35    time: 0.1266  data: 0.0000  max mem: 2516
      Evaluation: [1800/1978]  eta: 0:00:22    time: 0.1271  data: 0.0000  max mem: 2516
      Evaluation: [1900/1978]  eta: 0:00:09    time: 0.1002  data: 0.0000  max mem: 2516
      Evaluation: [1977/1978]  eta: 0:00:00    time: 0.1270  data: 0.0000  max mem: 2516
      Evaluation: Total time: 0:04:09 (0.1263 s / it)
     Computing matching score time 0:04:11
### TTA ITM Score: 
+-------+--------+--------+--------+--------+--------+
| epoch |   R1   |   R5   |  R10   |  mAP   |  mINP  |
+-------+--------+--------+--------+--------+--------+
|  -999 | 53.438 | 86.855 | 92.922 | 68.348 | 68.348 |
|  -999 | 72.700 | 97.776 | 99.090 | 84.322 | 84.322 |
|   0   | 73.003 | 97.877 | 99.090 | 84.504 | 84.504 |
|   1   | 73.761 | 97.725 | 99.039 | 84.917 | 84.917 |
|   2   | 73.913 | 97.624 | 98.938 | 84.928 | 84.928 |
|   4   | 74.874 | 97.877 | 98.989 | 85.474 | 85.474 |
|   9   | 75.733 | 97.877 | 98.888 | 85.941 | 85.941 |
|   14  | 76.390 | 97.725 | 98.686 | 86.185 | 86.185 |
|   19  | 75.834 | 97.674 | 98.837 | 85.927 | 85.927 |
|   29  | 76.188 | 97.523 | 98.736 | 85.967 | 85.967 |
|   39  | 74.671 | 96.967 | 98.534 | 84.964 | 84.964 |
+-------+--------+--------+--------+--------+--------+
     logs:  {'epo': 39, 'R1': 74.671, 'R5': 96.967, 'R10': 98.534, 'mAP': 84.964, 'mINP': 84.964, 'entropy': 0.033871, 'uncertainty': 1.0, 'uncertainty_coeffi': 1.0, 'loss': 0.033871, 'lr': 0.00021}
      TTA Epoch: [40] [ 0/50]  eta: 0:00:31  entropy: 0.0350  uncertainty: 1.0000  uncertainty_coeffi: 1.0000  loss: 0.0350  lr: 0.000103  time: 0.6243  data: 0.4827  max mem: 2516
      TTA Epoch: [40] [49/50]  eta: 0:00:00  entropy: 0.0771  uncertainty: 1.0000  uncertainty_coeffi: 1.0000  loss: 0.0771  lr: 0.000099  time: 0.1200  data: 0.0001  max mem: 2516
      TTA Epoch: [40] Total time: 0:00:06 (0.1308 s / it)
     Averaged stats: entropy: 0.0360  uncertainty: 1.0000  uncertainty_coeffi: 1.0000  loss: 0.0360  lr: 0.0001
     itm tta time 0:00:06
      TTA Epoch: [41] [ 0/50]  eta: 0:00:25  entropy: 0.0004  uncertainty: 1.0000  uncertainty_coeffi: 1.0000  loss: 0.0004  lr: 0.000099  time: 0.5088  data: 0.3709  max mem: 2516
      TTA Epoch: [41] [49/50]  eta: 0:00:00  entropy: 0.0633  uncertainty: 1.0000  uncertainty_coeffi: 1.0000  loss: 0.0633  lr: 0.000094  time: 0.1165  data: 0.0001  max mem: 2516
      TTA Epoch: [41] Total time: 0:00:06 (0.1275 s / it)
     Averaged stats: entropy: 0.0263  uncertainty: 1.0000  uncertainty_coeffi: 1.0000  loss: 0.0263  lr: 0.0001
     itm tta time 0:00:06
      TTA Epoch: [42] [ 0/50]  eta: 0:00:25  entropy: 0.0094  uncertainty: 1.0000  uncertainty_coeffi: 1.0000  loss: 0.0094  lr: 0.000094  time: 0.5130  data: 0.3751  max mem: 2516
      TTA Epoch: [42] [49/50]  eta: 0:00:00  entropy: 0.0109  uncertainty: 1.0000  uncertainty_coeffi: 1.0000  loss: 0.0109  lr: 0.000089  time: 0.1263  data: 0.0005  max mem: 2516
      TTA Epoch: [42] Total time: 0:00:06 (0.1348 s / it)
     Averaged stats: entropy: 0.0321  uncertainty: 1.0000  uncertainty_coeffi: 1.0000  loss: 0.0321  lr: 0.0001
     itm tta time 0:00:06
      TTA Epoch: [43] [ 0/50]  eta: 0:00:28  entropy: 0.0000  uncertainty: 1.0000  uncertainty_coeffi: 1.0000  loss: 0.0000  lr: 0.000089  time: 0.5734  data: 0.4276  max mem: 2516
      TTA Epoch: [43] [49/50]  eta: 0:00:00  entropy: 0.0446  uncertainty: 1.0000  uncertainty_coeffi: 1.0000  loss: 0.0446  lr: 0.000084  time: 0.1264  data: 0.0004  max mem: 2516
      TTA Epoch: [43] Total time: 0:00:06 (0.1360 s / it)
     Averaged stats: entropy: 0.0280  uncertainty: 1.0000  uncertainty_coeffi: 1.0000  loss: 0.0280  lr: 0.0001
     itm tta time 0:00:06
      TTA Epoch: [44] [ 0/50]  eta: 0:00:28  entropy: 0.0001  uncertainty: 1.0000  uncertainty_coeffi: 1.0000  loss: 0.0001  lr: 0.000084  time: 0.5749  data: 0.4306  max mem: 2516
      TTA Epoch: [44] [49/50]  eta: 0:00:00  entropy: 0.0421  uncertainty: 1.0000  uncertainty_coeffi: 1.0000  loss: 0.0421  lr: 0.000079  time: 0.1262  data: 0.0004  max mem: 2516
      TTA Epoch: [44] Total time: 0:00:06 (0.1360 s / it)
     Averaged stats: entropy: 0.0258  uncertainty: 1.0000  uncertainty_coeffi: 1.0000  loss: 0.0258  lr: 0.0001
     itm tta time 0:00:06
      TTA Epoch: [45] [ 0/50]  eta: 0:00:30  entropy: 0.0195  uncertainty: 1.0000  uncertainty_coeffi: 1.0000  loss: 0.0195  lr: 0.000079  time: 0.6040  data: 0.4516  max mem: 2516
      TTA Epoch: [45] [49/50]  eta: 0:00:00  entropy: 0.0444  uncertainty: 1.0000  uncertainty_coeffi: 1.0000  loss: 0.0444  lr: 0.000074  time: 0.1259  data: 0.0005  max mem: 2516
      TTA Epoch: [45] Total time: 0:00:06 (0.1363 s / it)
     Averaged stats: entropy: 0.0343  uncertainty: 1.0000  uncertainty_coeffi: 1.0000  loss: 0.0343  lr: 0.0001
     itm tta time 0:00:06
      TTA Epoch: [46] [ 0/50]  eta: 0:00:27  entropy: 0.0199  uncertainty: 1.0000  uncertainty_coeffi: 1.0000  loss: 0.0199  lr: 0.000074  time: 0.5522  data: 0.4079  max mem: 2516
      TTA Epoch: [46] [49/50]  eta: 0:00:00  entropy: 0.0001  uncertainty: 1.0000  uncertainty_coeffi: 1.0000  loss: 0.0001  lr: 0.000069  time: 0.1254  data: 0.0002  max mem: 2516
      TTA Epoch: [46] Total time: 0:00:06 (0.1343 s / it)
     Averaged stats: entropy: 0.0330  uncertainty: 1.0000  uncertainty_coeffi: 1.0000  loss: 0.0330  lr: 0.0001
     itm tta time 0:00:06
      TTA Epoch: [47] [ 0/50]  eta: 0:00:29  entropy: 0.0526  uncertainty: 1.0000  uncertainty_coeffi: 1.0000  loss: 0.0526  lr: 0.000069  time: 0.5904  data: 0.4587  max mem: 2516
      TTA Epoch: [47] [49/50]  eta: 0:00:00  entropy: 0.0777  uncertainty: 1.0000  uncertainty_coeffi: 1.0000  loss: 0.0777  lr: 0.000064  time: 0.1261  data: 0.0003  max mem: 2516
      TTA Epoch: [47] Total time: 0:00:06 (0.1361 s / it)
     Averaged stats: entropy: 0.0291  uncertainty: 1.0000  uncertainty_coeffi: 1.0000  loss: 0.0291  lr: 0.0001
     itm tta time 0:00:06
      TTA Epoch: [48] [ 0/50]  eta: 0:00:24  entropy: 0.0434  uncertainty: 1.0000  uncertainty_coeffi: 1.0000  loss: 0.0434  lr: 0.000064  time: 0.4922  data: 0.3538  max mem: 2516
      TTA Epoch: [48] [49/50]  eta: 0:00:00  entropy: 0.0750  uncertainty: 1.0000  uncertainty_coeffi: 1.0000  loss: 0.0750  lr: 0.000060  time: 0.1261  data: 0.0004  max mem: 2516
      TTA Epoch: [48] Total time: 0:00:06 (0.1337 s / it)
     Averaged stats: entropy: 0.0305  uncertainty: 1.0000  uncertainty_coeffi: 1.0000  loss: 0.0305  lr: 0.0001
     itm tta time 0:00:06
      TTA Epoch: [49] [ 0/50]  eta: 0:00:29  entropy: 0.0043  uncertainty: 1.0000  uncertainty_coeffi: 1.0000  loss: 0.0043  lr: 0.000059  time: 0.5823  data: 0.4450  max mem: 2516
      TTA Epoch: [49] [49/50]  eta: 0:00:00  entropy: 0.0350  uncertainty: 1.0000  uncertainty_coeffi: 1.0000  loss: 0.0350  lr: 0.000055  time: 0.1261  data: 0.0003  max mem: 2516
      TTA Epoch: [49] Total time: 0:00:06 (0.1361 s / it)
     Averaged stats: entropy: 0.0270  uncertainty: 1.0000  uncertainty_coeffi: 1.0000  loss: 0.0270  lr: 0.0001
     itm tta time 0:00:06
     Computing matching score
      Evaluation: [   0/1978]  eta: 0:04:16    time: 0.1297  data: 0.0028  max mem: 2516
      Evaluation: [ 100/1978]  eta: 0:04:00    time: 0.1280  data: 0.0000  max mem: 2516
      Evaluation: [ 200/1978]  eta: 0:03:47    time: 0.1268  data: 0.0000  max mem: 2516
      Evaluation: [ 300/1978]  eta: 0:03:34    time: 0.1289  data: 0.0000  max mem: 2516
      Evaluation: [ 400/1978]  eta: 0:03:22    time: 0.1295  data: 0.0000  max mem: 2516
      Evaluation: [ 500/1978]  eta: 0:03:10    time: 0.1283  data: 0.0000  max mem: 2516
      Evaluation: [ 600/1978]  eta: 0:02:57    time: 0.1279  data: 0.0000  max mem: 2516
      Evaluation: [ 700/1978]  eta: 0:02:44    time: 0.1288  data: 0.0000  max mem: 2516
      Evaluation: [ 800/1978]  eta: 0:02:31    time: 0.1343  data: 0.0000  max mem: 2516
      Evaluation: [ 900/1978]  eta: 0:02:18    time: 0.1272  data: 0.0000  max mem: 2516
      Evaluation: [1000/1978]  eta: 0:02:05    time: 0.1266  data: 0.0000  max mem: 2516
      Evaluation: [1100/1978]  eta: 0:01:52    time: 0.1279  data: 0.0000  max mem: 2516
      Evaluation: [1200/1978]  eta: 0:01:39    time: 0.1279  data: 0.0000  max mem: 2516
      Evaluation: [1300/1978]  eta: 0:01:27    time: 0.1281  data: 0.0000  max mem: 2516
      Evaluation: [1400/1978]  eta: 0:01:14    time: 0.1279  data: 0.0000  max mem: 2516
      Evaluation: [1500/1978]  eta: 0:01:01    time: 0.1273  data: 0.0000  max mem: 2516
      Evaluation: [1600/1978]  eta: 0:00:48    time: 0.1268  data: 0.0000  max mem: 2516
      Evaluation: [1700/1978]  eta: 0:00:35    time: 0.1268  data: 0.0000  max mem: 2516
      Evaluation: [1800/1978]  eta: 0:00:22    time: 0.1274  data: 0.0000  max mem: 2516
      Evaluation: [1900/1978]  eta: 0:00:09    time: 0.1164  data: 0.0000  max mem: 2516
      Evaluation: [1977/1978]  eta: 0:00:00    time: 0.1269  data: 0.0000  max mem: 2516
      Evaluation: Total time: 0:04:10 (0.1264 s / it)
     Computing matching score time 0:04:11
### TTA ITM Score: 
+-------+--------+--------+--------+--------+--------+
| epoch |   R1   |   R5   |  R10   |  mAP   |  mINP  |
+-------+--------+--------+--------+--------+--------+
|  -999 | 53.438 | 86.855 | 92.922 | 68.348 | 68.348 |
|  -999 | 72.700 | 97.776 | 99.090 | 84.322 | 84.322 |
|   0   | 73.003 | 97.877 | 99.090 | 84.504 | 84.504 |
|   1   | 73.761 | 97.725 | 99.039 | 84.917 | 84.917 |
|   2   | 73.913 | 97.624 | 98.938 | 84.928 | 84.928 |
|   4   | 74.874 | 97.877 | 98.989 | 85.474 | 85.474 |
|   9   | 75.733 | 97.877 | 98.888 | 85.941 | 85.941 |
|   14  | 76.390 | 97.725 | 98.686 | 86.185 | 86.185 |
|   19  | 75.834 | 97.674 | 98.837 | 85.927 | 85.927 |
|   29  | 76.188 | 97.523 | 98.736 | 85.967 | 85.967 |
|   39  | 74.671 | 96.967 | 98.534 | 84.964 | 84.964 |
|   49  | 74.722 | 97.219 | 98.483 | 85.052 | 85.052 |
+-------+--------+--------+--------+--------+--------+
     logs:  {'epo': 49, 'R1': 74.722, 'R5': 97.219, 'R10': 98.483, 'mAP': 85.052, 'mINP': 85.052, 'entropy': 0.027029, 'uncertainty': 1.0, 'uncertainty_coeffi': 1.0, 'loss': 0.027029, 'lr': 5.7e-05}
      TTA Epoch: [50] [ 0/50]  eta: 0:00:28  entropy: 0.0349  uncertainty: 1.0000  uncertainty_coeffi: 1.0000  loss: 0.0349  lr: 0.000055  time: 0.5662  data: 0.4377  max mem: 2516
      TTA Epoch: [50] [49/50]  eta: 0:00:00  entropy: 0.0002  uncertainty: 1.0000  uncertainty_coeffi: 1.0000  loss: 0.0002  lr: 0.000050  time: 0.1199  data: 0.0001  max mem: 2516
      TTA Epoch: [50] Total time: 0:00:06 (0.1291 s / it)
     Averaged stats: entropy: 0.0285  uncertainty: 1.0000  uncertainty_coeffi: 1.0000  loss: 0.0285  lr: 0.0001
     itm tta time 0:00:06
      TTA Epoch: [51] [ 0/50]  eta: 0:00:26  entropy: 0.0437  uncertainty: 1.0000  uncertainty_coeffi: 1.0000  loss: 0.0437  lr: 0.000050  time: 0.5303  data: 0.4075  max mem: 2516
      TTA Epoch: [51] [49/50]  eta: 0:00:00  entropy: 0.0118  uncertainty: 1.0000  uncertainty_coeffi: 1.0000  loss: 0.0118  lr: 0.000045  time: 0.1154  data: 0.0001  max mem: 2516
      TTA Epoch: [51] Total time: 0:00:06 (0.1235 s / it)
     Averaged stats: entropy: 0.0293  uncertainty: 1.0000  uncertainty_coeffi: 1.0000  loss: 0.0293  lr: 0.0000
     itm tta time 0:00:06
      TTA Epoch: [52] [ 0/50]  eta: 0:00:22  entropy: 0.0416  uncertainty: 1.0000  uncertainty_coeffi: 1.0000  loss: 0.0416  lr: 0.000045  time: 0.4506  data: 0.3029  max mem: 2516
      TTA Epoch: [52] [49/50]  eta: 0:00:00  entropy: 0.1187  uncertainty: 1.0000  uncertainty_coeffi: 1.0000  loss: 0.1187  lr: 0.000040  time: 0.1262  data: 0.0002  max mem: 2516
      TTA Epoch: [52] Total time: 0:00:06 (0.1331 s / it)
     Averaged stats: entropy: 0.0263  uncertainty: 1.0000  uncertainty_coeffi: 1.0000  loss: 0.0263  lr: 0.0000
     itm tta time 0:00:06
      TTA Epoch: [53] [ 0/50]  eta: 0:00:26  entropy: 0.0025  uncertainty: 1.0000  uncertainty_coeffi: 1.0000  loss: 0.0025  lr: 0.000040  time: 0.5210  data: 0.3765  max mem: 2516
      TTA Epoch: [53] [49/50]  eta: 0:00:00  entropy: 0.0466  uncertainty: 1.0000  uncertainty_coeffi: 1.0000  loss: 0.0466  lr: 0.000035  time: 0.1263  data: 0.0002  max mem: 2516
      TTA Epoch: [53] Total time: 0:00:06 (0.1346 s / it)
     Averaged stats: entropy: 0.0307  uncertainty: 1.0000  uncertainty_coeffi: 1.0000  loss: 0.0307  lr: 0.0000
     itm tta time 0:00:06
      TTA Epoch: [54] [ 0/50]  eta: 0:00:22  entropy: 0.0007  uncertainty: 1.0000  uncertainty_coeffi: 1.0000  loss: 0.0007  lr: 0.000035  time: 0.4437  data: 0.3026  max mem: 2516
      TTA Epoch: [54] [49/50]  eta: 0:00:00  entropy: 0.0006  uncertainty: 1.0000  uncertainty_coeffi: 1.0000  loss: 0.0006  lr: 0.000030  time: 0.1261  data: 0.0002  max mem: 2516
      TTA Epoch: [54] Total time: 0:00:06 (0.1328 s / it)
     Averaged stats: entropy: 0.0237  uncertainty: 1.0000  uncertainty_coeffi: 1.0000  loss: 0.0237  lr: 0.0000
     itm tta time 0:00:06
      TTA Epoch: [55] [ 0/50]  eta: 0:00:30  entropy: 0.0699  uncertainty: 1.0000  uncertainty_coeffi: 1.0000  loss: 0.0699  lr: 0.000030  time: 0.6060  data: 0.4622  max mem: 2516
      TTA Epoch: [55] [49/50]  eta: 0:00:00  entropy: 0.0396  uncertainty: 1.0000  uncertainty_coeffi: 1.0000  loss: 0.0396  lr: 0.000025  time: 0.1261  data: 0.0003  max mem: 2516
      TTA Epoch: [55] Total time: 0:00:06 (0.1361 s / it)
     Averaged stats: entropy: 0.0314  uncertainty: 1.0000  uncertainty_coeffi: 1.0000  loss: 0.0314  lr: 0.0000
     itm tta time 0:00:06
      TTA Epoch: [56] [ 0/50]  eta: 0:00:23  entropy: 0.0014  uncertainty: 1.0000  uncertainty_coeffi: 1.0000  loss: 0.0014  lr: 0.000025  time: 0.4742  data: 0.3362  max mem: 2516
      TTA Epoch: [56] [49/50]  eta: 0:00:00  entropy: 0.0732  uncertainty: 1.0000  uncertainty_coeffi: 1.0000  loss: 0.0732  lr: 0.000021  time: 0.1261  data: 0.0002  max mem: 2516
      TTA Epoch: [56] Total time: 0:00:06 (0.1334 s / it)
     Averaged stats: entropy: 0.0354  uncertainty: 1.0000  uncertainty_coeffi: 1.0000  loss: 0.0354  lr: 0.0000
     itm tta time 0:00:06
      TTA Epoch: [57] [ 0/50]  eta: 0:00:28  entropy: 0.0416  uncertainty: 1.0000  uncertainty_coeffi: 1.0000  loss: 0.0416  lr: 0.000020  time: 0.5619  data: 0.4134  max mem: 2516
      TTA Epoch: [57] [49/50]  eta: 0:00:00  entropy: 0.0525  uncertainty: 1.0000  uncertainty_coeffi: 1.0000  loss: 0.0525  lr: 0.000016  time: 0.1265  data: 0.0005  max mem: 2516
      TTA Epoch: [57] Total time: 0:00:06 (0.1359 s / it)
     Averaged stats: entropy: 0.0294  uncertainty: 1.0000  uncertainty_coeffi: 1.0000  loss: 0.0294  lr: 0.0000
     itm tta time 0:00:06
      TTA Epoch: [58] [ 0/50]  eta: 0:00:23  entropy: 0.0333  uncertainty: 1.0000  uncertainty_coeffi: 1.0000  loss: 0.0333  lr: 0.000016  time: 0.4779  data: 0.3383  max mem: 2516
      TTA Epoch: [58] [49/50]  eta: 0:00:00  entropy: 0.0742  uncertainty: 1.0000  uncertainty_coeffi: 1.0000  loss: 0.0742  lr: 0.000011  time: 0.1261  data: 0.0002  max mem: 2516
      TTA Epoch: [58] Total time: 0:00:06 (0.1334 s / it)
     Averaged stats: entropy: 0.0358  uncertainty: 1.0000  uncertainty_coeffi: 1.0000  loss: 0.0358  lr: 0.0000
     itm tta time 0:00:06
      TTA Epoch: [59] [ 0/50]  eta: 0:00:23  entropy: 0.0001  uncertainty: 1.0000  uncertainty_coeffi: 1.0000  loss: 0.0001  lr: 0.000011  time: 0.4739  data: 0.3329  max mem: 2516
      TTA Epoch: [59] [49/50]  eta: 0:00:00  entropy: 0.0221  uncertainty: 1.0000  uncertainty_coeffi: 1.0000  loss: 0.0221  lr: 0.000006  time: 0.1261  data: 0.0003  max mem: 2516
      TTA Epoch: [59] Total time: 0:00:06 (0.1336 s / it)
     Averaged stats: entropy: 0.0252  uncertainty: 1.0000  uncertainty_coeffi: 1.0000  loss: 0.0252  lr: 0.0000
     itm tta time 0:00:06
     Computing matching score
      Evaluation: [   0/1978]  eta: 0:04:16    time: 0.1298  data: 0.0035  max mem: 2516
      Evaluation: [ 100/1978]  eta: 0:04:01    time: 0.1300  data: 0.0000  max mem: 2516
      Evaluation: [ 200/1978]  eta: 0:03:48    time: 0.1263  data: 0.0000  max mem: 2516
      Evaluation: [ 300/1978]  eta: 0:03:35    time: 0.1278  data: 0.0000  max mem: 2516
      Evaluation: [ 400/1978]  eta: 0:03:22    time: 0.1284  data: 0.0000  max mem: 2516
      Evaluation: [ 500/1978]  eta: 0:03:10    time: 0.1286  data: 0.0000  max mem: 2516
      Evaluation: [ 600/1978]  eta: 0:02:57    time: 0.1285  data: 0.0000  max mem: 2516
      Evaluation: [ 700/1978]  eta: 0:02:44    time: 0.1321  data: 0.0000  max mem: 2516
      Evaluation: [ 800/1978]  eta: 0:02:31    time: 0.1286  data: 0.0000  max mem: 2516
      Evaluation: [ 900/1978]  eta: 0:02:18    time: 0.1322  data: 0.0000  max mem: 2516
      Evaluation: [1000/1978]  eta: 0:02:05    time: 0.1266  data: 0.0000  max mem: 2516
      Evaluation: [1100/1978]  eta: 0:01:53    time: 0.1270  data: 0.0000  max mem: 2516
      Evaluation: [1200/1978]  eta: 0:01:40    time: 0.1279  data: 0.0000  max mem: 2516
      Evaluation: [1300/1978]  eta: 0:01:27    time: 0.1271  data: 0.0000  max mem: 2516
      Evaluation: [1400/1978]  eta: 0:01:14    time: 0.1276  data: 0.0000  max mem: 2516
      Evaluation: [1500/1978]  eta: 0:01:01    time: 0.1275  data: 0.0000  max mem: 2516
      Evaluation: [1600/1978]  eta: 0:00:48    time: 0.1258  data: 0.0000  max mem: 2516
      Evaluation: [1700/1978]  eta: 0:00:35    time: 0.0996  data: 0.0000  max mem: 2516
      Evaluation: [1800/1978]  eta: 0:00:22    time: 0.1260  data: 0.0000  max mem: 2516
      Evaluation: [1900/1978]  eta: 0:00:09    time: 0.1270  data: 0.0000  max mem: 2516
      Evaluation: [1977/1978]  eta: 0:00:00    time: 0.1268  data: 0.0000  max mem: 2516
      Evaluation: Total time: 0:04:09 (0.1263 s / it)
     Computing matching score time 0:04:11
### TTA ITM Score: 
+-------+--------+--------+--------+--------+--------+
| epoch |   R1   |   R5   |  R10   |  mAP   |  mINP  |
+-------+--------+--------+--------+--------+--------+
|  -999 | 53.438 | 86.855 | 92.922 | 68.348 | 68.348 |
|  -999 | 72.700 | 97.776 | 99.090 | 84.322 | 84.322 |
|   0   | 73.003 | 97.877 | 99.090 | 84.504 | 84.504 |
|   1   | 73.761 | 97.725 | 99.039 | 84.917 | 84.917 |
|   2   | 73.913 | 97.624 | 98.938 | 84.928 | 84.928 |
|   4   | 74.874 | 97.877 | 98.989 | 85.474 | 85.474 |
|   9   | 75.733 | 97.877 | 98.888 | 85.941 | 85.941 |
|   14  | 76.390 | 97.725 | 98.686 | 86.185 | 86.185 |
|   19  | 75.834 | 97.674 | 98.837 | 85.927 | 85.927 |
|   29  | 76.188 | 97.523 | 98.736 | 85.967 | 85.967 |
|   39  | 74.671 | 96.967 | 98.534 | 84.964 | 84.964 |
|   49  | 74.722 | 97.219 | 98.483 | 85.052 | 85.052 |
|   59  | 75.076 | 97.321 | 98.534 | 85.265 | 85.265 |
+-------+--------+--------+--------+--------+--------+
     logs:  {'epo': 59, 'R1': 75.076, 'R5': 97.321, 'R10': 98.534, 'mAP': 85.265, 'mINP': 85.265, 'entropy': 0.025219, 'uncertainty': 1.0, 'uncertainty_coeffi': 1.0, 'loss': 0.025219, 'lr': 8e-06}
### best epoch 14 : {'epo': '14', 'R1': '76.39', 'R5': '97.725', 'R10': '98.686', 'mAP': '86.185', 'mINP': '86.185', 'entropy': '0.08828', 'uncertainty': '1.0', 'uncertainty_coeffi': '1.0', 'loss': '0.08828', 'lr': '0.000456'}
### Time 0:52:58
NNODES,  1
NODE_RANK,  0
MASTER_ADDR,  127.0.0.1
MASTER_PORT,  1612
NPROC_PER_NODE,  2
task:  exp2.0.1
config:  configs_rerun5/exp2.0.1.yaml
output_dir:  output_rerun4/exp2.0.1/2025092219541
python3 tta.py --config configs_rerun5/exp2.0.1.yaml --task exp2.0.1 --output_dir output_rerun4/exp2.0.1/2025092219541 --checkpoint checkpoint/16m_base_model_state_step_199999.th --bs 0 --epo 0 --lr 0.0 --seed 42 --tta
