/home/jiahao/miniconda3/envs/cmp/lib/python3.10/site-packages/torch/functional.py:554: UserWarning: torch.meshgrid: in an upcoming release, it will be required to pass the indexing argument. (Triggered internally at /pytorch/aten/src/ATen/native/TensorShape.cpp:4322.)
  return _VF.meshgrid(tensors, **kwargs)  # type: ignore[attr-defined]
Not using distributed mode
### Hyper-parameters:
     seed: 42
     device: cuda
     output_dir: output_rerun4/exp7.0.1/2025092209193
     batch_size_tta: 16
     epochs: 60
     lr: 0.0005
### Creating test dataset
from data/PAB/annotation/test/attr.json loading 1978 data
     test dataset -->    be_pose_img: False
     test_dataset: 1978
### Creating test dataloader
### be careful: func create_loader returns a list length of 1
     test_loader: 90
### Creating model
build_vision_encoder: load swin 224 x 224 ====>
missing_keys:  []
unexpected_keys:  ['head.weight', 'head.bias']
build_text_encoder: load bert ====>
missing_keys: ['bert.encoder.layer.10.crossattention.output.LayerNorm.bias', 'bert.encoder.layer.10.crossattention.output.LayerNorm.weight', 'bert.encoder.layer.10.crossattention.output.dense.bias', 'bert.encoder.layer.10.crossattention.output.dense.weight', 'bert.encoder.layer.10.crossattention.self.key.bias', 'bert.encoder.layer.10.crossattention.self.key.weight', 'bert.encoder.layer.10.crossattention.self.query.bias', 'bert.encoder.layer.10.crossattention.self.query.weight', 'bert.encoder.layer.10.crossattention.self.value.bias', 'bert.encoder.layer.10.crossattention.self.value.weight', 'bert.encoder.layer.11.crossattention.output.LayerNorm.bias', 'bert.encoder.layer.11.crossattention.output.LayerNorm.weight', 'bert.encoder.layer.11.crossattention.output.dense.bias', 'bert.encoder.layer.11.crossattention.output.dense.weight', 'bert.encoder.layer.11.crossattention.self.key.bias', 'bert.encoder.layer.11.crossattention.self.key.weight', 'bert.encoder.layer.11.crossattention.self.query.bias', 'bert.encoder.layer.11.crossattention.self.query.weight', 'bert.encoder.layer.11.crossattention.self.value.bias', 'bert.encoder.layer.11.crossattention.self.value.weight', 'bert.encoder.layer.6.crossattention.output.LayerNorm.bias', 'bert.encoder.layer.6.crossattention.output.LayerNorm.weight', 'bert.encoder.layer.6.crossattention.output.dense.bias', 'bert.encoder.layer.6.crossattention.output.dense.weight', 'bert.encoder.layer.6.crossattention.self.key.bias', 'bert.encoder.layer.6.crossattention.self.key.weight', 'bert.encoder.layer.6.crossattention.self.query.bias', 'bert.encoder.layer.6.crossattention.self.query.weight', 'bert.encoder.layer.6.crossattention.self.value.bias', 'bert.encoder.layer.6.crossattention.self.value.weight', 'bert.encoder.layer.7.crossattention.output.LayerNorm.bias', 'bert.encoder.layer.7.crossattention.output.LayerNorm.weight', 'bert.encoder.layer.7.crossattention.output.dense.bias', 'bert.encoder.layer.7.crossattention.output.dense.weight', 'bert.encoder.layer.7.crossattention.self.key.bias', 'bert.encoder.layer.7.crossattention.self.key.weight', 'bert.encoder.layer.7.crossattention.self.query.bias', 'bert.encoder.layer.7.crossattention.self.query.weight', 'bert.encoder.layer.7.crossattention.self.value.bias', 'bert.encoder.layer.7.crossattention.self.value.weight', 'bert.encoder.layer.8.crossattention.output.LayerNorm.bias', 'bert.encoder.layer.8.crossattention.output.LayerNorm.weight', 'bert.encoder.layer.8.crossattention.output.dense.bias', 'bert.encoder.layer.8.crossattention.output.dense.weight', 'bert.encoder.layer.8.crossattention.self.key.bias', 'bert.encoder.layer.8.crossattention.self.key.weight', 'bert.encoder.layer.8.crossattention.self.query.bias', 'bert.encoder.layer.8.crossattention.self.query.weight', 'bert.encoder.layer.8.crossattention.self.value.bias', 'bert.encoder.layer.8.crossattention.self.value.weight', 'bert.encoder.layer.9.crossattention.output.LayerNorm.bias', 'bert.encoder.layer.9.crossattention.output.LayerNorm.weight', 'bert.encoder.layer.9.crossattention.output.dense.bias', 'bert.encoder.layer.9.crossattention.output.dense.weight', 'bert.encoder.layer.9.crossattention.self.key.bias', 'bert.encoder.layer.9.crossattention.self.key.weight', 'bert.encoder.layer.9.crossattention.self.query.bias', 'bert.encoder.layer.9.crossattention.self.query.weight', 'bert.encoder.layer.9.crossattention.self.value.bias', 'bert.encoder.layer.9.crossattention.self.value.weight']
unexpected_keys: ['cls.seq_relationship.bias', 'cls.seq_relationship.weight']
mismatched_keys: []
error_msgs: []
Label Smooth: 0.2
load checkpoint from checkpoint/16m_base_model_state_step_199999.th
missing_keys:  []
unexpected_keys:  ['bbox_head.0.weight', 'bbox_head.0.bias', 'bbox_head.1.weight', 'bbox_head.1.bias', 'bbox_head.3.weight', 'bbox_head.3.bias']
     Total Params Sum:  214446837
### Inference ITC similiarity matrix
     Computing text features for evaluation
     Computing image features for evaluation
/home/jiahao/task/CMP/eval.py:129: UserWarning: To copy construct from a tensor, it is recommended to use sourceTensor.detach().clone() or sourceTensor.detach().clone().requires_grad_(True), rather than torch.tensor(sourceTensor).
  similarity = torch.tensor(scores_t2i)
     Computing features time 0:00:15
### Zero-Shot ITC Score: 
+-------+--------+--------+--------+--------+--------+
| epoch |   R1   |   R5   |  R10   |  mAP   |  mINP  |
+-------+--------+--------+--------+--------+--------+
|  -999 | 53.438 | 86.855 | 92.922 | 68.348 | 68.348 |
+-------+--------+--------+--------+--------+--------+
     Computing matching score
      Evaluation: [   0/1978]  eta: 0:04:44    time: 0.1437  data: 0.0019  max mem: 2074
      Evaluation: [ 100/1978]  eta: 0:04:08    time: 0.1285  data: 0.0000  max mem: 2074
      Evaluation: [ 200/1978]  eta: 0:03:53    time: 0.1292  data: 0.0000  max mem: 2074
      Evaluation: [ 300/1978]  eta: 0:03:39    time: 0.1282  data: 0.0000  max mem: 2074
      Evaluation: [ 400/1978]  eta: 0:03:25    time: 0.1282  data: 0.0000  max mem: 2074
      Evaluation: [ 500/1978]  eta: 0:03:11    time: 0.1281  data: 0.0000  max mem: 2074
      Evaluation: [ 600/1978]  eta: 0:02:58    time: 0.1282  data: 0.0000  max mem: 2074
      Evaluation: [ 700/1978]  eta: 0:02:45    time: 0.1292  data: 0.0000  max mem: 2074
      Evaluation: [ 800/1978]  eta: 0:02:32    time: 0.1289  data: 0.0000  max mem: 2074
      Evaluation: [ 900/1978]  eta: 0:02:19    time: 0.1335  data: 0.0000  max mem: 2074
      Evaluation: [1000/1978]  eta: 0:02:06    time: 0.1282  data: 0.0000  max mem: 2074
      Evaluation: [1100/1978]  eta: 0:01:53    time: 0.1282  data: 0.0000  max mem: 2074
      Evaluation: [1200/1978]  eta: 0:01:40    time: 0.1281  data: 0.0000  max mem: 2074
      Evaluation: [1300/1978]  eta: 0:01:27    time: 0.1286  data: 0.0000  max mem: 2074
      Evaluation: [1400/1978]  eta: 0:01:14    time: 0.1030  data: 0.0000  max mem: 2074
      Evaluation: [1500/1978]  eta: 0:01:01    time: 0.1300  data: 0.0000  max mem: 2074
      Evaluation: [1600/1978]  eta: 0:00:48    time: 0.1290  data: 0.0000  max mem: 2074
      Evaluation: [1700/1978]  eta: 0:00:35    time: 0.1296  data: 0.0000  max mem: 2074
      Evaluation: [1800/1978]  eta: 0:00:22    time: 0.1267  data: 0.0000  max mem: 2074
      Evaluation: [1900/1978]  eta: 0:00:09    time: 0.1196  data: 0.0000  max mem: 2074
      Evaluation: [1977/1978]  eta: 0:00:00    time: 0.1270  data: 0.0000  max mem: 2074
      Evaluation: Total time: 0:04:11 (0.1271 s / it)
     Computing matching score time 0:04:12
### Zero-Shot ITM Score: 
+-------+--------+--------+--------+--------+--------+
| epoch |   R1   |   R5   |  R10   |  mAP   |  mINP  |
+-------+--------+--------+--------+--------+--------+
|  -999 | 53.438 | 86.855 | 92.922 | 68.348 | 68.348 |
|  -999 | 72.700 | 97.776 | 99.090 | 84.322 | 84.322 |
+-------+--------+--------+--------+--------+--------+
### TTA:
     preprocess_tta_coefficients  start
     sample selection ...
     number of sample after sample_selection: 809
     uncertainty ...
     preprocess_tta_coefficients  end
### Creating tta dataset
     tta_dataset: 809
### Creating tta dataloader
### be careful: func create_loader returns a list length of 1
     tta_loader: 50
### Configure adapted weights
     TTA Dropout Modules: 
 [('vision_encoder.pos_drop', Dropout(p=0, inplace=False), True), ('vision_encoder.layers.0.blocks.0.attn.attn_drop', Dropout(p=0.0, inplace=False), True), ('vision_encoder.layers.0.blocks.0.attn.proj_drop', Dropout(p=0, inplace=False), True), ('vision_encoder.layers.0.blocks.0.mlp.drop', Dropout(p=0, inplace=False), True), ('vision_encoder.layers.0.blocks.1.attn.attn_drop', Dropout(p=0.0, inplace=False), True), ('vision_encoder.layers.0.blocks.1.attn.proj_drop', Dropout(p=0, inplace=False), True), ('vision_encoder.layers.0.blocks.1.mlp.drop', Dropout(p=0, inplace=False), True), ('vision_encoder.layers.1.blocks.0.attn.attn_drop', Dropout(p=0.0, inplace=False), True), ('vision_encoder.layers.1.blocks.0.attn.proj_drop', Dropout(p=0, inplace=False), True), ('vision_encoder.layers.1.blocks.0.mlp.drop', Dropout(p=0, inplace=False), True), ('vision_encoder.layers.1.blocks.1.attn.attn_drop', Dropout(p=0.0, inplace=False), True), ('vision_encoder.layers.1.blocks.1.attn.proj_drop', Dropout(p=0, inplace=False), True), ('vision_encoder.layers.1.blocks.1.mlp.drop', Dropout(p=0, inplace=False), True), ('vision_encoder.layers.2.blocks.0.attn.attn_drop', Dropout(p=0.0, inplace=False), True), ('vision_encoder.layers.2.blocks.0.attn.proj_drop', Dropout(p=0, inplace=False), True), ('vision_encoder.layers.2.blocks.0.mlp.drop', Dropout(p=0, inplace=False), True), ('vision_encoder.layers.2.blocks.1.attn.attn_drop', Dropout(p=0.0, inplace=False), True), ('vision_encoder.layers.2.blocks.1.attn.proj_drop', Dropout(p=0, inplace=False), True), ('vision_encoder.layers.2.blocks.1.mlp.drop', Dropout(p=0, inplace=False), True), ('vision_encoder.layers.2.blocks.2.attn.attn_drop', Dropout(p=0.0, inplace=False), True), ('vision_encoder.layers.2.blocks.2.attn.proj_drop', Dropout(p=0, inplace=False), True), ('vision_encoder.layers.2.blocks.2.mlp.drop', Dropout(p=0, inplace=False), True), ('vision_encoder.layers.2.blocks.3.attn.attn_drop', Dropout(p=0.0, inplace=False), True), ('vision_encoder.layers.2.blocks.3.attn.proj_drop', Dropout(p=0, inplace=False), True), ('vision_encoder.layers.2.blocks.3.mlp.drop', Dropout(p=0, inplace=False), True), ('vision_encoder.layers.2.blocks.4.attn.attn_drop', Dropout(p=0.0, inplace=False), True), ('vision_encoder.layers.2.blocks.4.attn.proj_drop', Dropout(p=0, inplace=False), True), ('vision_encoder.layers.2.blocks.4.mlp.drop', Dropout(p=0, inplace=False), True), ('vision_encoder.layers.2.blocks.5.attn.attn_drop', Dropout(p=0.0, inplace=False), True), ('vision_encoder.layers.2.blocks.5.attn.proj_drop', Dropout(p=0, inplace=False), True), ('vision_encoder.layers.2.blocks.5.mlp.drop', Dropout(p=0, inplace=False), True), ('vision_encoder.layers.2.blocks.6.attn.attn_drop', Dropout(p=0.0, inplace=False), True), ('vision_encoder.layers.2.blocks.6.attn.proj_drop', Dropout(p=0, inplace=False), True), ('vision_encoder.layers.2.blocks.6.mlp.drop', Dropout(p=0, inplace=False), True), ('vision_encoder.layers.2.blocks.7.attn.attn_drop', Dropout(p=0.0, inplace=False), True), ('vision_encoder.layers.2.blocks.7.attn.proj_drop', Dropout(p=0, inplace=False), True), ('vision_encoder.layers.2.blocks.7.mlp.drop', Dropout(p=0, inplace=False), True), ('vision_encoder.layers.2.blocks.8.attn.attn_drop', Dropout(p=0.0, inplace=False), True), ('vision_encoder.layers.2.blocks.8.attn.proj_drop', Dropout(p=0, inplace=False), True), ('vision_encoder.layers.2.blocks.8.mlp.drop', Dropout(p=0, inplace=False), True), ('vision_encoder.layers.2.blocks.9.attn.attn_drop', Dropout(p=0.0, inplace=False), True), ('vision_encoder.layers.2.blocks.9.attn.proj_drop', Dropout(p=0, inplace=False), True), ('vision_encoder.layers.2.blocks.9.mlp.drop', Dropout(p=0, inplace=False), True), ('vision_encoder.layers.2.blocks.10.attn.attn_drop', Dropout(p=0.0, inplace=False), True), ('vision_encoder.layers.2.blocks.10.attn.proj_drop', Dropout(p=0, inplace=False), True), ('vision_encoder.layers.2.blocks.10.mlp.drop', Dropout(p=0, inplace=False), True), ('vision_encoder.layers.2.blocks.11.attn.attn_drop', Dropout(p=0.0, inplace=False), True), ('vision_encoder.layers.2.blocks.11.attn.proj_drop', Dropout(p=0, inplace=False), True), ('vision_encoder.layers.2.blocks.11.mlp.drop', Dropout(p=0, inplace=False), True), ('vision_encoder.layers.2.blocks.12.attn.attn_drop', Dropout(p=0.0, inplace=False), True), ('vision_encoder.layers.2.blocks.12.attn.proj_drop', Dropout(p=0, inplace=False), True), ('vision_encoder.layers.2.blocks.12.mlp.drop', Dropout(p=0, inplace=False), True), ('vision_encoder.layers.2.blocks.13.attn.attn_drop', Dropout(p=0.0, inplace=False), True), ('vision_encoder.layers.2.blocks.13.attn.proj_drop', Dropout(p=0, inplace=False), True), ('vision_encoder.layers.2.blocks.13.mlp.drop', Dropout(p=0, inplace=False), True), ('vision_encoder.layers.2.blocks.14.attn.attn_drop', Dropout(p=0.0, inplace=False), True), ('vision_encoder.layers.2.blocks.14.attn.proj_drop', Dropout(p=0, inplace=False), True), ('vision_encoder.layers.2.blocks.14.mlp.drop', Dropout(p=0, inplace=False), True), ('vision_encoder.layers.2.blocks.15.attn.attn_drop', Dropout(p=0.0, inplace=False), True), ('vision_encoder.layers.2.blocks.15.attn.proj_drop', Dropout(p=0, inplace=False), True), ('vision_encoder.layers.2.blocks.15.mlp.drop', Dropout(p=0, inplace=False), True), ('vision_encoder.layers.2.blocks.16.attn.attn_drop', Dropout(p=0.0, inplace=False), True), ('vision_encoder.layers.2.blocks.16.attn.proj_drop', Dropout(p=0, inplace=False), True), ('vision_encoder.layers.2.blocks.16.mlp.drop', Dropout(p=0, inplace=False), True), ('vision_encoder.layers.2.blocks.17.attn.attn_drop', Dropout(p=0.0, inplace=False), True), ('vision_encoder.layers.2.blocks.17.attn.proj_drop', Dropout(p=0, inplace=False), True), ('vision_encoder.layers.2.blocks.17.mlp.drop', Dropout(p=0, inplace=False), True), ('vision_encoder.layers.3.blocks.0.attn.attn_drop', Dropout(p=0.0, inplace=False), True), ('vision_encoder.layers.3.blocks.0.attn.proj_drop', Dropout(p=0, inplace=False), True), ('vision_encoder.layers.3.blocks.0.mlp.drop', Dropout(p=0, inplace=False), True), ('vision_encoder.layers.3.blocks.1.attn.attn_drop', Dropout(p=0.0, inplace=False), True), ('vision_encoder.layers.3.blocks.1.attn.proj_drop', Dropout(p=0, inplace=False), True), ('vision_encoder.layers.3.blocks.1.mlp.drop', Dropout(p=0, inplace=False), True), ('text_encoder.bert.embeddings.dropout', Dropout(p=0.1, inplace=False), True), ('text_encoder.bert.encoder.layer.0.attention.self.dropout', Dropout(p=0.1, inplace=False), True), ('text_encoder.bert.encoder.layer.0.attention.output.dropout', Dropout(p=0.1, inplace=False), True), ('text_encoder.bert.encoder.layer.0.output.dropout', Dropout(p=0.1, inplace=False), True), ('text_encoder.bert.encoder.layer.1.attention.self.dropout', Dropout(p=0.1, inplace=False), True), ('text_encoder.bert.encoder.layer.1.attention.output.dropout', Dropout(p=0.1, inplace=False), True), ('text_encoder.bert.encoder.layer.1.output.dropout', Dropout(p=0.1, inplace=False), True), ('text_encoder.bert.encoder.layer.2.attention.self.dropout', Dropout(p=0.1, inplace=False), True), ('text_encoder.bert.encoder.layer.2.attention.output.dropout', Dropout(p=0.1, inplace=False), True), ('text_encoder.bert.encoder.layer.2.output.dropout', Dropout(p=0.1, inplace=False), True), ('text_encoder.bert.encoder.layer.3.attention.self.dropout', Dropout(p=0.1, inplace=False), True), ('text_encoder.bert.encoder.layer.3.attention.output.dropout', Dropout(p=0.1, inplace=False), True), ('text_encoder.bert.encoder.layer.3.output.dropout', Dropout(p=0.1, inplace=False), True), ('text_encoder.bert.encoder.layer.4.attention.self.dropout', Dropout(p=0.1, inplace=False), True), ('text_encoder.bert.encoder.layer.4.attention.output.dropout', Dropout(p=0.1, inplace=False), True), ('text_encoder.bert.encoder.layer.4.output.dropout', Dropout(p=0.1, inplace=False), True), ('text_encoder.bert.encoder.layer.5.attention.self.dropout', Dropout(p=0.1, inplace=False), True), ('text_encoder.bert.encoder.layer.5.attention.output.dropout', Dropout(p=0.1, inplace=False), True), ('text_encoder.bert.encoder.layer.5.output.dropout', Dropout(p=0.1, inplace=False), True), ('text_encoder.bert.encoder.layer.6.attention.self.dropout', Dropout(p=0.1, inplace=False), True), ('text_encoder.bert.encoder.layer.6.attention.output.dropout', Dropout(p=0.1, inplace=False), True), ('text_encoder.bert.encoder.layer.6.crossattention.self.dropout', Dropout(p=0.1, inplace=False), True), ('text_encoder.bert.encoder.layer.6.crossattention.output.dropout', Dropout(p=0.1, inplace=False), True), ('text_encoder.bert.encoder.layer.6.output.dropout', Dropout(p=0.1, inplace=False), True), ('text_encoder.bert.encoder.layer.7.attention.self.dropout', Dropout(p=0.1, inplace=False), True), ('text_encoder.bert.encoder.layer.7.attention.output.dropout', Dropout(p=0.1, inplace=False), True), ('text_encoder.bert.encoder.layer.7.crossattention.self.dropout', Dropout(p=0.1, inplace=False), True), ('text_encoder.bert.encoder.layer.7.crossattention.output.dropout', Dropout(p=0.1, inplace=False), True), ('text_encoder.bert.encoder.layer.7.output.dropout', Dropout(p=0.1, inplace=False), True), ('text_encoder.bert.encoder.layer.8.attention.self.dropout', Dropout(p=0.1, inplace=False), True), ('text_encoder.bert.encoder.layer.8.attention.output.dropout', Dropout(p=0.1, inplace=False), True), ('text_encoder.bert.encoder.layer.8.crossattention.self.dropout', Dropout(p=0.1, inplace=False), True), ('text_encoder.bert.encoder.layer.8.crossattention.output.dropout', Dropout(p=0.1, inplace=False), True), ('text_encoder.bert.encoder.layer.8.output.dropout', Dropout(p=0.1, inplace=False), True), ('text_encoder.bert.encoder.layer.9.attention.self.dropout', Dropout(p=0.1, inplace=False), True), ('text_encoder.bert.encoder.layer.9.attention.output.dropout', Dropout(p=0.1, inplace=False), True), ('text_encoder.bert.encoder.layer.9.crossattention.self.dropout', Dropout(p=0.1, inplace=False), True), ('text_encoder.bert.encoder.layer.9.crossattention.output.dropout', Dropout(p=0.1, inplace=False), True), ('text_encoder.bert.encoder.layer.9.output.dropout', Dropout(p=0.1, inplace=False), True), ('text_encoder.bert.encoder.layer.10.attention.self.dropout', Dropout(p=0.1, inplace=False), True), ('text_encoder.bert.encoder.layer.10.attention.output.dropout', Dropout(p=0.1, inplace=False), True), ('text_encoder.bert.encoder.layer.10.crossattention.self.dropout', Dropout(p=0.1, inplace=False), True), ('text_encoder.bert.encoder.layer.10.crossattention.output.dropout', Dropout(p=0.1, inplace=False), True), ('text_encoder.bert.encoder.layer.10.output.dropout', Dropout(p=0.1, inplace=False), True), ('text_encoder.bert.encoder.layer.11.attention.self.dropout', Dropout(p=0.1, inplace=False), True), ('text_encoder.bert.encoder.layer.11.attention.output.dropout', Dropout(p=0.1, inplace=False), True), ('text_encoder.bert.encoder.layer.11.crossattention.self.dropout', Dropout(p=0.1, inplace=False), True), ('text_encoder.bert.encoder.layer.11.crossattention.output.dropout', Dropout(p=0.1, inplace=False), True), ('text_encoder.bert.encoder.layer.11.output.dropout', Dropout(p=0.1, inplace=False), True)]
     TTA Require Gradient Params: 
 [('text_encoder.bert.embeddings.LayerNorm.weight', torch.Size([768])), ('text_encoder.bert.embeddings.LayerNorm.bias', torch.Size([768])), ('text_encoder.bert.encoder.layer.6.attention.output.LayerNorm.weight', torch.Size([768])), ('text_encoder.bert.encoder.layer.6.attention.output.LayerNorm.bias', torch.Size([768])), ('text_encoder.bert.encoder.layer.6.crossattention.output.LayerNorm.weight', torch.Size([768])), ('text_encoder.bert.encoder.layer.6.crossattention.output.LayerNorm.bias', torch.Size([768])), ('text_encoder.bert.encoder.layer.6.output.LayerNorm.weight', torch.Size([768])), ('text_encoder.bert.encoder.layer.6.output.LayerNorm.bias', torch.Size([768])), ('text_encoder.bert.encoder.layer.7.attention.output.LayerNorm.weight', torch.Size([768])), ('text_encoder.bert.encoder.layer.7.attention.output.LayerNorm.bias', torch.Size([768])), ('text_encoder.bert.encoder.layer.7.crossattention.output.LayerNorm.weight', torch.Size([768])), ('text_encoder.bert.encoder.layer.7.crossattention.output.LayerNorm.bias', torch.Size([768])), ('text_encoder.bert.encoder.layer.7.output.LayerNorm.weight', torch.Size([768])), ('text_encoder.bert.encoder.layer.7.output.LayerNorm.bias', torch.Size([768])), ('text_encoder.bert.encoder.layer.8.attention.output.LayerNorm.weight', torch.Size([768])), ('text_encoder.bert.encoder.layer.8.attention.output.LayerNorm.bias', torch.Size([768])), ('text_encoder.bert.encoder.layer.8.crossattention.output.LayerNorm.weight', torch.Size([768])), ('text_encoder.bert.encoder.layer.8.crossattention.output.LayerNorm.bias', torch.Size([768])), ('text_encoder.bert.encoder.layer.8.output.LayerNorm.weight', torch.Size([768])), ('text_encoder.bert.encoder.layer.8.output.LayerNorm.bias', torch.Size([768])), ('text_encoder.bert.encoder.layer.9.attention.output.LayerNorm.weight', torch.Size([768])), ('text_encoder.bert.encoder.layer.9.attention.output.LayerNorm.bias', torch.Size([768])), ('text_encoder.bert.encoder.layer.9.crossattention.output.LayerNorm.weight', torch.Size([768])), ('text_encoder.bert.encoder.layer.9.crossattention.output.LayerNorm.bias', torch.Size([768])), ('text_encoder.bert.encoder.layer.9.output.LayerNorm.weight', torch.Size([768])), ('text_encoder.bert.encoder.layer.9.output.LayerNorm.bias', torch.Size([768])), ('text_encoder.bert.encoder.layer.10.attention.output.LayerNorm.weight', torch.Size([768])), ('text_encoder.bert.encoder.layer.10.attention.output.LayerNorm.bias', torch.Size([768])), ('text_encoder.bert.encoder.layer.10.crossattention.output.LayerNorm.weight', torch.Size([768])), ('text_encoder.bert.encoder.layer.10.crossattention.output.LayerNorm.bias', torch.Size([768])), ('text_encoder.bert.encoder.layer.10.output.LayerNorm.weight', torch.Size([768])), ('text_encoder.bert.encoder.layer.10.output.LayerNorm.bias', torch.Size([768])), ('text_encoder.bert.encoder.layer.11.attention.output.LayerNorm.weight', torch.Size([768])), ('text_encoder.bert.encoder.layer.11.attention.output.LayerNorm.bias', torch.Size([768])), ('text_encoder.bert.encoder.layer.11.crossattention.output.LayerNorm.weight', torch.Size([768])), ('text_encoder.bert.encoder.layer.11.crossattention.output.LayerNorm.bias', torch.Size([768])), ('text_encoder.bert.encoder.layer.11.output.LayerNorm.weight', torch.Size([768])), ('text_encoder.bert.encoder.layer.11.output.LayerNorm.bias', torch.Size([768])), ('text_encoder.cls.predictions.transform.LayerNorm.weight', torch.Size([768])), ('text_encoder.cls.predictions.transform.LayerNorm.bias', torch.Size([768])), ('itm_head.1.weight', torch.Size([1536])), ('itm_head.1.bias', torch.Size([1536]))]
     TTA Dropout Modules Number: 
 122
     TTA Require Gradient Params Sum: 
 33792
     lr:  0.0005    lr_mult:  2
     model has 'init_params',  363
     num_tta_steps:  3060
     num_warmup_steps:  500
     sched: step
/home/jiahao/task/CMP/tta.py:253: FutureWarning: `torch.cuda.amp.GradScaler(args...)` is deprecated. Please use `torch.amp.GradScaler('cuda', args...)` instead.
  scaler = GradScaler()  # bf16
### Start ITM Test Time Adaptation
      TTA Epoch: [0] [ 0/50]  eta: 0:01:01  entropy: 1.0068  uncertainty: 1.6242  uncertainty_coeffi: 0.0100  loss: 2.3194  lr: 0.000001  time: 1.2249  data: 0.4722  max mem: 2477
      TTA Epoch: [0] [49/50]  eta: 0:00:00  entropy: 0.7326  uncertainty: 2.0024  uncertainty_coeffi: 0.0100  loss: 2.3903  lr: 0.000050  time: 0.1249  data: 0.0001  max mem: 2509
      TTA Epoch: [0] Total time: 0:00:07 (0.1464 s / it)
     Averaged stats: entropy: 0.8603  uncertainty: 1.6656  uncertainty_coeffi: 0.0100  loss: 2.2409  lr: 0.0000
     itm tta time 0:00:07
     Computing matching score
      Evaluation: [   0/1978]  eta: 0:03:58    time: 0.1208  data: 0.0050  max mem: 2509
      Evaluation: [ 100/1978]  eta: 0:03:48    time: 0.1270  data: 0.0000  max mem: 2509
      Evaluation: [ 200/1978]  eta: 0:03:37    time: 0.1266  data: 0.0000  max mem: 2509
      Evaluation: [ 300/1978]  eta: 0:03:24    time: 0.1269  data: 0.0000  max mem: 2509
      Evaluation: [ 400/1978]  eta: 0:03:12    time: 0.1078  data: 0.0000  max mem: 2509
      Evaluation: [ 500/1978]  eta: 0:03:01    time: 0.1204  data: 0.0000  max mem: 2509
      Evaluation: [ 600/1978]  eta: 0:02:50    time: 0.1326  data: 0.0000  max mem: 2509
      Evaluation: [ 700/1978]  eta: 0:02:39    time: 0.1286  data: 0.0000  max mem: 2509
      Evaluation: [ 800/1978]  eta: 0:02:28    time: 0.1278  data: 0.0000  max mem: 2509
      Evaluation: [ 900/1978]  eta: 0:02:16    time: 0.1285  data: 0.0000  max mem: 2509
      Evaluation: [1000/1978]  eta: 0:02:03    time: 0.1320  data: 0.0000  max mem: 2509
      Evaluation: [1100/1978]  eta: 0:01:51    time: 0.1286  data: 0.0000  max mem: 2509
      Evaluation: [1200/1978]  eta: 0:01:38    time: 0.1289  data: 0.0000  max mem: 2509
      Evaluation: [1300/1978]  eta: 0:01:26    time: 0.1289  data: 0.0000  max mem: 2509
      Evaluation: [1400/1978]  eta: 0:01:13    time: 0.1291  data: 0.0000  max mem: 2509
      Evaluation: [1500/1978]  eta: 0:01:00    time: 0.1287  data: 0.0000  max mem: 2509
      Evaluation: [1600/1978]  eta: 0:00:48    time: 0.1285  data: 0.0000  max mem: 2509
      Evaluation: [1700/1978]  eta: 0:00:35    time: 0.1288  data: 0.0000  max mem: 2509
      Evaluation: [1800/1978]  eta: 0:00:22    time: 0.1287  data: 0.0000  max mem: 2509
      Evaluation: [1900/1978]  eta: 0:00:09    time: 0.1288  data: 0.0000  max mem: 2509
      Evaluation: [1977/1978]  eta: 0:00:00    time: 0.1329  data: 0.0000  max mem: 2509
      Evaluation: Total time: 0:04:12 (0.1277 s / it)
     Computing matching score time 0:04:14
### TTA ITM Score: 
+-------+--------+--------+--------+--------+--------+
| epoch |   R1   |   R5   |  R10   |  mAP   |  mINP  |
+-------+--------+--------+--------+--------+--------+
|  -999 | 53.438 | 86.855 | 92.922 | 68.348 | 68.348 |
|  -999 | 72.700 | 97.776 | 99.090 | 84.322 | 84.322 |
|   0   | 73.054 | 97.877 | 99.090 | 84.529 | 84.529 |
+-------+--------+--------+--------+--------+--------+
     logs:  {'epo': 0, 'R1': 73.054, 'R5': 97.877, 'R10': 99.09, 'mAP': 84.529, 'mINP': 84.529, 'entropy': 0.860275, 'uncertainty': 1.66564, 'uncertainty_coeffi': 0.01, 'loss': 2.240862, 'lr': 2.6e-05}
      TTA Epoch: [1] [ 0/50]  eta: 0:00:26  entropy: 0.6206  uncertainty: 1.6652  uncertainty_coeffi: 0.0100  loss: 2.0657  lr: 0.000051  time: 0.5309  data: 0.3847  max mem: 2509
      TTA Epoch: [1] [49/50]  eta: 0:00:00  entropy: 0.5158  uncertainty: 1.9047  uncertainty_coeffi: 0.0100  loss: 2.2432  lr: 0.000100  time: 0.1258  data: 0.0005  max mem: 2518
      TTA Epoch: [1] Total time: 0:00:06 (0.1348 s / it)
     Averaged stats: entropy: 0.6613  uncertainty: 1.6665  uncertainty_coeffi: 0.0100  loss: 2.1113  lr: 0.0001
     itm tta time 0:00:06
     Computing matching score
      Evaluation: [   0/1978]  eta: 0:04:15    time: 0.1293  data: 0.0023  max mem: 2518
      Evaluation: [ 100/1978]  eta: 0:04:03    time: 0.1304  data: 0.0000  max mem: 2518
      Evaluation: [ 200/1978]  eta: 0:03:49    time: 0.1281  data: 0.0000  max mem: 2518
      Evaluation: [ 300/1978]  eta: 0:03:36    time: 0.1298  data: 0.0000  max mem: 2518
      Evaluation: [ 400/1978]  eta: 0:03:22    time: 0.1283  data: 0.0000  max mem: 2518
      Evaluation: [ 500/1978]  eta: 0:03:04    time: 0.1277  data: 0.0000  max mem: 2518
      Evaluation: [ 600/1978]  eta: 0:02:51    time: 0.1281  data: 0.0000  max mem: 2518
      Evaluation: [ 700/1978]  eta: 0:02:38    time: 0.1277  data: 0.0000  max mem: 2518
      Evaluation: [ 800/1978]  eta: 0:02:25    time: 0.1089  data: 0.0000  max mem: 2518
      Evaluation: [ 900/1978]  eta: 0:02:13    time: 0.1061  data: 0.0000  max mem: 2518
      Evaluation: [1000/1978]  eta: 0:02:01    time: 0.1277  data: 0.0000  max mem: 2518
      Evaluation: [1100/1978]  eta: 0:01:48    time: 0.1275  data: 0.0000  max mem: 2518
      Evaluation: [1200/1978]  eta: 0:01:36    time: 0.1276  data: 0.0000  max mem: 2518
      Evaluation: [1300/1978]  eta: 0:01:23    time: 0.1280  data: 0.0000  max mem: 2518
      Evaluation: [1400/1978]  eta: 0:01:11    time: 0.1279  data: 0.0000  max mem: 2518
      Evaluation: [1500/1978]  eta: 0:00:59    time: 0.1275  data: 0.0000  max mem: 2518
      Evaluation: [1600/1978]  eta: 0:00:46    time: 0.1218  data: 0.0000  max mem: 2518
      Evaluation: [1700/1978]  eta: 0:00:34    time: 0.1285  data: 0.0000  max mem: 2518
      Evaluation: [1800/1978]  eta: 0:00:22    time: 0.1285  data: 0.0000  max mem: 2518
      Evaluation: [1900/1978]  eta: 0:00:09    time: 0.1282  data: 0.0000  max mem: 2518
      Evaluation: [1977/1978]  eta: 0:00:00    time: 0.1281  data: 0.0000  max mem: 2518
      Evaluation: Total time: 0:04:06 (0.1247 s / it)
     Computing matching score time 0:04:08
### TTA ITM Score: 
+-------+--------+--------+--------+--------+--------+
| epoch |   R1   |   R5   |  R10   |  mAP   |  mINP  |
+-------+--------+--------+--------+--------+--------+
|  -999 | 53.438 | 86.855 | 92.922 | 68.348 | 68.348 |
|  -999 | 72.700 | 97.776 | 99.090 | 84.322 | 84.322 |
|   0   | 73.054 | 97.877 | 99.090 | 84.529 | 84.529 |
|   1   | 73.711 | 97.725 | 99.039 | 84.889 | 84.889 |
+-------+--------+--------+--------+--------+--------+
     logs:  {'epo': 1, 'R1': 73.711, 'R5': 97.725, 'R10': 99.039, 'mAP': 84.889, 'mINP': 84.889, 'entropy': 0.661277, 'uncertainty': 1.666496, 'uncertainty_coeffi': 0.01, 'loss': 2.111253, 'lr': 7.6e-05}
      TTA Epoch: [2] [ 0/50]  eta: 0:00:26  entropy: 0.5723  uncertainty: 1.5446  uncertainty_coeffi: 0.0100  loss: 1.9568  lr: 0.000101  time: 0.5330  data: 0.3916  max mem: 2518
      TTA Epoch: [2] [49/50]  eta: 0:00:00  entropy: 0.3106  uncertainty: 1.5826  uncertainty_coeffi: 0.0100  loss: 1.8049  lr: 0.000150  time: 0.1256  data: 0.0004  max mem: 2518
      TTA Epoch: [2] Total time: 0:00:06 (0.1341 s / it)
     Averaged stats: entropy: 0.4729  uncertainty: 1.6705  uncertainty_coeffi: 0.0100  loss: 1.9874  lr: 0.0001
     itm tta time 0:00:06
     Computing matching score
      Evaluation: [   0/1978]  eta: 0:04:25    time: 0.1344  data: 0.0047  max mem: 2518
      Evaluation: [ 100/1978]  eta: 0:04:00    time: 0.1280  data: 0.0000  max mem: 2518
      Evaluation: [ 200/1978]  eta: 0:03:47    time: 0.1275  data: 0.0000  max mem: 2518
      Evaluation: [ 300/1978]  eta: 0:03:34    time: 0.1284  data: 0.0000  max mem: 2518
      Evaluation: [ 400/1978]  eta: 0:03:22    time: 0.1285  data: 0.0000  max mem: 2518
      Evaluation: [ 500/1978]  eta: 0:03:09    time: 0.1284  data: 0.0000  max mem: 2518
      Evaluation: [ 600/1978]  eta: 0:02:56    time: 0.1287  data: 0.0000  max mem: 2518
      Evaluation: [ 700/1978]  eta: 0:02:44    time: 0.1281  data: 0.0000  max mem: 2518
      Evaluation: [ 800/1978]  eta: 0:02:31    time: 0.1286  data: 0.0000  max mem: 2518
      Evaluation: [ 900/1978]  eta: 0:02:18    time: 0.1285  data: 0.0000  max mem: 2518
      Evaluation: [1000/1978]  eta: 0:02:05    time: 0.1288  data: 0.0000  max mem: 2518
      Evaluation: [1100/1978]  eta: 0:01:52    time: 0.1282  data: 0.0000  max mem: 2518
      Evaluation: [1200/1978]  eta: 0:01:39    time: 0.1287  data: 0.0000  max mem: 2518
      Evaluation: [1300/1978]  eta: 0:01:27    time: 0.1286  data: 0.0000  max mem: 2518
      Evaluation: [1400/1978]  eta: 0:01:14    time: 0.1287  data: 0.0000  max mem: 2518
      Evaluation: [1500/1978]  eta: 0:01:01    time: 0.1260  data: 0.0000  max mem: 2518
      Evaluation: [1600/1978]  eta: 0:00:47    time: 0.0679  data: 0.0000  max mem: 2518
      Evaluation: [1700/1978]  eta: 0:00:33    time: 0.0767  data: 0.0000  max mem: 2518
      Evaluation: [1800/1978]  eta: 0:00:21    time: 0.1370  data: 0.0000  max mem: 2518
      Evaluation: [1900/1978]  eta: 0:00:09    time: 0.1279  data: 0.0000  max mem: 2518
      Evaluation: [1977/1978]  eta: 0:00:00    time: 0.1265  data: 0.0000  max mem: 2518
      Evaluation: Total time: 0:04:00 (0.1216 s / it)
     Computing matching score time 0:04:02
### TTA ITM Score: 
+-------+--------+--------+--------+--------+--------+
| epoch |   R1   |   R5   |  R10   |  mAP   |  mINP  |
+-------+--------+--------+--------+--------+--------+
|  -999 | 53.438 | 86.855 | 92.922 | 68.348 | 68.348 |
|  -999 | 72.700 | 97.776 | 99.090 | 84.322 | 84.322 |
|   0   | 73.054 | 97.877 | 99.090 | 84.529 | 84.529 |
|   1   | 73.711 | 97.725 | 99.039 | 84.889 | 84.889 |
|   2   | 74.014 | 97.624 | 99.039 | 84.985 | 84.985 |
+-------+--------+--------+--------+--------+--------+
     logs:  {'epo': 2, 'R1': 74.014, 'R5': 97.624, 'R10': 99.039, 'mAP': 84.985, 'mINP': 84.985, 'entropy': 0.472901, 'uncertainty': 1.670464, 'uncertainty_coeffi': 0.01, 'loss': 1.98741, 'lr': 0.000125}
      TTA Epoch: [3] [ 0/50]  eta: 0:00:26  entropy: 0.2778  uncertainty: 1.9270  uncertainty_coeffi: 0.0100  loss: 2.0877  lr: 0.000151  time: 0.5346  data: 0.3912  max mem: 2518
      TTA Epoch: [3] [49/50]  eta: 0:00:00  entropy: 0.3393  uncertainty: 1.3991  uncertainty_coeffi: 0.0100  loss: 1.6549  lr: 0.000200  time: 0.1280  data: 0.0002  max mem: 2518
      TTA Epoch: [3] Total time: 0:00:06 (0.1365 s / it)
     Averaged stats: entropy: 0.3864  uncertainty: 1.6692  uncertainty_coeffi: 0.0100  loss: 1.9284  lr: 0.0002
     itm tta time 0:00:06
      TTA Epoch: [4] [ 0/50]  eta: 0:00:23  entropy: 0.3194  uncertainty: 1.7562  uncertainty_coeffi: 0.0100  loss: 1.9627  lr: 0.000201  time: 0.4664  data: 0.3142  max mem: 2518
      TTA Epoch: [4] [49/50]  eta: 0:00:00  entropy: 0.2074  uncertainty: 1.4698  uncertainty_coeffi: 0.0100  loss: 1.6392  lr: 0.000250  time: 0.1281  data: 0.0003  max mem: 2518
      TTA Epoch: [4] Total time: 0:00:06 (0.1351 s / it)
     Averaged stats: entropy: 0.3342  uncertainty: 1.6657  uncertainty_coeffi: 0.0100  loss: 1.8904  lr: 0.0002
     itm tta time 0:00:06
     Computing matching score
      Evaluation: [   0/1978]  eta: 0:04:14    time: 0.1287  data: 0.0035  max mem: 2518
      Evaluation: [ 100/1978]  eta: 0:04:04    time: 0.1317  data: 0.0000  max mem: 2518
      Evaluation: [ 200/1978]  eta: 0:03:50    time: 0.1277  data: 0.0000  max mem: 2518
      Evaluation: [ 300/1978]  eta: 0:03:36    time: 0.1283  data: 0.0000  max mem: 2518
      Evaluation: [ 400/1978]  eta: 0:03:23    time: 0.1269  data: 0.0000  max mem: 2518
      Evaluation: [ 500/1978]  eta: 0:03:10    time: 0.1275  data: 0.0000  max mem: 2518
      Evaluation: [ 600/1978]  eta: 0:02:57    time: 0.1275  data: 0.0000  max mem: 2518
      Evaluation: [ 700/1978]  eta: 0:02:44    time: 0.1277  data: 0.0000  max mem: 2518
      Evaluation: [ 800/1978]  eta: 0:02:31    time: 0.1323  data: 0.0000  max mem: 2518
      Evaluation: [ 900/1978]  eta: 0:02:18    time: 0.1281  data: 0.0000  max mem: 2518
      Evaluation: [1000/1978]  eta: 0:02:05    time: 0.1288  data: 0.0000  max mem: 2518
      Evaluation: [1100/1978]  eta: 0:01:52    time: 0.1279  data: 0.0000  max mem: 2518
      Evaluation: [1200/1978]  eta: 0:01:39    time: 0.1263  data: 0.0000  max mem: 2518
      Evaluation: [1300/1978]  eta: 0:01:27    time: 0.1260  data: 0.0000  max mem: 2518
      Evaluation: [1400/1978]  eta: 0:01:14    time: 0.1278  data: 0.0000  max mem: 2518
      Evaluation: [1500/1978]  eta: 0:01:01    time: 0.1284  data: 0.0000  max mem: 2518
      Evaluation: [1600/1978]  eta: 0:00:48    time: 0.1263  data: 0.0000  max mem: 2518
      Evaluation: [1700/1978]  eta: 0:00:35    time: 0.1274  data: 0.0000  max mem: 2518
      Evaluation: [1800/1978]  eta: 0:00:22    time: 0.0713  data: 0.0000  max mem: 2518
      Evaluation: [1900/1978]  eta: 0:00:09    time: 0.1280  data: 0.0000  max mem: 2518
      Evaluation: [1977/1978]  eta: 0:00:00    time: 0.1283  data: 0.0000  max mem: 2518
      Evaluation: Total time: 0:04:10 (0.1266 s / it)
     Computing matching score time 0:04:12
### TTA ITM Score: 
+-------+--------+--------+--------+--------+--------+
| epoch |   R1   |   R5   |  R10   |  mAP   |  mINP  |
+-------+--------+--------+--------+--------+--------+
|  -999 | 53.438 | 86.855 | 92.922 | 68.348 | 68.348 |
|  -999 | 72.700 | 97.776 | 99.090 | 84.322 | 84.322 |
|   0   | 73.054 | 97.877 | 99.090 | 84.529 | 84.529 |
|   1   | 73.711 | 97.725 | 99.039 | 84.889 | 84.889 |
|   2   | 74.014 | 97.624 | 99.039 | 84.985 | 84.985 |
|   4   | 74.823 | 97.927 | 98.989 | 85.457 | 85.457 |
+-------+--------+--------+--------+--------+--------+
     logs:  {'epo': 4, 'R1': 74.823, 'R5': 97.927, 'R10': 98.989, 'mAP': 85.457, 'mINP': 85.457, 'entropy': 0.334232, 'uncertainty': 1.665688, 'uncertainty_coeffi': 0.01, 'loss': 1.890397, 'lr': 0.000225}
      TTA Epoch: [5] [ 0/50]  eta: 0:00:25  entropy: 0.2930  uncertainty: 1.7253  uncertainty_coeffi: 0.0100  loss: 1.9074  lr: 0.000251  time: 0.5196  data: 0.3668  max mem: 2518
      TTA Epoch: [5] [49/50]  eta: 0:00:00  entropy: 0.4340  uncertainty: 1.6153  uncertainty_coeffi: 0.0100  loss: 1.8931  lr: 0.000300  time: 0.1262  data: 0.0005  max mem: 2518
      TTA Epoch: [5] Total time: 0:00:06 (0.1347 s / it)
     Averaged stats: entropy: 0.2875  uncertainty: 1.6634  uncertainty_coeffi: 0.0100  loss: 1.8578  lr: 0.0003
     itm tta time 0:00:06
      TTA Epoch: [6] [ 0/50]  eta: 0:00:22  entropy: 0.3859  uncertainty: 1.6367  uncertainty_coeffi: 0.0100  loss: 1.9210  lr: 0.000301  time: 0.4574  data: 0.3089  max mem: 2518
      TTA Epoch: [6] [49/50]  eta: 0:00:00  entropy: 0.1851  uncertainty: 1.6541  uncertainty_coeffi: 0.0100  loss: 1.7697  lr: 0.000350  time: 0.1262  data: 0.0004  max mem: 2518
      TTA Epoch: [6] Total time: 0:00:06 (0.1334 s / it)
     Averaged stats: entropy: 0.2575  uncertainty: 1.6664  uncertainty_coeffi: 0.0100  loss: 1.8400  lr: 0.0003
     itm tta time 0:00:06
      TTA Epoch: [7] [ 0/50]  eta: 0:00:21  entropy: 0.1412  uncertainty: 1.8319  uncertainty_coeffi: 0.0100  loss: 1.9246  lr: 0.000351  time: 0.4330  data: 0.3025  max mem: 2518
      TTA Epoch: [7] [49/50]  eta: 0:00:00  entropy: 0.0735  uncertainty: 1.7753  uncertainty_coeffi: 0.0100  loss: 1.8126  lr: 0.000400  time: 0.1265  data: 0.0005  max mem: 2518
      TTA Epoch: [7] Total time: 0:00:06 (0.1334 s / it)
     Averaged stats: entropy: 0.2163  uncertainty: 1.6620  uncertainty_coeffi: 0.0100  loss: 1.8085  lr: 0.0004
     itm tta time 0:00:06
      TTA Epoch: [8] [ 0/50]  eta: 0:00:24  entropy: 0.1751  uncertainty: 1.8633  uncertainty_coeffi: 0.0100  loss: 1.9539  lr: 0.000401  time: 0.4991  data: 0.3541  max mem: 2518
      TTA Epoch: [8] [49/50]  eta: 0:00:00  entropy: 0.3629  uncertainty: 1.5155  uncertainty_coeffi: 0.0100  loss: 1.7771  lr: 0.000450  time: 0.1266  data: 0.0006  max mem: 2518
      TTA Epoch: [8] Total time: 0:00:06 (0.1348 s / it)
     Averaged stats: entropy: 0.2046  uncertainty: 1.6707  uncertainty_coeffi: 0.0100  loss: 1.8083  lr: 0.0004
     itm tta time 0:00:06
      TTA Epoch: [9] [ 0/50]  eta: 0:00:25  entropy: 0.2392  uncertainty: 1.5538  uncertainty_coeffi: 0.0100  loss: 1.7133  lr: 0.000451  time: 0.5110  data: 0.3626  max mem: 2518
      TTA Epoch: [9] [49/50]  eta: 0:00:00  entropy: 0.1528  uncertainty: 1.7216  uncertainty_coeffi: 0.0100  loss: 1.8038  lr: 0.000500  time: 0.1265  data: 0.0004  max mem: 2518
      TTA Epoch: [9] Total time: 0:00:06 (0.1346 s / it)
     Averaged stats: entropy: 0.1809  uncertainty: 1.6661  uncertainty_coeffi: 0.0100  loss: 1.7876  lr: 0.0005
     itm tta time 0:00:06
     Computing matching score
      Evaluation: [   0/1978]  eta: 0:04:20    time: 0.1319  data: 0.0043  max mem: 2518
      Evaluation: [ 100/1978]  eta: 0:04:04    time: 0.1335  data: 0.0000  max mem: 2518
      Evaluation: [ 200/1978]  eta: 0:03:50    time: 0.1277  data: 0.0000  max mem: 2518
      Evaluation: [ 300/1978]  eta: 0:03:36    time: 0.1285  data: 0.0000  max mem: 2518
      Evaluation: [ 400/1978]  eta: 0:03:24    time: 0.1330  data: 0.0000  max mem: 2518
      Evaluation: [ 500/1978]  eta: 0:03:11    time: 0.1284  data: 0.0000  max mem: 2518
      Evaluation: [ 600/1978]  eta: 0:02:58    time: 0.1282  data: 0.0000  max mem: 2518
      Evaluation: [ 700/1978]  eta: 0:02:45    time: 0.1289  data: 0.0000  max mem: 2518
      Evaluation: [ 800/1978]  eta: 0:02:32    time: 0.1264  data: 0.0000  max mem: 2518
      Evaluation: [ 900/1978]  eta: 0:02:19    time: 0.1286  data: 0.0000  max mem: 2518
      Evaluation: [1000/1978]  eta: 0:02:06    time: 0.1285  data: 0.0000  max mem: 2518
      Evaluation: [1100/1978]  eta: 0:01:53    time: 0.1285  data: 0.0000  max mem: 2518
      Evaluation: [1200/1978]  eta: 0:01:40    time: 0.1282  data: 0.0000  max mem: 2518
      Evaluation: [1300/1978]  eta: 0:01:27    time: 0.1283  data: 0.0000  max mem: 2518
      Evaluation: [1400/1978]  eta: 0:01:14    time: 0.1282  data: 0.0000  max mem: 2518
      Evaluation: [1500/1978]  eta: 0:01:01    time: 0.1285  data: 0.0000  max mem: 2518
      Evaluation: [1600/1978]  eta: 0:00:48    time: 0.1294  data: 0.0000  max mem: 2518
      Evaluation: [1700/1978]  eta: 0:00:35    time: 0.1264  data: 0.0000  max mem: 2518
      Evaluation: [1800/1978]  eta: 0:00:22    time: 0.1306  data: 0.0000  max mem: 2518
      Evaluation: [1900/1978]  eta: 0:00:09    time: 0.1288  data: 0.0000  max mem: 2518
      Evaluation: [1977/1978]  eta: 0:00:00    time: 0.1269  data: 0.0000  max mem: 2518
      Evaluation: Total time: 0:04:13 (0.1280 s / it)
     Computing matching score time 0:04:14
### TTA ITM Score: 
+-------+--------+--------+--------+--------+--------+
| epoch |   R1   |   R5   |  R10   |  mAP   |  mINP  |
+-------+--------+--------+--------+--------+--------+
|  -999 | 53.438 | 86.855 | 92.922 | 68.348 | 68.348 |
|  -999 | 72.700 | 97.776 | 99.090 | 84.322 | 84.322 |
|   0   | 73.054 | 97.877 | 99.090 | 84.529 | 84.529 |
|   1   | 73.711 | 97.725 | 99.039 | 84.889 | 84.889 |
|   2   | 74.014 | 97.624 | 99.039 | 84.985 | 84.985 |
|   4   | 74.823 | 97.927 | 98.989 | 85.457 | 85.457 |
|   9   | 75.784 | 97.927 | 98.938 | 85.941 | 85.941 |
+-------+--------+--------+--------+--------+--------+
     logs:  {'epo': 9, 'R1': 75.784, 'R5': 97.927, 'R10': 98.938, 'mAP': 85.941, 'mINP': 85.941, 'entropy': 0.180875, 'uncertainty': 1.666073, 'uncertainty_coeffi': 0.01, 'loss': 1.787583, 'lr': 0.000476}
      TTA Epoch: [10] [ 0/50]  eta: 0:00:27  entropy: 0.0999  uncertainty: 1.7931  uncertainty_coeffi: 0.0100  loss: 1.8463  lr: 0.000500  time: 0.5584  data: 0.4155  max mem: 2518
      TTA Epoch: [10] [49/50]  eta: 0:00:00  entropy: 0.0548  uncertainty: 1.5745  uncertainty_coeffi: 0.0100  loss: 1.6199  lr: 0.000490  time: 0.1277  data: 0.0002  max mem: 2518
      TTA Epoch: [10] Total time: 0:00:06 (0.1367 s / it)
     Averaged stats: entropy: 0.1453  uncertainty: 1.6638  uncertainty_coeffi: 0.0100  loss: 1.7628  lr: 0.0005
     itm tta time 0:00:06
      TTA Epoch: [11] [ 0/50]  eta: 0:00:25  entropy: 0.1126  uncertainty: 1.5988  uncertainty_coeffi: 0.0100  loss: 1.6876  lr: 0.000490  time: 0.5000  data: 0.3412  max mem: 2518
      TTA Epoch: [11] [49/50]  eta: 0:00:00  entropy: 0.1268  uncertainty: 1.6920  uncertainty_coeffi: 0.0100  loss: 1.7639  lr: 0.000480  time: 0.1278  data: 0.0002  max mem: 2518
      TTA Epoch: [11] Total time: 0:00:06 (0.1357 s / it)
     Averaged stats: entropy: 0.1414  uncertainty: 1.6639  uncertainty_coeffi: 0.0100  loss: 1.7605  lr: 0.0005
     itm tta time 0:00:06
      TTA Epoch: [12] [ 0/50]  eta: 0:00:23  entropy: 0.2480  uncertainty: 1.6296  uncertainty_coeffi: 0.0100  loss: 1.7916  lr: 0.000480  time: 0.4770  data: 0.3184  max mem: 2518
      TTA Epoch: [12] [49/50]  eta: 0:00:00  entropy: 0.2408  uncertainty: 1.6118  uncertainty_coeffi: 0.0100  loss: 1.7735  lr: 0.000471  time: 0.1277  data: 0.0005  max mem: 2518
      TTA Epoch: [12] Total time: 0:00:06 (0.1352 s / it)
     Averaged stats: entropy: 0.1317  uncertainty: 1.6651  uncertainty_coeffi: 0.0100  loss: 1.7526  lr: 0.0005
     itm tta time 0:00:06
      TTA Epoch: [13] [ 0/50]  eta: 0:00:24  entropy: 0.0866  uncertainty: 1.5904  uncertainty_coeffi: 0.0100  loss: 1.6586  lr: 0.000471  time: 0.4910  data: 0.3552  max mem: 2518
      TTA Epoch: [13] [49/50]  eta: 0:00:00  entropy: 0.1046  uncertainty: 1.9381  uncertainty_coeffi: 0.0100  loss: 2.0000  lr: 0.000461  time: 0.1276  data: 0.0002  max mem: 2518
      TTA Epoch: [13] Total time: 0:00:06 (0.1356 s / it)
     Averaged stats: entropy: 0.1059  uncertainty: 1.6658  uncertainty_coeffi: 0.0100  loss: 1.7352  lr: 0.0005
     itm tta time 0:00:06
      TTA Epoch: [14] [ 0/50]  eta: 0:00:21  entropy: 0.0725  uncertainty: 1.5142  uncertainty_coeffi: 0.0100  loss: 1.5714  lr: 0.000461  time: 0.4271  data: 0.2846  max mem: 2518
      TTA Epoch: [14] [49/50]  eta: 0:00:00  entropy: 0.0413  uncertainty: 1.4469  uncertainty_coeffi: 0.0100  loss: 1.4745  lr: 0.000451  time: 0.1276  data: 0.0002  max mem: 2518
      TTA Epoch: [14] Total time: 0:00:06 (0.1341 s / it)
     Averaged stats: entropy: 0.0916  uncertainty: 1.6681  uncertainty_coeffi: 0.0100  loss: 1.7280  lr: 0.0005
     itm tta time 0:00:06
     Computing matching score
      Evaluation: [   0/1978]  eta: 0:04:21    time: 0.1320  data: 0.0046  max mem: 2518
      Evaluation: [ 100/1978]  eta: 0:04:02    time: 0.1283  data: 0.0000  max mem: 2518
      Evaluation: [ 200/1978]  eta: 0:03:48    time: 0.1290  data: 0.0000  max mem: 2518
      Evaluation: [ 300/1978]  eta: 0:03:36    time: 0.1275  data: 0.0000  max mem: 2518
      Evaluation: [ 400/1978]  eta: 0:03:22    time: 0.1279  data: 0.0000  max mem: 2518
      Evaluation: [ 500/1978]  eta: 0:03:10    time: 0.1287  data: 0.0000  max mem: 2518
      Evaluation: [ 600/1978]  eta: 0:02:57    time: 0.1282  data: 0.0000  max mem: 2518
      Evaluation: [ 700/1978]  eta: 0:02:44    time: 0.1272  data: 0.0000  max mem: 2518
      Evaluation: [ 800/1978]  eta: 0:02:31    time: 0.1275  data: 0.0000  max mem: 2518
      Evaluation: [ 900/1978]  eta: 0:02:18    time: 0.1278  data: 0.0000  max mem: 2518
      Evaluation: [1000/1978]  eta: 0:02:05    time: 0.1286  data: 0.0000  max mem: 2518
      Evaluation: [1100/1978]  eta: 0:01:52    time: 0.1286  data: 0.0000  max mem: 2518
      Evaluation: [1200/1978]  eta: 0:01:39    time: 0.1287  data: 0.0000  max mem: 2518
      Evaluation: [1300/1978]  eta: 0:01:27    time: 0.1266  data: 0.0000  max mem: 2518
      Evaluation: [1400/1978]  eta: 0:01:14    time: 0.1271  data: 0.0000  max mem: 2518
      Evaluation: [1500/1978]  eta: 0:01:01    time: 0.1031  data: 0.0000  max mem: 2518
      Evaluation: [1600/1978]  eta: 0:00:48    time: 0.1280  data: 0.0000  max mem: 2518
      Evaluation: [1700/1978]  eta: 0:00:35    time: 0.1286  data: 0.0000  max mem: 2518
      Evaluation: [1800/1978]  eta: 0:00:22    time: 0.1287  data: 0.0000  max mem: 2518
      Evaluation: [1900/1978]  eta: 0:00:09    time: 0.1286  data: 0.0000  max mem: 2518
      Evaluation: [1977/1978]  eta: 0:00:00    time: 0.1293  data: 0.0000  max mem: 2518
      Evaluation: Total time: 0:04:11 (0.1274 s / it)
     Computing matching score time 0:04:14
### TTA ITM Score: 
+-------+--------+--------+--------+--------+--------+
| epoch |   R1   |   R5   |  R10   |  mAP   |  mINP  |
+-------+--------+--------+--------+--------+--------+
|  -999 | 53.438 | 86.855 | 92.922 | 68.348 | 68.348 |
|  -999 | 72.700 | 97.776 | 99.090 | 84.322 | 84.322 |
|   0   | 73.054 | 97.877 | 99.090 | 84.529 | 84.529 |
|   1   | 73.711 | 97.725 | 99.039 | 84.889 | 84.889 |
|   2   | 74.014 | 97.624 | 99.039 | 84.985 | 84.985 |
|   4   | 74.823 | 97.927 | 98.989 | 85.457 | 85.457 |
|   9   | 75.784 | 97.927 | 98.938 | 85.941 | 85.941 |
|   14  | 75.683 | 97.725 | 98.787 | 85.802 | 85.802 |
+-------+--------+--------+--------+--------+--------+
     logs:  {'epo': 14, 'R1': 75.683, 'R5': 97.725, 'R10': 98.787, 'mAP': 85.802, 'mINP': 85.802, 'entropy': 0.091606, 'uncertainty': 1.668126, 'uncertainty_coeffi': 0.01, 'loss': 1.728008, 'lr': 0.000456}
      TTA Epoch: [15] [ 0/50]  eta: 0:00:27  entropy: 0.1184  uncertainty: 1.6838  uncertainty_coeffi: 0.0100  loss: 1.7896  lr: 0.000451  time: 0.5567  data: 0.4113  max mem: 2518
      TTA Epoch: [15] [49/50]  eta: 0:00:00  entropy: 0.0312  uncertainty: 1.5731  uncertainty_coeffi: 0.0100  loss: 1.5931  lr: 0.000441  time: 0.1259  data: 0.0002  max mem: 2518
      TTA Epoch: [15] Total time: 0:00:06 (0.1353 s / it)
     Averaged stats: entropy: 0.0942  uncertainty: 1.6661  uncertainty_coeffi: 0.0100  loss: 1.7313  lr: 0.0004
     itm tta time 0:00:06
      TTA Epoch: [16] [ 0/50]  eta: 0:00:22  entropy: 0.0473  uncertainty: 1.8106  uncertainty_coeffi: 0.0100  loss: 1.8395  lr: 0.000441  time: 0.4417  data: 0.2914  max mem: 2518
      TTA Epoch: [16] [49/50]  eta: 0:00:00  entropy: 0.0461  uncertainty: 1.9327  uncertainty_coeffi: 0.0100  loss: 1.9595  lr: 0.000432  time: 0.1264  data: 0.0004  max mem: 2518
      TTA Epoch: [16] Total time: 0:00:06 (0.1331 s / it)
     Averaged stats: entropy: 0.0860  uncertainty: 1.6667  uncertainty_coeffi: 0.0100  loss: 1.7237  lr: 0.0004
     itm tta time 0:00:06
      TTA Epoch: [17] [ 0/50]  eta: 0:00:22  entropy: 0.0789  uncertainty: 1.3454  uncertainty_coeffi: 0.0100  loss: 1.4022  lr: 0.000431  time: 0.4448  data: 0.3020  max mem: 2518
      TTA Epoch: [17] [49/50]  eta: 0:00:00  entropy: 0.0223  uncertainty: 1.6543  uncertainty_coeffi: 0.0100  loss: 1.6726  lr: 0.000422  time: 0.1263  data: 0.0003  max mem: 2518
      TTA Epoch: [17] Total time: 0:00:06 (0.1329 s / it)
     Averaged stats: entropy: 0.0874  uncertainty: 1.6650  uncertainty_coeffi: 0.0100  loss: 1.7225  lr: 0.0004
     itm tta time 0:00:06
      TTA Epoch: [18] [ 0/50]  eta: 0:00:23  entropy: 0.0126  uncertainty: 1.6447  uncertainty_coeffi: 0.0100  loss: 1.6537  lr: 0.000422  time: 0.4724  data: 0.3299  max mem: 2518
      TTA Epoch: [18] [49/50]  eta: 0:00:00  entropy: 0.0904  uncertainty: 1.7603  uncertainty_coeffi: 0.0100  loss: 1.8100  lr: 0.000412  time: 0.1261  data: 0.0003  max mem: 2518
      TTA Epoch: [18] Total time: 0:00:06 (0.1340 s / it)
     Averaged stats: entropy: 0.0747  uncertainty: 1.6618  uncertainty_coeffi: 0.0100  loss: 1.7105  lr: 0.0004
     itm tta time 0:00:06
      TTA Epoch: [19] [ 0/50]  eta: 0:00:26  entropy: 0.0170  uncertainty: 1.7521  uncertainty_coeffi: 0.0100  loss: 1.7649  lr: 0.000412  time: 0.5202  data: 0.3677  max mem: 2518
      TTA Epoch: [19] [49/50]  eta: 0:00:00  entropy: 0.0916  uncertainty: 1.8092  uncertainty_coeffi: 0.0100  loss: 1.8710  lr: 0.000402  time: 0.1262  data: 0.0003  max mem: 2518
      TTA Epoch: [19] Total time: 0:00:06 (0.1345 s / it)
     Averaged stats: entropy: 0.0683  uncertainty: 1.6648  uncertainty_coeffi: 0.0100  loss: 1.7100  lr: 0.0004
     itm tta time 0:00:06
     Computing matching score
      Evaluation: [   0/1978]  eta: 0:04:24    time: 0.1338  data: 0.0038  max mem: 2518
      Evaluation: [ 100/1978]  eta: 0:04:00    time: 0.1278  data: 0.0000  max mem: 2518
      Evaluation: [ 200/1978]  eta: 0:03:48    time: 0.1280  data: 0.0000  max mem: 2518
      Evaluation: [ 300/1978]  eta: 0:03:35    time: 0.1284  data: 0.0000  max mem: 2518
      Evaluation: [ 400/1978]  eta: 0:03:22    time: 0.1288  data: 0.0000  max mem: 2518
      Evaluation: [ 500/1978]  eta: 0:03:09    time: 0.1285  data: 0.0000  max mem: 2518
      Evaluation: [ 600/1978]  eta: 0:02:57    time: 0.1298  data: 0.0000  max mem: 2518
      Evaluation: [ 700/1978]  eta: 0:02:44    time: 0.1267  data: 0.0000  max mem: 2518
      Evaluation: [ 800/1978]  eta: 0:02:31    time: 0.1288  data: 0.0000  max mem: 2518
      Evaluation: [ 900/1978]  eta: 0:02:18    time: 0.1266  data: 0.0000  max mem: 2518
      Evaluation: [1000/1978]  eta: 0:02:05    time: 0.1267  data: 0.0000  max mem: 2518
      Evaluation: [1100/1978]  eta: 0:01:52    time: 0.1307  data: 0.0000  max mem: 2518
      Evaluation: [1200/1978]  eta: 0:01:40    time: 0.1271  data: 0.0000  max mem: 2518
      Evaluation: [1300/1978]  eta: 0:01:27    time: 0.1260  data: 0.0000  max mem: 2518
      Evaluation: [1400/1978]  eta: 0:01:13    time: 0.1271  data: 0.0000  max mem: 2518
      Evaluation: [1500/1978]  eta: 0:01:00    time: 0.1247  data: 0.0000  max mem: 2518
      Evaluation: [1600/1978]  eta: 0:00:47    time: 0.1230  data: 0.0000  max mem: 2518
      Evaluation: [1700/1978]  eta: 0:00:35    time: 0.1289  data: 0.0000  max mem: 2518
      Evaluation: [1800/1978]  eta: 0:00:22    time: 0.1285  data: 0.0000  max mem: 2518
      Evaluation: [1900/1978]  eta: 0:00:09    time: 0.1297  data: 0.0000  max mem: 2518
      Evaluation: [1977/1978]  eta: 0:00:00    time: 0.1287  data: 0.0000  max mem: 2518
      Evaluation: Total time: 0:04:11 (0.1272 s / it)
     Computing matching score time 0:04:14
### TTA ITM Score: 
+-------+--------+--------+--------+--------+--------+
| epoch |   R1   |   R5   |  R10   |  mAP   |  mINP  |
+-------+--------+--------+--------+--------+--------+
|  -999 | 53.438 | 86.855 | 92.922 | 68.348 | 68.348 |
|  -999 | 72.700 | 97.776 | 99.090 | 84.322 | 84.322 |
|   0   | 73.054 | 97.877 | 99.090 | 84.529 | 84.529 |
|   1   | 73.711 | 97.725 | 99.039 | 84.889 | 84.889 |
|   2   | 74.014 | 97.624 | 99.039 | 84.985 | 84.985 |
|   4   | 74.823 | 97.927 | 98.989 | 85.457 | 85.457 |
|   9   | 75.784 | 97.927 | 98.938 | 85.941 | 85.941 |
|   14  | 75.683 | 97.725 | 98.787 | 85.802 | 85.802 |
|   19  | 75.480 | 97.422 | 98.837 | 85.601 | 85.601 |
+-------+--------+--------+--------+--------+--------+
     logs:  {'epo': 19, 'R1': 75.48, 'R5': 97.422, 'R10': 98.837, 'mAP': 85.601, 'mINP': 85.601, 'entropy': 0.068341, 'uncertainty': 1.664764, 'uncertainty_coeffi': 0.01, 'loss': 1.710046, 'lr': 0.000407}
      TTA Epoch: [20] [ 0/50]  eta: 0:00:28  entropy: 0.0128  uncertainty: 1.4013  uncertainty_coeffi: 0.0100  loss: 1.4120  lr: 0.000402  time: 0.5637  data: 0.4108  max mem: 2518
      TTA Epoch: [20] [49/50]  eta: 0:00:00  entropy: 0.1777  uncertainty: 1.4871  uncertainty_coeffi: 0.0100  loss: 1.6138  lr: 0.000393  time: 0.1267  data: 0.0002  max mem: 2518
      TTA Epoch: [20] Total time: 0:00:06 (0.1362 s / it)
     Averaged stats: entropy: 0.0624  uncertainty: 1.6652  uncertainty_coeffi: 0.0100  loss: 1.7062  lr: 0.0004
     itm tta time 0:00:06
      TTA Epoch: [21] [ 0/50]  eta: 0:00:23  entropy: 0.0211  uncertainty: 1.8894  uncertainty_coeffi: 0.0100  loss: 1.9075  lr: 0.000392  time: 0.4639  data: 0.3161  max mem: 2518
      TTA Epoch: [21] [49/50]  eta: 0:00:00  entropy: 0.0908  uncertainty: 1.7557  uncertainty_coeffi: 0.0100  loss: 1.8060  lr: 0.000383  time: 0.1264  data: 0.0002  max mem: 2518
      TTA Epoch: [21] Total time: 0:00:06 (0.1336 s / it)
     Averaged stats: entropy: 0.0623  uncertainty: 1.6705  uncertainty_coeffi: 0.0100  loss: 1.7109  lr: 0.0004
     itm tta time 0:00:06
      TTA Epoch: [22] [ 0/50]  eta: 0:00:26  entropy: 0.0035  uncertainty: 1.6643  uncertainty_coeffi: 0.0100  loss: 1.6671  lr: 0.000383  time: 0.5206  data: 0.3671  max mem: 2518
      TTA Epoch: [22] [49/50]  eta: 0:00:00  entropy: 0.0825  uncertainty: 1.6096  uncertainty_coeffi: 0.0100  loss: 1.6625  lr: 0.000373  time: 0.1265  data: 0.0002  max mem: 2518
      TTA Epoch: [22] Total time: 0:00:06 (0.1351 s / it)
     Averaged stats: entropy: 0.0550  uncertainty: 1.6699  uncertainty_coeffi: 0.0100  loss: 1.7074  lr: 0.0004
     itm tta time 0:00:06
      TTA Epoch: [23] [ 0/50]  eta: 0:00:22  entropy: 0.0613  uncertainty: 1.5099  uncertainty_coeffi: 0.0100  loss: 1.5476  lr: 0.000373  time: 0.4551  data: 0.3134  max mem: 2518
      TTA Epoch: [23] [49/50]  eta: 0:00:00  entropy: 0.0224  uncertainty: 1.6913  uncertainty_coeffi: 0.0100  loss: 1.7088  lr: 0.000363  time: 0.1267  data: 0.0003  max mem: 2518
      TTA Epoch: [23] Total time: 0:00:06 (0.1336 s / it)
     Averaged stats: entropy: 0.0535  uncertainty: 1.6675  uncertainty_coeffi: 0.0100  loss: 1.7028  lr: 0.0004
     itm tta time 0:00:06
      TTA Epoch: [24] [ 0/50]  eta: 0:00:26  entropy: 0.0458  uncertainty: 1.6182  uncertainty_coeffi: 0.0100  loss: 1.6468  lr: 0.000363  time: 0.5367  data: 0.3777  max mem: 2518
      TTA Epoch: [24] [49/50]  eta: 0:00:00  entropy: 0.0419  uncertainty: 1.4537  uncertainty_coeffi: 0.0100  loss: 1.4868  lr: 0.000354  time: 0.1267  data: 0.0003  max mem: 2518
      TTA Epoch: [24] Total time: 0:00:06 (0.1354 s / it)
     Averaged stats: entropy: 0.0542  uncertainty: 1.6653  uncertainty_coeffi: 0.0100  loss: 1.6990  lr: 0.0004
     itm tta time 0:00:06
      TTA Epoch: [25] [ 0/50]  eta: 0:00:27  entropy: 0.0249  uncertainty: 1.5890  uncertainty_coeffi: 0.0100  loss: 1.6037  lr: 0.000353  time: 0.5518  data: 0.4003  max mem: 2518
      TTA Epoch: [25] [49/50]  eta: 0:00:00  entropy: 0.0260  uncertainty: 1.7374  uncertainty_coeffi: 0.0100  loss: 1.7498  lr: 0.000344  time: 0.1265  data: 0.0003  max mem: 2518
      TTA Epoch: [25] Total time: 0:00:06 (0.1359 s / it)
     Averaged stats: entropy: 0.0557  uncertainty: 1.6684  uncertainty_coeffi: 0.0100  loss: 1.7067  lr: 0.0003
     itm tta time 0:00:06
      TTA Epoch: [26] [ 0/50]  eta: 0:00:26  entropy: 0.0647  uncertainty: 1.9115  uncertainty_coeffi: 0.0100  loss: 1.9407  lr: 0.000344  time: 0.5244  data: 0.3721  max mem: 2518
      TTA Epoch: [26] [49/50]  eta: 0:00:00  entropy: 0.0801  uncertainty: 1.5686  uncertainty_coeffi: 0.0100  loss: 1.6292  lr: 0.000334  time: 0.1264  data: 0.0002  max mem: 2518
      TTA Epoch: [26] Total time: 0:00:06 (0.1348 s / it)
     Averaged stats: entropy: 0.0512  uncertainty: 1.6641  uncertainty_coeffi: 0.0100  loss: 1.6977  lr: 0.0003
     itm tta time 0:00:06
      TTA Epoch: [27] [ 0/50]  eta: 0:00:21  entropy: 0.1550  uncertainty: 1.5110  uncertainty_coeffi: 0.0100  loss: 1.6158  lr: 0.000334  time: 0.4274  data: 0.2930  max mem: 2518
      TTA Epoch: [27] [49/50]  eta: 0:00:00  entropy: 0.0623  uncertainty: 1.6502  uncertainty_coeffi: 0.0100  loss: 1.6768  lr: 0.000324  time: 0.1267  data: 0.0002  max mem: 2518
      TTA Epoch: [27] Total time: 0:00:06 (0.1336 s / it)
     Averaged stats: entropy: 0.0587  uncertainty: 1.6663  uncertainty_coeffi: 0.0100  loss: 1.7036  lr: 0.0003
     itm tta time 0:00:06
      TTA Epoch: [28] [ 0/50]  eta: 0:00:25  entropy: 0.0156  uncertainty: 1.5315  uncertainty_coeffi: 0.0100  loss: 1.5452  lr: 0.000324  time: 0.5031  data: 0.3523  max mem: 2518
      TTA Epoch: [28] [49/50]  eta: 0:00:00  entropy: 0.0278  uncertainty: 1.8187  uncertainty_coeffi: 0.0100  loss: 1.8418  lr: 0.000314  time: 0.1266  data: 0.0002  max mem: 2518
      TTA Epoch: [28] Total time: 0:00:06 (0.1347 s / it)
     Averaged stats: entropy: 0.0473  uncertainty: 1.6695  uncertainty_coeffi: 0.0100  loss: 1.7006  lr: 0.0003
     itm tta time 0:00:06
      TTA Epoch: [29] [ 0/50]  eta: 0:00:24  entropy: 0.0004  uncertainty: 1.5813  uncertainty_coeffi: 0.0100  loss: 1.5816  lr: 0.000314  time: 0.4897  data: 0.3353  max mem: 2518
      TTA Epoch: [29] [49/50]  eta: 0:00:00  entropy: 0.0266  uncertainty: 1.5313  uncertainty_coeffi: 0.0100  loss: 1.5438  lr: 0.000305  time: 0.1265  data: 0.0002  max mem: 2518
      TTA Epoch: [29] Total time: 0:00:06 (0.1347 s / it)
     Averaged stats: entropy: 0.0405  uncertainty: 1.6702  uncertainty_coeffi: 0.0100  loss: 1.6965  lr: 0.0003
     itm tta time 0:00:06
     Computing matching score
      Evaluation: [   0/1978]  eta: 0:04:14    time: 0.1286  data: 0.0040  max mem: 2518
      Evaluation: [ 100/1978]  eta: 0:04:01    time: 0.1284  data: 0.0000  max mem: 2518
      Evaluation: [ 200/1978]  eta: 0:03:48    time: 0.1283  data: 0.0000  max mem: 2518
      Evaluation: [ 300/1978]  eta: 0:03:35    time: 0.1286  data: 0.0000  max mem: 2518
      Evaluation: [ 400/1978]  eta: 0:03:22    time: 0.1289  data: 0.0000  max mem: 2518
      Evaluation: [ 500/1978]  eta: 0:03:10    time: 0.1276  data: 0.0000  max mem: 2518
      Evaluation: [ 600/1978]  eta: 0:02:57    time: 0.1289  data: 0.0000  max mem: 2518
      Evaluation: [ 700/1978]  eta: 0:02:44    time: 0.1283  data: 0.0000  max mem: 2518
      Evaluation: [ 800/1978]  eta: 0:02:31    time: 0.1278  data: 0.0000  max mem: 2518
      Evaluation: [ 900/1978]  eta: 0:02:18    time: 0.1290  data: 0.0000  max mem: 2518
      Evaluation: [1000/1978]  eta: 0:02:04    time: 0.0749  data: 0.0000  max mem: 2518
      Evaluation: [1100/1978]  eta: 0:01:51    time: 0.1274  data: 0.0000  max mem: 2518
      Evaluation: [1200/1978]  eta: 0:01:38    time: 0.1262  data: 0.0000  max mem: 2518
      Evaluation: [1300/1978]  eta: 0:01:25    time: 0.1270  data: 0.0000  max mem: 2518
      Evaluation: [1400/1978]  eta: 0:01:12    time: 0.1267  data: 0.0000  max mem: 2518
      Evaluation: [1500/1978]  eta: 0:00:59    time: 0.1276  data: 0.0000  max mem: 2518
      Evaluation: [1600/1978]  eta: 0:00:47    time: 0.1258  data: 0.0000  max mem: 2518
      Evaluation: [1700/1978]  eta: 0:00:34    time: 0.1283  data: 0.0000  max mem: 2518
      Evaluation: [1800/1978]  eta: 0:00:22    time: 0.1283  data: 0.0000  max mem: 2518
      Evaluation: [1900/1978]  eta: 0:00:09    time: 0.1283  data: 0.0000  max mem: 2518
      Evaluation: [1977/1978]  eta: 0:00:00    time: 0.1287  data: 0.0000  max mem: 2518
      Evaluation: Total time: 0:04:09 (0.1261 s / it)
     Computing matching score time 0:04:11
### TTA ITM Score: 
+-------+--------+--------+--------+--------+--------+
| epoch |   R1   |   R5   |  R10   |  mAP   |  mINP  |
+-------+--------+--------+--------+--------+--------+
|  -999 | 53.438 | 86.855 | 92.922 | 68.348 | 68.348 |
|  -999 | 72.700 | 97.776 | 99.090 | 84.322 | 84.322 |
|   0   | 73.054 | 97.877 | 99.090 | 84.529 | 84.529 |
|   1   | 73.711 | 97.725 | 99.039 | 84.889 | 84.889 |
|   2   | 74.014 | 97.624 | 99.039 | 84.985 | 84.985 |
|   4   | 74.823 | 97.927 | 98.989 | 85.457 | 85.457 |
|   9   | 75.784 | 97.927 | 98.938 | 85.941 | 85.941 |
|   14  | 75.683 | 97.725 | 98.787 | 85.802 | 85.802 |
|   19  | 75.480 | 97.422 | 98.837 | 85.601 | 85.601 |
|   29  | 74.823 | 96.967 | 98.433 | 84.933 | 84.933 |
+-------+--------+--------+--------+--------+--------+
     logs:  {'epo': 29, 'R1': 74.823, 'R5': 96.967, 'R10': 98.433, 'mAP': 84.933, 'mINP': 84.933, 'entropy': 0.040507, 'uncertainty': 1.670219, 'uncertainty_coeffi': 0.01, 'loss': 1.696526, 'lr': 0.000309}
      TTA Epoch: [30] [ 0/50]  eta: 0:00:26  entropy: 0.0319  uncertainty: 1.5375  uncertainty_coeffi: 0.0100  loss: 1.5573  lr: 0.000304  time: 0.5382  data: 0.3887  max mem: 2518
      TTA Epoch: [30] [49/50]  eta: 0:00:00  entropy: 0.0052  uncertainty: 1.7428  uncertainty_coeffi: 0.0100  loss: 1.7462  lr: 0.000295  time: 0.1264  data: 0.0003  max mem: 2518
      TTA Epoch: [30] Total time: 0:00:06 (0.1349 s / it)
     Averaged stats: entropy: 0.0469  uncertainty: 1.6707  uncertainty_coeffi: 0.0100  loss: 1.7013  lr: 0.0003
     itm tta time 0:00:06
      TTA Epoch: [31] [ 0/50]  eta: 0:00:23  entropy: 0.1123  uncertainty: 1.5132  uncertainty_coeffi: 0.0100  loss: 1.5857  lr: 0.000295  time: 0.4608  data: 0.3176  max mem: 2518
      TTA Epoch: [31] [49/50]  eta: 0:00:00  entropy: 0.0540  uncertainty: 1.6755  uncertainty_coeffi: 0.0100  loss: 1.7065  lr: 0.000285  time: 0.1264  data: 0.0003  max mem: 2518
      TTA Epoch: [31] Total time: 0:00:06 (0.1334 s / it)
     Averaged stats: entropy: 0.0474  uncertainty: 1.6674  uncertainty_coeffi: 0.0100  loss: 1.6982  lr: 0.0003
     itm tta time 0:00:06
      TTA Epoch: [32] [ 0/50]  eta: 0:00:23  entropy: 0.0359  uncertainty: 1.7391  uncertainty_coeffi: 0.0100  loss: 1.7618  lr: 0.000285  time: 0.4626  data: 0.3118  max mem: 2518
      TTA Epoch: [32] [49/50]  eta: 0:00:00  entropy: 0.0013  uncertainty: 1.7940  uncertainty_coeffi: 0.0100  loss: 1.7944  lr: 0.000275  time: 0.1263  data: 0.0003  max mem: 2518
      TTA Epoch: [32] Total time: 0:00:06 (0.1335 s / it)
     Averaged stats: entropy: 0.0368  uncertainty: 1.6650  uncertainty_coeffi: 0.0100  loss: 1.6882  lr: 0.0003
     itm tta time 0:00:06
      TTA Epoch: [33] [ 0/50]  eta: 0:00:28  entropy: 0.0424  uncertainty: 1.5963  uncertainty_coeffi: 0.0100  loss: 1.6205  lr: 0.000275  time: 0.5776  data: 0.4161  max mem: 2518
      TTA Epoch: [33] [49/50]  eta: 0:00:00  entropy: 0.0394  uncertainty: 1.5102  uncertainty_coeffi: 0.0100  loss: 1.5482  lr: 0.000266  time: 0.1263  data: 0.0003  max mem: 2518
      TTA Epoch: [33] Total time: 0:00:06 (0.1358 s / it)
     Averaged stats: entropy: 0.0370  uncertainty: 1.6702  uncertainty_coeffi: 0.0100  loss: 1.6941  lr: 0.0003
     itm tta time 0:00:06
      TTA Epoch: [34] [ 0/50]  eta: 0:00:27  entropy: 0.0494  uncertainty: 1.7076  uncertainty_coeffi: 0.0100  loss: 1.7474  lr: 0.000265  time: 0.5478  data: 0.4070  max mem: 2518
      TTA Epoch: [34] [49/50]  eta: 0:00:00  entropy: 0.1405  uncertainty: 1.5157  uncertainty_coeffi: 0.0100  loss: 1.6011  lr: 0.000256  time: 0.1264  data: 0.0003  max mem: 2518
      TTA Epoch: [34] Total time: 0:00:06 (0.1358 s / it)
     Averaged stats: entropy: 0.0423  uncertainty: 1.6649  uncertainty_coeffi: 0.0100  loss: 1.6924  lr: 0.0003
     itm tta time 0:00:06
      TTA Epoch: [35] [ 0/50]  eta: 0:00:27  entropy: 0.0195  uncertainty: 1.5031  uncertainty_coeffi: 0.0100  loss: 1.5152  lr: 0.000256  time: 0.5508  data: 0.4147  max mem: 2518
      TTA Epoch: [35] [49/50]  eta: 0:00:00  entropy: 0.0089  uncertainty: 2.0571  uncertainty_coeffi: 0.0100  loss: 2.0609  lr: 0.000246  time: 0.1267  data: 0.0002  max mem: 2518
      TTA Epoch: [35] Total time: 0:00:06 (0.1359 s / it)
     Averaged stats: entropy: 0.0392  uncertainty: 1.6694  uncertainty_coeffi: 0.0100  loss: 1.6939  lr: 0.0003
     itm tta time 0:00:06
      TTA Epoch: [36] [ 0/50]  eta: 0:00:22  entropy: 0.0094  uncertainty: 1.7057  uncertainty_coeffi: 0.0100  loss: 1.7117  lr: 0.000246  time: 0.4577  data: 0.3111  max mem: 2518
      TTA Epoch: [36] [49/50]  eta: 0:00:00  entropy: 0.0443  uncertainty: 1.3164  uncertainty_coeffi: 0.0100  loss: 1.3408  lr: 0.000236  time: 0.1267  data: 0.0005  max mem: 2518
      TTA Epoch: [36] Total time: 0:00:06 (0.1340 s / it)
     Averaged stats: entropy: 0.0402  uncertainty: 1.6675  uncertainty_coeffi: 0.0100  loss: 1.6929  lr: 0.0002
     itm tta time 0:00:06
      TTA Epoch: [37] [ 0/50]  eta: 0:00:23  entropy: 0.0119  uncertainty: 1.4195  uncertainty_coeffi: 0.0100  loss: 1.4271  lr: 0.000236  time: 0.4784  data: 0.3259  max mem: 2518
      TTA Epoch: [37] [49/50]  eta: 0:00:00  entropy: 0.0574  uncertainty: 1.7804  uncertainty_coeffi: 0.0100  loss: 1.8116  lr: 0.000227  time: 0.1270  data: 0.0004  max mem: 2518
      TTA Epoch: [37] Total time: 0:00:06 (0.1344 s / it)
     Averaged stats: entropy: 0.0449  uncertainty: 1.6674  uncertainty_coeffi: 0.0100  loss: 1.6950  lr: 0.0002
     itm tta time 0:00:06
      TTA Epoch: [38] [ 0/50]  eta: 0:00:24  entropy: 0.0187  uncertainty: 1.4725  uncertainty_coeffi: 0.0100  loss: 1.4878  lr: 0.000226  time: 0.4951  data: 0.3508  max mem: 2518
      TTA Epoch: [38] [49/50]  eta: 0:00:00  entropy: 0.0000  uncertainty: 1.7823  uncertainty_coeffi: 0.0100  loss: 1.7823  lr: 0.000217  time: 0.1268  data: 0.0002  max mem: 2518
      TTA Epoch: [38] Total time: 0:00:06 (0.1345 s / it)
     Averaged stats: entropy: 0.0371  uncertainty: 1.6690  uncertainty_coeffi: 0.0100  loss: 1.6918  lr: 0.0002
     itm tta time 0:00:06
      TTA Epoch: [39] [ 0/50]  eta: 0:00:22  entropy: 0.0126  uncertainty: 1.5707  uncertainty_coeffi: 0.0100  loss: 1.5793  lr: 0.000217  time: 0.4573  data: 0.3137  max mem: 2518
      TTA Epoch: [39] [49/50]  eta: 0:00:00  entropy: 0.1374  uncertainty: 1.6577  uncertainty_coeffi: 0.0100  loss: 1.7529  lr: 0.000104  time: 0.1269  data: 0.0005  max mem: 2518
      TTA Epoch: [39] Total time: 0:00:06 (0.1340 s / it)
     Averaged stats: entropy: 0.0459  uncertainty: 1.6642  uncertainty_coeffi: 0.0100  loss: 1.6926  lr: 0.0002
     itm tta time 0:00:06
     Computing matching score
      Evaluation: [   0/1978]  eta: 0:04:09    time: 0.1260  data: 0.0024  max mem: 2518
      Evaluation: [ 100/1978]  eta: 0:04:00    time: 0.1281  data: 0.0000  max mem: 2518
      Evaluation: [ 200/1978]  eta: 0:03:48    time: 0.1282  data: 0.0000  max mem: 2518
      Evaluation: [ 300/1978]  eta: 0:03:35    time: 0.1282  data: 0.0000  max mem: 2518
      Evaluation: [ 400/1978]  eta: 0:03:22    time: 0.1283  data: 0.0000  max mem: 2518
      Evaluation: [ 500/1978]  eta: 0:03:09    time: 0.1285  data: 0.0000  max mem: 2518
      Evaluation: [ 600/1978]  eta: 0:02:57    time: 0.1281  data: 0.0000  max mem: 2518
      Evaluation: [ 700/1978]  eta: 0:02:44    time: 0.1290  data: 0.0000  max mem: 2518
      Evaluation: [ 800/1978]  eta: 0:02:31    time: 0.1271  data: 0.0000  max mem: 2518
      Evaluation: [ 900/1978]  eta: 0:02:18    time: 0.1270  data: 0.0000  max mem: 2518
      Evaluation: [1000/1978]  eta: 0:02:04    time: 0.0888  data: 0.0000  max mem: 2518
      Evaluation: [1100/1978]  eta: 0:01:51    time: 0.1273  data: 0.0000  max mem: 2518
      Evaluation: [1200/1978]  eta: 0:01:38    time: 0.1274  data: 0.0000  max mem: 2518
      Evaluation: [1300/1978]  eta: 0:01:25    time: 0.1282  data: 0.0000  max mem: 2518
      Evaluation: [1400/1978]  eta: 0:01:12    time: 0.1279  data: 0.0000  max mem: 2518
      Evaluation: [1500/1978]  eta: 0:01:00    time: 0.1278  data: 0.0000  max mem: 2518
      Evaluation: [1600/1978]  eta: 0:00:47    time: 0.1216  data: 0.0000  max mem: 2518
      Evaluation: [1700/1978]  eta: 0:00:34    time: 0.1266  data: 0.0000  max mem: 2518
      Evaluation: [1800/1978]  eta: 0:00:22    time: 0.1280  data: 0.0000  max mem: 2518
      Evaluation: [1900/1978]  eta: 0:00:09    time: 0.1310  data: 0.0000  max mem: 2518
      Evaluation: [1977/1978]  eta: 0:00:00    time: 0.1285  data: 0.0000  max mem: 2518
      Evaluation: Total time: 0:04:09 (0.1262 s / it)
     Computing matching score time 0:04:11
### TTA ITM Score: 
+-------+--------+--------+--------+--------+--------+
| epoch |   R1   |   R5   |  R10   |  mAP   |  mINP  |
+-------+--------+--------+--------+--------+--------+
|  -999 | 53.438 | 86.855 | 92.922 | 68.348 | 68.348 |
|  -999 | 72.700 | 97.776 | 99.090 | 84.322 | 84.322 |
|   0   | 73.054 | 97.877 | 99.090 | 84.529 | 84.529 |
|   1   | 73.711 | 97.725 | 99.039 | 84.889 | 84.889 |
|   2   | 74.014 | 97.624 | 99.039 | 84.985 | 84.985 |
|   4   | 74.823 | 97.927 | 98.989 | 85.457 | 85.457 |
|   9   | 75.784 | 97.927 | 98.938 | 85.941 | 85.941 |
|   14  | 75.683 | 97.725 | 98.787 | 85.802 | 85.802 |
|   19  | 75.480 | 97.422 | 98.837 | 85.601 | 85.601 |
|   29  | 74.823 | 96.967 | 98.433 | 84.933 | 84.933 |
|   39  | 74.621 | 97.017 | 98.382 | 84.919 | 84.919 |
+-------+--------+--------+--------+--------+--------+
     logs:  {'epo': 39, 'R1': 74.621, 'R5': 97.017, 'R10': 98.382, 'mAP': 84.919, 'mINP': 84.919, 'entropy': 0.045935, 'uncertainty': 1.664178, 'uncertainty_coeffi': 0.01, 'loss': 1.692589, 'lr': 0.00021}
      TTA Epoch: [40] [ 0/50]  eta: 0:00:23  entropy: 0.0145  uncertainty: 1.4774  uncertainty_coeffi: 0.0100  loss: 1.4893  lr: 0.000103  time: 0.4759  data: 0.3170  max mem: 2518
      TTA Epoch: [40] [49/50]  eta: 0:00:00  entropy: 0.0752  uncertainty: 1.8195  uncertainty_coeffi: 0.0100  loss: 1.8662  lr: 0.000099  time: 0.1274  data: 0.0006  max mem: 2518
      TTA Epoch: [40] Total time: 0:00:06 (0.1348 s / it)
     Averaged stats: entropy: 0.0342  uncertainty: 1.6668  uncertainty_coeffi: 0.0100  loss: 1.6876  lr: 0.0001
     itm tta time 0:00:06
      TTA Epoch: [41] [ 0/50]  eta: 0:00:28  entropy: 0.0184  uncertainty: 1.4861  uncertainty_coeffi: 0.0100  loss: 1.4971  lr: 0.000099  time: 0.5690  data: 0.4093  max mem: 2518
      TTA Epoch: [41] [49/50]  eta: 0:00:00  entropy: 0.0296  uncertainty: 1.5501  uncertainty_coeffi: 0.0100  loss: 1.5707  lr: 0.000094  time: 0.1274  data: 0.0005  max mem: 2518
      TTA Epoch: [41] Total time: 0:00:06 (0.1371 s / it)
     Averaged stats: entropy: 0.0257  uncertainty: 1.6685  uncertainty_coeffi: 0.0100  loss: 1.6848  lr: 0.0001
     itm tta time 0:00:06
      TTA Epoch: [42] [ 0/50]  eta: 0:00:28  entropy: 0.0025  uncertainty: 1.8621  uncertainty_coeffi: 0.0100  loss: 1.8640  lr: 0.000094  time: 0.5625  data: 0.3900  max mem: 2518
      TTA Epoch: [42] [49/50]  eta: 0:00:00  entropy: 0.0485  uncertainty: 1.7169  uncertainty_coeffi: 0.0100  loss: 1.7518  lr: 0.000089  time: 0.1273  data: 0.0005  max mem: 2518
      TTA Epoch: [42] Total time: 0:00:06 (0.1367 s / it)
     Averaged stats: entropy: 0.0344  uncertainty: 1.6666  uncertainty_coeffi: 0.0100  loss: 1.6886  lr: 0.0001
     itm tta time 0:00:06
      TTA Epoch: [43] [ 0/50]  eta: 0:00:25  entropy: 0.0001  uncertainty: 1.8267  uncertainty_coeffi: 0.0100  loss: 1.8267  lr: 0.000089  time: 0.5093  data: 0.3520  max mem: 2518
      TTA Epoch: [43] [49/50]  eta: 0:00:00  entropy: 0.0441  uncertainty: 1.6216  uncertainty_coeffi: 0.0100  loss: 1.6587  lr: 0.000084  time: 0.1275  data: 0.0006  max mem: 2518
      TTA Epoch: [43] Total time: 0:00:06 (0.1358 s / it)
     Averaged stats: entropy: 0.0386  uncertainty: 1.6652  uncertainty_coeffi: 0.0100  loss: 1.6890  lr: 0.0001
     itm tta time 0:00:06
      TTA Epoch: [44] [ 0/50]  eta: 0:00:25  entropy: 0.0042  uncertainty: 1.6075  uncertainty_coeffi: 0.0100  loss: 1.6093  lr: 0.000084  time: 0.5009  data: 0.3462  max mem: 2518
      TTA Epoch: [44] [49/50]  eta: 0:00:00  entropy: 0.0390  uncertainty: 1.5560  uncertainty_coeffi: 0.0100  loss: 1.5868  lr: 0.000079  time: 0.1274  data: 0.0006  max mem: 2518
      TTA Epoch: [44] Total time: 0:00:06 (0.1357 s / it)
     Averaged stats: entropy: 0.0289  uncertainty: 1.6672  uncertainty_coeffi: 0.0100  loss: 1.6865  lr: 0.0001
     itm tta time 0:00:06
      TTA Epoch: [45] [ 0/50]  eta: 0:00:24  entropy: 0.0631  uncertainty: 1.3464  uncertainty_coeffi: 0.0100  loss: 1.3783  lr: 0.000079  time: 0.4803  data: 0.3243  max mem: 2518
      TTA Epoch: [45] [49/50]  eta: 0:00:00  entropy: 0.0310  uncertainty: 1.5797  uncertainty_coeffi: 0.0100  loss: 1.6077  lr: 0.000074  time: 0.1273  data: 0.0004  max mem: 2518
      TTA Epoch: [45] Total time: 0:00:06 (0.1350 s / it)
     Averaged stats: entropy: 0.0366  uncertainty: 1.6656  uncertainty_coeffi: 0.0100  loss: 1.6885  lr: 0.0001
     itm tta time 0:00:06
      TTA Epoch: [46] [ 0/50]  eta: 0:00:24  entropy: 0.0289  uncertainty: 1.5857  uncertainty_coeffi: 0.0100  loss: 1.6065  lr: 0.000074  time: 0.4866  data: 0.3359  max mem: 2518
      TTA Epoch: [46] [49/50]  eta: 0:00:00  entropy: 0.0110  uncertainty: 1.6487  uncertainty_coeffi: 0.0100  loss: 1.6539  lr: 0.000069  time: 0.1267  data: 0.0002  max mem: 2518
      TTA Epoch: [46] Total time: 0:00:06 (0.1342 s / it)
     Averaged stats: entropy: 0.0360  uncertainty: 1.6700  uncertainty_coeffi: 0.0100  loss: 1.6925  lr: 0.0001
     itm tta time 0:00:06
      TTA Epoch: [47] [ 0/50]  eta: 0:00:24  entropy: 0.0602  uncertainty: 1.7443  uncertainty_coeffi: 0.0100  loss: 1.7834  lr: 0.000069  time: 0.4911  data: 0.3500  max mem: 2518
      TTA Epoch: [47] [49/50]  eta: 0:00:00  entropy: 0.0280  uncertainty: 1.4996  uncertainty_coeffi: 0.0100  loss: 1.5160  lr: 0.000064  time: 0.1267  data: 0.0002  max mem: 2518
      TTA Epoch: [47] Total time: 0:00:06 (0.1342 s / it)
     Averaged stats: entropy: 0.0396  uncertainty: 1.6594  uncertainty_coeffi: 0.0100  loss: 1.6852  lr: 0.0001
     itm tta time 0:00:06
      TTA Epoch: [48] [ 0/50]  eta: 0:00:26  entropy: 0.0755  uncertainty: 1.8560  uncertainty_coeffi: 0.0100  loss: 1.8796  lr: 0.000064  time: 0.5334  data: 0.4013  max mem: 2518
      TTA Epoch: [48] [49/50]  eta: 0:00:00  entropy: 0.0965  uncertainty: 1.5143  uncertainty_coeffi: 0.0100  loss: 1.5833  lr: 0.000060  time: 0.1270  data: 0.0002  max mem: 2518
      TTA Epoch: [48] Total time: 0:00:06 (0.1357 s / it)
     Averaged stats: entropy: 0.0387  uncertainty: 1.6684  uncertainty_coeffi: 0.0100  loss: 1.6917  lr: 0.0001
     itm tta time 0:00:06
      TTA Epoch: [49] [ 0/50]  eta: 0:00:24  entropy: 0.0438  uncertainty: 1.9724  uncertainty_coeffi: 0.0100  loss: 1.9839  lr: 0.000059  time: 0.4964  data: 0.3476  max mem: 2518
      TTA Epoch: [49] [49/50]  eta: 0:00:00  entropy: 0.0367  uncertainty: 1.8875  uncertainty_coeffi: 0.0100  loss: 1.9063  lr: 0.000055  time: 0.1268  data: 0.0002  max mem: 2518
      TTA Epoch: [49] Total time: 0:00:06 (0.1349 s / it)
     Averaged stats: entropy: 0.0302  uncertainty: 1.6701  uncertainty_coeffi: 0.0100  loss: 1.6889  lr: 0.0001
     itm tta time 0:00:06
     Computing matching score
      Evaluation: [   0/1978]  eta: 0:04:19    time: 0.1310  data: 0.0040  max mem: 2518
      Evaluation: [ 100/1978]  eta: 0:04:01    time: 0.1288  data: 0.0000  max mem: 2518
      Evaluation: [ 200/1978]  eta: 0:03:48    time: 0.1284  data: 0.0000  max mem: 2518
      Evaluation: [ 300/1978]  eta: 0:03:36    time: 0.1284  data: 0.0000  max mem: 2518
      Evaluation: [ 400/1978]  eta: 0:03:22    time: 0.1277  data: 0.0000  max mem: 2518
      Evaluation: [ 500/1978]  eta: 0:03:10    time: 0.1286  data: 0.0000  max mem: 2518
      Evaluation: [ 600/1978]  eta: 0:02:57    time: 0.1287  data: 0.0000  max mem: 2518
      Evaluation: [ 700/1978]  eta: 0:02:44    time: 0.1281  data: 0.0000  max mem: 2518
      Evaluation: [ 800/1978]  eta: 0:02:31    time: 0.1286  data: 0.0000  max mem: 2518
      Evaluation: [ 900/1978]  eta: 0:02:18    time: 0.1285  data: 0.0000  max mem: 2518
      Evaluation: [1000/1978]  eta: 0:02:05    time: 0.1046  data: 0.0000  max mem: 2518
      Evaluation: [1100/1978]  eta: 0:01:51    time: 0.1280  data: 0.0000  max mem: 2518
      Evaluation: [1200/1978]  eta: 0:01:38    time: 0.1276  data: 0.0000  max mem: 2518
      Evaluation: [1300/1978]  eta: 0:01:25    time: 0.1283  data: 0.0000  max mem: 2518
      Evaluation: [1400/1978]  eta: 0:01:12    time: 0.1277  data: 0.0000  max mem: 2518
      Evaluation: [1500/1978]  eta: 0:01:00    time: 0.1000  data: 0.0000  max mem: 2518
      Evaluation: [1600/1978]  eta: 0:00:47    time: 0.1211  data: 0.0000  max mem: 2518
      Evaluation: [1700/1978]  eta: 0:00:34    time: 0.1288  data: 0.0000  max mem: 2518
      Evaluation: [1800/1978]  eta: 0:00:22    time: 0.1284  data: 0.0000  max mem: 2518
      Evaluation: [1900/1978]  eta: 0:00:09    time: 0.1282  data: 0.0000  max mem: 2518
      Evaluation: [1977/1978]  eta: 0:00:00    time: 0.1283  data: 0.0000  max mem: 2518
      Evaluation: Total time: 0:04:09 (0.1262 s / it)
     Computing matching score time 0:04:11
### TTA ITM Score: 
+-------+--------+--------+--------+--------+--------+
| epoch |   R1   |   R5   |  R10   |  mAP   |  mINP  |
+-------+--------+--------+--------+--------+--------+
|  -999 | 53.438 | 86.855 | 92.922 | 68.348 | 68.348 |
|  -999 | 72.700 | 97.776 | 99.090 | 84.322 | 84.322 |
|   0   | 73.054 | 97.877 | 99.090 | 84.529 | 84.529 |
|   1   | 73.711 | 97.725 | 99.039 | 84.889 | 84.889 |
|   2   | 74.014 | 97.624 | 99.039 | 84.985 | 84.985 |
|   4   | 74.823 | 97.927 | 98.989 | 85.457 | 85.457 |
|   9   | 75.784 | 97.927 | 98.938 | 85.941 | 85.941 |
|   14  | 75.683 | 97.725 | 98.787 | 85.802 | 85.802 |
|   19  | 75.480 | 97.422 | 98.837 | 85.601 | 85.601 |
|   29  | 74.823 | 96.967 | 98.433 | 84.933 | 84.933 |
|   39  | 74.621 | 97.017 | 98.382 | 84.919 | 84.919 |
|   49  | 74.874 | 96.967 | 98.382 | 85.022 | 85.022 |
+-------+--------+--------+--------+--------+--------+
     logs:  {'epo': 49, 'R1': 74.874, 'R5': 96.967, 'R10': 98.382, 'mAP': 85.022, 'mINP': 85.022, 'entropy': 0.030222, 'uncertainty': 1.670078, 'uncertainty_coeffi': 0.01, 'loss': 1.688901, 'lr': 5.7e-05}
      TTA Epoch: [50] [ 0/50]  eta: 0:00:24  entropy: 0.0374  uncertainty: 1.3524  uncertainty_coeffi: 0.0100  loss: 1.3763  lr: 0.000055  time: 0.4942  data: 0.3398  max mem: 2518
      TTA Epoch: [50] [49/50]  eta: 0:00:00  entropy: 0.0017  uncertainty: 1.7472  uncertainty_coeffi: 0.0100  loss: 1.7478  lr: 0.000050  time: 0.1273  data: 0.0004  max mem: 2518
      TTA Epoch: [50] Total time: 0:00:06 (0.1358 s / it)
     Averaged stats: entropy: 0.0326  uncertainty: 1.6698  uncertainty_coeffi: 0.0100  loss: 1.6897  lr: 0.0001
     itm tta time 0:00:06
      TTA Epoch: [51] [ 0/50]  eta: 0:00:29  entropy: 0.0327  uncertainty: 1.8315  uncertainty_coeffi: 0.0100  loss: 1.8474  lr: 0.000050  time: 0.5859  data: 0.4334  max mem: 2518
      TTA Epoch: [51] [49/50]  eta: 0:00:00  entropy: 0.0158  uncertainty: 1.5955  uncertainty_coeffi: 0.0100  loss: 1.6099  lr: 0.000045  time: 0.1269  data: 0.0005  max mem: 2518
      TTA Epoch: [51] Total time: 0:00:06 (0.1370 s / it)
     Averaged stats: entropy: 0.0324  uncertainty: 1.6671  uncertainty_coeffi: 0.0100  loss: 1.6864  lr: 0.0000
     itm tta time 0:00:06
      TTA Epoch: [52] [ 0/50]  eta: 0:00:25  entropy: 0.0334  uncertainty: 1.5894  uncertainty_coeffi: 0.0100  loss: 1.6059  lr: 0.000045  time: 0.5042  data: 0.3640  max mem: 2518
      TTA Epoch: [52] [49/50]  eta: 0:00:00  entropy: 0.1353  uncertainty: 1.7320  uncertainty_coeffi: 0.0100  loss: 1.8130  lr: 0.000040  time: 0.1270  data: 0.0005  max mem: 2518
      TTA Epoch: [52] Total time: 0:00:06 (0.1357 s / it)
     Averaged stats: entropy: 0.0307  uncertainty: 1.6670  uncertainty_coeffi: 0.0100  loss: 1.6852  lr: 0.0000
     itm tta time 0:00:06
      TTA Epoch: [53] [ 0/50]  eta: 0:00:24  entropy: 0.0006  uncertainty: 1.5501  uncertainty_coeffi: 0.0100  loss: 1.5505  lr: 0.000040  time: 0.4971  data: 0.3309  max mem: 2518
      TTA Epoch: [53] [49/50]  eta: 0:00:00  entropy: 0.0318  uncertainty: 1.6305  uncertainty_coeffi: 0.0100  loss: 1.6494  lr: 0.000035  time: 0.1270  data: 0.0005  max mem: 2518
      TTA Epoch: [53] Total time: 0:00:06 (0.1356 s / it)
     Averaged stats: entropy: 0.0371  uncertainty: 1.6686  uncertainty_coeffi: 0.0100  loss: 1.6929  lr: 0.0000
     itm tta time 0:00:06
      TTA Epoch: [54] [ 0/50]  eta: 0:00:24  entropy: 0.0003  uncertainty: 1.4631  uncertainty_coeffi: 0.0100  loss: 1.4634  lr: 0.000035  time: 0.4855  data: 0.3339  max mem: 2518
      TTA Epoch: [54] [49/50]  eta: 0:00:00  entropy: 0.0034  uncertainty: 1.5707  uncertainty_coeffi: 0.0100  loss: 1.5725  lr: 0.000030  time: 0.1268  data: 0.0005  max mem: 2518
      TTA Epoch: [54] Total time: 0:00:06 (0.1345 s / it)
     Averaged stats: entropy: 0.0267  uncertainty: 1.6669  uncertainty_coeffi: 0.0100  loss: 1.6834  lr: 0.0000
     itm tta time 0:00:06
      TTA Epoch: [55] [ 0/50]  eta: 0:00:26  entropy: 0.0570  uncertainty: 1.7775  uncertainty_coeffi: 0.0100  loss: 1.8136  lr: 0.000030  time: 0.5360  data: 0.3695  max mem: 2518
      TTA Epoch: [55] [49/50]  eta: 0:00:00  entropy: 0.0006  uncertainty: 1.5901  uncertainty_coeffi: 0.0100  loss: 1.5907  lr: 0.000025  time: 0.1269  data: 0.0004  max mem: 2518
      TTA Epoch: [55] Total time: 0:00:06 (0.1358 s / it)
     Averaged stats: entropy: 0.0349  uncertainty: 1.6656  uncertainty_coeffi: 0.0100  loss: 1.6868  lr: 0.0000
     itm tta time 0:00:06
      TTA Epoch: [56] [ 0/50]  eta: 0:00:22  entropy: 0.0013  uncertainty: 1.6428  uncertainty_coeffi: 0.0100  loss: 1.6433  lr: 0.000025  time: 0.4542  data: 0.3098  max mem: 2518
      TTA Epoch: [56] [49/50]  eta: 0:00:00  entropy: 0.0748  uncertainty: 1.6667  uncertainty_coeffi: 0.0100  loss: 1.7155  lr: 0.000021  time: 0.1262  data: 0.0003  max mem: 2518
      TTA Epoch: [56] Total time: 0:00:06 (0.1331 s / it)
     Averaged stats: entropy: 0.0361  uncertainty: 1.6671  uncertainty_coeffi: 0.0100  loss: 1.6900  lr: 0.0000
     itm tta time 0:00:06
      TTA Epoch: [57] [ 0/50]  eta: 0:00:23  entropy: 0.0009  uncertainty: 1.8961  uncertainty_coeffi: 0.0100  loss: 1.8966  lr: 0.000020  time: 0.4707  data: 0.3265  max mem: 2518
      TTA Epoch: [57] [49/50]  eta: 0:00:00  entropy: 0.0073  uncertainty: 1.6346  uncertainty_coeffi: 0.0100  loss: 1.6412  lr: 0.000016  time: 0.1262  data: 0.0002  max mem: 2518
      TTA Epoch: [57] Total time: 0:00:06 (0.1334 s / it)
     Averaged stats: entropy: 0.0269  uncertainty: 1.6659  uncertainty_coeffi: 0.0100  loss: 1.6824  lr: 0.0000
     itm tta time 0:00:06
      TTA Epoch: [58] [ 0/50]  eta: 0:00:27  entropy: 0.0017  uncertainty: 1.7400  uncertainty_coeffi: 0.0100  loss: 1.7410  lr: 0.000016  time: 0.5412  data: 0.3824  max mem: 2518
      TTA Epoch: [58] [49/50]  eta: 0:00:00  entropy: 0.0490  uncertainty: 1.6694  uncertainty_coeffi: 0.0100  loss: 1.7097  lr: 0.000011  time: 0.1263  data: 0.0002  max mem: 2518
      TTA Epoch: [58] Total time: 0:00:06 (0.1348 s / it)
     Averaged stats: entropy: 0.0394  uncertainty: 1.6674  uncertainty_coeffi: 0.0100  loss: 1.6927  lr: 0.0000
     itm tta time 0:00:06
      TTA Epoch: [59] [ 0/50]  eta: 0:00:26  entropy: 0.0000  uncertainty: 1.8249  uncertainty_coeffi: 0.0100  loss: 1.8249  lr: 0.000011  time: 0.5295  data: 0.3813  max mem: 2518
      TTA Epoch: [59] [49/50]  eta: 0:00:00  entropy: 0.0122  uncertainty: 1.7267  uncertainty_coeffi: 0.0100  loss: 1.7357  lr: 0.000006  time: 0.1262  data: 0.0002  max mem: 2518
      TTA Epoch: [59] Total time: 0:00:06 (0.1346 s / it)
     Averaged stats: entropy: 0.0284  uncertainty: 1.6701  uncertainty_coeffi: 0.0100  loss: 1.6873  lr: 0.0000
     itm tta time 0:00:06
     Computing matching score
      Evaluation: [   0/1978]  eta: 0:04:25    time: 0.1341  data: 0.0046  max mem: 2518
      Evaluation: [ 100/1978]  eta: 0:04:04    time: 0.1284  data: 0.0000  max mem: 2518
      Evaluation: [ 200/1978]  eta: 0:03:49    time: 0.1277  data: 0.0000  max mem: 2518
      Evaluation: [ 300/1978]  eta: 0:03:36    time: 0.1285  data: 0.0000  max mem: 2518
      Evaluation: [ 400/1978]  eta: 0:03:23    time: 0.1281  data: 0.0000  max mem: 2518
      Evaluation: [ 500/1978]  eta: 0:03:10    time: 0.1285  data: 0.0000  max mem: 2518
      Evaluation: [ 600/1978]  eta: 0:02:57    time: 0.1284  data: 0.0000  max mem: 2518
      Evaluation: [ 700/1978]  eta: 0:02:44    time: 0.1282  data: 0.0000  max mem: 2518
      Evaluation: [ 800/1978]  eta: 0:02:31    time: 0.1283  data: 0.0000  max mem: 2518
      Evaluation: [ 900/1978]  eta: 0:02:18    time: 0.1282  data: 0.0000  max mem: 2518
      Evaluation: [1000/1978]  eta: 0:02:05    time: 0.1044  data: 0.0000  max mem: 2518
      Evaluation: [1100/1978]  eta: 0:01:51    time: 0.1275  data: 0.0000  max mem: 2518
      Evaluation: [1200/1978]  eta: 0:01:38    time: 0.1274  data: 0.0000  max mem: 2518
      Evaluation: [1300/1978]  eta: 0:01:25    time: 0.1273  data: 0.0000  max mem: 2518
      Evaluation: [1400/1978]  eta: 0:01:12    time: 0.1280  data: 0.0000  max mem: 2518
      Evaluation: [1500/1978]  eta: 0:01:00    time: 0.1085  data: 0.0000  max mem: 2518
      Evaluation: [1600/1978]  eta: 0:00:47    time: 0.1058  data: 0.0000  max mem: 2518
      Evaluation: [1700/1978]  eta: 0:00:34    time: 0.1274  data: 0.0000  max mem: 2518
      Evaluation: [1800/1978]  eta: 0:00:22    time: 0.1272  data: 0.0000  max mem: 2518
      Evaluation: [1900/1978]  eta: 0:00:09    time: 0.1272  data: 0.0000  max mem: 2518
      Evaluation: [1977/1978]  eta: 0:00:00    time: 0.1274  data: 0.0000  max mem: 2518
      Evaluation: Total time: 0:04:07 (0.1249 s / it)
     Computing matching score time 0:04:09
### TTA ITM Score: 
+-------+--------+--------+--------+--------+--------+
| epoch |   R1   |   R5   |  R10   |  mAP   |  mINP  |
+-------+--------+--------+--------+--------+--------+
|  -999 | 53.438 | 86.855 | 92.922 | 68.348 | 68.348 |
|  -999 | 72.700 | 97.776 | 99.090 | 84.322 | 84.322 |
|   0   | 73.054 | 97.877 | 99.090 | 84.529 | 84.529 |
|   1   | 73.711 | 97.725 | 99.039 | 84.889 | 84.889 |
|   2   | 74.014 | 97.624 | 99.039 | 84.985 | 84.985 |
|   4   | 74.823 | 97.927 | 98.989 | 85.457 | 85.457 |
|   9   | 75.784 | 97.927 | 98.938 | 85.941 | 85.941 |
|   14  | 75.683 | 97.725 | 98.787 | 85.802 | 85.802 |
|   19  | 75.480 | 97.422 | 98.837 | 85.601 | 85.601 |
|   29  | 74.823 | 96.967 | 98.433 | 84.933 | 84.933 |
|   39  | 74.621 | 97.017 | 98.382 | 84.919 | 84.919 |
|   49  | 74.874 | 96.967 | 98.382 | 85.022 | 85.022 |
|   59  | 74.722 | 96.967 | 98.382 | 84.960 | 84.960 |
+-------+--------+--------+--------+--------+--------+
     logs:  {'epo': 59, 'R1': 74.722, 'R5': 96.967, 'R10': 98.382, 'mAP': 84.96, 'mINP': 84.96, 'entropy': 0.02844, 'uncertainty': 1.670059, 'uncertainty_coeffi': 0.01, 'loss': 1.687292, 'lr': 8e-06}
### best epoch 9 : {'epo': '9', 'R1': '75.784', 'R5': '97.927', 'R10': '98.938', 'mAP': '85.941', 'mINP': '85.941', 'entropy': '0.180875', 'uncertainty': '1.666073', 'uncertainty_coeffi': '0.01', 'loss': '1.787583', 'lr': '0.000476'}
### Time 0:53:01
NNODES,  1
NODE_RANK,  0
MASTER_ADDR,  127.0.0.1
MASTER_PORT,  1612
NPROC_PER_NODE,  2
task:  exp7.0.1
config:  configs_rerun5/exp7.0.1.yaml
output_dir:  output_rerun4/exp7.0.1/2025092209193
python3 tta.py --config configs_rerun5/exp7.0.1.yaml --task exp7.0.1 --output_dir output_rerun4/exp7.0.1/2025092209193 --checkpoint checkpoint/16m_base_model_state_step_199999.th --bs 0 --epo 0 --lr 0.0 --seed 42 --tta
