/home/jiahao/miniconda3/envs/cmp/lib/python3.10/site-packages/torch/functional.py:554: UserWarning: torch.meshgrid: in an upcoming release, it will be required to pass the indexing argument. (Triggered internally at /pytorch/aten/src/ATen/native/TensorShape.cpp:4322.)
  return _VF.meshgrid(tensors, **kwargs)  # type: ignore[attr-defined]
Not using distributed mode
### Hyper-parameters:
     seed: 42
     device: cuda
     output_dir: output_rerun4/exp7.0.2/2025092210171
     batch_size_tta: 16
     epochs: 60
     lr: 0.0001
### Creating test dataset
from data/PAB/annotation/test/attr.json loading 1978 data
     test dataset -->    be_pose_img: False
     test_dataset: 1978
### Creating test dataloader
### be careful: func create_loader returns a list length of 1
     test_loader: 90
### Creating model
build_vision_encoder: load swin 224 x 224 ====>
missing_keys:  []
unexpected_keys:  ['head.weight', 'head.bias']
build_text_encoder: load bert ====>
missing_keys: ['bert.encoder.layer.10.crossattention.output.LayerNorm.bias', 'bert.encoder.layer.10.crossattention.output.LayerNorm.weight', 'bert.encoder.layer.10.crossattention.output.dense.bias', 'bert.encoder.layer.10.crossattention.output.dense.weight', 'bert.encoder.layer.10.crossattention.self.key.bias', 'bert.encoder.layer.10.crossattention.self.key.weight', 'bert.encoder.layer.10.crossattention.self.query.bias', 'bert.encoder.layer.10.crossattention.self.query.weight', 'bert.encoder.layer.10.crossattention.self.value.bias', 'bert.encoder.layer.10.crossattention.self.value.weight', 'bert.encoder.layer.11.crossattention.output.LayerNorm.bias', 'bert.encoder.layer.11.crossattention.output.LayerNorm.weight', 'bert.encoder.layer.11.crossattention.output.dense.bias', 'bert.encoder.layer.11.crossattention.output.dense.weight', 'bert.encoder.layer.11.crossattention.self.key.bias', 'bert.encoder.layer.11.crossattention.self.key.weight', 'bert.encoder.layer.11.crossattention.self.query.bias', 'bert.encoder.layer.11.crossattention.self.query.weight', 'bert.encoder.layer.11.crossattention.self.value.bias', 'bert.encoder.layer.11.crossattention.self.value.weight', 'bert.encoder.layer.6.crossattention.output.LayerNorm.bias', 'bert.encoder.layer.6.crossattention.output.LayerNorm.weight', 'bert.encoder.layer.6.crossattention.output.dense.bias', 'bert.encoder.layer.6.crossattention.output.dense.weight', 'bert.encoder.layer.6.crossattention.self.key.bias', 'bert.encoder.layer.6.crossattention.self.key.weight', 'bert.encoder.layer.6.crossattention.self.query.bias', 'bert.encoder.layer.6.crossattention.self.query.weight', 'bert.encoder.layer.6.crossattention.self.value.bias', 'bert.encoder.layer.6.crossattention.self.value.weight', 'bert.encoder.layer.7.crossattention.output.LayerNorm.bias', 'bert.encoder.layer.7.crossattention.output.LayerNorm.weight', 'bert.encoder.layer.7.crossattention.output.dense.bias', 'bert.encoder.layer.7.crossattention.output.dense.weight', 'bert.encoder.layer.7.crossattention.self.key.bias', 'bert.encoder.layer.7.crossattention.self.key.weight', 'bert.encoder.layer.7.crossattention.self.query.bias', 'bert.encoder.layer.7.crossattention.self.query.weight', 'bert.encoder.layer.7.crossattention.self.value.bias', 'bert.encoder.layer.7.crossattention.self.value.weight', 'bert.encoder.layer.8.crossattention.output.LayerNorm.bias', 'bert.encoder.layer.8.crossattention.output.LayerNorm.weight', 'bert.encoder.layer.8.crossattention.output.dense.bias', 'bert.encoder.layer.8.crossattention.output.dense.weight', 'bert.encoder.layer.8.crossattention.self.key.bias', 'bert.encoder.layer.8.crossattention.self.key.weight', 'bert.encoder.layer.8.crossattention.self.query.bias', 'bert.encoder.layer.8.crossattention.self.query.weight', 'bert.encoder.layer.8.crossattention.self.value.bias', 'bert.encoder.layer.8.crossattention.self.value.weight', 'bert.encoder.layer.9.crossattention.output.LayerNorm.bias', 'bert.encoder.layer.9.crossattention.output.LayerNorm.weight', 'bert.encoder.layer.9.crossattention.output.dense.bias', 'bert.encoder.layer.9.crossattention.output.dense.weight', 'bert.encoder.layer.9.crossattention.self.key.bias', 'bert.encoder.layer.9.crossattention.self.key.weight', 'bert.encoder.layer.9.crossattention.self.query.bias', 'bert.encoder.layer.9.crossattention.self.query.weight', 'bert.encoder.layer.9.crossattention.self.value.bias', 'bert.encoder.layer.9.crossattention.self.value.weight']
unexpected_keys: ['cls.seq_relationship.bias', 'cls.seq_relationship.weight']
mismatched_keys: []
error_msgs: []
Label Smooth: 0.2
load checkpoint from checkpoint/16m_base_model_state_step_199999.th
missing_keys:  []
unexpected_keys:  ['bbox_head.0.weight', 'bbox_head.0.bias', 'bbox_head.1.weight', 'bbox_head.1.bias', 'bbox_head.3.weight', 'bbox_head.3.bias']
     Total Params Sum:  214446837
### Inference ITC similiarity matrix
     Computing text features for evaluation
     Computing image features for evaluation
/home/jiahao/task/CMP/eval.py:129: UserWarning: To copy construct from a tensor, it is recommended to use sourceTensor.detach().clone() or sourceTensor.detach().clone().requires_grad_(True), rather than torch.tensor(sourceTensor).
  similarity = torch.tensor(scores_t2i)
     Computing features time 0:00:14
### Zero-Shot ITC Score: 
+-------+--------+--------+--------+--------+--------+
| epoch |   R1   |   R5   |  R10   |  mAP   |  mINP  |
+-------+--------+--------+--------+--------+--------+
|  -999 | 53.438 | 86.855 | 92.922 | 68.348 | 68.348 |
+-------+--------+--------+--------+--------+--------+
     Computing matching score
      Evaluation: [   0/1978]  eta: 0:04:43    time: 0.1434  data: 0.0031  max mem: 2074
      Evaluation: [ 100/1978]  eta: 0:04:09    time: 0.1340  data: 0.0000  max mem: 2074
      Evaluation: [ 200/1978]  eta: 0:03:52    time: 0.1289  data: 0.0000  max mem: 2074
      Evaluation: [ 300/1978]  eta: 0:03:39    time: 0.1300  data: 0.0000  max mem: 2074
      Evaluation: [ 400/1978]  eta: 0:03:26    time: 0.1296  data: 0.0000  max mem: 2074
      Evaluation: [ 500/1978]  eta: 0:03:12    time: 0.1290  data: 0.0000  max mem: 2074
      Evaluation: [ 600/1978]  eta: 0:02:59    time: 0.1289  data: 0.0000  max mem: 2074
      Evaluation: [ 700/1978]  eta: 0:02:46    time: 0.1294  data: 0.0000  max mem: 2074
      Evaluation: [ 800/1978]  eta: 0:02:33    time: 0.1284  data: 0.0000  max mem: 2074
      Evaluation: [ 900/1978]  eta: 0:02:20    time: 0.1299  data: 0.0000  max mem: 2074
      Evaluation: [1000/1978]  eta: 0:02:07    time: 0.1288  data: 0.0000  max mem: 2074
      Evaluation: [1100/1978]  eta: 0:01:54    time: 0.1292  data: 0.0000  max mem: 2074
      Evaluation: [1200/1978]  eta: 0:01:41    time: 0.1296  data: 0.0000  max mem: 2074
      Evaluation: [1300/1978]  eta: 0:01:28    time: 0.1340  data: 0.0000  max mem: 2074
      Evaluation: [1400/1978]  eta: 0:01:15    time: 0.1296  data: 0.0000  max mem: 2074
      Evaluation: [1500/1978]  eta: 0:01:02    time: 0.1293  data: 0.0000  max mem: 2074
      Evaluation: [1600/1978]  eta: 0:00:49    time: 0.1296  data: 0.0000  max mem: 2074
      Evaluation: [1700/1978]  eta: 0:00:36    time: 0.1290  data: 0.0000  max mem: 2074
      Evaluation: [1800/1978]  eta: 0:00:23    time: 0.1294  data: 0.0000  max mem: 2074
      Evaluation: [1900/1978]  eta: 0:00:10    time: 0.1280  data: 0.0000  max mem: 2074
      Evaluation: [1977/1978]  eta: 0:00:00    time: 0.1245  data: 0.0000  max mem: 2074
      Evaluation: Total time: 0:04:14 (0.1288 s / it)
     Computing matching score time 0:04:14
### Zero-Shot ITM Score: 
+-------+--------+--------+--------+--------+--------+
| epoch |   R1   |   R5   |  R10   |  mAP   |  mINP  |
+-------+--------+--------+--------+--------+--------+
|  -999 | 53.438 | 86.855 | 92.922 | 68.348 | 68.348 |
|  -999 | 72.700 | 97.776 | 99.090 | 84.322 | 84.322 |
+-------+--------+--------+--------+--------+--------+
### TTA:
     preprocess_tta_coefficients  start
     sample selection ...
     number of sample after sample_selection: 809
     uncertainty ...
     preprocess_tta_coefficients  end
### Creating tta dataset
     tta_dataset: 809
### Creating tta dataloader
### be careful: func create_loader returns a list length of 1
     tta_loader: 50
### Configure adapted weights
     TTA Dropout Modules: 
 [('vision_encoder.pos_drop', Dropout(p=0, inplace=False), True), ('vision_encoder.layers.0.blocks.0.attn.attn_drop', Dropout(p=0.0, inplace=False), True), ('vision_encoder.layers.0.blocks.0.attn.proj_drop', Dropout(p=0, inplace=False), True), ('vision_encoder.layers.0.blocks.0.mlp.drop', Dropout(p=0, inplace=False), True), ('vision_encoder.layers.0.blocks.1.attn.attn_drop', Dropout(p=0.0, inplace=False), True), ('vision_encoder.layers.0.blocks.1.attn.proj_drop', Dropout(p=0, inplace=False), True), ('vision_encoder.layers.0.blocks.1.mlp.drop', Dropout(p=0, inplace=False), True), ('vision_encoder.layers.1.blocks.0.attn.attn_drop', Dropout(p=0.0, inplace=False), True), ('vision_encoder.layers.1.blocks.0.attn.proj_drop', Dropout(p=0, inplace=False), True), ('vision_encoder.layers.1.blocks.0.mlp.drop', Dropout(p=0, inplace=False), True), ('vision_encoder.layers.1.blocks.1.attn.attn_drop', Dropout(p=0.0, inplace=False), True), ('vision_encoder.layers.1.blocks.1.attn.proj_drop', Dropout(p=0, inplace=False), True), ('vision_encoder.layers.1.blocks.1.mlp.drop', Dropout(p=0, inplace=False), True), ('vision_encoder.layers.2.blocks.0.attn.attn_drop', Dropout(p=0.0, inplace=False), True), ('vision_encoder.layers.2.blocks.0.attn.proj_drop', Dropout(p=0, inplace=False), True), ('vision_encoder.layers.2.blocks.0.mlp.drop', Dropout(p=0, inplace=False), True), ('vision_encoder.layers.2.blocks.1.attn.attn_drop', Dropout(p=0.0, inplace=False), True), ('vision_encoder.layers.2.blocks.1.attn.proj_drop', Dropout(p=0, inplace=False), True), ('vision_encoder.layers.2.blocks.1.mlp.drop', Dropout(p=0, inplace=False), True), ('vision_encoder.layers.2.blocks.2.attn.attn_drop', Dropout(p=0.0, inplace=False), True), ('vision_encoder.layers.2.blocks.2.attn.proj_drop', Dropout(p=0, inplace=False), True), ('vision_encoder.layers.2.blocks.2.mlp.drop', Dropout(p=0, inplace=False), True), ('vision_encoder.layers.2.blocks.3.attn.attn_drop', Dropout(p=0.0, inplace=False), True), ('vision_encoder.layers.2.blocks.3.attn.proj_drop', Dropout(p=0, inplace=False), True), ('vision_encoder.layers.2.blocks.3.mlp.drop', Dropout(p=0, inplace=False), True), ('vision_encoder.layers.2.blocks.4.attn.attn_drop', Dropout(p=0.0, inplace=False), True), ('vision_encoder.layers.2.blocks.4.attn.proj_drop', Dropout(p=0, inplace=False), True), ('vision_encoder.layers.2.blocks.4.mlp.drop', Dropout(p=0, inplace=False), True), ('vision_encoder.layers.2.blocks.5.attn.attn_drop', Dropout(p=0.0, inplace=False), True), ('vision_encoder.layers.2.blocks.5.attn.proj_drop', Dropout(p=0, inplace=False), True), ('vision_encoder.layers.2.blocks.5.mlp.drop', Dropout(p=0, inplace=False), True), ('vision_encoder.layers.2.blocks.6.attn.attn_drop', Dropout(p=0.0, inplace=False), True), ('vision_encoder.layers.2.blocks.6.attn.proj_drop', Dropout(p=0, inplace=False), True), ('vision_encoder.layers.2.blocks.6.mlp.drop', Dropout(p=0, inplace=False), True), ('vision_encoder.layers.2.blocks.7.attn.attn_drop', Dropout(p=0.0, inplace=False), True), ('vision_encoder.layers.2.blocks.7.attn.proj_drop', Dropout(p=0, inplace=False), True), ('vision_encoder.layers.2.blocks.7.mlp.drop', Dropout(p=0, inplace=False), True), ('vision_encoder.layers.2.blocks.8.attn.attn_drop', Dropout(p=0.0, inplace=False), True), ('vision_encoder.layers.2.blocks.8.attn.proj_drop', Dropout(p=0, inplace=False), True), ('vision_encoder.layers.2.blocks.8.mlp.drop', Dropout(p=0, inplace=False), True), ('vision_encoder.layers.2.blocks.9.attn.attn_drop', Dropout(p=0.0, inplace=False), True), ('vision_encoder.layers.2.blocks.9.attn.proj_drop', Dropout(p=0, inplace=False), True), ('vision_encoder.layers.2.blocks.9.mlp.drop', Dropout(p=0, inplace=False), True), ('vision_encoder.layers.2.blocks.10.attn.attn_drop', Dropout(p=0.0, inplace=False), True), ('vision_encoder.layers.2.blocks.10.attn.proj_drop', Dropout(p=0, inplace=False), True), ('vision_encoder.layers.2.blocks.10.mlp.drop', Dropout(p=0, inplace=False), True), ('vision_encoder.layers.2.blocks.11.attn.attn_drop', Dropout(p=0.0, inplace=False), True), ('vision_encoder.layers.2.blocks.11.attn.proj_drop', Dropout(p=0, inplace=False), True), ('vision_encoder.layers.2.blocks.11.mlp.drop', Dropout(p=0, inplace=False), True), ('vision_encoder.layers.2.blocks.12.attn.attn_drop', Dropout(p=0.0, inplace=False), True), ('vision_encoder.layers.2.blocks.12.attn.proj_drop', Dropout(p=0, inplace=False), True), ('vision_encoder.layers.2.blocks.12.mlp.drop', Dropout(p=0, inplace=False), True), ('vision_encoder.layers.2.blocks.13.attn.attn_drop', Dropout(p=0.0, inplace=False), True), ('vision_encoder.layers.2.blocks.13.attn.proj_drop', Dropout(p=0, inplace=False), True), ('vision_encoder.layers.2.blocks.13.mlp.drop', Dropout(p=0, inplace=False), True), ('vision_encoder.layers.2.blocks.14.attn.attn_drop', Dropout(p=0.0, inplace=False), True), ('vision_encoder.layers.2.blocks.14.attn.proj_drop', Dropout(p=0, inplace=False), True), ('vision_encoder.layers.2.blocks.14.mlp.drop', Dropout(p=0, inplace=False), True), ('vision_encoder.layers.2.blocks.15.attn.attn_drop', Dropout(p=0.0, inplace=False), True), ('vision_encoder.layers.2.blocks.15.attn.proj_drop', Dropout(p=0, inplace=False), True), ('vision_encoder.layers.2.blocks.15.mlp.drop', Dropout(p=0, inplace=False), True), ('vision_encoder.layers.2.blocks.16.attn.attn_drop', Dropout(p=0.0, inplace=False), True), ('vision_encoder.layers.2.blocks.16.attn.proj_drop', Dropout(p=0, inplace=False), True), ('vision_encoder.layers.2.blocks.16.mlp.drop', Dropout(p=0, inplace=False), True), ('vision_encoder.layers.2.blocks.17.attn.attn_drop', Dropout(p=0.0, inplace=False), True), ('vision_encoder.layers.2.blocks.17.attn.proj_drop', Dropout(p=0, inplace=False), True), ('vision_encoder.layers.2.blocks.17.mlp.drop', Dropout(p=0, inplace=False), True), ('vision_encoder.layers.3.blocks.0.attn.attn_drop', Dropout(p=0.0, inplace=False), True), ('vision_encoder.layers.3.blocks.0.attn.proj_drop', Dropout(p=0, inplace=False), True), ('vision_encoder.layers.3.blocks.0.mlp.drop', Dropout(p=0, inplace=False), True), ('vision_encoder.layers.3.blocks.1.attn.attn_drop', Dropout(p=0.0, inplace=False), True), ('vision_encoder.layers.3.blocks.1.attn.proj_drop', Dropout(p=0, inplace=False), True), ('vision_encoder.layers.3.blocks.1.mlp.drop', Dropout(p=0, inplace=False), True), ('text_encoder.bert.embeddings.dropout', Dropout(p=0.1, inplace=False), True), ('text_encoder.bert.encoder.layer.0.attention.self.dropout', Dropout(p=0.1, inplace=False), True), ('text_encoder.bert.encoder.layer.0.attention.output.dropout', Dropout(p=0.1, inplace=False), True), ('text_encoder.bert.encoder.layer.0.output.dropout', Dropout(p=0.1, inplace=False), True), ('text_encoder.bert.encoder.layer.1.attention.self.dropout', Dropout(p=0.1, inplace=False), True), ('text_encoder.bert.encoder.layer.1.attention.output.dropout', Dropout(p=0.1, inplace=False), True), ('text_encoder.bert.encoder.layer.1.output.dropout', Dropout(p=0.1, inplace=False), True), ('text_encoder.bert.encoder.layer.2.attention.self.dropout', Dropout(p=0.1, inplace=False), True), ('text_encoder.bert.encoder.layer.2.attention.output.dropout', Dropout(p=0.1, inplace=False), True), ('text_encoder.bert.encoder.layer.2.output.dropout', Dropout(p=0.1, inplace=False), True), ('text_encoder.bert.encoder.layer.3.attention.self.dropout', Dropout(p=0.1, inplace=False), True), ('text_encoder.bert.encoder.layer.3.attention.output.dropout', Dropout(p=0.1, inplace=False), True), ('text_encoder.bert.encoder.layer.3.output.dropout', Dropout(p=0.1, inplace=False), True), ('text_encoder.bert.encoder.layer.4.attention.self.dropout', Dropout(p=0.1, inplace=False), True), ('text_encoder.bert.encoder.layer.4.attention.output.dropout', Dropout(p=0.1, inplace=False), True), ('text_encoder.bert.encoder.layer.4.output.dropout', Dropout(p=0.1, inplace=False), True), ('text_encoder.bert.encoder.layer.5.attention.self.dropout', Dropout(p=0.1, inplace=False), True), ('text_encoder.bert.encoder.layer.5.attention.output.dropout', Dropout(p=0.1, inplace=False), True), ('text_encoder.bert.encoder.layer.5.output.dropout', Dropout(p=0.1, inplace=False), True), ('text_encoder.bert.encoder.layer.6.attention.self.dropout', Dropout(p=0.1, inplace=False), True), ('text_encoder.bert.encoder.layer.6.attention.output.dropout', Dropout(p=0.1, inplace=False), True), ('text_encoder.bert.encoder.layer.6.crossattention.self.dropout', Dropout(p=0.1, inplace=False), True), ('text_encoder.bert.encoder.layer.6.crossattention.output.dropout', Dropout(p=0.1, inplace=False), True), ('text_encoder.bert.encoder.layer.6.output.dropout', Dropout(p=0.1, inplace=False), True), ('text_encoder.bert.encoder.layer.7.attention.self.dropout', Dropout(p=0.1, inplace=False), True), ('text_encoder.bert.encoder.layer.7.attention.output.dropout', Dropout(p=0.1, inplace=False), True), ('text_encoder.bert.encoder.layer.7.crossattention.self.dropout', Dropout(p=0.1, inplace=False), True), ('text_encoder.bert.encoder.layer.7.crossattention.output.dropout', Dropout(p=0.1, inplace=False), True), ('text_encoder.bert.encoder.layer.7.output.dropout', Dropout(p=0.1, inplace=False), True), ('text_encoder.bert.encoder.layer.8.attention.self.dropout', Dropout(p=0.1, inplace=False), True), ('text_encoder.bert.encoder.layer.8.attention.output.dropout', Dropout(p=0.1, inplace=False), True), ('text_encoder.bert.encoder.layer.8.crossattention.self.dropout', Dropout(p=0.1, inplace=False), True), ('text_encoder.bert.encoder.layer.8.crossattention.output.dropout', Dropout(p=0.1, inplace=False), True), ('text_encoder.bert.encoder.layer.8.output.dropout', Dropout(p=0.1, inplace=False), True), ('text_encoder.bert.encoder.layer.9.attention.self.dropout', Dropout(p=0.1, inplace=False), True), ('text_encoder.bert.encoder.layer.9.attention.output.dropout', Dropout(p=0.1, inplace=False), True), ('text_encoder.bert.encoder.layer.9.crossattention.self.dropout', Dropout(p=0.1, inplace=False), True), ('text_encoder.bert.encoder.layer.9.crossattention.output.dropout', Dropout(p=0.1, inplace=False), True), ('text_encoder.bert.encoder.layer.9.output.dropout', Dropout(p=0.1, inplace=False), True), ('text_encoder.bert.encoder.layer.10.attention.self.dropout', Dropout(p=0.1, inplace=False), True), ('text_encoder.bert.encoder.layer.10.attention.output.dropout', Dropout(p=0.1, inplace=False), True), ('text_encoder.bert.encoder.layer.10.crossattention.self.dropout', Dropout(p=0.1, inplace=False), True), ('text_encoder.bert.encoder.layer.10.crossattention.output.dropout', Dropout(p=0.1, inplace=False), True), ('text_encoder.bert.encoder.layer.10.output.dropout', Dropout(p=0.1, inplace=False), True), ('text_encoder.bert.encoder.layer.11.attention.self.dropout', Dropout(p=0.1, inplace=False), True), ('text_encoder.bert.encoder.layer.11.attention.output.dropout', Dropout(p=0.1, inplace=False), True), ('text_encoder.bert.encoder.layer.11.crossattention.self.dropout', Dropout(p=0.1, inplace=False), True), ('text_encoder.bert.encoder.layer.11.crossattention.output.dropout', Dropout(p=0.1, inplace=False), True), ('text_encoder.bert.encoder.layer.11.output.dropout', Dropout(p=0.1, inplace=False), True)]
     TTA Require Gradient Params: 
 [('text_encoder.bert.embeddings.LayerNorm.weight', torch.Size([768])), ('text_encoder.bert.embeddings.LayerNorm.bias', torch.Size([768])), ('text_encoder.bert.encoder.layer.6.attention.output.LayerNorm.weight', torch.Size([768])), ('text_encoder.bert.encoder.layer.6.attention.output.LayerNorm.bias', torch.Size([768])), ('text_encoder.bert.encoder.layer.6.crossattention.output.LayerNorm.weight', torch.Size([768])), ('text_encoder.bert.encoder.layer.6.crossattention.output.LayerNorm.bias', torch.Size([768])), ('text_encoder.bert.encoder.layer.6.output.LayerNorm.weight', torch.Size([768])), ('text_encoder.bert.encoder.layer.6.output.LayerNorm.bias', torch.Size([768])), ('text_encoder.bert.encoder.layer.7.attention.output.LayerNorm.weight', torch.Size([768])), ('text_encoder.bert.encoder.layer.7.attention.output.LayerNorm.bias', torch.Size([768])), ('text_encoder.bert.encoder.layer.7.crossattention.output.LayerNorm.weight', torch.Size([768])), ('text_encoder.bert.encoder.layer.7.crossattention.output.LayerNorm.bias', torch.Size([768])), ('text_encoder.bert.encoder.layer.7.output.LayerNorm.weight', torch.Size([768])), ('text_encoder.bert.encoder.layer.7.output.LayerNorm.bias', torch.Size([768])), ('text_encoder.bert.encoder.layer.8.attention.output.LayerNorm.weight', torch.Size([768])), ('text_encoder.bert.encoder.layer.8.attention.output.LayerNorm.bias', torch.Size([768])), ('text_encoder.bert.encoder.layer.8.crossattention.output.LayerNorm.weight', torch.Size([768])), ('text_encoder.bert.encoder.layer.8.crossattention.output.LayerNorm.bias', torch.Size([768])), ('text_encoder.bert.encoder.layer.8.output.LayerNorm.weight', torch.Size([768])), ('text_encoder.bert.encoder.layer.8.output.LayerNorm.bias', torch.Size([768])), ('text_encoder.bert.encoder.layer.9.attention.output.LayerNorm.weight', torch.Size([768])), ('text_encoder.bert.encoder.layer.9.attention.output.LayerNorm.bias', torch.Size([768])), ('text_encoder.bert.encoder.layer.9.crossattention.output.LayerNorm.weight', torch.Size([768])), ('text_encoder.bert.encoder.layer.9.crossattention.output.LayerNorm.bias', torch.Size([768])), ('text_encoder.bert.encoder.layer.9.output.LayerNorm.weight', torch.Size([768])), ('text_encoder.bert.encoder.layer.9.output.LayerNorm.bias', torch.Size([768])), ('text_encoder.bert.encoder.layer.10.attention.output.LayerNorm.weight', torch.Size([768])), ('text_encoder.bert.encoder.layer.10.attention.output.LayerNorm.bias', torch.Size([768])), ('text_encoder.bert.encoder.layer.10.crossattention.output.LayerNorm.weight', torch.Size([768])), ('text_encoder.bert.encoder.layer.10.crossattention.output.LayerNorm.bias', torch.Size([768])), ('text_encoder.bert.encoder.layer.10.output.LayerNorm.weight', torch.Size([768])), ('text_encoder.bert.encoder.layer.10.output.LayerNorm.bias', torch.Size([768])), ('text_encoder.bert.encoder.layer.11.attention.output.LayerNorm.weight', torch.Size([768])), ('text_encoder.bert.encoder.layer.11.attention.output.LayerNorm.bias', torch.Size([768])), ('text_encoder.bert.encoder.layer.11.crossattention.output.LayerNorm.weight', torch.Size([768])), ('text_encoder.bert.encoder.layer.11.crossattention.output.LayerNorm.bias', torch.Size([768])), ('text_encoder.bert.encoder.layer.11.output.LayerNorm.weight', torch.Size([768])), ('text_encoder.bert.encoder.layer.11.output.LayerNorm.bias', torch.Size([768])), ('text_encoder.cls.predictions.transform.LayerNorm.weight', torch.Size([768])), ('text_encoder.cls.predictions.transform.LayerNorm.bias', torch.Size([768])), ('itm_head.1.weight', torch.Size([1536])), ('itm_head.1.bias', torch.Size([1536]))]
     TTA Dropout Modules Number: 
 122
     TTA Require Gradient Params Sum: 
 33792
     lr:  0.0001    lr_mult:  2
     model has 'init_params',  363
     num_tta_steps:  3060
     num_warmup_steps:  500
     sched: step
/home/jiahao/task/CMP/tta.py:253: FutureWarning: `torch.cuda.amp.GradScaler(args...)` is deprecated. Please use `torch.amp.GradScaler('cuda', args...)` instead.
  scaler = GradScaler()  # bf16
### Start ITM Test Time Adaptation
      TTA Epoch: [0] [ 0/50]  eta: 0:00:54  entropy: 1.0068  uncertainty: 1.6242  uncertainty_coeffi: 0.0100  loss: 2.3194  lr: 0.000000  time: 1.0874  data: 0.5170  max mem: 2478
      TTA Epoch: [0] [49/50]  eta: 0:00:00  entropy: 0.8283  uncertainty: 2.0024  uncertainty_coeffi: 0.0100  loss: 2.4452  lr: 0.000010  time: 0.1209  data: 0.0001  max mem: 2509
      TTA Epoch: [0] Total time: 0:00:07 (0.1406 s / it)
     Averaged stats: entropy: 0.8955  uncertainty: 1.6656  uncertainty_coeffi: 0.0100  loss: 2.2641  lr: 0.0000
     itm tta time 0:00:07
     Computing matching score
      Evaluation: [   0/1978]  eta: 0:04:22    time: 0.1325  data: 0.0026  max mem: 2509
      Evaluation: [ 100/1978]  eta: 0:03:50    time: 0.1273  data: 0.0000  max mem: 2509
      Evaluation: [ 200/1978]  eta: 0:03:37    time: 0.1271  data: 0.0000  max mem: 2509
      Evaluation: [ 300/1978]  eta: 0:03:24    time: 0.1266  data: 0.0000  max mem: 2509
      Evaluation: [ 400/1978]  eta: 0:03:12    time: 0.1039  data: 0.0000  max mem: 2509
      Evaluation: [ 500/1978]  eta: 0:03:01    time: 0.1135  data: 0.0000  max mem: 2509
      Evaluation: [ 600/1978]  eta: 0:02:49    time: 0.1284  data: 0.0000  max mem: 2509
      Evaluation: [ 700/1978]  eta: 0:02:37    time: 0.1280  data: 0.0000  max mem: 2509
      Evaluation: [ 800/1978]  eta: 0:02:25    time: 0.1283  data: 0.0000  max mem: 2509
      Evaluation: [ 900/1978]  eta: 0:02:12    time: 0.1278  data: 0.0000  max mem: 2509
      Evaluation: [1000/1978]  eta: 0:02:00    time: 0.1291  data: 0.0000  max mem: 2509
      Evaluation: [1100/1978]  eta: 0:01:49    time: 0.1291  data: 0.0000  max mem: 2509
      Evaluation: [1200/1978]  eta: 0:01:37    time: 0.1291  data: 0.0000  max mem: 2509
      Evaluation: [1300/1978]  eta: 0:01:24    time: 0.1293  data: 0.0000  max mem: 2509
      Evaluation: [1400/1978]  eta: 0:01:12    time: 0.1299  data: 0.0000  max mem: 2509
      Evaluation: [1500/1978]  eta: 0:01:00    time: 0.1303  data: 0.0000  max mem: 2509
      Evaluation: [1600/1978]  eta: 0:00:47    time: 0.1291  data: 0.0000  max mem: 2509
      Evaluation: [1700/1978]  eta: 0:00:35    time: 0.1293  data: 0.0000  max mem: 2509
      Evaluation: [1800/1978]  eta: 0:00:22    time: 0.1288  data: 0.0000  max mem: 2509
      Evaluation: [1900/1978]  eta: 0:00:09    time: 0.1290  data: 0.0000  max mem: 2509
      Evaluation: [1977/1978]  eta: 0:00:00    time: 0.1290  data: 0.0000  max mem: 2509
      Evaluation: Total time: 0:04:10 (0.1265 s / it)
     Computing matching score time 0:04:11
### TTA ITM Score: 
+-------+--------+--------+--------+--------+--------+
| epoch |   R1   |   R5   |  R10   |  mAP   |  mINP  |
+-------+--------+--------+--------+--------+--------+
|  -999 | 53.438 | 86.855 | 92.922 | 68.348 | 68.348 |
|  -999 | 72.700 | 97.776 | 99.090 | 84.322 | 84.322 |
|   0   | 72.801 | 97.877 | 99.090 | 84.399 | 84.399 |
+-------+--------+--------+--------+--------+--------+
     logs:  {'epo': 0, 'R1': 72.801, 'R5': 97.877, 'R10': 99.09, 'mAP': 84.399, 'mINP': 84.399, 'entropy': 0.895459, 'uncertainty': 1.66564, 'uncertainty_coeffi': 0.01, 'loss': 2.264071, 'lr': 5e-06}
      TTA Epoch: [1] [ 0/50]  eta: 0:00:29  entropy: 0.7486  uncertainty: 1.6652  uncertainty_coeffi: 0.0100  loss: 2.1477  lr: 0.000010  time: 0.5876  data: 0.4230  max mem: 2509
      TTA Epoch: [1] [49/50]  eta: 0:00:00  entropy: 0.7610  uncertainty: 1.9047  uncertainty_coeffi: 0.0100  loss: 2.3900  lr: 0.000020  time: 0.1277  data: 0.0005  max mem: 2516
      TTA Epoch: [1] Total time: 0:00:06 (0.1375 s / it)
     Averaged stats: entropy: 0.8428  uncertainty: 1.6665  uncertainty_coeffi: 0.0100  loss: 2.2308  lr: 0.0000
     itm tta time 0:00:06
     Computing matching score
      Evaluation: [   0/1978]  eta: 0:04:14    time: 0.1289  data: 0.0025  max mem: 2516
      Evaluation: [ 100/1978]  eta: 0:04:02    time: 0.1302  data: 0.0000  max mem: 2516
      Evaluation: [ 200/1978]  eta: 0:03:49    time: 0.1286  data: 0.0000  max mem: 2516
      Evaluation: [ 300/1978]  eta: 0:03:36    time: 0.1277  data: 0.0000  max mem: 2516
      Evaluation: [ 400/1978]  eta: 0:03:23    time: 0.1272  data: 0.0000  max mem: 2516
      Evaluation: [ 500/1978]  eta: 0:03:10    time: 0.1296  data: 0.0000  max mem: 2516
      Evaluation: [ 600/1978]  eta: 0:02:57    time: 0.1287  data: 0.0000  max mem: 2516
      Evaluation: [ 700/1978]  eta: 0:02:44    time: 0.1290  data: 0.0000  max mem: 2516
      Evaluation: [ 800/1978]  eta: 0:02:31    time: 0.1285  data: 0.0000  max mem: 2516
      Evaluation: [ 900/1978]  eta: 0:02:17    time: 0.0811  data: 0.0000  max mem: 2516
      Evaluation: [1000/1978]  eta: 0:02:04    time: 0.1286  data: 0.0000  max mem: 2516
      Evaluation: [1100/1978]  eta: 0:01:51    time: 0.1284  data: 0.0000  max mem: 2516
      Evaluation: [1200/1978]  eta: 0:01:38    time: 0.1283  data: 0.0000  max mem: 2516
      Evaluation: [1300/1978]  eta: 0:01:25    time: 0.1281  data: 0.0000  max mem: 2516
      Evaluation: [1400/1978]  eta: 0:01:12    time: 0.1283  data: 0.0000  max mem: 2516
      Evaluation: [1500/1978]  eta: 0:01:00    time: 0.1042  data: 0.0000  max mem: 2516
      Evaluation: [1600/1978]  eta: 0:00:47    time: 0.1238  data: 0.0000  max mem: 2516
      Evaluation: [1700/1978]  eta: 0:00:34    time: 0.1275  data: 0.0000  max mem: 2516
      Evaluation: [1800/1978]  eta: 0:00:22    time: 0.1279  data: 0.0000  max mem: 2516
      Evaluation: [1900/1978]  eta: 0:00:09    time: 0.1281  data: 0.0000  max mem: 2516
      Evaluation: [1977/1978]  eta: 0:00:00    time: 0.1272  data: 0.0000  max mem: 2516
      Evaluation: Total time: 0:04:07 (0.1252 s / it)
     Computing matching score time 0:04:09
### TTA ITM Score: 
+-------+--------+--------+--------+--------+--------+
| epoch |   R1   |   R5   |  R10   |  mAP   |  mINP  |
+-------+--------+--------+--------+--------+--------+
|  -999 | 53.438 | 86.855 | 92.922 | 68.348 | 68.348 |
|  -999 | 72.700 | 97.776 | 99.090 | 84.322 | 84.322 |
|   0   | 72.801 | 97.877 | 99.090 | 84.399 | 84.399 |
|   1   | 72.952 | 97.877 | 99.090 | 84.472 | 84.472 |
+-------+--------+--------+--------+--------+--------+
     logs:  {'epo': 1, 'R1': 72.952, 'R5': 97.877, 'R10': 99.09, 'mAP': 84.472, 'mINP': 84.472, 'entropy': 0.842842, 'uncertainty': 1.666496, 'uncertainty_coeffi': 0.01, 'loss': 2.230807, 'lr': 1.5e-05}
      TTA Epoch: [2] [ 0/50]  eta: 0:00:25  entropy: 0.8316  uncertainty: 1.5446  uncertainty_coeffi: 0.0100  loss: 2.1346  lr: 0.000020  time: 0.5142  data: 0.3711  max mem: 2516
      TTA Epoch: [2] [49/50]  eta: 0:00:00  entropy: 0.5831  uncertainty: 1.5826  uncertainty_coeffi: 0.0100  loss: 1.9992  lr: 0.000030  time: 0.1175  data: 0.0001  max mem: 2516
      TTA Epoch: [2] Total time: 0:00:06 (0.1285 s / it)
     Averaged stats: entropy: 0.7453  uncertainty: 1.6705  uncertainty_coeffi: 0.0100  loss: 2.1675  lr: 0.0000
     itm tta time 0:00:06
     Computing matching score
      Evaluation: [   0/1978]  eta: 0:04:27    time: 0.1353  data: 0.0029  max mem: 2516
      Evaluation: [ 100/1978]  eta: 0:04:03    time: 0.1285  data: 0.0000  max mem: 2516
      Evaluation: [ 200/1978]  eta: 0:03:51    time: 0.1288  data: 0.0000  max mem: 2516
      Evaluation: [ 300/1978]  eta: 0:03:37    time: 0.1281  data: 0.0000  max mem: 2516
      Evaluation: [ 400/1978]  eta: 0:03:24    time: 0.1285  data: 0.0000  max mem: 2516
      Evaluation: [ 500/1978]  eta: 0:03:11    time: 0.1295  data: 0.0000  max mem: 2516
      Evaluation: [ 600/1978]  eta: 0:02:58    time: 0.1285  data: 0.0000  max mem: 2516
      Evaluation: [ 700/1978]  eta: 0:02:45    time: 0.1296  data: 0.0000  max mem: 2516
      Evaluation: [ 800/1978]  eta: 0:02:32    time: 0.1303  data: 0.0000  max mem: 2516
      Evaluation: [ 900/1978]  eta: 0:02:19    time: 0.1288  data: 0.0000  max mem: 2516
      Evaluation: [1000/1978]  eta: 0:02:06    time: 0.1316  data: 0.0000  max mem: 2516
      Evaluation: [1100/1978]  eta: 0:01:53    time: 0.1297  data: 0.0000  max mem: 2516
      Evaluation: [1200/1978]  eta: 0:01:40    time: 0.1288  data: 0.0000  max mem: 2516
      Evaluation: [1300/1978]  eta: 0:01:27    time: 0.1302  data: 0.0000  max mem: 2516
      Evaluation: [1400/1978]  eta: 0:01:14    time: 0.1324  data: 0.0000  max mem: 2516
      Evaluation: [1500/1978]  eta: 0:01:01    time: 0.1292  data: 0.0000  max mem: 2516
      Evaluation: [1600/1978]  eta: 0:00:48    time: 0.1281  data: 0.0000  max mem: 2516
      Evaluation: [1700/1978]  eta: 0:00:35    time: 0.1278  data: 0.0000  max mem: 2516
      Evaluation: [1800/1978]  eta: 0:00:23    time: 0.1330  data: 0.0000  max mem: 2516
      Evaluation: [1900/1978]  eta: 0:00:10    time: 0.1289  data: 0.0000  max mem: 2516
      Evaluation: [1977/1978]  eta: 0:00:00    time: 0.1194  data: 0.0000  max mem: 2516
      Evaluation: Total time: 0:04:16 (0.1295 s / it)
     Computing matching score time 0:04:16
### TTA ITM Score: 
+-------+--------+--------+--------+--------+--------+
| epoch |   R1   |   R5   |  R10   |  mAP   |  mINP  |
+-------+--------+--------+--------+--------+--------+
|  -999 | 53.438 | 86.855 | 92.922 | 68.348 | 68.348 |
|  -999 | 72.700 | 97.776 | 99.090 | 84.322 | 84.322 |
|   0   | 72.801 | 97.877 | 99.090 | 84.399 | 84.399 |
|   1   | 72.952 | 97.877 | 99.090 | 84.472 | 84.472 |
|   2   | 73.054 | 97.927 | 99.090 | 84.573 | 84.573 |
+-------+--------+--------+--------+--------+--------+
     logs:  {'epo': 2, 'R1': 73.054, 'R5': 97.927, 'R10': 99.09, 'mAP': 84.573, 'mINP': 84.573, 'entropy': 0.745341, 'uncertainty': 1.670464, 'uncertainty_coeffi': 0.01, 'loss': 2.167483, 'lr': 2.5e-05}
      TTA Epoch: [3] [ 0/50]  eta: 0:00:27  entropy: 0.5230  uncertainty: 1.9270  uncertainty_coeffi: 0.0100  loss: 2.2243  lr: 0.000030  time: 0.5437  data: 0.4096  max mem: 2516
      TTA Epoch: [3] [49/50]  eta: 0:00:00  entropy: 0.5647  uncertainty: 1.3991  uncertainty_coeffi: 0.0100  loss: 1.8301  lr: 0.000040  time: 0.1242  data: 0.0001  max mem: 2516
      TTA Epoch: [3] Total time: 0:00:06 (0.1306 s / it)
     Averaged stats: entropy: 0.6466  uncertainty: 1.6692  uncertainty_coeffi: 0.0100  loss: 2.1016  lr: 0.0000
     itm tta time 0:00:06
      TTA Epoch: [4] [ 0/50]  eta: 0:00:25  entropy: 0.5672  uncertainty: 1.7562  uncertainty_coeffi: 0.0100  loss: 2.0968  lr: 0.000040  time: 0.5130  data: 0.3793  max mem: 2516
      TTA Epoch: [4] [49/50]  eta: 0:00:00  entropy: 0.3626  uncertainty: 1.4698  uncertainty_coeffi: 0.0100  loss: 1.7522  lr: 0.000050  time: 0.1225  data: 0.0001  max mem: 2516
      TTA Epoch: [4] Total time: 0:00:06 (0.1307 s / it)
     Averaged stats: entropy: 0.5479  uncertainty: 1.6657  uncertainty_coeffi: 0.0100  loss: 2.0335  lr: 0.0000
     itm tta time 0:00:06
     Computing matching score
      Evaluation: [   0/1978]  eta: 0:02:26    time: 0.0741  data: 0.0040  max mem: 2516
      Evaluation: [ 100/1978]  eta: 0:03:54    time: 0.1287  data: 0.0000  max mem: 2516
      Evaluation: [ 200/1978]  eta: 0:03:40    time: 0.1282  data: 0.0000  max mem: 2516
      Evaluation: [ 300/1978]  eta: 0:03:27    time: 0.1283  data: 0.0000  max mem: 2516
      Evaluation: [ 400/1978]  eta: 0:03:15    time: 0.1285  data: 0.0000  max mem: 2516
      Evaluation: [ 500/1978]  eta: 0:03:02    time: 0.1285  data: 0.0000  max mem: 2516
      Evaluation: [ 600/1978]  eta: 0:02:50    time: 0.1181  data: 0.0000  max mem: 2516
      Evaluation: [ 700/1978]  eta: 0:02:37    time: 0.1014  data: 0.0000  max mem: 2516
      Evaluation: [ 800/1978]  eta: 0:02:26    time: 0.1284  data: 0.0000  max mem: 2516
      Evaluation: [ 900/1978]  eta: 0:02:13    time: 0.1283  data: 0.0000  max mem: 2516
      Evaluation: [1000/1978]  eta: 0:02:01    time: 0.1282  data: 0.0000  max mem: 2516
      Evaluation: [1100/1978]  eta: 0:01:49    time: 0.1288  data: 0.0000  max mem: 2516
      Evaluation: [1200/1978]  eta: 0:01:36    time: 0.1289  data: 0.0000  max mem: 2516
      Evaluation: [1300/1978]  eta: 0:01:24    time: 0.1298  data: 0.0000  max mem: 2516
      Evaluation: [1400/1978]  eta: 0:01:12    time: 0.1281  data: 0.0000  max mem: 2516
      Evaluation: [1500/1978]  eta: 0:00:59    time: 0.1274  data: 0.0000  max mem: 2516
      Evaluation: [1600/1978]  eta: 0:00:47    time: 0.1296  data: 0.0000  max mem: 2516
      Evaluation: [1700/1978]  eta: 0:00:35    time: 0.1285  data: 0.0000  max mem: 2516
      Evaluation: [1800/1978]  eta: 0:00:22    time: 0.1287  data: 0.0000  max mem: 2516
      Evaluation: [1900/1978]  eta: 0:00:09    time: 0.1287  data: 0.0000  max mem: 2516
      Evaluation: [1977/1978]  eta: 0:00:00    time: 0.1282  data: 0.0000  max mem: 2516
      Evaluation: Total time: 0:04:09 (0.1264 s / it)
     Computing matching score time 0:04:12
### TTA ITM Score: 
+-------+--------+--------+--------+--------+--------+
| epoch |   R1   |   R5   |  R10   |  mAP   |  mINP  |
+-------+--------+--------+--------+--------+--------+
|  -999 | 53.438 | 86.855 | 92.922 | 68.348 | 68.348 |
|  -999 | 72.700 | 97.776 | 99.090 | 84.322 | 84.322 |
|   0   | 72.801 | 97.877 | 99.090 | 84.399 | 84.399 |
|   1   | 72.952 | 97.877 | 99.090 | 84.472 | 84.472 |
|   2   | 73.054 | 97.927 | 99.090 | 84.573 | 84.573 |
|   4   | 73.862 | 97.674 | 99.039 | 84.900 | 84.900 |
+-------+--------+--------+--------+--------+--------+
     logs:  {'epo': 4, 'R1': 73.862, 'R5': 97.674, 'R10': 99.039, 'mAP': 84.9, 'mINP': 84.9, 'entropy': 0.547936, 'uncertainty': 1.665688, 'uncertainty_coeffi': 0.01, 'loss': 2.033519, 'lr': 4.5e-05}
      TTA Epoch: [5] [ 0/50]  eta: 0:00:30  entropy: 0.5252  uncertainty: 1.7253  uncertainty_coeffi: 0.0100  loss: 2.0682  lr: 0.000050  time: 0.6015  data: 0.4480  max mem: 2516
      TTA Epoch: [5] [49/50]  eta: 0:00:00  entropy: 0.6629  uncertainty: 1.6153  uncertainty_coeffi: 0.0100  loss: 2.0397  lr: 0.000060  time: 0.1269  data: 0.0003  max mem: 2516
      TTA Epoch: [5] Total time: 0:00:06 (0.1367 s / it)
     Averaged stats: entropy: 0.4754  uncertainty: 1.6634  uncertainty_coeffi: 0.0100  loss: 1.9835  lr: 0.0001
     itm tta time 0:00:06
      TTA Epoch: [6] [ 0/50]  eta: 0:00:26  entropy: 0.5278  uncertainty: 1.6367  uncertainty_coeffi: 0.0100  loss: 2.0192  lr: 0.000060  time: 0.5280  data: 0.3691  max mem: 2516
      TTA Epoch: [6] [49/50]  eta: 0:00:00  entropy: 0.2754  uncertainty: 1.6541  uncertainty_coeffi: 0.0100  loss: 1.8218  lr: 0.000070  time: 0.1268  data: 0.0002  max mem: 2516
      TTA Epoch: [6] Total time: 0:00:06 (0.1352 s / it)
     Averaged stats: entropy: 0.4259  uncertainty: 1.6664  uncertainty_coeffi: 0.0100  loss: 1.9526  lr: 0.0001
     itm tta time 0:00:06
      TTA Epoch: [7] [ 0/50]  eta: 0:00:24  entropy: 0.3227  uncertainty: 1.8319  uncertainty_coeffi: 0.0100  loss: 2.0284  lr: 0.000070  time: 0.4950  data: 0.3563  max mem: 2516
      TTA Epoch: [7] [49/50]  eta: 0:00:00  entropy: 0.2186  uncertainty: 1.7753  uncertainty_coeffi: 0.0100  loss: 1.9058  lr: 0.000080  time: 0.1269  data: 0.0004  max mem: 2516
      TTA Epoch: [7] Total time: 0:00:06 (0.1349 s / it)
     Averaged stats: entropy: 0.3796  uncertainty: 1.6620  uncertainty_coeffi: 0.0100  loss: 1.9190  lr: 0.0001
     itm tta time 0:00:06
      TTA Epoch: [8] [ 0/50]  eta: 0:00:24  entropy: 0.3466  uncertainty: 1.8633  uncertainty_coeffi: 0.0100  loss: 2.0613  lr: 0.000080  time: 0.4892  data: 0.3421  max mem: 2516
      TTA Epoch: [8] [49/50]  eta: 0:00:00  entropy: 0.4850  uncertainty: 1.5155  uncertainty_coeffi: 0.0100  loss: 1.8682  lr: 0.000090  time: 0.1274  data: 0.0007  max mem: 2516
      TTA Epoch: [8] Total time: 0:00:06 (0.1353 s / it)
     Averaged stats: entropy: 0.3677  uncertainty: 1.6707  uncertainty_coeffi: 0.0100  loss: 1.9169  lr: 0.0001
     itm tta time 0:00:06
      TTA Epoch: [9] [ 0/50]  eta: 0:00:29  entropy: 0.3439  uncertainty: 1.5538  uncertainty_coeffi: 0.0100  loss: 1.7797  lr: 0.000090  time: 0.5866  data: 0.4291  max mem: 2516
      TTA Epoch: [9] [49/50]  eta: 0:00:00  entropy: 0.2931  uncertainty: 1.7216  uncertainty_coeffi: 0.0100  loss: 1.8856  lr: 0.000100  time: 0.1278  data: 0.0005  max mem: 2516
      TTA Epoch: [9] Total time: 0:00:06 (0.1378 s / it)
     Averaged stats: entropy: 0.3399  uncertainty: 1.6661  uncertainty_coeffi: 0.0100  loss: 1.8949  lr: 0.0001
     itm tta time 0:00:06
     Computing matching score
      Evaluation: [   0/1978]  eta: 0:04:22    time: 0.1328  data: 0.0038  max mem: 2516
      Evaluation: [ 100/1978]  eta: 0:04:01    time: 0.1289  data: 0.0000  max mem: 2516
      Evaluation: [ 200/1978]  eta: 0:03:49    time: 0.1334  data: 0.0000  max mem: 2516
      Evaluation: [ 300/1978]  eta: 0:03:36    time: 0.1274  data: 0.0000  max mem: 2516
      Evaluation: [ 400/1978]  eta: 0:03:24    time: 0.1329  data: 0.0000  max mem: 2516
      Evaluation: [ 500/1978]  eta: 0:03:11    time: 0.1302  data: 0.0000  max mem: 2516
      Evaluation: [ 600/1978]  eta: 0:02:58    time: 0.1295  data: 0.0000  max mem: 2516
      Evaluation: [ 700/1978]  eta: 0:02:45    time: 0.1290  data: 0.0000  max mem: 2516
      Evaluation: [ 800/1978]  eta: 0:02:25    time: 0.0690  data: 0.0000  max mem: 2516
      Evaluation: [ 900/1978]  eta: 0:02:06    time: 0.0735  data: 0.0000  max mem: 2516
      Evaluation: [1000/1978]  eta: 0:01:55    time: 0.1367  data: 0.0000  max mem: 2516
      Evaluation: [1100/1978]  eta: 0:01:43    time: 0.1390  data: 0.0000  max mem: 2516
      Evaluation: [1200/1978]  eta: 0:01:32    time: 0.1322  data: 0.0000  max mem: 2516
      Evaluation: [1300/1978]  eta: 0:01:21    time: 0.1285  data: 0.0000  max mem: 2516
      Evaluation: [1400/1978]  eta: 0:01:09    time: 0.1293  data: 0.0000  max mem: 2516
      Evaluation: [1500/1978]  eta: 0:00:57    time: 0.1290  data: 0.0000  max mem: 2516
      Evaluation: [1600/1978]  eta: 0:00:45    time: 0.1286  data: 0.0000  max mem: 2516
      Evaluation: [1700/1978]  eta: 0:00:33    time: 0.1288  data: 0.0000  max mem: 2516
      Evaluation: [1800/1978]  eta: 0:00:21    time: 0.1286  data: 0.0000  max mem: 2516
      Evaluation: [1900/1978]  eta: 0:00:09    time: 0.1286  data: 0.0000  max mem: 2516
      Evaluation: [1977/1978]  eta: 0:00:00    time: 0.1289  data: 0.0000  max mem: 2516
      Evaluation: Total time: 0:04:03 (0.1229 s / it)
     Computing matching score time 0:04:04
### TTA ITM Score: 
+-------+--------+--------+--------+--------+--------+
| epoch |   R1   |   R5   |  R10   |  mAP   |  mINP  |
+-------+--------+--------+--------+--------+--------+
|  -999 | 53.438 | 86.855 | 92.922 | 68.348 | 68.348 |
|  -999 | 72.700 | 97.776 | 99.090 | 84.322 | 84.322 |
|   0   | 72.801 | 97.877 | 99.090 | 84.399 | 84.399 |
|   1   | 72.952 | 97.877 | 99.090 | 84.472 | 84.472 |
|   2   | 73.054 | 97.927 | 99.090 | 84.573 | 84.573 |
|   4   | 73.862 | 97.674 | 99.039 | 84.900 | 84.900 |
|   9   | 74.570 | 97.927 | 99.039 | 85.278 | 85.278 |
+-------+--------+--------+--------+--------+--------+
     logs:  {'epo': 9, 'R1': 74.57, 'R5': 97.927, 'R10': 99.039, 'mAP': 85.278, 'mINP': 85.278, 'entropy': 0.339854, 'uncertainty': 1.666073, 'uncertainty_coeffi': 0.01, 'loss': 1.894889, 'lr': 9.5e-05}
      TTA Epoch: [10] [ 0/50]  eta: 0:00:23  entropy: 0.3158  uncertainty: 1.7931  uncertainty_coeffi: 0.0100  loss: 1.9684  lr: 0.000100  time: 0.4646  data: 0.3166  max mem: 2516
      TTA Epoch: [10] [49/50]  eta: 0:00:00  entropy: 0.1148  uncertainty: 1.5745  uncertainty_coeffi: 0.0100  loss: 1.6673  lr: 0.000098  time: 0.1264  data: 0.0002  max mem: 2516
      TTA Epoch: [10] Total time: 0:00:06 (0.1337 s / it)
     Averaged stats: entropy: 0.3167  uncertainty: 1.6638  uncertainty_coeffi: 0.0100  loss: 1.8782  lr: 0.0001
     itm tta time 0:00:06
      TTA Epoch: [11] [ 0/50]  eta: 0:00:27  entropy: 0.2081  uncertainty: 1.5988  uncertainty_coeffi: 0.0100  loss: 1.7518  lr: 0.000098  time: 0.5522  data: 0.3946  max mem: 2516
      TTA Epoch: [11] [49/50]  eta: 0:00:00  entropy: 0.2338  uncertainty: 1.6920  uncertainty_coeffi: 0.0100  loss: 1.8306  lr: 0.000096  time: 0.1255  data: 0.0002  max mem: 2516
      TTA Epoch: [11] Total time: 0:00:06 (0.1343 s / it)
     Averaged stats: entropy: 0.3084  uncertainty: 1.6639  uncertainty_coeffi: 0.0100  loss: 1.8734  lr: 0.0001
     itm tta time 0:00:06
      TTA Epoch: [12] [ 0/50]  eta: 0:00:27  entropy: 0.3257  uncertainty: 1.6296  uncertainty_coeffi: 0.0100  loss: 1.8454  lr: 0.000096  time: 0.5444  data: 0.3774  max mem: 2516
      TTA Epoch: [12] [49/50]  eta: 0:00:00  entropy: 0.3231  uncertainty: 1.6118  uncertainty_coeffi: 0.0100  loss: 1.8202  lr: 0.000094  time: 0.1257  data: 0.0002  max mem: 2516
      TTA Epoch: [12] Total time: 0:00:06 (0.1345 s / it)
     Averaged stats: entropy: 0.2908  uncertainty: 1.6651  uncertainty_coeffi: 0.0100  loss: 1.8598  lr: 0.0001
     itm tta time 0:00:06
      TTA Epoch: [13] [ 0/50]  eta: 0:00:24  entropy: 0.1353  uncertainty: 1.5904  uncertainty_coeffi: 0.0100  loss: 1.6930  lr: 0.000094  time: 0.4927  data: 0.3569  max mem: 2516
      TTA Epoch: [13] [49/50]  eta: 0:00:00  entropy: 0.3211  uncertainty: 1.9381  uncertainty_coeffi: 0.0100  loss: 2.1310  lr: 0.000092  time: 0.1257  data: 0.0002  max mem: 2516
      TTA Epoch: [13] Total time: 0:00:06 (0.1334 s / it)
     Averaged stats: entropy: 0.2679  uncertainty: 1.6658  uncertainty_coeffi: 0.0100  loss: 1.8463  lr: 0.0001
     itm tta time 0:00:06
      TTA Epoch: [14] [ 0/50]  eta: 0:00:27  entropy: 0.1471  uncertainty: 1.5142  uncertainty_coeffi: 0.0100  loss: 1.6219  lr: 0.000092  time: 0.5472  data: 0.4052  max mem: 2516
      TTA Epoch: [14] [49/50]  eta: 0:00:00  entropy: 0.1935  uncertainty: 1.4469  uncertainty_coeffi: 0.0100  loss: 1.5953  lr: 0.000090  time: 0.1258  data: 0.0002  max mem: 2516
      TTA Epoch: [14] Total time: 0:00:06 (0.1343 s / it)
     Averaged stats: entropy: 0.2539  uncertainty: 1.6681  uncertainty_coeffi: 0.0100  loss: 1.8392  lr: 0.0001
     itm tta time 0:00:06
     Computing matching score
      Evaluation: [   0/1978]  eta: 0:04:16    time: 0.1297  data: 0.0038  max mem: 2516
      Evaluation: [ 100/1978]  eta: 0:04:01    time: 0.1288  data: 0.0000  max mem: 2516
      Evaluation: [ 200/1978]  eta: 0:03:48    time: 0.1295  data: 0.0000  max mem: 2516
      Evaluation: [ 300/1978]  eta: 0:03:36    time: 0.1287  data: 0.0000  max mem: 2516
      Evaluation: [ 400/1978]  eta: 0:03:23    time: 0.1314  data: 0.0000  max mem: 2516
      Evaluation: [ 500/1978]  eta: 0:03:11    time: 0.1290  data: 0.0000  max mem: 2516
      Evaluation: [ 600/1978]  eta: 0:02:58    time: 0.1285  data: 0.0000  max mem: 2516
      Evaluation: [ 700/1978]  eta: 0:02:45    time: 0.1288  data: 0.0000  max mem: 2516
      Evaluation: [ 800/1978]  eta: 0:02:27    time: 0.0978  data: 0.0000  max mem: 2516
      Evaluation: [ 900/1978]  eta: 0:02:15    time: 0.1220  data: 0.0000  max mem: 2516
      Evaluation: [1000/1978]  eta: 0:02:03    time: 0.1315  data: 0.0000  max mem: 2516
      Evaluation: [1100/1978]  eta: 0:01:51    time: 0.1312  data: 0.0000  max mem: 2516
      Evaluation: [1200/1978]  eta: 0:01:38    time: 0.1339  data: 0.0000  max mem: 2516
      Evaluation: [1300/1978]  eta: 0:01:26    time: 0.1350  data: 0.0000  max mem: 2516
      Evaluation: [1400/1978]  eta: 0:01:13    time: 0.1324  data: 0.0000  max mem: 2516
      Evaluation: [1500/1978]  eta: 0:01:01    time: 0.1341  data: 0.0000  max mem: 2516
      Evaluation: [1600/1978]  eta: 0:00:48    time: 0.1310  data: 0.0000  max mem: 2516
      Evaluation: [1700/1978]  eta: 0:00:35    time: 0.1317  data: 0.0000  max mem: 2516
      Evaluation: [1800/1978]  eta: 0:00:22    time: 0.1349  data: 0.0000  max mem: 2516
      Evaluation: [1900/1978]  eta: 0:00:10    time: 0.1336  data: 0.0000  max mem: 2516
      Evaluation: [1977/1978]  eta: 0:00:00    time: 0.1330  data: 0.0000  max mem: 2516
      Evaluation: Total time: 0:04:16 (0.1295 s / it)
     Computing matching score time 0:04:17
### TTA ITM Score: 
+-------+--------+--------+--------+--------+--------+
| epoch |   R1   |   R5   |  R10   |  mAP   |  mINP  |
+-------+--------+--------+--------+--------+--------+
|  -999 | 53.438 | 86.855 | 92.922 | 68.348 | 68.348 |
|  -999 | 72.700 | 97.776 | 99.090 | 84.322 | 84.322 |
|   0   | 72.801 | 97.877 | 99.090 | 84.399 | 84.399 |
|   1   | 72.952 | 97.877 | 99.090 | 84.472 | 84.472 |
|   2   | 73.054 | 97.927 | 99.090 | 84.573 | 84.573 |
|   4   | 73.862 | 97.674 | 99.039 | 84.900 | 84.900 |
|   9   | 74.570 | 97.927 | 99.039 | 85.278 | 85.278 |
|   14  | 75.177 | 97.927 | 99.090 | 85.700 | 85.700 |
+-------+--------+--------+--------+--------+--------+
     logs:  {'epo': 14, 'R1': 75.177, 'R5': 97.927, 'R10': 99.09, 'mAP': 85.7, 'mINP': 85.7, 'entropy': 0.253914, 'uncertainty': 1.668126, 'uncertainty_coeffi': 0.01, 'loss': 1.839194, 'lr': 9.1e-05}
      TTA Epoch: [15] [ 0/50]  eta: 0:00:28  entropy: 0.3888  uncertainty: 1.6838  uncertainty_coeffi: 0.0100  loss: 1.9787  lr: 0.000090  time: 0.5719  data: 0.4121  max mem: 2516
      TTA Epoch: [15] [49/50]  eta: 0:00:00  entropy: 0.1336  uncertainty: 1.5731  uncertainty_coeffi: 0.0100  loss: 1.6783  lr: 0.000088  time: 0.1260  data: 0.0004  max mem: 2516
      TTA Epoch: [15] Total time: 0:00:06 (0.1357 s / it)
     Averaged stats: entropy: 0.2471  uncertainty: 1.6661  uncertainty_coeffi: 0.0100  loss: 1.8328  lr: 0.0001
     itm tta time 0:00:06
      TTA Epoch: [16] [ 0/50]  eta: 0:00:27  entropy: 0.2010  uncertainty: 1.8106  uncertainty_coeffi: 0.0100  loss: 1.9529  lr: 0.000088  time: 0.5424  data: 0.3847  max mem: 2516
      TTA Epoch: [16] [49/50]  eta: 0:00:00  entropy: 0.2586  uncertainty: 1.9327  uncertainty_coeffi: 0.0100  loss: 2.0842  lr: 0.000086  time: 0.1261  data: 0.0006  max mem: 2516
      TTA Epoch: [16] Total time: 0:00:06 (0.1350 s / it)
     Averaged stats: entropy: 0.2433  uncertainty: 1.6667  uncertainty_coeffi: 0.0100  loss: 1.8303  lr: 0.0001
     itm tta time 0:00:06
      TTA Epoch: [17] [ 0/50]  eta: 0:00:23  entropy: 0.3546  uncertainty: 1.3454  uncertainty_coeffi: 0.0100  loss: 1.6181  lr: 0.000086  time: 0.4705  data: 0.3210  max mem: 2516
      TTA Epoch: [17] [49/50]  eta: 0:00:00  entropy: 0.1923  uncertainty: 1.6543  uncertainty_coeffi: 0.0100  loss: 1.7867  lr: 0.000084  time: 0.1260  data: 0.0004  max mem: 2516
      TTA Epoch: [17] Total time: 0:00:06 (0.1338 s / it)
     Averaged stats: entropy: 0.2300  uncertainty: 1.6650  uncertainty_coeffi: 0.0100  loss: 1.8205  lr: 0.0001
     itm tta time 0:00:06
      TTA Epoch: [18] [ 0/50]  eta: 0:00:28  entropy: 0.1405  uncertainty: 1.6447  uncertainty_coeffi: 0.0100  loss: 1.7506  lr: 0.000084  time: 0.5717  data: 0.4134  max mem: 2516
      TTA Epoch: [18] [49/50]  eta: 0:00:00  entropy: 0.1905  uncertainty: 1.7603  uncertainty_coeffi: 0.0100  loss: 1.8877  lr: 0.000082  time: 0.1261  data: 0.0006  max mem: 2516
      TTA Epoch: [18] Total time: 0:00:06 (0.1361 s / it)
     Averaged stats: entropy: 0.2324  uncertainty: 1.6618  uncertainty_coeffi: 0.0100  loss: 1.8191  lr: 0.0001
     itm tta time 0:00:06
      TTA Epoch: [19] [ 0/50]  eta: 0:00:27  entropy: 0.0970  uncertainty: 1.7521  uncertainty_coeffi: 0.0100  loss: 1.8085  lr: 0.000082  time: 0.5455  data: 0.3889  max mem: 2516
      TTA Epoch: [19] [49/50]  eta: 0:00:00  entropy: 0.2612  uncertainty: 1.8092  uncertainty_coeffi: 0.0100  loss: 1.9941  lr: 0.000080  time: 0.1262  data: 0.0004  max mem: 2516
      TTA Epoch: [19] Total time: 0:00:06 (0.1350 s / it)
     Averaged stats: entropy: 0.2073  uncertainty: 1.6648  uncertainty_coeffi: 0.0100  loss: 1.8045  lr: 0.0001
     itm tta time 0:00:06
     Computing matching score
      Evaluation: [   0/1978]  eta: 0:04:27    time: 0.1350  data: 0.0038  max mem: 2516
      Evaluation: [ 100/1978]  eta: 0:04:02    time: 0.1286  data: 0.0000  max mem: 2516
      Evaluation: [ 200/1978]  eta: 0:03:50    time: 0.1288  data: 0.0000  max mem: 2516
      Evaluation: [ 300/1978]  eta: 0:03:37    time: 0.1288  data: 0.0000  max mem: 2516
      Evaluation: [ 400/1978]  eta: 0:03:24    time: 0.1290  data: 0.0000  max mem: 2516
      Evaluation: [ 500/1978]  eta: 0:03:10    time: 0.1302  data: 0.0000  max mem: 2516
      Evaluation: [ 600/1978]  eta: 0:02:53    time: 0.0914  data: 0.0000  max mem: 2516
      Evaluation: [ 700/1978]  eta: 0:02:40    time: 0.1258  data: 0.0000  max mem: 2516
      Evaluation: [ 800/1978]  eta: 0:02:28    time: 0.1287  data: 0.0000  max mem: 2516
      Evaluation: [ 900/1978]  eta: 0:02:16    time: 0.1293  data: 0.0000  max mem: 2516
      Evaluation: [1000/1978]  eta: 0:02:03    time: 0.1278  data: 0.0000  max mem: 2516
      Evaluation: [1100/1978]  eta: 0:01:51    time: 0.1267  data: 0.0000  max mem: 2516
      Evaluation: [1200/1978]  eta: 0:01:38    time: 0.1288  data: 0.0000  max mem: 2516
      Evaluation: [1300/1978]  eta: 0:01:26    time: 0.1290  data: 0.0000  max mem: 2516
      Evaluation: [1400/1978]  eta: 0:01:13    time: 0.1281  data: 0.0000  max mem: 2516
      Evaluation: [1500/1978]  eta: 0:01:00    time: 0.1287  data: 0.0000  max mem: 2516
      Evaluation: [1600/1978]  eta: 0:00:48    time: 0.1286  data: 0.0000  max mem: 2516
      Evaluation: [1700/1978]  eta: 0:00:35    time: 0.1286  data: 0.0000  max mem: 2516
      Evaluation: [1800/1978]  eta: 0:00:22    time: 0.1288  data: 0.0000  max mem: 2516
      Evaluation: [1900/1978]  eta: 0:00:09    time: 0.1288  data: 0.0000  max mem: 2516
      Evaluation: [1977/1978]  eta: 0:00:00    time: 0.1288  data: 0.0000  max mem: 2516
      Evaluation: Total time: 0:04:12 (0.1276 s / it)
     Computing matching score time 0:04:14
### TTA ITM Score: 
+-------+--------+--------+--------+--------+--------+
| epoch |   R1   |   R5   |  R10   |  mAP   |  mINP  |
+-------+--------+--------+--------+--------+--------+
|  -999 | 53.438 | 86.855 | 92.922 | 68.348 | 68.348 |
|  -999 | 72.700 | 97.776 | 99.090 | 84.322 | 84.322 |
|   0   | 72.801 | 97.877 | 99.090 | 84.399 | 84.399 |
|   1   | 72.952 | 97.877 | 99.090 | 84.472 | 84.472 |
|   2   | 73.054 | 97.927 | 99.090 | 84.573 | 84.573 |
|   4   | 73.862 | 97.674 | 99.039 | 84.900 | 84.900 |
|   9   | 74.570 | 97.927 | 99.039 | 85.278 | 85.278 |
|   14  | 75.177 | 97.927 | 99.090 | 85.700 | 85.700 |
|   19  | 75.834 | 97.927 | 99.039 | 86.040 | 86.040 |
+-------+--------+--------+--------+--------+--------+
     logs:  {'epo': 19, 'R1': 75.834, 'R5': 97.927, 'R10': 99.039, 'mAP': 86.04, 'mINP': 86.04, 'entropy': 0.207315, 'uncertainty': 1.664764, 'uncertainty_coeffi': 0.01, 'loss': 1.804454, 'lr': 8.1e-05}
      TTA Epoch: [20] [ 0/50]  eta: 0:00:25  entropy: 0.1114  uncertainty: 1.4013  uncertainty_coeffi: 0.0100  loss: 1.4956  lr: 0.000080  time: 0.5151  data: 0.3783  max mem: 2516
      TTA Epoch: [20] [49/50]  eta: 0:00:00  entropy: 0.2987  uncertainty: 1.4871  uncertainty_coeffi: 0.0100  loss: 1.7086  lr: 0.000079  time: 0.1258  data: 0.0003  max mem: 2516
      TTA Epoch: [20] Total time: 0:00:06 (0.1341 s / it)
     Averaged stats: entropy: 0.2205  uncertainty: 1.6652  uncertainty_coeffi: 0.0100  loss: 1.8139  lr: 0.0001
     itm tta time 0:00:06
      TTA Epoch: [21] [ 0/50]  eta: 0:00:26  entropy: 0.1140  uncertainty: 1.8894  uncertainty_coeffi: 0.0100  loss: 1.9774  lr: 0.000078  time: 0.5234  data: 0.3710  max mem: 2516
      TTA Epoch: [21] [49/50]  eta: 0:00:00  entropy: 0.0924  uncertainty: 1.7557  uncertainty_coeffi: 0.0100  loss: 1.8044  lr: 0.000077  time: 0.1261  data: 0.0006  max mem: 2516
      TTA Epoch: [21] Total time: 0:00:06 (0.1348 s / it)
     Averaged stats: entropy: 0.2012  uncertainty: 1.6705  uncertainty_coeffi: 0.0100  loss: 1.8057  lr: 0.0001
     itm tta time 0:00:06
      TTA Epoch: [22] [ 0/50]  eta: 0:00:21  entropy: 0.0777  uncertainty: 1.6643  uncertainty_coeffi: 0.0100  loss: 1.7279  lr: 0.000077  time: 0.4388  data: 0.2958  max mem: 2516
      TTA Epoch: [22] [49/50]  eta: 0:00:00  entropy: 0.1609  uncertainty: 1.6096  uncertainty_coeffi: 0.0100  loss: 1.7105  lr: 0.000075  time: 0.1259  data: 0.0003  max mem: 2516
      TTA Epoch: [22] Total time: 0:00:06 (0.1329 s / it)
     Averaged stats: entropy: 0.1920  uncertainty: 1.6699  uncertainty_coeffi: 0.0100  loss: 1.7991  lr: 0.0001
     itm tta time 0:00:06
      TTA Epoch: [23] [ 0/50]  eta: 0:00:26  entropy: 0.2910  uncertainty: 1.5099  uncertainty_coeffi: 0.0100  loss: 1.6942  lr: 0.000075  time: 0.5305  data: 0.3798  max mem: 2516
      TTA Epoch: [23] [49/50]  eta: 0:00:00  entropy: 0.1727  uncertainty: 1.6913  uncertainty_coeffi: 0.0100  loss: 1.8268  lr: 0.000073  time: 0.1262  data: 0.0005  max mem: 2516
      TTA Epoch: [23] Total time: 0:00:06 (0.1348 s / it)
     Averaged stats: entropy: 0.1910  uncertainty: 1.6675  uncertainty_coeffi: 0.0100  loss: 1.7960  lr: 0.0001
     itm tta time 0:00:06
      TTA Epoch: [24] [ 0/50]  eta: 0:00:23  entropy: 0.1813  uncertainty: 1.6182  uncertainty_coeffi: 0.0100  loss: 1.7384  lr: 0.000073  time: 0.4611  data: 0.3179  max mem: 2516
      TTA Epoch: [24] [49/50]  eta: 0:00:00  entropy: 0.3138  uncertainty: 1.4537  uncertainty_coeffi: 0.0100  loss: 1.6598  lr: 0.000071  time: 0.1259  data: 0.0004  max mem: 2516
      TTA Epoch: [24] Total time: 0:00:06 (0.1332 s / it)
     Averaged stats: entropy: 0.1892  uncertainty: 1.6653  uncertainty_coeffi: 0.0100  loss: 1.7909  lr: 0.0001
     itm tta time 0:00:06
      TTA Epoch: [25] [ 0/50]  eta: 0:00:27  entropy: 0.2009  uncertainty: 1.5890  uncertainty_coeffi: 0.0100  loss: 1.7329  lr: 0.000071  time: 0.5460  data: 0.3937  max mem: 2516
      TTA Epoch: [25] [49/50]  eta: 0:00:00  entropy: 0.1976  uncertainty: 1.7374  uncertainty_coeffi: 0.0100  loss: 1.8705  lr: 0.000069  time: 0.1261  data: 0.0003  max mem: 2516
      TTA Epoch: [25] Total time: 0:00:06 (0.1350 s / it)
     Averaged stats: entropy: 0.1871  uncertainty: 1.6684  uncertainty_coeffi: 0.0100  loss: 1.7969  lr: 0.0001
     itm tta time 0:00:06
      TTA Epoch: [26] [ 0/50]  eta: 0:00:26  entropy: 0.1159  uncertainty: 1.9115  uncertainty_coeffi: 0.0100  loss: 1.9663  lr: 0.000069  time: 0.5386  data: 0.3816  max mem: 2516
      TTA Epoch: [26] [49/50]  eta: 0:00:00  entropy: 0.1135  uncertainty: 1.5686  uncertainty_coeffi: 0.0100  loss: 1.6487  lr: 0.000067  time: 0.1261  data: 0.0004  max mem: 2516
      TTA Epoch: [26] Total time: 0:00:06 (0.1349 s / it)
     Averaged stats: entropy: 0.1789  uncertainty: 1.6641  uncertainty_coeffi: 0.0100  loss: 1.7844  lr: 0.0001
     itm tta time 0:00:06
      TTA Epoch: [27] [ 0/50]  eta: 0:00:29  entropy: 0.2336  uncertainty: 1.5110  uncertainty_coeffi: 0.0100  loss: 1.6801  lr: 0.000067  time: 0.5987  data: 0.4445  max mem: 2516
      TTA Epoch: [27] [49/50]  eta: 0:00:00  entropy: 0.1348  uncertainty: 1.6502  uncertainty_coeffi: 0.0100  loss: 1.7196  lr: 0.000065  time: 0.1261  data: 0.0005  max mem: 2516
      TTA Epoch: [27] Total time: 0:00:06 (0.1364 s / it)
     Averaged stats: entropy: 0.1838  uncertainty: 1.6663  uncertainty_coeffi: 0.0100  loss: 1.7893  lr: 0.0001
     itm tta time 0:00:06
      TTA Epoch: [28] [ 0/50]  eta: 0:00:23  entropy: 0.2603  uncertainty: 1.5315  uncertainty_coeffi: 0.0100  loss: 1.7278  lr: 0.000065  time: 0.4682  data: 0.3124  max mem: 2516
      TTA Epoch: [28] [49/50]  eta: 0:00:00  entropy: 0.1108  uncertainty: 1.8187  uncertainty_coeffi: 0.0100  loss: 1.9089  lr: 0.000063  time: 0.1260  data: 0.0003  max mem: 2516
      TTA Epoch: [28] Total time: 0:00:06 (0.1335 s / it)
     Averaged stats: entropy: 0.1767  uncertainty: 1.6695  uncertainty_coeffi: 0.0100  loss: 1.7884  lr: 0.0001
     itm tta time 0:00:06
      TTA Epoch: [29] [ 0/50]  eta: 0:00:25  entropy: 0.1962  uncertainty: 1.5813  uncertainty_coeffi: 0.0100  loss: 1.7432  lr: 0.000063  time: 0.5040  data: 0.3571  max mem: 2516
      TTA Epoch: [29] [49/50]  eta: 0:00:00  entropy: 0.1942  uncertainty: 1.5313  uncertainty_coeffi: 0.0100  loss: 1.6418  lr: 0.000061  time: 0.1262  data: 0.0005  max mem: 2516
      TTA Epoch: [29] Total time: 0:00:06 (0.1346 s / it)
     Averaged stats: entropy: 0.1715  uncertainty: 1.6702  uncertainty_coeffi: 0.0100  loss: 1.7866  lr: 0.0001
     itm tta time 0:00:06
     Computing matching score
      Evaluation: [   0/1978]  eta: 0:04:28    time: 0.1356  data: 0.0036  max mem: 2516
      Evaluation: [ 100/1978]  eta: 0:03:58    time: 0.1207  data: 0.0000  max mem: 2516
      Evaluation: [ 200/1978]  eta: 0:03:31    time: 0.1264  data: 0.0000  max mem: 2516
      Evaluation: [ 300/1978]  eta: 0:03:23    time: 0.1285  data: 0.0000  max mem: 2516
      Evaluation: [ 400/1978]  eta: 0:03:14    time: 0.1292  data: 0.0000  max mem: 2516
      Evaluation: [ 500/1978]  eta: 0:03:04    time: 0.1291  data: 0.0000  max mem: 2516
      Evaluation: [ 600/1978]  eta: 0:02:52    time: 0.1268  data: 0.0000  max mem: 2516
      Evaluation: [ 700/1978]  eta: 0:02:40    time: 0.1284  data: 0.0000  max mem: 2516
      Evaluation: [ 800/1978]  eta: 0:02:28    time: 0.1288  data: 0.0000  max mem: 2516
      Evaluation: [ 900/1978]  eta: 0:02:16    time: 0.1282  data: 0.0000  max mem: 2516
      Evaluation: [1000/1978]  eta: 0:02:03    time: 0.1293  data: 0.0000  max mem: 2516
      Evaluation: [1100/1978]  eta: 0:01:51    time: 0.1286  data: 0.0000  max mem: 2516
      Evaluation: [1200/1978]  eta: 0:01:38    time: 0.1288  data: 0.0000  max mem: 2516
      Evaluation: [1300/1978]  eta: 0:01:26    time: 0.1322  data: 0.0000  max mem: 2516
      Evaluation: [1400/1978]  eta: 0:01:13    time: 0.1291  data: 0.0000  max mem: 2516
      Evaluation: [1500/1978]  eta: 0:01:00    time: 0.1284  data: 0.0000  max mem: 2516
      Evaluation: [1600/1978]  eta: 0:00:48    time: 0.1284  data: 0.0000  max mem: 2516
      Evaluation: [1700/1978]  eta: 0:00:35    time: 0.1281  data: 0.0000  max mem: 2516
      Evaluation: [1800/1978]  eta: 0:00:22    time: 0.1285  data: 0.0000  max mem: 2516
      Evaluation: [1900/1978]  eta: 0:00:09    time: 0.1281  data: 0.0000  max mem: 2516
      Evaluation: [1977/1978]  eta: 0:00:00    time: 0.1285  data: 0.0000  max mem: 2516
      Evaluation: Total time: 0:04:12 (0.1277 s / it)
     Computing matching score time 0:04:14
### TTA ITM Score: 
+-------+--------+--------+--------+--------+--------+
| epoch |   R1   |   R5   |  R10   |  mAP   |  mINP  |
+-------+--------+--------+--------+--------+--------+
|  -999 | 53.438 | 86.855 | 92.922 | 68.348 | 68.348 |
|  -999 | 72.700 | 97.776 | 99.090 | 84.322 | 84.322 |
|   0   | 72.801 | 97.877 | 99.090 | 84.399 | 84.399 |
|   1   | 72.952 | 97.877 | 99.090 | 84.472 | 84.472 |
|   2   | 73.054 | 97.927 | 99.090 | 84.573 | 84.573 |
|   4   | 73.862 | 97.674 | 99.039 | 84.900 | 84.900 |
|   9   | 74.570 | 97.927 | 99.039 | 85.278 | 85.278 |
|   14  | 75.177 | 97.927 | 99.090 | 85.700 | 85.700 |
|   19  | 75.834 | 97.927 | 99.039 | 86.040 | 86.040 |
|   29  | 75.581 | 97.978 | 98.989 | 85.924 | 85.924 |
+-------+--------+--------+--------+--------+--------+
     logs:  {'epo': 29, 'R1': 75.581, 'R5': 97.978, 'R10': 98.989, 'mAP': 85.924, 'mINP': 85.924, 'entropy': 0.171459, 'uncertainty': 1.670219, 'uncertainty_coeffi': 0.01, 'loss': 1.786574, 'lr': 6.2e-05}
      TTA Epoch: [30] [ 0/50]  eta: 0:00:22  entropy: 0.1030  uncertainty: 1.5375  uncertainty_coeffi: 0.0100  loss: 1.6129  lr: 0.000061  time: 0.4483  data: 0.3014  max mem: 2516
      TTA Epoch: [30] [49/50]  eta: 0:00:00  entropy: 0.1568  uncertainty: 1.7428  uncertainty_coeffi: 0.0100  loss: 1.8376  lr: 0.000059  time: 0.1260  data: 0.0004  max mem: 2516
      TTA Epoch: [30] Total time: 0:00:06 (0.1331 s / it)
     Averaged stats: entropy: 0.1683  uncertainty: 1.6707  uncertainty_coeffi: 0.0100  loss: 1.7831  lr: 0.0001
     itm tta time 0:00:06
      TTA Epoch: [31] [ 0/50]  eta: 0:00:23  entropy: 0.1604  uncertainty: 1.5132  uncertainty_coeffi: 0.0100  loss: 1.6182  lr: 0.000059  time: 0.4760  data: 0.3280  max mem: 2516
      TTA Epoch: [31] [49/50]  eta: 0:00:00  entropy: 0.2014  uncertainty: 1.6755  uncertainty_coeffi: 0.0100  loss: 1.8009  lr: 0.000057  time: 0.1259  data: 0.0002  max mem: 2516
      TTA Epoch: [31] Total time: 0:00:06 (0.1339 s / it)
     Averaged stats: entropy: 0.1666  uncertainty: 1.6674  uncertainty_coeffi: 0.0100  loss: 1.7789  lr: 0.0001
     itm tta time 0:00:06
      TTA Epoch: [32] [ 0/50]  eta: 0:00:23  entropy: 0.2169  uncertainty: 1.7391  uncertainty_coeffi: 0.0100  loss: 1.9050  lr: 0.000057  time: 0.4752  data: 0.3214  max mem: 2516
      TTA Epoch: [32] [49/50]  eta: 0:00:00  entropy: 0.0843  uncertainty: 1.7940  uncertainty_coeffi: 0.0100  loss: 1.8345  lr: 0.000055  time: 0.1261  data: 0.0003  max mem: 2516
      TTA Epoch: [32] Total time: 0:00:06 (0.1341 s / it)
     Averaged stats: entropy: 0.1640  uncertainty: 1.6650  uncertainty_coeffi: 0.0100  loss: 1.7752  lr: 0.0001
     itm tta time 0:00:06
      TTA Epoch: [33] [ 0/50]  eta: 0:00:25  entropy: 0.0847  uncertainty: 1.5963  uncertainty_coeffi: 0.0100  loss: 1.6605  lr: 0.000055  time: 0.5069  data: 0.3662  max mem: 2516
      TTA Epoch: [33] [49/50]  eta: 0:00:00  entropy: 0.1644  uncertainty: 1.5102  uncertainty_coeffi: 0.0100  loss: 1.6436  lr: 0.000053  time: 0.0825  data: 0.0003  max mem: 2516
      TTA Epoch: [33] Total time: 0:00:05 (0.1169 s / it)
     Averaged stats: entropy: 0.1568  uncertainty: 1.6702  uncertainty_coeffi: 0.0100  loss: 1.7748  lr: 0.0001
     itm tta time 0:00:05
      TTA Epoch: [34] [ 0/50]  eta: 0:00:21  entropy: 0.1193  uncertainty: 1.7076  uncertainty_coeffi: 0.0100  loss: 1.7822  lr: 0.000053  time: 0.4376  data: 0.3486  max mem: 2516
      TTA Epoch: [34] [49/50]  eta: 0:00:00  entropy: 0.2126  uncertainty: 1.5157  uncertainty_coeffi: 0.0100  loss: 1.6547  lr: 0.000051  time: 0.1198  data: 0.0001  max mem: 2516
      TTA Epoch: [34] Total time: 0:00:06 (0.1204 s / it)
     Averaged stats: entropy: 0.1499  uncertainty: 1.6649  uncertainty_coeffi: 0.0100  loss: 1.7668  lr: 0.0001
     itm tta time 0:00:06
      TTA Epoch: [35] [ 0/50]  eta: 0:00:27  entropy: 0.0872  uncertainty: 1.5031  uncertainty_coeffi: 0.0100  loss: 1.5642  lr: 0.000051  time: 0.5537  data: 0.4018  max mem: 2516
      TTA Epoch: [35] [49/50]  eta: 0:00:00  entropy: 0.1214  uncertainty: 2.0571  uncertainty_coeffi: 0.0100  loss: 2.1278  lr: 0.000049  time: 0.1201  data: 0.0001  max mem: 2516
      TTA Epoch: [35] Total time: 0:00:06 (0.1288 s / it)
     Averaged stats: entropy: 0.1546  uncertainty: 1.6694  uncertainty_coeffi: 0.0100  loss: 1.7715  lr: 0.0001
     itm tta time 0:00:06
      TTA Epoch: [36] [ 0/50]  eta: 0:00:19  entropy: 0.1245  uncertainty: 1.7057  uncertainty_coeffi: 0.0100  loss: 1.7732  lr: 0.000049  time: 0.3939  data: 0.3065  max mem: 2516
      TTA Epoch: [36] [49/50]  eta: 0:00:00  entropy: 0.1813  uncertainty: 1.3164  uncertainty_coeffi: 0.0100  loss: 1.4702  lr: 0.000047  time: 0.1224  data: 0.0001  max mem: 2516
      TTA Epoch: [36] Total time: 0:00:06 (0.1272 s / it)
     Averaged stats: entropy: 0.1601  uncertainty: 1.6675  uncertainty_coeffi: 0.0100  loss: 1.7761  lr: 0.0000
     itm tta time 0:00:06
      TTA Epoch: [37] [ 0/50]  eta: 0:00:27  entropy: 0.1639  uncertainty: 1.4195  uncertainty_coeffi: 0.0100  loss: 1.5279  lr: 0.000047  time: 0.5528  data: 0.3939  max mem: 2516
      TTA Epoch: [37] [49/50]  eta: 0:00:00  entropy: 0.1573  uncertainty: 1.7804  uncertainty_coeffi: 0.0100  loss: 1.8644  lr: 0.000045  time: 0.1219  data: 0.0001  max mem: 2516
      TTA Epoch: [37] Total time: 0:00:06 (0.1296 s / it)
     Averaged stats: entropy: 0.1613  uncertainty: 1.6674  uncertainty_coeffi: 0.0100  loss: 1.7742  lr: 0.0000
     itm tta time 0:00:06
      TTA Epoch: [38] [ 0/50]  eta: 0:00:25  entropy: 0.1424  uncertainty: 1.4725  uncertainty_coeffi: 0.0100  loss: 1.5937  lr: 0.000045  time: 0.5117  data: 0.3650  max mem: 2516
      TTA Epoch: [38] [49/50]  eta: 0:00:00  entropy: 0.0126  uncertainty: 1.7823  uncertainty_coeffi: 0.0100  loss: 1.7911  lr: 0.000043  time: 0.1261  data: 0.0003  max mem: 2516
      TTA Epoch: [38] Total time: 0:00:06 (0.1346 s / it)
     Averaged stats: entropy: 0.1444  uncertainty: 1.6690  uncertainty_coeffi: 0.0100  loss: 1.7665  lr: 0.0000
     itm tta time 0:00:06
      TTA Epoch: [39] [ 0/50]  eta: 0:00:27  entropy: 0.1086  uncertainty: 1.5707  uncertainty_coeffi: 0.0100  loss: 1.6341  lr: 0.000043  time: 0.5562  data: 0.4034  max mem: 2516
      TTA Epoch: [39] [49/50]  eta: 0:00:00  entropy: 0.1994  uncertainty: 1.6577  uncertainty_coeffi: 0.0100  loss: 1.8073  lr: 0.000021  time: 0.1260  data: 0.0005  max mem: 2516
      TTA Epoch: [39] Total time: 0:00:06 (0.1357 s / it)
     Averaged stats: entropy: 0.1508  uncertainty: 1.6642  uncertainty_coeffi: 0.0100  loss: 1.7636  lr: 0.0000
     itm tta time 0:00:06
     Computing matching score
      Evaluation: [   0/1978]  eta: 0:04:53    time: 0.1483  data: 0.0039  max mem: 2516
      Evaluation: [ 100/1978]  eta: 0:04:02    time: 0.1286  data: 0.0000  max mem: 2516
      Evaluation: [ 200/1978]  eta: 0:03:49    time: 0.1285  data: 0.0000  max mem: 2516
      Evaluation: [ 300/1978]  eta: 0:03:35    time: 0.1282  data: 0.0000  max mem: 2516
      Evaluation: [ 400/1978]  eta: 0:03:22    time: 0.1283  data: 0.0000  max mem: 2516
      Evaluation: [ 500/1978]  eta: 0:03:09    time: 0.1282  data: 0.0000  max mem: 2516
      Evaluation: [ 600/1978]  eta: 0:02:57    time: 0.1283  data: 0.0000  max mem: 2516
      Evaluation: [ 700/1978]  eta: 0:02:44    time: 0.1283  data: 0.0000  max mem: 2516
      Evaluation: [ 800/1978]  eta: 0:02:31    time: 0.1282  data: 0.0000  max mem: 2516
      Evaluation: [ 900/1978]  eta: 0:02:18    time: 0.1283  data: 0.0000  max mem: 2516
      Evaluation: [1000/1978]  eta: 0:02:05    time: 0.1282  data: 0.0000  max mem: 2516
      Evaluation: [1100/1978]  eta: 0:01:52    time: 0.1295  data: 0.0000  max mem: 2516
      Evaluation: [1200/1978]  eta: 0:01:39    time: 0.1284  data: 0.0000  max mem: 2516
      Evaluation: [1300/1978]  eta: 0:01:27    time: 0.1283  data: 0.0000  max mem: 2516
      Evaluation: [1400/1978]  eta: 0:01:14    time: 0.1279  data: 0.0000  max mem: 2516
      Evaluation: [1500/1978]  eta: 0:01:01    time: 0.1281  data: 0.0000  max mem: 2516
      Evaluation: [1600/1978]  eta: 0:00:48    time: 0.1283  data: 0.0000  max mem: 2516
      Evaluation: [1700/1978]  eta: 0:00:35    time: 0.1284  data: 0.0000  max mem: 2516
      Evaluation: [1800/1978]  eta: 0:00:22    time: 0.1284  data: 0.0000  max mem: 2516
      Evaluation: [1900/1978]  eta: 0:00:09    time: 0.0976  data: 0.0000  max mem: 2516
      Evaluation: [1977/1978]  eta: 0:00:00    time: 0.1264  data: 0.0000  max mem: 2516
      Evaluation: Total time: 0:04:12 (0.1274 s / it)
     Computing matching score time 0:04:13
### TTA ITM Score: 
+-------+--------+--------+--------+--------+--------+
| epoch |   R1   |   R5   |  R10   |  mAP   |  mINP  |
+-------+--------+--------+--------+--------+--------+
|  -999 | 53.438 | 86.855 | 92.922 | 68.348 | 68.348 |
|  -999 | 72.700 | 97.776 | 99.090 | 84.322 | 84.322 |
|   0   | 72.801 | 97.877 | 99.090 | 84.399 | 84.399 |
|   1   | 72.952 | 97.877 | 99.090 | 84.472 | 84.472 |
|   2   | 73.054 | 97.927 | 99.090 | 84.573 | 84.573 |
|   4   | 73.862 | 97.674 | 99.039 | 84.900 | 84.900 |
|   9   | 74.570 | 97.927 | 99.039 | 85.278 | 85.278 |
|   14  | 75.177 | 97.927 | 99.090 | 85.700 | 85.700 |
|   19  | 75.834 | 97.927 | 99.039 | 86.040 | 86.040 |
|   29  | 75.581 | 97.978 | 98.989 | 85.924 | 85.924 |
|   39  | 75.430 | 97.978 | 98.938 | 85.809 | 85.809 |
+-------+--------+--------+--------+--------+--------+
     logs:  {'epo': 39, 'R1': 75.43, 'R5': 97.978, 'R10': 98.938, 'mAP': 85.809, 'mINP': 85.809, 'entropy': 0.150813, 'uncertainty': 1.664178, 'uncertainty_coeffi': 0.01, 'loss': 1.763591, 'lr': 4.2e-05}
      TTA Epoch: [40] [ 0/50]  eta: 0:00:28  entropy: 0.0846  uncertainty: 1.4774  uncertainty_coeffi: 0.0100  loss: 1.5465  lr: 0.000021  time: 0.5774  data: 0.4301  max mem: 2516
      TTA Epoch: [40] [49/50]  eta: 0:00:00  entropy: 0.1569  uncertainty: 1.8195  uncertainty_coeffi: 0.0100  loss: 1.9279  lr: 0.000020  time: 0.1154  data: 0.0001  max mem: 2516
      TTA Epoch: [40] Total time: 0:00:06 (0.1247 s / it)
     Averaged stats: entropy: 0.1524  uncertainty: 1.6668  uncertainty_coeffi: 0.0100  loss: 1.7693  lr: 0.0000
     itm tta time 0:00:06
      TTA Epoch: [41] [ 0/50]  eta: 0:00:24  entropy: 0.0900  uncertainty: 1.4861  uncertainty_coeffi: 0.0100  loss: 1.5515  lr: 0.000020  time: 0.4817  data: 0.3504  max mem: 2516
      TTA Epoch: [41] [49/50]  eta: 0:00:00  entropy: 0.1893  uncertainty: 1.5501  uncertainty_coeffi: 0.0100  loss: 1.6526  lr: 0.000019  time: 0.1060  data: 0.0001  max mem: 2516
      TTA Epoch: [41] Total time: 0:00:06 (0.1228 s / it)
     Averaged stats: entropy: 0.1383  uncertainty: 1.6685  uncertainty_coeffi: 0.0100  loss: 1.7616  lr: 0.0000
     itm tta time 0:00:06
      TTA Epoch: [42] [ 0/50]  eta: 0:00:28  entropy: 0.0650  uncertainty: 1.8621  uncertainty_coeffi: 0.0100  loss: 1.8998  lr: 0.000019  time: 0.5745  data: 0.4371  max mem: 2516
      TTA Epoch: [42] [49/50]  eta: 0:00:00  entropy: 0.1067  uncertainty: 1.7169  uncertainty_coeffi: 0.0100  loss: 1.7928  lr: 0.000018  time: 0.1225  data: 0.0001  max mem: 2516
      TTA Epoch: [42] Total time: 0:00:06 (0.1310 s / it)
     Averaged stats: entropy: 0.1455  uncertainty: 1.6666  uncertainty_coeffi: 0.0100  loss: 1.7630  lr: 0.0000
     itm tta time 0:00:06
      TTA Epoch: [43] [ 0/50]  eta: 0:00:28  entropy: 0.0355  uncertainty: 1.8267  uncertainty_coeffi: 0.0100  loss: 1.8478  lr: 0.000018  time: 0.5636  data: 0.4179  max mem: 2516
      TTA Epoch: [43] [49/50]  eta: 0:00:00  entropy: 0.1268  uncertainty: 1.6216  uncertainty_coeffi: 0.0100  loss: 1.7168  lr: 0.000017  time: 0.0937  data: 0.0001  max mem: 2516
      TTA Epoch: [43] Total time: 0:00:05 (0.1158 s / it)
     Averaged stats: entropy: 0.1365  uncertainty: 1.6652  uncertainty_coeffi: 0.0100  loss: 1.7578  lr: 0.0000
     itm tta time 0:00:05
      TTA Epoch: [44] [ 0/50]  eta: 0:00:26  entropy: 0.0730  uncertainty: 1.6075  uncertainty_coeffi: 0.0100  loss: 1.6708  lr: 0.000017  time: 0.5386  data: 0.3839  max mem: 2516
      TTA Epoch: [44] [49/50]  eta: 0:00:00  entropy: 0.1629  uncertainty: 1.5560  uncertainty_coeffi: 0.0100  loss: 1.6773  lr: 0.000016  time: 0.1216  data: 0.0001  max mem: 2516
      TTA Epoch: [44] Total time: 0:00:06 (0.1300 s / it)
     Averaged stats: entropy: 0.1513  uncertainty: 1.6672  uncertainty_coeffi: 0.0100  loss: 1.7693  lr: 0.0000
     itm tta time 0:00:06
      TTA Epoch: [45] [ 0/50]  eta: 0:00:23  entropy: 0.2813  uncertainty: 1.3464  uncertainty_coeffi: 0.0100  loss: 1.5622  lr: 0.000016  time: 0.4744  data: 0.3384  max mem: 2516
      TTA Epoch: [45] [49/50]  eta: 0:00:00  entropy: 0.0920  uncertainty: 1.5797  uncertainty_coeffi: 0.0100  loss: 1.6472  lr: 0.000015  time: 0.0931  data: 0.0001  max mem: 2516
      TTA Epoch: [45] Total time: 0:00:05 (0.1164 s / it)
     Averaged stats: entropy: 0.1377  uncertainty: 1.6656  uncertainty_coeffi: 0.0100  loss: 1.7590  lr: 0.0000
     itm tta time 0:00:05
      TTA Epoch: [46] [ 0/50]  eta: 0:00:24  entropy: 0.1833  uncertainty: 1.5857  uncertainty_coeffi: 0.0100  loss: 1.7369  lr: 0.000015  time: 0.4825  data: 0.3467  max mem: 2516
      TTA Epoch: [46] [49/50]  eta: 0:00:00  entropy: 0.1643  uncertainty: 1.6487  uncertainty_coeffi: 0.0100  loss: 1.7260  lr: 0.000014  time: 0.1219  data: 0.0001  max mem: 2516
      TTA Epoch: [46] Total time: 0:00:06 (0.1289 s / it)
     Averaged stats: entropy: 0.1374  uncertainty: 1.6700  uncertainty_coeffi: 0.0100  loss: 1.7607  lr: 0.0000
     itm tta time 0:00:06
      TTA Epoch: [47] [ 0/50]  eta: 0:00:24  entropy: 0.1852  uncertainty: 1.7443  uncertainty_coeffi: 0.0100  loss: 1.8743  lr: 0.000014  time: 0.4988  data: 0.3507  max mem: 2516
      TTA Epoch: [47] [49/50]  eta: 0:00:00  entropy: 0.2298  uncertainty: 1.4996  uncertainty_coeffi: 0.0100  loss: 1.6444  lr: 0.000013  time: 0.1186  data: 0.0001  max mem: 2516
      TTA Epoch: [47] Total time: 0:00:06 (0.1256 s / it)
     Averaged stats: entropy: 0.1358  uncertainty: 1.6594  uncertainty_coeffi: 0.0100  loss: 1.7513  lr: 0.0000
     itm tta time 0:00:06
      TTA Epoch: [48] [ 0/50]  eta: 0:00:25  entropy: 0.1560  uncertainty: 1.8560  uncertainty_coeffi: 0.0100  loss: 1.9233  lr: 0.000013  time: 0.5105  data: 0.3735  max mem: 2516
      TTA Epoch: [48] [49/50]  eta: 0:00:00  entropy: 0.2534  uncertainty: 1.5143  uncertainty_coeffi: 0.0100  loss: 1.7057  lr: 0.000012  time: 0.1258  data: 0.0002  max mem: 2516
      TTA Epoch: [48] Total time: 0:00:06 (0.1344 s / it)
     Averaged stats: entropy: 0.1450  uncertainty: 1.6684  uncertainty_coeffi: 0.0100  loss: 1.7668  lr: 0.0000
     itm tta time 0:00:06
      TTA Epoch: [49] [ 0/50]  eta: 0:00:25  entropy: 0.1438  uncertainty: 1.9724  uncertainty_coeffi: 0.0100  loss: 2.0282  lr: 0.000012  time: 0.5099  data: 0.3767  max mem: 2516
      TTA Epoch: [49] [49/50]  eta: 0:00:00  entropy: 0.0956  uncertainty: 1.8875  uncertainty_coeffi: 0.0100  loss: 1.9469  lr: 0.000011  time: 0.1257  data: 0.0002  max mem: 2516
      TTA Epoch: [49] Total time: 0:00:06 (0.1344 s / it)
     Averaged stats: entropy: 0.1420  uncertainty: 1.6701  uncertainty_coeffi: 0.0100  loss: 1.7637  lr: 0.0000
     itm tta time 0:00:06
     Computing matching score
      Evaluation: [   0/1978]  eta: 0:04:18    time: 0.1309  data: 0.0036  max mem: 2516
      Evaluation: [ 100/1978]  eta: 0:04:02    time: 0.1274  data: 0.0000  max mem: 2516
      Evaluation: [ 200/1978]  eta: 0:03:49    time: 0.1284  data: 0.0000  max mem: 2516
      Evaluation: [ 300/1978]  eta: 0:03:36    time: 0.1287  data: 0.0000  max mem: 2516
      Evaluation: [ 400/1978]  eta: 0:03:23    time: 0.1285  data: 0.0000  max mem: 2516
      Evaluation: [ 500/1978]  eta: 0:03:10    time: 0.1289  data: 0.0000  max mem: 2516
      Evaluation: [ 600/1978]  eta: 0:02:57    time: 0.1275  data: 0.0000  max mem: 2516
      Evaluation: [ 700/1978]  eta: 0:02:44    time: 0.1287  data: 0.0000  max mem: 2516
      Evaluation: [ 800/1978]  eta: 0:02:31    time: 0.1286  data: 0.0000  max mem: 2516
      Evaluation: [ 900/1978]  eta: 0:02:18    time: 0.1280  data: 0.0000  max mem: 2516
      Evaluation: [1000/1978]  eta: 0:02:05    time: 0.1285  data: 0.0000  max mem: 2516
      Evaluation: [1100/1978]  eta: 0:01:52    time: 0.1285  data: 0.0000  max mem: 2516
      Evaluation: [1200/1978]  eta: 0:01:40    time: 0.1284  data: 0.0000  max mem: 2516
      Evaluation: [1300/1978]  eta: 0:01:27    time: 0.1286  data: 0.0000  max mem: 2516
      Evaluation: [1400/1978]  eta: 0:01:14    time: 0.1326  data: 0.0000  max mem: 2516
      Evaluation: [1500/1978]  eta: 0:01:01    time: 0.1312  data: 0.0000  max mem: 2516
      Evaluation: [1600/1978]  eta: 0:00:48    time: 0.1282  data: 0.0000  max mem: 2516
      Evaluation: [1700/1978]  eta: 0:00:35    time: 0.1284  data: 0.0000  max mem: 2516
      Evaluation: [1800/1978]  eta: 0:00:22    time: 0.1285  data: 0.0000  max mem: 2516
      Evaluation: [1900/1978]  eta: 0:00:09    time: 0.0810  data: 0.0000  max mem: 2516
      Evaluation: [1977/1978]  eta: 0:00:00    time: 0.1262  data: 0.0000  max mem: 2516
      Evaluation: Total time: 0:04:12 (0.1275 s / it)
     Computing matching score time 0:04:13
### TTA ITM Score: 
+-------+--------+--------+--------+--------+--------+
| epoch |   R1   |   R5   |  R10   |  mAP   |  mINP  |
+-------+--------+--------+--------+--------+--------+
|  -999 | 53.438 | 86.855 | 92.922 | 68.348 | 68.348 |
|  -999 | 72.700 | 97.776 | 99.090 | 84.322 | 84.322 |
|   0   | 72.801 | 97.877 | 99.090 | 84.399 | 84.399 |
|   1   | 72.952 | 97.877 | 99.090 | 84.472 | 84.472 |
|   2   | 73.054 | 97.927 | 99.090 | 84.573 | 84.573 |
|   4   | 73.862 | 97.674 | 99.039 | 84.900 | 84.900 |
|   9   | 74.570 | 97.927 | 99.039 | 85.278 | 85.278 |
|   14  | 75.177 | 97.927 | 99.090 | 85.700 | 85.700 |
|   19  | 75.834 | 97.927 | 99.039 | 86.040 | 86.040 |
|   29  | 75.581 | 97.978 | 98.989 | 85.924 | 85.924 |
|   39  | 75.430 | 97.978 | 98.938 | 85.809 | 85.809 |
|   49  | 75.531 | 97.927 | 98.888 | 85.868 | 85.868 |
+-------+--------+--------+--------+--------+--------+
     logs:  {'epo': 49, 'R1': 75.531, 'R5': 97.927, 'R10': 98.888, 'mAP': 85.868, 'mINP': 85.868, 'entropy': 0.141976, 'uncertainty': 1.670078, 'uncertainty_coeffi': 0.01, 'loss': 1.763664, 'lr': 1.1e-05}
      TTA Epoch: [50] [ 0/50]  eta: 0:00:30  entropy: 0.1732  uncertainty: 1.3524  uncertainty_coeffi: 0.0100  loss: 1.4797  lr: 0.000011  time: 0.6039  data: 0.4460  max mem: 2516
      TTA Epoch: [50] [49/50]  eta: 0:00:00  entropy: 0.0380  uncertainty: 1.7472  uncertainty_coeffi: 0.0100  loss: 1.7678  lr: 0.000010  time: 0.1225  data: 0.0001  max mem: 2516
      TTA Epoch: [50] Total time: 0:00:06 (0.1299 s / it)
     Averaged stats: entropy: 0.1323  uncertainty: 1.6698  uncertainty_coeffi: 0.0100  loss: 1.7573  lr: 0.0000
     itm tta time 0:00:06
      TTA Epoch: [51] [ 0/50]  eta: 0:00:21  entropy: 0.0455  uncertainty: 1.8315  uncertainty_coeffi: 0.0100  loss: 1.8529  lr: 0.000010  time: 0.4311  data: 0.2885  max mem: 2516
      TTA Epoch: [51] [49/50]  eta: 0:00:00  entropy: 0.0770  uncertainty: 1.5955  uncertainty_coeffi: 0.0100  loss: 1.6626  lr: 0.000009  time: 0.1126  data: 0.0001  max mem: 2516
      TTA Epoch: [51] Total time: 0:00:06 (0.1245 s / it)
     Averaged stats: entropy: 0.1335  uncertainty: 1.6671  uncertainty_coeffi: 0.0100  loss: 1.7578  lr: 0.0000
     itm tta time 0:00:06
      TTA Epoch: [52] [ 0/50]  eta: 0:00:26  entropy: 0.1321  uncertainty: 1.5894  uncertainty_coeffi: 0.0100  loss: 1.6887  lr: 0.000009  time: 0.5230  data: 0.3892  max mem: 2516
      TTA Epoch: [52] [49/50]  eta: 0:00:00  entropy: 0.3355  uncertainty: 1.7320  uncertainty_coeffi: 0.0100  loss: 1.9353  lr: 0.000008  time: 0.1219  data: 0.0001  max mem: 2516
      TTA Epoch: [52] Total time: 0:00:06 (0.1298 s / it)
     Averaged stats: entropy: 0.1366  uncertainty: 1.6670  uncertainty_coeffi: 0.0100  loss: 1.7572  lr: 0.0000
     itm tta time 0:00:06
      TTA Epoch: [53] [ 0/50]  eta: 0:00:25  entropy: 0.1014  uncertainty: 1.5501  uncertainty_coeffi: 0.0100  loss: 1.6093  lr: 0.000008  time: 0.5176  data: 0.3661  max mem: 2516
      TTA Epoch: [53] [49/50]  eta: 0:00:00  entropy: 0.0917  uncertainty: 1.6305  uncertainty_coeffi: 0.0100  loss: 1.6892  lr: 0.000007  time: 0.1062  data: 0.0001  max mem: 2516
      TTA Epoch: [53] Total time: 0:00:06 (0.1233 s / it)
     Averaged stats: entropy: 0.1361  uncertainty: 1.6686  uncertainty_coeffi: 0.0100  loss: 1.7609  lr: 0.0000
     itm tta time 0:00:06
      TTA Epoch: [54] [ 0/50]  eta: 0:00:26  entropy: 0.0853  uncertainty: 1.4631  uncertainty_coeffi: 0.0100  loss: 1.5373  lr: 0.000007  time: 0.5232  data: 0.3849  max mem: 2516
      TTA Epoch: [54] [49/50]  eta: 0:00:00  entropy: 0.0468  uncertainty: 1.5707  uncertainty_coeffi: 0.0100  loss: 1.5988  lr: 0.000006  time: 0.1222  data: 0.0001  max mem: 2516
      TTA Epoch: [54] Total time: 0:00:06 (0.1298 s / it)
     Averaged stats: entropy: 0.1381  uncertainty: 1.6669  uncertainty_coeffi: 0.0100  loss: 1.7593  lr: 0.0000
     itm tta time 0:00:06
      TTA Epoch: [55] [ 0/50]  eta: 0:00:22  entropy: 0.1462  uncertainty: 1.7775  uncertainty_coeffi: 0.0100  loss: 1.8726  lr: 0.000006  time: 0.4549  data: 0.3269  max mem: 2516
      TTA Epoch: [55] [49/50]  eta: 0:00:00  entropy: 0.0961  uncertainty: 1.5901  uncertainty_coeffi: 0.0100  loss: 1.6753  lr: 0.000005  time: 0.0976  data: 0.0001  max mem: 2516
      TTA Epoch: [55] Total time: 0:00:05 (0.1152 s / it)
     Averaged stats: entropy: 0.1438  uncertainty: 1.6656  uncertainty_coeffi: 0.0100  loss: 1.7604  lr: 0.0000
     itm tta time 0:00:05
      TTA Epoch: [56] [ 0/50]  eta: 0:00:28  entropy: 0.0973  uncertainty: 1.6428  uncertainty_coeffi: 0.0100  loss: 1.6962  lr: 0.000005  time: 0.5761  data: 0.4401  max mem: 2516
      TTA Epoch: [56] [49/50]  eta: 0:00:00  entropy: 0.1301  uncertainty: 1.6667  uncertainty_coeffi: 0.0100  loss: 1.7685  lr: 0.000004  time: 0.1202  data: 0.0001  max mem: 2516
      TTA Epoch: [56] Total time: 0:00:06 (0.1294 s / it)
     Averaged stats: entropy: 0.1379  uncertainty: 1.6671  uncertainty_coeffi: 0.0100  loss: 1.7593  lr: 0.0000
     itm tta time 0:00:06
      TTA Epoch: [57] [ 0/50]  eta: 0:00:23  entropy: 0.1651  uncertainty: 1.8961  uncertainty_coeffi: 0.0100  loss: 1.9890  lr: 0.000004  time: 0.4780  data: 0.3340  max mem: 2516
      TTA Epoch: [57] [49/50]  eta: 0:00:00  entropy: 0.1170  uncertainty: 1.6346  uncertainty_coeffi: 0.0100  loss: 1.7379  lr: 0.000003  time: 0.1180  data: 0.0001  max mem: 2516
      TTA Epoch: [57] Total time: 0:00:06 (0.1261 s / it)
     Averaged stats: entropy: 0.1361  uncertainty: 1.6659  uncertainty_coeffi: 0.0100  loss: 1.7572  lr: 0.0000
     itm tta time 0:00:06
      TTA Epoch: [58] [ 0/50]  eta: 0:00:22  entropy: 0.1041  uncertainty: 1.7400  uncertainty_coeffi: 0.0100  loss: 1.8076  lr: 0.000003  time: 0.4430  data: 0.2920  max mem: 2516
      TTA Epoch: [58] [49/50]  eta: 0:00:00  entropy: 0.1789  uncertainty: 1.6694  uncertainty_coeffi: 0.0100  loss: 1.7919  lr: 0.000002  time: 0.1256  data: 0.0003  max mem: 2516
      TTA Epoch: [58] Total time: 0:00:06 (0.1324 s / it)
     Averaged stats: entropy: 0.1400  uncertainty: 1.6674  uncertainty_coeffi: 0.0100  loss: 1.7609  lr: 0.0000
     itm tta time 0:00:06
      TTA Epoch: [59] [ 0/50]  eta: 0:00:30  entropy: 0.1282  uncertainty: 1.8249  uncertainty_coeffi: 0.0100  loss: 1.8841  lr: 0.000002  time: 0.6001  data: 0.4397  max mem: 2516
      TTA Epoch: [59] [49/50]  eta: 0:00:00  entropy: 0.1639  uncertainty: 1.7267  uncertainty_coeffi: 0.0100  loss: 1.8390  lr: 0.000001  time: 0.1257  data: 0.0002  max mem: 2516
      TTA Epoch: [59] Total time: 0:00:06 (0.1356 s / it)
     Averaged stats: entropy: 0.1398  uncertainty: 1.6701  uncertainty_coeffi: 0.0100  loss: 1.7623  lr: 0.0000
     itm tta time 0:00:06
     Computing matching score
      Evaluation: [   0/1978]  eta: 0:04:14    time: 0.1287  data: 0.0037  max mem: 2516
      Evaluation: [ 100/1978]  eta: 0:04:01    time: 0.1291  data: 0.0000  max mem: 2516
      Evaluation: [ 200/1978]  eta: 0:03:48    time: 0.1287  data: 0.0000  max mem: 2516
      Evaluation: [ 300/1978]  eta: 0:03:35    time: 0.1294  data: 0.0000  max mem: 2516
      Evaluation: [ 400/1978]  eta: 0:03:22    time: 0.1284  data: 0.0000  max mem: 2516
      Evaluation: [ 500/1978]  eta: 0:03:09    time: 0.1282  data: 0.0000  max mem: 2516
      Evaluation: [ 600/1978]  eta: 0:02:57    time: 0.1300  data: 0.0000  max mem: 2516
      Evaluation: [ 700/1978]  eta: 0:02:44    time: 0.1282  data: 0.0000  max mem: 2516
      Evaluation: [ 800/1978]  eta: 0:02:31    time: 0.1282  data: 0.0000  max mem: 2516
      Evaluation: [ 900/1978]  eta: 0:02:18    time: 0.1282  data: 0.0000  max mem: 2516
      Evaluation: [1000/1978]  eta: 0:02:05    time: 0.1281  data: 0.0000  max mem: 2516
      Evaluation: [1100/1978]  eta: 0:01:52    time: 0.1284  data: 0.0000  max mem: 2516
      Evaluation: [1200/1978]  eta: 0:01:39    time: 0.1311  data: 0.0000  max mem: 2516
      Evaluation: [1300/1978]  eta: 0:01:27    time: 0.1321  data: 0.0000  max mem: 2516
      Evaluation: [1400/1978]  eta: 0:01:14    time: 0.1277  data: 0.0000  max mem: 2516
      Evaluation: [1500/1978]  eta: 0:01:01    time: 0.1284  data: 0.0000  max mem: 2516
      Evaluation: [1600/1978]  eta: 0:00:48    time: 0.1284  data: 0.0000  max mem: 2516
      Evaluation: [1700/1978]  eta: 0:00:35    time: 0.1285  data: 0.0000  max mem: 2516
      Evaluation: [1800/1978]  eta: 0:00:22    time: 0.1265  data: 0.0000  max mem: 2516
      Evaluation: [1900/1978]  eta: 0:00:09    time: 0.0918  data: 0.0000  max mem: 2516
      Evaluation: [1977/1978]  eta: 0:00:00    time: 0.1263  data: 0.0000  max mem: 2516
      Evaluation: Total time: 0:04:12 (0.1277 s / it)
     Computing matching score time 0:04:14
### TTA ITM Score: 
+-------+--------+--------+--------+--------+--------+
| epoch |   R1   |   R5   |  R10   |  mAP   |  mINP  |
+-------+--------+--------+--------+--------+--------+
|  -999 | 53.438 | 86.855 | 92.922 | 68.348 | 68.348 |
|  -999 | 72.700 | 97.776 | 99.090 | 84.322 | 84.322 |
|   0   | 72.801 | 97.877 | 99.090 | 84.399 | 84.399 |
|   1   | 72.952 | 97.877 | 99.090 | 84.472 | 84.472 |
|   2   | 73.054 | 97.927 | 99.090 | 84.573 | 84.573 |
|   4   | 73.862 | 97.674 | 99.039 | 84.900 | 84.900 |
|   9   | 74.570 | 97.927 | 99.039 | 85.278 | 85.278 |
|   14  | 75.177 | 97.927 | 99.090 | 85.700 | 85.700 |
|   19  | 75.834 | 97.927 | 99.039 | 86.040 | 86.040 |
|   29  | 75.581 | 97.978 | 98.989 | 85.924 | 85.924 |
|   39  | 75.430 | 97.978 | 98.938 | 85.809 | 85.809 |
|   49  | 75.531 | 97.927 | 98.888 | 85.868 | 85.868 |
|   59  | 75.683 | 97.927 | 98.938 | 85.951 | 85.951 |
+-------+--------+--------+--------+--------+--------+
     logs:  {'epo': 59, 'R1': 75.683, 'R5': 97.927, 'R10': 98.938, 'mAP': 85.951, 'mINP': 85.951, 'entropy': 0.139755, 'uncertainty': 1.670059, 'uncertainty_coeffi': 0.01, 'loss': 1.762309, 'lr': 2e-06}
### best epoch 19 : {'epo': '19', 'R1': '75.834', 'R5': '97.927', 'R10': '99.039', 'mAP': '86.04', 'mINP': '86.04', 'entropy': '0.207315', 'uncertainty': '1.664764', 'uncertainty_coeffi': '0.01', 'loss': '1.804454', 'lr': '8.1e-05'}
### Time 0:53:07
NNODES,  1
NODE_RANK,  0
MASTER_ADDR,  127.0.0.1
MASTER_PORT,  1612
NPROC_PER_NODE,  2
task:  exp7.0.2
config:  configs_rerun5/exp7.0.2.yaml
output_dir:  output_rerun4/exp7.0.2/2025092210171
python3 tta.py --config configs_rerun5/exp7.0.2.yaml --task exp7.0.2 --output_dir output_rerun4/exp7.0.2/2025092210171 --checkpoint checkpoint/16m_base_model_state_step_199999.th --bs 0 --epo 0 --lr 0.0 --seed 42 --tta
