/home/jiahao/miniconda3/envs/cmp/lib/python3.10/site-packages/torch/functional.py:554: UserWarning: torch.meshgrid: in an upcoming release, it will be required to pass the indexing argument. (Triggered internally at /pytorch/aten/src/ATen/native/TensorShape.cpp:4322.)
  return _VF.meshgrid(tensors, **kwargs)  # type: ignore[attr-defined]
Not using distributed mode
### Hyper-parameters:
     seed: 42
     device: cuda
     output_dir: output_rerun4/exp2.0.4/2025092111172
     batch_size_tta: 16
     epochs: 60
     lr: 1e-05
### Creating test dataset
from data/PAB/annotation/test/attr.json loading 1978 data
     test dataset -->    be_pose_img: True
     test_dataset: 1978
### Creating test dataloader
### be careful: func create_loader returns a list length of 1
     test_loader: 90
### Creating model
build_vision_encoder: load swin 224 x 224 ====>
missing_keys:  []
unexpected_keys:  ['head.weight', 'head.bias']
build_text_encoder: load bert ====>
missing_keys: ['bert.encoder.layer.10.crossattention.output.LayerNorm.bias', 'bert.encoder.layer.10.crossattention.output.LayerNorm.weight', 'bert.encoder.layer.10.crossattention.output.dense.bias', 'bert.encoder.layer.10.crossattention.output.dense.weight', 'bert.encoder.layer.10.crossattention.self.key.bias', 'bert.encoder.layer.10.crossattention.self.key.weight', 'bert.encoder.layer.10.crossattention.self.query.bias', 'bert.encoder.layer.10.crossattention.self.query.weight', 'bert.encoder.layer.10.crossattention.self.value.bias', 'bert.encoder.layer.10.crossattention.self.value.weight', 'bert.encoder.layer.11.crossattention.output.LayerNorm.bias', 'bert.encoder.layer.11.crossattention.output.LayerNorm.weight', 'bert.encoder.layer.11.crossattention.output.dense.bias', 'bert.encoder.layer.11.crossattention.output.dense.weight', 'bert.encoder.layer.11.crossattention.self.key.bias', 'bert.encoder.layer.11.crossattention.self.key.weight', 'bert.encoder.layer.11.crossattention.self.query.bias', 'bert.encoder.layer.11.crossattention.self.query.weight', 'bert.encoder.layer.11.crossattention.self.value.bias', 'bert.encoder.layer.11.crossattention.self.value.weight', 'bert.encoder.layer.6.crossattention.output.LayerNorm.bias', 'bert.encoder.layer.6.crossattention.output.LayerNorm.weight', 'bert.encoder.layer.6.crossattention.output.dense.bias', 'bert.encoder.layer.6.crossattention.output.dense.weight', 'bert.encoder.layer.6.crossattention.self.key.bias', 'bert.encoder.layer.6.crossattention.self.key.weight', 'bert.encoder.layer.6.crossattention.self.query.bias', 'bert.encoder.layer.6.crossattention.self.query.weight', 'bert.encoder.layer.6.crossattention.self.value.bias', 'bert.encoder.layer.6.crossattention.self.value.weight', 'bert.encoder.layer.7.crossattention.output.LayerNorm.bias', 'bert.encoder.layer.7.crossattention.output.LayerNorm.weight', 'bert.encoder.layer.7.crossattention.output.dense.bias', 'bert.encoder.layer.7.crossattention.output.dense.weight', 'bert.encoder.layer.7.crossattention.self.key.bias', 'bert.encoder.layer.7.crossattention.self.key.weight', 'bert.encoder.layer.7.crossattention.self.query.bias', 'bert.encoder.layer.7.crossattention.self.query.weight', 'bert.encoder.layer.7.crossattention.self.value.bias', 'bert.encoder.layer.7.crossattention.self.value.weight', 'bert.encoder.layer.8.crossattention.output.LayerNorm.bias', 'bert.encoder.layer.8.crossattention.output.LayerNorm.weight', 'bert.encoder.layer.8.crossattention.output.dense.bias', 'bert.encoder.layer.8.crossattention.output.dense.weight', 'bert.encoder.layer.8.crossattention.self.key.bias', 'bert.encoder.layer.8.crossattention.self.key.weight', 'bert.encoder.layer.8.crossattention.self.query.bias', 'bert.encoder.layer.8.crossattention.self.query.weight', 'bert.encoder.layer.8.crossattention.self.value.bias', 'bert.encoder.layer.8.crossattention.self.value.weight', 'bert.encoder.layer.9.crossattention.output.LayerNorm.bias', 'bert.encoder.layer.9.crossattention.output.LayerNorm.weight', 'bert.encoder.layer.9.crossattention.output.dense.bias', 'bert.encoder.layer.9.crossattention.output.dense.weight', 'bert.encoder.layer.9.crossattention.self.key.bias', 'bert.encoder.layer.9.crossattention.self.key.weight', 'bert.encoder.layer.9.crossattention.self.query.bias', 'bert.encoder.layer.9.crossattention.self.query.weight', 'bert.encoder.layer.9.crossattention.self.value.bias', 'bert.encoder.layer.9.crossattention.self.value.weight']
unexpected_keys: ['cls.seq_relationship.bias', 'cls.seq_relationship.weight']
mismatched_keys: []
error_msgs: []
Label Smooth: 0.2
pose_conv
load checkpoint from checkpoint/cmp.pth
missing_keys:  ['uncertainty_temper', 'prompt_learning_embedding']
unexpected_keys:  []
     Total Params Sum:  254264985
### Inference ITC similiarity matrix
     Computing text features for evaluation
     Computing image features for evaluation
/home/jiahao/task/CMP/eval.py:129: UserWarning: To copy construct from a tensor, it is recommended to use sourceTensor.detach().clone() or sourceTensor.detach().clone().requires_grad_(True), rather than torch.tensor(sourceTensor).
  similarity = torch.tensor(scores_t2i)
     Computing features time 0:00:11
### Zero-Shot ITC Score: 
+-------+--------+--------+--------+--------+--------+
| epoch |   R1   |   R5   |  R10   |  mAP   |  mINP  |
+-------+--------+--------+--------+--------+--------+
|  -999 | 69.414 | 95.197 | 97.776 | 81.233 | 81.233 |
+-------+--------+--------+--------+--------+--------+
     Computing matching score
      Evaluation: [   0/1978]  eta: 0:01:48    time: 0.0551  data: 0.0030  max mem: 2603
      Evaluation: [ 100/1978]  eta: 0:01:19    time: 0.0416  data: 0.0000  max mem: 2603
      Evaluation: [ 200/1978]  eta: 0:01:14    time: 0.0410  data: 0.0000  max mem: 2603
      Evaluation: [ 300/1978]  eta: 0:01:09    time: 0.0416  data: 0.0000  max mem: 2603
      Evaluation: [ 400/1978]  eta: 0:01:05    time: 0.0409  data: 0.0000  max mem: 2603
      Evaluation: [ 500/1978]  eta: 0:01:01    time: 0.0408  data: 0.0000  max mem: 2603
      Evaluation: [ 600/1978]  eta: 0:00:57    time: 0.0411  data: 0.0000  max mem: 2603
      Evaluation: [ 700/1978]  eta: 0:00:53    time: 0.0429  data: 0.0000  max mem: 2603
      Evaluation: [ 800/1978]  eta: 0:00:49    time: 0.0435  data: 0.0000  max mem: 2603
      Evaluation: [ 900/1978]  eta: 0:00:45    time: 0.0415  data: 0.0000  max mem: 2603
      Evaluation: [1000/1978]  eta: 0:00:41    time: 0.0431  data: 0.0000  max mem: 2603
      Evaluation: [1100/1978]  eta: 0:00:36    time: 0.0423  data: 0.0000  max mem: 2603
      Evaluation: [1200/1978]  eta: 0:00:32    time: 0.0474  data: 0.0000  max mem: 2603
      Evaluation: [1300/1978]  eta: 0:00:28    time: 0.0435  data: 0.0000  max mem: 2603
      Evaluation: [1400/1978]  eta: 0:00:24    time: 0.0427  data: 0.0000  max mem: 2603
      Evaluation: [1500/1978]  eta: 0:00:20    time: 0.0441  data: 0.0000  max mem: 2603
      Evaluation: [1600/1978]  eta: 0:00:16    time: 0.0421  data: 0.0000  max mem: 2603
      Evaluation: [1700/1978]  eta: 0:00:11    time: 0.0433  data: 0.0000  max mem: 2603
      Evaluation: [1800/1978]  eta: 0:00:07    time: 0.0436  data: 0.0000  max mem: 2603
      Evaluation: [1900/1978]  eta: 0:00:03    time: 0.0431  data: 0.0000  max mem: 2603
      Evaluation: [1977/1978]  eta: 0:00:00    time: 0.0441  data: 0.0000  max mem: 2603
      Evaluation: Total time: 0:01:24 (0.0429 s / it)
     Computing matching score time 0:01:25
### Zero-Shot ITM Score: 
+-------+--------+--------+--------+--------+--------+
| epoch |   R1   |   R5   |  R10   |  mAP   |  mINP  |
+-------+--------+--------+--------+--------+--------+
|  -999 | 69.414 | 95.197 | 97.776 | 81.233 | 81.233 |
|  -999 | 84.277 | 99.039 | 99.596 | 91.276 | 91.276 |
+-------+--------+--------+--------+--------+--------+
### Zero-Shot Score: 
+-------------------+--------+--------+--------+--------+--------+
|       epoch       |   R1   |   R5   |  R10   |  mAP   |  mINP  |
+-------------------+--------+--------+--------+--------+--------+
|        -999       | 69.414 | 95.197 | 97.776 | 81.233 | 81.233 |
|        -999       | 84.277 | 99.039 | 99.596 | 91.276 | 91.276 |
|  cos_sim_wo/norm  | 58.544 | 91.860 | 95.703 | 73.596 | 73.596 |
|        -999       | 69.414 | 95.197 | 97.776 | 81.233 | 81.233 |
| itm_score_wo/norm | 84.328 | 98.989 | 99.494 | 91.293 | 91.293 |
|        -999       | 84.277 | 99.039 | 99.596 | 91.276 | 91.276 |
+-------------------+--------+--------+--------+--------+--------+
### TTA:
     preprocess_tta_coefficients  start
     sample selection ...
     number of sample after sample_selection: 1257
     uncertainty ...
     preprocess_tta_coefficients  end
### Creating tta dataset
     tta_dataset: 1257
### Creating tta dataloader
### be careful: func create_loader returns a list length of 1
     tta_loader: 78
### Configure adapted weights
     TTA Dropout Modules: 
 [('vision_encoder.pos_drop', Dropout(p=0, inplace=False), True), ('vision_encoder.layers.0.blocks.0.attn.attn_drop', Dropout(p=0.0, inplace=False), True), ('vision_encoder.layers.0.blocks.0.attn.proj_drop', Dropout(p=0, inplace=False), True), ('vision_encoder.layers.0.blocks.0.mlp.drop', Dropout(p=0, inplace=False), True), ('vision_encoder.layers.0.blocks.1.attn.attn_drop', Dropout(p=0.0, inplace=False), True), ('vision_encoder.layers.0.blocks.1.attn.proj_drop', Dropout(p=0, inplace=False), True), ('vision_encoder.layers.0.blocks.1.mlp.drop', Dropout(p=0, inplace=False), True), ('vision_encoder.layers.1.blocks.0.attn.attn_drop', Dropout(p=0.0, inplace=False), True), ('vision_encoder.layers.1.blocks.0.attn.proj_drop', Dropout(p=0, inplace=False), True), ('vision_encoder.layers.1.blocks.0.mlp.drop', Dropout(p=0, inplace=False), True), ('vision_encoder.layers.1.blocks.1.attn.attn_drop', Dropout(p=0.0, inplace=False), True), ('vision_encoder.layers.1.blocks.1.attn.proj_drop', Dropout(p=0, inplace=False), True), ('vision_encoder.layers.1.blocks.1.mlp.drop', Dropout(p=0, inplace=False), True), ('vision_encoder.layers.2.blocks.0.attn.attn_drop', Dropout(p=0.0, inplace=False), True), ('vision_encoder.layers.2.blocks.0.attn.proj_drop', Dropout(p=0, inplace=False), True), ('vision_encoder.layers.2.blocks.0.mlp.drop', Dropout(p=0, inplace=False), True), ('vision_encoder.layers.2.blocks.1.attn.attn_drop', Dropout(p=0.0, inplace=False), True), ('vision_encoder.layers.2.blocks.1.attn.proj_drop', Dropout(p=0, inplace=False), True), ('vision_encoder.layers.2.blocks.1.mlp.drop', Dropout(p=0, inplace=False), True), ('vision_encoder.layers.2.blocks.2.attn.attn_drop', Dropout(p=0.0, inplace=False), True), ('vision_encoder.layers.2.blocks.2.attn.proj_drop', Dropout(p=0, inplace=False), True), ('vision_encoder.layers.2.blocks.2.mlp.drop', Dropout(p=0, inplace=False), True), ('vision_encoder.layers.2.blocks.3.attn.attn_drop', Dropout(p=0.0, inplace=False), True), ('vision_encoder.layers.2.blocks.3.attn.proj_drop', Dropout(p=0, inplace=False), True), ('vision_encoder.layers.2.blocks.3.mlp.drop', Dropout(p=0, inplace=False), True), ('vision_encoder.layers.2.blocks.4.attn.attn_drop', Dropout(p=0.0, inplace=False), True), ('vision_encoder.layers.2.blocks.4.attn.proj_drop', Dropout(p=0, inplace=False), True), ('vision_encoder.layers.2.blocks.4.mlp.drop', Dropout(p=0, inplace=False), True), ('vision_encoder.layers.2.blocks.5.attn.attn_drop', Dropout(p=0.0, inplace=False), True), ('vision_encoder.layers.2.blocks.5.attn.proj_drop', Dropout(p=0, inplace=False), True), ('vision_encoder.layers.2.blocks.5.mlp.drop', Dropout(p=0, inplace=False), True), ('vision_encoder.layers.2.blocks.6.attn.attn_drop', Dropout(p=0.0, inplace=False), True), ('vision_encoder.layers.2.blocks.6.attn.proj_drop', Dropout(p=0, inplace=False), True), ('vision_encoder.layers.2.blocks.6.mlp.drop', Dropout(p=0, inplace=False), True), ('vision_encoder.layers.2.blocks.7.attn.attn_drop', Dropout(p=0.0, inplace=False), True), ('vision_encoder.layers.2.blocks.7.attn.proj_drop', Dropout(p=0, inplace=False), True), ('vision_encoder.layers.2.blocks.7.mlp.drop', Dropout(p=0, inplace=False), True), ('vision_encoder.layers.2.blocks.8.attn.attn_drop', Dropout(p=0.0, inplace=False), True), ('vision_encoder.layers.2.blocks.8.attn.proj_drop', Dropout(p=0, inplace=False), True), ('vision_encoder.layers.2.blocks.8.mlp.drop', Dropout(p=0, inplace=False), True), ('vision_encoder.layers.2.blocks.9.attn.attn_drop', Dropout(p=0.0, inplace=False), True), ('vision_encoder.layers.2.blocks.9.attn.proj_drop', Dropout(p=0, inplace=False), True), ('vision_encoder.layers.2.blocks.9.mlp.drop', Dropout(p=0, inplace=False), True), ('vision_encoder.layers.2.blocks.10.attn.attn_drop', Dropout(p=0.0, inplace=False), True), ('vision_encoder.layers.2.blocks.10.attn.proj_drop', Dropout(p=0, inplace=False), True), ('vision_encoder.layers.2.blocks.10.mlp.drop', Dropout(p=0, inplace=False), True), ('vision_encoder.layers.2.blocks.11.attn.attn_drop', Dropout(p=0.0, inplace=False), True), ('vision_encoder.layers.2.blocks.11.attn.proj_drop', Dropout(p=0, inplace=False), True), ('vision_encoder.layers.2.blocks.11.mlp.drop', Dropout(p=0, inplace=False), True), ('vision_encoder.layers.2.blocks.12.attn.attn_drop', Dropout(p=0.0, inplace=False), True), ('vision_encoder.layers.2.blocks.12.attn.proj_drop', Dropout(p=0, inplace=False), True), ('vision_encoder.layers.2.blocks.12.mlp.drop', Dropout(p=0, inplace=False), True), ('vision_encoder.layers.2.blocks.13.attn.attn_drop', Dropout(p=0.0, inplace=False), True), ('vision_encoder.layers.2.blocks.13.attn.proj_drop', Dropout(p=0, inplace=False), True), ('vision_encoder.layers.2.blocks.13.mlp.drop', Dropout(p=0, inplace=False), True), ('vision_encoder.layers.2.blocks.14.attn.attn_drop', Dropout(p=0.0, inplace=False), True), ('vision_encoder.layers.2.blocks.14.attn.proj_drop', Dropout(p=0, inplace=False), True), ('vision_encoder.layers.2.blocks.14.mlp.drop', Dropout(p=0, inplace=False), True), ('vision_encoder.layers.2.blocks.15.attn.attn_drop', Dropout(p=0.0, inplace=False), True), ('vision_encoder.layers.2.blocks.15.attn.proj_drop', Dropout(p=0, inplace=False), True), ('vision_encoder.layers.2.blocks.15.mlp.drop', Dropout(p=0, inplace=False), True), ('vision_encoder.layers.2.blocks.16.attn.attn_drop', Dropout(p=0.0, inplace=False), True), ('vision_encoder.layers.2.blocks.16.attn.proj_drop', Dropout(p=0, inplace=False), True), ('vision_encoder.layers.2.blocks.16.mlp.drop', Dropout(p=0, inplace=False), True), ('vision_encoder.layers.2.blocks.17.attn.attn_drop', Dropout(p=0.0, inplace=False), True), ('vision_encoder.layers.2.blocks.17.attn.proj_drop', Dropout(p=0, inplace=False), True), ('vision_encoder.layers.2.blocks.17.mlp.drop', Dropout(p=0, inplace=False), True), ('vision_encoder.layers.3.blocks.0.attn.attn_drop', Dropout(p=0.0, inplace=False), True), ('vision_encoder.layers.3.blocks.0.attn.proj_drop', Dropout(p=0, inplace=False), True), ('vision_encoder.layers.3.blocks.0.mlp.drop', Dropout(p=0, inplace=False), True), ('vision_encoder.layers.3.blocks.1.attn.attn_drop', Dropout(p=0.0, inplace=False), True), ('vision_encoder.layers.3.blocks.1.attn.proj_drop', Dropout(p=0, inplace=False), True), ('vision_encoder.layers.3.blocks.1.mlp.drop', Dropout(p=0, inplace=False), True), ('text_encoder.bert.embeddings.dropout', Dropout(p=0.1, inplace=False), True), ('text_encoder.bert.encoder.layer.0.attention.self.dropout', Dropout(p=0.1, inplace=False), True), ('text_encoder.bert.encoder.layer.0.attention.output.dropout', Dropout(p=0.1, inplace=False), True), ('text_encoder.bert.encoder.layer.0.output.dropout', Dropout(p=0.1, inplace=False), True), ('text_encoder.bert.encoder.layer.1.attention.self.dropout', Dropout(p=0.1, inplace=False), True), ('text_encoder.bert.encoder.layer.1.attention.output.dropout', Dropout(p=0.1, inplace=False), True), ('text_encoder.bert.encoder.layer.1.output.dropout', Dropout(p=0.1, inplace=False), True), ('text_encoder.bert.encoder.layer.2.attention.self.dropout', Dropout(p=0.1, inplace=False), True), ('text_encoder.bert.encoder.layer.2.attention.output.dropout', Dropout(p=0.1, inplace=False), True), ('text_encoder.bert.encoder.layer.2.output.dropout', Dropout(p=0.1, inplace=False), True), ('text_encoder.bert.encoder.layer.3.attention.self.dropout', Dropout(p=0.1, inplace=False), True), ('text_encoder.bert.encoder.layer.3.attention.output.dropout', Dropout(p=0.1, inplace=False), True), ('text_encoder.bert.encoder.layer.3.output.dropout', Dropout(p=0.1, inplace=False), True), ('text_encoder.bert.encoder.layer.4.attention.self.dropout', Dropout(p=0.1, inplace=False), True), ('text_encoder.bert.encoder.layer.4.attention.output.dropout', Dropout(p=0.1, inplace=False), True), ('text_encoder.bert.encoder.layer.4.output.dropout', Dropout(p=0.1, inplace=False), True), ('text_encoder.bert.encoder.layer.5.attention.self.dropout', Dropout(p=0.1, inplace=False), True), ('text_encoder.bert.encoder.layer.5.attention.output.dropout', Dropout(p=0.1, inplace=False), True), ('text_encoder.bert.encoder.layer.5.output.dropout', Dropout(p=0.1, inplace=False), True), ('text_encoder.bert.encoder.layer.6.attention.self.dropout', Dropout(p=0.1, inplace=False), True), ('text_encoder.bert.encoder.layer.6.attention.output.dropout', Dropout(p=0.1, inplace=False), True), ('text_encoder.bert.encoder.layer.6.crossattention.self.dropout', Dropout(p=0.1, inplace=False), True), ('text_encoder.bert.encoder.layer.6.crossattention.output.dropout', Dropout(p=0.1, inplace=False), True), ('text_encoder.bert.encoder.layer.6.output.dropout', Dropout(p=0.1, inplace=False), True), ('text_encoder.bert.encoder.layer.7.attention.self.dropout', Dropout(p=0.1, inplace=False), True), ('text_encoder.bert.encoder.layer.7.attention.output.dropout', Dropout(p=0.1, inplace=False), True), ('text_encoder.bert.encoder.layer.7.crossattention.self.dropout', Dropout(p=0.1, inplace=False), True), ('text_encoder.bert.encoder.layer.7.crossattention.output.dropout', Dropout(p=0.1, inplace=False), True), ('text_encoder.bert.encoder.layer.7.output.dropout', Dropout(p=0.1, inplace=False), True), ('text_encoder.bert.encoder.layer.8.attention.self.dropout', Dropout(p=0.1, inplace=False), True), ('text_encoder.bert.encoder.layer.8.attention.output.dropout', Dropout(p=0.1, inplace=False), True), ('text_encoder.bert.encoder.layer.8.crossattention.self.dropout', Dropout(p=0.1, inplace=False), True), ('text_encoder.bert.encoder.layer.8.crossattention.output.dropout', Dropout(p=0.1, inplace=False), True), ('text_encoder.bert.encoder.layer.8.output.dropout', Dropout(p=0.1, inplace=False), True), ('text_encoder.bert.encoder.layer.9.attention.self.dropout', Dropout(p=0.1, inplace=False), True), ('text_encoder.bert.encoder.layer.9.attention.output.dropout', Dropout(p=0.1, inplace=False), True), ('text_encoder.bert.encoder.layer.9.crossattention.self.dropout', Dropout(p=0.1, inplace=False), True), ('text_encoder.bert.encoder.layer.9.crossattention.output.dropout', Dropout(p=0.1, inplace=False), True), ('text_encoder.bert.encoder.layer.9.output.dropout', Dropout(p=0.1, inplace=False), True), ('text_encoder.bert.encoder.layer.10.attention.self.dropout', Dropout(p=0.1, inplace=False), True), ('text_encoder.bert.encoder.layer.10.attention.output.dropout', Dropout(p=0.1, inplace=False), True), ('text_encoder.bert.encoder.layer.10.crossattention.self.dropout', Dropout(p=0.1, inplace=False), True), ('text_encoder.bert.encoder.layer.10.crossattention.output.dropout', Dropout(p=0.1, inplace=False), True), ('text_encoder.bert.encoder.layer.10.output.dropout', Dropout(p=0.1, inplace=False), True), ('text_encoder.bert.encoder.layer.11.attention.self.dropout', Dropout(p=0.1, inplace=False), True), ('text_encoder.bert.encoder.layer.11.attention.output.dropout', Dropout(p=0.1, inplace=False), True), ('text_encoder.bert.encoder.layer.11.crossattention.self.dropout', Dropout(p=0.1, inplace=False), True), ('text_encoder.bert.encoder.layer.11.crossattention.output.dropout', Dropout(p=0.1, inplace=False), True), ('text_encoder.bert.encoder.layer.11.output.dropout', Dropout(p=0.1, inplace=False), True), ('vision_proj.1', Dropout(p=0.5, inplace=False), True), ('text_proj.1', Dropout(p=0.5, inplace=False), True), ('pose_block.attn.attn_drop', Dropout(p=0.0, inplace=False), True), ('pose_block.attn.proj_drop', Dropout(p=0.0, inplace=False), True)]
     TTA Require Gradient Params: 
 [('text_encoder.bert.embeddings.LayerNorm.weight', torch.Size([768])), ('text_encoder.bert.embeddings.LayerNorm.bias', torch.Size([768])), ('text_encoder.bert.encoder.layer.6.attention.output.LayerNorm.weight', torch.Size([768])), ('text_encoder.bert.encoder.layer.6.attention.output.LayerNorm.bias', torch.Size([768])), ('text_encoder.bert.encoder.layer.6.crossattention.output.LayerNorm.weight', torch.Size([768])), ('text_encoder.bert.encoder.layer.6.crossattention.output.LayerNorm.bias', torch.Size([768])), ('text_encoder.bert.encoder.layer.6.output.LayerNorm.weight', torch.Size([768])), ('text_encoder.bert.encoder.layer.6.output.LayerNorm.bias', torch.Size([768])), ('text_encoder.bert.encoder.layer.7.attention.output.LayerNorm.weight', torch.Size([768])), ('text_encoder.bert.encoder.layer.7.attention.output.LayerNorm.bias', torch.Size([768])), ('text_encoder.bert.encoder.layer.7.crossattention.output.LayerNorm.weight', torch.Size([768])), ('text_encoder.bert.encoder.layer.7.crossattention.output.LayerNorm.bias', torch.Size([768])), ('text_encoder.bert.encoder.layer.7.output.LayerNorm.weight', torch.Size([768])), ('text_encoder.bert.encoder.layer.7.output.LayerNorm.bias', torch.Size([768])), ('text_encoder.bert.encoder.layer.8.attention.output.LayerNorm.weight', torch.Size([768])), ('text_encoder.bert.encoder.layer.8.attention.output.LayerNorm.bias', torch.Size([768])), ('text_encoder.bert.encoder.layer.8.crossattention.output.LayerNorm.weight', torch.Size([768])), ('text_encoder.bert.encoder.layer.8.crossattention.output.LayerNorm.bias', torch.Size([768])), ('text_encoder.bert.encoder.layer.8.output.LayerNorm.weight', torch.Size([768])), ('text_encoder.bert.encoder.layer.8.output.LayerNorm.bias', torch.Size([768])), ('text_encoder.bert.encoder.layer.9.attention.output.LayerNorm.weight', torch.Size([768])), ('text_encoder.bert.encoder.layer.9.attention.output.LayerNorm.bias', torch.Size([768])), ('text_encoder.bert.encoder.layer.9.crossattention.output.LayerNorm.weight', torch.Size([768])), ('text_encoder.bert.encoder.layer.9.crossattention.output.LayerNorm.bias', torch.Size([768])), ('text_encoder.bert.encoder.layer.9.output.LayerNorm.weight', torch.Size([768])), ('text_encoder.bert.encoder.layer.9.output.LayerNorm.bias', torch.Size([768])), ('text_encoder.bert.encoder.layer.10.attention.output.LayerNorm.weight', torch.Size([768])), ('text_encoder.bert.encoder.layer.10.attention.output.LayerNorm.bias', torch.Size([768])), ('text_encoder.bert.encoder.layer.10.crossattention.output.LayerNorm.weight', torch.Size([768])), ('text_encoder.bert.encoder.layer.10.crossattention.output.LayerNorm.bias', torch.Size([768])), ('text_encoder.bert.encoder.layer.10.output.LayerNorm.weight', torch.Size([768])), ('text_encoder.bert.encoder.layer.10.output.LayerNorm.bias', torch.Size([768])), ('text_encoder.bert.encoder.layer.11.attention.output.LayerNorm.weight', torch.Size([768])), ('text_encoder.bert.encoder.layer.11.attention.output.LayerNorm.bias', torch.Size([768])), ('text_encoder.bert.encoder.layer.11.crossattention.output.LayerNorm.weight', torch.Size([768])), ('text_encoder.bert.encoder.layer.11.crossattention.output.LayerNorm.bias', torch.Size([768])), ('text_encoder.bert.encoder.layer.11.output.LayerNorm.weight', torch.Size([768])), ('text_encoder.bert.encoder.layer.11.output.LayerNorm.bias', torch.Size([768])), ('text_encoder.cls.predictions.transform.LayerNorm.weight', torch.Size([768])), ('text_encoder.cls.predictions.transform.LayerNorm.bias', torch.Size([768])), ('itm_head.1.weight', torch.Size([1536])), ('itm_head.1.bias', torch.Size([1536]))]
     TTA Dropout Modules Number: 
 126
     TTA Require Gradient Params Sum: 
 33792
     lr:  1e-05    lr_mult:  2
     model has 'init_params',  386
     num_tta_steps:  4740
     num_warmup_steps:  500
     sched: step
/home/jiahao/task/CMP/tta.py:244: FutureWarning: `torch.cuda.amp.GradScaler(args...)` is deprecated. Please use `torch.amp.GradScaler('cuda', args...)` instead.
  scaler = GradScaler()  # bf16
### Start ITM Test Time Adaptation
      TTA Epoch: [0] [ 0/78]  eta: 0:01:13  entropy: 0.3805  uncertainty: 1.0000  uncertainty_coeffi: 1.0000  loss: 0.3805  lr: 0.000000  time: 0.9376  data: 0.4888  max mem: 2656
      TTA Epoch: [0] [77/78]  eta: 0:00:00  entropy: 0.3663  uncertainty: 1.0000  uncertainty_coeffi: 1.0000  loss: 0.3663  lr: 0.000002  time: 0.0326  data: 0.0001  max mem: 2685
      TTA Epoch: [0] Total time: 0:00:03 (0.0471 s / it)
     Averaged stats: entropy: 0.3290  uncertainty: 1.0000  uncertainty_coeffi: 1.0000  loss: 0.3290  lr: 0.0000
     itm tta time 0:00:03
     Computing matching score
      Evaluation: [   0/1978]  eta: 0:01:47    time: 0.0542  data: 0.0030  max mem: 2685
      Evaluation: [ 100/1978]  eta: 0:01:23    time: 0.0428  data: 0.0000  max mem: 2685
      Evaluation: [ 200/1978]  eta: 0:01:18    time: 0.0413  data: 0.0000  max mem: 2685
      Evaluation: [ 300/1978]  eta: 0:01:13    time: 0.0419  data: 0.0000  max mem: 2685
      Evaluation: [ 400/1978]  eta: 0:01:08    time: 0.0417  data: 0.0000  max mem: 2685
      Evaluation: [ 500/1978]  eta: 0:01:04    time: 0.0436  data: 0.0000  max mem: 2685
      Evaluation: [ 600/1978]  eta: 0:00:59    time: 0.0434  data: 0.0000  max mem: 2685
      Evaluation: [ 700/1978]  eta: 0:00:55    time: 0.0431  data: 0.0000  max mem: 2685
      Evaluation: [ 800/1978]  eta: 0:00:50    time: 0.0427  data: 0.0000  max mem: 2685
      Evaluation: [ 900/1978]  eta: 0:00:46    time: 0.0427  data: 0.0000  max mem: 2685
      Evaluation: [1000/1978]  eta: 0:00:42    time: 0.0423  data: 0.0000  max mem: 2685
      Evaluation: [1100/1978]  eta: 0:00:37    time: 0.0422  data: 0.0000  max mem: 2685
      Evaluation: [1200/1978]  eta: 0:00:33    time: 0.0423  data: 0.0000  max mem: 2685
      Evaluation: [1300/1978]  eta: 0:00:29    time: 0.0426  data: 0.0000  max mem: 2685
      Evaluation: [1400/1978]  eta: 0:00:24    time: 0.0424  data: 0.0000  max mem: 2685
      Evaluation: [1500/1978]  eta: 0:00:20    time: 0.0427  data: 0.0000  max mem: 2685
      Evaluation: [1600/1978]  eta: 0:00:16    time: 0.0437  data: 0.0000  max mem: 2685
      Evaluation: [1700/1978]  eta: 0:00:11    time: 0.0457  data: 0.0000  max mem: 2685
      Evaluation: [1800/1978]  eta: 0:00:07    time: 0.0453  data: 0.0000  max mem: 2685
      Evaluation: [1900/1978]  eta: 0:00:03    time: 0.0437  data: 0.0000  max mem: 2685
      Evaluation: [1977/1978]  eta: 0:00:00    time: 0.0454  data: 0.0000  max mem: 2685
      Evaluation: Total time: 0:01:25 (0.0430 s / it)
     Computing matching score time 0:01:25
### TTA ITM Score: 
+-------------------+--------+--------+--------+--------+--------+
|       epoch       |   R1   |   R5   |  R10   |  mAP   |  mINP  |
+-------------------+--------+--------+--------+--------+--------+
|        -999       | 69.414 | 95.197 | 97.776 | 81.233 | 81.233 |
|        -999       | 84.277 | 99.039 | 99.596 | 91.276 | 91.276 |
|  cos_sim_wo/norm  | 58.544 | 91.860 | 95.703 | 73.596 | 73.596 |
|        -999       | 69.414 | 95.197 | 97.776 | 81.233 | 81.233 |
| itm_score_wo/norm | 84.328 | 98.989 | 99.494 | 91.293 | 91.293 |
|        -999       | 84.277 | 99.039 | 99.596 | 91.276 | 91.276 |
|         0         | 84.328 | 99.039 | 99.596 | 91.301 | 91.301 |
+-------------------+--------+--------+--------+--------+--------+
     logs:  {'epo': 0, 'R1': np.float32(84.328), 'R5': np.float32(99.039), 'R10': np.float32(99.596), 'mAP': np.float32(91.301), 'mINP': np.float32(91.301), 'entropy': 0.328997, 'uncertainty': 1.0, 'uncertainty_coeffi': 1.0, 'loss': 0.328997, 'lr': 1e-06}
      TTA Epoch: [1] [ 0/78]  eta: 0:00:34  entropy: 0.4703  uncertainty: 1.0000  uncertainty_coeffi: 1.0000  loss: 0.4703  lr: 0.000002  time: 0.4483  data: 0.3985  max mem: 2685
      TTA Epoch: [1] [77/78]  eta: 0:00:00  entropy: 0.2595  uncertainty: 1.0000  uncertainty_coeffi: 1.0000  loss: 0.2595  lr: 0.000003  time: 0.0346  data: 0.0001  max mem: 2691
      TTA Epoch: [1] Total time: 0:00:03 (0.0402 s / it)
     Averaged stats: entropy: 0.3248  uncertainty: 1.0000  uncertainty_coeffi: 1.0000  loss: 0.3248  lr: 0.0000
     itm tta time 0:00:03
     Computing matching score
      Evaluation: [   0/1978]  eta: 0:01:30    time: 0.0459  data: 0.0032  max mem: 2691
      Evaluation: [ 100/1978]  eta: 0:01:24    time: 0.0434  data: 0.0000  max mem: 2691
      Evaluation: [ 200/1978]  eta: 0:01:18    time: 0.0445  data: 0.0000  max mem: 2691
      Evaluation: [ 300/1978]  eta: 0:01:14    time: 0.0432  data: 0.0000  max mem: 2691
      Evaluation: [ 400/1978]  eta: 0:01:09    time: 0.0424  data: 0.0000  max mem: 2691
      Evaluation: [ 500/1978]  eta: 0:01:05    time: 0.0418  data: 0.0000  max mem: 2691
      Evaluation: [ 600/1978]  eta: 0:01:00    time: 0.0455  data: 0.0000  max mem: 2691
      Evaluation: [ 700/1978]  eta: 0:00:55    time: 0.0418  data: 0.0000  max mem: 2691
      Evaluation: [ 800/1978]  eta: 0:00:51    time: 0.0437  data: 0.0000  max mem: 2691
      Evaluation: [ 900/1978]  eta: 0:00:47    time: 0.0435  data: 0.0000  max mem: 2691
      Evaluation: [1000/1978]  eta: 0:00:42    time: 0.0451  data: 0.0000  max mem: 2691
      Evaluation: [1100/1978]  eta: 0:00:38    time: 0.0491  data: 0.0000  max mem: 2691
      Evaluation: [1200/1978]  eta: 0:00:34    time: 0.0433  data: 0.0000  max mem: 2691
      Evaluation: [1300/1978]  eta: 0:00:29    time: 0.0484  data: 0.0000  max mem: 2691
      Evaluation: [1400/1978]  eta: 0:00:25    time: 0.0484  data: 0.0000  max mem: 2691
      Evaluation: [1500/1978]  eta: 0:00:21    time: 0.0432  data: 0.0000  max mem: 2691
      Evaluation: [1600/1978]  eta: 0:00:16    time: 0.0445  data: 0.0000  max mem: 2691
      Evaluation: [1700/1978]  eta: 0:00:12    time: 0.0426  data: 0.0000  max mem: 2691
      Evaluation: [1800/1978]  eta: 0:00:07    time: 0.0424  data: 0.0000  max mem: 2691
      Evaluation: [1900/1978]  eta: 0:00:03    time: 0.0424  data: 0.0000  max mem: 2691
      Evaluation: [1977/1978]  eta: 0:00:00    time: 0.0427  data: 0.0000  max mem: 2691
      Evaluation: Total time: 0:01:27 (0.0441 s / it)
     Computing matching score time 0:01:27
### TTA ITM Score: 
+-------------------+--------+--------+--------+--------+--------+
|       epoch       |   R1   |   R5   |  R10   |  mAP   |  mINP  |
+-------------------+--------+--------+--------+--------+--------+
|        -999       | 69.414 | 95.197 | 97.776 | 81.233 | 81.233 |
|        -999       | 84.277 | 99.039 | 99.596 | 91.276 | 91.276 |
|  cos_sim_wo/norm  | 58.544 | 91.860 | 95.703 | 73.596 | 73.596 |
|        -999       | 69.414 | 95.197 | 97.776 | 81.233 | 81.233 |
| itm_score_wo/norm | 84.328 | 98.989 | 99.494 | 91.293 | 91.293 |
|        -999       | 84.277 | 99.039 | 99.596 | 91.276 | 91.276 |
|         0         | 84.328 | 99.039 | 99.596 | 91.301 | 91.301 |
|         1         | 84.277 | 99.039 | 99.596 | 91.276 | 91.276 |
+-------------------+--------+--------+--------+--------+--------+
     logs:  {'epo': 1, 'R1': np.float32(84.277), 'R5': np.float32(99.039), 'R10': np.float32(99.596), 'mAP': np.float32(91.276), 'mINP': np.float32(91.276), 'entropy': 0.324823, 'uncertainty': 1.0, 'uncertainty_coeffi': 1.0, 'loss': 0.324823, 'lr': 2e-06}
      TTA Epoch: [2] [ 0/78]  eta: 0:00:33  entropy: 0.2591  uncertainty: 1.0000  uncertainty_coeffi: 1.0000  loss: 0.2591  lr: 0.000003  time: 0.4300  data: 0.3803  max mem: 2691
      TTA Epoch: [2] [77/78]  eta: 0:00:00  entropy: 0.2825  uncertainty: 1.0000  uncertainty_coeffi: 1.0000  loss: 0.2825  lr: 0.000005  time: 0.0325  data: 0.0002  max mem: 2691
      TTA Epoch: [2] Total time: 0:00:03 (0.0390 s / it)
     Averaged stats: entropy: 0.3227  uncertainty: 1.0000  uncertainty_coeffi: 1.0000  loss: 0.3227  lr: 0.0000
     itm tta time 0:00:03
     Computing matching score
      Evaluation: [   0/1978]  eta: 0:01:32    time: 0.0470  data: 0.0031  max mem: 2691
      Evaluation: [ 100/1978]  eta: 0:01:20    time: 0.0429  data: 0.0000  max mem: 2691
      Evaluation: [ 200/1978]  eta: 0:01:16    time: 0.0432  data: 0.0000  max mem: 2691
      Evaluation: [ 300/1978]  eta: 0:01:12    time: 0.0430  data: 0.0000  max mem: 2691
      Evaluation: [ 400/1978]  eta: 0:01:08    time: 0.0439  data: 0.0000  max mem: 2691
      Evaluation: [ 500/1978]  eta: 0:01:04    time: 0.0435  data: 0.0000  max mem: 2691
      Evaluation: [ 600/1978]  eta: 0:00:59    time: 0.0436  data: 0.0000  max mem: 2691
      Evaluation: [ 700/1978]  eta: 0:00:55    time: 0.0446  data: 0.0000  max mem: 2691
      Evaluation: [ 800/1978]  eta: 0:00:51    time: 0.0427  data: 0.0000  max mem: 2691
      Evaluation: [ 900/1978]  eta: 0:00:46    time: 0.0465  data: 0.0000  max mem: 2691
      Evaluation: [1000/1978]  eta: 0:00:42    time: 0.0417  data: 0.0000  max mem: 2691
      Evaluation: [1100/1978]  eta: 0:00:38    time: 0.0430  data: 0.0000  max mem: 2691
      Evaluation: [1200/1978]  eta: 0:00:33    time: 0.0419  data: 0.0000  max mem: 2691
      Evaluation: [1300/1978]  eta: 0:00:29    time: 0.0420  data: 0.0000  max mem: 2691
      Evaluation: [1400/1978]  eta: 0:00:25    time: 0.0420  data: 0.0000  max mem: 2691
      Evaluation: [1500/1978]  eta: 0:00:20    time: 0.0434  data: 0.0000  max mem: 2691
      Evaluation: [1600/1978]  eta: 0:00:16    time: 0.0471  data: 0.0000  max mem: 2691
      Evaluation: [1700/1978]  eta: 0:00:12    time: 0.0419  data: 0.0000  max mem: 2691
      Evaluation: [1800/1978]  eta: 0:00:07    time: 0.0427  data: 0.0000  max mem: 2691
      Evaluation: [1900/1978]  eta: 0:00:03    time: 0.0410  data: 0.0000  max mem: 2691
      Evaluation: [1977/1978]  eta: 0:00:00    time: 0.0445  data: 0.0000  max mem: 2691
      Evaluation: Total time: 0:01:25 (0.0433 s / it)
     Computing matching score time 0:01:25
### TTA ITM Score: 
+-------------------+--------+--------+--------+--------+--------+
|       epoch       |   R1   |   R5   |  R10   |  mAP   |  mINP  |
+-------------------+--------+--------+--------+--------+--------+
|        -999       | 69.414 | 95.197 | 97.776 | 81.233 | 81.233 |
|        -999       | 84.277 | 99.039 | 99.596 | 91.276 | 91.276 |
|  cos_sim_wo/norm  | 58.544 | 91.860 | 95.703 | 73.596 | 73.596 |
|        -999       | 69.414 | 95.197 | 97.776 | 81.233 | 81.233 |
| itm_score_wo/norm | 84.328 | 98.989 | 99.494 | 91.293 | 91.293 |
|        -999       | 84.277 | 99.039 | 99.596 | 91.276 | 91.276 |
|         0         | 84.328 | 99.039 | 99.596 | 91.301 | 91.301 |
|         1         | 84.277 | 99.039 | 99.596 | 91.276 | 91.276 |
|         2         | 84.530 | 99.039 | 99.596 | 91.401 | 91.401 |
+-------------------+--------+--------+--------+--------+--------+
     logs:  {'epo': 2, 'R1': np.float32(84.53), 'R5': np.float32(99.039), 'R10': np.float32(99.596), 'mAP': np.float32(91.401), 'mINP': np.float32(91.401), 'entropy': 0.322706, 'uncertainty': 1.0, 'uncertainty_coeffi': 1.0, 'loss': 0.322706, 'lr': 4e-06}
      TTA Epoch: [3] [ 0/78]  eta: 0:00:34  entropy: 0.4259  uncertainty: 1.0000  uncertainty_coeffi: 1.0000  loss: 0.4259  lr: 0.000005  time: 0.4473  data: 0.3769  max mem: 2691
      TTA Epoch: [3] [77/78]  eta: 0:00:00  entropy: 0.3319  uncertainty: 1.0000  uncertainty_coeffi: 1.0000  loss: 0.3319  lr: 0.000006  time: 0.0334  data: 0.0001  max mem: 2691
      TTA Epoch: [3] Total time: 0:00:03 (0.0412 s / it)
     Averaged stats: entropy: 0.3127  uncertainty: 1.0000  uncertainty_coeffi: 1.0000  loss: 0.3127  lr: 0.0000
     itm tta time 0:00:03
      TTA Epoch: [4] [ 0/78]  eta: 0:00:37  entropy: 0.2791  uncertainty: 1.0000  uncertainty_coeffi: 1.0000  loss: 0.2791  lr: 0.000006  time: 0.4766  data: 0.4248  max mem: 2691
      TTA Epoch: [4] [77/78]  eta: 0:00:00  entropy: 0.1880  uncertainty: 1.0000  uncertainty_coeffi: 1.0000  loss: 0.1880  lr: 0.000008  time: 0.0347  data: 0.0001  max mem: 2691
      TTA Epoch: [4] Total time: 0:00:03 (0.0419 s / it)
     Averaged stats: entropy: 0.3129  uncertainty: 1.0000  uncertainty_coeffi: 1.0000  loss: 0.3129  lr: 0.0000
     itm tta time 0:00:03
     Computing matching score
      Evaluation: [   0/1978]  eta: 0:02:01    time: 0.0617  data: 0.0032  max mem: 2691
      Evaluation: [ 100/1978]  eta: 0:01:24    time: 0.0451  data: 0.0000  max mem: 2691
      Evaluation: [ 200/1978]  eta: 0:01:18    time: 0.0440  data: 0.0000  max mem: 2691
      Evaluation: [ 300/1978]  eta: 0:01:14    time: 0.0473  data: 0.0000  max mem: 2691
      Evaluation: [ 400/1978]  eta: 0:01:10    time: 0.0439  data: 0.0000  max mem: 2691
      Evaluation: [ 500/1978]  eta: 0:01:05    time: 0.0426  data: 0.0000  max mem: 2691
      Evaluation: [ 600/1978]  eta: 0:01:00    time: 0.0432  data: 0.0000  max mem: 2691
      Evaluation: [ 700/1978]  eta: 0:00:56    time: 0.0430  data: 0.0000  max mem: 2691
      Evaluation: [ 800/1978]  eta: 0:00:51    time: 0.0425  data: 0.0000  max mem: 2691
      Evaluation: [ 900/1978]  eta: 0:00:47    time: 0.0425  data: 0.0000  max mem: 2691
      Evaluation: [1000/1978]  eta: 0:00:42    time: 0.0426  data: 0.0000  max mem: 2691
      Evaluation: [1100/1978]  eta: 0:00:38    time: 0.0421  data: 0.0000  max mem: 2691
      Evaluation: [1200/1978]  eta: 0:00:33    time: 0.0422  data: 0.0000  max mem: 2691
      Evaluation: [1300/1978]  eta: 0:00:29    time: 0.0418  data: 0.0000  max mem: 2691
      Evaluation: [1400/1978]  eta: 0:00:25    time: 0.0428  data: 0.0000  max mem: 2691
      Evaluation: [1500/1978]  eta: 0:00:20    time: 0.0427  data: 0.0000  max mem: 2691
      Evaluation: [1600/1978]  eta: 0:00:16    time: 0.0425  data: 0.0000  max mem: 2691
      Evaluation: [1700/1978]  eta: 0:00:12    time: 0.0424  data: 0.0000  max mem: 2691
      Evaluation: [1800/1978]  eta: 0:00:07    time: 0.0425  data: 0.0000  max mem: 2691
      Evaluation: [1900/1978]  eta: 0:00:03    time: 0.0429  data: 0.0000  max mem: 2691
      Evaluation: [1977/1978]  eta: 0:00:00    time: 0.0435  data: 0.0000  max mem: 2691
      Evaluation: Total time: 0:01:25 (0.0432 s / it)
     Computing matching score time 0:01:25
### TTA ITM Score: 
+-------------------+--------+--------+--------+--------+--------+
|       epoch       |   R1   |   R5   |  R10   |  mAP   |  mINP  |
+-------------------+--------+--------+--------+--------+--------+
|        -999       | 69.414 | 95.197 | 97.776 | 81.233 | 81.233 |
|        -999       | 84.277 | 99.039 | 99.596 | 91.276 | 91.276 |
|  cos_sim_wo/norm  | 58.544 | 91.860 | 95.703 | 73.596 | 73.596 |
|        -999       | 69.414 | 95.197 | 97.776 | 81.233 | 81.233 |
| itm_score_wo/norm | 84.328 | 98.989 | 99.494 | 91.293 | 91.293 |
|        -999       | 84.277 | 99.039 | 99.596 | 91.276 | 91.276 |
|         0         | 84.328 | 99.039 | 99.596 | 91.301 | 91.301 |
|         1         | 84.277 | 99.039 | 99.596 | 91.276 | 91.276 |
|         2         | 84.530 | 99.039 | 99.596 | 91.401 | 91.401 |
|         4         | 84.681 | 98.989 | 99.596 | 91.459 | 91.459 |
+-------------------+--------+--------+--------+--------+--------+
     logs:  {'epo': 4, 'R1': np.float32(84.681), 'R5': np.float32(98.989), 'R10': np.float32(99.596), 'mAP': np.float32(91.459), 'mINP': np.float32(91.459), 'entropy': 0.312942, 'uncertainty': 1.0, 'uncertainty_coeffi': 1.0, 'loss': 0.312942, 'lr': 7e-06}
      TTA Epoch: [5] [ 0/78]  eta: 0:00:36  entropy: 0.3164  uncertainty: 1.0000  uncertainty_coeffi: 1.0000  loss: 0.3164  lr: 0.000008  time: 0.4629  data: 0.3932  max mem: 2691
      TTA Epoch: [5] [77/78]  eta: 0:00:00  entropy: 0.3335  uncertainty: 1.0000  uncertainty_coeffi: 1.0000  loss: 0.3335  lr: 0.000009  time: 0.0319  data: 0.0001  max mem: 2691
      TTA Epoch: [5] Total time: 0:00:03 (0.0392 s / it)
     Averaged stats: entropy: 0.3022  uncertainty: 1.0000  uncertainty_coeffi: 1.0000  loss: 0.3022  lr: 0.0000
     itm tta time 0:00:03
      TTA Epoch: [6] [ 0/78]  eta: 0:00:31  entropy: 0.4618  uncertainty: 1.0000  uncertainty_coeffi: 1.0000  loss: 0.4618  lr: 0.000009  time: 0.4043  data: 0.3563  max mem: 2691
      TTA Epoch: [6] [77/78]  eta: 0:00:00  entropy: 0.2354  uncertainty: 1.0000  uncertainty_coeffi: 1.0000  loss: 0.2354  lr: 0.000010  time: 0.0320  data: 0.0001  max mem: 2691
      TTA Epoch: [6] Total time: 0:00:02 (0.0381 s / it)
     Averaged stats: entropy: 0.2995  uncertainty: 1.0000  uncertainty_coeffi: 1.0000  loss: 0.2995  lr: 0.0000
     itm tta time 0:00:03
      TTA Epoch: [7] [ 0/78]  eta: 0:00:33  entropy: 0.1641  uncertainty: 1.0000  uncertainty_coeffi: 1.0000  loss: 0.1641  lr: 0.000010  time: 0.4302  data: 0.3681  max mem: 2691
      TTA Epoch: [7] [77/78]  eta: 0:00:00  entropy: 0.3713  uncertainty: 1.0000  uncertainty_coeffi: 1.0000  loss: 0.3713  lr: 0.000010  time: 0.0354  data: 0.0001  max mem: 2691
      TTA Epoch: [7] Total time: 0:00:03 (0.0422 s / it)
     Averaged stats: entropy: 0.2834  uncertainty: 1.0000  uncertainty_coeffi: 1.0000  loss: 0.2834  lr: 0.0000
     itm tta time 0:00:03
      TTA Epoch: [8] [ 0/78]  eta: 0:00:32  entropy: 0.2869  uncertainty: 1.0000  uncertainty_coeffi: 1.0000  loss: 0.2869  lr: 0.000010  time: 0.4176  data: 0.3667  max mem: 2691
      TTA Epoch: [8] [77/78]  eta: 0:00:00  entropy: 0.3461  uncertainty: 1.0000  uncertainty_coeffi: 1.0000  loss: 0.3461  lr: 0.000010  time: 0.0330  data: 0.0001  max mem: 2691
      TTA Epoch: [8] Total time: 0:00:03 (0.0404 s / it)
     Averaged stats: entropy: 0.2807  uncertainty: 1.0000  uncertainty_coeffi: 1.0000  loss: 0.2807  lr: 0.0000
     itm tta time 0:00:03
      TTA Epoch: [9] [ 0/78]  eta: 0:00:36  entropy: 0.2767  uncertainty: 1.0000  uncertainty_coeffi: 1.0000  loss: 0.2767  lr: 0.000010  time: 0.4707  data: 0.4169  max mem: 2691
      TTA Epoch: [9] [77/78]  eta: 0:00:00  entropy: 0.3118  uncertainty: 1.0000  uncertainty_coeffi: 1.0000  loss: 0.3118  lr: 0.000009  time: 0.0351  data: 0.0005  max mem: 2691
      TTA Epoch: [9] Total time: 0:00:03 (0.0448 s / it)
     Averaged stats: entropy: 0.2723  uncertainty: 1.0000  uncertainty_coeffi: 1.0000  loss: 0.2723  lr: 0.0000
     itm tta time 0:00:03
     Computing matching score
      Evaluation: [   0/1978]  eta: 0:01:38    time: 0.0498  data: 0.0034  max mem: 2691
      Evaluation: [ 100/1978]  eta: 0:01:24    time: 0.0443  data: 0.0000  max mem: 2691
      Evaluation: [ 200/1978]  eta: 0:01:19    time: 0.0432  data: 0.0000  max mem: 2691
      Evaluation: [ 300/1978]  eta: 0:01:14    time: 0.0421  data: 0.0000  max mem: 2691
      Evaluation: [ 400/1978]  eta: 0:01:09    time: 0.0442  data: 0.0000  max mem: 2691
      Evaluation: [ 500/1978]  eta: 0:01:04    time: 0.0435  data: 0.0000  max mem: 2691
      Evaluation: [ 600/1978]  eta: 0:01:00    time: 0.0413  data: 0.0000  max mem: 2691
      Evaluation: [ 700/1978]  eta: 0:00:55    time: 0.0428  data: 0.0000  max mem: 2691
      Evaluation: [ 800/1978]  eta: 0:00:51    time: 0.0411  data: 0.0000  max mem: 2691
      Evaluation: [ 900/1978]  eta: 0:00:46    time: 0.0417  data: 0.0000  max mem: 2691
      Evaluation: [1000/1978]  eta: 0:00:42    time: 0.0423  data: 0.0000  max mem: 2691
      Evaluation: [1100/1978]  eta: 0:00:37    time: 0.0419  data: 0.0000  max mem: 2691
      Evaluation: [1200/1978]  eta: 0:00:33    time: 0.0450  data: 0.0000  max mem: 2691
      Evaluation: [1300/1978]  eta: 0:00:29    time: 0.0433  data: 0.0000  max mem: 2691
      Evaluation: [1400/1978]  eta: 0:00:24    time: 0.0434  data: 0.0000  max mem: 2691
      Evaluation: [1500/1978]  eta: 0:00:20    time: 0.0421  data: 0.0000  max mem: 2691
      Evaluation: [1600/1978]  eta: 0:00:16    time: 0.0431  data: 0.0000  max mem: 2691
      Evaluation: [1700/1978]  eta: 0:00:12    time: 0.0456  data: 0.0000  max mem: 2691
      Evaluation: [1800/1978]  eta: 0:00:07    time: 0.0517  data: 0.0000  max mem: 2691
      Evaluation: [1900/1978]  eta: 0:00:03    time: 0.0515  data: 0.0000  max mem: 2691
      Evaluation: [1977/1978]  eta: 0:00:00    time: 0.0488  data: 0.0000  max mem: 2691
      Evaluation: Total time: 0:01:27 (0.0442 s / it)
     Computing matching score time 0:01:27
### TTA ITM Score: 
+-------------------+--------+--------+--------+--------+--------+
|       epoch       |   R1   |   R5   |  R10   |  mAP   |  mINP  |
+-------------------+--------+--------+--------+--------+--------+
|        -999       | 69.414 | 95.197 | 97.776 | 81.233 | 81.233 |
|        -999       | 84.277 | 99.039 | 99.596 | 91.276 | 91.276 |
|  cos_sim_wo/norm  | 58.544 | 91.860 | 95.703 | 73.596 | 73.596 |
|        -999       | 69.414 | 95.197 | 97.776 | 81.233 | 81.233 |
| itm_score_wo/norm | 84.328 | 98.989 | 99.494 | 91.293 | 91.293 |
|        -999       | 84.277 | 99.039 | 99.596 | 91.276 | 91.276 |
|         0         | 84.328 | 99.039 | 99.596 | 91.301 | 91.301 |
|         1         | 84.277 | 99.039 | 99.596 | 91.276 | 91.276 |
|         2         | 84.530 | 99.039 | 99.596 | 91.401 | 91.401 |
|         4         | 84.681 | 98.989 | 99.596 | 91.459 | 91.459 |
|         9         | 84.732 | 98.938 | 99.545 | 91.466 | 91.466 |
+-------------------+--------+--------+--------+--------+--------+
     logs:  {'epo': 9, 'R1': np.float32(84.732), 'R5': np.float32(98.938), 'R10': np.float32(99.545), 'mAP': np.float32(91.466), 'mINP': np.float32(91.466), 'entropy': 0.272251, 'uncertainty': 1.0, 'uncertainty_coeffi': 1.0, 'loss': 0.272251, 'lr': 9e-06}
      TTA Epoch: [10] [ 0/78]  eta: 0:00:42  entropy: 0.3012  uncertainty: 1.0000  uncertainty_coeffi: 1.0000  loss: 0.3012  lr: 0.000009  time: 0.5428  data: 0.4940  max mem: 2691
      TTA Epoch: [10] [77/78]  eta: 0:00:00  entropy: 0.2889  uncertainty: 1.0000  uncertainty_coeffi: 1.0000  loss: 0.2889  lr: 0.000009  time: 0.0492  data: 0.0032  max mem: 2691
      TTA Epoch: [10] Total time: 0:00:03 (0.0485 s / it)
     Averaged stats: entropy: 0.2661  uncertainty: 1.0000  uncertainty_coeffi: 1.0000  loss: 0.2661  lr: 0.0000
     itm tta time 0:00:03
      TTA Epoch: [11] [ 0/78]  eta: 0:01:07  entropy: 0.2965  uncertainty: 1.0000  uncertainty_coeffi: 1.0000  loss: 0.2965  lr: 0.000009  time: 0.8647  data: 0.7914  max mem: 2691
      TTA Epoch: [11] [77/78]  eta: 0:00:00  entropy: 0.3554  uncertainty: 1.0000  uncertainty_coeffi: 1.0000  loss: 0.3554  lr: 0.000009  time: 0.0576  data: 0.0141  max mem: 2691
      TTA Epoch: [11] Total time: 0:00:05 (0.0737 s / it)
     Averaged stats: entropy: 0.2570  uncertainty: 1.0000  uncertainty_coeffi: 1.0000  loss: 0.2570  lr: 0.0000
     itm tta time 0:00:05
      TTA Epoch: [12] [ 0/78]  eta: 0:00:40  entropy: 0.1099  uncertainty: 1.0000  uncertainty_coeffi: 1.0000  loss: 0.1099  lr: 0.000009  time: 0.5175  data: 0.4660  max mem: 2691
      TTA Epoch: [12] [77/78]  eta: 0:00:00  entropy: 0.1977  uncertainty: 1.0000  uncertainty_coeffi: 1.0000  loss: 0.1977  lr: 0.000009  time: 0.0409  data: 0.0036  max mem: 2691
      TTA Epoch: [12] Total time: 0:00:04 (0.0533 s / it)
     Averaged stats: entropy: 0.2528  uncertainty: 1.0000  uncertainty_coeffi: 1.0000  loss: 0.2528  lr: 0.0000
     itm tta time 0:00:04
      TTA Epoch: [13] [ 0/78]  eta: 0:00:41  entropy: 0.1662  uncertainty: 1.0000  uncertainty_coeffi: 1.0000  loss: 0.1662  lr: 0.000009  time: 0.5369  data: 0.4664  max mem: 2691
      TTA Epoch: [13] [77/78]  eta: 0:00:00  entropy: 0.2755  uncertainty: 1.0000  uncertainty_coeffi: 1.0000  loss: 0.2755  lr: 0.000009  time: 0.0384  data: 0.0007  max mem: 2691
      TTA Epoch: [13] Total time: 0:00:03 (0.0480 s / it)
     Averaged stats: entropy: 0.2468  uncertainty: 1.0000  uncertainty_coeffi: 1.0000  loss: 0.2468  lr: 0.0000
     itm tta time 0:00:03
      TTA Epoch: [14] [ 0/78]  eta: 0:00:41  entropy: 0.2184  uncertainty: 1.0000  uncertainty_coeffi: 1.0000  loss: 0.2184  lr: 0.000009  time: 0.5270  data: 0.4528  max mem: 2691
      TTA Epoch: [14] [77/78]  eta: 0:00:00  entropy: 0.1765  uncertainty: 1.0000  uncertainty_coeffi: 1.0000  loss: 0.1765  lr: 0.000008  time: 0.0493  data: 0.0093  max mem: 2691
      TTA Epoch: [14] Total time: 0:00:03 (0.0511 s / it)
     Averaged stats: entropy: 0.2418  uncertainty: 1.0000  uncertainty_coeffi: 1.0000  loss: 0.2418  lr: 0.0000
     itm tta time 0:00:04
     Computing matching score
      Evaluation: [   0/1978]  eta: 0:01:44    time: 0.0527  data: 0.0030  max mem: 2691
      Evaluation: [ 100/1978]  eta: 0:01:37    time: 0.0532  data: 0.0000  max mem: 2691
      Evaluation: [ 200/1978]  eta: 0:01:29    time: 0.0448  data: 0.0000  max mem: 2691
      Evaluation: [ 300/1978]  eta: 0:01:23    time: 0.0461  data: 0.0000  max mem: 2691
      Evaluation: [ 400/1978]  eta: 0:01:19    time: 0.0517  data: 0.0000  max mem: 2691
      Evaluation: [ 500/1978]  eta: 0:01:14    time: 0.0503  data: 0.0000  max mem: 2691
      Evaluation: [ 600/1978]  eta: 0:01:08    time: 0.0462  data: 0.0000  max mem: 2691
      Evaluation: [ 700/1978]  eta: 0:01:03    time: 0.0441  data: 0.0000  max mem: 2691
      Evaluation: [ 800/1978]  eta: 0:00:57    time: 0.0457  data: 0.0000  max mem: 2691
      Evaluation: [ 900/1978]  eta: 0:00:52    time: 0.0411  data: 0.0000  max mem: 2691
      Evaluation: [1000/1978]  eta: 0:00:47    time: 0.0450  data: 0.0000  max mem: 2691
      Evaluation: [1100/1978]  eta: 0:00:42    time: 0.0486  data: 0.0000  max mem: 2691
      Evaluation: [1200/1978]  eta: 0:00:37    time: 0.0456  data: 0.0000  max mem: 2691
      Evaluation: [1300/1978]  eta: 0:00:32    time: 0.0443  data: 0.0000  max mem: 2691
      Evaluation: [1400/1978]  eta: 0:00:27    time: 0.0417  data: 0.0000  max mem: 2691
      Evaluation: [1500/1978]  eta: 0:00:22    time: 0.0473  data: 0.0000  max mem: 2691
      Evaluation: [1600/1978]  eta: 0:00:17    time: 0.0465  data: 0.0000  max mem: 2691
      Evaluation: [1700/1978]  eta: 0:00:13    time: 0.0548  data: 0.0000  max mem: 2691
      Evaluation: [1800/1978]  eta: 0:00:08    time: 0.0428  data: 0.0000  max mem: 2691
      Evaluation: [1900/1978]  eta: 0:00:03    time: 0.0442  data: 0.0000  max mem: 2691
      Evaluation: [1977/1978]  eta: 0:00:00    time: 0.0434  data: 0.0000  max mem: 2691
      Evaluation: Total time: 0:01:33 (0.0472 s / it)
     Computing matching score time 0:01:33
### TTA ITM Score: 
+-------------------+--------+--------+--------+--------+--------+
|       epoch       |   R1   |   R5   |  R10   |  mAP   |  mINP  |
+-------------------+--------+--------+--------+--------+--------+
|        -999       | 69.414 | 95.197 | 97.776 | 81.233 | 81.233 |
|        -999       | 84.277 | 99.039 | 99.596 | 91.276 | 91.276 |
|  cos_sim_wo/norm  | 58.544 | 91.860 | 95.703 | 73.596 | 73.596 |
|        -999       | 69.414 | 95.197 | 97.776 | 81.233 | 81.233 |
| itm_score_wo/norm | 84.328 | 98.989 | 99.494 | 91.293 | 91.293 |
|        -999       | 84.277 | 99.039 | 99.596 | 91.276 | 91.276 |
|         0         | 84.328 | 99.039 | 99.596 | 91.301 | 91.301 |
|         1         | 84.277 | 99.039 | 99.596 | 91.276 | 91.276 |
|         2         | 84.530 | 99.039 | 99.596 | 91.401 | 91.401 |
|         4         | 84.681 | 98.989 | 99.596 | 91.459 | 91.459 |
|         9         | 84.732 | 98.938 | 99.545 | 91.466 | 91.466 |
|         14        | 84.580 | 98.938 | 99.494 | 91.354 | 91.354 |
+-------------------+--------+--------+--------+--------+--------+
     logs:  {'epo': 14, 'R1': np.float32(84.58), 'R5': np.float32(98.938), 'R10': np.float32(99.494), 'mAP': np.float32(91.354), 'mINP': np.float32(91.354), 'entropy': 0.241839, 'uncertainty': 1.0, 'uncertainty_coeffi': 1.0, 'loss': 0.241839, 'lr': 9e-06}
      TTA Epoch: [15] [ 0/78]  eta: 0:00:40  entropy: 0.1590  uncertainty: 1.0000  uncertainty_coeffi: 1.0000  loss: 0.1590  lr: 0.000008  time: 0.5186  data: 0.4675  max mem: 2691
      TTA Epoch: [15] [77/78]  eta: 0:00:00  entropy: 0.2163  uncertainty: 1.0000  uncertainty_coeffi: 1.0000  loss: 0.2163  lr: 0.000008  time: 0.0371  data: 0.0002  max mem: 2691
      TTA Epoch: [15] Total time: 0:00:03 (0.0454 s / it)
     Averaged stats: entropy: 0.2374  uncertainty: 1.0000  uncertainty_coeffi: 1.0000  loss: 0.2374  lr: 0.0000
     itm tta time 0:00:03
      TTA Epoch: [16] [ 0/78]  eta: 0:00:37  entropy: 0.1121  uncertainty: 1.0000  uncertainty_coeffi: 1.0000  loss: 0.1121  lr: 0.000008  time: 0.4773  data: 0.4238  max mem: 2691
      TTA Epoch: [16] [77/78]  eta: 0:00:00  entropy: 0.3587  uncertainty: 1.0000  uncertainty_coeffi: 1.0000  loss: 0.3587  lr: 0.000008  time: 0.0387  data: 0.0002  max mem: 2691
      TTA Epoch: [16] Total time: 0:00:03 (0.0449 s / it)
     Averaged stats: entropy: 0.2337  uncertainty: 1.0000  uncertainty_coeffi: 1.0000  loss: 0.2337  lr: 0.0000
     itm tta time 0:00:03
      TTA Epoch: [17] [ 0/78]  eta: 0:00:39  entropy: 0.2631  uncertainty: 1.0000  uncertainty_coeffi: 1.0000  loss: 0.2631  lr: 0.000008  time: 0.5003  data: 0.4375  max mem: 2691
      TTA Epoch: [17] [77/78]  eta: 0:00:00  entropy: 0.1751  uncertainty: 1.0000  uncertainty_coeffi: 1.0000  loss: 0.1751  lr: 0.000008  time: 0.0393  data: 0.0001  max mem: 2691
      TTA Epoch: [17] Total time: 0:00:03 (0.0472 s / it)
     Averaged stats: entropy: 0.2304  uncertainty: 1.0000  uncertainty_coeffi: 1.0000  loss: 0.2304  lr: 0.0000
     itm tta time 0:00:03
      TTA Epoch: [18] [ 0/78]  eta: 0:00:38  entropy: 0.2989  uncertainty: 1.0000  uncertainty_coeffi: 1.0000  loss: 0.2989  lr: 0.000008  time: 0.4904  data: 0.4363  max mem: 2691
      TTA Epoch: [18] [77/78]  eta: 0:00:00  entropy: 0.2836  uncertainty: 1.0000  uncertainty_coeffi: 1.0000  loss: 0.2836  lr: 0.000008  time: 0.0367  data: 0.0002  max mem: 2691
      TTA Epoch: [18] Total time: 0:00:03 (0.0470 s / it)
     Averaged stats: entropy: 0.2267  uncertainty: 1.0000  uncertainty_coeffi: 1.0000  loss: 0.2267  lr: 0.0000
     itm tta time 0:00:03
      TTA Epoch: [19] [ 0/78]  eta: 0:00:37  entropy: 0.1644  uncertainty: 1.0000  uncertainty_coeffi: 1.0000  loss: 0.1644  lr: 0.000008  time: 0.4829  data: 0.4307  max mem: 2691
      TTA Epoch: [19] [77/78]  eta: 0:00:00  entropy: 0.2431  uncertainty: 1.0000  uncertainty_coeffi: 1.0000  loss: 0.2431  lr: 0.000008  time: 0.0398  data: 0.0029  max mem: 2691
      TTA Epoch: [19] Total time: 0:00:03 (0.0468 s / it)
     Averaged stats: entropy: 0.2227  uncertainty: 1.0000  uncertainty_coeffi: 1.0000  loss: 0.2227  lr: 0.0000
     itm tta time 0:00:03
     Computing matching score
      Evaluation: [   0/1978]  eta: 0:01:59    time: 0.0603  data: 0.0032  max mem: 2691
      Evaluation: [ 100/1978]  eta: 0:01:23    time: 0.0459  data: 0.0000  max mem: 2691
      Evaluation: [ 200/1978]  eta: 0:01:19    time: 0.0464  data: 0.0000  max mem: 2691
      Evaluation: [ 300/1978]  eta: 0:01:15    time: 0.0454  data: 0.0000  max mem: 2691
      Evaluation: [ 400/1978]  eta: 0:01:10    time: 0.0473  data: 0.0000  max mem: 2691
      Evaluation: [ 500/1978]  eta: 0:01:06    time: 0.0437  data: 0.0000  max mem: 2691
      Evaluation: [ 600/1978]  eta: 0:01:01    time: 0.0428  data: 0.0000  max mem: 2691
      Evaluation: [ 700/1978]  eta: 0:00:56    time: 0.0445  data: 0.0000  max mem: 2691
      Evaluation: [ 800/1978]  eta: 0:00:52    time: 0.0431  data: 0.0000  max mem: 2691
      Evaluation: [ 900/1978]  eta: 0:00:47    time: 0.0462  data: 0.0000  max mem: 2691
      Evaluation: [1000/1978]  eta: 0:00:43    time: 0.0427  data: 0.0000  max mem: 2691
      Evaluation: [1100/1978]  eta: 0:00:38    time: 0.0430  data: 0.0000  max mem: 2691
      Evaluation: [1200/1978]  eta: 0:00:34    time: 0.0441  data: 0.0000  max mem: 2691
      Evaluation: [1300/1978]  eta: 0:00:30    time: 0.0505  data: 0.0000  max mem: 2691
      Evaluation: [1400/1978]  eta: 0:00:25    time: 0.0425  data: 0.0000  max mem: 2691
      Evaluation: [1500/1978]  eta: 0:00:21    time: 0.0440  data: 0.0000  max mem: 2691
      Evaluation: [1600/1978]  eta: 0:00:16    time: 0.0438  data: 0.0000  max mem: 2691
      Evaluation: [1700/1978]  eta: 0:00:12    time: 0.0436  data: 0.0000  max mem: 2691
      Evaluation: [1800/1978]  eta: 0:00:07    time: 0.0427  data: 0.0000  max mem: 2691
      Evaluation: [1900/1978]  eta: 0:00:03    time: 0.0425  data: 0.0000  max mem: 2691
      Evaluation: [1977/1978]  eta: 0:00:00    time: 0.0426  data: 0.0000  max mem: 2691
      Evaluation: Total time: 0:01:27 (0.0445 s / it)
     Computing matching score time 0:01:28
### TTA ITM Score: 
+-------------------+--------+--------+--------+--------+--------+
|       epoch       |   R1   |   R5   |  R10   |  mAP   |  mINP  |
+-------------------+--------+--------+--------+--------+--------+
|        -999       | 69.414 | 95.197 | 97.776 | 81.233 | 81.233 |
|        -999       | 84.277 | 99.039 | 99.596 | 91.276 | 91.276 |
|  cos_sim_wo/norm  | 58.544 | 91.860 | 95.703 | 73.596 | 73.596 |
|        -999       | 69.414 | 95.197 | 97.776 | 81.233 | 81.233 |
| itm_score_wo/norm | 84.328 | 98.989 | 99.494 | 91.293 | 91.293 |
|        -999       | 84.277 | 99.039 | 99.596 | 91.276 | 91.276 |
|         0         | 84.328 | 99.039 | 99.596 | 91.301 | 91.301 |
|         1         | 84.277 | 99.039 | 99.596 | 91.276 | 91.276 |
|         2         | 84.530 | 99.039 | 99.596 | 91.401 | 91.401 |
|         4         | 84.681 | 98.989 | 99.596 | 91.459 | 91.459 |
|         9         | 84.732 | 98.938 | 99.545 | 91.466 | 91.466 |
|         14        | 84.580 | 98.938 | 99.494 | 91.354 | 91.354 |
|         19        | 84.530 | 98.837 | 99.494 | 91.293 | 91.293 |
+-------------------+--------+--------+--------+--------+--------+
     logs:  {'epo': 19, 'R1': np.float32(84.53), 'R5': np.float32(98.837), 'R10': np.float32(99.494), 'mAP': np.float32(91.293), 'mINP': np.float32(91.293), 'entropy': 0.222706, 'uncertainty': 1.0, 'uncertainty_coeffi': 1.0, 'loss': 0.222706, 'lr': 8e-06}
      TTA Epoch: [20] [ 0/78]  eta: 0:00:37  entropy: 0.3119  uncertainty: 1.0000  uncertainty_coeffi: 1.0000  loss: 0.3119  lr: 0.000007  time: 0.4813  data: 0.4288  max mem: 2691
      TTA Epoch: [20] [77/78]  eta: 0:00:00  entropy: 0.2035  uncertainty: 1.0000  uncertainty_coeffi: 1.0000  loss: 0.2035  lr: 0.000007  time: 0.0363  data: 0.0002  max mem: 2691
      TTA Epoch: [20] Total time: 0:00:03 (0.0447 s / it)
     Averaged stats: entropy: 0.2233  uncertainty: 1.0000  uncertainty_coeffi: 1.0000  loss: 0.2233  lr: 0.0000
     itm tta time 0:00:03
      TTA Epoch: [21] [ 0/78]  eta: 0:00:40  entropy: 0.2075  uncertainty: 1.0000  uncertainty_coeffi: 1.0000  loss: 0.2075  lr: 0.000007  time: 0.5200  data: 0.4641  max mem: 2691
      TTA Epoch: [21] [77/78]  eta: 0:00:00  entropy: 0.2449  uncertainty: 1.0000  uncertainty_coeffi: 1.0000  loss: 0.2449  lr: 0.000007  time: 0.0364  data: 0.0002  max mem: 2691
      TTA Epoch: [21] Total time: 0:00:03 (0.0453 s / it)
     Averaged stats: entropy: 0.2192  uncertainty: 1.0000  uncertainty_coeffi: 1.0000  loss: 0.2192  lr: 0.0000
     itm tta time 0:00:03
      TTA Epoch: [22] [ 0/78]  eta: 0:00:39  entropy: 0.1907  uncertainty: 1.0000  uncertainty_coeffi: 1.0000  loss: 0.1907  lr: 0.000007  time: 0.5110  data: 0.4307  max mem: 2691
      TTA Epoch: [22] [77/78]  eta: 0:00:00  entropy: 0.1581  uncertainty: 1.0000  uncertainty_coeffi: 1.0000  loss: 0.1581  lr: 0.000007  time: 0.0378  data: 0.0002  max mem: 2691
      TTA Epoch: [22] Total time: 0:00:03 (0.0453 s / it)
     Averaged stats: entropy: 0.2148  uncertainty: 1.0000  uncertainty_coeffi: 1.0000  loss: 0.2148  lr: 0.0000
     itm tta time 0:00:03
      TTA Epoch: [23] [ 0/78]  eta: 0:00:38  entropy: 0.1751  uncertainty: 1.0000  uncertainty_coeffi: 1.0000  loss: 0.1751  lr: 0.000007  time: 0.4978  data: 0.4410  max mem: 2691
      TTA Epoch: [23] [77/78]  eta: 0:00:00  entropy: 0.1779  uncertainty: 1.0000  uncertainty_coeffi: 1.0000  loss: 0.1779  lr: 0.000007  time: 0.0372  data: 0.0002  max mem: 2691
      TTA Epoch: [23] Total time: 0:00:03 (0.0465 s / it)
     Averaged stats: entropy: 0.2152  uncertainty: 1.0000  uncertainty_coeffi: 1.0000  loss: 0.2152  lr: 0.0000
     itm tta time 0:00:03
      TTA Epoch: [24] [ 0/78]  eta: 0:00:37  entropy: 0.2165  uncertainty: 1.0000  uncertainty_coeffi: 1.0000  loss: 0.2165  lr: 0.000007  time: 0.4771  data: 0.4247  max mem: 2691
      TTA Epoch: [24] [77/78]  eta: 0:00:00  entropy: 0.2537  uncertainty: 1.0000  uncertainty_coeffi: 1.0000  loss: 0.2537  lr: 0.000007  time: 0.0364  data: 0.0002  max mem: 2691
      TTA Epoch: [24] Total time: 0:00:03 (0.0443 s / it)
     Averaged stats: entropy: 0.2150  uncertainty: 1.0000  uncertainty_coeffi: 1.0000  loss: 0.2150  lr: 0.0000
     itm tta time 0:00:03
      TTA Epoch: [25] [ 0/78]  eta: 0:00:35  entropy: 0.1287  uncertainty: 1.0000  uncertainty_coeffi: 1.0000  loss: 0.1287  lr: 0.000007  time: 0.4541  data: 0.4022  max mem: 2691
      TTA Epoch: [25] [77/78]  eta: 0:00:00  entropy: 0.2674  uncertainty: 1.0000  uncertainty_coeffi: 1.0000  loss: 0.2674  lr: 0.000003  time: 0.0356  data: 0.0002  max mem: 2691
      TTA Epoch: [25] Total time: 0:00:03 (0.0435 s / it)
     Averaged stats: entropy: 0.2052  uncertainty: 1.0000  uncertainty_coeffi: 1.0000  loss: 0.2052  lr: 0.0000
     itm tta time 0:00:03
      TTA Epoch: [26] [ 0/78]  eta: 0:00:37  entropy: 0.1532  uncertainty: 1.0000  uncertainty_coeffi: 1.0000  loss: 0.1532  lr: 0.000003  time: 0.4839  data: 0.4310  max mem: 2691
      TTA Epoch: [26] [77/78]  eta: 0:00:00  entropy: 0.2508  uncertainty: 1.0000  uncertainty_coeffi: 1.0000  loss: 0.2508  lr: 0.000003  time: 0.0372  data: 0.0001  max mem: 2691
      TTA Epoch: [26] Total time: 0:00:03 (0.0451 s / it)
     Averaged stats: entropy: 0.2113  uncertainty: 1.0000  uncertainty_coeffi: 1.0000  loss: 0.2113  lr: 0.0000
     itm tta time 0:00:03
      TTA Epoch: [27] [ 0/78]  eta: 0:00:41  entropy: 0.1262  uncertainty: 1.0000  uncertainty_coeffi: 1.0000  loss: 0.1262  lr: 0.000003  time: 0.5291  data: 0.4675  max mem: 2691
      TTA Epoch: [27] [77/78]  eta: 0:00:00  entropy: 0.3419  uncertainty: 1.0000  uncertainty_coeffi: 1.0000  loss: 0.3419  lr: 0.000003  time: 0.0402  data: 0.0030  max mem: 2691
      TTA Epoch: [27] Total time: 0:00:04 (0.0545 s / it)
     Averaged stats: entropy: 0.2047  uncertainty: 1.0000  uncertainty_coeffi: 1.0000  loss: 0.2047  lr: 0.0000
     itm tta time 0:00:04
      TTA Epoch: [28] [ 0/78]  eta: 0:00:37  entropy: 0.1782  uncertainty: 1.0000  uncertainty_coeffi: 1.0000  loss: 0.1782  lr: 0.000003  time: 0.4817  data: 0.4312  max mem: 2691
      TTA Epoch: [28] [77/78]  eta: 0:00:00  entropy: 0.2938  uncertainty: 1.0000  uncertainty_coeffi: 1.0000  loss: 0.2938  lr: 0.000003  time: 0.0376  data: 0.0002  max mem: 2691
      TTA Epoch: [28] Total time: 0:00:03 (0.0450 s / it)
     Averaged stats: entropy: 0.2054  uncertainty: 1.0000  uncertainty_coeffi: 1.0000  loss: 0.2054  lr: 0.0000
     itm tta time 0:00:03
      TTA Epoch: [29] [ 0/78]  eta: 0:00:37  entropy: 0.2376  uncertainty: 1.0000  uncertainty_coeffi: 1.0000  loss: 0.2376  lr: 0.000003  time: 0.4867  data: 0.4326  max mem: 2691
      TTA Epoch: [29] [77/78]  eta: 0:00:00  entropy: 0.1731  uncertainty: 1.0000  uncertainty_coeffi: 1.0000  loss: 0.1731  lr: 0.000003  time: 0.0393  data: 0.0014  max mem: 2691
      TTA Epoch: [29] Total time: 0:00:03 (0.0509 s / it)
     Averaged stats: entropy: 0.2096  uncertainty: 1.0000  uncertainty_coeffi: 1.0000  loss: 0.2096  lr: 0.0000
     itm tta time 0:00:04
     Computing matching score
      Evaluation: [   0/1978]  eta: 0:01:37    time: 0.0495  data: 0.0022  max mem: 2691
      Evaluation: [ 100/1978]  eta: 0:01:29    time: 0.0507  data: 0.0000  max mem: 2691
      Evaluation: [ 200/1978]  eta: 0:01:22    time: 0.0453  data: 0.0000  max mem: 2691
      Evaluation: [ 300/1978]  eta: 0:01:17    time: 0.0443  data: 0.0000  max mem: 2691
      Evaluation: [ 400/1978]  eta: 0:01:11    time: 0.0431  data: 0.0000  max mem: 2691
      Evaluation: [ 500/1978]  eta: 0:01:07    time: 0.0469  data: 0.0000  max mem: 2691
      Evaluation: [ 600/1978]  eta: 0:01:02    time: 0.0463  data: 0.0000  max mem: 2691
      Evaluation: [ 700/1978]  eta: 0:00:57    time: 0.0419  data: 0.0000  max mem: 2691
      Evaluation: [ 800/1978]  eta: 0:00:52    time: 0.0420  data: 0.0000  max mem: 2691
      Evaluation: [ 900/1978]  eta: 0:00:48    time: 0.0430  data: 0.0000  max mem: 2691
      Evaluation: [1000/1978]  eta: 0:00:43    time: 0.0448  data: 0.0000  max mem: 2691
      Evaluation: [1100/1978]  eta: 0:00:39    time: 0.0486  data: 0.0000  max mem: 2691
      Evaluation: [1200/1978]  eta: 0:00:35    time: 0.0442  data: 0.0000  max mem: 2691
      Evaluation: [1300/1978]  eta: 0:00:30    time: 0.0456  data: 0.0000  max mem: 2691
      Evaluation: [1400/1978]  eta: 0:00:25    time: 0.0431  data: 0.0000  max mem: 2691
      Evaluation: [1500/1978]  eta: 0:00:21    time: 0.0438  data: 0.0000  max mem: 2691
      Evaluation: [1600/1978]  eta: 0:00:16    time: 0.0438  data: 0.0000  max mem: 2691
      Evaluation: [1700/1978]  eta: 0:00:12    time: 0.0458  data: 0.0000  max mem: 2691
      Evaluation: [1800/1978]  eta: 0:00:07    time: 0.0436  data: 0.0000  max mem: 2691
      Evaluation: [1900/1978]  eta: 0:00:03    time: 0.0436  data: 0.0000  max mem: 2691
      Evaluation: [1977/1978]  eta: 0:00:00    time: 0.0418  data: 0.0000  max mem: 2691
      Evaluation: Total time: 0:01:28 (0.0447 s / it)
     Computing matching score time 0:01:28
### TTA ITM Score: 
+-------------------+--------+--------+--------+--------+--------+
|       epoch       |   R1   |   R5   |  R10   |  mAP   |  mINP  |
+-------------------+--------+--------+--------+--------+--------+
|        -999       | 69.414 | 95.197 | 97.776 | 81.233 | 81.233 |
|        -999       | 84.277 | 99.039 | 99.596 | 91.276 | 91.276 |
|  cos_sim_wo/norm  | 58.544 | 91.860 | 95.703 | 73.596 | 73.596 |
|        -999       | 69.414 | 95.197 | 97.776 | 81.233 | 81.233 |
| itm_score_wo/norm | 84.328 | 98.989 | 99.494 | 91.293 | 91.293 |
|        -999       | 84.277 | 99.039 | 99.596 | 91.276 | 91.276 |
|         0         | 84.328 | 99.039 | 99.596 | 91.301 | 91.301 |
|         1         | 84.277 | 99.039 | 99.596 | 91.276 | 91.276 |
|         2         | 84.530 | 99.039 | 99.596 | 91.401 | 91.401 |
|         4         | 84.681 | 98.989 | 99.596 | 91.459 | 91.459 |
|         9         | 84.732 | 98.938 | 99.545 | 91.466 | 91.466 |
|         14        | 84.580 | 98.938 | 99.494 | 91.354 | 91.354 |
|         19        | 84.530 | 98.837 | 99.494 | 91.293 | 91.293 |
|         29        | 84.631 | 98.787 | 99.494 | 91.334 | 91.334 |
+-------------------+--------+--------+--------+--------+--------+
     logs:  {'epo': 29, 'R1': np.float32(84.631), 'R5': np.float32(98.787), 'R10': np.float32(99.494), 'mAP': np.float32(91.334), 'mINP': np.float32(91.334), 'entropy': 0.209557, 'uncertainty': 1.0, 'uncertainty_coeffi': 1.0, 'loss': 0.209557, 'lr': 3e-06}
      TTA Epoch: [30] [ 0/78]  eta: 0:00:40  entropy: 0.2219  uncertainty: 1.0000  uncertainty_coeffi: 1.0000  loss: 0.2219  lr: 0.000003  time: 0.5131  data: 0.4412  max mem: 2691
      TTA Epoch: [30] [77/78]  eta: 0:00:00  entropy: 0.1325  uncertainty: 1.0000  uncertainty_coeffi: 1.0000  loss: 0.1325  lr: 0.000003  time: 0.0369  data: 0.0002  max mem: 2691
      TTA Epoch: [30] Total time: 0:00:03 (0.0459 s / it)
     Averaged stats: entropy: 0.2085  uncertainty: 1.0000  uncertainty_coeffi: 1.0000  loss: 0.2085  lr: 0.0000
     itm tta time 0:00:03
      TTA Epoch: [31] [ 0/78]  eta: 0:00:36  entropy: 0.2825  uncertainty: 1.0000  uncertainty_coeffi: 1.0000  loss: 0.2825  lr: 0.000003  time: 0.4720  data: 0.4164  max mem: 2691
      TTA Epoch: [31] [77/78]  eta: 0:00:00  entropy: 0.1942  uncertainty: 1.0000  uncertainty_coeffi: 1.0000  loss: 0.1942  lr: 0.000003  time: 0.0374  data: 0.0001  max mem: 2691
      TTA Epoch: [31] Total time: 0:00:03 (0.0454 s / it)
     Averaged stats: entropy: 0.2045  uncertainty: 1.0000  uncertainty_coeffi: 1.0000  loss: 0.2045  lr: 0.0000
     itm tta time 0:00:03
      TTA Epoch: [32] [ 0/78]  eta: 0:00:39  entropy: 0.1952  uncertainty: 1.0000  uncertainty_coeffi: 1.0000  loss: 0.1952  lr: 0.000003  time: 0.5019  data: 0.4485  max mem: 2691
      TTA Epoch: [32] [77/78]  eta: 0:00:00  entropy: 0.2466  uncertainty: 1.0000  uncertainty_coeffi: 1.0000  loss: 0.2466  lr: 0.000003  time: 0.0399  data: 0.0002  max mem: 2691
      TTA Epoch: [32] Total time: 0:00:03 (0.0467 s / it)
     Averaged stats: entropy: 0.1965  uncertainty: 1.0000  uncertainty_coeffi: 1.0000  loss: 0.1965  lr: 0.0000
     itm tta time 0:00:03
      TTA Epoch: [33] [ 0/78]  eta: 0:00:42  entropy: 0.1104  uncertainty: 1.0000  uncertainty_coeffi: 1.0000  loss: 0.1104  lr: 0.000003  time: 0.5437  data: 0.4858  max mem: 2691
      TTA Epoch: [33] [77/78]  eta: 0:00:00  entropy: 0.2370  uncertainty: 1.0000  uncertainty_coeffi: 1.0000  loss: 0.2370  lr: 0.000002  time: 0.0400  data: 0.0002  max mem: 2691
      TTA Epoch: [33] Total time: 0:00:03 (0.0483 s / it)
     Averaged stats: entropy: 0.2040  uncertainty: 1.0000  uncertainty_coeffi: 1.0000  loss: 0.2040  lr: 0.0000
     itm tta time 0:00:03
      TTA Epoch: [34] [ 0/78]  eta: 0:00:37  entropy: 0.1733  uncertainty: 1.0000  uncertainty_coeffi: 1.0000  loss: 0.1733  lr: 0.000002  time: 0.4780  data: 0.4248  max mem: 2691
      TTA Epoch: [34] [77/78]  eta: 0:00:00  entropy: 0.1423  uncertainty: 1.0000  uncertainty_coeffi: 1.0000  loss: 0.1423  lr: 0.000002  time: 0.0379  data: 0.0012  max mem: 2691
      TTA Epoch: [34] Total time: 0:00:03 (0.0483 s / it)
     Averaged stats: entropy: 0.2009  uncertainty: 1.0000  uncertainty_coeffi: 1.0000  loss: 0.2009  lr: 0.0000
     itm tta time 0:00:03
      TTA Epoch: [35] [ 0/78]  eta: 0:00:37  entropy: 0.3258  uncertainty: 1.0000  uncertainty_coeffi: 1.0000  loss: 0.3258  lr: 0.000002  time: 0.4799  data: 0.4223  max mem: 2691
      TTA Epoch: [35] [77/78]  eta: 0:00:00  entropy: 0.1215  uncertainty: 1.0000  uncertainty_coeffi: 1.0000  loss: 0.1215  lr: 0.000002  time: 0.0379  data: 0.0002  max mem: 2691
      TTA Epoch: [35] Total time: 0:00:03 (0.0454 s / it)
     Averaged stats: entropy: 0.2015  uncertainty: 1.0000  uncertainty_coeffi: 1.0000  loss: 0.2015  lr: 0.0000
     itm tta time 0:00:03
      TTA Epoch: [36] [ 0/78]  eta: 0:00:42  entropy: 0.1894  uncertainty: 1.0000  uncertainty_coeffi: 1.0000  loss: 0.1894  lr: 0.000002  time: 0.5500  data: 0.4972  max mem: 2691
      TTA Epoch: [36] [77/78]  eta: 0:00:00  entropy: 0.1747  uncertainty: 1.0000  uncertainty_coeffi: 1.0000  loss: 0.1747  lr: 0.000002  time: 0.0638  data: 0.0185  max mem: 2691
      TTA Epoch: [36] Total time: 0:00:04 (0.0577 s / it)
     Averaged stats: entropy: 0.1984  uncertainty: 1.0000  uncertainty_coeffi: 1.0000  loss: 0.1984  lr: 0.0000
     itm tta time 0:00:04
      TTA Epoch: [37] [ 0/78]  eta: 0:00:58  entropy: 0.3198  uncertainty: 1.0000  uncertainty_coeffi: 1.0000  loss: 0.3198  lr: 0.000002  time: 0.7554  data: 0.6671  max mem: 2691
      TTA Epoch: [37] [77/78]  eta: 0:00:00  entropy: 0.2170  uncertainty: 1.0000  uncertainty_coeffi: 1.0000  loss: 0.2170  lr: 0.000002  time: 0.0536  data: 0.0106  max mem: 2691
      TTA Epoch: [37] Total time: 0:00:05 (0.0695 s / it)
     Averaged stats: entropy: 0.1988  uncertainty: 1.0000  uncertainty_coeffi: 1.0000  loss: 0.1988  lr: 0.0000
     itm tta time 0:00:05
      TTA Epoch: [38] [ 0/78]  eta: 0:00:34  entropy: 0.1584  uncertainty: 1.0000  uncertainty_coeffi: 1.0000  loss: 0.1584  lr: 0.000002  time: 0.4451  data: 0.3714  max mem: 2691
      TTA Epoch: [38] [77/78]  eta: 0:00:00  entropy: 0.1782  uncertainty: 1.0000  uncertainty_coeffi: 1.0000  loss: 0.1782  lr: 0.000002  time: 0.0451  data: 0.0053  max mem: 2691
      TTA Epoch: [38] Total time: 0:00:04 (0.0628 s / it)
     Averaged stats: entropy: 0.1983  uncertainty: 1.0000  uncertainty_coeffi: 1.0000  loss: 0.1983  lr: 0.0000
     itm tta time 0:00:04
      TTA Epoch: [39] [ 0/78]  eta: 0:00:41  entropy: 0.1570  uncertainty: 1.0000  uncertainty_coeffi: 1.0000  loss: 0.1570  lr: 0.000002  time: 0.5323  data: 0.4692  max mem: 2691
      TTA Epoch: [39] [77/78]  eta: 0:00:00  entropy: 0.1799  uncertainty: 1.0000  uncertainty_coeffi: 1.0000  loss: 0.1799  lr: 0.000002  time: 0.0487  data: 0.0085  max mem: 2691
      TTA Epoch: [39] Total time: 0:00:04 (0.0555 s / it)
     Averaged stats: entropy: 0.1981  uncertainty: 1.0000  uncertainty_coeffi: 1.0000  loss: 0.1981  lr: 0.0000
     itm tta time 0:00:04
     Computing matching score
      Evaluation: [   0/1978]  eta: 0:01:58    time: 0.0599  data: 0.0031  max mem: 2691
      Evaluation: [ 100/1978]  eta: 0:01:27    time: 0.0435  data: 0.0000  max mem: 2691
      Evaluation: [ 200/1978]  eta: 0:01:21    time: 0.0440  data: 0.0000  max mem: 2691
      Evaluation: [ 300/1978]  eta: 0:01:18    time: 0.0501  data: 0.0000  max mem: 2691
      Evaluation: [ 400/1978]  eta: 0:01:13    time: 0.0447  data: 0.0000  max mem: 2691
      Evaluation: [ 500/1978]  eta: 0:01:08    time: 0.0432  data: 0.0000  max mem: 2691
      Evaluation: [ 600/1978]  eta: 0:01:04    time: 0.0453  data: 0.0000  max mem: 2691
      Evaluation: [ 700/1978]  eta: 0:00:59    time: 0.0439  data: 0.0000  max mem: 2691
      Evaluation: [ 800/1978]  eta: 0:00:54    time: 0.0482  data: 0.0000  max mem: 2691
      Evaluation: [ 900/1978]  eta: 0:00:49    time: 0.0496  data: 0.0000  max mem: 2691
      Evaluation: [1000/1978]  eta: 0:00:45    time: 0.0453  data: 0.0000  max mem: 2691
      Evaluation: [1100/1978]  eta: 0:00:40    time: 0.0459  data: 0.0000  max mem: 2691
      Evaluation: [1200/1978]  eta: 0:00:35    time: 0.0409  data: 0.0000  max mem: 2691
      Evaluation: [1300/1978]  eta: 0:00:30    time: 0.0422  data: 0.0000  max mem: 2691
      Evaluation: [1400/1978]  eta: 0:00:26    time: 0.0437  data: 0.0000  max mem: 2691
      Evaluation: [1500/1978]  eta: 0:00:21    time: 0.0469  data: 0.0000  max mem: 2691
      Evaluation: [1600/1978]  eta: 0:00:16    time: 0.0457  data: 0.0000  max mem: 2691
      Evaluation: [1700/1978]  eta: 0:00:12    time: 0.0482  data: 0.0000  max mem: 2691
      Evaluation: [1800/1978]  eta: 0:00:07    time: 0.0437  data: 0.0000  max mem: 2691
      Evaluation: [1900/1978]  eta: 0:00:03    time: 0.0456  data: 0.0000  max mem: 2691
      Evaluation: [1977/1978]  eta: 0:00:00    time: 0.0474  data: 0.0000  max mem: 2691
      Evaluation: Total time: 0:01:29 (0.0451 s / it)
     Computing matching score time 0:01:29
### TTA ITM Score: 
+-------------------+--------+--------+--------+--------+--------+
|       epoch       |   R1   |   R5   |  R10   |  mAP   |  mINP  |
+-------------------+--------+--------+--------+--------+--------+
|        -999       | 69.414 | 95.197 | 97.776 | 81.233 | 81.233 |
|        -999       | 84.277 | 99.039 | 99.596 | 91.276 | 91.276 |
|  cos_sim_wo/norm  | 58.544 | 91.860 | 95.703 | 73.596 | 73.596 |
|        -999       | 69.414 | 95.197 | 97.776 | 81.233 | 81.233 |
| itm_score_wo/norm | 84.328 | 98.989 | 99.494 | 91.293 | 91.293 |
|        -999       | 84.277 | 99.039 | 99.596 | 91.276 | 91.276 |
|         0         | 84.328 | 99.039 | 99.596 | 91.301 | 91.301 |
|         1         | 84.277 | 99.039 | 99.596 | 91.276 | 91.276 |
|         2         | 84.530 | 99.039 | 99.596 | 91.401 | 91.401 |
|         4         | 84.681 | 98.989 | 99.596 | 91.459 | 91.459 |
|         9         | 84.732 | 98.938 | 99.545 | 91.466 | 91.466 |
|         14        | 84.580 | 98.938 | 99.494 | 91.354 | 91.354 |
|         19        | 84.530 | 98.837 | 99.494 | 91.293 | 91.293 |
|         29        | 84.631 | 98.787 | 99.494 | 91.334 | 91.334 |
|         39        | 84.631 | 98.787 | 99.444 | 91.331 | 91.331 |
+-------------------+--------+--------+--------+--------+--------+
     logs:  {'epo': 39, 'R1': np.float32(84.631), 'R5': np.float32(98.787), 'R10': np.float32(99.444), 'mAP': np.float32(91.331), 'mINP': np.float32(91.331), 'entropy': 0.198087, 'uncertainty': 1.0, 'uncertainty_coeffi': 1.0, 'loss': 0.198087, 'lr': 2e-06}
      TTA Epoch: [40] [ 0/78]  eta: 0:00:53  entropy: 0.3471  uncertainty: 1.0000  uncertainty_coeffi: 1.0000  loss: 0.3471  lr: 0.000002  time: 0.6898  data: 0.6290  max mem: 2691
      TTA Epoch: [40] [77/78]  eta: 0:00:00  entropy: 0.0855  uncertainty: 1.0000  uncertainty_coeffi: 1.0000  loss: 0.0855  lr: 0.000002  time: 0.0488  data: 0.0144  max mem: 2691
      TTA Epoch: [40] Total time: 0:00:03 (0.0509 s / it)
     Averaged stats: entropy: 0.1972  uncertainty: 1.0000  uncertainty_coeffi: 1.0000  loss: 0.1972  lr: 0.0000
     itm tta time 0:00:04
      TTA Epoch: [41] [ 0/78]  eta: 0:00:40  entropy: 0.1162  uncertainty: 1.0000  uncertainty_coeffi: 1.0000  loss: 0.1162  lr: 0.000002  time: 0.5228  data: 0.4677  max mem: 2691
      TTA Epoch: [41] [77/78]  eta: 0:00:00  entropy: 0.2188  uncertainty: 1.0000  uncertainty_coeffi: 1.0000  loss: 0.2188  lr: 0.000002  time: 0.0365  data: 0.0011  max mem: 2691
      TTA Epoch: [41] Total time: 0:00:03 (0.0470 s / it)
     Averaged stats: entropy: 0.1959  uncertainty: 1.0000  uncertainty_coeffi: 1.0000  loss: 0.1959  lr: 0.0000
     itm tta time 0:00:03
      TTA Epoch: [42] [ 0/78]  eta: 0:00:47  entropy: 0.1999  uncertainty: 1.0000  uncertainty_coeffi: 1.0000  loss: 0.1999  lr: 0.000002  time: 0.6111  data: 0.5541  max mem: 2691
      TTA Epoch: [42] [77/78]  eta: 0:00:00  entropy: 0.1429  uncertainty: 1.0000  uncertainty_coeffi: 1.0000  loss: 0.1429  lr: 0.000002  time: 0.0445  data: 0.0118  max mem: 2691
      TTA Epoch: [42] Total time: 0:00:04 (0.0528 s / it)
     Averaged stats: entropy: 0.1968  uncertainty: 1.0000  uncertainty_coeffi: 1.0000  loss: 0.1968  lr: 0.0000
     itm tta time 0:00:04
      TTA Epoch: [43] [ 0/78]  eta: 0:00:42  entropy: 0.2316  uncertainty: 1.0000  uncertainty_coeffi: 1.0000  loss: 0.2316  lr: 0.000002  time: 0.5481  data: 0.4991  max mem: 2691
      TTA Epoch: [43] [77/78]  eta: 0:00:00  entropy: 0.2310  uncertainty: 1.0000  uncertainty_coeffi: 1.0000  loss: 0.2310  lr: 0.000002  time: 0.0509  data: 0.0075  max mem: 2691
      TTA Epoch: [43] Total time: 0:00:04 (0.0563 s / it)
     Averaged stats: entropy: 0.1990  uncertainty: 1.0000  uncertainty_coeffi: 1.0000  loss: 0.1990  lr: 0.0000
     itm tta time 0:00:04
      TTA Epoch: [44] [ 0/78]  eta: 0:00:59  entropy: 0.1489  uncertainty: 1.0000  uncertainty_coeffi: 1.0000  loss: 0.1489  lr: 0.000002  time: 0.7624  data: 0.7004  max mem: 2691
      TTA Epoch: [44] [77/78]  eta: 0:00:00  entropy: 0.3028  uncertainty: 1.0000  uncertainty_coeffi: 1.0000  loss: 0.3028  lr: 0.000001  time: 0.0338  data: 0.0001  max mem: 2691
      TTA Epoch: [44] Total time: 0:00:04 (0.0542 s / it)
     Averaged stats: entropy: 0.1940  uncertainty: 1.0000  uncertainty_coeffi: 1.0000  loss: 0.1940  lr: 0.0000
     itm tta time 0:00:04
      TTA Epoch: [45] [ 0/78]  eta: 0:00:48  entropy: 0.2108  uncertainty: 1.0000  uncertainty_coeffi: 1.0000  loss: 0.2108  lr: 0.000001  time: 0.6195  data: 0.5376  max mem: 2691
      TTA Epoch: [45] [77/78]  eta: 0:00:00  entropy: 0.1423  uncertainty: 1.0000  uncertainty_coeffi: 1.0000  loss: 0.1423  lr: 0.000001  time: 0.0370  data: 0.0002  max mem: 2691
      TTA Epoch: [45] Total time: 0:00:03 (0.0496 s / it)
     Averaged stats: entropy: 0.1997  uncertainty: 1.0000  uncertainty_coeffi: 1.0000  loss: 0.1997  lr: 0.0000
     itm tta time 0:00:03
      TTA Epoch: [46] [ 0/78]  eta: 0:00:55  entropy: 0.2140  uncertainty: 1.0000  uncertainty_coeffi: 1.0000  loss: 0.2140  lr: 0.000001  time: 0.7080  data: 0.6381  max mem: 2691
      TTA Epoch: [46] [77/78]  eta: 0:00:00  entropy: 0.1565  uncertainty: 1.0000  uncertainty_coeffi: 1.0000  loss: 0.1565  lr: 0.000001  time: 0.0349  data: 0.0030  max mem: 2691
      TTA Epoch: [46] Total time: 0:00:03 (0.0447 s / it)
     Averaged stats: entropy: 0.1986  uncertainty: 1.0000  uncertainty_coeffi: 1.0000  loss: 0.1986  lr: 0.0000
     itm tta time 0:00:03
      TTA Epoch: [47] [ 0/78]  eta: 0:00:39  entropy: 0.2953  uncertainty: 1.0000  uncertainty_coeffi: 1.0000  loss: 0.2953  lr: 0.000001  time: 0.5002  data: 0.4423  max mem: 2691
      TTA Epoch: [47] [77/78]  eta: 0:00:00  entropy: 0.3105  uncertainty: 1.0000  uncertainty_coeffi: 1.0000  loss: 0.3105  lr: 0.000000  time: 0.0372  data: 0.0001  max mem: 2691
      TTA Epoch: [47] Total time: 0:00:03 (0.0470 s / it)
     Averaged stats: entropy: 0.1949  uncertainty: 1.0000  uncertainty_coeffi: 1.0000  loss: 0.1949  lr: 0.0000
     itm tta time 0:00:03
      TTA Epoch: [48] [ 0/78]  eta: 0:00:36  entropy: 0.1565  uncertainty: 1.0000  uncertainty_coeffi: 1.0000  loss: 0.1565  lr: 0.000000  time: 0.4619  data: 0.4046  max mem: 2691
      TTA Epoch: [48] [77/78]  eta: 0:00:00  entropy: 0.0794  uncertainty: 1.0000  uncertainty_coeffi: 1.0000  loss: 0.0794  lr: 0.000000  time: 0.0378  data: 0.0033  max mem: 2691
      TTA Epoch: [48] Total time: 0:00:03 (0.0442 s / it)
     Averaged stats: entropy: 0.1954  uncertainty: 1.0000  uncertainty_coeffi: 1.0000  loss: 0.1954  lr: 0.0000
     itm tta time 0:00:03
      TTA Epoch: [49] [ 0/78]  eta: 0:00:38  entropy: 0.1531  uncertainty: 1.0000  uncertainty_coeffi: 1.0000  loss: 0.1531  lr: 0.000000  time: 0.4968  data: 0.4468  max mem: 2691
      TTA Epoch: [49] [77/78]  eta: 0:00:00  entropy: 0.2055  uncertainty: 1.0000  uncertainty_coeffi: 1.0000  loss: 0.2055  lr: 0.000000  time: 0.0339  data: 0.0001  max mem: 2691
      TTA Epoch: [49] Total time: 0:00:03 (0.0430 s / it)
     Averaged stats: entropy: 0.1927  uncertainty: 1.0000  uncertainty_coeffi: 1.0000  loss: 0.1927  lr: 0.0000
     itm tta time 0:00:03
     Computing matching score
      Evaluation: [   0/1978]  eta: 0:01:23    time: 0.0423  data: 0.0022  max mem: 2691
      Evaluation: [ 100/1978]  eta: 0:01:19    time: 0.0409  data: 0.0000  max mem: 2691
      Evaluation: [ 200/1978]  eta: 0:01:16    time: 0.0440  data: 0.0000  max mem: 2691
      Evaluation: [ 300/1978]  eta: 0:01:13    time: 0.0481  data: 0.0000  max mem: 2691
      Evaluation: [ 400/1978]  eta: 0:01:08    time: 0.0424  data: 0.0000  max mem: 2691
      Evaluation: [ 500/1978]  eta: 0:01:04    time: 0.0437  data: 0.0000  max mem: 2691
      Evaluation: [ 600/1978]  eta: 0:00:59    time: 0.0407  data: 0.0000  max mem: 2691
      Evaluation: [ 700/1978]  eta: 0:00:55    time: 0.0424  data: 0.0000  max mem: 2691
      Evaluation: [ 800/1978]  eta: 0:00:51    time: 0.0435  data: 0.0000  max mem: 2691
      Evaluation: [ 900/1978]  eta: 0:00:46    time: 0.0438  data: 0.0000  max mem: 2691
      Evaluation: [1000/1978]  eta: 0:00:42    time: 0.0427  data: 0.0000  max mem: 2691
      Evaluation: [1100/1978]  eta: 0:00:38    time: 0.0457  data: 0.0000  max mem: 2691
      Evaluation: [1200/1978]  eta: 0:00:33    time: 0.0437  data: 0.0000  max mem: 2691
      Evaluation: [1300/1978]  eta: 0:00:29    time: 0.0502  data: 0.0000  max mem: 2691
      Evaluation: [1400/1978]  eta: 0:00:25    time: 0.0500  data: 0.0000  max mem: 2691
      Evaluation: [1500/1978]  eta: 0:00:21    time: 0.0461  data: 0.0000  max mem: 2691
      Evaluation: [1600/1978]  eta: 0:00:16    time: 0.0442  data: 0.0000  max mem: 2691
      Evaluation: [1700/1978]  eta: 0:00:12    time: 0.0449  data: 0.0000  max mem: 2691
      Evaluation: [1800/1978]  eta: 0:00:08    time: 0.0575  data: 0.0000  max mem: 2691
      Evaluation: [1900/1978]  eta: 0:00:03    time: 0.0469  data: 0.0000  max mem: 2691
      Evaluation: [1977/1978]  eta: 0:00:00    time: 0.0465  data: 0.0000  max mem: 2691
      Evaluation: Total time: 0:01:30 (0.0455 s / it)
     Computing matching score time 0:01:30
### TTA ITM Score: 
+-------------------+--------+--------+--------+--------+--------+
|       epoch       |   R1   |   R5   |  R10   |  mAP   |  mINP  |
+-------------------+--------+--------+--------+--------+--------+
|        -999       | 69.414 | 95.197 | 97.776 | 81.233 | 81.233 |
|        -999       | 84.277 | 99.039 | 99.596 | 91.276 | 91.276 |
|  cos_sim_wo/norm  | 58.544 | 91.860 | 95.703 | 73.596 | 73.596 |
|        -999       | 69.414 | 95.197 | 97.776 | 81.233 | 81.233 |
| itm_score_wo/norm | 84.328 | 98.989 | 99.494 | 91.293 | 91.293 |
|        -999       | 84.277 | 99.039 | 99.596 | 91.276 | 91.276 |
|         0         | 84.328 | 99.039 | 99.596 | 91.301 | 91.301 |
|         1         | 84.277 | 99.039 | 99.596 | 91.276 | 91.276 |
|         2         | 84.530 | 99.039 | 99.596 | 91.401 | 91.401 |
|         4         | 84.681 | 98.989 | 99.596 | 91.459 | 91.459 |
|         9         | 84.732 | 98.938 | 99.545 | 91.466 | 91.466 |
|         14        | 84.580 | 98.938 | 99.494 | 91.354 | 91.354 |
|         19        | 84.530 | 98.837 | 99.494 | 91.293 | 91.293 |
|         29        | 84.631 | 98.787 | 99.494 | 91.334 | 91.334 |
|         39        | 84.631 | 98.787 | 99.444 | 91.331 | 91.331 |
|         49        | 84.681 | 98.736 | 99.393 | 91.359 | 91.359 |
+-------------------+--------+--------+--------+--------+--------+
     logs:  {'epo': 49, 'R1': np.float32(84.681), 'R5': np.float32(98.736), 'R10': np.float32(99.393), 'mAP': np.float32(91.359), 'mINP': np.float32(91.359), 'entropy': 0.192738, 'uncertainty': 1.0, 'uncertainty_coeffi': 1.0, 'loss': 0.192738, 'lr': 0.0}
      TTA Epoch: [50] [ 0/78]  eta: 0:00:47  entropy: 0.1169  uncertainty: 1.0000  uncertainty_coeffi: 1.0000  loss: 0.1169  lr: 0.000000  time: 0.6140  data: 0.5586  max mem: 2691
      TTA Epoch: [50] [77/78]  eta: 0:00:00  entropy: 0.0963  uncertainty: 1.0000  uncertainty_coeffi: 1.0000  loss: 0.0963  lr: 0.000000  time: 0.0392  data: 0.0036  max mem: 2691
      TTA Epoch: [50] Total time: 0:00:03 (0.0478 s / it)
     Averaged stats: entropy: 0.1931  uncertainty: 1.0000  uncertainty_coeffi: 1.0000  loss: 0.1931  lr: 0.0000
     itm tta time 0:00:03
      TTA Epoch: [51] [ 0/78]  eta: 0:00:42  entropy: 0.1084  uncertainty: 1.0000  uncertainty_coeffi: 1.0000  loss: 0.1084  lr: 0.000000  time: 0.5401  data: 0.4882  max mem: 2691
      TTA Epoch: [51] [77/78]  eta: 0:00:00  entropy: 0.1514  uncertainty: 1.0000  uncertainty_coeffi: 1.0000  loss: 0.1514  lr: 0.000000  time: 0.0401  data: 0.0040  max mem: 2691
      TTA Epoch: [51] Total time: 0:00:03 (0.0494 s / it)
     Averaged stats: entropy: 0.1967  uncertainty: 1.0000  uncertainty_coeffi: 1.0000  loss: 0.1967  lr: 0.0000
     itm tta time 0:00:03
      TTA Epoch: [52] [ 0/78]  eta: 0:00:32  entropy: 0.1676  uncertainty: 1.0000  uncertainty_coeffi: 1.0000  loss: 0.1676  lr: 0.000000  time: 0.4146  data: 0.3642  max mem: 2691
      TTA Epoch: [52] [77/78]  eta: 0:00:00  entropy: 0.1491  uncertainty: 1.0000  uncertainty_coeffi: 1.0000  loss: 0.1491  lr: 0.000000  time: 0.0408  data: 0.0043  max mem: 2691
      TTA Epoch: [52] Total time: 0:00:03 (0.0476 s / it)
     Averaged stats: entropy: 0.2027  uncertainty: 1.0000  uncertainty_coeffi: 1.0000  loss: 0.2027  lr: 0.0000
     itm tta time 0:00:03
      TTA Epoch: [53] [ 0/78]  eta: 0:00:42  entropy: 0.2914  uncertainty: 1.0000  uncertainty_coeffi: 1.0000  loss: 0.2914  lr: 0.000000  time: 0.5461  data: 0.4889  max mem: 2691
      TTA Epoch: [53] [77/78]  eta: 0:00:00  entropy: 0.3271  uncertainty: 1.0000  uncertainty_coeffi: 1.0000  loss: 0.3271  lr: 0.000000  time: 0.0389  data: 0.0013  max mem: 2691
      TTA Epoch: [53] Total time: 0:00:03 (0.0474 s / it)
     Averaged stats: entropy: 0.1955  uncertainty: 1.0000  uncertainty_coeffi: 1.0000  loss: 0.1955  lr: 0.0000
     itm tta time 0:00:03
      TTA Epoch: [54] [ 0/78]  eta: 0:00:41  entropy: 0.1037  uncertainty: 1.0000  uncertainty_coeffi: 1.0000  loss: 0.1037  lr: 0.000000  time: 0.5326  data: 0.4543  max mem: 2691
      TTA Epoch: [54] [77/78]  eta: 0:00:00  entropy: 0.2461  uncertainty: 1.0000  uncertainty_coeffi: 1.0000  loss: 0.2461  lr: 0.000000  time: 0.0377  data: 0.0001  max mem: 2691
      TTA Epoch: [54] Total time: 0:00:03 (0.0458 s / it)
     Averaged stats: entropy: 0.1945  uncertainty: 1.0000  uncertainty_coeffi: 1.0000  loss: 0.1945  lr: 0.0000
     itm tta time 0:00:03
      TTA Epoch: [55] [ 0/78]  eta: 0:00:40  entropy: 0.1708  uncertainty: 1.0000  uncertainty_coeffi: 1.0000  loss: 0.1708  lr: 0.000000  time: 0.5207  data: 0.4514  max mem: 2691
      TTA Epoch: [55] [77/78]  eta: 0:00:00  entropy: 0.2402  uncertainty: 1.0000  uncertainty_coeffi: 1.0000  loss: 0.2402  lr: 0.000000  time: 0.0378  data: 0.0002  max mem: 2691
      TTA Epoch: [55] Total time: 0:00:03 (0.0465 s / it)
     Averaged stats: entropy: 0.1981  uncertainty: 1.0000  uncertainty_coeffi: 1.0000  loss: 0.1981  lr: 0.0000
     itm tta time 0:00:03
      TTA Epoch: [56] [ 0/78]  eta: 0:00:37  entropy: 0.0501  uncertainty: 1.0000  uncertainty_coeffi: 1.0000  loss: 0.0501  lr: 0.000000  time: 0.4770  data: 0.4238  max mem: 2691
      TTA Epoch: [56] [77/78]  eta: 0:00:00  entropy: 0.0709  uncertainty: 1.0000  uncertainty_coeffi: 1.0000  loss: 0.0709  lr: 0.000000  time: 0.0389  data: 0.0020  max mem: 2691
      TTA Epoch: [56] Total time: 0:00:03 (0.0456 s / it)
     Averaged stats: entropy: 0.1962  uncertainty: 1.0000  uncertainty_coeffi: 1.0000  loss: 0.1962  lr: 0.0000
     itm tta time 0:00:03
      TTA Epoch: [57] [ 0/78]  eta: 0:00:38  entropy: 0.1333  uncertainty: 1.0000  uncertainty_coeffi: 1.0000  loss: 0.1333  lr: 0.000000  time: 0.4873  data: 0.4318  max mem: 2691
      TTA Epoch: [57] [77/78]  eta: 0:00:00  entropy: 0.1042  uncertainty: 1.0000  uncertainty_coeffi: 1.0000  loss: 0.1042  lr: 0.000000  time: 0.0375  data: 0.0002  max mem: 2691
      TTA Epoch: [57] Total time: 0:00:03 (0.0455 s / it)
     Averaged stats: entropy: 0.1979  uncertainty: 1.0000  uncertainty_coeffi: 1.0000  loss: 0.1979  lr: 0.0000
     itm tta time 0:00:03
      TTA Epoch: [58] [ 0/78]  eta: 0:00:40  entropy: 0.3072  uncertainty: 1.0000  uncertainty_coeffi: 1.0000  loss: 0.3072  lr: 0.000000  time: 0.5193  data: 0.4439  max mem: 2691
      TTA Epoch: [58] [77/78]  eta: 0:00:00  entropy: 0.1121  uncertainty: 1.0000  uncertainty_coeffi: 1.0000  loss: 0.1121  lr: 0.000000  time: 0.0377  data: 0.0001  max mem: 2691
      TTA Epoch: [58] Total time: 0:00:03 (0.0457 s / it)
     Averaged stats: entropy: 0.1956  uncertainty: 1.0000  uncertainty_coeffi: 1.0000  loss: 0.1956  lr: 0.0000
     itm tta time 0:00:03
      TTA Epoch: [59] [ 0/78]  eta: 0:00:38  entropy: 0.2874  uncertainty: 1.0000  uncertainty_coeffi: 1.0000  loss: 0.2874  lr: 0.000000  time: 0.4917  data: 0.4334  max mem: 2691
      TTA Epoch: [59] [77/78]  eta: 0:00:00  entropy: 0.1466  uncertainty: 1.0000  uncertainty_coeffi: 1.0000  loss: 0.1466  lr: 0.000000  time: 0.0365  data: 0.0015  max mem: 2691
      TTA Epoch: [59] Total time: 0:00:03 (0.0469 s / it)
     Averaged stats: entropy: 0.1966  uncertainty: 1.0000  uncertainty_coeffi: 1.0000  loss: 0.1966  lr: 0.0000
     itm tta time 0:00:03
     Computing matching score
      Evaluation: [   0/1978]  eta: 0:01:28    time: 0.0448  data: 0.0032  max mem: 2691
      Evaluation: [ 100/1978]  eta: 0:01:25    time: 0.0452  data: 0.0000  max mem: 2691
      Evaluation: [ 200/1978]  eta: 0:01:20    time: 0.0449  data: 0.0000  max mem: 2691
      Evaluation: [ 300/1978]  eta: 0:01:15    time: 0.0475  data: 0.0000  max mem: 2691
      Evaluation: [ 400/1978]  eta: 0:01:10    time: 0.0446  data: 0.0000  max mem: 2691
      Evaluation: [ 500/1978]  eta: 0:01:06    time: 0.0460  data: 0.0000  max mem: 2691
      Evaluation: [ 600/1978]  eta: 0:01:02    time: 0.0500  data: 0.0000  max mem: 2691
      Evaluation: [ 700/1978]  eta: 0:00:57    time: 0.0450  data: 0.0000  max mem: 2691
      Evaluation: [ 800/1978]  eta: 0:00:53    time: 0.0476  data: 0.0000  max mem: 2691
      Evaluation: [ 900/1978]  eta: 0:00:48    time: 0.0436  data: 0.0000  max mem: 2691
      Evaluation: [1000/1978]  eta: 0:00:44    time: 0.0451  data: 0.0000  max mem: 2691
      Evaluation: [1100/1978]  eta: 0:00:40    time: 0.0506  data: 0.0000  max mem: 2691
      Evaluation: [1200/1978]  eta: 0:00:35    time: 0.0468  data: 0.0000  max mem: 2691
      Evaluation: [1300/1978]  eta: 0:00:30    time: 0.0480  data: 0.0000  max mem: 2691
      Evaluation: [1400/1978]  eta: 0:00:26    time: 0.0466  data: 0.0000  max mem: 2691
      Evaluation: [1500/1978]  eta: 0:00:21    time: 0.0466  data: 0.0000  max mem: 2691
      Evaluation: [1600/1978]  eta: 0:00:17    time: 0.0468  data: 0.0000  max mem: 2691
      Evaluation: [1700/1978]  eta: 0:00:12    time: 0.0469  data: 0.0000  max mem: 2691
      Evaluation: [1800/1978]  eta: 0:00:08    time: 0.0469  data: 0.0000  max mem: 2691
      Evaluation: [1900/1978]  eta: 0:00:03    time: 0.0470  data: 0.0000  max mem: 2691
      Evaluation: [1977/1978]  eta: 0:00:00    time: 0.0459  data: 0.0000  max mem: 2691
      Evaluation: Total time: 0:01:30 (0.0459 s / it)
     Computing matching score time 0:01:31
### TTA ITM Score: 
+-------------------+--------+--------+--------+--------+--------+
|       epoch       |   R1   |   R5   |  R10   |  mAP   |  mINP  |
+-------------------+--------+--------+--------+--------+--------+
|        -999       | 69.414 | 95.197 | 97.776 | 81.233 | 81.233 |
|        -999       | 84.277 | 99.039 | 99.596 | 91.276 | 91.276 |
|  cos_sim_wo/norm  | 58.544 | 91.860 | 95.703 | 73.596 | 73.596 |
|        -999       | 69.414 | 95.197 | 97.776 | 81.233 | 81.233 |
| itm_score_wo/norm | 84.328 | 98.989 | 99.494 | 91.293 | 91.293 |
|        -999       | 84.277 | 99.039 | 99.596 | 91.276 | 91.276 |
|         0         | 84.328 | 99.039 | 99.596 | 91.301 | 91.301 |
|         1         | 84.277 | 99.039 | 99.596 | 91.276 | 91.276 |
|         2         | 84.530 | 99.039 | 99.596 | 91.401 | 91.401 |
|         4         | 84.681 | 98.989 | 99.596 | 91.459 | 91.459 |
|         9         | 84.732 | 98.938 | 99.545 | 91.466 | 91.466 |
|         14        | 84.580 | 98.938 | 99.494 | 91.354 | 91.354 |
|         19        | 84.530 | 98.837 | 99.494 | 91.293 | 91.293 |
|         29        | 84.631 | 98.787 | 99.494 | 91.334 | 91.334 |
|         39        | 84.631 | 98.787 | 99.444 | 91.331 | 91.331 |
|         49        | 84.681 | 98.736 | 99.393 | 91.359 | 91.359 |
|         59        | 84.681 | 98.736 | 99.393 | 91.359 | 91.359 |
+-------------------+--------+--------+--------+--------+--------+
     logs:  {'epo': 59, 'R1': np.float32(84.681), 'R5': np.float32(98.736), 'R10': np.float32(99.393), 'mAP': np.float32(91.359), 'mINP': np.float32(91.359), 'entropy': 0.196638, 'uncertainty': 1.0, 'uncertainty_coeffi': 1.0, 'loss': 0.196638, 'lr': 0.0}
### best epoch 9 : {'epo': '9', 'R1': '84.732', 'R5': '98.938', 'R10': '99.545', 'mAP': '91.466', 'mINP': '91.466', 'entropy': '0.272251', 'uncertainty': '1.0', 'uncertainty_coeffi': '1.0', 'loss': '0.272251', 'lr': '9e-06'}
### Time 0:20:06
NNODES,  1
NODE_RANK,  0
MASTER_ADDR,  127.0.0.1
MASTER_PORT,  1612
NPROC_PER_NODE,  2
task:  exp2.0.4
config:  configs_rerun4/exp2.0.4.yaml
output_dir:  output_rerun4/exp2.0.4/2025092111172
python3 tta.py --config configs_rerun4/exp2.0.4.yaml --task exp2.0.4 --output_dir output_rerun4/exp2.0.4/2025092111172 --checkpoint checkpoint/cmp.pth --bs 0 --epo 0 --lr 0.0 --seed 42 --tta
