/home/jiahao/miniconda3/envs/cmp/lib/python3.10/site-packages/torch/functional.py:554: UserWarning: torch.meshgrid: in an upcoming release, it will be required to pass the indexing argument. (Triggered internally at /pytorch/aten/src/ATen/native/TensorShape.cpp:4322.)
  return _VF.meshgrid(tensors, **kwargs)  # type: ignore[attr-defined]
Not using distributed mode
### Hyper-parameters:
     seed: 42
     device: cuda
     output_dir: output_rerun4/exp2.0.2/2025092110340
     batch_size_tta: 16
     epochs: 60
     lr: 0.0001
### Creating test dataset
from data/PAB/annotation/test/attr.json loading 1978 data
     test dataset -->    be_pose_img: True
     test_dataset: 1978
### Creating test dataloader
### be careful: func create_loader returns a list length of 1
     test_loader: 90
### Creating model
build_vision_encoder: load swin 224 x 224 ====>
missing_keys:  []
unexpected_keys:  ['head.weight', 'head.bias']
build_text_encoder: load bert ====>
missing_keys: ['bert.encoder.layer.10.crossattention.output.LayerNorm.bias', 'bert.encoder.layer.10.crossattention.output.LayerNorm.weight', 'bert.encoder.layer.10.crossattention.output.dense.bias', 'bert.encoder.layer.10.crossattention.output.dense.weight', 'bert.encoder.layer.10.crossattention.self.key.bias', 'bert.encoder.layer.10.crossattention.self.key.weight', 'bert.encoder.layer.10.crossattention.self.query.bias', 'bert.encoder.layer.10.crossattention.self.query.weight', 'bert.encoder.layer.10.crossattention.self.value.bias', 'bert.encoder.layer.10.crossattention.self.value.weight', 'bert.encoder.layer.11.crossattention.output.LayerNorm.bias', 'bert.encoder.layer.11.crossattention.output.LayerNorm.weight', 'bert.encoder.layer.11.crossattention.output.dense.bias', 'bert.encoder.layer.11.crossattention.output.dense.weight', 'bert.encoder.layer.11.crossattention.self.key.bias', 'bert.encoder.layer.11.crossattention.self.key.weight', 'bert.encoder.layer.11.crossattention.self.query.bias', 'bert.encoder.layer.11.crossattention.self.query.weight', 'bert.encoder.layer.11.crossattention.self.value.bias', 'bert.encoder.layer.11.crossattention.self.value.weight', 'bert.encoder.layer.6.crossattention.output.LayerNorm.bias', 'bert.encoder.layer.6.crossattention.output.LayerNorm.weight', 'bert.encoder.layer.6.crossattention.output.dense.bias', 'bert.encoder.layer.6.crossattention.output.dense.weight', 'bert.encoder.layer.6.crossattention.self.key.bias', 'bert.encoder.layer.6.crossattention.self.key.weight', 'bert.encoder.layer.6.crossattention.self.query.bias', 'bert.encoder.layer.6.crossattention.self.query.weight', 'bert.encoder.layer.6.crossattention.self.value.bias', 'bert.encoder.layer.6.crossattention.self.value.weight', 'bert.encoder.layer.7.crossattention.output.LayerNorm.bias', 'bert.encoder.layer.7.crossattention.output.LayerNorm.weight', 'bert.encoder.layer.7.crossattention.output.dense.bias', 'bert.encoder.layer.7.crossattention.output.dense.weight', 'bert.encoder.layer.7.crossattention.self.key.bias', 'bert.encoder.layer.7.crossattention.self.key.weight', 'bert.encoder.layer.7.crossattention.self.query.bias', 'bert.encoder.layer.7.crossattention.self.query.weight', 'bert.encoder.layer.7.crossattention.self.value.bias', 'bert.encoder.layer.7.crossattention.self.value.weight', 'bert.encoder.layer.8.crossattention.output.LayerNorm.bias', 'bert.encoder.layer.8.crossattention.output.LayerNorm.weight', 'bert.encoder.layer.8.crossattention.output.dense.bias', 'bert.encoder.layer.8.crossattention.output.dense.weight', 'bert.encoder.layer.8.crossattention.self.key.bias', 'bert.encoder.layer.8.crossattention.self.key.weight', 'bert.encoder.layer.8.crossattention.self.query.bias', 'bert.encoder.layer.8.crossattention.self.query.weight', 'bert.encoder.layer.8.crossattention.self.value.bias', 'bert.encoder.layer.8.crossattention.self.value.weight', 'bert.encoder.layer.9.crossattention.output.LayerNorm.bias', 'bert.encoder.layer.9.crossattention.output.LayerNorm.weight', 'bert.encoder.layer.9.crossattention.output.dense.bias', 'bert.encoder.layer.9.crossattention.output.dense.weight', 'bert.encoder.layer.9.crossattention.self.key.bias', 'bert.encoder.layer.9.crossattention.self.key.weight', 'bert.encoder.layer.9.crossattention.self.query.bias', 'bert.encoder.layer.9.crossattention.self.query.weight', 'bert.encoder.layer.9.crossattention.self.value.bias', 'bert.encoder.layer.9.crossattention.self.value.weight']
unexpected_keys: ['cls.seq_relationship.bias', 'cls.seq_relationship.weight']
mismatched_keys: []
error_msgs: []
Label Smooth: 0.2
pose_conv
load checkpoint from checkpoint/cmp.pth
missing_keys:  ['uncertainty_temper', 'prompt_learning_embedding']
unexpected_keys:  []
     Total Params Sum:  254264985
### Inference ITC similiarity matrix
     Computing text features for evaluation
     Computing image features for evaluation
/home/jiahao/task/CMP/eval.py:129: UserWarning: To copy construct from a tensor, it is recommended to use sourceTensor.detach().clone() or sourceTensor.detach().clone().requires_grad_(True), rather than torch.tensor(sourceTensor).
  similarity = torch.tensor(scores_t2i)
     Computing features time 0:00:11
### Zero-Shot ITC Score: 
+-------+--------+--------+--------+--------+--------+
| epoch |   R1   |   R5   |  R10   |  mAP   |  mINP  |
+-------+--------+--------+--------+--------+--------+
|  -999 | 69.414 | 95.197 | 97.776 | 81.233 | 81.233 |
+-------+--------+--------+--------+--------+--------+
     Computing matching score
      Evaluation: [   0/1978]  eta: 0:02:22    time: 0.0722  data: 0.0026  max mem: 2603
      Evaluation: [ 100/1978]  eta: 0:01:34    time: 0.0539  data: 0.0000  max mem: 2603
      Evaluation: [ 200/1978]  eta: 0:01:32    time: 0.0541  data: 0.0000  max mem: 2603
      Evaluation: [ 300/1978]  eta: 0:01:25    time: 0.0450  data: 0.0000  max mem: 2603
      Evaluation: [ 400/1978]  eta: 0:01:20    time: 0.0489  data: 0.0000  max mem: 2603
      Evaluation: [ 500/1978]  eta: 0:01:14    time: 0.0465  data: 0.0000  max mem: 2603
      Evaluation: [ 600/1978]  eta: 0:01:08    time: 0.0468  data: 0.0000  max mem: 2603
      Evaluation: [ 700/1978]  eta: 0:01:03    time: 0.0442  data: 0.0000  max mem: 2603
      Evaluation: [ 800/1978]  eta: 0:00:58    time: 0.0516  data: 0.0000  max mem: 2603
      Evaluation: [ 900/1978]  eta: 0:00:53    time: 0.0437  data: 0.0000  max mem: 2603
      Evaluation: [1000/1978]  eta: 0:00:48    time: 0.0510  data: 0.0000  max mem: 2603
      Evaluation: [1100/1978]  eta: 0:00:43    time: 0.0529  data: 0.0000  max mem: 2603
      Evaluation: [1200/1978]  eta: 0:00:38    time: 0.0502  data: 0.0000  max mem: 2603
      Evaluation: [1300/1978]  eta: 0:00:33    time: 0.0520  data: 0.0000  max mem: 2603
      Evaluation: [1400/1978]  eta: 0:00:28    time: 0.0517  data: 0.0000  max mem: 2603
      Evaluation: [1500/1978]  eta: 0:00:23    time: 0.0510  data: 0.0000  max mem: 2603
      Evaluation: [1600/1978]  eta: 0:00:18    time: 0.0516  data: 0.0000  max mem: 2603
      Evaluation: [1700/1978]  eta: 0:00:13    time: 0.0461  data: 0.0000  max mem: 2603
      Evaluation: [1800/1978]  eta: 0:00:08    time: 0.0502  data: 0.0000  max mem: 2603
      Evaluation: [1900/1978]  eta: 0:00:03    time: 0.0482  data: 0.0000  max mem: 2603
      Evaluation: [1977/1978]  eta: 0:00:00    time: 0.0415  data: 0.0000  max mem: 2603
      Evaluation: Total time: 0:01:37 (0.0492 s / it)
     Computing matching score time 0:01:37
### Zero-Shot ITM Score: 
+-------+--------+--------+--------+--------+--------+
| epoch |   R1   |   R5   |  R10   |  mAP   |  mINP  |
+-------+--------+--------+--------+--------+--------+
|  -999 | 69.414 | 95.197 | 97.776 | 81.233 | 81.233 |
|  -999 | 84.277 | 99.039 | 99.596 | 91.276 | 91.276 |
+-------+--------+--------+--------+--------+--------+
### Zero-Shot Score: 
+-------------------+--------+--------+--------+--------+--------+
|       epoch       |   R1   |   R5   |  R10   |  mAP   |  mINP  |
+-------------------+--------+--------+--------+--------+--------+
|        -999       | 69.414 | 95.197 | 97.776 | 81.233 | 81.233 |
|        -999       | 84.277 | 99.039 | 99.596 | 91.276 | 91.276 |
|  cos_sim_wo/norm  | 58.544 | 91.860 | 95.703 | 73.596 | 73.596 |
|        -999       | 69.414 | 95.197 | 97.776 | 81.233 | 81.233 |
| itm_score_wo/norm | 84.328 | 98.989 | 99.494 | 91.293 | 91.293 |
|        -999       | 84.277 | 99.039 | 99.596 | 91.276 | 91.276 |
+-------------------+--------+--------+--------+--------+--------+
### TTA:
     preprocess_tta_coefficients  start
     sample selection ...
     number of sample after sample_selection: 1257
     uncertainty ...
     preprocess_tta_coefficients  end
### Creating tta dataset
     tta_dataset: 1257
### Creating tta dataloader
### be careful: func create_loader returns a list length of 1
     tta_loader: 78
### Configure adapted weights
     TTA Dropout Modules: 
 [('vision_encoder.pos_drop', Dropout(p=0, inplace=False), True), ('vision_encoder.layers.0.blocks.0.attn.attn_drop', Dropout(p=0.0, inplace=False), True), ('vision_encoder.layers.0.blocks.0.attn.proj_drop', Dropout(p=0, inplace=False), True), ('vision_encoder.layers.0.blocks.0.mlp.drop', Dropout(p=0, inplace=False), True), ('vision_encoder.layers.0.blocks.1.attn.attn_drop', Dropout(p=0.0, inplace=False), True), ('vision_encoder.layers.0.blocks.1.attn.proj_drop', Dropout(p=0, inplace=False), True), ('vision_encoder.layers.0.blocks.1.mlp.drop', Dropout(p=0, inplace=False), True), ('vision_encoder.layers.1.blocks.0.attn.attn_drop', Dropout(p=0.0, inplace=False), True), ('vision_encoder.layers.1.blocks.0.attn.proj_drop', Dropout(p=0, inplace=False), True), ('vision_encoder.layers.1.blocks.0.mlp.drop', Dropout(p=0, inplace=False), True), ('vision_encoder.layers.1.blocks.1.attn.attn_drop', Dropout(p=0.0, inplace=False), True), ('vision_encoder.layers.1.blocks.1.attn.proj_drop', Dropout(p=0, inplace=False), True), ('vision_encoder.layers.1.blocks.1.mlp.drop', Dropout(p=0, inplace=False), True), ('vision_encoder.layers.2.blocks.0.attn.attn_drop', Dropout(p=0.0, inplace=False), True), ('vision_encoder.layers.2.blocks.0.attn.proj_drop', Dropout(p=0, inplace=False), True), ('vision_encoder.layers.2.blocks.0.mlp.drop', Dropout(p=0, inplace=False), True), ('vision_encoder.layers.2.blocks.1.attn.attn_drop', Dropout(p=0.0, inplace=False), True), ('vision_encoder.layers.2.blocks.1.attn.proj_drop', Dropout(p=0, inplace=False), True), ('vision_encoder.layers.2.blocks.1.mlp.drop', Dropout(p=0, inplace=False), True), ('vision_encoder.layers.2.blocks.2.attn.attn_drop', Dropout(p=0.0, inplace=False), True), ('vision_encoder.layers.2.blocks.2.attn.proj_drop', Dropout(p=0, inplace=False), True), ('vision_encoder.layers.2.blocks.2.mlp.drop', Dropout(p=0, inplace=False), True), ('vision_encoder.layers.2.blocks.3.attn.attn_drop', Dropout(p=0.0, inplace=False), True), ('vision_encoder.layers.2.blocks.3.attn.proj_drop', Dropout(p=0, inplace=False), True), ('vision_encoder.layers.2.blocks.3.mlp.drop', Dropout(p=0, inplace=False), True), ('vision_encoder.layers.2.blocks.4.attn.attn_drop', Dropout(p=0.0, inplace=False), True), ('vision_encoder.layers.2.blocks.4.attn.proj_drop', Dropout(p=0, inplace=False), True), ('vision_encoder.layers.2.blocks.4.mlp.drop', Dropout(p=0, inplace=False), True), ('vision_encoder.layers.2.blocks.5.attn.attn_drop', Dropout(p=0.0, inplace=False), True), ('vision_encoder.layers.2.blocks.5.attn.proj_drop', Dropout(p=0, inplace=False), True), ('vision_encoder.layers.2.blocks.5.mlp.drop', Dropout(p=0, inplace=False), True), ('vision_encoder.layers.2.blocks.6.attn.attn_drop', Dropout(p=0.0, inplace=False), True), ('vision_encoder.layers.2.blocks.6.attn.proj_drop', Dropout(p=0, inplace=False), True), ('vision_encoder.layers.2.blocks.6.mlp.drop', Dropout(p=0, inplace=False), True), ('vision_encoder.layers.2.blocks.7.attn.attn_drop', Dropout(p=0.0, inplace=False), True), ('vision_encoder.layers.2.blocks.7.attn.proj_drop', Dropout(p=0, inplace=False), True), ('vision_encoder.layers.2.blocks.7.mlp.drop', Dropout(p=0, inplace=False), True), ('vision_encoder.layers.2.blocks.8.attn.attn_drop', Dropout(p=0.0, inplace=False), True), ('vision_encoder.layers.2.blocks.8.attn.proj_drop', Dropout(p=0, inplace=False), True), ('vision_encoder.layers.2.blocks.8.mlp.drop', Dropout(p=0, inplace=False), True), ('vision_encoder.layers.2.blocks.9.attn.attn_drop', Dropout(p=0.0, inplace=False), True), ('vision_encoder.layers.2.blocks.9.attn.proj_drop', Dropout(p=0, inplace=False), True), ('vision_encoder.layers.2.blocks.9.mlp.drop', Dropout(p=0, inplace=False), True), ('vision_encoder.layers.2.blocks.10.attn.attn_drop', Dropout(p=0.0, inplace=False), True), ('vision_encoder.layers.2.blocks.10.attn.proj_drop', Dropout(p=0, inplace=False), True), ('vision_encoder.layers.2.blocks.10.mlp.drop', Dropout(p=0, inplace=False), True), ('vision_encoder.layers.2.blocks.11.attn.attn_drop', Dropout(p=0.0, inplace=False), True), ('vision_encoder.layers.2.blocks.11.attn.proj_drop', Dropout(p=0, inplace=False), True), ('vision_encoder.layers.2.blocks.11.mlp.drop', Dropout(p=0, inplace=False), True), ('vision_encoder.layers.2.blocks.12.attn.attn_drop', Dropout(p=0.0, inplace=False), True), ('vision_encoder.layers.2.blocks.12.attn.proj_drop', Dropout(p=0, inplace=False), True), ('vision_encoder.layers.2.blocks.12.mlp.drop', Dropout(p=0, inplace=False), True), ('vision_encoder.layers.2.blocks.13.attn.attn_drop', Dropout(p=0.0, inplace=False), True), ('vision_encoder.layers.2.blocks.13.attn.proj_drop', Dropout(p=0, inplace=False), True), ('vision_encoder.layers.2.blocks.13.mlp.drop', Dropout(p=0, inplace=False), True), ('vision_encoder.layers.2.blocks.14.attn.attn_drop', Dropout(p=0.0, inplace=False), True), ('vision_encoder.layers.2.blocks.14.attn.proj_drop', Dropout(p=0, inplace=False), True), ('vision_encoder.layers.2.blocks.14.mlp.drop', Dropout(p=0, inplace=False), True), ('vision_encoder.layers.2.blocks.15.attn.attn_drop', Dropout(p=0.0, inplace=False), True), ('vision_encoder.layers.2.blocks.15.attn.proj_drop', Dropout(p=0, inplace=False), True), ('vision_encoder.layers.2.blocks.15.mlp.drop', Dropout(p=0, inplace=False), True), ('vision_encoder.layers.2.blocks.16.attn.attn_drop', Dropout(p=0.0, inplace=False), True), ('vision_encoder.layers.2.blocks.16.attn.proj_drop', Dropout(p=0, inplace=False), True), ('vision_encoder.layers.2.blocks.16.mlp.drop', Dropout(p=0, inplace=False), True), ('vision_encoder.layers.2.blocks.17.attn.attn_drop', Dropout(p=0.0, inplace=False), True), ('vision_encoder.layers.2.blocks.17.attn.proj_drop', Dropout(p=0, inplace=False), True), ('vision_encoder.layers.2.blocks.17.mlp.drop', Dropout(p=0, inplace=False), True), ('vision_encoder.layers.3.blocks.0.attn.attn_drop', Dropout(p=0.0, inplace=False), True), ('vision_encoder.layers.3.blocks.0.attn.proj_drop', Dropout(p=0, inplace=False), True), ('vision_encoder.layers.3.blocks.0.mlp.drop', Dropout(p=0, inplace=False), True), ('vision_encoder.layers.3.blocks.1.attn.attn_drop', Dropout(p=0.0, inplace=False), True), ('vision_encoder.layers.3.blocks.1.attn.proj_drop', Dropout(p=0, inplace=False), True), ('vision_encoder.layers.3.blocks.1.mlp.drop', Dropout(p=0, inplace=False), True), ('text_encoder.bert.embeddings.dropout', Dropout(p=0.1, inplace=False), True), ('text_encoder.bert.encoder.layer.0.attention.self.dropout', Dropout(p=0.1, inplace=False), True), ('text_encoder.bert.encoder.layer.0.attention.output.dropout', Dropout(p=0.1, inplace=False), True), ('text_encoder.bert.encoder.layer.0.output.dropout', Dropout(p=0.1, inplace=False), True), ('text_encoder.bert.encoder.layer.1.attention.self.dropout', Dropout(p=0.1, inplace=False), True), ('text_encoder.bert.encoder.layer.1.attention.output.dropout', Dropout(p=0.1, inplace=False), True), ('text_encoder.bert.encoder.layer.1.output.dropout', Dropout(p=0.1, inplace=False), True), ('text_encoder.bert.encoder.layer.2.attention.self.dropout', Dropout(p=0.1, inplace=False), True), ('text_encoder.bert.encoder.layer.2.attention.output.dropout', Dropout(p=0.1, inplace=False), True), ('text_encoder.bert.encoder.layer.2.output.dropout', Dropout(p=0.1, inplace=False), True), ('text_encoder.bert.encoder.layer.3.attention.self.dropout', Dropout(p=0.1, inplace=False), True), ('text_encoder.bert.encoder.layer.3.attention.output.dropout', Dropout(p=0.1, inplace=False), True), ('text_encoder.bert.encoder.layer.3.output.dropout', Dropout(p=0.1, inplace=False), True), ('text_encoder.bert.encoder.layer.4.attention.self.dropout', Dropout(p=0.1, inplace=False), True), ('text_encoder.bert.encoder.layer.4.attention.output.dropout', Dropout(p=0.1, inplace=False), True), ('text_encoder.bert.encoder.layer.4.output.dropout', Dropout(p=0.1, inplace=False), True), ('text_encoder.bert.encoder.layer.5.attention.self.dropout', Dropout(p=0.1, inplace=False), True), ('text_encoder.bert.encoder.layer.5.attention.output.dropout', Dropout(p=0.1, inplace=False), True), ('text_encoder.bert.encoder.layer.5.output.dropout', Dropout(p=0.1, inplace=False), True), ('text_encoder.bert.encoder.layer.6.attention.self.dropout', Dropout(p=0.1, inplace=False), True), ('text_encoder.bert.encoder.layer.6.attention.output.dropout', Dropout(p=0.1, inplace=False), True), ('text_encoder.bert.encoder.layer.6.crossattention.self.dropout', Dropout(p=0.1, inplace=False), True), ('text_encoder.bert.encoder.layer.6.crossattention.output.dropout', Dropout(p=0.1, inplace=False), True), ('text_encoder.bert.encoder.layer.6.output.dropout', Dropout(p=0.1, inplace=False), True), ('text_encoder.bert.encoder.layer.7.attention.self.dropout', Dropout(p=0.1, inplace=False), True), ('text_encoder.bert.encoder.layer.7.attention.output.dropout', Dropout(p=0.1, inplace=False), True), ('text_encoder.bert.encoder.layer.7.crossattention.self.dropout', Dropout(p=0.1, inplace=False), True), ('text_encoder.bert.encoder.layer.7.crossattention.output.dropout', Dropout(p=0.1, inplace=False), True), ('text_encoder.bert.encoder.layer.7.output.dropout', Dropout(p=0.1, inplace=False), True), ('text_encoder.bert.encoder.layer.8.attention.self.dropout', Dropout(p=0.1, inplace=False), True), ('text_encoder.bert.encoder.layer.8.attention.output.dropout', Dropout(p=0.1, inplace=False), True), ('text_encoder.bert.encoder.layer.8.crossattention.self.dropout', Dropout(p=0.1, inplace=False), True), ('text_encoder.bert.encoder.layer.8.crossattention.output.dropout', Dropout(p=0.1, inplace=False), True), ('text_encoder.bert.encoder.layer.8.output.dropout', Dropout(p=0.1, inplace=False), True), ('text_encoder.bert.encoder.layer.9.attention.self.dropout', Dropout(p=0.1, inplace=False), True), ('text_encoder.bert.encoder.layer.9.attention.output.dropout', Dropout(p=0.1, inplace=False), True), ('text_encoder.bert.encoder.layer.9.crossattention.self.dropout', Dropout(p=0.1, inplace=False), True), ('text_encoder.bert.encoder.layer.9.crossattention.output.dropout', Dropout(p=0.1, inplace=False), True), ('text_encoder.bert.encoder.layer.9.output.dropout', Dropout(p=0.1, inplace=False), True), ('text_encoder.bert.encoder.layer.10.attention.self.dropout', Dropout(p=0.1, inplace=False), True), ('text_encoder.bert.encoder.layer.10.attention.output.dropout', Dropout(p=0.1, inplace=False), True), ('text_encoder.bert.encoder.layer.10.crossattention.self.dropout', Dropout(p=0.1, inplace=False), True), ('text_encoder.bert.encoder.layer.10.crossattention.output.dropout', Dropout(p=0.1, inplace=False), True), ('text_encoder.bert.encoder.layer.10.output.dropout', Dropout(p=0.1, inplace=False), True), ('text_encoder.bert.encoder.layer.11.attention.self.dropout', Dropout(p=0.1, inplace=False), True), ('text_encoder.bert.encoder.layer.11.attention.output.dropout', Dropout(p=0.1, inplace=False), True), ('text_encoder.bert.encoder.layer.11.crossattention.self.dropout', Dropout(p=0.1, inplace=False), True), ('text_encoder.bert.encoder.layer.11.crossattention.output.dropout', Dropout(p=0.1, inplace=False), True), ('text_encoder.bert.encoder.layer.11.output.dropout', Dropout(p=0.1, inplace=False), True), ('vision_proj.1', Dropout(p=0.5, inplace=False), True), ('text_proj.1', Dropout(p=0.5, inplace=False), True), ('pose_block.attn.attn_drop', Dropout(p=0.0, inplace=False), True), ('pose_block.attn.proj_drop', Dropout(p=0.0, inplace=False), True)]
     TTA Require Gradient Params: 
 [('text_encoder.bert.embeddings.LayerNorm.weight', torch.Size([768])), ('text_encoder.bert.embeddings.LayerNorm.bias', torch.Size([768])), ('text_encoder.bert.encoder.layer.6.attention.output.LayerNorm.weight', torch.Size([768])), ('text_encoder.bert.encoder.layer.6.attention.output.LayerNorm.bias', torch.Size([768])), ('text_encoder.bert.encoder.layer.6.crossattention.output.LayerNorm.weight', torch.Size([768])), ('text_encoder.bert.encoder.layer.6.crossattention.output.LayerNorm.bias', torch.Size([768])), ('text_encoder.bert.encoder.layer.6.output.LayerNorm.weight', torch.Size([768])), ('text_encoder.bert.encoder.layer.6.output.LayerNorm.bias', torch.Size([768])), ('text_encoder.bert.encoder.layer.7.attention.output.LayerNorm.weight', torch.Size([768])), ('text_encoder.bert.encoder.layer.7.attention.output.LayerNorm.bias', torch.Size([768])), ('text_encoder.bert.encoder.layer.7.crossattention.output.LayerNorm.weight', torch.Size([768])), ('text_encoder.bert.encoder.layer.7.crossattention.output.LayerNorm.bias', torch.Size([768])), ('text_encoder.bert.encoder.layer.7.output.LayerNorm.weight', torch.Size([768])), ('text_encoder.bert.encoder.layer.7.output.LayerNorm.bias', torch.Size([768])), ('text_encoder.bert.encoder.layer.8.attention.output.LayerNorm.weight', torch.Size([768])), ('text_encoder.bert.encoder.layer.8.attention.output.LayerNorm.bias', torch.Size([768])), ('text_encoder.bert.encoder.layer.8.crossattention.output.LayerNorm.weight', torch.Size([768])), ('text_encoder.bert.encoder.layer.8.crossattention.output.LayerNorm.bias', torch.Size([768])), ('text_encoder.bert.encoder.layer.8.output.LayerNorm.weight', torch.Size([768])), ('text_encoder.bert.encoder.layer.8.output.LayerNorm.bias', torch.Size([768])), ('text_encoder.bert.encoder.layer.9.attention.output.LayerNorm.weight', torch.Size([768])), ('text_encoder.bert.encoder.layer.9.attention.output.LayerNorm.bias', torch.Size([768])), ('text_encoder.bert.encoder.layer.9.crossattention.output.LayerNorm.weight', torch.Size([768])), ('text_encoder.bert.encoder.layer.9.crossattention.output.LayerNorm.bias', torch.Size([768])), ('text_encoder.bert.encoder.layer.9.output.LayerNorm.weight', torch.Size([768])), ('text_encoder.bert.encoder.layer.9.output.LayerNorm.bias', torch.Size([768])), ('text_encoder.bert.encoder.layer.10.attention.output.LayerNorm.weight', torch.Size([768])), ('text_encoder.bert.encoder.layer.10.attention.output.LayerNorm.bias', torch.Size([768])), ('text_encoder.bert.encoder.layer.10.crossattention.output.LayerNorm.weight', torch.Size([768])), ('text_encoder.bert.encoder.layer.10.crossattention.output.LayerNorm.bias', torch.Size([768])), ('text_encoder.bert.encoder.layer.10.output.LayerNorm.weight', torch.Size([768])), ('text_encoder.bert.encoder.layer.10.output.LayerNorm.bias', torch.Size([768])), ('text_encoder.bert.encoder.layer.11.attention.output.LayerNorm.weight', torch.Size([768])), ('text_encoder.bert.encoder.layer.11.attention.output.LayerNorm.bias', torch.Size([768])), ('text_encoder.bert.encoder.layer.11.crossattention.output.LayerNorm.weight', torch.Size([768])), ('text_encoder.bert.encoder.layer.11.crossattention.output.LayerNorm.bias', torch.Size([768])), ('text_encoder.bert.encoder.layer.11.output.LayerNorm.weight', torch.Size([768])), ('text_encoder.bert.encoder.layer.11.output.LayerNorm.bias', torch.Size([768])), ('text_encoder.cls.predictions.transform.LayerNorm.weight', torch.Size([768])), ('text_encoder.cls.predictions.transform.LayerNorm.bias', torch.Size([768])), ('itm_head.1.weight', torch.Size([1536])), ('itm_head.1.bias', torch.Size([1536]))]
     TTA Dropout Modules Number: 
 126
     TTA Require Gradient Params Sum: 
 33792
     lr:  0.0001    lr_mult:  2
     model has 'init_params',  386
     num_tta_steps:  4740
     num_warmup_steps:  500
     sched: step
/home/jiahao/task/CMP/tta.py:244: FutureWarning: `torch.cuda.amp.GradScaler(args...)` is deprecated. Please use `torch.amp.GradScaler('cuda', args...)` instead.
  scaler = GradScaler()  # bf16
### Start ITM Test Time Adaptation
      TTA Epoch: [0] [ 0/78]  eta: 0:01:39  entropy: 0.3805  uncertainty: 1.0000  uncertainty_coeffi: 1.0000  loss: 0.3805  lr: 0.000000  time: 1.2814  data: 0.5773  max mem: 2656
      TTA Epoch: [0] [77/78]  eta: 0:00:00  entropy: 0.3616  uncertainty: 1.0000  uncertainty_coeffi: 1.0000  loss: 0.3616  lr: 0.000016  time: 0.0367  data: 0.0002  max mem: 2685
      TTA Epoch: [0] Total time: 0:00:04 (0.0526 s / it)
     Averaged stats: entropy: 0.3266  uncertainty: 1.0000  uncertainty_coeffi: 1.0000  loss: 0.3266  lr: 0.0000
     itm tta time 0:00:04
     Computing matching score
      Evaluation: [   0/1978]  eta: 0:01:43    time: 0.0526  data: 0.0052  max mem: 2685
      Evaluation: [ 100/1978]  eta: 0:01:23    time: 0.0426  data: 0.0000  max mem: 2685
      Evaluation: [ 200/1978]  eta: 0:01:19    time: 0.0450  data: 0.0000  max mem: 2685
      Evaluation: [ 300/1978]  eta: 0:01:15    time: 0.0464  data: 0.0000  max mem: 2685
      Evaluation: [ 400/1978]  eta: 0:01:11    time: 0.0456  data: 0.0000  max mem: 2685
      Evaluation: [ 500/1978]  eta: 0:01:06    time: 0.0457  data: 0.0000  max mem: 2685
      Evaluation: [ 600/1978]  eta: 0:01:01    time: 0.0424  data: 0.0000  max mem: 2685
      Evaluation: [ 700/1978]  eta: 0:00:57    time: 0.0447  data: 0.0000  max mem: 2685
      Evaluation: [ 800/1978]  eta: 0:00:52    time: 0.0445  data: 0.0000  max mem: 2685
      Evaluation: [ 900/1978]  eta: 0:00:48    time: 0.0440  data: 0.0000  max mem: 2685
      Evaluation: [1000/1978]  eta: 0:00:43    time: 0.0440  data: 0.0000  max mem: 2685
      Evaluation: [1100/1978]  eta: 0:00:39    time: 0.0446  data: 0.0000  max mem: 2685
      Evaluation: [1200/1978]  eta: 0:00:34    time: 0.0434  data: 0.0000  max mem: 2685
      Evaluation: [1300/1978]  eta: 0:00:30    time: 0.0425  data: 0.0000  max mem: 2685
      Evaluation: [1400/1978]  eta: 0:00:25    time: 0.0442  data: 0.0000  max mem: 2685
      Evaluation: [1500/1978]  eta: 0:00:21    time: 0.0431  data: 0.0000  max mem: 2685
      Evaluation: [1600/1978]  eta: 0:00:16    time: 0.0429  data: 0.0000  max mem: 2685
      Evaluation: [1700/1978]  eta: 0:00:12    time: 0.0428  data: 0.0000  max mem: 2685
      Evaluation: [1800/1978]  eta: 0:00:07    time: 0.0419  data: 0.0000  max mem: 2685
      Evaluation: [1900/1978]  eta: 0:00:03    time: 0.0411  data: 0.0000  max mem: 2685
      Evaluation: [1977/1978]  eta: 0:00:00    time: 0.0433  data: 0.0000  max mem: 2685
      Evaluation: Total time: 0:01:27 (0.0443 s / it)
     Computing matching score time 0:01:27
### TTA ITM Score: 
+-------------------+--------+--------+--------+--------+--------+
|       epoch       |   R1   |   R5   |  R10   |  mAP   |  mINP  |
+-------------------+--------+--------+--------+--------+--------+
|        -999       | 69.414 | 95.197 | 97.776 | 81.233 | 81.233 |
|        -999       | 84.277 | 99.039 | 99.596 | 91.276 | 91.276 |
|  cos_sim_wo/norm  | 58.544 | 91.860 | 95.703 | 73.596 | 73.596 |
|        -999       | 69.414 | 95.197 | 97.776 | 81.233 | 81.233 |
| itm_score_wo/norm | 84.328 | 98.989 | 99.494 | 91.293 | 91.293 |
|        -999       | 84.277 | 99.039 | 99.596 | 91.276 | 91.276 |
|         0         | 84.530 | 99.039 | 99.596 | 91.401 | 91.401 |
+-------------------+--------+--------+--------+--------+--------+
     logs:  {'epo': 0, 'R1': np.float32(84.53), 'R5': np.float32(99.039), 'R10': np.float32(99.596), 'mAP': np.float32(91.401), 'mINP': np.float32(91.401), 'entropy': 0.326588, 'uncertainty': 1.0, 'uncertainty_coeffi': 1.0, 'loss': 0.326588, 'lr': 8e-06}
      TTA Epoch: [1] [ 0/78]  eta: 0:00:46  entropy: 0.4628  uncertainty: 1.0000  uncertainty_coeffi: 1.0000  loss: 0.4628  lr: 0.000016  time: 0.5911  data: 0.5410  max mem: 2685
      TTA Epoch: [1] [77/78]  eta: 0:00:00  entropy: 0.2084  uncertainty: 1.0000  uncertainty_coeffi: 1.0000  loss: 0.2084  lr: 0.000031  time: 0.0355  data: 0.0001  max mem: 2691
      TTA Epoch: [1] Total time: 0:00:03 (0.0451 s / it)
     Averaged stats: entropy: 0.3075  uncertainty: 1.0000  uncertainty_coeffi: 1.0000  loss: 0.3075  lr: 0.0000
     itm tta time 0:00:03
     Computing matching score
      Evaluation: [   0/1978]  eta: 0:01:51    time: 0.0566  data: 0.0032  max mem: 2691
      Evaluation: [ 100/1978]  eta: 0:01:20    time: 0.0425  data: 0.0000  max mem: 2691
      Evaluation: [ 200/1978]  eta: 0:01:16    time: 0.0436  data: 0.0000  max mem: 2691
      Evaluation: [ 300/1978]  eta: 0:01:13    time: 0.0431  data: 0.0000  max mem: 2691
      Evaluation: [ 400/1978]  eta: 0:01:09    time: 0.0466  data: 0.0000  max mem: 2691
      Evaluation: [ 500/1978]  eta: 0:01:05    time: 0.0469  data: 0.0000  max mem: 2691
      Evaluation: [ 600/1978]  eta: 0:01:01    time: 0.0472  data: 0.0000  max mem: 2691
      Evaluation: [ 700/1978]  eta: 0:00:56    time: 0.0477  data: 0.0000  max mem: 2691
      Evaluation: [ 800/1978]  eta: 0:00:53    time: 0.0474  data: 0.0000  max mem: 2691
      Evaluation: [ 900/1978]  eta: 0:00:48    time: 0.0448  data: 0.0000  max mem: 2691
      Evaluation: [1000/1978]  eta: 0:00:44    time: 0.0456  data: 0.0000  max mem: 2691
      Evaluation: [1100/1978]  eta: 0:00:40    time: 0.0467  data: 0.0000  max mem: 2691
      Evaluation: [1200/1978]  eta: 0:00:35    time: 0.0404  data: 0.0000  max mem: 2691
      Evaluation: [1300/1978]  eta: 0:00:30    time: 0.0439  data: 0.0000  max mem: 2691
      Evaluation: [1400/1978]  eta: 0:00:25    time: 0.0402  data: 0.0000  max mem: 2691
      Evaluation: [1500/1978]  eta: 0:00:21    time: 0.0454  data: 0.0000  max mem: 2691
      Evaluation: [1600/1978]  eta: 0:00:16    time: 0.0449  data: 0.0000  max mem: 2691
      Evaluation: [1700/1978]  eta: 0:00:12    time: 0.0412  data: 0.0000  max mem: 2691
      Evaluation: [1800/1978]  eta: 0:00:07    time: 0.0486  data: 0.0000  max mem: 2691
      Evaluation: [1900/1978]  eta: 0:00:03    time: 0.0496  data: 0.0000  max mem: 2691
      Evaluation: [1977/1978]  eta: 0:00:00    time: 0.0433  data: 0.0000  max mem: 2691
      Evaluation: Total time: 0:01:28 (0.0450 s / it)
     Computing matching score time 0:01:29
### TTA ITM Score: 
+-------------------+--------+--------+--------+--------+--------+
|       epoch       |   R1   |   R5   |  R10   |  mAP   |  mINP  |
+-------------------+--------+--------+--------+--------+--------+
|        -999       | 69.414 | 95.197 | 97.776 | 81.233 | 81.233 |
|        -999       | 84.277 | 99.039 | 99.596 | 91.276 | 91.276 |
|  cos_sim_wo/norm  | 58.544 | 91.860 | 95.703 | 73.596 | 73.596 |
|        -999       | 69.414 | 95.197 | 97.776 | 81.233 | 81.233 |
| itm_score_wo/norm | 84.328 | 98.989 | 99.494 | 91.293 | 91.293 |
|        -999       | 84.277 | 99.039 | 99.596 | 91.276 | 91.276 |
|         0         | 84.530 | 99.039 | 99.596 | 91.401 | 91.401 |
|         1         | 84.681 | 98.989 | 99.596 | 91.465 | 91.465 |
+-------------------+--------+--------+--------+--------+--------+
     logs:  {'epo': 1, 'R1': np.float32(84.681), 'R5': np.float32(98.989), 'R10': np.float32(99.596), 'mAP': np.float32(91.465), 'mINP': np.float32(91.465), 'entropy': 0.307514, 'uncertainty': 1.0, 'uncertainty_coeffi': 1.0, 'loss': 0.307514, 'lr': 2.4e-05}
      TTA Epoch: [2] [ 0/78]  eta: 0:00:41  entropy: 0.2253  uncertainty: 1.0000  uncertainty_coeffi: 1.0000  loss: 0.2253  lr: 0.000031  time: 0.5340  data: 0.4777  max mem: 2691
      TTA Epoch: [2] [77/78]  eta: 0:00:00  entropy: 0.2400  uncertainty: 1.0000  uncertainty_coeffi: 1.0000  loss: 0.2400  lr: 0.000047  time: 0.0372  data: 0.0002  max mem: 2691
      TTA Epoch: [2] Total time: 0:00:03 (0.0446 s / it)
     Averaged stats: entropy: 0.2819  uncertainty: 1.0000  uncertainty_coeffi: 1.0000  loss: 0.2819  lr: 0.0000
     itm tta time 0:00:03
     Computing matching score
      Evaluation: [   0/1978]  eta: 0:01:56    time: 0.0590  data: 0.0032  max mem: 2691
      Evaluation: [ 100/1978]  eta: 0:01:22    time: 0.0427  data: 0.0000  max mem: 2691
      Evaluation: [ 200/1978]  eta: 0:01:15    time: 0.0400  data: 0.0000  max mem: 2691
      Evaluation: [ 300/1978]  eta: 0:01:11    time: 0.0459  data: 0.0000  max mem: 2691
      Evaluation: [ 400/1978]  eta: 0:01:07    time: 0.0424  data: 0.0000  max mem: 2691
      Evaluation: [ 500/1978]  eta: 0:01:03    time: 0.0407  data: 0.0000  max mem: 2691
      Evaluation: [ 600/1978]  eta: 0:00:59    time: 0.0431  data: 0.0000  max mem: 2691
      Evaluation: [ 700/1978]  eta: 0:00:55    time: 0.0417  data: 0.0000  max mem: 2691
      Evaluation: [ 800/1978]  eta: 0:00:51    time: 0.0424  data: 0.0000  max mem: 2691
      Evaluation: [ 900/1978]  eta: 0:00:46    time: 0.0416  data: 0.0000  max mem: 2691
      Evaluation: [1000/1978]  eta: 0:00:42    time: 0.0420  data: 0.0000  max mem: 2691
      Evaluation: [1100/1978]  eta: 0:00:37    time: 0.0437  data: 0.0000  max mem: 2691
      Evaluation: [1200/1978]  eta: 0:00:33    time: 0.0417  data: 0.0000  max mem: 2691
      Evaluation: [1300/1978]  eta: 0:00:29    time: 0.0433  data: 0.0000  max mem: 2691
      Evaluation: [1400/1978]  eta: 0:00:24    time: 0.0434  data: 0.0000  max mem: 2691
      Evaluation: [1500/1978]  eta: 0:00:20    time: 0.0486  data: 0.0000  max mem: 2691
      Evaluation: [1600/1978]  eta: 0:00:16    time: 0.0415  data: 0.0000  max mem: 2691
      Evaluation: [1700/1978]  eta: 0:00:11    time: 0.0423  data: 0.0000  max mem: 2691
      Evaluation: [1800/1978]  eta: 0:00:07    time: 0.0440  data: 0.0000  max mem: 2691
      Evaluation: [1900/1978]  eta: 0:00:03    time: 0.0406  data: 0.0000  max mem: 2691
      Evaluation: [1977/1978]  eta: 0:00:00    time: 0.0479  data: 0.0000  max mem: 2691
      Evaluation: Total time: 0:01:25 (0.0432 s / it)
     Computing matching score time 0:01:25
### TTA ITM Score: 
+-------------------+--------+--------+--------+--------+--------+
|       epoch       |   R1   |   R5   |  R10   |  mAP   |  mINP  |
+-------------------+--------+--------+--------+--------+--------+
|        -999       | 69.414 | 95.197 | 97.776 | 81.233 | 81.233 |
|        -999       | 84.277 | 99.039 | 99.596 | 91.276 | 91.276 |
|  cos_sim_wo/norm  | 58.544 | 91.860 | 95.703 | 73.596 | 73.596 |
|        -999       | 69.414 | 95.197 | 97.776 | 81.233 | 81.233 |
| itm_score_wo/norm | 84.328 | 98.989 | 99.494 | 91.293 | 91.293 |
|        -999       | 84.277 | 99.039 | 99.596 | 91.276 | 91.276 |
|         0         | 84.530 | 99.039 | 99.596 | 91.401 | 91.401 |
|         1         | 84.681 | 98.989 | 99.596 | 91.465 | 91.465 |
|         2         | 84.833 | 98.938 | 99.545 | 91.512 | 91.512 |
+-------------------+--------+--------+--------+--------+--------+
     logs:  {'epo': 2, 'R1': np.float32(84.833), 'R5': np.float32(98.938), 'R10': np.float32(99.545), 'mAP': np.float32(91.512), 'mINP': np.float32(91.512), 'entropy': 0.281936, 'uncertainty': 1.0, 'uncertainty_coeffi': 1.0, 'loss': 0.281936, 'lr': 3.9e-05}
      TTA Epoch: [3] [ 0/78]  eta: 0:00:39  entropy: 0.3534  uncertainty: 1.0000  uncertainty_coeffi: 1.0000  loss: 0.3534  lr: 0.000047  time: 0.5029  data: 0.4352  max mem: 2691
      TTA Epoch: [3] [77/78]  eta: 0:00:00  entropy: 0.2388  uncertainty: 1.0000  uncertainty_coeffi: 1.0000  loss: 0.2388  lr: 0.000062  time: 0.0338  data: 0.0001  max mem: 2691
      TTA Epoch: [3] Total time: 0:00:03 (0.0415 s / it)
     Averaged stats: entropy: 0.2458  uncertainty: 1.0000  uncertainty_coeffi: 1.0000  loss: 0.2458  lr: 0.0001
     itm tta time 0:00:03
      TTA Epoch: [4] [ 0/78]  eta: 0:00:34  entropy: 0.2190  uncertainty: 1.0000  uncertainty_coeffi: 1.0000  loss: 0.2190  lr: 0.000063  time: 0.4414  data: 0.3890  max mem: 2691
      TTA Epoch: [4] [77/78]  eta: 0:00:00  entropy: 0.1822  uncertainty: 1.0000  uncertainty_coeffi: 1.0000  loss: 0.1822  lr: 0.000078  time: 0.0364  data: 0.0002  max mem: 2691
      TTA Epoch: [4] Total time: 0:00:03 (0.0442 s / it)
     Averaged stats: entropy: 0.2233  uncertainty: 1.0000  uncertainty_coeffi: 1.0000  loss: 0.2233  lr: 0.0001
     itm tta time 0:00:03
     Computing matching score
      Evaluation: [   0/1978]  eta: 0:01:56    time: 0.0588  data: 0.0032  max mem: 2691
      Evaluation: [ 100/1978]  eta: 0:01:22    time: 0.0433  data: 0.0000  max mem: 2691
      Evaluation: [ 200/1978]  eta: 0:01:17    time: 0.0440  data: 0.0000  max mem: 2691
      Evaluation: [ 300/1978]  eta: 0:01:12    time: 0.0434  data: 0.0000  max mem: 2691
      Evaluation: [ 400/1978]  eta: 0:01:08    time: 0.0413  data: 0.0000  max mem: 2691
      Evaluation: [ 500/1978]  eta: 0:01:03    time: 0.0407  data: 0.0000  max mem: 2691
      Evaluation: [ 600/1978]  eta: 0:00:58    time: 0.0424  data: 0.0000  max mem: 2691
      Evaluation: [ 700/1978]  eta: 0:00:54    time: 0.0428  data: 0.0000  max mem: 2691
      Evaluation: [ 800/1978]  eta: 0:00:50    time: 0.0427  data: 0.0000  max mem: 2691
      Evaluation: [ 900/1978]  eta: 0:00:46    time: 0.0411  data: 0.0000  max mem: 2691
      Evaluation: [1000/1978]  eta: 0:00:41    time: 0.0421  data: 0.0000  max mem: 2691
      Evaluation: [1100/1978]  eta: 0:00:37    time: 0.0421  data: 0.0000  max mem: 2691
      Evaluation: [1200/1978]  eta: 0:00:33    time: 0.0411  data: 0.0000  max mem: 2691
      Evaluation: [1300/1978]  eta: 0:00:28    time: 0.0437  data: 0.0000  max mem: 2691
      Evaluation: [1400/1978]  eta: 0:00:24    time: 0.0417  data: 0.0000  max mem: 2691
      Evaluation: [1500/1978]  eta: 0:00:20    time: 0.0414  data: 0.0000  max mem: 2691
      Evaluation: [1600/1978]  eta: 0:00:16    time: 0.0413  data: 0.0000  max mem: 2691
      Evaluation: [1700/1978]  eta: 0:00:11    time: 0.0421  data: 0.0000  max mem: 2691
      Evaluation: [1800/1978]  eta: 0:00:07    time: 0.0433  data: 0.0000  max mem: 2691
      Evaluation: [1900/1978]  eta: 0:00:03    time: 0.0426  data: 0.0000  max mem: 2691
      Evaluation: [1977/1978]  eta: 0:00:00    time: 0.0411  data: 0.0000  max mem: 2691
      Evaluation: Total time: 0:01:23 (0.0424 s / it)
     Computing matching score time 0:01:24
### TTA ITM Score: 
+-------------------+--------+--------+--------+--------+--------+
|       epoch       |   R1   |   R5   |  R10   |  mAP   |  mINP  |
+-------------------+--------+--------+--------+--------+--------+
|        -999       | 69.414 | 95.197 | 97.776 | 81.233 | 81.233 |
|        -999       | 84.277 | 99.039 | 99.596 | 91.276 | 91.276 |
|  cos_sim_wo/norm  | 58.544 | 91.860 | 95.703 | 73.596 | 73.596 |
|        -999       | 69.414 | 95.197 | 97.776 | 81.233 | 81.233 |
| itm_score_wo/norm | 84.328 | 98.989 | 99.494 | 91.293 | 91.293 |
|        -999       | 84.277 | 99.039 | 99.596 | 91.276 | 91.276 |
|         0         | 84.530 | 99.039 | 99.596 | 91.401 | 91.401 |
|         1         | 84.681 | 98.989 | 99.596 | 91.465 | 91.465 |
|         2         | 84.833 | 98.938 | 99.545 | 91.512 | 91.512 |
|         4         | 84.631 | 98.787 | 99.494 | 91.335 | 91.335 |
+-------------------+--------+--------+--------+--------+--------+
     logs:  {'epo': 4, 'R1': np.float32(84.631), 'R5': np.float32(98.787), 'R10': np.float32(99.494), 'mAP': np.float32(91.335), 'mINP': np.float32(91.335), 'entropy': 0.223259, 'uncertainty': 1.0, 'uncertainty_coeffi': 1.0, 'loss': 0.223259, 'lr': 7e-05}
      TTA Epoch: [5] [ 0/78]  eta: 0:00:35  entropy: 0.2010  uncertainty: 1.0000  uncertainty_coeffi: 1.0000  loss: 0.2010  lr: 0.000078  time: 0.4595  data: 0.4081  max mem: 2691
      TTA Epoch: [5] [77/78]  eta: 0:00:00  entropy: 0.1513  uncertainty: 1.0000  uncertainty_coeffi: 1.0000  loss: 0.1513  lr: 0.000094  time: 0.0351  data: 0.0001  max mem: 2691
      TTA Epoch: [5] Total time: 0:00:03 (0.0415 s / it)
     Averaged stats: entropy: 0.1967  uncertainty: 1.0000  uncertainty_coeffi: 1.0000  loss: 0.1967  lr: 0.0001
     itm tta time 0:00:03
      TTA Epoch: [6] [ 0/78]  eta: 0:00:34  entropy: 0.2928  uncertainty: 1.0000  uncertainty_coeffi: 1.0000  loss: 0.2928  lr: 0.000094  time: 0.4430  data: 0.3916  max mem: 2691
      TTA Epoch: [6] [77/78]  eta: 0:00:00  entropy: 0.0784  uncertainty: 1.0000  uncertainty_coeffi: 1.0000  loss: 0.0784  lr: 0.000099  time: 0.0332  data: 0.0001  max mem: 2691
      TTA Epoch: [6] Total time: 0:00:03 (0.0409 s / it)
     Averaged stats: entropy: 0.1803  uncertainty: 1.0000  uncertainty_coeffi: 1.0000  loss: 0.1803  lr: 0.0001
     itm tta time 0:00:03
      TTA Epoch: [7] [ 0/78]  eta: 0:00:34  entropy: 0.0268  uncertainty: 1.0000  uncertainty_coeffi: 1.0000  loss: 0.0268  lr: 0.000099  time: 0.4450  data: 0.3945  max mem: 2691
      TTA Epoch: [7] [77/78]  eta: 0:00:00  entropy: 0.2280  uncertainty: 1.0000  uncertainty_coeffi: 1.0000  loss: 0.2280  lr: 0.000097  time: 0.0344  data: 0.0001  max mem: 2691
      TTA Epoch: [7] Total time: 0:00:03 (0.0412 s / it)
     Averaged stats: entropy: 0.1555  uncertainty: 1.0000  uncertainty_coeffi: 1.0000  loss: 0.1555  lr: 0.0001
     itm tta time 0:00:03
      TTA Epoch: [8] [ 0/78]  eta: 0:00:36  entropy: 0.1141  uncertainty: 1.0000  uncertainty_coeffi: 1.0000  loss: 0.1141  lr: 0.000097  time: 0.4620  data: 0.3971  max mem: 2691
      TTA Epoch: [8] [77/78]  eta: 0:00:00  entropy: 0.1918  uncertainty: 1.0000  uncertainty_coeffi: 1.0000  loss: 0.1918  lr: 0.000095  time: 0.0344  data: 0.0002  max mem: 2691
      TTA Epoch: [8] Total time: 0:00:03 (0.0425 s / it)
     Averaged stats: entropy: 0.1526  uncertainty: 1.0000  uncertainty_coeffi: 1.0000  loss: 0.1526  lr: 0.0001
     itm tta time 0:00:03
      TTA Epoch: [9] [ 0/78]  eta: 0:00:36  entropy: 0.1834  uncertainty: 1.0000  uncertainty_coeffi: 1.0000  loss: 0.1834  lr: 0.000095  time: 0.4637  data: 0.4128  max mem: 2691
      TTA Epoch: [9] [77/78]  eta: 0:00:00  entropy: 0.1319  uncertainty: 1.0000  uncertainty_coeffi: 1.0000  loss: 0.1319  lr: 0.000093  time: 0.0338  data: 0.0001  max mem: 2691
      TTA Epoch: [9] Total time: 0:00:03 (0.0421 s / it)
     Averaged stats: entropy: 0.1369  uncertainty: 1.0000  uncertainty_coeffi: 1.0000  loss: 0.1369  lr: 0.0001
     itm tta time 0:00:03
     Computing matching score
      Evaluation: [   0/1978]  eta: 0:01:51    time: 0.0565  data: 0.0033  max mem: 2691
      Evaluation: [ 100/1978]  eta: 0:01:17    time: 0.0411  data: 0.0000  max mem: 2691
      Evaluation: [ 200/1978]  eta: 0:01:13    time: 0.0407  data: 0.0000  max mem: 2691
      Evaluation: [ 300/1978]  eta: 0:01:08    time: 0.0412  data: 0.0000  max mem: 2691
      Evaluation: [ 400/1978]  eta: 0:01:05    time: 0.0418  data: 0.0000  max mem: 2691
      Evaluation: [ 500/1978]  eta: 0:01:01    time: 0.0424  data: 0.0000  max mem: 2691
      Evaluation: [ 600/1978]  eta: 0:00:57    time: 0.0443  data: 0.0000  max mem: 2691
      Evaluation: [ 700/1978]  eta: 0:00:53    time: 0.0407  data: 0.0000  max mem: 2691
      Evaluation: [ 800/1978]  eta: 0:00:49    time: 0.0422  data: 0.0000  max mem: 2691
      Evaluation: [ 900/1978]  eta: 0:00:45    time: 0.0442  data: 0.0000  max mem: 2691
      Evaluation: [1000/1978]  eta: 0:00:41    time: 0.0445  data: 0.0000  max mem: 2691
      Evaluation: [1100/1978]  eta: 0:00:36    time: 0.0407  data: 0.0000  max mem: 2691
      Evaluation: [1200/1978]  eta: 0:00:32    time: 0.0412  data: 0.0000  max mem: 2691
      Evaluation: [1300/1978]  eta: 0:00:28    time: 0.0442  data: 0.0000  max mem: 2691
      Evaluation: [1400/1978]  eta: 0:00:24    time: 0.0418  data: 0.0000  max mem: 2691
      Evaluation: [1500/1978]  eta: 0:00:20    time: 0.0433  data: 0.0000  max mem: 2691
      Evaluation: [1600/1978]  eta: 0:00:16    time: 0.0447  data: 0.0000  max mem: 2691
      Evaluation: [1700/1978]  eta: 0:00:11    time: 0.0430  data: 0.0000  max mem: 2691
      Evaluation: [1800/1978]  eta: 0:00:07    time: 0.0417  data: 0.0000  max mem: 2691
      Evaluation: [1900/1978]  eta: 0:00:03    time: 0.0446  data: 0.0000  max mem: 2691
      Evaluation: [1977/1978]  eta: 0:00:00    time: 0.0426  data: 0.0000  max mem: 2691
      Evaluation: Total time: 0:01:23 (0.0425 s / it)
     Computing matching score time 0:01:24
### TTA ITM Score: 
+-------------------+--------+--------+--------+--------+--------+
|       epoch       |   R1   |   R5   |  R10   |  mAP   |  mINP  |
+-------------------+--------+--------+--------+--------+--------+
|        -999       | 69.414 | 95.197 | 97.776 | 81.233 | 81.233 |
|        -999       | 84.277 | 99.039 | 99.596 | 91.276 | 91.276 |
|  cos_sim_wo/norm  | 58.544 | 91.860 | 95.703 | 73.596 | 73.596 |
|        -999       | 69.414 | 95.197 | 97.776 | 81.233 | 81.233 |
| itm_score_wo/norm | 84.328 | 98.989 | 99.494 | 91.293 | 91.293 |
|        -999       | 84.277 | 99.039 | 99.596 | 91.276 | 91.276 |
|         0         | 84.530 | 99.039 | 99.596 | 91.401 | 91.401 |
|         1         | 84.681 | 98.989 | 99.596 | 91.465 | 91.465 |
|         2         | 84.833 | 98.938 | 99.545 | 91.512 | 91.512 |
|         4         | 84.631 | 98.787 | 99.494 | 91.335 | 91.335 |
|         9         | 84.580 | 98.635 | 99.141 | 91.264 | 91.264 |
+-------------------+--------+--------+--------+--------+--------+
     logs:  {'epo': 9, 'R1': np.float32(84.58), 'R5': np.float32(98.635), 'R10': np.float32(99.141), 'mAP': np.float32(91.264), 'mINP': np.float32(91.264), 'entropy': 0.136926, 'uncertainty': 1.0, 'uncertainty_coeffi': 1.0, 'loss': 0.136926, 'lr': 9.4e-05}
      TTA Epoch: [10] [ 0/78]  eta: 0:00:34  entropy: 0.1171  uncertainty: 1.0000  uncertainty_coeffi: 1.0000  loss: 0.1171  lr: 0.000093  time: 0.4407  data: 0.3895  max mem: 2691
      TTA Epoch: [10] [77/78]  eta: 0:00:00  entropy: 0.1313  uncertainty: 1.0000  uncertainty_coeffi: 1.0000  loss: 0.1313  lr: 0.000092  time: 0.0340  data: 0.0001  max mem: 2691
      TTA Epoch: [10] Total time: 0:00:03 (0.0408 s / it)
     Averaged stats: entropy: 0.1289  uncertainty: 1.0000  uncertainty_coeffi: 1.0000  loss: 0.1289  lr: 0.0001
     itm tta time 0:00:03
      TTA Epoch: [11] [ 0/78]  eta: 0:00:35  entropy: 0.1491  uncertainty: 1.0000  uncertainty_coeffi: 1.0000  loss: 0.1491  lr: 0.000092  time: 0.4525  data: 0.4031  max mem: 2691
      TTA Epoch: [11] [77/78]  eta: 0:00:00  entropy: 0.1625  uncertainty: 1.0000  uncertainty_coeffi: 1.0000  loss: 0.1625  lr: 0.000090  time: 0.0340  data: 0.0001  max mem: 2691
      TTA Epoch: [11] Total time: 0:00:03 (0.0418 s / it)
     Averaged stats: entropy: 0.1157  uncertainty: 1.0000  uncertainty_coeffi: 1.0000  loss: 0.1157  lr: 0.0001
     itm tta time 0:00:03
      TTA Epoch: [12] [ 0/78]  eta: 0:00:34  entropy: 0.0509  uncertainty: 1.0000  uncertainty_coeffi: 1.0000  loss: 0.0509  lr: 0.000090  time: 0.4484  data: 0.3991  max mem: 2691
      TTA Epoch: [12] [77/78]  eta: 0:00:00  entropy: 0.0647  uncertainty: 1.0000  uncertainty_coeffi: 1.0000  loss: 0.0647  lr: 0.000088  time: 0.0338  data: 0.0001  max mem: 2691
      TTA Epoch: [12] Total time: 0:00:03 (0.0417 s / it)
     Averaged stats: entropy: 0.1151  uncertainty: 1.0000  uncertainty_coeffi: 1.0000  loss: 0.1151  lr: 0.0001
     itm tta time 0:00:03
      TTA Epoch: [13] [ 0/78]  eta: 0:00:34  entropy: 0.0773  uncertainty: 1.0000  uncertainty_coeffi: 1.0000  loss: 0.0773  lr: 0.000088  time: 0.4463  data: 0.3970  max mem: 2691
      TTA Epoch: [13] [77/78]  eta: 0:00:00  entropy: 0.0919  uncertainty: 1.0000  uncertainty_coeffi: 1.0000  loss: 0.0919  lr: 0.000086  time: 0.0340  data: 0.0002  max mem: 2691
      TTA Epoch: [13] Total time: 0:00:03 (0.0413 s / it)
     Averaged stats: entropy: 0.1087  uncertainty: 1.0000  uncertainty_coeffi: 1.0000  loss: 0.1087  lr: 0.0001
     itm tta time 0:00:03
      TTA Epoch: [14] [ 0/78]  eta: 0:00:36  entropy: 0.1697  uncertainty: 1.0000  uncertainty_coeffi: 1.0000  loss: 0.1697  lr: 0.000086  time: 0.4635  data: 0.4116  max mem: 2691
      TTA Epoch: [14] [77/78]  eta: 0:00:00  entropy: 0.0673  uncertainty: 1.0000  uncertainty_coeffi: 1.0000  loss: 0.0673  lr: 0.000084  time: 0.0393  data: 0.0035  max mem: 2691
      TTA Epoch: [14] Total time: 0:00:03 (0.0459 s / it)
     Averaged stats: entropy: 0.1020  uncertainty: 1.0000  uncertainty_coeffi: 1.0000  loss: 0.1020  lr: 0.0001
     itm tta time 0:00:03
     Computing matching score
      Evaluation: [   0/1978]  eta: 0:01:44    time: 0.0528  data: 0.0034  max mem: 2691
      Evaluation: [ 100/1978]  eta: 0:01:20    time: 0.0415  data: 0.0000  max mem: 2691
      Evaluation: [ 200/1978]  eta: 0:01:16    time: 0.0407  data: 0.0000  max mem: 2691
      Evaluation: [ 300/1978]  eta: 0:01:11    time: 0.0417  data: 0.0000  max mem: 2691
      Evaluation: [ 400/1978]  eta: 0:01:06    time: 0.0430  data: 0.0000  max mem: 2691
      Evaluation: [ 500/1978]  eta: 0:01:02    time: 0.0430  data: 0.0000  max mem: 2691
      Evaluation: [ 600/1978]  eta: 0:00:58    time: 0.0423  data: 0.0000  max mem: 2691
      Evaluation: [ 700/1978]  eta: 0:00:54    time: 0.0423  data: 0.0000  max mem: 2691
      Evaluation: [ 800/1978]  eta: 0:00:50    time: 0.0413  data: 0.0000  max mem: 2691
      Evaluation: [ 900/1978]  eta: 0:00:45    time: 0.0435  data: 0.0000  max mem: 2691
      Evaluation: [1000/1978]  eta: 0:00:41    time: 0.0409  data: 0.0000  max mem: 2691
      Evaluation: [1100/1978]  eta: 0:00:37    time: 0.0434  data: 0.0000  max mem: 2691
      Evaluation: [1200/1978]  eta: 0:00:33    time: 0.0429  data: 0.0000  max mem: 2691
      Evaluation: [1300/1978]  eta: 0:00:28    time: 0.0415  data: 0.0000  max mem: 2691
      Evaluation: [1400/1978]  eta: 0:00:24    time: 0.0428  data: 0.0000  max mem: 2691
      Evaluation: [1500/1978]  eta: 0:00:20    time: 0.0437  data: 0.0000  max mem: 2691
      Evaluation: [1600/1978]  eta: 0:00:16    time: 0.0442  data: 0.0000  max mem: 2691
      Evaluation: [1700/1978]  eta: 0:00:11    time: 0.0444  data: 0.0000  max mem: 2691
      Evaluation: [1800/1978]  eta: 0:00:07    time: 0.0445  data: 0.0000  max mem: 2691
      Evaluation: [1900/1978]  eta: 0:00:03    time: 0.0439  data: 0.0000  max mem: 2691
      Evaluation: [1977/1978]  eta: 0:00:00    time: 0.0432  data: 0.0000  max mem: 2691
      Evaluation: Total time: 0:01:24 (0.0427 s / it)
     Computing matching score time 0:01:24
### TTA ITM Score: 
+-------------------+--------+--------+--------+--------+--------+
|       epoch       |   R1   |   R5   |  R10   |  mAP   |  mINP  |
+-------------------+--------+--------+--------+--------+--------+
|        -999       | 69.414 | 95.197 | 97.776 | 81.233 | 81.233 |
|        -999       | 84.277 | 99.039 | 99.596 | 91.276 | 91.276 |
|  cos_sim_wo/norm  | 58.544 | 91.860 | 95.703 | 73.596 | 73.596 |
|        -999       | 69.414 | 95.197 | 97.776 | 81.233 | 81.233 |
| itm_score_wo/norm | 84.328 | 98.989 | 99.494 | 91.293 | 91.293 |
|        -999       | 84.277 | 99.039 | 99.596 | 91.276 | 91.276 |
|         0         | 84.530 | 99.039 | 99.596 | 91.401 | 91.401 |
|         1         | 84.681 | 98.989 | 99.596 | 91.465 | 91.465 |
|         2         | 84.833 | 98.938 | 99.545 | 91.512 | 91.512 |
|         4         | 84.631 | 98.787 | 99.494 | 91.335 | 91.335 |
|         9         | 84.580 | 98.635 | 99.141 | 91.264 | 91.264 |
|         14        | 84.580 | 98.736 | 99.191 | 91.297 | 91.297 |
+-------------------+--------+--------+--------+--------+--------+
     logs:  {'epo': 14, 'R1': np.float32(84.58), 'R5': np.float32(98.736), 'R10': np.float32(99.191), 'mAP': np.float32(91.297), 'mINP': np.float32(91.297), 'entropy': 0.102047, 'uncertainty': 1.0, 'uncertainty_coeffi': 1.0, 'loss': 0.102047, 'lr': 8.5e-05}
      TTA Epoch: [15] [ 0/78]  eta: 0:00:35  entropy: 0.0618  uncertainty: 1.0000  uncertainty_coeffi: 1.0000  loss: 0.0618  lr: 0.000084  time: 0.4514  data: 0.4001  max mem: 2691
      TTA Epoch: [15] [77/78]  eta: 0:00:00  entropy: 0.0965  uncertainty: 1.0000  uncertainty_coeffi: 1.0000  loss: 0.0965  lr: 0.000082  time: 0.0351  data: 0.0001  max mem: 2691
      TTA Epoch: [15] Total time: 0:00:03 (0.0429 s / it)
     Averaged stats: entropy: 0.0947  uncertainty: 1.0000  uncertainty_coeffi: 1.0000  loss: 0.0947  lr: 0.0001
     itm tta time 0:00:03
      TTA Epoch: [16] [ 0/78]  eta: 0:00:35  entropy: 0.0245  uncertainty: 1.0000  uncertainty_coeffi: 1.0000  loss: 0.0245  lr: 0.000082  time: 0.4520  data: 0.4010  max mem: 2691
      TTA Epoch: [16] [77/78]  eta: 0:00:00  entropy: 0.2138  uncertainty: 1.0000  uncertainty_coeffi: 1.0000  loss: 0.2138  lr: 0.000081  time: 0.0339  data: 0.0001  max mem: 2691
      TTA Epoch: [16] Total time: 0:00:03 (0.0414 s / it)
     Averaged stats: entropy: 0.0962  uncertainty: 1.0000  uncertainty_coeffi: 1.0000  loss: 0.0962  lr: 0.0001
     itm tta time 0:00:03
      TTA Epoch: [17] [ 0/78]  eta: 0:00:34  entropy: 0.1464  uncertainty: 1.0000  uncertainty_coeffi: 1.0000  loss: 0.1464  lr: 0.000080  time: 0.4475  data: 0.3955  max mem: 2691
      TTA Epoch: [17] [77/78]  eta: 0:00:00  entropy: 0.0438  uncertainty: 1.0000  uncertainty_coeffi: 1.0000  loss: 0.0438  lr: 0.000079  time: 0.0353  data: 0.0002  max mem: 2691
      TTA Epoch: [17] Total time: 0:00:03 (0.0429 s / it)
     Averaged stats: entropy: 0.0839  uncertainty: 1.0000  uncertainty_coeffi: 1.0000  loss: 0.0839  lr: 0.0001
     itm tta time 0:00:03
      TTA Epoch: [18] [ 0/78]  eta: 0:00:36  entropy: 0.0485  uncertainty: 1.0000  uncertainty_coeffi: 1.0000  loss: 0.0485  lr: 0.000079  time: 0.4666  data: 0.4148  max mem: 2691
      TTA Epoch: [18] [77/78]  eta: 0:00:00  entropy: 0.1281  uncertainty: 1.0000  uncertainty_coeffi: 1.0000  loss: 0.1281  lr: 0.000077  time: 0.0348  data: 0.0001  max mem: 2691
      TTA Epoch: [18] Total time: 0:00:03 (0.0427 s / it)
     Averaged stats: entropy: 0.0865  uncertainty: 1.0000  uncertainty_coeffi: 1.0000  loss: 0.0865  lr: 0.0001
     itm tta time 0:00:03
      TTA Epoch: [19] [ 0/78]  eta: 0:00:35  entropy: 0.0313  uncertainty: 1.0000  uncertainty_coeffi: 1.0000  loss: 0.0313  lr: 0.000077  time: 0.4610  data: 0.4111  max mem: 2691
      TTA Epoch: [19] [77/78]  eta: 0:00:00  entropy: 0.0830  uncertainty: 1.0000  uncertainty_coeffi: 1.0000  loss: 0.0830  lr: 0.000075  time: 0.0338  data: 0.0001  max mem: 2691
      TTA Epoch: [19] Total time: 0:00:03 (0.0414 s / it)
     Averaged stats: entropy: 0.0782  uncertainty: 1.0000  uncertainty_coeffi: 1.0000  loss: 0.0782  lr: 0.0001
     itm tta time 0:00:03
     Computing matching score
      Evaluation: [   0/1978]  eta: 0:01:53    time: 0.0573  data: 0.0034  max mem: 2691
      Evaluation: [ 100/1978]  eta: 0:01:20    time: 0.0423  data: 0.0000  max mem: 2691
      Evaluation: [ 200/1978]  eta: 0:01:15    time: 0.0424  data: 0.0000  max mem: 2691
      Evaluation: [ 300/1978]  eta: 0:01:10    time: 0.0418  data: 0.0000  max mem: 2691
      Evaluation: [ 400/1978]  eta: 0:01:06    time: 0.0435  data: 0.0000  max mem: 2691
      Evaluation: [ 500/1978]  eta: 0:01:02    time: 0.0412  data: 0.0000  max mem: 2691
      Evaluation: [ 600/1978]  eta: 0:00:57    time: 0.0414  data: 0.0000  max mem: 2691
      Evaluation: [ 700/1978]  eta: 0:00:53    time: 0.0423  data: 0.0000  max mem: 2691
      Evaluation: [ 800/1978]  eta: 0:00:49    time: 0.0430  data: 0.0000  max mem: 2691
      Evaluation: [ 900/1978]  eta: 0:00:45    time: 0.0407  data: 0.0000  max mem: 2691
      Evaluation: [1000/1978]  eta: 0:00:41    time: 0.0433  data: 0.0000  max mem: 2691
      Evaluation: [1100/1978]  eta: 0:00:36    time: 0.0404  data: 0.0000  max mem: 2691
      Evaluation: [1200/1978]  eta: 0:00:32    time: 0.0415  data: 0.0000  max mem: 2691
      Evaluation: [1300/1978]  eta: 0:00:28    time: 0.0423  data: 0.0000  max mem: 2691
      Evaluation: [1400/1978]  eta: 0:00:24    time: 0.0429  data: 0.0000  max mem: 2691
      Evaluation: [1500/1978]  eta: 0:00:20    time: 0.0437  data: 0.0000  max mem: 2691
      Evaluation: [1600/1978]  eta: 0:00:15    time: 0.0421  data: 0.0000  max mem: 2691
      Evaluation: [1700/1978]  eta: 0:00:11    time: 0.0435  data: 0.0000  max mem: 2691
      Evaluation: [1800/1978]  eta: 0:00:07    time: 0.0443  data: 0.0000  max mem: 2691
      Evaluation: [1900/1978]  eta: 0:00:03    time: 0.0410  data: 0.0000  max mem: 2691
      Evaluation: [1977/1978]  eta: 0:00:00    time: 0.0411  data: 0.0000  max mem: 2691
      Evaluation: Total time: 0:01:23 (0.0423 s / it)
     Computing matching score time 0:01:23
### TTA ITM Score: 
+-------------------+--------+--------+--------+--------+--------+
|       epoch       |   R1   |   R5   |  R10   |  mAP   |  mINP  |
+-------------------+--------+--------+--------+--------+--------+
|        -999       | 69.414 | 95.197 | 97.776 | 81.233 | 81.233 |
|        -999       | 84.277 | 99.039 | 99.596 | 91.276 | 91.276 |
|  cos_sim_wo/norm  | 58.544 | 91.860 | 95.703 | 73.596 | 73.596 |
|        -999       | 69.414 | 95.197 | 97.776 | 81.233 | 81.233 |
| itm_score_wo/norm | 84.328 | 98.989 | 99.494 | 91.293 | 91.293 |
|        -999       | 84.277 | 99.039 | 99.596 | 91.276 | 91.276 |
|         0         | 84.530 | 99.039 | 99.596 | 91.401 | 91.401 |
|         1         | 84.681 | 98.989 | 99.596 | 91.465 | 91.465 |
|         2         | 84.833 | 98.938 | 99.545 | 91.512 | 91.512 |
|         4         | 84.631 | 98.787 | 99.494 | 91.335 | 91.335 |
|         9         | 84.580 | 98.635 | 99.141 | 91.264 | 91.264 |
|         14        | 84.580 | 98.736 | 99.191 | 91.297 | 91.297 |
|         19        | 84.580 | 98.686 | 99.393 | 91.324 | 91.324 |
+-------------------+--------+--------+--------+--------+--------+
     logs:  {'epo': 19, 'R1': np.float32(84.58), 'R5': np.float32(98.686), 'R10': np.float32(99.393), 'mAP': np.float32(91.324), 'mINP': np.float32(91.324), 'entropy': 0.078157, 'uncertainty': 1.0, 'uncertainty_coeffi': 1.0, 'loss': 0.078157, 'lr': 7.6e-05}
      TTA Epoch: [20] [ 0/78]  eta: 0:00:39  entropy: 0.1170  uncertainty: 1.0000  uncertainty_coeffi: 1.0000  loss: 0.1170  lr: 0.000075  time: 0.5113  data: 0.4561  max mem: 2691
      TTA Epoch: [20] [77/78]  eta: 0:00:00  entropy: 0.0780  uncertainty: 1.0000  uncertainty_coeffi: 1.0000  loss: 0.0780  lr: 0.000073  time: 0.0356  data: 0.0001  max mem: 2691
      TTA Epoch: [20] Total time: 0:00:03 (0.0447 s / it)
     Averaged stats: entropy: 0.0821  uncertainty: 1.0000  uncertainty_coeffi: 1.0000  loss: 0.0821  lr: 0.0001
     itm tta time 0:00:03
      TTA Epoch: [21] [ 0/78]  eta: 0:00:38  entropy: 0.0702  uncertainty: 1.0000  uncertainty_coeffi: 1.0000  loss: 0.0702  lr: 0.000073  time: 0.4918  data: 0.4341  max mem: 2691
      TTA Epoch: [21] [77/78]  eta: 0:00:00  entropy: 0.0841  uncertainty: 1.0000  uncertainty_coeffi: 1.0000  loss: 0.0841  lr: 0.000071  time: 0.0364  data: 0.0001  max mem: 2691
      TTA Epoch: [21] Total time: 0:00:03 (0.0449 s / it)
     Averaged stats: entropy: 0.0736  uncertainty: 1.0000  uncertainty_coeffi: 1.0000  loss: 0.0736  lr: 0.0001
     itm tta time 0:00:03
      TTA Epoch: [22] [ 0/78]  eta: 0:00:39  entropy: 0.0480  uncertainty: 1.0000  uncertainty_coeffi: 1.0000  loss: 0.0480  lr: 0.000071  time: 0.5087  data: 0.4529  max mem: 2691
      TTA Epoch: [22] [77/78]  eta: 0:00:00  entropy: 0.0476  uncertainty: 1.0000  uncertainty_coeffi: 1.0000  loss: 0.0476  lr: 0.000069  time: 0.0371  data: 0.0002  max mem: 2691
      TTA Epoch: [22] Total time: 0:00:03 (0.0455 s / it)
     Averaged stats: entropy: 0.0693  uncertainty: 1.0000  uncertainty_coeffi: 1.0000  loss: 0.0693  lr: 0.0001
     itm tta time 0:00:03
      TTA Epoch: [23] [ 0/78]  eta: 0:00:41  entropy: 0.0627  uncertainty: 1.0000  uncertainty_coeffi: 1.0000  loss: 0.0627  lr: 0.000069  time: 0.5324  data: 0.4715  max mem: 2691
      TTA Epoch: [23] [77/78]  eta: 0:00:00  entropy: 0.0529  uncertainty: 1.0000  uncertainty_coeffi: 1.0000  loss: 0.0529  lr: 0.000068  time: 0.0352  data: 0.0001  max mem: 2691
      TTA Epoch: [23] Total time: 0:00:03 (0.0443 s / it)
     Averaged stats: entropy: 0.0764  uncertainty: 1.0000  uncertainty_coeffi: 1.0000  loss: 0.0764  lr: 0.0001
     itm tta time 0:00:03
      TTA Epoch: [24] [ 0/78]  eta: 0:00:35  entropy: 0.0324  uncertainty: 1.0000  uncertainty_coeffi: 1.0000  loss: 0.0324  lr: 0.000068  time: 0.4578  data: 0.4077  max mem: 2691
      TTA Epoch: [24] [77/78]  eta: 0:00:00  entropy: 0.1313  uncertainty: 1.0000  uncertainty_coeffi: 1.0000  loss: 0.1313  lr: 0.000066  time: 0.0368  data: 0.0001  max mem: 2691
      TTA Epoch: [24] Total time: 0:00:03 (0.0446 s / it)
     Averaged stats: entropy: 0.0739  uncertainty: 1.0000  uncertainty_coeffi: 1.0000  loss: 0.0739  lr: 0.0001
     itm tta time 0:00:03
      TTA Epoch: [25] [ 0/78]  eta: 0:00:37  entropy: 0.0415  uncertainty: 1.0000  uncertainty_coeffi: 1.0000  loss: 0.0415  lr: 0.000066  time: 0.4786  data: 0.4262  max mem: 2691
      TTA Epoch: [25] [77/78]  eta: 0:00:00  entropy: 0.0508  uncertainty: 1.0000  uncertainty_coeffi: 1.0000  loss: 0.0508  lr: 0.000032  time: 0.0356  data: 0.0001  max mem: 2691
      TTA Epoch: [25] Total time: 0:00:03 (0.0441 s / it)
     Averaged stats: entropy: 0.0679  uncertainty: 1.0000  uncertainty_coeffi: 1.0000  loss: 0.0679  lr: 0.0001
     itm tta time 0:00:03
      TTA Epoch: [26] [ 0/78]  eta: 0:00:36  entropy: 0.0481  uncertainty: 1.0000  uncertainty_coeffi: 1.0000  loss: 0.0481  lr: 0.000032  time: 0.4675  data: 0.4164  max mem: 2691
      TTA Epoch: [26] [77/78]  eta: 0:00:00  entropy: 0.0807  uncertainty: 1.0000  uncertainty_coeffi: 1.0000  loss: 0.0807  lr: 0.000031  time: 0.0347  data: 0.0001  max mem: 2691
      TTA Epoch: [26] Total time: 0:00:03 (0.0430 s / it)
     Averaged stats: entropy: 0.0688  uncertainty: 1.0000  uncertainty_coeffi: 1.0000  loss: 0.0688  lr: 0.0000
     itm tta time 0:00:03
      TTA Epoch: [27] [ 0/78]  eta: 0:00:35  entropy: 0.0750  uncertainty: 1.0000  uncertainty_coeffi: 1.0000  loss: 0.0750  lr: 0.000031  time: 0.4504  data: 0.4007  max mem: 2691
      TTA Epoch: [27] [77/78]  eta: 0:00:00  entropy: 0.1243  uncertainty: 1.0000  uncertainty_coeffi: 1.0000  loss: 0.1243  lr: 0.000030  time: 0.0342  data: 0.0001  max mem: 2691
      TTA Epoch: [27] Total time: 0:00:03 (0.0429 s / it)
     Averaged stats: entropy: 0.0642  uncertainty: 1.0000  uncertainty_coeffi: 1.0000  loss: 0.0642  lr: 0.0000
     itm tta time 0:00:03
      TTA Epoch: [28] [ 0/78]  eta: 0:00:38  entropy: 0.0759  uncertainty: 1.0000  uncertainty_coeffi: 1.0000  loss: 0.0759  lr: 0.000030  time: 0.4895  data: 0.4110  max mem: 2691
      TTA Epoch: [28] [77/78]  eta: 0:00:00  entropy: 0.1082  uncertainty: 1.0000  uncertainty_coeffi: 1.0000  loss: 0.1082  lr: 0.000029  time: 0.0344  data: 0.0001  max mem: 2691
      TTA Epoch: [28] Total time: 0:00:03 (0.0432 s / it)
     Averaged stats: entropy: 0.0639  uncertainty: 1.0000  uncertainty_coeffi: 1.0000  loss: 0.0639  lr: 0.0000
     itm tta time 0:00:03
      TTA Epoch: [29] [ 0/78]  eta: 0:00:35  entropy: 0.0588  uncertainty: 1.0000  uncertainty_coeffi: 1.0000  loss: 0.0588  lr: 0.000029  time: 0.4508  data: 0.4008  max mem: 2691
      TTA Epoch: [29] [77/78]  eta: 0:00:00  entropy: 0.0590  uncertainty: 1.0000  uncertainty_coeffi: 1.0000  loss: 0.0590  lr: 0.000028  time: 0.0352  data: 0.0002  max mem: 2691
      TTA Epoch: [29] Total time: 0:00:03 (0.0433 s / it)
     Averaged stats: entropy: 0.0688  uncertainty: 1.0000  uncertainty_coeffi: 1.0000  loss: 0.0688  lr: 0.0000
     itm tta time 0:00:03
     Computing matching score
      Evaluation: [   0/1978]  eta: 0:01:47    time: 0.0543  data: 0.0033  max mem: 2691
      Evaluation: [ 100/1978]  eta: 0:01:22    time: 0.0428  data: 0.0000  max mem: 2691
      Evaluation: [ 200/1978]  eta: 0:01:16    time: 0.0434  data: 0.0000  max mem: 2691
      Evaluation: [ 300/1978]  eta: 0:01:12    time: 0.0501  data: 0.0000  max mem: 2691
      Evaluation: [ 400/1978]  eta: 0:01:09    time: 0.0425  data: 0.0000  max mem: 2691
      Evaluation: [ 500/1978]  eta: 0:01:05    time: 0.0418  data: 0.0000  max mem: 2691
      Evaluation: [ 600/1978]  eta: 0:01:00    time: 0.0411  data: 0.0000  max mem: 2691
      Evaluation: [ 700/1978]  eta: 0:00:55    time: 0.0426  data: 0.0000  max mem: 2691
      Evaluation: [ 800/1978]  eta: 0:00:51    time: 0.0439  data: 0.0000  max mem: 2691
      Evaluation: [ 900/1978]  eta: 0:00:46    time: 0.0419  data: 0.0000  max mem: 2691
      Evaluation: [1000/1978]  eta: 0:00:42    time: 0.0422  data: 0.0000  max mem: 2691
      Evaluation: [1100/1978]  eta: 0:00:37    time: 0.0436  data: 0.0000  max mem: 2691
      Evaluation: [1200/1978]  eta: 0:00:33    time: 0.0420  data: 0.0000  max mem: 2691
      Evaluation: [1300/1978]  eta: 0:00:29    time: 0.0435  data: 0.0000  max mem: 2691
      Evaluation: [1400/1978]  eta: 0:00:24    time: 0.0458  data: 0.0000  max mem: 2691
      Evaluation: [1500/1978]  eta: 0:00:20    time: 0.0446  data: 0.0000  max mem: 2691
      Evaluation: [1600/1978]  eta: 0:00:16    time: 0.0431  data: 0.0000  max mem: 2691
      Evaluation: [1700/1978]  eta: 0:00:12    time: 0.0453  data: 0.0000  max mem: 2691
      Evaluation: [1800/1978]  eta: 0:00:07    time: 0.0440  data: 0.0000  max mem: 2691
      Evaluation: [1900/1978]  eta: 0:00:03    time: 0.0469  data: 0.0000  max mem: 2691
      Evaluation: [1977/1978]  eta: 0:00:00    time: 0.0445  data: 0.0000  max mem: 2691
      Evaluation: Total time: 0:01:26 (0.0435 s / it)
     Computing matching score time 0:01:26
### TTA ITM Score: 
+-------------------+--------+--------+--------+--------+--------+
|       epoch       |   R1   |   R5   |  R10   |  mAP   |  mINP  |
+-------------------+--------+--------+--------+--------+--------+
|        -999       | 69.414 | 95.197 | 97.776 | 81.233 | 81.233 |
|        -999       | 84.277 | 99.039 | 99.596 | 91.276 | 91.276 |
|  cos_sim_wo/norm  | 58.544 | 91.860 | 95.703 | 73.596 | 73.596 |
|        -999       | 69.414 | 95.197 | 97.776 | 81.233 | 81.233 |
| itm_score_wo/norm | 84.328 | 98.989 | 99.494 | 91.293 | 91.293 |
|        -999       | 84.277 | 99.039 | 99.596 | 91.276 | 91.276 |
|         0         | 84.530 | 99.039 | 99.596 | 91.401 | 91.401 |
|         1         | 84.681 | 98.989 | 99.596 | 91.465 | 91.465 |
|         2         | 84.833 | 98.938 | 99.545 | 91.512 | 91.512 |
|         4         | 84.631 | 98.787 | 99.494 | 91.335 | 91.335 |
|         9         | 84.580 | 98.635 | 99.141 | 91.264 | 91.264 |
|         14        | 84.580 | 98.736 | 99.191 | 91.297 | 91.297 |
|         19        | 84.580 | 98.686 | 99.393 | 91.324 | 91.324 |
|         29        | 84.833 | 98.736 | 99.393 | 91.466 | 91.466 |
+-------------------+--------+--------+--------+--------+--------+
     logs:  {'epo': 29, 'R1': np.float32(84.833), 'R5': np.float32(98.736), 'R10': np.float32(99.393), 'mAP': np.float32(91.466), 'mINP': np.float32(91.466), 'entropy': 0.068807, 'uncertainty': 1.0, 'uncertainty_coeffi': 1.0, 'loss': 0.068807, 'lr': 2.9e-05}
      TTA Epoch: [30] [ 0/78]  eta: 0:00:44  entropy: 0.0111  uncertainty: 1.0000  uncertainty_coeffi: 1.0000  loss: 0.0111  lr: 0.000028  time: 0.5667  data: 0.5112  max mem: 2691
      TTA Epoch: [30] [77/78]  eta: 0:00:00  entropy: 0.0740  uncertainty: 1.0000  uncertainty_coeffi: 1.0000  loss: 0.0740  lr: 0.000027  time: 0.0351  data: 0.0002  max mem: 2691
      TTA Epoch: [30] Total time: 0:00:03 (0.0439 s / it)
     Averaged stats: entropy: 0.0663  uncertainty: 1.0000  uncertainty_coeffi: 1.0000  loss: 0.0663  lr: 0.0000
     itm tta time 0:00:03
      TTA Epoch: [31] [ 0/78]  eta: 0:00:39  entropy: 0.0225  uncertainty: 1.0000  uncertainty_coeffi: 1.0000  loss: 0.0225  lr: 0.000027  time: 0.5118  data: 0.4596  max mem: 2691
      TTA Epoch: [31] [77/78]  eta: 0:00:00  entropy: 0.0374  uncertainty: 1.0000  uncertainty_coeffi: 1.0000  loss: 0.0374  lr: 0.000026  time: 0.0413  data: 0.0059  max mem: 2691
      TTA Epoch: [31] Total time: 0:00:03 (0.0464 s / it)
     Averaged stats: entropy: 0.0670  uncertainty: 1.0000  uncertainty_coeffi: 1.0000  loss: 0.0670  lr: 0.0000
     itm tta time 0:00:03
      TTA Epoch: [32] [ 0/78]  eta: 0:00:39  entropy: 0.0842  uncertainty: 1.0000  uncertainty_coeffi: 1.0000  loss: 0.0842  lr: 0.000026  time: 0.5037  data: 0.4534  max mem: 2691
      TTA Epoch: [32] [77/78]  eta: 0:00:00  entropy: 0.0665  uncertainty: 1.0000  uncertainty_coeffi: 1.0000  loss: 0.0665  lr: 0.000026  time: 0.0361  data: 0.0006  max mem: 2691
      TTA Epoch: [32] Total time: 0:00:03 (0.0471 s / it)
     Averaged stats: entropy: 0.0560  uncertainty: 1.0000  uncertainty_coeffi: 1.0000  loss: 0.0560  lr: 0.0000
     itm tta time 0:00:03
      TTA Epoch: [33] [ 0/78]  eta: 0:00:34  entropy: 0.0668  uncertainty: 1.0000  uncertainty_coeffi: 1.0000  loss: 0.0668  lr: 0.000026  time: 0.4463  data: 0.3955  max mem: 2691
      TTA Epoch: [33] [77/78]  eta: 0:00:00  entropy: 0.0715  uncertainty: 1.0000  uncertainty_coeffi: 1.0000  loss: 0.0715  lr: 0.000025  time: 0.0346  data: 0.0001  max mem: 2691
      TTA Epoch: [33] Total time: 0:00:03 (0.0430 s / it)
     Averaged stats: entropy: 0.0619  uncertainty: 1.0000  uncertainty_coeffi: 1.0000  loss: 0.0619  lr: 0.0000
     itm tta time 0:00:03
      TTA Epoch: [34] [ 0/78]  eta: 0:00:36  entropy: 0.0679  uncertainty: 1.0000  uncertainty_coeffi: 1.0000  loss: 0.0679  lr: 0.000025  time: 0.4655  data: 0.4125  max mem: 2691
      TTA Epoch: [34] [77/78]  eta: 0:00:00  entropy: 0.0376  uncertainty: 1.0000  uncertainty_coeffi: 1.0000  loss: 0.0376  lr: 0.000024  time: 0.0355  data: 0.0002  max mem: 2691
      TTA Epoch: [34] Total time: 0:00:03 (0.0436 s / it)
     Averaged stats: entropy: 0.0603  uncertainty: 1.0000  uncertainty_coeffi: 1.0000  loss: 0.0603  lr: 0.0000
     itm tta time 0:00:03
      TTA Epoch: [35] [ 0/78]  eta: 0:00:41  entropy: 0.1649  uncertainty: 1.0000  uncertainty_coeffi: 1.0000  loss: 0.1649  lr: 0.000024  time: 0.5311  data: 0.4778  max mem: 2691
      TTA Epoch: [35] [77/78]  eta: 0:00:00  entropy: 0.0497  uncertainty: 1.0000  uncertainty_coeffi: 1.0000  loss: 0.0497  lr: 0.000023  time: 0.0361  data: 0.0001  max mem: 2691
      TTA Epoch: [35] Total time: 0:00:03 (0.0479 s / it)
     Averaged stats: entropy: 0.0638  uncertainty: 1.0000  uncertainty_coeffi: 1.0000  loss: 0.0638  lr: 0.0000
     itm tta time 0:00:03
      TTA Epoch: [36] [ 0/78]  eta: 0:00:43  entropy: 0.0179  uncertainty: 1.0000  uncertainty_coeffi: 1.0000  loss: 0.0179  lr: 0.000023  time: 0.5625  data: 0.5007  max mem: 2691
      TTA Epoch: [36] [77/78]  eta: 0:00:00  entropy: 0.0188  uncertainty: 1.0000  uncertainty_coeffi: 1.0000  loss: 0.0188  lr: 0.000022  time: 0.0353  data: 0.0001  max mem: 2691
      TTA Epoch: [36] Total time: 0:00:03 (0.0455 s / it)
     Averaged stats: entropy: 0.0561  uncertainty: 1.0000  uncertainty_coeffi: 1.0000  loss: 0.0561  lr: 0.0000
     itm tta time 0:00:03
      TTA Epoch: [37] [ 0/78]  eta: 0:00:37  entropy: 0.1131  uncertainty: 1.0000  uncertainty_coeffi: 1.0000  loss: 0.1131  lr: 0.000022  time: 0.4767  data: 0.4232  max mem: 2691
      TTA Epoch: [37] [77/78]  eta: 0:00:00  entropy: 0.0707  uncertainty: 1.0000  uncertainty_coeffi: 1.0000  loss: 0.0707  lr: 0.000021  time: 0.0366  data: 0.0001  max mem: 2691
      TTA Epoch: [37] Total time: 0:00:03 (0.0441 s / it)
     Averaged stats: entropy: 0.0624  uncertainty: 1.0000  uncertainty_coeffi: 1.0000  loss: 0.0624  lr: 0.0000
     itm tta time 0:00:03
      TTA Epoch: [38] [ 0/78]  eta: 0:00:36  entropy: 0.0505  uncertainty: 1.0000  uncertainty_coeffi: 1.0000  loss: 0.0505  lr: 0.000021  time: 0.4720  data: 0.4215  max mem: 2691
      TTA Epoch: [38] [77/78]  eta: 0:00:00  entropy: 0.0563  uncertainty: 1.0000  uncertainty_coeffi: 1.0000  loss: 0.0563  lr: 0.000020  time: 0.0377  data: 0.0002  max mem: 2691
      TTA Epoch: [38] Total time: 0:00:03 (0.0444 s / it)
     Averaged stats: entropy: 0.0586  uncertainty: 1.0000  uncertainty_coeffi: 1.0000  loss: 0.0586  lr: 0.0000
     itm tta time 0:00:03
      TTA Epoch: [39] [ 0/78]  eta: 0:00:37  entropy: 0.0982  uncertainty: 1.0000  uncertainty_coeffi: 1.0000  loss: 0.0982  lr: 0.000020  time: 0.4763  data: 0.4068  max mem: 2691
      TTA Epoch: [39] [77/78]  eta: 0:00:00  entropy: 0.0473  uncertainty: 1.0000  uncertainty_coeffi: 1.0000  loss: 0.0473  lr: 0.000019  time: 0.0341  data: 0.0001  max mem: 2691
      TTA Epoch: [39] Total time: 0:00:03 (0.0421 s / it)
     Averaged stats: entropy: 0.0619  uncertainty: 1.0000  uncertainty_coeffi: 1.0000  loss: 0.0619  lr: 0.0000
     itm tta time 0:00:03
     Computing matching score
      Evaluation: [   0/1978]  eta: 0:01:29    time: 0.0453  data: 0.0033  max mem: 2691
      Evaluation: [ 100/1978]  eta: 0:01:21    time: 0.0434  data: 0.0000  max mem: 2691
      Evaluation: [ 200/1978]  eta: 0:01:16    time: 0.0445  data: 0.0000  max mem: 2691
      Evaluation: [ 300/1978]  eta: 0:01:11    time: 0.0421  data: 0.0000  max mem: 2691
      Evaluation: [ 400/1978]  eta: 0:01:07    time: 0.0437  data: 0.0000  max mem: 2691
      Evaluation: [ 500/1978]  eta: 0:01:02    time: 0.0426  data: 0.0000  max mem: 2691
      Evaluation: [ 600/1978]  eta: 0:00:58    time: 0.0418  data: 0.0000  max mem: 2691
      Evaluation: [ 700/1978]  eta: 0:00:54    time: 0.0461  data: 0.0000  max mem: 2691
      Evaluation: [ 800/1978]  eta: 0:00:50    time: 0.0421  data: 0.0000  max mem: 2691
      Evaluation: [ 900/1978]  eta: 0:00:46    time: 0.0456  data: 0.0000  max mem: 2691
      Evaluation: [1000/1978]  eta: 0:00:42    time: 0.0427  data: 0.0000  max mem: 2691
      Evaluation: [1100/1978]  eta: 0:00:38    time: 0.0445  data: 0.0000  max mem: 2691
      Evaluation: [1200/1978]  eta: 0:00:33    time: 0.0434  data: 0.0000  max mem: 2691
      Evaluation: [1300/1978]  eta: 0:00:29    time: 0.0430  data: 0.0000  max mem: 2691
      Evaluation: [1400/1978]  eta: 0:00:24    time: 0.0419  data: 0.0000  max mem: 2691
      Evaluation: [1500/1978]  eta: 0:00:20    time: 0.0438  data: 0.0000  max mem: 2691
      Evaluation: [1600/1978]  eta: 0:00:16    time: 0.0438  data: 0.0000  max mem: 2691
      Evaluation: [1700/1978]  eta: 0:00:12    time: 0.0434  data: 0.0000  max mem: 2691
      Evaluation: [1800/1978]  eta: 0:00:07    time: 0.0415  data: 0.0000  max mem: 2691
      Evaluation: [1900/1978]  eta: 0:00:03    time: 0.0421  data: 0.0000  max mem: 2691
      Evaluation: [1977/1978]  eta: 0:00:00    time: 0.0416  data: 0.0000  max mem: 2691
      Evaluation: Total time: 0:01:25 (0.0432 s / it)
     Computing matching score time 0:01:25
### TTA ITM Score: 
+-------------------+--------+--------+--------+--------+--------+
|       epoch       |   R1   |   R5   |  R10   |  mAP   |  mINP  |
+-------------------+--------+--------+--------+--------+--------+
|        -999       | 69.414 | 95.197 | 97.776 | 81.233 | 81.233 |
|        -999       | 84.277 | 99.039 | 99.596 | 91.276 | 91.276 |
|  cos_sim_wo/norm  | 58.544 | 91.860 | 95.703 | 73.596 | 73.596 |
|        -999       | 69.414 | 95.197 | 97.776 | 81.233 | 81.233 |
| itm_score_wo/norm | 84.328 | 98.989 | 99.494 | 91.293 | 91.293 |
|        -999       | 84.277 | 99.039 | 99.596 | 91.276 | 91.276 |
|         0         | 84.530 | 99.039 | 99.596 | 91.401 | 91.401 |
|         1         | 84.681 | 98.989 | 99.596 | 91.465 | 91.465 |
|         2         | 84.833 | 98.938 | 99.545 | 91.512 | 91.512 |
|         4         | 84.631 | 98.787 | 99.494 | 91.335 | 91.335 |
|         9         | 84.580 | 98.635 | 99.141 | 91.264 | 91.264 |
|         14        | 84.580 | 98.736 | 99.191 | 91.297 | 91.297 |
|         19        | 84.580 | 98.686 | 99.393 | 91.324 | 91.324 |
|         29        | 84.833 | 98.736 | 99.393 | 91.466 | 91.466 |
|         39        | 84.833 | 98.787 | 99.393 | 91.449 | 91.449 |
+-------------------+--------+--------+--------+--------+--------+
     logs:  {'epo': 39, 'R1': np.float32(84.833), 'R5': np.float32(98.787), 'R10': np.float32(99.393), 'mAP': np.float32(91.449), 'mINP': np.float32(91.449), 'entropy': 0.061891, 'uncertainty': 1.0, 'uncertainty_coeffi': 1.0, 'loss': 0.061891, 'lr': 2e-05}
      TTA Epoch: [40] [ 0/78]  eta: 0:00:35  entropy: 0.0741  uncertainty: 1.0000  uncertainty_coeffi: 1.0000  loss: 0.0741  lr: 0.000019  time: 0.4508  data: 0.4004  max mem: 2691
      TTA Epoch: [40] [77/78]  eta: 0:00:00  entropy: 0.0045  uncertainty: 1.0000  uncertainty_coeffi: 1.0000  loss: 0.0045  lr: 0.000018  time: 0.0340  data: 0.0002  max mem: 2691
      TTA Epoch: [40] Total time: 0:00:03 (0.0415 s / it)
     Averaged stats: entropy: 0.0610  uncertainty: 1.0000  uncertainty_coeffi: 1.0000  loss: 0.0610  lr: 0.0000
     itm tta time 0:00:03
      TTA Epoch: [41] [ 0/78]  eta: 0:00:35  entropy: 0.0638  uncertainty: 1.0000  uncertainty_coeffi: 1.0000  loss: 0.0638  lr: 0.000018  time: 0.4581  data: 0.4074  max mem: 2691
      TTA Epoch: [41] [77/78]  eta: 0:00:00  entropy: 0.0459  uncertainty: 1.0000  uncertainty_coeffi: 1.0000  loss: 0.0459  lr: 0.000017  time: 0.0335  data: 0.0001  max mem: 2691
      TTA Epoch: [41] Total time: 0:00:03 (0.0416 s / it)
     Averaged stats: entropy: 0.0592  uncertainty: 1.0000  uncertainty_coeffi: 1.0000  loss: 0.0592  lr: 0.0000
     itm tta time 0:00:03
      TTA Epoch: [42] [ 0/78]  eta: 0:00:35  entropy: 0.1036  uncertainty: 1.0000  uncertainty_coeffi: 1.0000  loss: 0.1036  lr: 0.000017  time: 0.4578  data: 0.3956  max mem: 2691
      TTA Epoch: [42] [77/78]  eta: 0:00:00  entropy: 0.0146  uncertainty: 1.0000  uncertainty_coeffi: 1.0000  loss: 0.0146  lr: 0.000016  time: 0.0345  data: 0.0001  max mem: 2691
      TTA Epoch: [42] Total time: 0:00:03 (0.0416 s / it)
     Averaged stats: entropy: 0.0591  uncertainty: 1.0000  uncertainty_coeffi: 1.0000  loss: 0.0591  lr: 0.0000
     itm tta time 0:00:03
      TTA Epoch: [43] [ 0/78]  eta: 0:00:35  entropy: 0.0672  uncertainty: 1.0000  uncertainty_coeffi: 1.0000  loss: 0.0672  lr: 0.000016  time: 0.4556  data: 0.4054  max mem: 2691
      TTA Epoch: [43] [77/78]  eta: 0:00:00  entropy: 0.0814  uncertainty: 1.0000  uncertainty_coeffi: 1.0000  loss: 0.0814  lr: 0.000015  time: 0.0368  data: 0.0001  max mem: 2691
      TTA Epoch: [43] Total time: 0:00:03 (0.0437 s / it)
     Averaged stats: entropy: 0.0576  uncertainty: 1.0000  uncertainty_coeffi: 1.0000  loss: 0.0576  lr: 0.0000
     itm tta time 0:00:03
      TTA Epoch: [44] [ 0/78]  eta: 0:00:37  entropy: 0.0865  uncertainty: 1.0000  uncertainty_coeffi: 1.0000  loss: 0.0865  lr: 0.000015  time: 0.4772  data: 0.4244  max mem: 2691
      TTA Epoch: [44] [77/78]  eta: 0:00:00  entropy: 0.0719  uncertainty: 1.0000  uncertainty_coeffi: 1.0000  loss: 0.0719  lr: 0.000006  time: 0.0338  data: 0.0001  max mem: 2691
      TTA Epoch: [44] Total time: 0:00:03 (0.0424 s / it)
     Averaged stats: entropy: 0.0535  uncertainty: 1.0000  uncertainty_coeffi: 1.0000  loss: 0.0535  lr: 0.0000
     itm tta time 0:00:03
      TTA Epoch: [45] [ 0/78]  eta: 0:00:35  entropy: 0.0081  uncertainty: 1.0000  uncertainty_coeffi: 1.0000  loss: 0.0081  lr: 0.000006  time: 0.4547  data: 0.3944  max mem: 2691
      TTA Epoch: [45] [77/78]  eta: 0:00:00  entropy: 0.0107  uncertainty: 1.0000  uncertainty_coeffi: 1.0000  loss: 0.0107  lr: 0.000005  time: 0.0359  data: 0.0002  max mem: 2691
      TTA Epoch: [45] Total time: 0:00:03 (0.0430 s / it)
     Averaged stats: entropy: 0.0598  uncertainty: 1.0000  uncertainty_coeffi: 1.0000  loss: 0.0598  lr: 0.0000
     itm tta time 0:00:03
      TTA Epoch: [46] [ 0/78]  eta: 0:00:39  entropy: 0.0809  uncertainty: 1.0000  uncertainty_coeffi: 1.0000  loss: 0.0809  lr: 0.000005  time: 0.5021  data: 0.4500  max mem: 2691
      TTA Epoch: [46] [77/78]  eta: 0:00:00  entropy: 0.0181  uncertainty: 1.0000  uncertainty_coeffi: 1.0000  loss: 0.0181  lr: 0.000005  time: 0.0339  data: 0.0001  max mem: 2691
      TTA Epoch: [46] Total time: 0:00:03 (0.0464 s / it)
     Averaged stats: entropy: 0.0619  uncertainty: 1.0000  uncertainty_coeffi: 1.0000  loss: 0.0619  lr: 0.0000
     itm tta time 0:00:03
      TTA Epoch: [47] [ 0/78]  eta: 0:00:34  entropy: 0.0286  uncertainty: 1.0000  uncertainty_coeffi: 1.0000  loss: 0.0286  lr: 0.000005  time: 0.4469  data: 0.3937  max mem: 2691
      TTA Epoch: [47] [77/78]  eta: 0:00:00  entropy: 0.1527  uncertainty: 1.0000  uncertainty_coeffi: 1.0000  loss: 0.1527  lr: 0.000005  time: 0.0336  data: 0.0001  max mem: 2691
      TTA Epoch: [47] Total time: 0:00:03 (0.0423 s / it)
     Averaged stats: entropy: 0.0614  uncertainty: 1.0000  uncertainty_coeffi: 1.0000  loss: 0.0614  lr: 0.0000
     itm tta time 0:00:03
      TTA Epoch: [48] [ 0/78]  eta: 0:00:36  entropy: 0.0486  uncertainty: 1.0000  uncertainty_coeffi: 1.0000  loss: 0.0486  lr: 0.000005  time: 0.4657  data: 0.4175  max mem: 2691
      TTA Epoch: [48] [77/78]  eta: 0:00:00  entropy: 0.0234  uncertainty: 1.0000  uncertainty_coeffi: 1.0000  loss: 0.0234  lr: 0.000004  time: 0.0338  data: 0.0001  max mem: 2691
      TTA Epoch: [48] Total time: 0:00:03 (0.0414 s / it)
     Averaged stats: entropy: 0.0590  uncertainty: 1.0000  uncertainty_coeffi: 1.0000  loss: 0.0590  lr: 0.0000
     itm tta time 0:00:03
      TTA Epoch: [49] [ 0/78]  eta: 0:00:36  entropy: 0.0237  uncertainty: 1.0000  uncertainty_coeffi: 1.0000  loss: 0.0237  lr: 0.000004  time: 0.4633  data: 0.3922  max mem: 2691
      TTA Epoch: [49] [77/78]  eta: 0:00:00  entropy: 0.0831  uncertainty: 1.0000  uncertainty_coeffi: 1.0000  loss: 0.0831  lr: 0.000004  time: 0.0349  data: 0.0001  max mem: 2691
      TTA Epoch: [49] Total time: 0:00:03 (0.0435 s / it)
     Averaged stats: entropy: 0.0536  uncertainty: 1.0000  uncertainty_coeffi: 1.0000  loss: 0.0536  lr: 0.0000
     itm tta time 0:00:03
     Computing matching score
      Evaluation: [   0/1978]  eta: 0:01:33    time: 0.0473  data: 0.0034  max mem: 2691
      Evaluation: [ 100/1978]  eta: 0:01:18    time: 0.0416  data: 0.0000  max mem: 2691
      Evaluation: [ 200/1978]  eta: 0:01:14    time: 0.0417  data: 0.0000  max mem: 2691
      Evaluation: [ 300/1978]  eta: 0:01:10    time: 0.0420  data: 0.0000  max mem: 2691
      Evaluation: [ 400/1978]  eta: 0:01:07    time: 0.0429  data: 0.0000  max mem: 2691
      Evaluation: [ 500/1978]  eta: 0:01:03    time: 0.0427  data: 0.0000  max mem: 2691
      Evaluation: [ 600/1978]  eta: 0:00:59    time: 0.0435  data: 0.0000  max mem: 2691
      Evaluation: [ 700/1978]  eta: 0:00:55    time: 0.0426  data: 0.0000  max mem: 2691
      Evaluation: [ 800/1978]  eta: 0:00:50    time: 0.0425  data: 0.0000  max mem: 2691
      Evaluation: [ 900/1978]  eta: 0:00:46    time: 0.0414  data: 0.0000  max mem: 2691
      Evaluation: [1000/1978]  eta: 0:00:41    time: 0.0431  data: 0.0000  max mem: 2691
      Evaluation: [1100/1978]  eta: 0:00:37    time: 0.0439  data: 0.0000  max mem: 2691
      Evaluation: [1200/1978]  eta: 0:00:33    time: 0.0445  data: 0.0000  max mem: 2691
      Evaluation: [1300/1978]  eta: 0:00:29    time: 0.0440  data: 0.0000  max mem: 2691
      Evaluation: [1400/1978]  eta: 0:00:25    time: 0.0441  data: 0.0000  max mem: 2691
      Evaluation: [1500/1978]  eta: 0:00:20    time: 0.0447  data: 0.0000  max mem: 2691
      Evaluation: [1600/1978]  eta: 0:00:16    time: 0.0440  data: 0.0000  max mem: 2691
      Evaluation: [1700/1978]  eta: 0:00:12    time: 0.0447  data: 0.0000  max mem: 2691
      Evaluation: [1800/1978]  eta: 0:00:07    time: 0.0435  data: 0.0000  max mem: 2691
      Evaluation: [1900/1978]  eta: 0:00:03    time: 0.0456  data: 0.0000  max mem: 2691
      Evaluation: [1977/1978]  eta: 0:00:00    time: 0.0447  data: 0.0000  max mem: 2691
      Evaluation: Total time: 0:01:26 (0.0436 s / it)
     Computing matching score time 0:01:26
### TTA ITM Score: 
+-------------------+--------+--------+--------+--------+--------+
|       epoch       |   R1   |   R5   |  R10   |  mAP   |  mINP  |
+-------------------+--------+--------+--------+--------+--------+
|        -999       | 69.414 | 95.197 | 97.776 | 81.233 | 81.233 |
|        -999       | 84.277 | 99.039 | 99.596 | 91.276 | 91.276 |
|  cos_sim_wo/norm  | 58.544 | 91.860 | 95.703 | 73.596 | 73.596 |
|        -999       | 69.414 | 95.197 | 97.776 | 81.233 | 81.233 |
| itm_score_wo/norm | 84.328 | 98.989 | 99.494 | 91.293 | 91.293 |
|        -999       | 84.277 | 99.039 | 99.596 | 91.276 | 91.276 |
|         0         | 84.530 | 99.039 | 99.596 | 91.401 | 91.401 |
|         1         | 84.681 | 98.989 | 99.596 | 91.465 | 91.465 |
|         2         | 84.833 | 98.938 | 99.545 | 91.512 | 91.512 |
|         4         | 84.631 | 98.787 | 99.494 | 91.335 | 91.335 |
|         9         | 84.580 | 98.635 | 99.141 | 91.264 | 91.264 |
|         14        | 84.580 | 98.736 | 99.191 | 91.297 | 91.297 |
|         19        | 84.580 | 98.686 | 99.393 | 91.324 | 91.324 |
|         29        | 84.833 | 98.736 | 99.393 | 91.466 | 91.466 |
|         39        | 84.833 | 98.787 | 99.393 | 91.449 | 91.449 |
|         49        | 84.884 | 98.686 | 99.393 | 91.455 | 91.455 |
+-------------------+--------+--------+--------+--------+--------+
     logs:  {'epo': 49, 'R1': np.float32(84.884), 'R5': np.float32(98.686), 'R10': np.float32(99.393), 'mAP': np.float32(91.455), 'mINP': np.float32(91.455), 'entropy': 0.053586, 'uncertainty': 1.0, 'uncertainty_coeffi': 1.0, 'loss': 0.053586, 'lr': 4e-06}
      TTA Epoch: [50] [ 0/78]  eta: 0:00:41  entropy: 0.0020  uncertainty: 1.0000  uncertainty_coeffi: 1.0000  loss: 0.0020  lr: 0.000004  time: 0.5371  data: 0.4837  max mem: 2691
      TTA Epoch: [50] [77/78]  eta: 0:00:00  entropy: 0.0050  uncertainty: 1.0000  uncertainty_coeffi: 1.0000  loss: 0.0050  lr: 0.000004  time: 0.0347  data: 0.0001  max mem: 2691
      TTA Epoch: [50] Total time: 0:00:03 (0.0441 s / it)
     Averaged stats: entropy: 0.0569  uncertainty: 1.0000  uncertainty_coeffi: 1.0000  loss: 0.0569  lr: 0.0000
     itm tta time 0:00:03
      TTA Epoch: [51] [ 0/78]  eta: 0:00:43  entropy: 0.0881  uncertainty: 1.0000  uncertainty_coeffi: 1.0000  loss: 0.0881  lr: 0.000004  time: 0.5565  data: 0.5020  max mem: 2691
      TTA Epoch: [51] [77/78]  eta: 0:00:00  entropy: 0.0398  uncertainty: 1.0000  uncertainty_coeffi: 1.0000  loss: 0.0398  lr: 0.000003  time: 0.0335  data: 0.0001  max mem: 2691
      TTA Epoch: [51] Total time: 0:00:03 (0.0437 s / it)
     Averaged stats: entropy: 0.0566  uncertainty: 1.0000  uncertainty_coeffi: 1.0000  loss: 0.0566  lr: 0.0000
     itm tta time 0:00:03
      TTA Epoch: [52] [ 0/78]  eta: 0:00:39  entropy: 0.0666  uncertainty: 1.0000  uncertainty_coeffi: 1.0000  loss: 0.0666  lr: 0.000003  time: 0.5034  data: 0.4350  max mem: 2691
      TTA Epoch: [52] [77/78]  eta: 0:00:00  entropy: 0.0375  uncertainty: 1.0000  uncertainty_coeffi: 1.0000  loss: 0.0375  lr: 0.000003  time: 0.0356  data: 0.0002  max mem: 2691
      TTA Epoch: [52] Total time: 0:00:03 (0.0429 s / it)
     Averaged stats: entropy: 0.0584  uncertainty: 1.0000  uncertainty_coeffi: 1.0000  loss: 0.0584  lr: 0.0000
     itm tta time 0:00:03
      TTA Epoch: [53] [ 0/78]  eta: 0:00:37  entropy: 0.0766  uncertainty: 1.0000  uncertainty_coeffi: 1.0000  loss: 0.0766  lr: 0.000003  time: 0.4799  data: 0.4286  max mem: 2691
      TTA Epoch: [53] [77/78]  eta: 0:00:00  entropy: 0.1130  uncertainty: 1.0000  uncertainty_coeffi: 1.0000  loss: 0.1130  lr: 0.000002  time: 0.0379  data: 0.0002  max mem: 2691
      TTA Epoch: [53] Total time: 0:00:03 (0.0460 s / it)
     Averaged stats: entropy: 0.0560  uncertainty: 1.0000  uncertainty_coeffi: 1.0000  loss: 0.0560  lr: 0.0000
     itm tta time 0:00:03
      TTA Epoch: [54] [ 0/78]  eta: 0:00:43  entropy: 0.0068  uncertainty: 1.0000  uncertainty_coeffi: 1.0000  loss: 0.0068  lr: 0.000002  time: 0.5591  data: 0.4991  max mem: 2691
      TTA Epoch: [54] [77/78]  eta: 0:00:00  entropy: 0.0712  uncertainty: 1.0000  uncertainty_coeffi: 1.0000  loss: 0.0712  lr: 0.000002  time: 0.0372  data: 0.0001  max mem: 2691
      TTA Epoch: [54] Total time: 0:00:03 (0.0471 s / it)
     Averaged stats: entropy: 0.0595  uncertainty: 1.0000  uncertainty_coeffi: 1.0000  loss: 0.0595  lr: 0.0000
     itm tta time 0:00:03
      TTA Epoch: [55] [ 0/78]  eta: 0:00:36  entropy: 0.0421  uncertainty: 1.0000  uncertainty_coeffi: 1.0000  loss: 0.0421  lr: 0.000002  time: 0.4701  data: 0.4152  max mem: 2691
      TTA Epoch: [55] [77/78]  eta: 0:00:00  entropy: 0.0753  uncertainty: 1.0000  uncertainty_coeffi: 1.0000  loss: 0.0753  lr: 0.000002  time: 0.0362  data: 0.0001  max mem: 2691
      TTA Epoch: [55] Total time: 0:00:03 (0.0450 s / it)
     Averaged stats: entropy: 0.0555  uncertainty: 1.0000  uncertainty_coeffi: 1.0000  loss: 0.0555  lr: 0.0000
     itm tta time 0:00:03
      TTA Epoch: [56] [ 0/78]  eta: 0:00:34  entropy: 0.0434  uncertainty: 1.0000  uncertainty_coeffi: 1.0000  loss: 0.0434  lr: 0.000002  time: 0.4430  data: 0.3928  max mem: 2691
      TTA Epoch: [56] [77/78]  eta: 0:00:00  entropy: 0.0165  uncertainty: 1.0000  uncertainty_coeffi: 1.0000  loss: 0.0165  lr: 0.000001  time: 0.0383  data: 0.0033  max mem: 2691
      TTA Epoch: [56] Total time: 0:00:03 (0.0433 s / it)
     Averaged stats: entropy: 0.0575  uncertainty: 1.0000  uncertainty_coeffi: 1.0000  loss: 0.0575  lr: 0.0000
     itm tta time 0:00:03
      TTA Epoch: [57] [ 0/78]  eta: 0:00:38  entropy: 0.0105  uncertainty: 1.0000  uncertainty_coeffi: 1.0000  loss: 0.0105  lr: 0.000001  time: 0.4992  data: 0.4467  max mem: 2691
      TTA Epoch: [57] [77/78]  eta: 0:00:00  entropy: 0.0442  uncertainty: 1.0000  uncertainty_coeffi: 1.0000  loss: 0.0442  lr: 0.000001  time: 0.0408  data: 0.0051  max mem: 2691
      TTA Epoch: [57] Total time: 0:00:03 (0.0470 s / it)
     Averaged stats: entropy: 0.0574  uncertainty: 1.0000  uncertainty_coeffi: 1.0000  loss: 0.0574  lr: 0.0000
     itm tta time 0:00:03
      TTA Epoch: [58] [ 0/78]  eta: 0:00:38  entropy: 0.1131  uncertainty: 1.0000  uncertainty_coeffi: 1.0000  loss: 0.1131  lr: 0.000001  time: 0.4948  data: 0.4430  max mem: 2691
      TTA Epoch: [58] [77/78]  eta: 0:00:00  entropy: 0.0399  uncertainty: 1.0000  uncertainty_coeffi: 1.0000  loss: 0.0399  lr: 0.000001  time: 0.0333  data: 0.0001  max mem: 2691
      TTA Epoch: [58] Total time: 0:00:03 (0.0425 s / it)
     Averaged stats: entropy: 0.0576  uncertainty: 1.0000  uncertainty_coeffi: 1.0000  loss: 0.0576  lr: 0.0000
     itm tta time 0:00:03
      TTA Epoch: [59] [ 0/78]  eta: 0:00:35  entropy: 0.0145  uncertainty: 1.0000  uncertainty_coeffi: 1.0000  loss: 0.0145  lr: 0.000001  time: 0.4548  data: 0.3983  max mem: 2691
      TTA Epoch: [59] [77/78]  eta: 0:00:00  entropy: 0.0354  uncertainty: 1.0000  uncertainty_coeffi: 1.0000  loss: 0.0354  lr: 0.000000  time: 0.0373  data: 0.0001  max mem: 2691
      TTA Epoch: [59] Total time: 0:00:03 (0.0441 s / it)
     Averaged stats: entropy: 0.0620  uncertainty: 1.0000  uncertainty_coeffi: 1.0000  loss: 0.0620  lr: 0.0000
     itm tta time 0:00:03
     Computing matching score
      Evaluation: [   0/1978]  eta: 0:01:53    time: 0.0572  data: 0.0035  max mem: 2691
      Evaluation: [ 100/1978]  eta: 0:01:33    time: 0.0426  data: 0.0000  max mem: 2691
      Evaluation: [ 200/1978]  eta: 0:01:27    time: 0.0516  data: 0.0000  max mem: 2691
      Evaluation: [ 300/1978]  eta: 0:01:21    time: 0.0452  data: 0.0000  max mem: 2691
      Evaluation: [ 400/1978]  eta: 0:01:16    time: 0.0445  data: 0.0000  max mem: 2691
      Evaluation: [ 500/1978]  eta: 0:01:12    time: 0.0518  data: 0.0000  max mem: 2691
      Evaluation: [ 600/1978]  eta: 0:01:08    time: 0.0471  data: 0.0000  max mem: 2691
      Evaluation: [ 700/1978]  eta: 0:01:03    time: 0.0528  data: 0.0000  max mem: 2691
      Evaluation: [ 800/1978]  eta: 0:00:58    time: 0.0513  data: 0.0000  max mem: 2691
      Evaluation: [ 900/1978]  eta: 0:00:53    time: 0.0451  data: 0.0000  max mem: 2691
      Evaluation: [1000/1978]  eta: 0:00:48    time: 0.0448  data: 0.0000  max mem: 2691
      Evaluation: [1100/1978]  eta: 0:00:42    time: 0.0461  data: 0.0000  max mem: 2691
      Evaluation: [1200/1978]  eta: 0:00:37    time: 0.0451  data: 0.0000  max mem: 2691
      Evaluation: [1300/1978]  eta: 0:00:32    time: 0.0411  data: 0.0000  max mem: 2691
      Evaluation: [1400/1978]  eta: 0:00:27    time: 0.0440  data: 0.0000  max mem: 2691
      Evaluation: [1500/1978]  eta: 0:00:22    time: 0.0466  data: 0.0000  max mem: 2691
      Evaluation: [1600/1978]  eta: 0:00:17    time: 0.0479  data: 0.0000  max mem: 2691
      Evaluation: [1700/1978]  eta: 0:00:13    time: 0.0477  data: 0.0000  max mem: 2691
      Evaluation: [1800/1978]  eta: 0:00:08    time: 0.0476  data: 0.0000  max mem: 2691
      Evaluation: [1900/1978]  eta: 0:00:03    time: 0.0466  data: 0.0000  max mem: 2691
      Evaluation: [1977/1978]  eta: 0:00:00    time: 0.0482  data: 0.0000  max mem: 2691
      Evaluation: Total time: 0:01:33 (0.0472 s / it)
     Computing matching score time 0:01:33
### TTA ITM Score: 
+-------------------+--------+--------+--------+--------+--------+
|       epoch       |   R1   |   R5   |  R10   |  mAP   |  mINP  |
+-------------------+--------+--------+--------+--------+--------+
|        -999       | 69.414 | 95.197 | 97.776 | 81.233 | 81.233 |
|        -999       | 84.277 | 99.039 | 99.596 | 91.276 | 91.276 |
|  cos_sim_wo/norm  | 58.544 | 91.860 | 95.703 | 73.596 | 73.596 |
|        -999       | 69.414 | 95.197 | 97.776 | 81.233 | 81.233 |
| itm_score_wo/norm | 84.328 | 98.989 | 99.494 | 91.293 | 91.293 |
|        -999       | 84.277 | 99.039 | 99.596 | 91.276 | 91.276 |
|         0         | 84.530 | 99.039 | 99.596 | 91.401 | 91.401 |
|         1         | 84.681 | 98.989 | 99.596 | 91.465 | 91.465 |
|         2         | 84.833 | 98.938 | 99.545 | 91.512 | 91.512 |
|         4         | 84.631 | 98.787 | 99.494 | 91.335 | 91.335 |
|         9         | 84.580 | 98.635 | 99.141 | 91.264 | 91.264 |
|         14        | 84.580 | 98.736 | 99.191 | 91.297 | 91.297 |
|         19        | 84.580 | 98.686 | 99.393 | 91.324 | 91.324 |
|         29        | 84.833 | 98.736 | 99.393 | 91.466 | 91.466 |
|         39        | 84.833 | 98.787 | 99.393 | 91.449 | 91.449 |
|         49        | 84.884 | 98.686 | 99.393 | 91.455 | 91.455 |
|         59        | 84.934 | 98.686 | 99.393 | 91.484 | 91.484 |
+-------------------+--------+--------+--------+--------+--------+
     logs:  {'epo': 59, 'R1': np.float32(84.934), 'R5': np.float32(98.686), 'R10': np.float32(99.393), 'mAP': np.float32(91.484), 'mINP': np.float32(91.484), 'entropy': 0.062028, 'uncertainty': 1.0, 'uncertainty_coeffi': 1.0, 'loss': 0.062028, 'lr': 0.0}
### best epoch 59 : {'epo': '59', 'R1': '84.934', 'R5': '98.686', 'R10': '99.393', 'mAP': '91.484', 'mINP': '91.484', 'entropy': '0.062028', 'uncertainty': '1.0', 'uncertainty_coeffi': '1.0', 'loss': '0.062028', 'lr': '0.0'}
### Time 0:19:25
NNODES,  1
NODE_RANK,  0
MASTER_ADDR,  127.0.0.1
MASTER_PORT,  1612
NPROC_PER_NODE,  2
task:  exp2.0.2
config:  configs_rerun4/exp2.0.2.yaml
output_dir:  output_rerun4/exp2.0.2/2025092110340
python3 tta.py --config configs_rerun4/exp2.0.2.yaml --task exp2.0.2 --output_dir output_rerun4/exp2.0.2/2025092110340 --checkpoint checkpoint/cmp.pth --bs 0 --epo 0 --lr 0.0 --seed 42 --tta
