/home/jiahao/miniconda3/envs/cmp/lib/python3.10/site-packages/torch/functional.py:554: UserWarning: torch.meshgrid: in an upcoming release, it will be required to pass the indexing argument. (Triggered internally at /pytorch/aten/src/ATen/native/TensorShape.cpp:4322.)
  return _VF.meshgrid(tensors, **kwargs)  # type: ignore[attr-defined]
Not using distributed mode
### Hyper-parameters:
     seed: 42
     device: cuda
     output_dir: output_rerun4/exp2.0.3/2025092110553
     batch_size_tta: 16
     epochs: 60
     lr: 5e-05
### Creating test dataset
from data/PAB/annotation/test/attr.json loading 1978 data
     test dataset -->    be_pose_img: True
     test_dataset: 1978
### Creating test dataloader
### be careful: func create_loader returns a list length of 1
     test_loader: 90
### Creating model
build_vision_encoder: load swin 224 x 224 ====>
missing_keys:  []
unexpected_keys:  ['head.weight', 'head.bias']
build_text_encoder: load bert ====>
missing_keys: ['bert.encoder.layer.10.crossattention.output.LayerNorm.bias', 'bert.encoder.layer.10.crossattention.output.LayerNorm.weight', 'bert.encoder.layer.10.crossattention.output.dense.bias', 'bert.encoder.layer.10.crossattention.output.dense.weight', 'bert.encoder.layer.10.crossattention.self.key.bias', 'bert.encoder.layer.10.crossattention.self.key.weight', 'bert.encoder.layer.10.crossattention.self.query.bias', 'bert.encoder.layer.10.crossattention.self.query.weight', 'bert.encoder.layer.10.crossattention.self.value.bias', 'bert.encoder.layer.10.crossattention.self.value.weight', 'bert.encoder.layer.11.crossattention.output.LayerNorm.bias', 'bert.encoder.layer.11.crossattention.output.LayerNorm.weight', 'bert.encoder.layer.11.crossattention.output.dense.bias', 'bert.encoder.layer.11.crossattention.output.dense.weight', 'bert.encoder.layer.11.crossattention.self.key.bias', 'bert.encoder.layer.11.crossattention.self.key.weight', 'bert.encoder.layer.11.crossattention.self.query.bias', 'bert.encoder.layer.11.crossattention.self.query.weight', 'bert.encoder.layer.11.crossattention.self.value.bias', 'bert.encoder.layer.11.crossattention.self.value.weight', 'bert.encoder.layer.6.crossattention.output.LayerNorm.bias', 'bert.encoder.layer.6.crossattention.output.LayerNorm.weight', 'bert.encoder.layer.6.crossattention.output.dense.bias', 'bert.encoder.layer.6.crossattention.output.dense.weight', 'bert.encoder.layer.6.crossattention.self.key.bias', 'bert.encoder.layer.6.crossattention.self.key.weight', 'bert.encoder.layer.6.crossattention.self.query.bias', 'bert.encoder.layer.6.crossattention.self.query.weight', 'bert.encoder.layer.6.crossattention.self.value.bias', 'bert.encoder.layer.6.crossattention.self.value.weight', 'bert.encoder.layer.7.crossattention.output.LayerNorm.bias', 'bert.encoder.layer.7.crossattention.output.LayerNorm.weight', 'bert.encoder.layer.7.crossattention.output.dense.bias', 'bert.encoder.layer.7.crossattention.output.dense.weight', 'bert.encoder.layer.7.crossattention.self.key.bias', 'bert.encoder.layer.7.crossattention.self.key.weight', 'bert.encoder.layer.7.crossattention.self.query.bias', 'bert.encoder.layer.7.crossattention.self.query.weight', 'bert.encoder.layer.7.crossattention.self.value.bias', 'bert.encoder.layer.7.crossattention.self.value.weight', 'bert.encoder.layer.8.crossattention.output.LayerNorm.bias', 'bert.encoder.layer.8.crossattention.output.LayerNorm.weight', 'bert.encoder.layer.8.crossattention.output.dense.bias', 'bert.encoder.layer.8.crossattention.output.dense.weight', 'bert.encoder.layer.8.crossattention.self.key.bias', 'bert.encoder.layer.8.crossattention.self.key.weight', 'bert.encoder.layer.8.crossattention.self.query.bias', 'bert.encoder.layer.8.crossattention.self.query.weight', 'bert.encoder.layer.8.crossattention.self.value.bias', 'bert.encoder.layer.8.crossattention.self.value.weight', 'bert.encoder.layer.9.crossattention.output.LayerNorm.bias', 'bert.encoder.layer.9.crossattention.output.LayerNorm.weight', 'bert.encoder.layer.9.crossattention.output.dense.bias', 'bert.encoder.layer.9.crossattention.output.dense.weight', 'bert.encoder.layer.9.crossattention.self.key.bias', 'bert.encoder.layer.9.crossattention.self.key.weight', 'bert.encoder.layer.9.crossattention.self.query.bias', 'bert.encoder.layer.9.crossattention.self.query.weight', 'bert.encoder.layer.9.crossattention.self.value.bias', 'bert.encoder.layer.9.crossattention.self.value.weight']
unexpected_keys: ['cls.seq_relationship.bias', 'cls.seq_relationship.weight']
mismatched_keys: []
error_msgs: []
Label Smooth: 0.2
pose_conv
load checkpoint from checkpoint/cmp.pth
missing_keys:  ['uncertainty_temper', 'prompt_learning_embedding']
unexpected_keys:  []
     Total Params Sum:  254264985
### Inference ITC similiarity matrix
     Computing text features for evaluation
     Computing image features for evaluation
/home/jiahao/task/CMP/eval.py:129: UserWarning: To copy construct from a tensor, it is recommended to use sourceTensor.detach().clone() or sourceTensor.detach().clone().requires_grad_(True), rather than torch.tensor(sourceTensor).
  similarity = torch.tensor(scores_t2i)
     Computing features time 0:00:15
### Zero-Shot ITC Score: 
+-------+--------+--------+--------+--------+--------+
| epoch |   R1   |   R5   |  R10   |  mAP   |  mINP  |
+-------+--------+--------+--------+--------+--------+
|  -999 | 69.414 | 95.197 | 97.776 | 81.233 | 81.233 |
+-------+--------+--------+--------+--------+--------+
     Computing matching score
      Evaluation: [   0/1978]  eta: 0:02:04    time: 0.0630  data: 0.0033  max mem: 2603
      Evaluation: [ 100/1978]  eta: 0:01:37    time: 0.0490  data: 0.0000  max mem: 2603
      Evaluation: [ 200/1978]  eta: 0:01:29    time: 0.0466  data: 0.0000  max mem: 2603
      Evaluation: [ 300/1978]  eta: 0:01:23    time: 0.0493  data: 0.0000  max mem: 2603
      Evaluation: [ 400/1978]  eta: 0:01:17    time: 0.0449  data: 0.0000  max mem: 2603
      Evaluation: [ 500/1978]  eta: 0:01:12    time: 0.0484  data: 0.0000  max mem: 2603
      Evaluation: [ 600/1978]  eta: 0:01:06    time: 0.0471  data: 0.0000  max mem: 2603
      Evaluation: [ 700/1978]  eta: 0:01:01    time: 0.0476  data: 0.0000  max mem: 2603
      Evaluation: [ 800/1978]  eta: 0:00:57    time: 0.0504  data: 0.0000  max mem: 2603
      Evaluation: [ 900/1978]  eta: 0:00:51    time: 0.0455  data: 0.0000  max mem: 2603
      Evaluation: [1000/1978]  eta: 0:00:46    time: 0.0457  data: 0.0000  max mem: 2603
      Evaluation: [1100/1978]  eta: 0:00:42    time: 0.0458  data: 0.0000  max mem: 2603
      Evaluation: [1200/1978]  eta: 0:00:37    time: 0.0465  data: 0.0000  max mem: 2603
      Evaluation: [1300/1978]  eta: 0:00:32    time: 0.0438  data: 0.0000  max mem: 2603
      Evaluation: [1400/1978]  eta: 0:00:27    time: 0.0434  data: 0.0000  max mem: 2603
      Evaluation: [1500/1978]  eta: 0:00:22    time: 0.0410  data: 0.0000  max mem: 2603
      Evaluation: [1600/1978]  eta: 0:00:17    time: 0.0412  data: 0.0000  max mem: 2603
      Evaluation: [1700/1978]  eta: 0:00:12    time: 0.0446  data: 0.0000  max mem: 2603
      Evaluation: [1800/1978]  eta: 0:00:08    time: 0.0474  data: 0.0000  max mem: 2603
      Evaluation: [1900/1978]  eta: 0:00:03    time: 0.0458  data: 0.0000  max mem: 2603
      Evaluation: [1977/1978]  eta: 0:00:00    time: 0.0469  data: 0.0000  max mem: 2603
      Evaluation: Total time: 0:01:31 (0.0462 s / it)
     Computing matching score time 0:01:31
### Zero-Shot ITM Score: 
+-------+--------+--------+--------+--------+--------+
| epoch |   R1   |   R5   |  R10   |  mAP   |  mINP  |
+-------+--------+--------+--------+--------+--------+
|  -999 | 69.414 | 95.197 | 97.776 | 81.233 | 81.233 |
|  -999 | 84.277 | 99.039 | 99.596 | 91.276 | 91.276 |
+-------+--------+--------+--------+--------+--------+
### Zero-Shot Score: 
+-------------------+--------+--------+--------+--------+--------+
|       epoch       |   R1   |   R5   |  R10   |  mAP   |  mINP  |
+-------------------+--------+--------+--------+--------+--------+
|        -999       | 69.414 | 95.197 | 97.776 | 81.233 | 81.233 |
|        -999       | 84.277 | 99.039 | 99.596 | 91.276 | 91.276 |
|  cos_sim_wo/norm  | 58.544 | 91.860 | 95.703 | 73.596 | 73.596 |
|        -999       | 69.414 | 95.197 | 97.776 | 81.233 | 81.233 |
| itm_score_wo/norm | 84.328 | 98.989 | 99.494 | 91.293 | 91.293 |
|        -999       | 84.277 | 99.039 | 99.596 | 91.276 | 91.276 |
+-------------------+--------+--------+--------+--------+--------+
### TTA:
     preprocess_tta_coefficients  start
     sample selection ...
     number of sample after sample_selection: 1257
     uncertainty ...
     preprocess_tta_coefficients  end
### Creating tta dataset
     tta_dataset: 1257
### Creating tta dataloader
### be careful: func create_loader returns a list length of 1
     tta_loader: 78
### Configure adapted weights
     TTA Dropout Modules: 
 [('vision_encoder.pos_drop', Dropout(p=0, inplace=False), True), ('vision_encoder.layers.0.blocks.0.attn.attn_drop', Dropout(p=0.0, inplace=False), True), ('vision_encoder.layers.0.blocks.0.attn.proj_drop', Dropout(p=0, inplace=False), True), ('vision_encoder.layers.0.blocks.0.mlp.drop', Dropout(p=0, inplace=False), True), ('vision_encoder.layers.0.blocks.1.attn.attn_drop', Dropout(p=0.0, inplace=False), True), ('vision_encoder.layers.0.blocks.1.attn.proj_drop', Dropout(p=0, inplace=False), True), ('vision_encoder.layers.0.blocks.1.mlp.drop', Dropout(p=0, inplace=False), True), ('vision_encoder.layers.1.blocks.0.attn.attn_drop', Dropout(p=0.0, inplace=False), True), ('vision_encoder.layers.1.blocks.0.attn.proj_drop', Dropout(p=0, inplace=False), True), ('vision_encoder.layers.1.blocks.0.mlp.drop', Dropout(p=0, inplace=False), True), ('vision_encoder.layers.1.blocks.1.attn.attn_drop', Dropout(p=0.0, inplace=False), True), ('vision_encoder.layers.1.blocks.1.attn.proj_drop', Dropout(p=0, inplace=False), True), ('vision_encoder.layers.1.blocks.1.mlp.drop', Dropout(p=0, inplace=False), True), ('vision_encoder.layers.2.blocks.0.attn.attn_drop', Dropout(p=0.0, inplace=False), True), ('vision_encoder.layers.2.blocks.0.attn.proj_drop', Dropout(p=0, inplace=False), True), ('vision_encoder.layers.2.blocks.0.mlp.drop', Dropout(p=0, inplace=False), True), ('vision_encoder.layers.2.blocks.1.attn.attn_drop', Dropout(p=0.0, inplace=False), True), ('vision_encoder.layers.2.blocks.1.attn.proj_drop', Dropout(p=0, inplace=False), True), ('vision_encoder.layers.2.blocks.1.mlp.drop', Dropout(p=0, inplace=False), True), ('vision_encoder.layers.2.blocks.2.attn.attn_drop', Dropout(p=0.0, inplace=False), True), ('vision_encoder.layers.2.blocks.2.attn.proj_drop', Dropout(p=0, inplace=False), True), ('vision_encoder.layers.2.blocks.2.mlp.drop', Dropout(p=0, inplace=False), True), ('vision_encoder.layers.2.blocks.3.attn.attn_drop', Dropout(p=0.0, inplace=False), True), ('vision_encoder.layers.2.blocks.3.attn.proj_drop', Dropout(p=0, inplace=False), True), ('vision_encoder.layers.2.blocks.3.mlp.drop', Dropout(p=0, inplace=False), True), ('vision_encoder.layers.2.blocks.4.attn.attn_drop', Dropout(p=0.0, inplace=False), True), ('vision_encoder.layers.2.blocks.4.attn.proj_drop', Dropout(p=0, inplace=False), True), ('vision_encoder.layers.2.blocks.4.mlp.drop', Dropout(p=0, inplace=False), True), ('vision_encoder.layers.2.blocks.5.attn.attn_drop', Dropout(p=0.0, inplace=False), True), ('vision_encoder.layers.2.blocks.5.attn.proj_drop', Dropout(p=0, inplace=False), True), ('vision_encoder.layers.2.blocks.5.mlp.drop', Dropout(p=0, inplace=False), True), ('vision_encoder.layers.2.blocks.6.attn.attn_drop', Dropout(p=0.0, inplace=False), True), ('vision_encoder.layers.2.blocks.6.attn.proj_drop', Dropout(p=0, inplace=False), True), ('vision_encoder.layers.2.blocks.6.mlp.drop', Dropout(p=0, inplace=False), True), ('vision_encoder.layers.2.blocks.7.attn.attn_drop', Dropout(p=0.0, inplace=False), True), ('vision_encoder.layers.2.blocks.7.attn.proj_drop', Dropout(p=0, inplace=False), True), ('vision_encoder.layers.2.blocks.7.mlp.drop', Dropout(p=0, inplace=False), True), ('vision_encoder.layers.2.blocks.8.attn.attn_drop', Dropout(p=0.0, inplace=False), True), ('vision_encoder.layers.2.blocks.8.attn.proj_drop', Dropout(p=0, inplace=False), True), ('vision_encoder.layers.2.blocks.8.mlp.drop', Dropout(p=0, inplace=False), True), ('vision_encoder.layers.2.blocks.9.attn.attn_drop', Dropout(p=0.0, inplace=False), True), ('vision_encoder.layers.2.blocks.9.attn.proj_drop', Dropout(p=0, inplace=False), True), ('vision_encoder.layers.2.blocks.9.mlp.drop', Dropout(p=0, inplace=False), True), ('vision_encoder.layers.2.blocks.10.attn.attn_drop', Dropout(p=0.0, inplace=False), True), ('vision_encoder.layers.2.blocks.10.attn.proj_drop', Dropout(p=0, inplace=False), True), ('vision_encoder.layers.2.blocks.10.mlp.drop', Dropout(p=0, inplace=False), True), ('vision_encoder.layers.2.blocks.11.attn.attn_drop', Dropout(p=0.0, inplace=False), True), ('vision_encoder.layers.2.blocks.11.attn.proj_drop', Dropout(p=0, inplace=False), True), ('vision_encoder.layers.2.blocks.11.mlp.drop', Dropout(p=0, inplace=False), True), ('vision_encoder.layers.2.blocks.12.attn.attn_drop', Dropout(p=0.0, inplace=False), True), ('vision_encoder.layers.2.blocks.12.attn.proj_drop', Dropout(p=0, inplace=False), True), ('vision_encoder.layers.2.blocks.12.mlp.drop', Dropout(p=0, inplace=False), True), ('vision_encoder.layers.2.blocks.13.attn.attn_drop', Dropout(p=0.0, inplace=False), True), ('vision_encoder.layers.2.blocks.13.attn.proj_drop', Dropout(p=0, inplace=False), True), ('vision_encoder.layers.2.blocks.13.mlp.drop', Dropout(p=0, inplace=False), True), ('vision_encoder.layers.2.blocks.14.attn.attn_drop', Dropout(p=0.0, inplace=False), True), ('vision_encoder.layers.2.blocks.14.attn.proj_drop', Dropout(p=0, inplace=False), True), ('vision_encoder.layers.2.blocks.14.mlp.drop', Dropout(p=0, inplace=False), True), ('vision_encoder.layers.2.blocks.15.attn.attn_drop', Dropout(p=0.0, inplace=False), True), ('vision_encoder.layers.2.blocks.15.attn.proj_drop', Dropout(p=0, inplace=False), True), ('vision_encoder.layers.2.blocks.15.mlp.drop', Dropout(p=0, inplace=False), True), ('vision_encoder.layers.2.blocks.16.attn.attn_drop', Dropout(p=0.0, inplace=False), True), ('vision_encoder.layers.2.blocks.16.attn.proj_drop', Dropout(p=0, inplace=False), True), ('vision_encoder.layers.2.blocks.16.mlp.drop', Dropout(p=0, inplace=False), True), ('vision_encoder.layers.2.blocks.17.attn.attn_drop', Dropout(p=0.0, inplace=False), True), ('vision_encoder.layers.2.blocks.17.attn.proj_drop', Dropout(p=0, inplace=False), True), ('vision_encoder.layers.2.blocks.17.mlp.drop', Dropout(p=0, inplace=False), True), ('vision_encoder.layers.3.blocks.0.attn.attn_drop', Dropout(p=0.0, inplace=False), True), ('vision_encoder.layers.3.blocks.0.attn.proj_drop', Dropout(p=0, inplace=False), True), ('vision_encoder.layers.3.blocks.0.mlp.drop', Dropout(p=0, inplace=False), True), ('vision_encoder.layers.3.blocks.1.attn.attn_drop', Dropout(p=0.0, inplace=False), True), ('vision_encoder.layers.3.blocks.1.attn.proj_drop', Dropout(p=0, inplace=False), True), ('vision_encoder.layers.3.blocks.1.mlp.drop', Dropout(p=0, inplace=False), True), ('text_encoder.bert.embeddings.dropout', Dropout(p=0.1, inplace=False), True), ('text_encoder.bert.encoder.layer.0.attention.self.dropout', Dropout(p=0.1, inplace=False), True), ('text_encoder.bert.encoder.layer.0.attention.output.dropout', Dropout(p=0.1, inplace=False), True), ('text_encoder.bert.encoder.layer.0.output.dropout', Dropout(p=0.1, inplace=False), True), ('text_encoder.bert.encoder.layer.1.attention.self.dropout', Dropout(p=0.1, inplace=False), True), ('text_encoder.bert.encoder.layer.1.attention.output.dropout', Dropout(p=0.1, inplace=False), True), ('text_encoder.bert.encoder.layer.1.output.dropout', Dropout(p=0.1, inplace=False), True), ('text_encoder.bert.encoder.layer.2.attention.self.dropout', Dropout(p=0.1, inplace=False), True), ('text_encoder.bert.encoder.layer.2.attention.output.dropout', Dropout(p=0.1, inplace=False), True), ('text_encoder.bert.encoder.layer.2.output.dropout', Dropout(p=0.1, inplace=False), True), ('text_encoder.bert.encoder.layer.3.attention.self.dropout', Dropout(p=0.1, inplace=False), True), ('text_encoder.bert.encoder.layer.3.attention.output.dropout', Dropout(p=0.1, inplace=False), True), ('text_encoder.bert.encoder.layer.3.output.dropout', Dropout(p=0.1, inplace=False), True), ('text_encoder.bert.encoder.layer.4.attention.self.dropout', Dropout(p=0.1, inplace=False), True), ('text_encoder.bert.encoder.layer.4.attention.output.dropout', Dropout(p=0.1, inplace=False), True), ('text_encoder.bert.encoder.layer.4.output.dropout', Dropout(p=0.1, inplace=False), True), ('text_encoder.bert.encoder.layer.5.attention.self.dropout', Dropout(p=0.1, inplace=False), True), ('text_encoder.bert.encoder.layer.5.attention.output.dropout', Dropout(p=0.1, inplace=False), True), ('text_encoder.bert.encoder.layer.5.output.dropout', Dropout(p=0.1, inplace=False), True), ('text_encoder.bert.encoder.layer.6.attention.self.dropout', Dropout(p=0.1, inplace=False), True), ('text_encoder.bert.encoder.layer.6.attention.output.dropout', Dropout(p=0.1, inplace=False), True), ('text_encoder.bert.encoder.layer.6.crossattention.self.dropout', Dropout(p=0.1, inplace=False), True), ('text_encoder.bert.encoder.layer.6.crossattention.output.dropout', Dropout(p=0.1, inplace=False), True), ('text_encoder.bert.encoder.layer.6.output.dropout', Dropout(p=0.1, inplace=False), True), ('text_encoder.bert.encoder.layer.7.attention.self.dropout', Dropout(p=0.1, inplace=False), True), ('text_encoder.bert.encoder.layer.7.attention.output.dropout', Dropout(p=0.1, inplace=False), True), ('text_encoder.bert.encoder.layer.7.crossattention.self.dropout', Dropout(p=0.1, inplace=False), True), ('text_encoder.bert.encoder.layer.7.crossattention.output.dropout', Dropout(p=0.1, inplace=False), True), ('text_encoder.bert.encoder.layer.7.output.dropout', Dropout(p=0.1, inplace=False), True), ('text_encoder.bert.encoder.layer.8.attention.self.dropout', Dropout(p=0.1, inplace=False), True), ('text_encoder.bert.encoder.layer.8.attention.output.dropout', Dropout(p=0.1, inplace=False), True), ('text_encoder.bert.encoder.layer.8.crossattention.self.dropout', Dropout(p=0.1, inplace=False), True), ('text_encoder.bert.encoder.layer.8.crossattention.output.dropout', Dropout(p=0.1, inplace=False), True), ('text_encoder.bert.encoder.layer.8.output.dropout', Dropout(p=0.1, inplace=False), True), ('text_encoder.bert.encoder.layer.9.attention.self.dropout', Dropout(p=0.1, inplace=False), True), ('text_encoder.bert.encoder.layer.9.attention.output.dropout', Dropout(p=0.1, inplace=False), True), ('text_encoder.bert.encoder.layer.9.crossattention.self.dropout', Dropout(p=0.1, inplace=False), True), ('text_encoder.bert.encoder.layer.9.crossattention.output.dropout', Dropout(p=0.1, inplace=False), True), ('text_encoder.bert.encoder.layer.9.output.dropout', Dropout(p=0.1, inplace=False), True), ('text_encoder.bert.encoder.layer.10.attention.self.dropout', Dropout(p=0.1, inplace=False), True), ('text_encoder.bert.encoder.layer.10.attention.output.dropout', Dropout(p=0.1, inplace=False), True), ('text_encoder.bert.encoder.layer.10.crossattention.self.dropout', Dropout(p=0.1, inplace=False), True), ('text_encoder.bert.encoder.layer.10.crossattention.output.dropout', Dropout(p=0.1, inplace=False), True), ('text_encoder.bert.encoder.layer.10.output.dropout', Dropout(p=0.1, inplace=False), True), ('text_encoder.bert.encoder.layer.11.attention.self.dropout', Dropout(p=0.1, inplace=False), True), ('text_encoder.bert.encoder.layer.11.attention.output.dropout', Dropout(p=0.1, inplace=False), True), ('text_encoder.bert.encoder.layer.11.crossattention.self.dropout', Dropout(p=0.1, inplace=False), True), ('text_encoder.bert.encoder.layer.11.crossattention.output.dropout', Dropout(p=0.1, inplace=False), True), ('text_encoder.bert.encoder.layer.11.output.dropout', Dropout(p=0.1, inplace=False), True), ('vision_proj.1', Dropout(p=0.5, inplace=False), True), ('text_proj.1', Dropout(p=0.5, inplace=False), True), ('pose_block.attn.attn_drop', Dropout(p=0.0, inplace=False), True), ('pose_block.attn.proj_drop', Dropout(p=0.0, inplace=False), True)]
     TTA Require Gradient Params: 
 [('text_encoder.bert.embeddings.LayerNorm.weight', torch.Size([768])), ('text_encoder.bert.embeddings.LayerNorm.bias', torch.Size([768])), ('text_encoder.bert.encoder.layer.6.attention.output.LayerNorm.weight', torch.Size([768])), ('text_encoder.bert.encoder.layer.6.attention.output.LayerNorm.bias', torch.Size([768])), ('text_encoder.bert.encoder.layer.6.crossattention.output.LayerNorm.weight', torch.Size([768])), ('text_encoder.bert.encoder.layer.6.crossattention.output.LayerNorm.bias', torch.Size([768])), ('text_encoder.bert.encoder.layer.6.output.LayerNorm.weight', torch.Size([768])), ('text_encoder.bert.encoder.layer.6.output.LayerNorm.bias', torch.Size([768])), ('text_encoder.bert.encoder.layer.7.attention.output.LayerNorm.weight', torch.Size([768])), ('text_encoder.bert.encoder.layer.7.attention.output.LayerNorm.bias', torch.Size([768])), ('text_encoder.bert.encoder.layer.7.crossattention.output.LayerNorm.weight', torch.Size([768])), ('text_encoder.bert.encoder.layer.7.crossattention.output.LayerNorm.bias', torch.Size([768])), ('text_encoder.bert.encoder.layer.7.output.LayerNorm.weight', torch.Size([768])), ('text_encoder.bert.encoder.layer.7.output.LayerNorm.bias', torch.Size([768])), ('text_encoder.bert.encoder.layer.8.attention.output.LayerNorm.weight', torch.Size([768])), ('text_encoder.bert.encoder.layer.8.attention.output.LayerNorm.bias', torch.Size([768])), ('text_encoder.bert.encoder.layer.8.crossattention.output.LayerNorm.weight', torch.Size([768])), ('text_encoder.bert.encoder.layer.8.crossattention.output.LayerNorm.bias', torch.Size([768])), ('text_encoder.bert.encoder.layer.8.output.LayerNorm.weight', torch.Size([768])), ('text_encoder.bert.encoder.layer.8.output.LayerNorm.bias', torch.Size([768])), ('text_encoder.bert.encoder.layer.9.attention.output.LayerNorm.weight', torch.Size([768])), ('text_encoder.bert.encoder.layer.9.attention.output.LayerNorm.bias', torch.Size([768])), ('text_encoder.bert.encoder.layer.9.crossattention.output.LayerNorm.weight', torch.Size([768])), ('text_encoder.bert.encoder.layer.9.crossattention.output.LayerNorm.bias', torch.Size([768])), ('text_encoder.bert.encoder.layer.9.output.LayerNorm.weight', torch.Size([768])), ('text_encoder.bert.encoder.layer.9.output.LayerNorm.bias', torch.Size([768])), ('text_encoder.bert.encoder.layer.10.attention.output.LayerNorm.weight', torch.Size([768])), ('text_encoder.bert.encoder.layer.10.attention.output.LayerNorm.bias', torch.Size([768])), ('text_encoder.bert.encoder.layer.10.crossattention.output.LayerNorm.weight', torch.Size([768])), ('text_encoder.bert.encoder.layer.10.crossattention.output.LayerNorm.bias', torch.Size([768])), ('text_encoder.bert.encoder.layer.10.output.LayerNorm.weight', torch.Size([768])), ('text_encoder.bert.encoder.layer.10.output.LayerNorm.bias', torch.Size([768])), ('text_encoder.bert.encoder.layer.11.attention.output.LayerNorm.weight', torch.Size([768])), ('text_encoder.bert.encoder.layer.11.attention.output.LayerNorm.bias', torch.Size([768])), ('text_encoder.bert.encoder.layer.11.crossattention.output.LayerNorm.weight', torch.Size([768])), ('text_encoder.bert.encoder.layer.11.crossattention.output.LayerNorm.bias', torch.Size([768])), ('text_encoder.bert.encoder.layer.11.output.LayerNorm.weight', torch.Size([768])), ('text_encoder.bert.encoder.layer.11.output.LayerNorm.bias', torch.Size([768])), ('text_encoder.cls.predictions.transform.LayerNorm.weight', torch.Size([768])), ('text_encoder.cls.predictions.transform.LayerNorm.bias', torch.Size([768])), ('itm_head.1.weight', torch.Size([1536])), ('itm_head.1.bias', torch.Size([1536]))]
     TTA Dropout Modules Number: 
 126
     TTA Require Gradient Params Sum: 
 33792
     lr:  5e-05    lr_mult:  2
     model has 'init_params',  386
     num_tta_steps:  4740
     num_warmup_steps:  500
     sched: step
/home/jiahao/task/CMP/tta.py:244: FutureWarning: `torch.cuda.amp.GradScaler(args...)` is deprecated. Please use `torch.amp.GradScaler('cuda', args...)` instead.
  scaler = GradScaler()  # bf16
### Start ITM Test Time Adaptation
      TTA Epoch: [0] [ 0/78]  eta: 0:01:29  entropy: 0.3805  uncertainty: 1.0000  uncertainty_coeffi: 1.0000  loss: 0.3805  lr: 0.000000  time: 1.1447  data: 0.6235  max mem: 2656
      TTA Epoch: [0] [77/78]  eta: 0:00:00  entropy: 0.3650  uncertainty: 1.0000  uncertainty_coeffi: 1.0000  loss: 0.3650  lr: 0.000008  time: 0.0389  data: 0.0002  max mem: 2685
      TTA Epoch: [0] Total time: 0:00:04 (0.0530 s / it)
     Averaged stats: entropy: 0.3279  uncertainty: 1.0000  uncertainty_coeffi: 1.0000  loss: 0.3279  lr: 0.0000
     itm tta time 0:00:04
     Computing matching score
      Evaluation: [   0/1978]  eta: 0:01:53    time: 0.0575  data: 0.0024  max mem: 2685
      Evaluation: [ 100/1978]  eta: 0:01:25    time: 0.0453  data: 0.0000  max mem: 2685
      Evaluation: [ 200/1978]  eta: 0:01:22    time: 0.0488  data: 0.0000  max mem: 2685
      Evaluation: [ 300/1978]  eta: 0:01:18    time: 0.0447  data: 0.0000  max mem: 2685
      Evaluation: [ 400/1978]  eta: 0:01:13    time: 0.0466  data: 0.0000  max mem: 2685
      Evaluation: [ 500/1978]  eta: 0:01:08    time: 0.0456  data: 0.0000  max mem: 2685
      Evaluation: [ 600/1978]  eta: 0:01:03    time: 0.0454  data: 0.0000  max mem: 2685
      Evaluation: [ 700/1978]  eta: 0:00:58    time: 0.0454  data: 0.0000  max mem: 2685
      Evaluation: [ 800/1978]  eta: 0:00:53    time: 0.0454  data: 0.0000  max mem: 2685
      Evaluation: [ 900/1978]  eta: 0:00:49    time: 0.0434  data: 0.0000  max mem: 2685
      Evaluation: [1000/1978]  eta: 0:00:44    time: 0.0454  data: 0.0000  max mem: 2685
      Evaluation: [1100/1978]  eta: 0:00:40    time: 0.0453  data: 0.0000  max mem: 2685
      Evaluation: [1200/1978]  eta: 0:00:35    time: 0.0453  data: 0.0000  max mem: 2685
      Evaluation: [1300/1978]  eta: 0:00:31    time: 0.0486  data: 0.0000  max mem: 2685
      Evaluation: [1400/1978]  eta: 0:00:26    time: 0.0438  data: 0.0000  max mem: 2685
      Evaluation: [1500/1978]  eta: 0:00:21    time: 0.0442  data: 0.0000  max mem: 2685
      Evaluation: [1600/1978]  eta: 0:00:17    time: 0.0443  data: 0.0000  max mem: 2685
      Evaluation: [1700/1978]  eta: 0:00:12    time: 0.0443  data: 0.0000  max mem: 2685
      Evaluation: [1800/1978]  eta: 0:00:08    time: 0.0438  data: 0.0000  max mem: 2685
      Evaluation: [1900/1978]  eta: 0:00:03    time: 0.0439  data: 0.0000  max mem: 2685
      Evaluation: [1977/1978]  eta: 0:00:00    time: 0.0438  data: 0.0000  max mem: 2685
      Evaluation: Total time: 0:01:29 (0.0454 s / it)
     Computing matching score time 0:01:30
### TTA ITM Score: 
+-------------------+--------+--------+--------+--------+--------+
|       epoch       |   R1   |   R5   |  R10   |  mAP   |  mINP  |
+-------------------+--------+--------+--------+--------+--------+
|        -999       | 69.414 | 95.197 | 97.776 | 81.233 | 81.233 |
|        -999       | 84.277 | 99.039 | 99.596 | 91.276 | 91.276 |
|  cos_sim_wo/norm  | 58.544 | 91.860 | 95.703 | 73.596 | 73.596 |
|        -999       | 69.414 | 95.197 | 97.776 | 81.233 | 81.233 |
| itm_score_wo/norm | 84.328 | 98.989 | 99.494 | 91.293 | 91.293 |
|        -999       | 84.277 | 99.039 | 99.596 | 91.276 | 91.276 |
|         0         | 84.328 | 99.039 | 99.596 | 91.301 | 91.301 |
+-------------------+--------+--------+--------+--------+--------+
     logs:  {'epo': 0, 'R1': np.float32(84.328), 'R5': np.float32(99.039), 'R10': np.float32(99.596), 'mAP': np.float32(91.301), 'mINP': np.float32(91.301), 'entropy': 0.327919, 'uncertainty': 1.0, 'uncertainty_coeffi': 1.0, 'loss': 0.327919, 'lr': 4e-06}
      TTA Epoch: [1] [ 0/78]  eta: 0:00:41  entropy: 0.4668  uncertainty: 1.0000  uncertainty_coeffi: 1.0000  loss: 0.4668  lr: 0.000008  time: 0.5303  data: 0.4695  max mem: 2685
      TTA Epoch: [1] [77/78]  eta: 0:00:00  entropy: 0.2349  uncertainty: 1.0000  uncertainty_coeffi: 1.0000  loss: 0.2349  lr: 0.000016  time: 0.0343  data: 0.0001  max mem: 2691
      TTA Epoch: [1] Total time: 0:00:03 (0.0431 s / it)
     Averaged stats: entropy: 0.3167  uncertainty: 1.0000  uncertainty_coeffi: 1.0000  loss: 0.3167  lr: 0.0000
     itm tta time 0:00:03
     Computing matching score
      Evaluation: [   0/1978]  eta: 0:01:50    time: 0.0557  data: 0.0031  max mem: 2691
      Evaluation: [ 100/1978]  eta: 0:01:24    time: 0.0435  data: 0.0000  max mem: 2691
      Evaluation: [ 200/1978]  eta: 0:01:19    time: 0.0549  data: 0.0000  max mem: 2691
      Evaluation: [ 300/1978]  eta: 0:01:14    time: 0.0406  data: 0.0000  max mem: 2691
      Evaluation: [ 400/1978]  eta: 0:01:08    time: 0.0435  data: 0.0000  max mem: 2691
      Evaluation: [ 500/1978]  eta: 0:01:03    time: 0.0399  data: 0.0000  max mem: 2691
      Evaluation: [ 600/1978]  eta: 0:00:58    time: 0.0402  data: 0.0000  max mem: 2691
      Evaluation: [ 700/1978]  eta: 0:00:54    time: 0.0423  data: 0.0000  max mem: 2691
      Evaluation: [ 800/1978]  eta: 0:00:50    time: 0.0430  data: 0.0000  max mem: 2691
      Evaluation: [ 900/1978]  eta: 0:00:45    time: 0.0436  data: 0.0000  max mem: 2691
      Evaluation: [1000/1978]  eta: 0:00:41    time: 0.0497  data: 0.0000  max mem: 2691
      Evaluation: [1100/1978]  eta: 0:00:37    time: 0.0445  data: 0.0000  max mem: 2691
      Evaluation: [1200/1978]  eta: 0:00:33    time: 0.0423  data: 0.0000  max mem: 2691
      Evaluation: [1300/1978]  eta: 0:00:29    time: 0.0467  data: 0.0000  max mem: 2691
      Evaluation: [1400/1978]  eta: 0:00:25    time: 0.0463  data: 0.0000  max mem: 2691
      Evaluation: [1500/1978]  eta: 0:00:20    time: 0.0447  data: 0.0000  max mem: 2691
      Evaluation: [1600/1978]  eta: 0:00:16    time: 0.0462  data: 0.0000  max mem: 2691
      Evaluation: [1700/1978]  eta: 0:00:12    time: 0.0461  data: 0.0000  max mem: 2691
      Evaluation: [1800/1978]  eta: 0:00:07    time: 0.0519  data: 0.0000  max mem: 2691
      Evaluation: [1900/1978]  eta: 0:00:03    time: 0.0474  data: 0.0000  max mem: 2691
      Evaluation: [1977/1978]  eta: 0:00:00    time: 0.0495  data: 0.0000  max mem: 2691
      Evaluation: Total time: 0:01:28 (0.0446 s / it)
     Computing matching score time 0:01:28
### TTA ITM Score: 
+-------------------+--------+--------+--------+--------+--------+
|       epoch       |   R1   |   R5   |  R10   |  mAP   |  mINP  |
+-------------------+--------+--------+--------+--------+--------+
|        -999       | 69.414 | 95.197 | 97.776 | 81.233 | 81.233 |
|        -999       | 84.277 | 99.039 | 99.596 | 91.276 | 91.276 |
|  cos_sim_wo/norm  | 58.544 | 91.860 | 95.703 | 73.596 | 73.596 |
|        -999       | 69.414 | 95.197 | 97.776 | 81.233 | 81.233 |
| itm_score_wo/norm | 84.328 | 98.989 | 99.494 | 91.293 | 91.293 |
|        -999       | 84.277 | 99.039 | 99.596 | 91.276 | 91.276 |
|         0         | 84.328 | 99.039 | 99.596 | 91.301 | 91.301 |
|         1         | 84.631 | 99.039 | 99.596 | 91.453 | 91.453 |
+-------------------+--------+--------+--------+--------+--------+
     logs:  {'epo': 1, 'R1': np.float32(84.631), 'R5': np.float32(99.039), 'R10': np.float32(99.596), 'mAP': np.float32(91.453), 'mINP': np.float32(91.453), 'entropy': 0.316743, 'uncertainty': 1.0, 'uncertainty_coeffi': 1.0, 'loss': 0.316743, 'lr': 1.2e-05}
      TTA Epoch: [2] [ 0/78]  eta: 0:00:52  entropy: 0.2415  uncertainty: 1.0000  uncertainty_coeffi: 1.0000  loss: 0.2415  lr: 0.000016  time: 0.6714  data: 0.6125  max mem: 2691
      TTA Epoch: [2] [77/78]  eta: 0:00:00  entropy: 0.2602  uncertainty: 1.0000  uncertainty_coeffi: 1.0000  loss: 0.2602  lr: 0.000023  time: 0.0336  data: 0.0001  max mem: 2691
      TTA Epoch: [2] Total time: 0:00:03 (0.0452 s / it)
     Averaged stats: entropy: 0.3029  uncertainty: 1.0000  uncertainty_coeffi: 1.0000  loss: 0.3029  lr: 0.0000
     itm tta time 0:00:03
     Computing matching score
      Evaluation: [   0/1978]  eta: 0:01:47    time: 0.0542  data: 0.0034  max mem: 2691
      Evaluation: [ 100/1978]  eta: 0:01:26    time: 0.0482  data: 0.0000  max mem: 2691
      Evaluation: [ 200/1978]  eta: 0:01:22    time: 0.0477  data: 0.0000  max mem: 2691
      Evaluation: [ 300/1978]  eta: 0:01:18    time: 0.0510  data: 0.0000  max mem: 2691
      Evaluation: [ 400/1978]  eta: 0:01:15    time: 0.0482  data: 0.0000  max mem: 2691
      Evaluation: [ 500/1978]  eta: 0:01:10    time: 0.0449  data: 0.0000  max mem: 2691
      Evaluation: [ 600/1978]  eta: 0:01:05    time: 0.0499  data: 0.0000  max mem: 2691
      Evaluation: [ 700/1978]  eta: 0:01:00    time: 0.0463  data: 0.0000  max mem: 2691
      Evaluation: [ 800/1978]  eta: 0:00:55    time: 0.0447  data: 0.0000  max mem: 2691
      Evaluation: [ 900/1978]  eta: 0:00:50    time: 0.0455  data: 0.0000  max mem: 2691
      Evaluation: [1000/1978]  eta: 0:00:45    time: 0.0455  data: 0.0000  max mem: 2691
      Evaluation: [1100/1978]  eta: 0:00:41    time: 0.0449  data: 0.0000  max mem: 2691
      Evaluation: [1200/1978]  eta: 0:00:36    time: 0.0478  data: 0.0000  max mem: 2691
      Evaluation: [1300/1978]  eta: 0:00:31    time: 0.0473  data: 0.0000  max mem: 2691
      Evaluation: [1400/1978]  eta: 0:00:27    time: 0.0456  data: 0.0000  max mem: 2691
      Evaluation: [1500/1978]  eta: 0:00:22    time: 0.0450  data: 0.0000  max mem: 2691
      Evaluation: [1600/1978]  eta: 0:00:17    time: 0.0488  data: 0.0000  max mem: 2691
      Evaluation: [1700/1978]  eta: 0:00:13    time: 0.0493  data: 0.0000  max mem: 2691
      Evaluation: [1800/1978]  eta: 0:00:08    time: 0.0469  data: 0.0000  max mem: 2691
      Evaluation: [1900/1978]  eta: 0:00:03    time: 0.0468  data: 0.0000  max mem: 2691
      Evaluation: [1977/1978]  eta: 0:00:00    time: 0.0482  data: 0.0000  max mem: 2691
      Evaluation: Total time: 0:01:33 (0.0471 s / it)
     Computing matching score time 0:01:33
### TTA ITM Score: 
+-------------------+--------+--------+--------+--------+--------+
|       epoch       |   R1   |   R5   |  R10   |  mAP   |  mINP  |
+-------------------+--------+--------+--------+--------+--------+
|        -999       | 69.414 | 95.197 | 97.776 | 81.233 | 81.233 |
|        -999       | 84.277 | 99.039 | 99.596 | 91.276 | 91.276 |
|  cos_sim_wo/norm  | 58.544 | 91.860 | 95.703 | 73.596 | 73.596 |
|        -999       | 69.414 | 95.197 | 97.776 | 81.233 | 81.233 |
| itm_score_wo/norm | 84.328 | 98.989 | 99.494 | 91.293 | 91.293 |
|        -999       | 84.277 | 99.039 | 99.596 | 91.276 | 91.276 |
|         0         | 84.328 | 99.039 | 99.596 | 91.301 | 91.301 |
|         1         | 84.631 | 99.039 | 99.596 | 91.453 | 91.453 |
|         2         | 84.681 | 98.989 | 99.596 | 91.447 | 91.447 |
+-------------------+--------+--------+--------+--------+--------+
     logs:  {'epo': 2, 'R1': np.float32(84.681), 'R5': np.float32(98.989), 'R10': np.float32(99.596), 'mAP': np.float32(91.447), 'mINP': np.float32(91.447), 'entropy': 0.302851, 'uncertainty': 1.0, 'uncertainty_coeffi': 1.0, 'loss': 0.302851, 'lr': 2e-05}
      TTA Epoch: [3] [ 0/78]  eta: 0:00:39  entropy: 0.3912  uncertainty: 1.0000  uncertainty_coeffi: 1.0000  loss: 0.3912  lr: 0.000023  time: 0.5077  data: 0.4520  max mem: 2691
      TTA Epoch: [3] [77/78]  eta: 0:00:00  entropy: 0.2906  uncertainty: 1.0000  uncertainty_coeffi: 1.0000  loss: 0.2906  lr: 0.000031  time: 0.0371  data: 0.0001  max mem: 2691
      TTA Epoch: [3] Total time: 0:00:03 (0.0465 s / it)
     Averaged stats: entropy: 0.2778  uncertainty: 1.0000  uncertainty_coeffi: 1.0000  loss: 0.2778  lr: 0.0000
     itm tta time 0:00:03
      TTA Epoch: [4] [ 0/78]  eta: 0:00:38  entropy: 0.2481  uncertainty: 1.0000  uncertainty_coeffi: 1.0000  loss: 0.2481  lr: 0.000031  time: 0.4948  data: 0.4413  max mem: 2691
      TTA Epoch: [4] [77/78]  eta: 0:00:00  entropy: 0.1629  uncertainty: 1.0000  uncertainty_coeffi: 1.0000  loss: 0.1629  lr: 0.000039  time: 0.0358  data: 0.0002  max mem: 2691
      TTA Epoch: [4] Total time: 0:00:03 (0.0440 s / it)
     Averaged stats: entropy: 0.2618  uncertainty: 1.0000  uncertainty_coeffi: 1.0000  loss: 0.2618  lr: 0.0000
     itm tta time 0:00:03
     Computing matching score
      Evaluation: [   0/1978]  eta: 0:01:29    time: 0.0454  data: 0.0022  max mem: 2691
      Evaluation: [ 100/1978]  eta: 0:01:28    time: 0.0478  data: 0.0000  max mem: 2691
      Evaluation: [ 200/1978]  eta: 0:01:24    time: 0.0479  data: 0.0000  max mem: 2691
      Evaluation: [ 300/1978]  eta: 0:01:20    time: 0.0560  data: 0.0000  max mem: 2691
      Evaluation: [ 400/1978]  eta: 0:01:15    time: 0.0444  data: 0.0000  max mem: 2691
      Evaluation: [ 500/1978]  eta: 0:01:09    time: 0.0429  data: 0.0000  max mem: 2691
      Evaluation: [ 600/1978]  eta: 0:01:04    time: 0.0418  data: 0.0000  max mem: 2691
      Evaluation: [ 700/1978]  eta: 0:00:58    time: 0.0424  data: 0.0000  max mem: 2691
      Evaluation: [ 800/1978]  eta: 0:00:53    time: 0.0429  data: 0.0000  max mem: 2691
      Evaluation: [ 900/1978]  eta: 0:00:48    time: 0.0424  data: 0.0000  max mem: 2691
      Evaluation: [1000/1978]  eta: 0:00:44    time: 0.0423  data: 0.0000  max mem: 2691
      Evaluation: [1100/1978]  eta: 0:00:39    time: 0.0436  data: 0.0000  max mem: 2691
      Evaluation: [1200/1978]  eta: 0:00:35    time: 0.0487  data: 0.0000  max mem: 2691
      Evaluation: [1300/1978]  eta: 0:00:30    time: 0.0440  data: 0.0000  max mem: 2691
      Evaluation: [1400/1978]  eta: 0:00:26    time: 0.0433  data: 0.0000  max mem: 2691
      Evaluation: [1500/1978]  eta: 0:00:21    time: 0.0441  data: 0.0000  max mem: 2691
      Evaluation: [1600/1978]  eta: 0:00:16    time: 0.0417  data: 0.0000  max mem: 2691
      Evaluation: [1700/1978]  eta: 0:00:12    time: 0.0417  data: 0.0000  max mem: 2691
      Evaluation: [1800/1978]  eta: 0:00:07    time: 0.0424  data: 0.0000  max mem: 2691
      Evaluation: [1900/1978]  eta: 0:00:03    time: 0.0448  data: 0.0000  max mem: 2691
      Evaluation: [1977/1978]  eta: 0:00:00    time: 0.0463  data: 0.0000  max mem: 2691
      Evaluation: Total time: 0:01:28 (0.0449 s / it)
     Computing matching score time 0:01:29
### TTA ITM Score: 
+-------------------+--------+--------+--------+--------+--------+
|       epoch       |   R1   |   R5   |  R10   |  mAP   |  mINP  |
+-------------------+--------+--------+--------+--------+--------+
|        -999       | 69.414 | 95.197 | 97.776 | 81.233 | 81.233 |
|        -999       | 84.277 | 99.039 | 99.596 | 91.276 | 91.276 |
|  cos_sim_wo/norm  | 58.544 | 91.860 | 95.703 | 73.596 | 73.596 |
|        -999       | 69.414 | 95.197 | 97.776 | 81.233 | 81.233 |
| itm_score_wo/norm | 84.328 | 98.989 | 99.494 | 91.293 | 91.293 |
|        -999       | 84.277 | 99.039 | 99.596 | 91.276 | 91.276 |
|         0         | 84.328 | 99.039 | 99.596 | 91.301 | 91.301 |
|         1         | 84.631 | 99.039 | 99.596 | 91.453 | 91.453 |
|         2         | 84.681 | 98.989 | 99.596 | 91.447 | 91.447 |
|         4         | 84.580 | 98.938 | 99.494 | 91.357 | 91.357 |
+-------------------+--------+--------+--------+--------+--------+
     logs:  {'epo': 4, 'R1': np.float32(84.58), 'R5': np.float32(98.938), 'R10': np.float32(99.494), 'mAP': np.float32(91.357), 'mINP': np.float32(91.357), 'entropy': 0.261807, 'uncertainty': 1.0, 'uncertainty_coeffi': 1.0, 'loss': 0.261807, 'lr': 3.5e-05}
      TTA Epoch: [5] [ 0/78]  eta: 0:00:38  entropy: 0.2408  uncertainty: 1.0000  uncertainty_coeffi: 1.0000  loss: 0.2408  lr: 0.000039  time: 0.4973  data: 0.4421  max mem: 2691
      TTA Epoch: [5] [77/78]  eta: 0:00:00  entropy: 0.2027  uncertainty: 1.0000  uncertainty_coeffi: 1.0000  loss: 0.2027  lr: 0.000047  time: 0.0348  data: 0.0009  max mem: 2691
      TTA Epoch: [5] Total time: 0:00:03 (0.0416 s / it)
     Averaged stats: entropy: 0.2362  uncertainty: 1.0000  uncertainty_coeffi: 1.0000  loss: 0.2362  lr: 0.0000
     itm tta time 0:00:03
      TTA Epoch: [6] [ 0/78]  eta: 0:00:35  entropy: 0.3682  uncertainty: 1.0000  uncertainty_coeffi: 1.0000  loss: 0.3682  lr: 0.000047  time: 0.4499  data: 0.4003  max mem: 2691
      TTA Epoch: [6] [77/78]  eta: 0:00:00  entropy: 0.1213  uncertainty: 1.0000  uncertainty_coeffi: 1.0000  loss: 0.1213  lr: 0.000049  time: 0.0335  data: 0.0001  max mem: 2691
      TTA Epoch: [6] Total time: 0:00:03 (0.0421 s / it)
     Averaged stats: entropy: 0.2218  uncertainty: 1.0000  uncertainty_coeffi: 1.0000  loss: 0.2218  lr: 0.0000
     itm tta time 0:00:03
      TTA Epoch: [7] [ 0/78]  eta: 0:00:36  entropy: 0.0597  uncertainty: 1.0000  uncertainty_coeffi: 1.0000  loss: 0.0597  lr: 0.000049  time: 0.4706  data: 0.4183  max mem: 2691
      TTA Epoch: [7] [77/78]  eta: 0:00:00  entropy: 0.3019  uncertainty: 1.0000  uncertainty_coeffi: 1.0000  loss: 0.3019  lr: 0.000049  time: 0.0354  data: 0.0002  max mem: 2691
      TTA Epoch: [7] Total time: 0:00:03 (0.0430 s / it)
     Averaged stats: entropy: 0.1989  uncertainty: 1.0000  uncertainty_coeffi: 1.0000  loss: 0.1989  lr: 0.0000
     itm tta time 0:00:03
      TTA Epoch: [8] [ 0/78]  eta: 0:00:42  entropy: 0.1758  uncertainty: 1.0000  uncertainty_coeffi: 1.0000  loss: 0.1758  lr: 0.000049  time: 0.5452  data: 0.4951  max mem: 2691
      TTA Epoch: [8] [77/78]  eta: 0:00:00  entropy: 0.2711  uncertainty: 1.0000  uncertainty_coeffi: 1.0000  loss: 0.2711  lr: 0.000048  time: 0.0351  data: 0.0001  max mem: 2691
      TTA Epoch: [8] Total time: 0:00:03 (0.0427 s / it)
     Averaged stats: entropy: 0.1962  uncertainty: 1.0000  uncertainty_coeffi: 1.0000  loss: 0.1962  lr: 0.0000
     itm tta time 0:00:03
      TTA Epoch: [9] [ 0/78]  eta: 0:00:37  entropy: 0.2209  uncertainty: 1.0000  uncertainty_coeffi: 1.0000  loss: 0.2209  lr: 0.000048  time: 0.4808  data: 0.4280  max mem: 2691
      TTA Epoch: [9] [77/78]  eta: 0:00:00  entropy: 0.1737  uncertainty: 1.0000  uncertainty_coeffi: 1.0000  loss: 0.1737  lr: 0.000047  time: 0.0365  data: 0.0001  max mem: 2691
      TTA Epoch: [9] Total time: 0:00:03 (0.0446 s / it)
     Averaged stats: entropy: 0.1824  uncertainty: 1.0000  uncertainty_coeffi: 1.0000  loss: 0.1824  lr: 0.0000
     itm tta time 0:00:03
     Computing matching score
      Evaluation: [   0/1978]  eta: 0:01:31    time: 0.0464  data: 0.0032  max mem: 2691
      Evaluation: [ 100/1978]  eta: 0:01:34    time: 0.0446  data: 0.0000  max mem: 2691
      Evaluation: [ 200/1978]  eta: 0:01:25    time: 0.0474  data: 0.0000  max mem: 2691
      Evaluation: [ 300/1978]  eta: 0:01:19    time: 0.0459  data: 0.0000  max mem: 2691
      Evaluation: [ 400/1978]  eta: 0:01:14    time: 0.0467  data: 0.0000  max mem: 2691
      Evaluation: [ 500/1978]  eta: 0:01:08    time: 0.0447  data: 0.0000  max mem: 2691
      Evaluation: [ 600/1978]  eta: 0:01:03    time: 0.0447  data: 0.0000  max mem: 2691
      Evaluation: [ 700/1978]  eta: 0:00:58    time: 0.0473  data: 0.0000  max mem: 2691
      Evaluation: [ 800/1978]  eta: 0:00:54    time: 0.0438  data: 0.0000  max mem: 2691
      Evaluation: [ 900/1978]  eta: 0:00:49    time: 0.0459  data: 0.0000  max mem: 2691
      Evaluation: [1000/1978]  eta: 0:00:44    time: 0.0453  data: 0.0000  max mem: 2691
      Evaluation: [1100/1978]  eta: 0:00:40    time: 0.0473  data: 0.0000  max mem: 2691
      Evaluation: [1200/1978]  eta: 0:00:35    time: 0.0442  data: 0.0000  max mem: 2691
      Evaluation: [1300/1978]  eta: 0:00:31    time: 0.0462  data: 0.0000  max mem: 2691
      Evaluation: [1400/1978]  eta: 0:00:26    time: 0.0464  data: 0.0000  max mem: 2691
      Evaluation: [1500/1978]  eta: 0:00:21    time: 0.0450  data: 0.0000  max mem: 2691
      Evaluation: [1600/1978]  eta: 0:00:17    time: 0.0462  data: 0.0000  max mem: 2691
      Evaluation: [1700/1978]  eta: 0:00:12    time: 0.0460  data: 0.0000  max mem: 2691
      Evaluation: [1800/1978]  eta: 0:00:08    time: 0.0438  data: 0.0000  max mem: 2691
      Evaluation: [1900/1978]  eta: 0:00:03    time: 0.0441  data: 0.0000  max mem: 2691
      Evaluation: [1977/1978]  eta: 0:00:00    time: 0.0442  data: 0.0000  max mem: 2691
      Evaluation: Total time: 0:01:30 (0.0456 s / it)
     Computing matching score time 0:01:30
### TTA ITM Score: 
+-------------------+--------+--------+--------+--------+--------+
|       epoch       |   R1   |   R5   |  R10   |  mAP   |  mINP  |
+-------------------+--------+--------+--------+--------+--------+
|        -999       | 69.414 | 95.197 | 97.776 | 81.233 | 81.233 |
|        -999       | 84.277 | 99.039 | 99.596 | 91.276 | 91.276 |
|  cos_sim_wo/norm  | 58.544 | 91.860 | 95.703 | 73.596 | 73.596 |
|        -999       | 69.414 | 95.197 | 97.776 | 81.233 | 81.233 |
| itm_score_wo/norm | 84.328 | 98.989 | 99.494 | 91.293 | 91.293 |
|        -999       | 84.277 | 99.039 | 99.596 | 91.276 | 91.276 |
|         0         | 84.328 | 99.039 | 99.596 | 91.301 | 91.301 |
|         1         | 84.631 | 99.039 | 99.596 | 91.453 | 91.453 |
|         2         | 84.681 | 98.989 | 99.596 | 91.447 | 91.447 |
|         4         | 84.580 | 98.938 | 99.494 | 91.357 | 91.357 |
|         9         | 84.631 | 98.635 | 99.343 | 91.330 | 91.330 |
+-------------------+--------+--------+--------+--------+--------+
     logs:  {'epo': 9, 'R1': np.float32(84.631), 'R5': np.float32(98.635), 'R10': np.float32(99.343), 'mAP': np.float32(91.33), 'mINP': np.float32(91.33), 'entropy': 0.182393, 'uncertainty': 1.0, 'uncertainty_coeffi': 1.0, 'loss': 0.182393, 'lr': 4.7e-05}
      TTA Epoch: [10] [ 0/78]  eta: 0:00:34  entropy: 0.1832  uncertainty: 1.0000  uncertainty_coeffi: 1.0000  loss: 0.1832  lr: 0.000047  time: 0.4451  data: 0.3910  max mem: 2691
      TTA Epoch: [10] [77/78]  eta: 0:00:00  entropy: 0.1972  uncertainty: 1.0000  uncertainty_coeffi: 1.0000  loss: 0.1972  lr: 0.000046  time: 0.0340  data: 0.0002  max mem: 2691
      TTA Epoch: [10] Total time: 0:00:03 (0.0403 s / it)
     Averaged stats: entropy: 0.1745  uncertainty: 1.0000  uncertainty_coeffi: 1.0000  loss: 0.1745  lr: 0.0000
     itm tta time 0:00:03
      TTA Epoch: [11] [ 0/78]  eta: 0:00:32  entropy: 0.1881  uncertainty: 1.0000  uncertainty_coeffi: 1.0000  loss: 0.1881  lr: 0.000046  time: 0.4146  data: 0.3653  max mem: 2691
      TTA Epoch: [11] [77/78]  eta: 0:00:00  entropy: 0.2145  uncertainty: 1.0000  uncertainty_coeffi: 1.0000  loss: 0.2145  lr: 0.000045  time: 0.0327  data: 0.0001  max mem: 2691
      TTA Epoch: [11] Total time: 0:00:03 (0.0399 s / it)
     Averaged stats: entropy: 0.1602  uncertainty: 1.0000  uncertainty_coeffi: 1.0000  loss: 0.1602  lr: 0.0000
     itm tta time 0:00:03
      TTA Epoch: [12] [ 0/78]  eta: 0:00:38  entropy: 0.0721  uncertainty: 1.0000  uncertainty_coeffi: 1.0000  loss: 0.0721  lr: 0.000045  time: 0.4880  data: 0.4362  max mem: 2691
      TTA Epoch: [12] [77/78]  eta: 0:00:00  entropy: 0.1007  uncertainty: 1.0000  uncertainty_coeffi: 1.0000  loss: 0.1007  lr: 0.000044  time: 0.0325  data: 0.0001  max mem: 2691
      TTA Epoch: [12] Total time: 0:00:03 (0.0406 s / it)
     Averaged stats: entropy: 0.1588  uncertainty: 1.0000  uncertainty_coeffi: 1.0000  loss: 0.1588  lr: 0.0000
     itm tta time 0:00:03
      TTA Epoch: [13] [ 0/78]  eta: 0:00:32  entropy: 0.0909  uncertainty: 1.0000  uncertainty_coeffi: 1.0000  loss: 0.0909  lr: 0.000044  time: 0.4222  data: 0.3709  max mem: 2691
      TTA Epoch: [13] [77/78]  eta: 0:00:00  entropy: 0.1250  uncertainty: 1.0000  uncertainty_coeffi: 1.0000  loss: 0.1250  lr: 0.000043  time: 0.0333  data: 0.0002  max mem: 2691
      TTA Epoch: [13] Total time: 0:00:03 (0.0404 s / it)
     Averaged stats: entropy: 0.1519  uncertainty: 1.0000  uncertainty_coeffi: 1.0000  loss: 0.1519  lr: 0.0000
     itm tta time 0:00:03
      TTA Epoch: [14] [ 0/78]  eta: 0:00:32  entropy: 0.1780  uncertainty: 1.0000  uncertainty_coeffi: 1.0000  loss: 0.1780  lr: 0.000043  time: 0.4213  data: 0.3739  max mem: 2691
      TTA Epoch: [14] [77/78]  eta: 0:00:00  entropy: 0.1315  uncertainty: 1.0000  uncertainty_coeffi: 1.0000  loss: 0.1315  lr: 0.000042  time: 0.0370  data: 0.0001  max mem: 2691
      TTA Epoch: [14] Total time: 0:00:03 (0.0440 s / it)
     Averaged stats: entropy: 0.1425  uncertainty: 1.0000  uncertainty_coeffi: 1.0000  loss: 0.1425  lr: 0.0000
     itm tta time 0:00:03
     Computing matching score
      Evaluation: [   0/1978]  eta: 0:01:56    time: 0.0588  data: 0.0032  max mem: 2691
      Evaluation: [ 100/1978]  eta: 0:01:22    time: 0.0405  data: 0.0000  max mem: 2691
      Evaluation: [ 200/1978]  eta: 0:01:16    time: 0.0450  data: 0.0000  max mem: 2691
      Evaluation: [ 300/1978]  eta: 0:01:12    time: 0.0434  data: 0.0000  max mem: 2691
      Evaluation: [ 400/1978]  eta: 0:01:08    time: 0.0461  data: 0.0000  max mem: 2691
      Evaluation: [ 500/1978]  eta: 0:01:04    time: 0.0470  data: 0.0000  max mem: 2691
      Evaluation: [ 600/1978]  eta: 0:01:00    time: 0.0440  data: 0.0000  max mem: 2691
      Evaluation: [ 700/1978]  eta: 0:00:55    time: 0.0414  data: 0.0000  max mem: 2691
      Evaluation: [ 800/1978]  eta: 0:00:51    time: 0.0479  data: 0.0000  max mem: 2691
      Evaluation: [ 900/1978]  eta: 0:00:47    time: 0.0461  data: 0.0000  max mem: 2691
      Evaluation: [1000/1978]  eta: 0:00:42    time: 0.0438  data: 0.0000  max mem: 2691
      Evaluation: [1100/1978]  eta: 0:00:38    time: 0.0484  data: 0.0000  max mem: 2691
      Evaluation: [1200/1978]  eta: 0:00:33    time: 0.0431  data: 0.0000  max mem: 2691
      Evaluation: [1300/1978]  eta: 0:00:29    time: 0.0425  data: 0.0000  max mem: 2691
      Evaluation: [1400/1978]  eta: 0:00:25    time: 0.0414  data: 0.0000  max mem: 2691
      Evaluation: [1500/1978]  eta: 0:00:20    time: 0.0427  data: 0.0000  max mem: 2691
      Evaluation: [1600/1978]  eta: 0:00:16    time: 0.0424  data: 0.0000  max mem: 2691
      Evaluation: [1700/1978]  eta: 0:00:12    time: 0.0411  data: 0.0000  max mem: 2691
      Evaluation: [1800/1978]  eta: 0:00:07    time: 0.0407  data: 0.0000  max mem: 2691
      Evaluation: [1900/1978]  eta: 0:00:03    time: 0.0424  data: 0.0000  max mem: 2691
      Evaluation: [1977/1978]  eta: 0:00:00    time: 0.0421  data: 0.0000  max mem: 2691
      Evaluation: Total time: 0:01:26 (0.0435 s / it)
     Computing matching score time 0:01:26
### TTA ITM Score: 
+-------------------+--------+--------+--------+--------+--------+
|       epoch       |   R1   |   R5   |  R10   |  mAP   |  mINP  |
+-------------------+--------+--------+--------+--------+--------+
|        -999       | 69.414 | 95.197 | 97.776 | 81.233 | 81.233 |
|        -999       | 84.277 | 99.039 | 99.596 | 91.276 | 91.276 |
|  cos_sim_wo/norm  | 58.544 | 91.860 | 95.703 | 73.596 | 73.596 |
|        -999       | 69.414 | 95.197 | 97.776 | 81.233 | 81.233 |
| itm_score_wo/norm | 84.328 | 98.989 | 99.494 | 91.293 | 91.293 |
|        -999       | 84.277 | 99.039 | 99.596 | 91.276 | 91.276 |
|         0         | 84.328 | 99.039 | 99.596 | 91.301 | 91.301 |
|         1         | 84.631 | 99.039 | 99.596 | 91.453 | 91.453 |
|         2         | 84.681 | 98.989 | 99.596 | 91.447 | 91.447 |
|         4         | 84.580 | 98.938 | 99.494 | 91.357 | 91.357 |
|         9         | 84.631 | 98.635 | 99.343 | 91.330 | 91.330 |
|         14        | 84.530 | 98.686 | 99.191 | 91.240 | 91.240 |
+-------------------+--------+--------+--------+--------+--------+
     logs:  {'epo': 14, 'R1': np.float32(84.53), 'R5': np.float32(98.686), 'R10': np.float32(99.191), 'mAP': np.float32(91.24), 'mINP': np.float32(91.24), 'entropy': 0.142542, 'uncertainty': 1.0, 'uncertainty_coeffi': 1.0, 'loss': 0.142542, 'lr': 4.3e-05}
      TTA Epoch: [15] [ 0/78]  eta: 0:00:36  entropy: 0.0778  uncertainty: 1.0000  uncertainty_coeffi: 1.0000  loss: 0.0778  lr: 0.000042  time: 0.4618  data: 0.4108  max mem: 2691
      TTA Epoch: [15] [77/78]  eta: 0:00:00  entropy: 0.1380  uncertainty: 1.0000  uncertainty_coeffi: 1.0000  loss: 0.1380  lr: 0.000041  time: 0.0325  data: 0.0001  max mem: 2691
      TTA Epoch: [15] Total time: 0:00:03 (0.0388 s / it)
     Averaged stats: entropy: 0.1377  uncertainty: 1.0000  uncertainty_coeffi: 1.0000  loss: 0.1377  lr: 0.0000
     itm tta time 0:00:03
      TTA Epoch: [16] [ 0/78]  eta: 0:00:34  entropy: 0.0485  uncertainty: 1.0000  uncertainty_coeffi: 1.0000  loss: 0.0485  lr: 0.000041  time: 0.4407  data: 0.3909  max mem: 2691
      TTA Epoch: [16] [77/78]  eta: 0:00:00  entropy: 0.2854  uncertainty: 1.0000  uncertainty_coeffi: 1.0000  loss: 0.2854  lr: 0.000040  time: 0.0323  data: 0.0001  max mem: 2691
      TTA Epoch: [16] Total time: 0:00:03 (0.0389 s / it)
     Averaged stats: entropy: 0.1391  uncertainty: 1.0000  uncertainty_coeffi: 1.0000  loss: 0.1391  lr: 0.0000
     itm tta time 0:00:03
      TTA Epoch: [17] [ 0/78]  eta: 0:00:34  entropy: 0.1993  uncertainty: 1.0000  uncertainty_coeffi: 1.0000  loss: 0.1993  lr: 0.000040  time: 0.4365  data: 0.3878  max mem: 2691
      TTA Epoch: [17] [77/78]  eta: 0:00:00  entropy: 0.0608  uncertainty: 1.0000  uncertainty_coeffi: 1.0000  loss: 0.0608  lr: 0.000039  time: 0.0322  data: 0.0001  max mem: 2691
      TTA Epoch: [17] Total time: 0:00:03 (0.0390 s / it)
     Averaged stats: entropy: 0.1271  uncertainty: 1.0000  uncertainty_coeffi: 1.0000  loss: 0.1271  lr: 0.0000
     itm tta time 0:00:03
      TTA Epoch: [18] [ 0/78]  eta: 0:00:35  entropy: 0.1080  uncertainty: 1.0000  uncertainty_coeffi: 1.0000  loss: 0.1080  lr: 0.000039  time: 0.4507  data: 0.3910  max mem: 2691
      TTA Epoch: [18] [77/78]  eta: 0:00:00  entropy: 0.1822  uncertainty: 1.0000  uncertainty_coeffi: 1.0000  loss: 0.1822  lr: 0.000038  time: 0.0336  data: 0.0002  max mem: 2691
      TTA Epoch: [18] Total time: 0:00:03 (0.0425 s / it)
     Averaged stats: entropy: 0.1286  uncertainty: 1.0000  uncertainty_coeffi: 1.0000  loss: 0.1286  lr: 0.0000
     itm tta time 0:00:03
      TTA Epoch: [19] [ 0/78]  eta: 0:00:35  entropy: 0.0609  uncertainty: 1.0000  uncertainty_coeffi: 1.0000  loss: 0.0609  lr: 0.000038  time: 0.4503  data: 0.4012  max mem: 2691
      TTA Epoch: [19] [77/78]  eta: 0:00:00  entropy: 0.1513  uncertainty: 1.0000  uncertainty_coeffi: 1.0000  loss: 0.1513  lr: 0.000038  time: 0.0377  data: 0.0001  max mem: 2691
      TTA Epoch: [19] Total time: 0:00:03 (0.0410 s / it)
     Averaged stats: entropy: 0.1215  uncertainty: 1.0000  uncertainty_coeffi: 1.0000  loss: 0.1215  lr: 0.0000
     itm tta time 0:00:03
     Computing matching score
      Evaluation: [   0/1978]  eta: 0:01:49    time: 0.0553  data: 0.0034  max mem: 2691
      Evaluation: [ 100/1978]  eta: 0:01:21    time: 0.0428  data: 0.0000  max mem: 2691
      Evaluation: [ 200/1978]  eta: 0:01:15    time: 0.0436  data: 0.0000  max mem: 2691
      Evaluation: [ 300/1978]  eta: 0:01:11    time: 0.0431  data: 0.0000  max mem: 2691
      Evaluation: [ 400/1978]  eta: 0:01:07    time: 0.0422  data: 0.0000  max mem: 2691
      Evaluation: [ 500/1978]  eta: 0:01:04    time: 0.0438  data: 0.0000  max mem: 2691
      Evaluation: [ 600/1978]  eta: 0:01:00    time: 0.0413  data: 0.0000  max mem: 2691
      Evaluation: [ 700/1978]  eta: 0:00:55    time: 0.0423  data: 0.0000  max mem: 2691
      Evaluation: [ 800/1978]  eta: 0:00:51    time: 0.0436  data: 0.0000  max mem: 2691
      Evaluation: [ 900/1978]  eta: 0:00:47    time: 0.0472  data: 0.0000  max mem: 2691
      Evaluation: [1000/1978]  eta: 0:00:42    time: 0.0478  data: 0.0000  max mem: 2691
      Evaluation: [1100/1978]  eta: 0:00:38    time: 0.0437  data: 0.0000  max mem: 2691
      Evaluation: [1200/1978]  eta: 0:00:34    time: 0.0437  data: 0.0000  max mem: 2691
      Evaluation: [1300/1978]  eta: 0:00:29    time: 0.0415  data: 0.0000  max mem: 2691
      Evaluation: [1400/1978]  eta: 0:00:25    time: 0.0449  data: 0.0000  max mem: 2691
      Evaluation: [1500/1978]  eta: 0:00:21    time: 0.0484  data: 0.0000  max mem: 2691
      Evaluation: [1600/1978]  eta: 0:00:16    time: 0.0444  data: 0.0000  max mem: 2691
      Evaluation: [1700/1978]  eta: 0:00:12    time: 0.0475  data: 0.0000  max mem: 2691
      Evaluation: [1800/1978]  eta: 0:00:07    time: 0.0421  data: 0.0000  max mem: 2691
      Evaluation: [1900/1978]  eta: 0:00:03    time: 0.0445  data: 0.0000  max mem: 2691
      Evaluation: [1977/1978]  eta: 0:00:00    time: 0.0422  data: 0.0000  max mem: 2691
      Evaluation: Total time: 0:01:27 (0.0444 s / it)
     Computing matching score time 0:01:28
### TTA ITM Score: 
+-------------------+--------+--------+--------+--------+--------+
|       epoch       |   R1   |   R5   |  R10   |  mAP   |  mINP  |
+-------------------+--------+--------+--------+--------+--------+
|        -999       | 69.414 | 95.197 | 97.776 | 81.233 | 81.233 |
|        -999       | 84.277 | 99.039 | 99.596 | 91.276 | 91.276 |
|  cos_sim_wo/norm  | 58.544 | 91.860 | 95.703 | 73.596 | 73.596 |
|        -999       | 69.414 | 95.197 | 97.776 | 81.233 | 81.233 |
| itm_score_wo/norm | 84.328 | 98.989 | 99.494 | 91.293 | 91.293 |
|        -999       | 84.277 | 99.039 | 99.596 | 91.276 | 91.276 |
|         0         | 84.328 | 99.039 | 99.596 | 91.301 | 91.301 |
|         1         | 84.631 | 99.039 | 99.596 | 91.453 | 91.453 |
|         2         | 84.681 | 98.989 | 99.596 | 91.447 | 91.447 |
|         4         | 84.580 | 98.938 | 99.494 | 91.357 | 91.357 |
|         9         | 84.631 | 98.635 | 99.343 | 91.330 | 91.330 |
|         14        | 84.530 | 98.686 | 99.191 | 91.240 | 91.240 |
|         19        | 84.732 | 98.686 | 99.242 | 91.364 | 91.364 |
+-------------------+--------+--------+--------+--------+--------+
     logs:  {'epo': 19, 'R1': np.float32(84.732), 'R5': np.float32(98.686), 'R10': np.float32(99.242), 'mAP': np.float32(91.364), 'mINP': np.float32(91.364), 'entropy': 0.121479, 'uncertainty': 1.0, 'uncertainty_coeffi': 1.0, 'loss': 0.121479, 'lr': 3.8e-05}
      TTA Epoch: [20] [ 0/78]  eta: 0:00:43  entropy: 0.2002  uncertainty: 1.0000  uncertainty_coeffi: 1.0000  loss: 0.2002  lr: 0.000037  time: 0.5571  data: 0.5048  max mem: 2691
      TTA Epoch: [20] [77/78]  eta: 0:00:00  entropy: 0.1198  uncertainty: 1.0000  uncertainty_coeffi: 1.0000  loss: 0.1198  lr: 0.000037  time: 0.0330  data: 0.0001  max mem: 2691
      TTA Epoch: [20] Total time: 0:00:03 (0.0419 s / it)
     Averaged stats: entropy: 0.1238  uncertainty: 1.0000  uncertainty_coeffi: 1.0000  loss: 0.1238  lr: 0.0000
     itm tta time 0:00:03
      TTA Epoch: [21] [ 0/78]  eta: 0:00:35  entropy: 0.0970  uncertainty: 1.0000  uncertainty_coeffi: 1.0000  loss: 0.0970  lr: 0.000037  time: 0.4565  data: 0.4053  max mem: 2691
      TTA Epoch: [21] [77/78]  eta: 0:00:00  entropy: 0.1405  uncertainty: 1.0000  uncertainty_coeffi: 1.0000  loss: 0.1405  lr: 0.000036  time: 0.0336  data: 0.0001  max mem: 2691
      TTA Epoch: [21] Total time: 0:00:03 (0.0406 s / it)
     Averaged stats: entropy: 0.1180  uncertainty: 1.0000  uncertainty_coeffi: 1.0000  loss: 0.1180  lr: 0.0000
     itm tta time 0:00:03
      TTA Epoch: [22] [ 0/78]  eta: 0:00:34  entropy: 0.0840  uncertainty: 1.0000  uncertainty_coeffi: 1.0000  loss: 0.0840  lr: 0.000036  time: 0.4369  data: 0.3890  max mem: 2691
      TTA Epoch: [22] [77/78]  eta: 0:00:00  entropy: 0.0651  uncertainty: 1.0000  uncertainty_coeffi: 1.0000  loss: 0.0651  lr: 0.000035  time: 0.0354  data: 0.0001  max mem: 2691
      TTA Epoch: [22] Total time: 0:00:03 (0.0410 s / it)
     Averaged stats: entropy: 0.1100  uncertainty: 1.0000  uncertainty_coeffi: 1.0000  loss: 0.1100  lr: 0.0000
     itm tta time 0:00:03
      TTA Epoch: [23] [ 0/78]  eta: 0:00:34  entropy: 0.0942  uncertainty: 1.0000  uncertainty_coeffi: 1.0000  loss: 0.0942  lr: 0.000035  time: 0.4451  data: 0.3983  max mem: 2691
      TTA Epoch: [23] [77/78]  eta: 0:00:00  entropy: 0.0916  uncertainty: 1.0000  uncertainty_coeffi: 1.0000  loss: 0.0916  lr: 0.000034  time: 0.0335  data: 0.0001  max mem: 2691
      TTA Epoch: [23] Total time: 0:00:03 (0.0413 s / it)
     Averaged stats: entropy: 0.1146  uncertainty: 1.0000  uncertainty_coeffi: 1.0000  loss: 0.1146  lr: 0.0000
     itm tta time 0:00:03
      TTA Epoch: [24] [ 0/78]  eta: 0:00:34  entropy: 0.0712  uncertainty: 1.0000  uncertainty_coeffi: 1.0000  loss: 0.0712  lr: 0.000034  time: 0.4440  data: 0.3963  max mem: 2691
      TTA Epoch: [24] [77/78]  eta: 0:00:00  entropy: 0.1819  uncertainty: 1.0000  uncertainty_coeffi: 1.0000  loss: 0.1819  lr: 0.000033  time: 0.0368  data: 0.0001  max mem: 2691
      TTA Epoch: [24] Total time: 0:00:03 (0.0431 s / it)
     Averaged stats: entropy: 0.1173  uncertainty: 1.0000  uncertainty_coeffi: 1.0000  loss: 0.1173  lr: 0.0000
     itm tta time 0:00:03
      TTA Epoch: [25] [ 0/78]  eta: 0:00:35  entropy: 0.0509  uncertainty: 1.0000  uncertainty_coeffi: 1.0000  loss: 0.0509  lr: 0.000033  time: 0.4562  data: 0.4108  max mem: 2691
      TTA Epoch: [25] [77/78]  eta: 0:00:00  entropy: 0.0944  uncertainty: 1.0000  uncertainty_coeffi: 1.0000  loss: 0.0944  lr: 0.000016  time: 0.0338  data: 0.0001  max mem: 2691
      TTA Epoch: [25] Total time: 0:00:03 (0.0412 s / it)
     Averaged stats: entropy: 0.1069  uncertainty: 1.0000  uncertainty_coeffi: 1.0000  loss: 0.1069  lr: 0.0000
     itm tta time 0:00:03
      TTA Epoch: [26] [ 0/78]  eta: 0:00:39  entropy: 0.1000  uncertainty: 1.0000  uncertainty_coeffi: 1.0000  loss: 0.1000  lr: 0.000016  time: 0.5122  data: 0.4640  max mem: 2691
      TTA Epoch: [26] [77/78]  eta: 0:00:00  entropy: 0.1280  uncertainty: 1.0000  uncertainty_coeffi: 1.0000  loss: 0.1280  lr: 0.000016  time: 0.0349  data: 0.0001  max mem: 2691
      TTA Epoch: [26] Total time: 0:00:03 (0.0416 s / it)
     Averaged stats: entropy: 0.1104  uncertainty: 1.0000  uncertainty_coeffi: 1.0000  loss: 0.1104  lr: 0.0000
     itm tta time 0:00:03
      TTA Epoch: [27] [ 0/78]  eta: 0:00:37  entropy: 0.0678  uncertainty: 1.0000  uncertainty_coeffi: 1.0000  loss: 0.0678  lr: 0.000016  time: 0.4775  data: 0.4278  max mem: 2691
      TTA Epoch: [27] [77/78]  eta: 0:00:00  entropy: 0.2117  uncertainty: 1.0000  uncertainty_coeffi: 1.0000  loss: 0.2117  lr: 0.000015  time: 0.0342  data: 0.0001  max mem: 2691
      TTA Epoch: [27] Total time: 0:00:03 (0.0412 s / it)
     Averaged stats: entropy: 0.1028  uncertainty: 1.0000  uncertainty_coeffi: 1.0000  loss: 0.1028  lr: 0.0000
     itm tta time 0:00:03
      TTA Epoch: [28] [ 0/78]  eta: 0:00:39  entropy: 0.1038  uncertainty: 1.0000  uncertainty_coeffi: 1.0000  loss: 0.1038  lr: 0.000015  time: 0.5114  data: 0.4653  max mem: 2691
      TTA Epoch: [28] [77/78]  eta: 0:00:00  entropy: 0.2093  uncertainty: 1.0000  uncertainty_coeffi: 1.0000  loss: 0.2093  lr: 0.000015  time: 0.0344  data: 0.0001  max mem: 2691
      TTA Epoch: [28] Total time: 0:00:03 (0.0418 s / it)
     Averaged stats: entropy: 0.1030  uncertainty: 1.0000  uncertainty_coeffi: 1.0000  loss: 0.1030  lr: 0.0000
     itm tta time 0:00:03
      TTA Epoch: [29] [ 0/78]  eta: 0:00:37  entropy: 0.0966  uncertainty: 1.0000  uncertainty_coeffi: 1.0000  loss: 0.0966  lr: 0.000015  time: 0.4804  data: 0.4326  max mem: 2691
      TTA Epoch: [29] [77/78]  eta: 0:00:00  entropy: 0.0910  uncertainty: 1.0000  uncertainty_coeffi: 1.0000  loss: 0.0910  lr: 0.000014  time: 0.0343  data: 0.0001  max mem: 2691
      TTA Epoch: [29] Total time: 0:00:03 (0.0409 s / it)
     Averaged stats: entropy: 0.1089  uncertainty: 1.0000  uncertainty_coeffi: 1.0000  loss: 0.1089  lr: 0.0000
     itm tta time 0:00:03
     Computing matching score
      Evaluation: [   0/1978]  eta: 0:01:31    time: 0.0461  data: 0.0033  max mem: 2691
      Evaluation: [ 100/1978]  eta: 0:01:21    time: 0.0415  data: 0.0000  max mem: 2691
      Evaluation: [ 200/1978]  eta: 0:01:17    time: 0.0430  data: 0.0000  max mem: 2691
      Evaluation: [ 300/1978]  eta: 0:01:13    time: 0.0447  data: 0.0000  max mem: 2691
      Evaluation: [ 400/1978]  eta: 0:01:08    time: 0.0446  data: 0.0000  max mem: 2691
      Evaluation: [ 500/1978]  eta: 0:01:05    time: 0.0484  data: 0.0000  max mem: 2691
      Evaluation: [ 600/1978]  eta: 0:01:01    time: 0.0471  data: 0.0000  max mem: 2691
      Evaluation: [ 700/1978]  eta: 0:00:57    time: 0.0475  data: 0.0000  max mem: 2691
      Evaluation: [ 800/1978]  eta: 0:00:52    time: 0.0466  data: 0.0000  max mem: 2691
      Evaluation: [ 900/1978]  eta: 0:00:47    time: 0.0435  data: 0.0000  max mem: 2691
      Evaluation: [1000/1978]  eta: 0:00:43    time: 0.0407  data: 0.0000  max mem: 2691
      Evaluation: [1100/1978]  eta: 0:00:38    time: 0.0455  data: 0.0000  max mem: 2691
      Evaluation: [1200/1978]  eta: 0:00:34    time: 0.0432  data: 0.0000  max mem: 2691
      Evaluation: [1300/1978]  eta: 0:00:29    time: 0.0457  data: 0.0000  max mem: 2691
      Evaluation: [1400/1978]  eta: 0:00:25    time: 0.0440  data: 0.0000  max mem: 2691
      Evaluation: [1500/1978]  eta: 0:00:21    time: 0.0419  data: 0.0000  max mem: 2691
      Evaluation: [1600/1978]  eta: 0:00:16    time: 0.0444  data: 0.0000  max mem: 2691
      Evaluation: [1700/1978]  eta: 0:00:12    time: 0.0435  data: 0.0000  max mem: 2691
      Evaluation: [1800/1978]  eta: 0:00:07    time: 0.0474  data: 0.0000  max mem: 2691
      Evaluation: [1900/1978]  eta: 0:00:03    time: 0.0465  data: 0.0000  max mem: 2691
      Evaluation: [1977/1978]  eta: 0:00:00    time: 0.0432  data: 0.0000  max mem: 2691
      Evaluation: Total time: 0:01:27 (0.0441 s / it)
     Computing matching score time 0:01:27
### TTA ITM Score: 
+-------------------+--------+--------+--------+--------+--------+
|       epoch       |   R1   |   R5   |  R10   |  mAP   |  mINP  |
+-------------------+--------+--------+--------+--------+--------+
|        -999       | 69.414 | 95.197 | 97.776 | 81.233 | 81.233 |
|        -999       | 84.277 | 99.039 | 99.596 | 91.276 | 91.276 |
|  cos_sim_wo/norm  | 58.544 | 91.860 | 95.703 | 73.596 | 73.596 |
|        -999       | 69.414 | 95.197 | 97.776 | 81.233 | 81.233 |
| itm_score_wo/norm | 84.328 | 98.989 | 99.494 | 91.293 | 91.293 |
|        -999       | 84.277 | 99.039 | 99.596 | 91.276 | 91.276 |
|         0         | 84.328 | 99.039 | 99.596 | 91.301 | 91.301 |
|         1         | 84.631 | 99.039 | 99.596 | 91.453 | 91.453 |
|         2         | 84.681 | 98.989 | 99.596 | 91.447 | 91.447 |
|         4         | 84.580 | 98.938 | 99.494 | 91.357 | 91.357 |
|         9         | 84.631 | 98.635 | 99.343 | 91.330 | 91.330 |
|         14        | 84.530 | 98.686 | 99.191 | 91.240 | 91.240 |
|         19        | 84.732 | 98.686 | 99.242 | 91.364 | 91.364 |
|         29        | 84.732 | 98.736 | 99.242 | 91.381 | 91.381 |
+-------------------+--------+--------+--------+--------+--------+
     logs:  {'epo': 29, 'R1': np.float32(84.732), 'R5': np.float32(98.736), 'R10': np.float32(99.242), 'mAP': np.float32(91.381), 'mINP': np.float32(91.381), 'entropy': 0.108897, 'uncertainty': 1.0, 'uncertainty_coeffi': 1.0, 'loss': 0.108897, 'lr': 1.4e-05}
      TTA Epoch: [30] [ 0/78]  eta: 0:00:37  entropy: 0.0597  uncertainty: 1.0000  uncertainty_coeffi: 1.0000  loss: 0.0597  lr: 0.000014  time: 0.4864  data: 0.4223  max mem: 2691
      TTA Epoch: [30] [77/78]  eta: 0:00:00  entropy: 0.0851  uncertainty: 1.0000  uncertainty_coeffi: 1.0000  loss: 0.0851  lr: 0.000014  time: 0.0327  data: 0.0001  max mem: 2691
      TTA Epoch: [30] Total time: 0:00:03 (0.0398 s / it)
     Averaged stats: entropy: 0.1081  uncertainty: 1.0000  uncertainty_coeffi: 1.0000  loss: 0.1081  lr: 0.0000
     itm tta time 0:00:03
      TTA Epoch: [31] [ 0/78]  eta: 0:00:34  entropy: 0.1091  uncertainty: 1.0000  uncertainty_coeffi: 1.0000  loss: 0.1091  lr: 0.000014  time: 0.4410  data: 0.3911  max mem: 2691
      TTA Epoch: [31] [77/78]  eta: 0:00:00  entropy: 0.0858  uncertainty: 1.0000  uncertainty_coeffi: 1.0000  loss: 0.0858  lr: 0.000013  time: 0.0321  data: 0.0001  max mem: 2691
      TTA Epoch: [31] Total time: 0:00:03 (0.0390 s / it)
     Averaged stats: entropy: 0.1062  uncertainty: 1.0000  uncertainty_coeffi: 1.0000  loss: 0.1062  lr: 0.0000
     itm tta time 0:00:03
      TTA Epoch: [32] [ 0/78]  eta: 0:00:34  entropy: 0.1294  uncertainty: 1.0000  uncertainty_coeffi: 1.0000  loss: 0.1294  lr: 0.000013  time: 0.4465  data: 0.3956  max mem: 2691
      TTA Epoch: [32] [77/78]  eta: 0:00:00  entropy: 0.1375  uncertainty: 1.0000  uncertainty_coeffi: 1.0000  loss: 0.1375  lr: 0.000013  time: 0.0326  data: 0.0001  max mem: 2691
      TTA Epoch: [32] Total time: 0:00:03 (0.0390 s / it)
     Averaged stats: entropy: 0.0969  uncertainty: 1.0000  uncertainty_coeffi: 1.0000  loss: 0.0969  lr: 0.0000
     itm tta time 0:00:03
      TTA Epoch: [33] [ 0/78]  eta: 0:00:36  entropy: 0.0764  uncertainty: 1.0000  uncertainty_coeffi: 1.0000  loss: 0.0764  lr: 0.000013  time: 0.4734  data: 0.4252  max mem: 2691
      TTA Epoch: [33] [77/78]  eta: 0:00:00  entropy: 0.0959  uncertainty: 1.0000  uncertainty_coeffi: 1.0000  loss: 0.0959  lr: 0.000012  time: 0.0351  data: 0.0001  max mem: 2691
      TTA Epoch: [33] Total time: 0:00:03 (0.0410 s / it)
     Averaged stats: entropy: 0.1001  uncertainty: 1.0000  uncertainty_coeffi: 1.0000  loss: 0.1001  lr: 0.0000
     itm tta time 0:00:03
      TTA Epoch: [34] [ 0/78]  eta: 0:00:36  entropy: 0.1215  uncertainty: 1.0000  uncertainty_coeffi: 1.0000  loss: 0.1215  lr: 0.000012  time: 0.4730  data: 0.4257  max mem: 2691
      TTA Epoch: [34] [77/78]  eta: 0:00:00  entropy: 0.0590  uncertainty: 1.0000  uncertainty_coeffi: 1.0000  loss: 0.0590  lr: 0.000012  time: 0.0325  data: 0.0001  max mem: 2691
      TTA Epoch: [34] Total time: 0:00:03 (0.0399 s / it)
     Averaged stats: entropy: 0.1003  uncertainty: 1.0000  uncertainty_coeffi: 1.0000  loss: 0.1003  lr: 0.0000
     itm tta time 0:00:03
      TTA Epoch: [35] [ 0/78]  eta: 0:00:33  entropy: 0.2023  uncertainty: 1.0000  uncertainty_coeffi: 1.0000  loss: 0.2023  lr: 0.000012  time: 0.4234  data: 0.3678  max mem: 2691
      TTA Epoch: [35] [77/78]  eta: 0:00:00  entropy: 0.0774  uncertainty: 1.0000  uncertainty_coeffi: 1.0000  loss: 0.0774  lr: 0.000011  time: 0.0401  data: 0.0035  max mem: 2691
      TTA Epoch: [35] Total time: 0:00:03 (0.0444 s / it)
     Averaged stats: entropy: 0.1018  uncertainty: 1.0000  uncertainty_coeffi: 1.0000  loss: 0.1018  lr: 0.0000
     itm tta time 0:00:03
      TTA Epoch: [36] [ 0/78]  eta: 0:00:40  entropy: 0.0586  uncertainty: 1.0000  uncertainty_coeffi: 1.0000  loss: 0.0586  lr: 0.000011  time: 0.5152  data: 0.4371  max mem: 2691
      TTA Epoch: [36] [77/78]  eta: 0:00:00  entropy: 0.0322  uncertainty: 1.0000  uncertainty_coeffi: 1.0000  loss: 0.0322  lr: 0.000011  time: 0.0331  data: 0.0010  max mem: 2691
      TTA Epoch: [36] Total time: 0:00:03 (0.0432 s / it)
     Averaged stats: entropy: 0.0947  uncertainty: 1.0000  uncertainty_coeffi: 1.0000  loss: 0.0947  lr: 0.0000
     itm tta time 0:00:03
      TTA Epoch: [37] [ 0/78]  eta: 0:00:45  entropy: 0.1841  uncertainty: 1.0000  uncertainty_coeffi: 1.0000  loss: 0.1841  lr: 0.000011  time: 0.5822  data: 0.5326  max mem: 2691
      TTA Epoch: [37] [77/78]  eta: 0:00:00  entropy: 0.1166  uncertainty: 1.0000  uncertainty_coeffi: 1.0000  loss: 0.1166  lr: 0.000010  time: 0.0395  data: 0.0063  max mem: 2691
      TTA Epoch: [37] Total time: 0:00:03 (0.0460 s / it)
     Averaged stats: entropy: 0.0987  uncertainty: 1.0000  uncertainty_coeffi: 1.0000  loss: 0.0987  lr: 0.0000
     itm tta time 0:00:03
      TTA Epoch: [38] [ 0/78]  eta: 0:00:38  entropy: 0.0839  uncertainty: 1.0000  uncertainty_coeffi: 1.0000  loss: 0.0839  lr: 0.000010  time: 0.4903  data: 0.4417  max mem: 2691
      TTA Epoch: [38] [77/78]  eta: 0:00:00  entropy: 0.0766  uncertainty: 1.0000  uncertainty_coeffi: 1.0000  loss: 0.0766  lr: 0.000010  time: 0.0396  data: 0.0065  max mem: 2691
      TTA Epoch: [38] Total time: 0:00:03 (0.0429 s / it)
     Averaged stats: entropy: 0.0955  uncertainty: 1.0000  uncertainty_coeffi: 1.0000  loss: 0.0955  lr: 0.0000
     itm tta time 0:00:03
      TTA Epoch: [39] [ 0/78]  eta: 0:00:38  entropy: 0.1201  uncertainty: 1.0000  uncertainty_coeffi: 1.0000  loss: 0.1201  lr: 0.000010  time: 0.4927  data: 0.4428  max mem: 2691
      TTA Epoch: [39] [77/78]  eta: 0:00:00  entropy: 0.0788  uncertainty: 1.0000  uncertainty_coeffi: 1.0000  loss: 0.0788  lr: 0.000010  time: 0.0403  data: 0.0032  max mem: 2691
      TTA Epoch: [39] Total time: 0:00:03 (0.0454 s / it)
     Averaged stats: entropy: 0.0991  uncertainty: 1.0000  uncertainty_coeffi: 1.0000  loss: 0.0991  lr: 0.0000
     itm tta time 0:00:03
     Computing matching score
      Evaluation: [   0/1978]  eta: 0:01:33    time: 0.0471  data: 0.0033  max mem: 2691
      Evaluation: [ 100/1978]  eta: 0:01:20    time: 0.0426  data: 0.0000  max mem: 2691
      Evaluation: [ 200/1978]  eta: 0:01:16    time: 0.0427  data: 0.0000  max mem: 2691
      Evaluation: [ 300/1978]  eta: 0:01:12    time: 0.0429  data: 0.0000  max mem: 2691
      Evaluation: [ 400/1978]  eta: 0:01:08    time: 0.0440  data: 0.0000  max mem: 2691
      Evaluation: [ 500/1978]  eta: 0:01:04    time: 0.0417  data: 0.0000  max mem: 2691
      Evaluation: [ 600/1978]  eta: 0:01:00    time: 0.0430  data: 0.0000  max mem: 2691
      Evaluation: [ 700/1978]  eta: 0:00:55    time: 0.0445  data: 0.0000  max mem: 2691
      Evaluation: [ 800/1978]  eta: 0:00:51    time: 0.0448  data: 0.0000  max mem: 2691
      Evaluation: [ 900/1978]  eta: 0:00:47    time: 0.0435  data: 0.0000  max mem: 2691
      Evaluation: [1000/1978]  eta: 0:00:42    time: 0.0424  data: 0.0000  max mem: 2691
      Evaluation: [1100/1978]  eta: 0:00:38    time: 0.0436  data: 0.0000  max mem: 2691
      Evaluation: [1200/1978]  eta: 0:00:33    time: 0.0435  data: 0.0000  max mem: 2691
      Evaluation: [1300/1978]  eta: 0:00:29    time: 0.0463  data: 0.0000  max mem: 2691
      Evaluation: [1400/1978]  eta: 0:00:25    time: 0.0429  data: 0.0000  max mem: 2691
      Evaluation: [1500/1978]  eta: 0:00:20    time: 0.0443  data: 0.0000  max mem: 2691
      Evaluation: [1600/1978]  eta: 0:00:16    time: 0.0426  data: 0.0000  max mem: 2691
      Evaluation: [1700/1978]  eta: 0:00:12    time: 0.0441  data: 0.0000  max mem: 2691
      Evaluation: [1800/1978]  eta: 0:00:07    time: 0.0462  data: 0.0000  max mem: 2691
      Evaluation: [1900/1978]  eta: 0:00:03    time: 0.0440  data: 0.0000  max mem: 2691
      Evaluation: [1977/1978]  eta: 0:00:00    time: 0.0434  data: 0.0000  max mem: 2691
      Evaluation: Total time: 0:01:26 (0.0437 s / it)
     Computing matching score time 0:01:26
### TTA ITM Score: 
+-------------------+--------+--------+--------+--------+--------+
|       epoch       |   R1   |   R5   |  R10   |  mAP   |  mINP  |
+-------------------+--------+--------+--------+--------+--------+
|        -999       | 69.414 | 95.197 | 97.776 | 81.233 | 81.233 |
|        -999       | 84.277 | 99.039 | 99.596 | 91.276 | 91.276 |
|  cos_sim_wo/norm  | 58.544 | 91.860 | 95.703 | 73.596 | 73.596 |
|        -999       | 69.414 | 95.197 | 97.776 | 81.233 | 81.233 |
| itm_score_wo/norm | 84.328 | 98.989 | 99.494 | 91.293 | 91.293 |
|        -999       | 84.277 | 99.039 | 99.596 | 91.276 | 91.276 |
|         0         | 84.328 | 99.039 | 99.596 | 91.301 | 91.301 |
|         1         | 84.631 | 99.039 | 99.596 | 91.453 | 91.453 |
|         2         | 84.681 | 98.989 | 99.596 | 91.447 | 91.447 |
|         4         | 84.580 | 98.938 | 99.494 | 91.357 | 91.357 |
|         9         | 84.631 | 98.635 | 99.343 | 91.330 | 91.330 |
|         14        | 84.530 | 98.686 | 99.191 | 91.240 | 91.240 |
|         19        | 84.732 | 98.686 | 99.242 | 91.364 | 91.364 |
|         29        | 84.732 | 98.736 | 99.242 | 91.381 | 91.381 |
|         39        | 84.681 | 98.736 | 99.343 | 91.357 | 91.357 |
+-------------------+--------+--------+--------+--------+--------+
     logs:  {'epo': 39, 'R1': np.float32(84.681), 'R5': np.float32(98.736), 'R10': np.float32(99.343), 'mAP': np.float32(91.357), 'mINP': np.float32(91.357), 'entropy': 0.099078, 'uncertainty': 1.0, 'uncertainty_coeffi': 1.0, 'loss': 0.099078, 'lr': 1e-05}
      TTA Epoch: [40] [ 0/78]  eta: 0:00:38  entropy: 0.1429  uncertainty: 1.0000  uncertainty_coeffi: 1.0000  loss: 0.1429  lr: 0.000010  time: 0.4910  data: 0.4349  max mem: 2691
      TTA Epoch: [40] [77/78]  eta: 0:00:00  entropy: 0.0252  uncertainty: 1.0000  uncertainty_coeffi: 1.0000  loss: 0.0252  lr: 0.000009  time: 0.0335  data: 0.0001  max mem: 2691
      TTA Epoch: [40] Total time: 0:00:03 (0.0412 s / it)
     Averaged stats: entropy: 0.0965  uncertainty: 1.0000  uncertainty_coeffi: 1.0000  loss: 0.0965  lr: 0.0000
     itm tta time 0:00:03
      TTA Epoch: [41] [ 0/78]  eta: 0:00:35  entropy: 0.0892  uncertainty: 1.0000  uncertainty_coeffi: 1.0000  loss: 0.0892  lr: 0.000009  time: 0.4570  data: 0.4097  max mem: 2691
      TTA Epoch: [41] [77/78]  eta: 0:00:00  entropy: 0.0801  uncertainty: 1.0000  uncertainty_coeffi: 1.0000  loss: 0.0801  lr: 0.000009  time: 0.0323  data: 0.0001  max mem: 2691
      TTA Epoch: [41] Total time: 0:00:03 (0.0392 s / it)
     Averaged stats: entropy: 0.0953  uncertainty: 1.0000  uncertainty_coeffi: 1.0000  loss: 0.0953  lr: 0.0000
     itm tta time 0:00:03
      TTA Epoch: [42] [ 0/78]  eta: 0:00:36  entropy: 0.1125  uncertainty: 1.0000  uncertainty_coeffi: 1.0000  loss: 0.1125  lr: 0.000009  time: 0.4646  data: 0.4156  max mem: 2691
      TTA Epoch: [42] [77/78]  eta: 0:00:00  entropy: 0.0948  uncertainty: 1.0000  uncertainty_coeffi: 1.0000  loss: 0.0948  lr: 0.000008  time: 0.0324  data: 0.0001  max mem: 2691
      TTA Epoch: [42] Total time: 0:00:03 (0.0401 s / it)
     Averaged stats: entropy: 0.0944  uncertainty: 1.0000  uncertainty_coeffi: 1.0000  loss: 0.0944  lr: 0.0000
     itm tta time 0:00:03
      TTA Epoch: [43] [ 0/78]  eta: 0:00:36  entropy: 0.1232  uncertainty: 1.0000  uncertainty_coeffi: 1.0000  loss: 0.1232  lr: 0.000008  time: 0.4697  data: 0.3984  max mem: 2691
      TTA Epoch: [43] [77/78]  eta: 0:00:00  entropy: 0.1284  uncertainty: 1.0000  uncertainty_coeffi: 1.0000  loss: 0.1284  lr: 0.000008  time: 0.0358  data: 0.0028  max mem: 2691
      TTA Epoch: [43] Total time: 0:00:03 (0.0408 s / it)
     Averaged stats: entropy: 0.0932  uncertainty: 1.0000  uncertainty_coeffi: 1.0000  loss: 0.0932  lr: 0.0000
     itm tta time 0:00:03
      TTA Epoch: [44] [ 0/78]  eta: 0:00:40  entropy: 0.1090  uncertainty: 1.0000  uncertainty_coeffi: 1.0000  loss: 0.1090  lr: 0.000008  time: 0.5149  data: 0.4619  max mem: 2691
      TTA Epoch: [44] [77/78]  eta: 0:00:00  entropy: 0.1318  uncertainty: 1.0000  uncertainty_coeffi: 1.0000  loss: 0.1318  lr: 0.000003  time: 0.0372  data: 0.0044  max mem: 2691
      TTA Epoch: [44] Total time: 0:00:03 (0.0455 s / it)
     Averaged stats: entropy: 0.0896  uncertainty: 1.0000  uncertainty_coeffi: 1.0000  loss: 0.0896  lr: 0.0000
     itm tta time 0:00:03
      TTA Epoch: [45] [ 0/78]  eta: 0:00:34  entropy: 0.0384  uncertainty: 1.0000  uncertainty_coeffi: 1.0000  loss: 0.0384  lr: 0.000003  time: 0.4446  data: 0.3973  max mem: 2691
      TTA Epoch: [45] [77/78]  eta: 0:00:00  entropy: 0.0321  uncertainty: 1.0000  uncertainty_coeffi: 1.0000  loss: 0.0321  lr: 0.000003  time: 0.0410  data: 0.0040  max mem: 2691
      TTA Epoch: [45] Total time: 0:00:03 (0.0454 s / it)
     Averaged stats: entropy: 0.0965  uncertainty: 1.0000  uncertainty_coeffi: 1.0000  loss: 0.0965  lr: 0.0000
     itm tta time 0:00:03
      TTA Epoch: [46] [ 0/78]  eta: 0:00:39  entropy: 0.1140  uncertainty: 1.0000  uncertainty_coeffi: 1.0000  loss: 0.1140  lr: 0.000003  time: 0.5041  data: 0.4515  max mem: 2691
      TTA Epoch: [46] [77/78]  eta: 0:00:00  entropy: 0.0524  uncertainty: 1.0000  uncertainty_coeffi: 1.0000  loss: 0.0524  lr: 0.000003  time: 0.0394  data: 0.0058  max mem: 2691
      TTA Epoch: [46] Total time: 0:00:03 (0.0427 s / it)
     Averaged stats: entropy: 0.0980  uncertainty: 1.0000  uncertainty_coeffi: 1.0000  loss: 0.0980  lr: 0.0000
     itm tta time 0:00:03
      TTA Epoch: [47] [ 0/78]  eta: 0:00:49  entropy: 0.0963  uncertainty: 1.0000  uncertainty_coeffi: 1.0000  loss: 0.0963  lr: 0.000003  time: 0.6377  data: 0.5876  max mem: 2691
      TTA Epoch: [47] [77/78]  eta: 0:00:00  entropy: 0.2064  uncertainty: 1.0000  uncertainty_coeffi: 1.0000  loss: 0.2064  lr: 0.000002  time: 0.0395  data: 0.0070  max mem: 2691
      TTA Epoch: [47] Total time: 0:00:03 (0.0464 s / it)
     Averaged stats: entropy: 0.0969  uncertainty: 1.0000  uncertainty_coeffi: 1.0000  loss: 0.0969  lr: 0.0000
     itm tta time 0:00:03
      TTA Epoch: [48] [ 0/78]  eta: 0:00:34  entropy: 0.0863  uncertainty: 1.0000  uncertainty_coeffi: 1.0000  loss: 0.0863  lr: 0.000002  time: 0.4468  data: 0.4022  max mem: 2691
      TTA Epoch: [48] [77/78]  eta: 0:00:00  entropy: 0.0452  uncertainty: 1.0000  uncertainty_coeffi: 1.0000  loss: 0.0452  lr: 0.000002  time: 0.0397  data: 0.0065  max mem: 2691
      TTA Epoch: [48] Total time: 0:00:03 (0.0431 s / it)
     Averaged stats: entropy: 0.0955  uncertainty: 1.0000  uncertainty_coeffi: 1.0000  loss: 0.0955  lr: 0.0000
     itm tta time 0:00:03
      TTA Epoch: [49] [ 0/78]  eta: 0:00:41  entropy: 0.0569  uncertainty: 1.0000  uncertainty_coeffi: 1.0000  loss: 0.0569  lr: 0.000002  time: 0.5300  data: 0.4822  max mem: 2691
      TTA Epoch: [49] [77/78]  eta: 0:00:00  entropy: 0.1234  uncertainty: 1.0000  uncertainty_coeffi: 1.0000  loss: 0.1234  lr: 0.000002  time: 0.0324  data: 0.0002  max mem: 2691
      TTA Epoch: [49] Total time: 0:00:03 (0.0443 s / it)
     Averaged stats: entropy: 0.0926  uncertainty: 1.0000  uncertainty_coeffi: 1.0000  loss: 0.0926  lr: 0.0000
     itm tta time 0:00:03
     Computing matching score
      Evaluation: [   0/1978]  eta: 0:01:39    time: 0.0502  data: 0.0023  max mem: 2691
      Evaluation: [ 100/1978]  eta: 0:01:20    time: 0.0425  data: 0.0000  max mem: 2691
      Evaluation: [ 200/1978]  eta: 0:01:16    time: 0.0438  data: 0.0000  max mem: 2691
      Evaluation: [ 300/1978]  eta: 0:01:12    time: 0.0403  data: 0.0000  max mem: 2691
      Evaluation: [ 400/1978]  eta: 0:01:07    time: 0.0419  data: 0.0000  max mem: 2691
      Evaluation: [ 500/1978]  eta: 0:01:03    time: 0.0424  data: 0.0000  max mem: 2691
      Evaluation: [ 600/1978]  eta: 0:00:59    time: 0.0417  data: 0.0000  max mem: 2691
      Evaluation: [ 700/1978]  eta: 0:00:55    time: 0.0427  data: 0.0000  max mem: 2691
      Evaluation: [ 800/1978]  eta: 0:00:50    time: 0.0409  data: 0.0000  max mem: 2691
      Evaluation: [ 900/1978]  eta: 0:00:46    time: 0.0479  data: 0.0000  max mem: 2691
      Evaluation: [1000/1978]  eta: 0:00:42    time: 0.0434  data: 0.0000  max mem: 2691
      Evaluation: [1100/1978]  eta: 0:00:38    time: 0.0438  data: 0.0000  max mem: 2691
      Evaluation: [1200/1978]  eta: 0:00:33    time: 0.0440  data: 0.0000  max mem: 2691
      Evaluation: [1300/1978]  eta: 0:00:29    time: 0.0455  data: 0.0000  max mem: 2691
      Evaluation: [1400/1978]  eta: 0:00:25    time: 0.0438  data: 0.0000  max mem: 2691
      Evaluation: [1500/1978]  eta: 0:00:20    time: 0.0438  data: 0.0000  max mem: 2691
      Evaluation: [1600/1978]  eta: 0:00:16    time: 0.0457  data: 0.0000  max mem: 2691
      Evaluation: [1700/1978]  eta: 0:00:12    time: 0.0426  data: 0.0000  max mem: 2691
      Evaluation: [1800/1978]  eta: 0:00:07    time: 0.0435  data: 0.0000  max mem: 2691
      Evaluation: [1900/1978]  eta: 0:00:03    time: 0.0431  data: 0.0000  max mem: 2691
      Evaluation: [1977/1978]  eta: 0:00:00    time: 0.0448  data: 0.0000  max mem: 2691
      Evaluation: Total time: 0:01:26 (0.0436 s / it)
     Computing matching score time 0:01:26
### TTA ITM Score: 
+-------------------+--------+--------+--------+--------+--------+
|       epoch       |   R1   |   R5   |  R10   |  mAP   |  mINP  |
+-------------------+--------+--------+--------+--------+--------+
|        -999       | 69.414 | 95.197 | 97.776 | 81.233 | 81.233 |
|        -999       | 84.277 | 99.039 | 99.596 | 91.276 | 91.276 |
|  cos_sim_wo/norm  | 58.544 | 91.860 | 95.703 | 73.596 | 73.596 |
|        -999       | 69.414 | 95.197 | 97.776 | 81.233 | 81.233 |
| itm_score_wo/norm | 84.328 | 98.989 | 99.494 | 91.293 | 91.293 |
|        -999       | 84.277 | 99.039 | 99.596 | 91.276 | 91.276 |
|         0         | 84.328 | 99.039 | 99.596 | 91.301 | 91.301 |
|         1         | 84.631 | 99.039 | 99.596 | 91.453 | 91.453 |
|         2         | 84.681 | 98.989 | 99.596 | 91.447 | 91.447 |
|         4         | 84.580 | 98.938 | 99.494 | 91.357 | 91.357 |
|         9         | 84.631 | 98.635 | 99.343 | 91.330 | 91.330 |
|         14        | 84.530 | 98.686 | 99.191 | 91.240 | 91.240 |
|         19        | 84.732 | 98.686 | 99.242 | 91.364 | 91.364 |
|         29        | 84.732 | 98.736 | 99.242 | 91.381 | 91.381 |
|         39        | 84.681 | 98.736 | 99.343 | 91.357 | 91.357 |
|         49        | 84.681 | 98.736 | 99.292 | 91.329 | 91.329 |
+-------------------+--------+--------+--------+--------+--------+
     logs:  {'epo': 49, 'R1': np.float32(84.681), 'R5': np.float32(98.736), 'R10': np.float32(99.292), 'mAP': np.float32(91.329), 'mINP': np.float32(91.329), 'entropy': 0.092617, 'uncertainty': 1.0, 'uncertainty_coeffi': 1.0, 'loss': 0.092617, 'lr': 2e-06}
      TTA Epoch: [50] [ 0/78]  eta: 0:00:36  entropy: 0.0113  uncertainty: 1.0000  uncertainty_coeffi: 1.0000  loss: 0.0113  lr: 0.000002  time: 0.4743  data: 0.4236  max mem: 2691
      TTA Epoch: [50] [77/78]  eta: 0:00:00  entropy: 0.0143  uncertainty: 1.0000  uncertainty_coeffi: 1.0000  loss: 0.0143  lr: 0.000002  time: 0.0341  data: 0.0001  max mem: 2691
      TTA Epoch: [50] Total time: 0:00:03 (0.0406 s / it)
     Averaged stats: entropy: 0.0931  uncertainty: 1.0000  uncertainty_coeffi: 1.0000  loss: 0.0931  lr: 0.0000
     itm tta time 0:00:03
      TTA Epoch: [51] [ 0/78]  eta: 0:00:34  entropy: 0.0915  uncertainty: 1.0000  uncertainty_coeffi: 1.0000  loss: 0.0915  lr: 0.000002  time: 0.4466  data: 0.3967  max mem: 2691
      TTA Epoch: [51] [77/78]  eta: 0:00:00  entropy: 0.0509  uncertainty: 1.0000  uncertainty_coeffi: 1.0000  loss: 0.0509  lr: 0.000002  time: 0.0347  data: 0.0003  max mem: 2691
      TTA Epoch: [51] Total time: 0:00:03 (0.0400 s / it)
     Averaged stats: entropy: 0.0947  uncertainty: 1.0000  uncertainty_coeffi: 1.0000  loss: 0.0947  lr: 0.0000
     itm tta time 0:00:03
      TTA Epoch: [52] [ 0/78]  eta: 0:00:38  entropy: 0.0955  uncertainty: 1.0000  uncertainty_coeffi: 1.0000  loss: 0.0955  lr: 0.000002  time: 0.4948  data: 0.4460  max mem: 2691
      TTA Epoch: [52] [77/78]  eta: 0:00:00  entropy: 0.0694  uncertainty: 1.0000  uncertainty_coeffi: 1.0000  loss: 0.0694  lr: 0.000001  time: 0.0441  data: 0.0090  max mem: 2691
      TTA Epoch: [52] Total time: 0:00:03 (0.0471 s / it)
     Averaged stats: entropy: 0.0989  uncertainty: 1.0000  uncertainty_coeffi: 1.0000  loss: 0.0989  lr: 0.0000
     itm tta time 0:00:03
      TTA Epoch: [53] [ 0/78]  eta: 0:00:37  entropy: 0.1730  uncertainty: 1.0000  uncertainty_coeffi: 1.0000  loss: 0.1730  lr: 0.000001  time: 0.4797  data: 0.4338  max mem: 2691
      TTA Epoch: [53] [77/78]  eta: 0:00:00  entropy: 0.2070  uncertainty: 1.0000  uncertainty_coeffi: 1.0000  loss: 0.2070  lr: 0.000001  time: 0.0394  data: 0.0061  max mem: 2691
      TTA Epoch: [53] Total time: 0:00:03 (0.0433 s / it)
     Averaged stats: entropy: 0.0947  uncertainty: 1.0000  uncertainty_coeffi: 1.0000  loss: 0.0947  lr: 0.0000
     itm tta time 0:00:03
      TTA Epoch: [54] [ 0/78]  eta: 0:00:38  entropy: 0.0268  uncertainty: 1.0000  uncertainty_coeffi: 1.0000  loss: 0.0268  lr: 0.000001  time: 0.4951  data: 0.4459  max mem: 2691
      TTA Epoch: [54] [77/78]  eta: 0:00:00  entropy: 0.1052  uncertainty: 1.0000  uncertainty_coeffi: 1.0000  loss: 0.1052  lr: 0.000001  time: 0.0327  data: 0.0003  max mem: 2691
      TTA Epoch: [54] Total time: 0:00:03 (0.0448 s / it)
     Averaged stats: entropy: 0.0959  uncertainty: 1.0000  uncertainty_coeffi: 1.0000  loss: 0.0959  lr: 0.0000
     itm tta time 0:00:03
      TTA Epoch: [55] [ 0/78]  eta: 0:00:42  entropy: 0.1066  uncertainty: 1.0000  uncertainty_coeffi: 1.0000  loss: 0.1066  lr: 0.000001  time: 0.5395  data: 0.4873  max mem: 2691
      TTA Epoch: [55] [77/78]  eta: 0:00:00  entropy: 0.1697  uncertainty: 1.0000  uncertainty_coeffi: 1.0000  loss: 0.1697  lr: 0.000001  time: 0.0394  data: 0.0062  max mem: 2691
      TTA Epoch: [55] Total time: 0:00:03 (0.0461 s / it)
     Averaged stats: entropy: 0.0975  uncertainty: 1.0000  uncertainty_coeffi: 1.0000  loss: 0.0975  lr: 0.0000
     itm tta time 0:00:03
      TTA Epoch: [56] [ 0/78]  eta: 0:00:40  entropy: 0.0417  uncertainty: 1.0000  uncertainty_coeffi: 1.0000  loss: 0.0417  lr: 0.000001  time: 0.5200  data: 0.4636  max mem: 2691
      TTA Epoch: [56] [77/78]  eta: 0:00:00  entropy: 0.0286  uncertainty: 1.0000  uncertainty_coeffi: 1.0000  loss: 0.0286  lr: 0.000001  time: 0.0446  data: 0.0111  max mem: 2691
      TTA Epoch: [56] Total time: 0:00:03 (0.0446 s / it)
     Averaged stats: entropy: 0.0951  uncertainty: 1.0000  uncertainty_coeffi: 1.0000  loss: 0.0951  lr: 0.0000
     itm tta time 0:00:03
      TTA Epoch: [57] [ 0/78]  eta: 0:00:42  entropy: 0.0391  uncertainty: 1.0000  uncertainty_coeffi: 1.0000  loss: 0.0391  lr: 0.000001  time: 0.5434  data: 0.4943  max mem: 2691
      TTA Epoch: [57] [77/78]  eta: 0:00:00  entropy: 0.0535  uncertainty: 1.0000  uncertainty_coeffi: 1.0000  loss: 0.0535  lr: 0.000001  time: 0.0441  data: 0.0108  max mem: 2691
      TTA Epoch: [57] Total time: 0:00:03 (0.0500 s / it)
     Averaged stats: entropy: 0.0935  uncertainty: 1.0000  uncertainty_coeffi: 1.0000  loss: 0.0935  lr: 0.0000
     itm tta time 0:00:03
      TTA Epoch: [58] [ 0/78]  eta: 0:00:41  entropy: 0.1477  uncertainty: 1.0000  uncertainty_coeffi: 1.0000  loss: 0.1477  lr: 0.000001  time: 0.5381  data: 0.4934  max mem: 2691
      TTA Epoch: [58] [77/78]  eta: 0:00:00  entropy: 0.0480  uncertainty: 1.0000  uncertainty_coeffi: 1.0000  loss: 0.0480  lr: 0.000000  time: 0.0447  data: 0.0080  max mem: 2691
      TTA Epoch: [58] Total time: 0:00:03 (0.0474 s / it)
     Averaged stats: entropy: 0.0952  uncertainty: 1.0000  uncertainty_coeffi: 1.0000  loss: 0.0952  lr: 0.0000
     itm tta time 0:00:03
      TTA Epoch: [59] [ 0/78]  eta: 0:00:41  entropy: 0.0808  uncertainty: 1.0000  uncertainty_coeffi: 1.0000  loss: 0.0808  lr: 0.000000  time: 0.5282  data: 0.4802  max mem: 2691
      TTA Epoch: [59] [77/78]  eta: 0:00:00  entropy: 0.0540  uncertainty: 1.0000  uncertainty_coeffi: 1.0000  loss: 0.0540  lr: 0.000000  time: 0.0323  data: 0.0001  max mem: 2691
      TTA Epoch: [59] Total time: 0:00:03 (0.0427 s / it)
     Averaged stats: entropy: 0.0983  uncertainty: 1.0000  uncertainty_coeffi: 1.0000  loss: 0.0983  lr: 0.0000
     itm tta time 0:00:03
     Computing matching score
      Evaluation: [   0/1978]  eta: 0:01:31    time: 0.0464  data: 0.0032  max mem: 2691
      Evaluation: [ 100/1978]  eta: 0:01:19    time: 0.0431  data: 0.0000  max mem: 2691
      Evaluation: [ 200/1978]  eta: 0:01:15    time: 0.0422  data: 0.0000  max mem: 2691
      Evaluation: [ 300/1978]  eta: 0:01:11    time: 0.0429  data: 0.0000  max mem: 2691
      Evaluation: [ 400/1978]  eta: 0:01:07    time: 0.0417  data: 0.0000  max mem: 2691
      Evaluation: [ 500/1978]  eta: 0:01:03    time: 0.0428  data: 0.0000  max mem: 2691
      Evaluation: [ 600/1978]  eta: 0:00:58    time: 0.0426  data: 0.0000  max mem: 2691
      Evaluation: [ 700/1978]  eta: 0:00:54    time: 0.0434  data: 0.0000  max mem: 2691
      Evaluation: [ 800/1978]  eta: 0:00:50    time: 0.0416  data: 0.0000  max mem: 2691
      Evaluation: [ 900/1978]  eta: 0:00:46    time: 0.0411  data: 0.0000  max mem: 2691
      Evaluation: [1000/1978]  eta: 0:00:41    time: 0.0404  data: 0.0000  max mem: 2691
      Evaluation: [1100/1978]  eta: 0:00:37    time: 0.0405  data: 0.0000  max mem: 2691
      Evaluation: [1200/1978]  eta: 0:00:33    time: 0.0430  data: 0.0000  max mem: 2691
      Evaluation: [1300/1978]  eta: 0:00:29    time: 0.0428  data: 0.0000  max mem: 2691
      Evaluation: [1400/1978]  eta: 0:00:24    time: 0.0432  data: 0.0000  max mem: 2691
      Evaluation: [1500/1978]  eta: 0:00:20    time: 0.0416  data: 0.0000  max mem: 2691
      Evaluation: [1600/1978]  eta: 0:00:16    time: 0.0444  data: 0.0000  max mem: 2691
      Evaluation: [1700/1978]  eta: 0:00:11    time: 0.0478  data: 0.0000  max mem: 2691
      Evaluation: [1800/1978]  eta: 0:00:07    time: 0.0444  data: 0.0000  max mem: 2691
      Evaluation: [1900/1978]  eta: 0:00:03    time: 0.0451  data: 0.0000  max mem: 2691
      Evaluation: [1977/1978]  eta: 0:00:00    time: 0.0436  data: 0.0000  max mem: 2691
      Evaluation: Total time: 0:01:25 (0.0434 s / it)
     Computing matching score time 0:01:26
### TTA ITM Score: 
+-------------------+--------+--------+--------+--------+--------+
|       epoch       |   R1   |   R5   |  R10   |  mAP   |  mINP  |
+-------------------+--------+--------+--------+--------+--------+
|        -999       | 69.414 | 95.197 | 97.776 | 81.233 | 81.233 |
|        -999       | 84.277 | 99.039 | 99.596 | 91.276 | 91.276 |
|  cos_sim_wo/norm  | 58.544 | 91.860 | 95.703 | 73.596 | 73.596 |
|        -999       | 69.414 | 95.197 | 97.776 | 81.233 | 81.233 |
| itm_score_wo/norm | 84.328 | 98.989 | 99.494 | 91.293 | 91.293 |
|        -999       | 84.277 | 99.039 | 99.596 | 91.276 | 91.276 |
|         0         | 84.328 | 99.039 | 99.596 | 91.301 | 91.301 |
|         1         | 84.631 | 99.039 | 99.596 | 91.453 | 91.453 |
|         2         | 84.681 | 98.989 | 99.596 | 91.447 | 91.447 |
|         4         | 84.580 | 98.938 | 99.494 | 91.357 | 91.357 |
|         9         | 84.631 | 98.635 | 99.343 | 91.330 | 91.330 |
|         14        | 84.530 | 98.686 | 99.191 | 91.240 | 91.240 |
|         19        | 84.732 | 98.686 | 99.242 | 91.364 | 91.364 |
|         29        | 84.732 | 98.736 | 99.242 | 91.381 | 91.381 |
|         39        | 84.681 | 98.736 | 99.343 | 91.357 | 91.357 |
|         49        | 84.681 | 98.736 | 99.292 | 91.329 | 91.329 |
|         59        | 84.732 | 98.736 | 99.292 | 91.354 | 91.354 |
+-------------------+--------+--------+--------+--------+--------+
     logs:  {'epo': 59, 'R1': np.float32(84.732), 'R5': np.float32(98.736), 'R10': np.float32(99.292), 'mAP': np.float32(91.354), 'mINP': np.float32(91.354), 'entropy': 0.098335, 'uncertainty': 1.0, 'uncertainty_coeffi': 1.0, 'loss': 0.098335, 'lr': 0.0}
### best epoch 19 : {'epo': '19', 'R1': '84.732', 'R5': '98.686', 'R10': '99.242', 'mAP': '91.364', 'mINP': '91.364', 'entropy': '0.121479', 'uncertainty': '1.0', 'uncertainty_coeffi': '1.0', 'loss': '0.121479', 'lr': '3.8e-05'}
### Time 0:19:41
NNODES,  1
NODE_RANK,  0
MASTER_ADDR,  127.0.0.1
MASTER_PORT,  1612
NPROC_PER_NODE,  2
task:  exp2.0.3
config:  configs_rerun4/exp2.0.3.yaml
output_dir:  output_rerun4/exp2.0.3/2025092110553
python3 tta.py --config configs_rerun4/exp2.0.3.yaml --task exp2.0.3 --output_dir output_rerun4/exp2.0.3/2025092110553 --checkpoint checkpoint/cmp.pth --bs 0 --epo 0 --lr 0.0 --seed 42 --tta
