/home/jiahao/miniconda3/envs/cmp/lib/python3.10/site-packages/torch/functional.py:554: UserWarning: torch.meshgrid: in an upcoming release, it will be required to pass the indexing argument. (Triggered internally at /pytorch/aten/src/ATen/native/TensorShape.cpp:4322.)
  return _VF.meshgrid(tensors, **kwargs)  # type: ignore[attr-defined]
Not using distributed mode
### Hyper-parameters:
     seed: 42
     device: cuda
     output_dir: output_rerun4/exp2/2025092109510
     batch_size_tta: 16
     epochs: 60
     lr: 0.001
### Creating test dataset
from data/PAB/annotation/test/attr.json loading 1978 data
     test dataset -->    be_pose_img: True
     test_dataset: 1978
### Creating test dataloader
### be careful: func create_loader returns a list length of 1
     test_loader: 90
### Creating model
build_vision_encoder: load swin 224 x 224 ====>
missing_keys:  []
unexpected_keys:  ['head.weight', 'head.bias']
build_text_encoder: load bert ====>
missing_keys: ['bert.encoder.layer.10.crossattention.output.LayerNorm.bias', 'bert.encoder.layer.10.crossattention.output.LayerNorm.weight', 'bert.encoder.layer.10.crossattention.output.dense.bias', 'bert.encoder.layer.10.crossattention.output.dense.weight', 'bert.encoder.layer.10.crossattention.self.key.bias', 'bert.encoder.layer.10.crossattention.self.key.weight', 'bert.encoder.layer.10.crossattention.self.query.bias', 'bert.encoder.layer.10.crossattention.self.query.weight', 'bert.encoder.layer.10.crossattention.self.value.bias', 'bert.encoder.layer.10.crossattention.self.value.weight', 'bert.encoder.layer.11.crossattention.output.LayerNorm.bias', 'bert.encoder.layer.11.crossattention.output.LayerNorm.weight', 'bert.encoder.layer.11.crossattention.output.dense.bias', 'bert.encoder.layer.11.crossattention.output.dense.weight', 'bert.encoder.layer.11.crossattention.self.key.bias', 'bert.encoder.layer.11.crossattention.self.key.weight', 'bert.encoder.layer.11.crossattention.self.query.bias', 'bert.encoder.layer.11.crossattention.self.query.weight', 'bert.encoder.layer.11.crossattention.self.value.bias', 'bert.encoder.layer.11.crossattention.self.value.weight', 'bert.encoder.layer.6.crossattention.output.LayerNorm.bias', 'bert.encoder.layer.6.crossattention.output.LayerNorm.weight', 'bert.encoder.layer.6.crossattention.output.dense.bias', 'bert.encoder.layer.6.crossattention.output.dense.weight', 'bert.encoder.layer.6.crossattention.self.key.bias', 'bert.encoder.layer.6.crossattention.self.key.weight', 'bert.encoder.layer.6.crossattention.self.query.bias', 'bert.encoder.layer.6.crossattention.self.query.weight', 'bert.encoder.layer.6.crossattention.self.value.bias', 'bert.encoder.layer.6.crossattention.self.value.weight', 'bert.encoder.layer.7.crossattention.output.LayerNorm.bias', 'bert.encoder.layer.7.crossattention.output.LayerNorm.weight', 'bert.encoder.layer.7.crossattention.output.dense.bias', 'bert.encoder.layer.7.crossattention.output.dense.weight', 'bert.encoder.layer.7.crossattention.self.key.bias', 'bert.encoder.layer.7.crossattention.self.key.weight', 'bert.encoder.layer.7.crossattention.self.query.bias', 'bert.encoder.layer.7.crossattention.self.query.weight', 'bert.encoder.layer.7.crossattention.self.value.bias', 'bert.encoder.layer.7.crossattention.self.value.weight', 'bert.encoder.layer.8.crossattention.output.LayerNorm.bias', 'bert.encoder.layer.8.crossattention.output.LayerNorm.weight', 'bert.encoder.layer.8.crossattention.output.dense.bias', 'bert.encoder.layer.8.crossattention.output.dense.weight', 'bert.encoder.layer.8.crossattention.self.key.bias', 'bert.encoder.layer.8.crossattention.self.key.weight', 'bert.encoder.layer.8.crossattention.self.query.bias', 'bert.encoder.layer.8.crossattention.self.query.weight', 'bert.encoder.layer.8.crossattention.self.value.bias', 'bert.encoder.layer.8.crossattention.self.value.weight', 'bert.encoder.layer.9.crossattention.output.LayerNorm.bias', 'bert.encoder.layer.9.crossattention.output.LayerNorm.weight', 'bert.encoder.layer.9.crossattention.output.dense.bias', 'bert.encoder.layer.9.crossattention.output.dense.weight', 'bert.encoder.layer.9.crossattention.self.key.bias', 'bert.encoder.layer.9.crossattention.self.key.weight', 'bert.encoder.layer.9.crossattention.self.query.bias', 'bert.encoder.layer.9.crossattention.self.query.weight', 'bert.encoder.layer.9.crossattention.self.value.bias', 'bert.encoder.layer.9.crossattention.self.value.weight']
unexpected_keys: ['cls.seq_relationship.bias', 'cls.seq_relationship.weight']
mismatched_keys: []
error_msgs: []
Label Smooth: 0.2
pose_conv
load checkpoint from checkpoint/cmp.pth
missing_keys:  ['uncertainty_temper', 'prompt_learning_embedding']
unexpected_keys:  []
     Total Params Sum:  254264985
### Inference ITC similiarity matrix
     Computing text features for evaluation
     Computing image features for evaluation
/home/jiahao/task/CMP/eval.py:129: UserWarning: To copy construct from a tensor, it is recommended to use sourceTensor.detach().clone() or sourceTensor.detach().clone().requires_grad_(True), rather than torch.tensor(sourceTensor).
  similarity = torch.tensor(scores_t2i)
     Computing features time 0:00:11
### Zero-Shot ITC Score: 
+-------+--------+--------+--------+--------+--------+
| epoch |   R1   |   R5   |  R10   |  mAP   |  mINP  |
+-------+--------+--------+--------+--------+--------+
|  -999 | 69.414 | 95.197 | 97.776 | 81.233 | 81.233 |
+-------+--------+--------+--------+--------+--------+
     Computing matching score
      Evaluation: [   0/1978]  eta: 0:02:04    time: 0.0631  data: 0.0041  max mem: 2603
      Evaluation: [ 100/1978]  eta: 0:01:25    time: 0.0457  data: 0.0000  max mem: 2603
      Evaluation: [ 200/1978]  eta: 0:01:21    time: 0.0462  data: 0.0000  max mem: 2603
      Evaluation: [ 300/1978]  eta: 0:01:15    time: 0.0422  data: 0.0000  max mem: 2603
      Evaluation: [ 400/1978]  eta: 0:01:10    time: 0.0436  data: 0.0000  max mem: 2603
      Evaluation: [ 500/1978]  eta: 0:01:05    time: 0.0431  data: 0.0000  max mem: 2603
      Evaluation: [ 600/1978]  eta: 0:01:00    time: 0.0436  data: 0.0000  max mem: 2603
      Evaluation: [ 700/1978]  eta: 0:00:56    time: 0.0460  data: 0.0000  max mem: 2603
      Evaluation: [ 800/1978]  eta: 0:00:51    time: 0.0479  data: 0.0000  max mem: 2603
      Evaluation: [ 900/1978]  eta: 0:00:47    time: 0.0447  data: 0.0000  max mem: 2603
      Evaluation: [1000/1978]  eta: 0:00:43    time: 0.0417  data: 0.0000  max mem: 2603
      Evaluation: [1100/1978]  eta: 0:00:38    time: 0.0420  data: 0.0000  max mem: 2603
      Evaluation: [1200/1978]  eta: 0:00:34    time: 0.0471  data: 0.0000  max mem: 2603
      Evaluation: [1300/1978]  eta: 0:00:29    time: 0.0437  data: 0.0000  max mem: 2603
      Evaluation: [1400/1978]  eta: 0:00:25    time: 0.0428  data: 0.0000  max mem: 2603
      Evaluation: [1500/1978]  eta: 0:00:20    time: 0.0439  data: 0.0000  max mem: 2603
      Evaluation: [1600/1978]  eta: 0:00:16    time: 0.0416  data: 0.0000  max mem: 2603
      Evaluation: [1700/1978]  eta: 0:00:12    time: 0.0416  data: 0.0000  max mem: 2603
      Evaluation: [1800/1978]  eta: 0:00:07    time: 0.0427  data: 0.0000  max mem: 2603
      Evaluation: [1900/1978]  eta: 0:00:03    time: 0.0443  data: 0.0000  max mem: 2603
      Evaluation: [1977/1978]  eta: 0:00:00    time: 0.0468  data: 0.0000  max mem: 2603
      Evaluation: Total time: 0:01:26 (0.0439 s / it)
     Computing matching score time 0:01:27
### Zero-Shot ITM Score: 
+-------+--------+--------+--------+--------+--------+
| epoch |   R1   |   R5   |  R10   |  mAP   |  mINP  |
+-------+--------+--------+--------+--------+--------+
|  -999 | 69.414 | 95.197 | 97.776 | 81.233 | 81.233 |
|  -999 | 84.277 | 99.039 | 99.596 | 91.276 | 91.276 |
+-------+--------+--------+--------+--------+--------+
### Zero-Shot Score: 
+-------------------+--------+--------+--------+--------+--------+
|       epoch       |   R1   |   R5   |  R10   |  mAP   |  mINP  |
+-------------------+--------+--------+--------+--------+--------+
|        -999       | 69.414 | 95.197 | 97.776 | 81.233 | 81.233 |
|        -999       | 84.277 | 99.039 | 99.596 | 91.276 | 91.276 |
|  cos_sim_wo/norm  | 58.544 | 91.860 | 95.703 | 73.596 | 73.596 |
|        -999       | 69.414 | 95.197 | 97.776 | 81.233 | 81.233 |
| itm_score_wo/norm | 84.328 | 98.989 | 99.494 | 91.293 | 91.293 |
|        -999       | 84.277 | 99.039 | 99.596 | 91.276 | 91.276 |
+-------------------+--------+--------+--------+--------+--------+
### TTA:
     preprocess_tta_coefficients  start
     sample selection ...
     number of sample after sample_selection: 1257
     uncertainty ...
     preprocess_tta_coefficients  end
### Creating tta dataset
     tta_dataset: 1257
### Creating tta dataloader
### be careful: func create_loader returns a list length of 1
     tta_loader: 78
### Configure adapted weights
     TTA Dropout Modules: 
 [('vision_encoder.pos_drop', Dropout(p=0, inplace=False), True), ('vision_encoder.layers.0.blocks.0.attn.attn_drop', Dropout(p=0.0, inplace=False), True), ('vision_encoder.layers.0.blocks.0.attn.proj_drop', Dropout(p=0, inplace=False), True), ('vision_encoder.layers.0.blocks.0.mlp.drop', Dropout(p=0, inplace=False), True), ('vision_encoder.layers.0.blocks.1.attn.attn_drop', Dropout(p=0.0, inplace=False), True), ('vision_encoder.layers.0.blocks.1.attn.proj_drop', Dropout(p=0, inplace=False), True), ('vision_encoder.layers.0.blocks.1.mlp.drop', Dropout(p=0, inplace=False), True), ('vision_encoder.layers.1.blocks.0.attn.attn_drop', Dropout(p=0.0, inplace=False), True), ('vision_encoder.layers.1.blocks.0.attn.proj_drop', Dropout(p=0, inplace=False), True), ('vision_encoder.layers.1.blocks.0.mlp.drop', Dropout(p=0, inplace=False), True), ('vision_encoder.layers.1.blocks.1.attn.attn_drop', Dropout(p=0.0, inplace=False), True), ('vision_encoder.layers.1.blocks.1.attn.proj_drop', Dropout(p=0, inplace=False), True), ('vision_encoder.layers.1.blocks.1.mlp.drop', Dropout(p=0, inplace=False), True), ('vision_encoder.layers.2.blocks.0.attn.attn_drop', Dropout(p=0.0, inplace=False), True), ('vision_encoder.layers.2.blocks.0.attn.proj_drop', Dropout(p=0, inplace=False), True), ('vision_encoder.layers.2.blocks.0.mlp.drop', Dropout(p=0, inplace=False), True), ('vision_encoder.layers.2.blocks.1.attn.attn_drop', Dropout(p=0.0, inplace=False), True), ('vision_encoder.layers.2.blocks.1.attn.proj_drop', Dropout(p=0, inplace=False), True), ('vision_encoder.layers.2.blocks.1.mlp.drop', Dropout(p=0, inplace=False), True), ('vision_encoder.layers.2.blocks.2.attn.attn_drop', Dropout(p=0.0, inplace=False), True), ('vision_encoder.layers.2.blocks.2.attn.proj_drop', Dropout(p=0, inplace=False), True), ('vision_encoder.layers.2.blocks.2.mlp.drop', Dropout(p=0, inplace=False), True), ('vision_encoder.layers.2.blocks.3.attn.attn_drop', Dropout(p=0.0, inplace=False), True), ('vision_encoder.layers.2.blocks.3.attn.proj_drop', Dropout(p=0, inplace=False), True), ('vision_encoder.layers.2.blocks.3.mlp.drop', Dropout(p=0, inplace=False), True), ('vision_encoder.layers.2.blocks.4.attn.attn_drop', Dropout(p=0.0, inplace=False), True), ('vision_encoder.layers.2.blocks.4.attn.proj_drop', Dropout(p=0, inplace=False), True), ('vision_encoder.layers.2.blocks.4.mlp.drop', Dropout(p=0, inplace=False), True), ('vision_encoder.layers.2.blocks.5.attn.attn_drop', Dropout(p=0.0, inplace=False), True), ('vision_encoder.layers.2.blocks.5.attn.proj_drop', Dropout(p=0, inplace=False), True), ('vision_encoder.layers.2.blocks.5.mlp.drop', Dropout(p=0, inplace=False), True), ('vision_encoder.layers.2.blocks.6.attn.attn_drop', Dropout(p=0.0, inplace=False), True), ('vision_encoder.layers.2.blocks.6.attn.proj_drop', Dropout(p=0, inplace=False), True), ('vision_encoder.layers.2.blocks.6.mlp.drop', Dropout(p=0, inplace=False), True), ('vision_encoder.layers.2.blocks.7.attn.attn_drop', Dropout(p=0.0, inplace=False), True), ('vision_encoder.layers.2.blocks.7.attn.proj_drop', Dropout(p=0, inplace=False), True), ('vision_encoder.layers.2.blocks.7.mlp.drop', Dropout(p=0, inplace=False), True), ('vision_encoder.layers.2.blocks.8.attn.attn_drop', Dropout(p=0.0, inplace=False), True), ('vision_encoder.layers.2.blocks.8.attn.proj_drop', Dropout(p=0, inplace=False), True), ('vision_encoder.layers.2.blocks.8.mlp.drop', Dropout(p=0, inplace=False), True), ('vision_encoder.layers.2.blocks.9.attn.attn_drop', Dropout(p=0.0, inplace=False), True), ('vision_encoder.layers.2.blocks.9.attn.proj_drop', Dropout(p=0, inplace=False), True), ('vision_encoder.layers.2.blocks.9.mlp.drop', Dropout(p=0, inplace=False), True), ('vision_encoder.layers.2.blocks.10.attn.attn_drop', Dropout(p=0.0, inplace=False), True), ('vision_encoder.layers.2.blocks.10.attn.proj_drop', Dropout(p=0, inplace=False), True), ('vision_encoder.layers.2.blocks.10.mlp.drop', Dropout(p=0, inplace=False), True), ('vision_encoder.layers.2.blocks.11.attn.attn_drop', Dropout(p=0.0, inplace=False), True), ('vision_encoder.layers.2.blocks.11.attn.proj_drop', Dropout(p=0, inplace=False), True), ('vision_encoder.layers.2.blocks.11.mlp.drop', Dropout(p=0, inplace=False), True), ('vision_encoder.layers.2.blocks.12.attn.attn_drop', Dropout(p=0.0, inplace=False), True), ('vision_encoder.layers.2.blocks.12.attn.proj_drop', Dropout(p=0, inplace=False), True), ('vision_encoder.layers.2.blocks.12.mlp.drop', Dropout(p=0, inplace=False), True), ('vision_encoder.layers.2.blocks.13.attn.attn_drop', Dropout(p=0.0, inplace=False), True), ('vision_encoder.layers.2.blocks.13.attn.proj_drop', Dropout(p=0, inplace=False), True), ('vision_encoder.layers.2.blocks.13.mlp.drop', Dropout(p=0, inplace=False), True), ('vision_encoder.layers.2.blocks.14.attn.attn_drop', Dropout(p=0.0, inplace=False), True), ('vision_encoder.layers.2.blocks.14.attn.proj_drop', Dropout(p=0, inplace=False), True), ('vision_encoder.layers.2.blocks.14.mlp.drop', Dropout(p=0, inplace=False), True), ('vision_encoder.layers.2.blocks.15.attn.attn_drop', Dropout(p=0.0, inplace=False), True), ('vision_encoder.layers.2.blocks.15.attn.proj_drop', Dropout(p=0, inplace=False), True), ('vision_encoder.layers.2.blocks.15.mlp.drop', Dropout(p=0, inplace=False), True), ('vision_encoder.layers.2.blocks.16.attn.attn_drop', Dropout(p=0.0, inplace=False), True), ('vision_encoder.layers.2.blocks.16.attn.proj_drop', Dropout(p=0, inplace=False), True), ('vision_encoder.layers.2.blocks.16.mlp.drop', Dropout(p=0, inplace=False), True), ('vision_encoder.layers.2.blocks.17.attn.attn_drop', Dropout(p=0.0, inplace=False), True), ('vision_encoder.layers.2.blocks.17.attn.proj_drop', Dropout(p=0, inplace=False), True), ('vision_encoder.layers.2.blocks.17.mlp.drop', Dropout(p=0, inplace=False), True), ('vision_encoder.layers.3.blocks.0.attn.attn_drop', Dropout(p=0.0, inplace=False), True), ('vision_encoder.layers.3.blocks.0.attn.proj_drop', Dropout(p=0, inplace=False), True), ('vision_encoder.layers.3.blocks.0.mlp.drop', Dropout(p=0, inplace=False), True), ('vision_encoder.layers.3.blocks.1.attn.attn_drop', Dropout(p=0.0, inplace=False), True), ('vision_encoder.layers.3.blocks.1.attn.proj_drop', Dropout(p=0, inplace=False), True), ('vision_encoder.layers.3.blocks.1.mlp.drop', Dropout(p=0, inplace=False), True), ('text_encoder.bert.embeddings.dropout', Dropout(p=0.1, inplace=False), True), ('text_encoder.bert.encoder.layer.0.attention.self.dropout', Dropout(p=0.1, inplace=False), True), ('text_encoder.bert.encoder.layer.0.attention.output.dropout', Dropout(p=0.1, inplace=False), True), ('text_encoder.bert.encoder.layer.0.output.dropout', Dropout(p=0.1, inplace=False), True), ('text_encoder.bert.encoder.layer.1.attention.self.dropout', Dropout(p=0.1, inplace=False), True), ('text_encoder.bert.encoder.layer.1.attention.output.dropout', Dropout(p=0.1, inplace=False), True), ('text_encoder.bert.encoder.layer.1.output.dropout', Dropout(p=0.1, inplace=False), True), ('text_encoder.bert.encoder.layer.2.attention.self.dropout', Dropout(p=0.1, inplace=False), True), ('text_encoder.bert.encoder.layer.2.attention.output.dropout', Dropout(p=0.1, inplace=False), True), ('text_encoder.bert.encoder.layer.2.output.dropout', Dropout(p=0.1, inplace=False), True), ('text_encoder.bert.encoder.layer.3.attention.self.dropout', Dropout(p=0.1, inplace=False), True), ('text_encoder.bert.encoder.layer.3.attention.output.dropout', Dropout(p=0.1, inplace=False), True), ('text_encoder.bert.encoder.layer.3.output.dropout', Dropout(p=0.1, inplace=False), True), ('text_encoder.bert.encoder.layer.4.attention.self.dropout', Dropout(p=0.1, inplace=False), True), ('text_encoder.bert.encoder.layer.4.attention.output.dropout', Dropout(p=0.1, inplace=False), True), ('text_encoder.bert.encoder.layer.4.output.dropout', Dropout(p=0.1, inplace=False), True), ('text_encoder.bert.encoder.layer.5.attention.self.dropout', Dropout(p=0.1, inplace=False), True), ('text_encoder.bert.encoder.layer.5.attention.output.dropout', Dropout(p=0.1, inplace=False), True), ('text_encoder.bert.encoder.layer.5.output.dropout', Dropout(p=0.1, inplace=False), True), ('text_encoder.bert.encoder.layer.6.attention.self.dropout', Dropout(p=0.1, inplace=False), True), ('text_encoder.bert.encoder.layer.6.attention.output.dropout', Dropout(p=0.1, inplace=False), True), ('text_encoder.bert.encoder.layer.6.crossattention.self.dropout', Dropout(p=0.1, inplace=False), True), ('text_encoder.bert.encoder.layer.6.crossattention.output.dropout', Dropout(p=0.1, inplace=False), True), ('text_encoder.bert.encoder.layer.6.output.dropout', Dropout(p=0.1, inplace=False), True), ('text_encoder.bert.encoder.layer.7.attention.self.dropout', Dropout(p=0.1, inplace=False), True), ('text_encoder.bert.encoder.layer.7.attention.output.dropout', Dropout(p=0.1, inplace=False), True), ('text_encoder.bert.encoder.layer.7.crossattention.self.dropout', Dropout(p=0.1, inplace=False), True), ('text_encoder.bert.encoder.layer.7.crossattention.output.dropout', Dropout(p=0.1, inplace=False), True), ('text_encoder.bert.encoder.layer.7.output.dropout', Dropout(p=0.1, inplace=False), True), ('text_encoder.bert.encoder.layer.8.attention.self.dropout', Dropout(p=0.1, inplace=False), True), ('text_encoder.bert.encoder.layer.8.attention.output.dropout', Dropout(p=0.1, inplace=False), True), ('text_encoder.bert.encoder.layer.8.crossattention.self.dropout', Dropout(p=0.1, inplace=False), True), ('text_encoder.bert.encoder.layer.8.crossattention.output.dropout', Dropout(p=0.1, inplace=False), True), ('text_encoder.bert.encoder.layer.8.output.dropout', Dropout(p=0.1, inplace=False), True), ('text_encoder.bert.encoder.layer.9.attention.self.dropout', Dropout(p=0.1, inplace=False), True), ('text_encoder.bert.encoder.layer.9.attention.output.dropout', Dropout(p=0.1, inplace=False), True), ('text_encoder.bert.encoder.layer.9.crossattention.self.dropout', Dropout(p=0.1, inplace=False), True), ('text_encoder.bert.encoder.layer.9.crossattention.output.dropout', Dropout(p=0.1, inplace=False), True), ('text_encoder.bert.encoder.layer.9.output.dropout', Dropout(p=0.1, inplace=False), True), ('text_encoder.bert.encoder.layer.10.attention.self.dropout', Dropout(p=0.1, inplace=False), True), ('text_encoder.bert.encoder.layer.10.attention.output.dropout', Dropout(p=0.1, inplace=False), True), ('text_encoder.bert.encoder.layer.10.crossattention.self.dropout', Dropout(p=0.1, inplace=False), True), ('text_encoder.bert.encoder.layer.10.crossattention.output.dropout', Dropout(p=0.1, inplace=False), True), ('text_encoder.bert.encoder.layer.10.output.dropout', Dropout(p=0.1, inplace=False), True), ('text_encoder.bert.encoder.layer.11.attention.self.dropout', Dropout(p=0.1, inplace=False), True), ('text_encoder.bert.encoder.layer.11.attention.output.dropout', Dropout(p=0.1, inplace=False), True), ('text_encoder.bert.encoder.layer.11.crossattention.self.dropout', Dropout(p=0.1, inplace=False), True), ('text_encoder.bert.encoder.layer.11.crossattention.output.dropout', Dropout(p=0.1, inplace=False), True), ('text_encoder.bert.encoder.layer.11.output.dropout', Dropout(p=0.1, inplace=False), True), ('vision_proj.1', Dropout(p=0.5, inplace=False), True), ('text_proj.1', Dropout(p=0.5, inplace=False), True), ('pose_block.attn.attn_drop', Dropout(p=0.0, inplace=False), True), ('pose_block.attn.proj_drop', Dropout(p=0.0, inplace=False), True)]
     TTA Require Gradient Params: 
 [('text_encoder.bert.embeddings.LayerNorm.weight', torch.Size([768])), ('text_encoder.bert.embeddings.LayerNorm.bias', torch.Size([768])), ('text_encoder.bert.encoder.layer.6.attention.output.LayerNorm.weight', torch.Size([768])), ('text_encoder.bert.encoder.layer.6.attention.output.LayerNorm.bias', torch.Size([768])), ('text_encoder.bert.encoder.layer.6.crossattention.output.LayerNorm.weight', torch.Size([768])), ('text_encoder.bert.encoder.layer.6.crossattention.output.LayerNorm.bias', torch.Size([768])), ('text_encoder.bert.encoder.layer.6.output.LayerNorm.weight', torch.Size([768])), ('text_encoder.bert.encoder.layer.6.output.LayerNorm.bias', torch.Size([768])), ('text_encoder.bert.encoder.layer.7.attention.output.LayerNorm.weight', torch.Size([768])), ('text_encoder.bert.encoder.layer.7.attention.output.LayerNorm.bias', torch.Size([768])), ('text_encoder.bert.encoder.layer.7.crossattention.output.LayerNorm.weight', torch.Size([768])), ('text_encoder.bert.encoder.layer.7.crossattention.output.LayerNorm.bias', torch.Size([768])), ('text_encoder.bert.encoder.layer.7.output.LayerNorm.weight', torch.Size([768])), ('text_encoder.bert.encoder.layer.7.output.LayerNorm.bias', torch.Size([768])), ('text_encoder.bert.encoder.layer.8.attention.output.LayerNorm.weight', torch.Size([768])), ('text_encoder.bert.encoder.layer.8.attention.output.LayerNorm.bias', torch.Size([768])), ('text_encoder.bert.encoder.layer.8.crossattention.output.LayerNorm.weight', torch.Size([768])), ('text_encoder.bert.encoder.layer.8.crossattention.output.LayerNorm.bias', torch.Size([768])), ('text_encoder.bert.encoder.layer.8.output.LayerNorm.weight', torch.Size([768])), ('text_encoder.bert.encoder.layer.8.output.LayerNorm.bias', torch.Size([768])), ('text_encoder.bert.encoder.layer.9.attention.output.LayerNorm.weight', torch.Size([768])), ('text_encoder.bert.encoder.layer.9.attention.output.LayerNorm.bias', torch.Size([768])), ('text_encoder.bert.encoder.layer.9.crossattention.output.LayerNorm.weight', torch.Size([768])), ('text_encoder.bert.encoder.layer.9.crossattention.output.LayerNorm.bias', torch.Size([768])), ('text_encoder.bert.encoder.layer.9.output.LayerNorm.weight', torch.Size([768])), ('text_encoder.bert.encoder.layer.9.output.LayerNorm.bias', torch.Size([768])), ('text_encoder.bert.encoder.layer.10.attention.output.LayerNorm.weight', torch.Size([768])), ('text_encoder.bert.encoder.layer.10.attention.output.LayerNorm.bias', torch.Size([768])), ('text_encoder.bert.encoder.layer.10.crossattention.output.LayerNorm.weight', torch.Size([768])), ('text_encoder.bert.encoder.layer.10.crossattention.output.LayerNorm.bias', torch.Size([768])), ('text_encoder.bert.encoder.layer.10.output.LayerNorm.weight', torch.Size([768])), ('text_encoder.bert.encoder.layer.10.output.LayerNorm.bias', torch.Size([768])), ('text_encoder.bert.encoder.layer.11.attention.output.LayerNorm.weight', torch.Size([768])), ('text_encoder.bert.encoder.layer.11.attention.output.LayerNorm.bias', torch.Size([768])), ('text_encoder.bert.encoder.layer.11.crossattention.output.LayerNorm.weight', torch.Size([768])), ('text_encoder.bert.encoder.layer.11.crossattention.output.LayerNorm.bias', torch.Size([768])), ('text_encoder.bert.encoder.layer.11.output.LayerNorm.weight', torch.Size([768])), ('text_encoder.bert.encoder.layer.11.output.LayerNorm.bias', torch.Size([768])), ('text_encoder.cls.predictions.transform.LayerNorm.weight', torch.Size([768])), ('text_encoder.cls.predictions.transform.LayerNorm.bias', torch.Size([768])), ('itm_head.1.weight', torch.Size([1536])), ('itm_head.1.bias', torch.Size([1536]))]
     TTA Dropout Modules Number: 
 126
     TTA Require Gradient Params Sum: 
 33792
     lr:  0.001    lr_mult:  2
     model has 'init_params',  386
     num_tta_steps:  4740
     num_warmup_steps:  500
     sched: step
/home/jiahao/task/CMP/tta.py:244: FutureWarning: `torch.cuda.amp.GradScaler(args...)` is deprecated. Please use `torch.amp.GradScaler('cuda', args...)` instead.
  scaler = GradScaler()  # bf16
### Start ITM Test Time Adaptation
      TTA Epoch: [0] [ 0/78]  eta: 0:01:12  entropy: 0.3805  uncertainty: 1.0000  uncertainty_coeffi: 1.0000  loss: 0.3805  lr: 0.000002  time: 0.9349  data: 0.4737  max mem: 2656
      TTA Epoch: [0] [77/78]  eta: 0:00:00  entropy: 0.3185  uncertainty: 1.0000  uncertainty_coeffi: 1.0000  loss: 0.3185  lr: 0.000156  time: 0.0594  data: 0.0002  max mem: 2685
      TTA Epoch: [0] Total time: 0:00:05 (0.0660 s / it)
     Averaged stats: entropy: 0.3066  uncertainty: 1.0000  uncertainty_coeffi: 1.0000  loss: 0.3066  lr: 0.0001
     itm tta time 0:00:05
     Computing matching score
      Evaluation: [   0/1978]  eta: 0:01:39    time: 0.0501  data: 0.0040  max mem: 2685
      Evaluation: [ 100/1978]  eta: 0:01:22    time: 0.0418  data: 0.0000  max mem: 2685
      Evaluation: [ 200/1978]  eta: 0:01:19    time: 0.0472  data: 0.0000  max mem: 2685
      Evaluation: [ 300/1978]  eta: 0:01:14    time: 0.0412  data: 0.0000  max mem: 2685
      Evaluation: [ 400/1978]  eta: 0:01:09    time: 0.0451  data: 0.0000  max mem: 2685
      Evaluation: [ 500/1978]  eta: 0:01:05    time: 0.0435  data: 0.0000  max mem: 2685
      Evaluation: [ 600/1978]  eta: 0:01:00    time: 0.0447  data: 0.0000  max mem: 2685
      Evaluation: [ 700/1978]  eta: 0:00:56    time: 0.0441  data: 0.0000  max mem: 2685
      Evaluation: [ 800/1978]  eta: 0:00:52    time: 0.0420  data: 0.0000  max mem: 2685
      Evaluation: [ 900/1978]  eta: 0:00:47    time: 0.0429  data: 0.0000  max mem: 2685
      Evaluation: [1000/1978]  eta: 0:00:43    time: 0.0433  data: 0.0000  max mem: 2685
      Evaluation: [1100/1978]  eta: 0:00:38    time: 0.0446  data: 0.0000  max mem: 2685
      Evaluation: [1200/1978]  eta: 0:00:34    time: 0.0447  data: 0.0000  max mem: 2685
      Evaluation: [1300/1978]  eta: 0:00:29    time: 0.0441  data: 0.0000  max mem: 2685
      Evaluation: [1400/1978]  eta: 0:00:25    time: 0.0427  data: 0.0000  max mem: 2685
      Evaluation: [1500/1978]  eta: 0:00:21    time: 0.0448  data: 0.0000  max mem: 2685
      Evaluation: [1600/1978]  eta: 0:00:16    time: 0.0430  data: 0.0000  max mem: 2685
      Evaluation: [1700/1978]  eta: 0:00:12    time: 0.0447  data: 0.0000  max mem: 2685
      Evaluation: [1800/1978]  eta: 0:00:07    time: 0.0436  data: 0.0000  max mem: 2685
      Evaluation: [1900/1978]  eta: 0:00:03    time: 0.0433  data: 0.0000  max mem: 2685
      Evaluation: [1977/1978]  eta: 0:00:00    time: 0.0443  data: 0.0000  max mem: 2685
      Evaluation: Total time: 0:01:27 (0.0440 s / it)
     Computing matching score time 0:01:27
### TTA ITM Score: 
+-------------------+--------+--------+--------+--------+--------+
|       epoch       |   R1   |   R5   |  R10   |  mAP   |  mINP  |
+-------------------+--------+--------+--------+--------+--------+
|        -999       | 69.414 | 95.197 | 97.776 | 81.233 | 81.233 |
|        -999       | 84.277 | 99.039 | 99.596 | 91.276 | 91.276 |
|  cos_sim_wo/norm  | 58.544 | 91.860 | 95.703 | 73.596 | 73.596 |
|        -999       | 69.414 | 95.197 | 97.776 | 81.233 | 81.233 |
| itm_score_wo/norm | 84.328 | 98.989 | 99.494 | 91.293 | 91.293 |
|        -999       | 84.277 | 99.039 | 99.596 | 91.276 | 91.276 |
|         0         | 84.783 | 98.888 | 99.545 | 91.485 | 91.485 |
+-------------------+--------+--------+--------+--------+--------+
     logs:  {'epo': 0, 'R1': np.float32(84.783), 'R5': np.float32(98.888), 'R10': np.float32(99.545), 'mAP': np.float32(91.485), 'mINP': np.float32(91.485), 'entropy': 0.306622, 'uncertainty': 1.0, 'uncertainty_coeffi': 1.0, 'loss': 0.306622, 'lr': 7.9e-05}
      TTA Epoch: [1] [ 0/78]  eta: 0:00:33  entropy: 0.3887  uncertainty: 1.0000  uncertainty_coeffi: 1.0000  loss: 0.3887  lr: 0.000158  time: 0.4283  data: 0.3730  max mem: 2685
      TTA Epoch: [1] [77/78]  eta: 0:00:00  entropy: 0.0758  uncertainty: 1.0000  uncertainty_coeffi: 1.0000  loss: 0.0758  lr: 0.000312  time: 0.0367  data: 0.0001  max mem: 2691
      TTA Epoch: [1] Total time: 0:00:03 (0.0438 s / it)
     Averaged stats: entropy: 0.2179  uncertainty: 1.0000  uncertainty_coeffi: 1.0000  loss: 0.2179  lr: 0.0002
     itm tta time 0:00:03
     Computing matching score
      Evaluation: [   0/1978]  eta: 0:01:29    time: 0.0454  data: 0.0031  max mem: 2691
      Evaluation: [ 100/1978]  eta: 0:01:26    time: 0.0449  data: 0.0000  max mem: 2691
      Evaluation: [ 200/1978]  eta: 0:01:21    time: 0.0460  data: 0.0000  max mem: 2691
      Evaluation: [ 300/1978]  eta: 0:01:16    time: 0.0441  data: 0.0000  max mem: 2691
      Evaluation: [ 400/1978]  eta: 0:01:10    time: 0.0421  data: 0.0000  max mem: 2691
      Evaluation: [ 500/1978]  eta: 0:01:05    time: 0.0430  data: 0.0000  max mem: 2691
      Evaluation: [ 600/1978]  eta: 0:01:00    time: 0.0410  data: 0.0000  max mem: 2691
      Evaluation: [ 700/1978]  eta: 0:00:55    time: 0.0412  data: 0.0000  max mem: 2691
      Evaluation: [ 800/1978]  eta: 0:00:51    time: 0.0432  data: 0.0000  max mem: 2691
      Evaluation: [ 900/1978]  eta: 0:00:47    time: 0.0427  data: 0.0000  max mem: 2691
      Evaluation: [1000/1978]  eta: 0:00:42    time: 0.0420  data: 0.0000  max mem: 2691
      Evaluation: [1100/1978]  eta: 0:00:38    time: 0.0425  data: 0.0000  max mem: 2691
      Evaluation: [1200/1978]  eta: 0:00:34    time: 0.0473  data: 0.0000  max mem: 2691
      Evaluation: [1300/1978]  eta: 0:00:29    time: 0.0460  data: 0.0000  max mem: 2691
      Evaluation: [1400/1978]  eta: 0:00:25    time: 0.0451  data: 0.0000  max mem: 2691
      Evaluation: [1500/1978]  eta: 0:00:21    time: 0.0421  data: 0.0000  max mem: 2691
      Evaluation: [1600/1978]  eta: 0:00:16    time: 0.0442  data: 0.0000  max mem: 2691
      Evaluation: [1700/1978]  eta: 0:00:12    time: 0.0432  data: 0.0000  max mem: 2691
      Evaluation: [1800/1978]  eta: 0:00:07    time: 0.0426  data: 0.0000  max mem: 2691
      Evaluation: [1900/1978]  eta: 0:00:03    time: 0.0438  data: 0.0000  max mem: 2691
      Evaluation: [1977/1978]  eta: 0:00:00    time: 0.0434  data: 0.0000  max mem: 2691
      Evaluation: Total time: 0:01:26 (0.0440 s / it)
     Computing matching score time 0:01:27
### TTA ITM Score: 
+-------------------+--------+--------+--------+--------+--------+
|       epoch       |   R1   |   R5   |  R10   |  mAP   |  mINP  |
+-------------------+--------+--------+--------+--------+--------+
|        -999       | 69.414 | 95.197 | 97.776 | 81.233 | 81.233 |
|        -999       | 84.277 | 99.039 | 99.596 | 91.276 | 91.276 |
|  cos_sim_wo/norm  | 58.544 | 91.860 | 95.703 | 73.596 | 73.596 |
|        -999       | 69.414 | 95.197 | 97.776 | 81.233 | 81.233 |
| itm_score_wo/norm | 84.328 | 98.989 | 99.494 | 91.293 | 91.293 |
|        -999       | 84.277 | 99.039 | 99.596 | 91.276 | 91.276 |
|         0         | 84.783 | 98.888 | 99.545 | 91.485 | 91.485 |
|         1         | 84.530 | 98.686 | 99.191 | 91.264 | 91.264 |
+-------------------+--------+--------+--------+--------+--------+
     logs:  {'epo': 1, 'R1': np.float32(84.53), 'R5': np.float32(98.686), 'R10': np.float32(99.191), 'mAP': np.float32(91.264), 'mINP': np.float32(91.264), 'entropy': 0.217921, 'uncertainty': 1.0, 'uncertainty_coeffi': 1.0, 'loss': 0.217921, 'lr': 0.000235}
      TTA Epoch: [2] [ 0/78]  eta: 0:00:32  entropy: 0.1106  uncertainty: 1.0000  uncertainty_coeffi: 1.0000  loss: 0.1106  lr: 0.000314  time: 0.4211  data: 0.3700  max mem: 2691
      TTA Epoch: [2] [77/78]  eta: 0:00:00  entropy: 0.1316  uncertainty: 1.0000  uncertainty_coeffi: 1.0000  loss: 0.1316  lr: 0.000468  time: 0.0340  data: 0.0001  max mem: 2691
      TTA Epoch: [2] Total time: 0:00:03 (0.0413 s / it)
     Averaged stats: entropy: 0.1571  uncertainty: 1.0000  uncertainty_coeffi: 1.0000  loss: 0.1571  lr: 0.0004
     itm tta time 0:00:03
     Computing matching score
      Evaluation: [   0/1978]  eta: 0:01:41    time: 0.0514  data: 0.0031  max mem: 2691
      Evaluation: [ 100/1978]  eta: 0:01:20    time: 0.0420  data: 0.0000  max mem: 2691
      Evaluation: [ 200/1978]  eta: 0:01:18    time: 0.0484  data: 0.0000  max mem: 2691
      Evaluation: [ 300/1978]  eta: 0:01:13    time: 0.0412  data: 0.0000  max mem: 2691
      Evaluation: [ 400/1978]  eta: 0:01:08    time: 0.0463  data: 0.0000  max mem: 2691
      Evaluation: [ 500/1978]  eta: 0:01:05    time: 0.0421  data: 0.0000  max mem: 2691
      Evaluation: [ 600/1978]  eta: 0:01:01    time: 0.0440  data: 0.0000  max mem: 2691
      Evaluation: [ 700/1978]  eta: 0:00:56    time: 0.0455  data: 0.0000  max mem: 2691
      Evaluation: [ 800/1978]  eta: 0:00:52    time: 0.0430  data: 0.0000  max mem: 2691
      Evaluation: [ 900/1978]  eta: 0:00:47    time: 0.0413  data: 0.0000  max mem: 2691
      Evaluation: [1000/1978]  eta: 0:00:43    time: 0.0427  data: 0.0000  max mem: 2691
      Evaluation: [1100/1978]  eta: 0:00:38    time: 0.0430  data: 0.0000  max mem: 2691
      Evaluation: [1200/1978]  eta: 0:00:34    time: 0.0471  data: 0.0000  max mem: 2691
      Evaluation: [1300/1978]  eta: 0:00:30    time: 0.0448  data: 0.0000  max mem: 2691
      Evaluation: [1400/1978]  eta: 0:00:25    time: 0.0444  data: 0.0000  max mem: 2691
      Evaluation: [1500/1978]  eta: 0:00:21    time: 0.0426  data: 0.0000  max mem: 2691
      Evaluation: [1600/1978]  eta: 0:00:16    time: 0.0436  data: 0.0000  max mem: 2691
      Evaluation: [1700/1978]  eta: 0:00:12    time: 0.0451  data: 0.0000  max mem: 2691
      Evaluation: [1800/1978]  eta: 0:00:07    time: 0.0430  data: 0.0000  max mem: 2691
      Evaluation: [1900/1978]  eta: 0:00:03    time: 0.0458  data: 0.0000  max mem: 2691
      Evaluation: [1977/1978]  eta: 0:00:00    time: 0.0435  data: 0.0000  max mem: 2691
      Evaluation: Total time: 0:01:27 (0.0440 s / it)
     Computing matching score time 0:01:27
### TTA ITM Score: 
+-------------------+--------+--------+--------+--------+--------+
|       epoch       |   R1   |   R5   |  R10   |  mAP   |  mINP  |
+-------------------+--------+--------+--------+--------+--------+
|        -999       | 69.414 | 95.197 | 97.776 | 81.233 | 81.233 |
|        -999       | 84.277 | 99.039 | 99.596 | 91.276 | 91.276 |
|  cos_sim_wo/norm  | 58.544 | 91.860 | 95.703 | 73.596 | 73.596 |
|        -999       | 69.414 | 95.197 | 97.776 | 81.233 | 81.233 |
| itm_score_wo/norm | 84.328 | 98.989 | 99.494 | 91.293 | 91.293 |
|        -999       | 84.277 | 99.039 | 99.596 | 91.276 | 91.276 |
|         0         | 84.783 | 98.888 | 99.545 | 91.485 | 91.485 |
|         1         | 84.530 | 98.686 | 99.191 | 91.264 | 91.264 |
|         2         | 84.530 | 98.736 | 99.141 | 91.255 | 91.255 |
+-------------------+--------+--------+--------+--------+--------+
     logs:  {'epo': 2, 'R1': np.float32(84.53), 'R5': np.float32(98.736), 'R10': np.float32(99.141), 'mAP': np.float32(91.255), 'mINP': np.float32(91.255), 'entropy': 0.157147, 'uncertainty': 1.0, 'uncertainty_coeffi': 1.0, 'loss': 0.157147, 'lr': 0.000391}
      TTA Epoch: [3] [ 0/78]  eta: 0:00:32  entropy: 0.1325  uncertainty: 1.0000  uncertainty_coeffi: 1.0000  loss: 0.1325  lr: 0.000470  time: 0.4182  data: 0.3678  max mem: 2691
      TTA Epoch: [3] [77/78]  eta: 0:00:00  entropy: 0.0541  uncertainty: 1.0000  uncertainty_coeffi: 1.0000  loss: 0.0541  lr: 0.000624  time: 0.0329  data: 0.0001  max mem: 2691
      TTA Epoch: [3] Total time: 0:00:03 (0.0415 s / it)
     Averaged stats: entropy: 0.1181  uncertainty: 1.0000  uncertainty_coeffi: 1.0000  loss: 0.1181  lr: 0.0005
     itm tta time 0:00:03
      TTA Epoch: [4] [ 0/78]  eta: 0:00:30  entropy: 0.0710  uncertainty: 1.0000  uncertainty_coeffi: 1.0000  loss: 0.0710  lr: 0.000626  time: 0.3941  data: 0.3432  max mem: 2691
      TTA Epoch: [4] [77/78]  eta: 0:00:00  entropy: 0.0821  uncertainty: 1.0000  uncertainty_coeffi: 1.0000  loss: 0.0821  lr: 0.000780  time: 0.0327  data: 0.0001  max mem: 2691
      TTA Epoch: [4] Total time: 0:00:03 (0.0399 s / it)
     Averaged stats: entropy: 0.0896  uncertainty: 1.0000  uncertainty_coeffi: 1.0000  loss: 0.0896  lr: 0.0007
     itm tta time 0:00:03
     Computing matching score
      Evaluation: [   0/1978]  eta: 0:01:33    time: 0.0472  data: 0.0032  max mem: 2691
      Evaluation: [ 100/1978]  eta: 0:01:23    time: 0.0436  data: 0.0000  max mem: 2691
      Evaluation: [ 200/1978]  eta: 0:01:19    time: 0.0464  data: 0.0000  max mem: 2691
      Evaluation: [ 300/1978]  eta: 0:01:14    time: 0.0448  data: 0.0000  max mem: 2691
      Evaluation: [ 400/1978]  eta: 0:01:09    time: 0.0435  data: 0.0000  max mem: 2691
      Evaluation: [ 500/1978]  eta: 0:01:05    time: 0.0439  data: 0.0000  max mem: 2691
      Evaluation: [ 600/1978]  eta: 0:01:01    time: 0.0471  data: 0.0000  max mem: 2691
      Evaluation: [ 700/1978]  eta: 0:00:56    time: 0.0434  data: 0.0000  max mem: 2691
      Evaluation: [ 800/1978]  eta: 0:00:52    time: 0.0435  data: 0.0000  max mem: 2691
      Evaluation: [ 900/1978]  eta: 0:00:47    time: 0.0440  data: 0.0000  max mem: 2691
      Evaluation: [1000/1978]  eta: 0:00:43    time: 0.0427  data: 0.0000  max mem: 2691
      Evaluation: [1100/1978]  eta: 0:00:38    time: 0.0422  data: 0.0000  max mem: 2691
      Evaluation: [1200/1978]  eta: 0:00:34    time: 0.0465  data: 0.0000  max mem: 2691
      Evaluation: [1300/1978]  eta: 0:00:29    time: 0.0435  data: 0.0000  max mem: 2691
      Evaluation: [1400/1978]  eta: 0:00:25    time: 0.0452  data: 0.0000  max mem: 2691
      Evaluation: [1500/1978]  eta: 0:00:21    time: 0.0451  data: 0.0000  max mem: 2691
      Evaluation: [1600/1978]  eta: 0:00:16    time: 0.0427  data: 0.0000  max mem: 2691
      Evaluation: [1700/1978]  eta: 0:00:12    time: 0.0433  data: 0.0000  max mem: 2691
      Evaluation: [1800/1978]  eta: 0:00:07    time: 0.0429  data: 0.0000  max mem: 2691
      Evaluation: [1900/1978]  eta: 0:00:03    time: 0.0419  data: 0.0000  max mem: 2691
      Evaluation: [1977/1978]  eta: 0:00:00    time: 0.0439  data: 0.0000  max mem: 2691
      Evaluation: Total time: 0:01:26 (0.0438 s / it)
     Computing matching score time 0:01:26
### TTA ITM Score: 
+-------------------+--------+--------+--------+--------+--------+
|       epoch       |   R1   |   R5   |  R10   |  mAP   |  mINP  |
+-------------------+--------+--------+--------+--------+--------+
|        -999       | 69.414 | 95.197 | 97.776 | 81.233 | 81.233 |
|        -999       | 84.277 | 99.039 | 99.596 | 91.276 | 91.276 |
|  cos_sim_wo/norm  | 58.544 | 91.860 | 95.703 | 73.596 | 73.596 |
|        -999       | 69.414 | 95.197 | 97.776 | 81.233 | 81.233 |
| itm_score_wo/norm | 84.328 | 98.989 | 99.494 | 91.293 | 91.293 |
|        -999       | 84.277 | 99.039 | 99.596 | 91.276 | 91.276 |
|         0         | 84.783 | 98.888 | 99.545 | 91.485 | 91.485 |
|         1         | 84.530 | 98.686 | 99.191 | 91.264 | 91.264 |
|         2         | 84.530 | 98.736 | 99.141 | 91.255 | 91.255 |
|         4         | 84.681 | 98.686 | 99.343 | 91.343 | 91.343 |
+-------------------+--------+--------+--------+--------+--------+
     logs:  {'epo': 4, 'R1': np.float32(84.681), 'R5': np.float32(98.686), 'R10': np.float32(99.343), 'mAP': np.float32(91.343), 'mINP': np.float32(91.343), 'entropy': 0.089575, 'uncertainty': 1.0, 'uncertainty_coeffi': 1.0, 'loss': 0.089575, 'lr': 0.000703}
      TTA Epoch: [5] [ 0/78]  eta: 0:00:33  entropy: 0.0726  uncertainty: 1.0000  uncertainty_coeffi: 1.0000  loss: 0.0726  lr: 0.000782  time: 0.4284  data: 0.3795  max mem: 2691
      TTA Epoch: [5] [77/78]  eta: 0:00:00  entropy: 0.0057  uncertainty: 1.0000  uncertainty_coeffi: 1.0000  loss: 0.0057  lr: 0.000936  time: 0.0336  data: 0.0001  max mem: 2691
      TTA Epoch: [5] Total time: 0:00:03 (0.0398 s / it)
     Averaged stats: entropy: 0.0678  uncertainty: 1.0000  uncertainty_coeffi: 1.0000  loss: 0.0678  lr: 0.0009
     itm tta time 0:00:03
      TTA Epoch: [6] [ 0/78]  eta: 0:00:32  entropy: 0.1378  uncertainty: 1.0000  uncertainty_coeffi: 1.0000  loss: 0.1378  lr: 0.000938  time: 0.4211  data: 0.3589  max mem: 2691
      TTA Epoch: [6] [77/78]  eta: 0:00:00  entropy: 0.0263  uncertainty: 1.0000  uncertainty_coeffi: 1.0000  loss: 0.0263  lr: 0.000989  time: 0.0330  data: 0.0001  max mem: 2691
      TTA Epoch: [6] Total time: 0:00:03 (0.0427 s / it)
     Averaged stats: entropy: 0.0516  uncertainty: 1.0000  uncertainty_coeffi: 1.0000  loss: 0.0516  lr: 0.0010
     itm tta time 0:00:03
      TTA Epoch: [7] [ 0/78]  eta: 0:00:30  entropy: 0.0026  uncertainty: 1.0000  uncertainty_coeffi: 1.0000  loss: 0.0026  lr: 0.000989  time: 0.3927  data: 0.3444  max mem: 2691
      TTA Epoch: [7] [77/78]  eta: 0:00:00  entropy: 0.0459  uncertainty: 1.0000  uncertainty_coeffi: 1.0000  loss: 0.0459  lr: 0.000971  time: 0.0348  data: 0.0002  max mem: 2691
      TTA Epoch: [7] Total time: 0:00:03 (0.0417 s / it)
     Averaged stats: entropy: 0.0393  uncertainty: 1.0000  uncertainty_coeffi: 1.0000  loss: 0.0393  lr: 0.0010
     itm tta time 0:00:03
      TTA Epoch: [8] [ 0/78]  eta: 0:00:30  entropy: 0.0129  uncertainty: 1.0000  uncertainty_coeffi: 1.0000  loss: 0.0129  lr: 0.000971  time: 0.3945  data: 0.3453  max mem: 2691
      TTA Epoch: [8] [77/78]  eta: 0:00:00  entropy: 0.0559  uncertainty: 1.0000  uncertainty_coeffi: 1.0000  loss: 0.0559  lr: 0.000952  time: 0.0344  data: 0.0001  max mem: 2691
      TTA Epoch: [8] Total time: 0:00:03 (0.0417 s / it)
     Averaged stats: entropy: 0.0343  uncertainty: 1.0000  uncertainty_coeffi: 1.0000  loss: 0.0343  lr: 0.0010
     itm tta time 0:00:03
      TTA Epoch: [9] [ 0/78]  eta: 0:00:29  entropy: 0.0246  uncertainty: 1.0000  uncertainty_coeffi: 1.0000  loss: 0.0246  lr: 0.000952  time: 0.3832  data: 0.3328  max mem: 2691
      TTA Epoch: [9] [77/78]  eta: 0:00:00  entropy: 0.0008  uncertainty: 1.0000  uncertainty_coeffi: 1.0000  loss: 0.0008  lr: 0.000934  time: 0.0332  data: 0.0001  max mem: 2691
      TTA Epoch: [9] Total time: 0:00:03 (0.0404 s / it)
     Averaged stats: entropy: 0.0265  uncertainty: 1.0000  uncertainty_coeffi: 1.0000  loss: 0.0265  lr: 0.0009
     itm tta time 0:00:03
     Computing matching score
      Evaluation: [   0/1978]  eta: 0:01:42    time: 0.0519  data: 0.0023  max mem: 2691
      Evaluation: [ 100/1978]  eta: 0:01:28    time: 0.0428  data: 0.0000  max mem: 2691
      Evaluation: [ 200/1978]  eta: 0:01:23    time: 0.0482  data: 0.0000  max mem: 2691
      Evaluation: [ 300/1978]  eta: 0:01:16    time: 0.0439  data: 0.0000  max mem: 2691
      Evaluation: [ 400/1978]  eta: 0:01:11    time: 0.0410  data: 0.0000  max mem: 2691
      Evaluation: [ 500/1978]  eta: 0:01:06    time: 0.0420  data: 0.0000  max mem: 2691
      Evaluation: [ 600/1978]  eta: 0:01:01    time: 0.0425  data: 0.0000  max mem: 2691
      Evaluation: [ 700/1978]  eta: 0:00:57    time: 0.0451  data: 0.0000  max mem: 2691
      Evaluation: [ 800/1978]  eta: 0:00:52    time: 0.0419  data: 0.0000  max mem: 2691
      Evaluation: [ 900/1978]  eta: 0:00:47    time: 0.0454  data: 0.0000  max mem: 2691
      Evaluation: [1000/1978]  eta: 0:00:43    time: 0.0460  data: 0.0000  max mem: 2691
      Evaluation: [1100/1978]  eta: 0:00:39    time: 0.0427  data: 0.0000  max mem: 2691
      Evaluation: [1200/1978]  eta: 0:00:34    time: 0.0449  data: 0.0000  max mem: 2691
      Evaluation: [1300/1978]  eta: 0:00:30    time: 0.0454  data: 0.0000  max mem: 2691
      Evaluation: [1400/1978]  eta: 0:00:25    time: 0.0414  data: 0.0000  max mem: 2691
      Evaluation: [1500/1978]  eta: 0:00:21    time: 0.0445  data: 0.0000  max mem: 2691
      Evaluation: [1600/1978]  eta: 0:00:16    time: 0.0457  data: 0.0000  max mem: 2691
      Evaluation: [1700/1978]  eta: 0:00:12    time: 0.0443  data: 0.0000  max mem: 2691
      Evaluation: [1800/1978]  eta: 0:00:07    time: 0.0433  data: 0.0000  max mem: 2691
      Evaluation: [1900/1978]  eta: 0:00:03    time: 0.0431  data: 0.0000  max mem: 2691
      Evaluation: [1977/1978]  eta: 0:00:00    time: 0.0426  data: 0.0000  max mem: 2691
      Evaluation: Total time: 0:01:27 (0.0444 s / it)
     Computing matching score time 0:01:28
### TTA ITM Score: 
+-------------------+--------+--------+--------+--------+--------+
|       epoch       |   R1   |   R5   |  R10   |  mAP   |  mINP  |
+-------------------+--------+--------+--------+--------+--------+
|        -999       | 69.414 | 95.197 | 97.776 | 81.233 | 81.233 |
|        -999       | 84.277 | 99.039 | 99.596 | 91.276 | 91.276 |
|  cos_sim_wo/norm  | 58.544 | 91.860 | 95.703 | 73.596 | 73.596 |
|        -999       | 69.414 | 95.197 | 97.776 | 81.233 | 81.233 |
| itm_score_wo/norm | 84.328 | 98.989 | 99.494 | 91.293 | 91.293 |
|        -999       | 84.277 | 99.039 | 99.596 | 91.276 | 91.276 |
|         0         | 84.783 | 98.888 | 99.545 | 91.485 | 91.485 |
|         1         | 84.530 | 98.686 | 99.191 | 91.264 | 91.264 |
|         2         | 84.530 | 98.736 | 99.141 | 91.255 | 91.255 |
|         4         | 84.681 | 98.686 | 99.343 | 91.343 | 91.343 |
|         9         | 83.923 | 98.736 | 99.393 | 90.909 | 90.909 |
+-------------------+--------+--------+--------+--------+--------+
     logs:  {'epo': 9, 'R1': np.float32(83.923), 'R5': np.float32(98.736), 'R10': np.float32(99.393), 'mAP': np.float32(90.909), 'mINP': np.float32(90.909), 'entropy': 0.026489, 'uncertainty': 1.0, 'uncertainty_coeffi': 1.0, 'loss': 0.026489, 'lr': 0.000943}
      TTA Epoch: [10] [ 0/78]  eta: 0:00:32  entropy: 0.0014  uncertainty: 1.0000  uncertainty_coeffi: 1.0000  loss: 0.0014  lr: 0.000934  time: 0.4210  data: 0.3741  max mem: 2691
      TTA Epoch: [10] [77/78]  eta: 0:00:00  entropy: 0.0059  uncertainty: 1.0000  uncertainty_coeffi: 1.0000  loss: 0.0059  lr: 0.000916  time: 0.0329  data: 0.0001  max mem: 2691
      TTA Epoch: [10] Total time: 0:00:03 (0.0393 s / it)
     Averaged stats: entropy: 0.0230  uncertainty: 1.0000  uncertainty_coeffi: 1.0000  loss: 0.0230  lr: 0.0009
     itm tta time 0:00:03
      TTA Epoch: [11] [ 0/78]  eta: 0:00:34  entropy: 0.0032  uncertainty: 1.0000  uncertainty_coeffi: 1.0000  loss: 0.0032  lr: 0.000915  time: 0.4436  data: 0.3956  max mem: 2691
      TTA Epoch: [11] [77/78]  eta: 0:00:00  entropy: 0.0047  uncertainty: 1.0000  uncertainty_coeffi: 1.0000  loss: 0.0047  lr: 0.000897  time: 0.0343  data: 0.0002  max mem: 2691
      TTA Epoch: [11] Total time: 0:00:03 (0.0403 s / it)
     Averaged stats: entropy: 0.0196  uncertainty: 1.0000  uncertainty_coeffi: 1.0000  loss: 0.0196  lr: 0.0009
     itm tta time 0:00:03
      TTA Epoch: [12] [ 0/78]  eta: 0:00:34  entropy: 0.0012  uncertainty: 1.0000  uncertainty_coeffi: 1.0000  loss: 0.0012  lr: 0.000897  time: 0.4399  data: 0.3769  max mem: 2691
      TTA Epoch: [12] [77/78]  eta: 0:00:00  entropy: 0.0005  uncertainty: 1.0000  uncertainty_coeffi: 1.0000  loss: 0.0005  lr: 0.000879  time: 0.0382  data: 0.0032  max mem: 2691
      TTA Epoch: [12] Total time: 0:00:03 (0.0453 s / it)
     Averaged stats: entropy: 0.0201  uncertainty: 1.0000  uncertainty_coeffi: 1.0000  loss: 0.0201  lr: 0.0009
     itm tta time 0:00:03
      TTA Epoch: [13] [ 0/78]  eta: 0:00:33  entropy: 0.0002  uncertainty: 1.0000  uncertainty_coeffi: 1.0000  loss: 0.0002  lr: 0.000879  time: 0.4277  data: 0.3787  max mem: 2691
      TTA Epoch: [13] [77/78]  eta: 0:00:00  entropy: 0.0100  uncertainty: 1.0000  uncertainty_coeffi: 1.0000  loss: 0.0100  lr: 0.000860  time: 0.0327  data: 0.0001  max mem: 2691
      TTA Epoch: [13] Total time: 0:00:03 (0.0407 s / it)
     Averaged stats: entropy: 0.0146  uncertainty: 1.0000  uncertainty_coeffi: 1.0000  loss: 0.0146  lr: 0.0009
     itm tta time 0:00:03
      TTA Epoch: [14] [ 0/78]  eta: 0:00:32  entropy: 0.0902  uncertainty: 1.0000  uncertainty_coeffi: 1.0000  loss: 0.0902  lr: 0.000860  time: 0.4140  data: 0.3675  max mem: 2691
      TTA Epoch: [14] [77/78]  eta: 0:00:00  entropy: 0.0013  uncertainty: 1.0000  uncertainty_coeffi: 1.0000  loss: 0.0013  lr: 0.000842  time: 0.0342  data: 0.0001  max mem: 2691
      TTA Epoch: [14] Total time: 0:00:03 (0.0407 s / it)
     Averaged stats: entropy: 0.0164  uncertainty: 1.0000  uncertainty_coeffi: 1.0000  loss: 0.0164  lr: 0.0009
     itm tta time 0:00:03
     Computing matching score
      Evaluation: [   0/1978]  eta: 0:01:39    time: 0.0505  data: 0.0032  max mem: 2691
      Evaluation: [ 100/1978]  eta: 0:01:20    time: 0.0428  data: 0.0000  max mem: 2691
      Evaluation: [ 200/1978]  eta: 0:01:18    time: 0.0439  data: 0.0000  max mem: 2691
      Evaluation: [ 300/1978]  eta: 0:01:14    time: 0.0469  data: 0.0000  max mem: 2691
      Evaluation: [ 400/1978]  eta: 0:01:10    time: 0.0463  data: 0.0000  max mem: 2691
      Evaluation: [ 500/1978]  eta: 0:01:05    time: 0.0425  data: 0.0000  max mem: 2691
      Evaluation: [ 600/1978]  eta: 0:01:01    time: 0.0482  data: 0.0000  max mem: 2691
      Evaluation: [ 700/1978]  eta: 0:00:56    time: 0.0461  data: 0.0000  max mem: 2691
      Evaluation: [ 800/1978]  eta: 0:00:52    time: 0.0438  data: 0.0000  max mem: 2691
      Evaluation: [ 900/1978]  eta: 0:00:47    time: 0.0456  data: 0.0000  max mem: 2691
      Evaluation: [1000/1978]  eta: 0:00:43    time: 0.0472  data: 0.0000  max mem: 2691
      Evaluation: [1100/1978]  eta: 0:00:39    time: 0.0471  data: 0.0000  max mem: 2691
      Evaluation: [1200/1978]  eta: 0:00:34    time: 0.0445  data: 0.0000  max mem: 2691
      Evaluation: [1300/1978]  eta: 0:00:30    time: 0.0434  data: 0.0000  max mem: 2691
      Evaluation: [1400/1978]  eta: 0:00:25    time: 0.0425  data: 0.0000  max mem: 2691
      Evaluation: [1500/1978]  eta: 0:00:21    time: 0.0452  data: 0.0000  max mem: 2691
      Evaluation: [1600/1978]  eta: 0:00:16    time: 0.0481  data: 0.0000  max mem: 2691
      Evaluation: [1700/1978]  eta: 0:00:12    time: 0.0431  data: 0.0000  max mem: 2691
      Evaluation: [1800/1978]  eta: 0:00:07    time: 0.0402  data: 0.0000  max mem: 2691
      Evaluation: [1900/1978]  eta: 0:00:03    time: 0.0427  data: 0.0000  max mem: 2691
      Evaluation: [1977/1978]  eta: 0:00:00    time: 0.0409  data: 0.0000  max mem: 2691
      Evaluation: Total time: 0:01:27 (0.0443 s / it)
     Computing matching score time 0:01:27
### TTA ITM Score: 
+-------------------+--------+--------+--------+--------+--------+
|       epoch       |   R1   |   R5   |  R10   |  mAP   |  mINP  |
+-------------------+--------+--------+--------+--------+--------+
|        -999       | 69.414 | 95.197 | 97.776 | 81.233 | 81.233 |
|        -999       | 84.277 | 99.039 | 99.596 | 91.276 | 91.276 |
|  cos_sim_wo/norm  | 58.544 | 91.860 | 95.703 | 73.596 | 73.596 |
|        -999       | 69.414 | 95.197 | 97.776 | 81.233 | 81.233 |
| itm_score_wo/norm | 84.328 | 98.989 | 99.494 | 91.293 | 91.293 |
|        -999       | 84.277 | 99.039 | 99.596 | 91.276 | 91.276 |
|         0         | 84.783 | 98.888 | 99.545 | 91.485 | 91.485 |
|         1         | 84.530 | 98.686 | 99.191 | 91.264 | 91.264 |
|         2         | 84.530 | 98.736 | 99.141 | 91.255 | 91.255 |
|         4         | 84.681 | 98.686 | 99.343 | 91.343 | 91.343 |
|         9         | 83.923 | 98.736 | 99.393 | 90.909 | 90.909 |
|         14        | 84.075 | 98.483 | 99.596 | 90.963 | 90.963 |
+-------------------+--------+--------+--------+--------+--------+
     logs:  {'epo': 14, 'R1': np.float32(84.075), 'R5': np.float32(98.483), 'R10': np.float32(99.596), 'mAP': np.float32(90.963), 'mINP': np.float32(90.963), 'entropy': 0.016358, 'uncertainty': 1.0, 'uncertainty_coeffi': 1.0, 'loss': 0.016358, 'lr': 0.000851}
      TTA Epoch: [15] [ 0/78]  eta: 0:00:33  entropy: 0.0018  uncertainty: 1.0000  uncertainty_coeffi: 1.0000  loss: 0.0018  lr: 0.000842  time: 0.4327  data: 0.3724  max mem: 2691
      TTA Epoch: [15] [77/78]  eta: 0:00:00  entropy: 0.0419  uncertainty: 1.0000  uncertainty_coeffi: 1.0000  loss: 0.0419  lr: 0.000824  time: 0.0326  data: 0.0001  max mem: 2691
      TTA Epoch: [15] Total time: 0:00:03 (0.0417 s / it)
     Averaged stats: entropy: 0.0134  uncertainty: 1.0000  uncertainty_coeffi: 1.0000  loss: 0.0134  lr: 0.0008
     itm tta time 0:00:03
      TTA Epoch: [16] [ 0/78]  eta: 0:00:34  entropy: 0.0004  uncertainty: 1.0000  uncertainty_coeffi: 1.0000  loss: 0.0004  lr: 0.000823  time: 0.4369  data: 0.3891  max mem: 2691
      TTA Epoch: [16] [77/78]  eta: 0:00:00  entropy: 0.0022  uncertainty: 1.0000  uncertainty_coeffi: 1.0000  loss: 0.0022  lr: 0.000805  time: 0.0340  data: 0.0002  max mem: 2691
      TTA Epoch: [16] Total time: 0:00:03 (0.0410 s / it)
     Averaged stats: entropy: 0.0150  uncertainty: 1.0000  uncertainty_coeffi: 1.0000  loss: 0.0150  lr: 0.0008
     itm tta time 0:00:03
      TTA Epoch: [17] [ 0/78]  eta: 0:00:31  entropy: 0.0230  uncertainty: 1.0000  uncertainty_coeffi: 1.0000  loss: 0.0230  lr: 0.000805  time: 0.4060  data: 0.3589  max mem: 2691
      TTA Epoch: [17] [77/78]  eta: 0:00:00  entropy: 0.0087  uncertainty: 1.0000  uncertainty_coeffi: 1.0000  loss: 0.0087  lr: 0.000787  time: 0.0393  data: 0.0058  max mem: 2691
      TTA Epoch: [17] Total time: 0:00:03 (0.0449 s / it)
     Averaged stats: entropy: 0.0117  uncertainty: 1.0000  uncertainty_coeffi: 1.0000  loss: 0.0117  lr: 0.0008
     itm tta time 0:00:03
      TTA Epoch: [18] [ 0/78]  eta: 0:00:36  entropy: 0.0000  uncertainty: 1.0000  uncertainty_coeffi: 1.0000  loss: 0.0000  lr: 0.000787  time: 0.4661  data: 0.4147  max mem: 2691
      TTA Epoch: [18] [77/78]  eta: 0:00:00  entropy: 0.0001  uncertainty: 1.0000  uncertainty_coeffi: 1.0000  loss: 0.0001  lr: 0.000768  time: 0.0324  data: 0.0001  max mem: 2691
      TTA Epoch: [18] Total time: 0:00:03 (0.0408 s / it)
     Averaged stats: entropy: 0.0131  uncertainty: 1.0000  uncertainty_coeffi: 1.0000  loss: 0.0131  lr: 0.0008
     itm tta time 0:00:03
      TTA Epoch: [19] [ 0/78]  eta: 0:00:31  entropy: 0.0000  uncertainty: 1.0000  uncertainty_coeffi: 1.0000  loss: 0.0000  lr: 0.000768  time: 0.4086  data: 0.3601  max mem: 2691
      TTA Epoch: [19] [77/78]  eta: 0:00:00  entropy: 0.0086  uncertainty: 1.0000  uncertainty_coeffi: 1.0000  loss: 0.0086  lr: 0.000750  time: 0.0328  data: 0.0001  max mem: 2691
      TTA Epoch: [19] Total time: 0:00:03 (0.0397 s / it)
     Averaged stats: entropy: 0.0169  uncertainty: 1.0000  uncertainty_coeffi: 1.0000  loss: 0.0169  lr: 0.0008
     itm tta time 0:00:03
     Computing matching score
      Evaluation: [   0/1978]  eta: 0:01:36    time: 0.0486  data: 0.0023  max mem: 2691
      Evaluation: [ 100/1978]  eta: 0:01:21    time: 0.0429  data: 0.0000  max mem: 2691
      Evaluation: [ 200/1978]  eta: 0:01:15    time: 0.0420  data: 0.0000  max mem: 2691
      Evaluation: [ 300/1978]  eta: 0:01:12    time: 0.0461  data: 0.0000  max mem: 2691
      Evaluation: [ 400/1978]  eta: 0:01:07    time: 0.0416  data: 0.0000  max mem: 2691
      Evaluation: [ 500/1978]  eta: 0:01:03    time: 0.0449  data: 0.0000  max mem: 2691
      Evaluation: [ 600/1978]  eta: 0:00:58    time: 0.0426  data: 0.0000  max mem: 2691
      Evaluation: [ 700/1978]  eta: 0:00:54    time: 0.0409  data: 0.0000  max mem: 2691
      Evaluation: [ 800/1978]  eta: 0:00:49    time: 0.0429  data: 0.0000  max mem: 2691
      Evaluation: [ 900/1978]  eta: 0:00:46    time: 0.0439  data: 0.0000  max mem: 2691
      Evaluation: [1000/1978]  eta: 0:00:41    time: 0.0451  data: 0.0000  max mem: 2691
      Evaluation: [1100/1978]  eta: 0:00:37    time: 0.0441  data: 0.0000  max mem: 2691
      Evaluation: [1200/1978]  eta: 0:00:33    time: 0.0429  data: 0.0000  max mem: 2691
      Evaluation: [1300/1978]  eta: 0:00:29    time: 0.0484  data: 0.0000  max mem: 2691
      Evaluation: [1400/1978]  eta: 0:00:25    time: 0.0419  data: 0.0000  max mem: 2691
      Evaluation: [1500/1978]  eta: 0:00:20    time: 0.0420  data: 0.0000  max mem: 2691
      Evaluation: [1600/1978]  eta: 0:00:16    time: 0.0430  data: 0.0000  max mem: 2691
      Evaluation: [1700/1978]  eta: 0:00:12    time: 0.0433  data: 0.0000  max mem: 2691
      Evaluation: [1800/1978]  eta: 0:00:07    time: 0.0440  data: 0.0000  max mem: 2691
      Evaluation: [1900/1978]  eta: 0:00:03    time: 0.0434  data: 0.0000  max mem: 2691
      Evaluation: [1977/1978]  eta: 0:00:00    time: 0.0447  data: 0.0000  max mem: 2691
      Evaluation: Total time: 0:01:25 (0.0434 s / it)
     Computing matching score time 0:01:26
### TTA ITM Score: 
+-------------------+--------+--------+--------+--------+--------+
|       epoch       |   R1   |   R5   |  R10   |  mAP   |  mINP  |
+-------------------+--------+--------+--------+--------+--------+
|        -999       | 69.414 | 95.197 | 97.776 | 81.233 | 81.233 |
|        -999       | 84.277 | 99.039 | 99.596 | 91.276 | 91.276 |
|  cos_sim_wo/norm  | 58.544 | 91.860 | 95.703 | 73.596 | 73.596 |
|        -999       | 69.414 | 95.197 | 97.776 | 81.233 | 81.233 |
| itm_score_wo/norm | 84.328 | 98.989 | 99.494 | 91.293 | 91.293 |
|        -999       | 84.277 | 99.039 | 99.596 | 91.276 | 91.276 |
|         0         | 84.783 | 98.888 | 99.545 | 91.485 | 91.485 |
|         1         | 84.530 | 98.686 | 99.191 | 91.264 | 91.264 |
|         2         | 84.530 | 98.736 | 99.141 | 91.255 | 91.255 |
|         4         | 84.681 | 98.686 | 99.343 | 91.343 | 91.343 |
|         9         | 83.923 | 98.736 | 99.393 | 90.909 | 90.909 |
|         14        | 84.075 | 98.483 | 99.596 | 90.963 | 90.963 |
|         19        | 82.305 | 98.281 | 99.039 | 89.762 | 89.762 |
+-------------------+--------+--------+--------+--------+--------+
     logs:  {'epo': 19, 'R1': np.float32(82.305), 'R5': np.float32(98.281), 'R10': np.float32(99.039), 'mAP': np.float32(89.762), 'mINP': np.float32(89.762), 'entropy': 0.016872, 'uncertainty': 1.0, 'uncertainty_coeffi': 1.0, 'loss': 0.016872, 'lr': 0.000759}
      TTA Epoch: [20] [ 0/78]  eta: 0:00:33  entropy: 0.1387  uncertainty: 1.0000  uncertainty_coeffi: 1.0000  loss: 0.1387  lr: 0.000750  time: 0.4324  data: 0.3762  max mem: 2691
      TTA Epoch: [20] [77/78]  eta: 0:00:00  entropy: 0.0119  uncertainty: 1.0000  uncertainty_coeffi: 1.0000  loss: 0.0119  lr: 0.000732  time: 0.0356  data: 0.0001  max mem: 2691
      TTA Epoch: [20] Total time: 0:00:03 (0.0428 s / it)
     Averaged stats: entropy: 0.0273  uncertainty: 1.0000  uncertainty_coeffi: 1.0000  loss: 0.0273  lr: 0.0007
     itm tta time 0:00:03
      TTA Epoch: [21] [ 0/78]  eta: 0:00:35  entropy: 0.0004  uncertainty: 1.0000  uncertainty_coeffi: 1.0000  loss: 0.0004  lr: 0.000731  time: 0.4542  data: 0.4033  max mem: 2691
      TTA Epoch: [21] [77/78]  eta: 0:00:00  entropy: 0.0202  uncertainty: 1.0000  uncertainty_coeffi: 1.0000  loss: 0.0202  lr: 0.000713  time: 0.0351  data: 0.0001  max mem: 2691
      TTA Epoch: [21] Total time: 0:00:03 (0.0430 s / it)
     Averaged stats: entropy: 0.0244  uncertainty: 1.0000  uncertainty_coeffi: 1.0000  loss: 0.0244  lr: 0.0007
     itm tta time 0:00:03
      TTA Epoch: [22] [ 0/78]  eta: 0:00:32  entropy: 0.0737  uncertainty: 1.0000  uncertainty_coeffi: 1.0000  loss: 0.0737  lr: 0.000713  time: 0.4194  data: 0.3679  max mem: 2691
      TTA Epoch: [22] [77/78]  eta: 0:00:00  entropy: 0.0119  uncertainty: 1.0000  uncertainty_coeffi: 1.0000  loss: 0.0119  lr: 0.000695  time: 0.0340  data: 0.0001  max mem: 2691
      TTA Epoch: [22] Total time: 0:00:03 (0.0421 s / it)
     Averaged stats: entropy: 0.0160  uncertainty: 1.0000  uncertainty_coeffi: 1.0000  loss: 0.0160  lr: 0.0007
     itm tta time 0:00:03
      TTA Epoch: [23] [ 0/78]  eta: 0:00:33  entropy: 0.0228  uncertainty: 1.0000  uncertainty_coeffi: 1.0000  loss: 0.0228  lr: 0.000695  time: 0.4243  data: 0.3746  max mem: 2691
      TTA Epoch: [23] [77/78]  eta: 0:00:00  entropy: 0.0000  uncertainty: 1.0000  uncertainty_coeffi: 1.0000  loss: 0.0000  lr: 0.000676  time: 0.0333  data: 0.0001  max mem: 2691
      TTA Epoch: [23] Total time: 0:00:03 (0.0416 s / it)
     Averaged stats: entropy: 0.0171  uncertainty: 1.0000  uncertainty_coeffi: 1.0000  loss: 0.0171  lr: 0.0007
     itm tta time 0:00:03
      TTA Epoch: [24] [ 0/78]  eta: 0:00:38  entropy: 0.0101  uncertainty: 1.0000  uncertainty_coeffi: 1.0000  loss: 0.0101  lr: 0.000676  time: 0.4879  data: 0.4329  max mem: 2691
      TTA Epoch: [24] [77/78]  eta: 0:00:00  entropy: 0.0011  uncertainty: 1.0000  uncertainty_coeffi: 1.0000  loss: 0.0011  lr: 0.000658  time: 0.0339  data: 0.0002  max mem: 2691
      TTA Epoch: [24] Total time: 0:00:03 (0.0462 s / it)
     Averaged stats: entropy: 0.0164  uncertainty: 1.0000  uncertainty_coeffi: 1.0000  loss: 0.0164  lr: 0.0007
     itm tta time 0:00:03
      TTA Epoch: [25] [ 0/78]  eta: 0:00:49  entropy: 0.0258  uncertainty: 1.0000  uncertainty_coeffi: 1.0000  loss: 0.0258  lr: 0.000658  time: 0.6318  data: 0.5810  max mem: 2691
      TTA Epoch: [25] [77/78]  eta: 0:00:00  entropy: 0.0228  uncertainty: 1.0000  uncertainty_coeffi: 1.0000  loss: 0.0228  lr: 0.000320  time: 0.0361  data: 0.0036  max mem: 2691
      TTA Epoch: [25] Total time: 0:00:03 (0.0445 s / it)
     Averaged stats: entropy: 0.0110  uncertainty: 1.0000  uncertainty_coeffi: 1.0000  loss: 0.0110  lr: 0.0005
     itm tta time 0:00:03
      TTA Epoch: [26] [ 0/78]  eta: 0:00:36  entropy: 0.0001  uncertainty: 1.0000  uncertainty_coeffi: 1.0000  loss: 0.0001  lr: 0.000320  time: 0.4722  data: 0.4220  max mem: 2691
      TTA Epoch: [26] [77/78]  eta: 0:00:00  entropy: 0.0000  uncertainty: 1.0000  uncertainty_coeffi: 1.0000  loss: 0.0000  lr: 0.000311  time: 0.0386  data: 0.0069  max mem: 2691
      TTA Epoch: [26] Total time: 0:00:03 (0.0428 s / it)
     Averaged stats: entropy: 0.0102  uncertainty: 1.0000  uncertainty_coeffi: 1.0000  loss: 0.0102  lr: 0.0003
     itm tta time 0:00:03
      TTA Epoch: [27] [ 0/78]  eta: 0:00:42  entropy: 0.0063  uncertainty: 1.0000  uncertainty_coeffi: 1.0000  loss: 0.0063  lr: 0.000310  time: 0.5487  data: 0.5011  max mem: 2691
      TTA Epoch: [27] [77/78]  eta: 0:00:00  entropy: 0.0001  uncertainty: 1.0000  uncertainty_coeffi: 1.0000  loss: 0.0001  lr: 0.000301  time: 0.0323  data: 0.0001  max mem: 2691
      TTA Epoch: [27] Total time: 0:00:03 (0.0408 s / it)
     Averaged stats: entropy: 0.0126  uncertainty: 1.0000  uncertainty_coeffi: 1.0000  loss: 0.0126  lr: 0.0003
     itm tta time 0:00:03
      TTA Epoch: [28] [ 0/78]  eta: 0:00:36  entropy: 0.0000  uncertainty: 1.0000  uncertainty_coeffi: 1.0000  loss: 0.0000  lr: 0.000301  time: 0.4705  data: 0.4110  max mem: 2691
      TTA Epoch: [28] [77/78]  eta: 0:00:00  entropy: 0.0003  uncertainty: 1.0000  uncertainty_coeffi: 1.0000  loss: 0.0003  lr: 0.000292  time: 0.0364  data: 0.0051  max mem: 2691
      TTA Epoch: [28] Total time: 0:00:03 (0.0463 s / it)
     Averaged stats: entropy: 0.0093  uncertainty: 1.0000  uncertainty_coeffi: 1.0000  loss: 0.0093  lr: 0.0003
     itm tta time 0:00:03
      TTA Epoch: [29] [ 0/78]  eta: 0:00:48  entropy: 0.0404  uncertainty: 1.0000  uncertainty_coeffi: 1.0000  loss: 0.0404  lr: 0.000292  time: 0.6272  data: 0.5695  max mem: 2691
      TTA Epoch: [29] [77/78]  eta: 0:00:00  entropy: 0.0040  uncertainty: 1.0000  uncertainty_coeffi: 1.0000  loss: 0.0040  lr: 0.000283  time: 0.0552  data: 0.0134  max mem: 2691
      TTA Epoch: [29] Total time: 0:00:04 (0.0612 s / it)
     Averaged stats: entropy: 0.0101  uncertainty: 1.0000  uncertainty_coeffi: 1.0000  loss: 0.0101  lr: 0.0003
     itm tta time 0:00:04
     Computing matching score
      Evaluation: [   0/1978]  eta: 0:01:39    time: 0.0503  data: 0.0034  max mem: 2691
      Evaluation: [ 100/1978]  eta: 0:01:27    time: 0.0449  data: 0.0000  max mem: 2691
      Evaluation: [ 200/1978]  eta: 0:01:20    time: 0.0427  data: 0.0000  max mem: 2691
      Evaluation: [ 300/1978]  eta: 0:01:16    time: 0.0459  data: 0.0000  max mem: 2691
      Evaluation: [ 400/1978]  eta: 0:01:10    time: 0.0444  data: 0.0000  max mem: 2691
      Evaluation: [ 500/1978]  eta: 0:01:06    time: 0.0424  data: 0.0000  max mem: 2691
      Evaluation: [ 600/1978]  eta: 0:01:01    time: 0.0426  data: 0.0000  max mem: 2691
      Evaluation: [ 700/1978]  eta: 0:00:56    time: 0.0447  data: 0.0000  max mem: 2691
      Evaluation: [ 800/1978]  eta: 0:00:52    time: 0.0453  data: 0.0000  max mem: 2691
      Evaluation: [ 900/1978]  eta: 0:00:48    time: 0.0452  data: 0.0000  max mem: 2691
      Evaluation: [1000/1978]  eta: 0:00:43    time: 0.0433  data: 0.0000  max mem: 2691
      Evaluation: [1100/1978]  eta: 0:00:39    time: 0.0451  data: 0.0000  max mem: 2691
      Evaluation: [1200/1978]  eta: 0:00:34    time: 0.0452  data: 0.0000  max mem: 2691
      Evaluation: [1300/1978]  eta: 0:00:30    time: 0.0435  data: 0.0000  max mem: 2691
      Evaluation: [1400/1978]  eta: 0:00:25    time: 0.0446  data: 0.0000  max mem: 2691
      Evaluation: [1500/1978]  eta: 0:00:21    time: 0.0448  data: 0.0000  max mem: 2691
      Evaluation: [1600/1978]  eta: 0:00:16    time: 0.0432  data: 0.0000  max mem: 2691
      Evaluation: [1700/1978]  eta: 0:00:12    time: 0.0429  data: 0.0000  max mem: 2691
      Evaluation: [1800/1978]  eta: 0:00:07    time: 0.0434  data: 0.0000  max mem: 2691
      Evaluation: [1900/1978]  eta: 0:00:03    time: 0.0437  data: 0.0000  max mem: 2691
      Evaluation: [1977/1978]  eta: 0:00:00    time: 0.0430  data: 0.0000  max mem: 2691
      Evaluation: Total time: 0:01:27 (0.0443 s / it)
     Computing matching score time 0:01:27
### TTA ITM Score: 
+-------------------+--------+--------+--------+--------+--------+
|       epoch       |   R1   |   R5   |  R10   |  mAP   |  mINP  |
+-------------------+--------+--------+--------+--------+--------+
|        -999       | 69.414 | 95.197 | 97.776 | 81.233 | 81.233 |
|        -999       | 84.277 | 99.039 | 99.596 | 91.276 | 91.276 |
|  cos_sim_wo/norm  | 58.544 | 91.860 | 95.703 | 73.596 | 73.596 |
|        -999       | 69.414 | 95.197 | 97.776 | 81.233 | 81.233 |
| itm_score_wo/norm | 84.328 | 98.989 | 99.494 | 91.293 | 91.293 |
|        -999       | 84.277 | 99.039 | 99.596 | 91.276 | 91.276 |
|         0         | 84.783 | 98.888 | 99.545 | 91.485 | 91.485 |
|         1         | 84.530 | 98.686 | 99.191 | 91.264 | 91.264 |
|         2         | 84.530 | 98.736 | 99.141 | 91.255 | 91.255 |
|         4         | 84.681 | 98.686 | 99.343 | 91.343 | 91.343 |
|         9         | 83.923 | 98.736 | 99.393 | 90.909 | 90.909 |
|         14        | 84.075 | 98.483 | 99.596 | 90.963 | 90.963 |
|         19        | 82.305 | 98.281 | 99.039 | 89.762 | 89.762 |
|         29        | 84.429 | 98.635 | 99.393 | 91.131 | 91.131 |
+-------------------+--------+--------+--------+--------+--------+
     logs:  {'epo': 29, 'R1': np.float32(84.429), 'R5': np.float32(98.635), 'R10': np.float32(99.393), 'mAP': np.float32(91.131), 'mINP': np.float32(91.131), 'entropy': 0.01008, 'uncertainty': 1.0, 'uncertainty_coeffi': 1.0, 'loss': 0.01008, 'lr': 0.000288}
      TTA Epoch: [30] [ 0/78]  eta: 0:00:33  entropy: 0.0000  uncertainty: 1.0000  uncertainty_coeffi: 1.0000  loss: 0.0000  lr: 0.000283  time: 0.4323  data: 0.3800  max mem: 2691
      TTA Epoch: [30] [77/78]  eta: 0:00:00  entropy: 0.0056  uncertainty: 1.0000  uncertainty_coeffi: 1.0000  loss: 0.0056  lr: 0.000274  time: 0.0356  data: 0.0001  max mem: 2691
      TTA Epoch: [30] Total time: 0:00:03 (0.0425 s / it)
     Averaged stats: entropy: 0.0089  uncertainty: 1.0000  uncertainty_coeffi: 1.0000  loss: 0.0089  lr: 0.0003
     itm tta time 0:00:03
      TTA Epoch: [31] [ 0/78]  eta: 0:00:33  entropy: 0.0000  uncertainty: 1.0000  uncertainty_coeffi: 1.0000  loss: 0.0000  lr: 0.000274  time: 0.4241  data: 0.3652  max mem: 2691
      TTA Epoch: [31] [77/78]  eta: 0:00:00  entropy: 0.0006  uncertainty: 1.0000  uncertainty_coeffi: 1.0000  loss: 0.0006  lr: 0.000265  time: 0.0324  data: 0.0001  max mem: 2691
      TTA Epoch: [31] Total time: 0:00:03 (0.0398 s / it)
     Averaged stats: entropy: 0.0104  uncertainty: 1.0000  uncertainty_coeffi: 1.0000  loss: 0.0104  lr: 0.0003
     itm tta time 0:00:03
      TTA Epoch: [32] [ 0/78]  eta: 0:00:31  entropy: 0.0015  uncertainty: 1.0000  uncertainty_coeffi: 1.0000  loss: 0.0015  lr: 0.000265  time: 0.4062  data: 0.3545  max mem: 2691
      TTA Epoch: [32] [77/78]  eta: 0:00:00  entropy: 0.0044  uncertainty: 1.0000  uncertainty_coeffi: 1.0000  loss: 0.0044  lr: 0.000255  time: 0.0331  data: 0.0001  max mem: 2691
      TTA Epoch: [32] Total time: 0:00:03 (0.0402 s / it)
     Averaged stats: entropy: 0.0080  uncertainty: 1.0000  uncertainty_coeffi: 1.0000  loss: 0.0080  lr: 0.0003
     itm tta time 0:00:03
      TTA Epoch: [33] [ 0/78]  eta: 0:00:35  entropy: 0.0015  uncertainty: 1.0000  uncertainty_coeffi: 1.0000  loss: 0.0015  lr: 0.000255  time: 0.4534  data: 0.4041  max mem: 2691
      TTA Epoch: [33] [77/78]  eta: 0:00:00  entropy: 0.0000  uncertainty: 1.0000  uncertainty_coeffi: 1.0000  loss: 0.0000  lr: 0.000246  time: 0.0336  data: 0.0001  max mem: 2691
      TTA Epoch: [33] Total time: 0:00:03 (0.0415 s / it)
     Averaged stats: entropy: 0.0096  uncertainty: 1.0000  uncertainty_coeffi: 1.0000  loss: 0.0096  lr: 0.0003
     itm tta time 0:00:03
      TTA Epoch: [34] [ 0/78]  eta: 0:00:32  entropy: 0.0000  uncertainty: 1.0000  uncertainty_coeffi: 1.0000  loss: 0.0000  lr: 0.000246  time: 0.4215  data: 0.3740  max mem: 2691
      TTA Epoch: [34] [77/78]  eta: 0:00:00  entropy: 0.0413  uncertainty: 1.0000  uncertainty_coeffi: 1.0000  loss: 0.0413  lr: 0.000237  time: 0.0321  data: 0.0001  max mem: 2691
      TTA Epoch: [34] Total time: 0:00:03 (0.0402 s / it)
     Averaged stats: entropy: 0.0108  uncertainty: 1.0000  uncertainty_coeffi: 1.0000  loss: 0.0108  lr: 0.0002
     itm tta time 0:00:03
      TTA Epoch: [35] [ 0/78]  eta: 0:00:31  entropy: 0.0024  uncertainty: 1.0000  uncertainty_coeffi: 1.0000  loss: 0.0024  lr: 0.000237  time: 0.3995  data: 0.3491  max mem: 2691
      TTA Epoch: [35] [77/78]  eta: 0:00:00  entropy: 0.0051  uncertainty: 1.0000  uncertainty_coeffi: 1.0000  loss: 0.0051  lr: 0.000228  time: 0.0336  data: 0.0005  max mem: 2691
      TTA Epoch: [35] Total time: 0:00:03 (0.0409 s / it)
     Averaged stats: entropy: 0.0075  uncertainty: 1.0000  uncertainty_coeffi: 1.0000  loss: 0.0075  lr: 0.0002
     itm tta time 0:00:03
      TTA Epoch: [36] [ 0/78]  eta: 0:00:31  entropy: 0.0000  uncertainty: 1.0000  uncertainty_coeffi: 1.0000  loss: 0.0000  lr: 0.000228  time: 0.3993  data: 0.3506  max mem: 2691
      TTA Epoch: [36] [77/78]  eta: 0:00:00  entropy: 0.0000  uncertainty: 1.0000  uncertainty_coeffi: 1.0000  loss: 0.0000  lr: 0.000219  time: 0.0342  data: 0.0001  max mem: 2691
      TTA Epoch: [36] Total time: 0:00:03 (0.0395 s / it)
     Averaged stats: entropy: 0.0077  uncertainty: 1.0000  uncertainty_coeffi: 1.0000  loss: 0.0077  lr: 0.0002
     itm tta time 0:00:03
      TTA Epoch: [37] [ 0/78]  eta: 0:00:46  entropy: 0.0040  uncertainty: 1.0000  uncertainty_coeffi: 1.0000  loss: 0.0040  lr: 0.000219  time: 0.5989  data: 0.5473  max mem: 2691
      TTA Epoch: [37] [77/78]  eta: 0:00:00  entropy: 0.0003  uncertainty: 1.0000  uncertainty_coeffi: 1.0000  loss: 0.0003  lr: 0.000209  time: 0.0346  data: 0.0001  max mem: 2691
      TTA Epoch: [37] Total time: 0:00:03 (0.0452 s / it)
     Averaged stats: entropy: 0.0055  uncertainty: 1.0000  uncertainty_coeffi: 1.0000  loss: 0.0055  lr: 0.0002
     itm tta time 0:00:03
      TTA Epoch: [38] [ 0/78]  eta: 0:00:32  entropy: 0.0609  uncertainty: 1.0000  uncertainty_coeffi: 1.0000  loss: 0.0609  lr: 0.000209  time: 0.4213  data: 0.3721  max mem: 2691
      TTA Epoch: [38] [77/78]  eta: 0:00:00  entropy: 0.0007  uncertainty: 1.0000  uncertainty_coeffi: 1.0000  loss: 0.0007  lr: 0.000200  time: 0.0328  data: 0.0001  max mem: 2691
      TTA Epoch: [38] Total time: 0:00:03 (0.0401 s / it)
     Averaged stats: entropy: 0.0075  uncertainty: 1.0000  uncertainty_coeffi: 1.0000  loss: 0.0075  lr: 0.0002
     itm tta time 0:00:03
      TTA Epoch: [39] [ 0/78]  eta: 0:00:31  entropy: 0.0400  uncertainty: 1.0000  uncertainty_coeffi: 1.0000  loss: 0.0400  lr: 0.000200  time: 0.4023  data: 0.3515  max mem: 2691
      TTA Epoch: [39] [77/78]  eta: 0:00:00  entropy: 0.0031  uncertainty: 1.0000  uncertainty_coeffi: 1.0000  loss: 0.0031  lr: 0.000191  time: 0.0346  data: 0.0001  max mem: 2691
      TTA Epoch: [39] Total time: 0:00:03 (0.0401 s / it)
     Averaged stats: entropy: 0.0112  uncertainty: 1.0000  uncertainty_coeffi: 1.0000  loss: 0.0112  lr: 0.0002
     itm tta time 0:00:03
     Computing matching score
      Evaluation: [   0/1978]  eta: 0:01:35    time: 0.0481  data: 0.0033  max mem: 2691
      Evaluation: [ 100/1978]  eta: 0:01:21    time: 0.0413  data: 0.0000  max mem: 2691
      Evaluation: [ 200/1978]  eta: 0:01:15    time: 0.0435  data: 0.0000  max mem: 2691
      Evaluation: [ 300/1978]  eta: 0:01:11    time: 0.0445  data: 0.0000  max mem: 2691
      Evaluation: [ 400/1978]  eta: 0:01:07    time: 0.0410  data: 0.0000  max mem: 2691
      Evaluation: [ 500/1978]  eta: 0:01:03    time: 0.0456  data: 0.0000  max mem: 2691
      Evaluation: [ 600/1978]  eta: 0:00:59    time: 0.0452  data: 0.0000  max mem: 2691
      Evaluation: [ 700/1978]  eta: 0:00:55    time: 0.0448  data: 0.0000  max mem: 2691
      Evaluation: [ 800/1978]  eta: 0:00:51    time: 0.0418  data: 0.0000  max mem: 2691
      Evaluation: [ 900/1978]  eta: 0:00:47    time: 0.0441  data: 0.0000  max mem: 2691
      Evaluation: [1000/1978]  eta: 0:00:42    time: 0.0435  data: 0.0000  max mem: 2691
      Evaluation: [1100/1978]  eta: 0:00:38    time: 0.0446  data: 0.0000  max mem: 2691
      Evaluation: [1200/1978]  eta: 0:00:33    time: 0.0442  data: 0.0000  max mem: 2691
      Evaluation: [1300/1978]  eta: 0:00:29    time: 0.0426  data: 0.0000  max mem: 2691
      Evaluation: [1400/1978]  eta: 0:00:25    time: 0.0432  data: 0.0000  max mem: 2691
      Evaluation: [1500/1978]  eta: 0:00:20    time: 0.0443  data: 0.0000  max mem: 2691
      Evaluation: [1600/1978]  eta: 0:00:16    time: 0.0436  data: 0.0000  max mem: 2691
      Evaluation: [1700/1978]  eta: 0:00:12    time: 0.0443  data: 0.0000  max mem: 2691
      Evaluation: [1800/1978]  eta: 0:00:07    time: 0.0455  data: 0.0000  max mem: 2691
      Evaluation: [1900/1978]  eta: 0:00:03    time: 0.0454  data: 0.0000  max mem: 2691
      Evaluation: [1977/1978]  eta: 0:00:00    time: 0.0424  data: 0.0000  max mem: 2691
      Evaluation: Total time: 0:01:26 (0.0438 s / it)
     Computing matching score time 0:01:26
### TTA ITM Score: 
+-------------------+--------+--------+--------+--------+--------+
|       epoch       |   R1   |   R5   |  R10   |  mAP   |  mINP  |
+-------------------+--------+--------+--------+--------+--------+
|        -999       | 69.414 | 95.197 | 97.776 | 81.233 | 81.233 |
|        -999       | 84.277 | 99.039 | 99.596 | 91.276 | 91.276 |
|  cos_sim_wo/norm  | 58.544 | 91.860 | 95.703 | 73.596 | 73.596 |
|        -999       | 69.414 | 95.197 | 97.776 | 81.233 | 81.233 |
| itm_score_wo/norm | 84.328 | 98.989 | 99.494 | 91.293 | 91.293 |
|        -999       | 84.277 | 99.039 | 99.596 | 91.276 | 91.276 |
|         0         | 84.783 | 98.888 | 99.545 | 91.485 | 91.485 |
|         1         | 84.530 | 98.686 | 99.191 | 91.264 | 91.264 |
|         2         | 84.530 | 98.736 | 99.141 | 91.255 | 91.255 |
|         4         | 84.681 | 98.686 | 99.343 | 91.343 | 91.343 |
|         9         | 83.923 | 98.736 | 99.393 | 90.909 | 90.909 |
|         14        | 84.075 | 98.483 | 99.596 | 90.963 | 90.963 |
|         19        | 82.305 | 98.281 | 99.039 | 89.762 | 89.762 |
|         29        | 84.429 | 98.635 | 99.393 | 91.131 | 91.131 |
|         39        | 84.277 | 98.534 | 99.292 | 91.053 | 91.053 |
+-------------------+--------+--------+--------+--------+--------+
     logs:  {'epo': 39, 'R1': np.float32(84.277), 'R5': np.float32(98.534), 'R10': np.float32(99.292), 'mAP': np.float32(91.053), 'mINP': np.float32(91.053), 'entropy': 0.011158, 'uncertainty': 1.0, 'uncertainty_coeffi': 1.0, 'loss': 0.011158, 'lr': 0.000196}
      TTA Epoch: [40] [ 0/78]  eta: 0:00:34  entropy: 0.0000  uncertainty: 1.0000  uncertainty_coeffi: 1.0000  loss: 0.0000  lr: 0.000191  time: 0.4461  data: 0.3942  max mem: 2691
      TTA Epoch: [40] [77/78]  eta: 0:00:00  entropy: 0.0000  uncertainty: 1.0000  uncertainty_coeffi: 1.0000  loss: 0.0000  lr: 0.000182  time: 0.0363  data: 0.0001  max mem: 2691
      TTA Epoch: [40] Total time: 0:00:03 (0.0454 s / it)
     Averaged stats: entropy: 0.0080  uncertainty: 1.0000  uncertainty_coeffi: 1.0000  loss: 0.0080  lr: 0.0002
     itm tta time 0:00:03
      TTA Epoch: [41] [ 0/78]  eta: 0:01:03  entropy: 0.0000  uncertainty: 1.0000  uncertainty_coeffi: 1.0000  loss: 0.0000  lr: 0.000182  time: 0.8185  data: 0.7428  max mem: 2691
      TTA Epoch: [41] [77/78]  eta: 0:00:00  entropy: 0.0029  uncertainty: 1.0000  uncertainty_coeffi: 1.0000  loss: 0.0029  lr: 0.000173  time: 0.0372  data: 0.0001  max mem: 2691
      TTA Epoch: [41] Total time: 0:00:04 (0.0563 s / it)
     Averaged stats: entropy: 0.0072  uncertainty: 1.0000  uncertainty_coeffi: 1.0000  loss: 0.0072  lr: 0.0002
     itm tta time 0:00:04
      TTA Epoch: [42] [ 0/78]  eta: 0:00:34  entropy: 0.0012  uncertainty: 1.0000  uncertainty_coeffi: 1.0000  loss: 0.0012  lr: 0.000173  time: 0.4379  data: 0.3861  max mem: 2691
      TTA Epoch: [42] [77/78]  eta: 0:00:00  entropy: 0.0000  uncertainty: 1.0000  uncertainty_coeffi: 1.0000  loss: 0.0000  lr: 0.000163  time: 0.0360  data: 0.0001  max mem: 2691
      TTA Epoch: [42] Total time: 0:00:03 (0.0438 s / it)
     Averaged stats: entropy: 0.0076  uncertainty: 1.0000  uncertainty_coeffi: 1.0000  loss: 0.0076  lr: 0.0002
     itm tta time 0:00:03
      TTA Epoch: [43] [ 0/78]  eta: 0:00:36  entropy: 0.0014  uncertainty: 1.0000  uncertainty_coeffi: 1.0000  loss: 0.0014  lr: 0.000163  time: 0.4672  data: 0.3926  max mem: 2691
      TTA Epoch: [43] [77/78]  eta: 0:00:00  entropy: 0.0024  uncertainty: 1.0000  uncertainty_coeffi: 1.0000  loss: 0.0024  lr: 0.000154  time: 0.0361  data: 0.0001  max mem: 2691
      TTA Epoch: [43] Total time: 0:00:03 (0.0461 s / it)
     Averaged stats: entropy: 0.0075  uncertainty: 1.0000  uncertainty_coeffi: 1.0000  loss: 0.0075  lr: 0.0002
     itm tta time 0:00:03
      TTA Epoch: [44] [ 0/78]  eta: 0:00:34  entropy: 0.0000  uncertainty: 1.0000  uncertainty_coeffi: 1.0000  loss: 0.0000  lr: 0.000154  time: 0.4384  data: 0.3891  max mem: 2691
      TTA Epoch: [44] [77/78]  eta: 0:00:00  entropy: 0.0000  uncertainty: 1.0000  uncertainty_coeffi: 1.0000  loss: 0.0000  lr: 0.000058  time: 0.0355  data: 0.0002  max mem: 2691
      TTA Epoch: [44] Total time: 0:00:03 (0.0432 s / it)
     Averaged stats: entropy: 0.0069  uncertainty: 1.0000  uncertainty_coeffi: 1.0000  loss: 0.0069  lr: 0.0001
     itm tta time 0:00:03
      TTA Epoch: [45] [ 0/78]  eta: 0:00:34  entropy: 0.0000  uncertainty: 1.0000  uncertainty_coeffi: 1.0000  loss: 0.0000  lr: 0.000058  time: 0.4440  data: 0.3917  max mem: 2691
      TTA Epoch: [45] [77/78]  eta: 0:00:00  entropy: 0.0000  uncertainty: 1.0000  uncertainty_coeffi: 1.0000  loss: 0.0000  lr: 0.000054  time: 0.0375  data: 0.0002  max mem: 2691
      TTA Epoch: [45] Total time: 0:00:03 (0.0438 s / it)
     Averaged stats: entropy: 0.0077  uncertainty: 1.0000  uncertainty_coeffi: 1.0000  loss: 0.0077  lr: 0.0001
     itm tta time 0:00:03
      TTA Epoch: [46] [ 0/78]  eta: 0:00:33  entropy: 0.0000  uncertainty: 1.0000  uncertainty_coeffi: 1.0000  loss: 0.0000  lr: 0.000054  time: 0.4295  data: 0.3657  max mem: 2691
      TTA Epoch: [46] [77/78]  eta: 0:00:00  entropy: 0.0000  uncertainty: 1.0000  uncertainty_coeffi: 1.0000  loss: 0.0000  lr: 0.000051  time: 0.0432  data: 0.0053  max mem: 2691
      TTA Epoch: [46] Total time: 0:00:03 (0.0489 s / it)
     Averaged stats: entropy: 0.0102  uncertainty: 1.0000  uncertainty_coeffi: 1.0000  loss: 0.0102  lr: 0.0001
     itm tta time 0:00:03
      TTA Epoch: [47] [ 0/78]  eta: 0:00:33  entropy: 0.0000  uncertainty: 1.0000  uncertainty_coeffi: 1.0000  loss: 0.0000  lr: 0.000051  time: 0.4321  data: 0.3538  max mem: 2691
      TTA Epoch: [47] [77/78]  eta: 0:00:00  entropy: 0.0199  uncertainty: 1.0000  uncertainty_coeffi: 1.0000  loss: 0.0199  lr: 0.000047  time: 0.0357  data: 0.0001  max mem: 2691
      TTA Epoch: [47] Total time: 0:00:03 (0.0449 s / it)
     Averaged stats: entropy: 0.0090  uncertainty: 1.0000  uncertainty_coeffi: 1.0000  loss: 0.0090  lr: 0.0000
     itm tta time 0:00:03
      TTA Epoch: [48] [ 0/78]  eta: 0:00:37  entropy: 0.0115  uncertainty: 1.0000  uncertainty_coeffi: 1.0000  loss: 0.0115  lr: 0.000047  time: 0.4871  data: 0.4311  max mem: 2691
      TTA Epoch: [48] [77/78]  eta: 0:00:00  entropy: 0.0000  uncertainty: 1.0000  uncertainty_coeffi: 1.0000  loss: 0.0000  lr: 0.000043  time: 0.0384  data: 0.0016  max mem: 2691
      TTA Epoch: [48] Total time: 0:00:03 (0.0484 s / it)
     Averaged stats: entropy: 0.0095  uncertainty: 1.0000  uncertainty_coeffi: 1.0000  loss: 0.0095  lr: 0.0000
     itm tta time 0:00:03
      TTA Epoch: [49] [ 0/78]  eta: 0:00:34  entropy: 0.0059  uncertainty: 1.0000  uncertainty_coeffi: 1.0000  loss: 0.0059  lr: 0.000043  time: 0.4447  data: 0.3842  max mem: 2691
      TTA Epoch: [49] [77/78]  eta: 0:00:00  entropy: 0.0001  uncertainty: 1.0000  uncertainty_coeffi: 1.0000  loss: 0.0001  lr: 0.000040  time: 0.0435  data: 0.0052  max mem: 2691
      TTA Epoch: [49] Total time: 0:00:03 (0.0496 s / it)
     Averaged stats: entropy: 0.0053  uncertainty: 1.0000  uncertainty_coeffi: 1.0000  loss: 0.0053  lr: 0.0000
     itm tta time 0:00:03
     Computing matching score
      Evaluation: [   0/1978]  eta: 0:01:41    time: 0.0514  data: 0.0038  max mem: 2691
      Evaluation: [ 100/1978]  eta: 0:01:25    time: 0.0431  data: 0.0000  max mem: 2691
      Evaluation: [ 200/1978]  eta: 0:01:18    time: 0.0447  data: 0.0000  max mem: 2691
      Evaluation: [ 300/1978]  eta: 0:01:14    time: 0.0466  data: 0.0000  max mem: 2691
      Evaluation: [ 400/1978]  eta: 0:01:09    time: 0.0401  data: 0.0000  max mem: 2691
      Evaluation: [ 500/1978]  eta: 0:01:04    time: 0.0426  data: 0.0000  max mem: 2691
      Evaluation: [ 600/1978]  eta: 0:00:59    time: 0.0445  data: 0.0000  max mem: 2691
      Evaluation: [ 700/1978]  eta: 0:00:55    time: 0.0407  data: 0.0000  max mem: 2691
      Evaluation: [ 800/1978]  eta: 0:00:50    time: 0.0413  data: 0.0000  max mem: 2691
      Evaluation: [ 900/1978]  eta: 0:00:46    time: 0.0432  data: 0.0000  max mem: 2691
      Evaluation: [1000/1978]  eta: 0:00:42    time: 0.0429  data: 0.0000  max mem: 2691
      Evaluation: [1100/1978]  eta: 0:00:37    time: 0.0430  data: 0.0000  max mem: 2691
      Evaluation: [1200/1978]  eta: 0:00:33    time: 0.0428  data: 0.0000  max mem: 2691
      Evaluation: [1300/1978]  eta: 0:00:29    time: 0.0429  data: 0.0000  max mem: 2691
      Evaluation: [1400/1978]  eta: 0:00:24    time: 0.0448  data: 0.0000  max mem: 2691
      Evaluation: [1500/1978]  eta: 0:00:20    time: 0.0434  data: 0.0000  max mem: 2691
      Evaluation: [1600/1978]  eta: 0:00:16    time: 0.0463  data: 0.0000  max mem: 2691
      Evaluation: [1700/1978]  eta: 0:00:12    time: 0.0451  data: 0.0000  max mem: 2691
      Evaluation: [1800/1978]  eta: 0:00:07    time: 0.0441  data: 0.0000  max mem: 2691
      Evaluation: [1900/1978]  eta: 0:00:03    time: 0.0429  data: 0.0000  max mem: 2691
      Evaluation: [1977/1978]  eta: 0:00:00    time: 0.0432  data: 0.0000  max mem: 2691
      Evaluation: Total time: 0:01:26 (0.0435 s / it)
     Computing matching score time 0:01:26
### TTA ITM Score: 
+-------------------+--------+--------+--------+--------+--------+
|       epoch       |   R1   |   R5   |  R10   |  mAP   |  mINP  |
+-------------------+--------+--------+--------+--------+--------+
|        -999       | 69.414 | 95.197 | 97.776 | 81.233 | 81.233 |
|        -999       | 84.277 | 99.039 | 99.596 | 91.276 | 91.276 |
|  cos_sim_wo/norm  | 58.544 | 91.860 | 95.703 | 73.596 | 73.596 |
|        -999       | 69.414 | 95.197 | 97.776 | 81.233 | 81.233 |
| itm_score_wo/norm | 84.328 | 98.989 | 99.494 | 91.293 | 91.293 |
|        -999       | 84.277 | 99.039 | 99.596 | 91.276 | 91.276 |
|         0         | 84.783 | 98.888 | 99.545 | 91.485 | 91.485 |
|         1         | 84.530 | 98.686 | 99.191 | 91.264 | 91.264 |
|         2         | 84.530 | 98.736 | 99.141 | 91.255 | 91.255 |
|         4         | 84.681 | 98.686 | 99.343 | 91.343 | 91.343 |
|         9         | 83.923 | 98.736 | 99.393 | 90.909 | 90.909 |
|         14        | 84.075 | 98.483 | 99.596 | 90.963 | 90.963 |
|         19        | 82.305 | 98.281 | 99.039 | 89.762 | 89.762 |
|         29        | 84.429 | 98.635 | 99.393 | 91.131 | 91.131 |
|         39        | 84.277 | 98.534 | 99.292 | 91.053 | 91.053 |
|         49        | 84.378 | 98.483 | 99.090 | 91.002 | 91.002 |
+-------------------+--------+--------+--------+--------+--------+
     logs:  {'epo': 49, 'R1': np.float32(84.378), 'R5': np.float32(98.483), 'R10': np.float32(99.09), 'mAP': np.float32(91.002), 'mINP': np.float32(91.002), 'entropy': 0.005299, 'uncertainty': 1.0, 'uncertainty_coeffi': 1.0, 'loss': 0.005299, 'lr': 4.1e-05}
      TTA Epoch: [50] [ 0/78]  eta: 0:00:34  entropy: 0.0000  uncertainty: 1.0000  uncertainty_coeffi: 1.0000  loss: 0.0000  lr: 0.000040  time: 0.4473  data: 0.3922  max mem: 2691
      TTA Epoch: [50] [77/78]  eta: 0:00:00  entropy: 0.0000  uncertainty: 1.0000  uncertainty_coeffi: 1.0000  loss: 0.0000  lr: 0.000036  time: 0.0395  data: 0.0001  max mem: 2691
      TTA Epoch: [50] Total time: 0:00:04 (0.0556 s / it)
     Averaged stats: entropy: 0.0059  uncertainty: 1.0000  uncertainty_coeffi: 1.0000  loss: 0.0059  lr: 0.0000
     itm tta time 0:00:04
      TTA Epoch: [51] [ 0/78]  eta: 0:00:59  entropy: 0.0000  uncertainty: 1.0000  uncertainty_coeffi: 1.0000  loss: 0.0000  lr: 0.000036  time: 0.7603  data: 0.6756  max mem: 2691
      TTA Epoch: [51] [77/78]  eta: 0:00:00  entropy: 0.0000  uncertainty: 1.0000  uncertainty_coeffi: 1.0000  loss: 0.0000  lr: 0.000032  time: 0.0355  data: 0.0001  max mem: 2691
      TTA Epoch: [51] Total time: 0:00:04 (0.0537 s / it)
     Averaged stats: entropy: 0.0042  uncertainty: 1.0000  uncertainty_coeffi: 1.0000  loss: 0.0042  lr: 0.0000
     itm tta time 0:00:04
      TTA Epoch: [52] [ 0/78]  eta: 0:00:34  entropy: 0.0288  uncertainty: 1.0000  uncertainty_coeffi: 1.0000  loss: 0.0288  lr: 0.000032  time: 0.4404  data: 0.3884  max mem: 2691
      TTA Epoch: [52] [77/78]  eta: 0:00:00  entropy: 0.0261  uncertainty: 1.0000  uncertainty_coeffi: 1.0000  loss: 0.0261  lr: 0.000029  time: 0.0340  data: 0.0001  max mem: 2691
      TTA Epoch: [52] Total time: 0:00:03 (0.0416 s / it)
     Averaged stats: entropy: 0.0061  uncertainty: 1.0000  uncertainty_coeffi: 1.0000  loss: 0.0061  lr: 0.0000
     itm tta time 0:00:03
      TTA Epoch: [53] [ 0/78]  eta: 0:00:33  entropy: 0.0014  uncertainty: 1.0000  uncertainty_coeffi: 1.0000  loss: 0.0014  lr: 0.000029  time: 0.4272  data: 0.3769  max mem: 2691
      TTA Epoch: [53] [77/78]  eta: 0:00:00  entropy: 0.0430  uncertainty: 1.0000  uncertainty_coeffi: 1.0000  loss: 0.0430  lr: 0.000025  time: 0.0408  data: 0.0052  max mem: 2691
      TTA Epoch: [53] Total time: 0:00:03 (0.0440 s / it)
     Averaged stats: entropy: 0.0061  uncertainty: 1.0000  uncertainty_coeffi: 1.0000  loss: 0.0061  lr: 0.0000
     itm tta time 0:00:03
      TTA Epoch: [54] [ 0/78]  eta: 0:01:09  entropy: 0.0297  uncertainty: 1.0000  uncertainty_coeffi: 1.0000  loss: 0.0297  lr: 0.000025  time: 0.8849  data: 0.7975  max mem: 2691
      TTA Epoch: [54] [77/78]  eta: 0:00:00  entropy: 0.0000  uncertainty: 1.0000  uncertainty_coeffi: 1.0000  loss: 0.0000  lr: 0.000021  time: 0.0381  data: 0.0001  max mem: 2691
      TTA Epoch: [54] Total time: 0:00:04 (0.0526 s / it)
     Averaged stats: entropy: 0.0075  uncertainty: 1.0000  uncertainty_coeffi: 1.0000  loss: 0.0075  lr: 0.0000
     itm tta time 0:00:04
      TTA Epoch: [55] [ 0/78]  eta: 0:00:36  entropy: 0.0000  uncertainty: 1.0000  uncertainty_coeffi: 1.0000  loss: 0.0000  lr: 0.000021  time: 0.4722  data: 0.4215  max mem: 2691
      TTA Epoch: [55] [77/78]  eta: 0:00:00  entropy: 0.0000  uncertainty: 1.0000  uncertainty_coeffi: 1.0000  loss: 0.0000  lr: 0.000018  time: 0.0348  data: 0.0001  max mem: 2691
      TTA Epoch: [55] Total time: 0:00:03 (0.0435 s / it)
     Averaged stats: entropy: 0.0085  uncertainty: 1.0000  uncertainty_coeffi: 1.0000  loss: 0.0085  lr: 0.0000
     itm tta time 0:00:03
      TTA Epoch: [56] [ 0/78]  eta: 0:01:04  entropy: 0.0000  uncertainty: 1.0000  uncertainty_coeffi: 1.0000  loss: 0.0000  lr: 0.000017  time: 0.8239  data: 0.7457  max mem: 2691
      TTA Epoch: [56] [77/78]  eta: 0:00:00  entropy: 0.0000  uncertainty: 1.0000  uncertainty_coeffi: 1.0000  loss: 0.0000  lr: 0.000014  time: 0.0409  data: 0.0051  max mem: 2691
      TTA Epoch: [56] Total time: 0:00:04 (0.0561 s / it)
     Averaged stats: entropy: 0.0078  uncertainty: 1.0000  uncertainty_coeffi: 1.0000  loss: 0.0078  lr: 0.0000
     itm tta time 0:00:04
      TTA Epoch: [57] [ 0/78]  eta: 0:00:52  entropy: 0.0000  uncertainty: 1.0000  uncertainty_coeffi: 1.0000  loss: 0.0000  lr: 0.000014  time: 0.6733  data: 0.6005  max mem: 2691
      TTA Epoch: [57] [77/78]  eta: 0:00:00  entropy: 0.0003  uncertainty: 1.0000  uncertainty_coeffi: 1.0000  loss: 0.0003  lr: 0.000010  time: 0.0358  data: 0.0001  max mem: 2691
      TTA Epoch: [57] Total time: 0:00:04 (0.0514 s / it)
     Averaged stats: entropy: 0.0071  uncertainty: 1.0000  uncertainty_coeffi: 1.0000  loss: 0.0071  lr: 0.0000
     itm tta time 0:00:04
      TTA Epoch: [58] [ 0/78]  eta: 0:00:34  entropy: 0.0305  uncertainty: 1.0000  uncertainty_coeffi: 1.0000  loss: 0.0305  lr: 0.000010  time: 0.4462  data: 0.3940  max mem: 2691
      TTA Epoch: [58] [77/78]  eta: 0:00:00  entropy: 0.0000  uncertainty: 1.0000  uncertainty_coeffi: 1.0000  loss: 0.0000  lr: 0.000007  time: 0.0350  data: 0.0001  max mem: 2691
      TTA Epoch: [58] Total time: 0:00:03 (0.0428 s / it)
     Averaged stats: entropy: 0.0081  uncertainty: 1.0000  uncertainty_coeffi: 1.0000  loss: 0.0081  lr: 0.0000
     itm tta time 0:00:03
      TTA Epoch: [59] [ 0/78]  eta: 0:01:09  entropy: 0.0000  uncertainty: 1.0000  uncertainty_coeffi: 1.0000  loss: 0.0000  lr: 0.000006  time: 0.8944  data: 0.8148  max mem: 2691
      TTA Epoch: [59] [77/78]  eta: 0:00:00  entropy: 0.0422  uncertainty: 1.0000  uncertainty_coeffi: 1.0000  loss: 0.0422  lr: 0.000003  time: 0.0362  data: 0.0001  max mem: 2691
      TTA Epoch: [59] Total time: 0:00:04 (0.0530 s / it)
     Averaged stats: entropy: 0.0101  uncertainty: 1.0000  uncertainty_coeffi: 1.0000  loss: 0.0101  lr: 0.0000
     itm tta time 0:00:04
     Computing matching score
      Evaluation: [   0/1978]  eta: 0:01:47    time: 0.0543  data: 0.0053  max mem: 2691
      Evaluation: [ 100/1978]  eta: 0:01:19    time: 0.0402  data: 0.0000  max mem: 2691
      Evaluation: [ 200/1978]  eta: 0:01:13    time: 0.0409  data: 0.0000  max mem: 2691
      Evaluation: [ 300/1978]  eta: 0:01:09    time: 0.0430  data: 0.0000  max mem: 2691
      Evaluation: [ 400/1978]  eta: 0:01:06    time: 0.0432  data: 0.0000  max mem: 2691
      Evaluation: [ 500/1978]  eta: 0:01:03    time: 0.0455  data: 0.0000  max mem: 2691
      Evaluation: [ 600/1978]  eta: 0:00:58    time: 0.0449  data: 0.0000  max mem: 2691
      Evaluation: [ 700/1978]  eta: 0:00:54    time: 0.0401  data: 0.0000  max mem: 2691
      Evaluation: [ 800/1978]  eta: 0:00:50    time: 0.0432  data: 0.0000  max mem: 2691
      Evaluation: [ 900/1978]  eta: 0:00:46    time: 0.0485  data: 0.0000  max mem: 2691
      Evaluation: [1000/1978]  eta: 0:00:42    time: 0.0431  data: 0.0000  max mem: 2691
      Evaluation: [1100/1978]  eta: 0:00:37    time: 0.0439  data: 0.0000  max mem: 2691
      Evaluation: [1200/1978]  eta: 0:00:33    time: 0.0429  data: 0.0000  max mem: 2691
      Evaluation: [1300/1978]  eta: 0:00:29    time: 0.0443  data: 0.0000  max mem: 2691
      Evaluation: [1400/1978]  eta: 0:00:24    time: 0.0425  data: 0.0000  max mem: 2691
      Evaluation: [1500/1978]  eta: 0:00:20    time: 0.0433  data: 0.0000  max mem: 2691
      Evaluation: [1600/1978]  eta: 0:00:16    time: 0.0419  data: 0.0000  max mem: 2691
      Evaluation: [1700/1978]  eta: 0:00:11    time: 0.0424  data: 0.0000  max mem: 2691
      Evaluation: [1800/1978]  eta: 0:00:07    time: 0.0452  data: 0.0000  max mem: 2691
      Evaluation: [1900/1978]  eta: 0:00:03    time: 0.0442  data: 0.0000  max mem: 2691
      Evaluation: [1977/1978]  eta: 0:00:00    time: 0.0440  data: 0.0000  max mem: 2691
      Evaluation: Total time: 0:01:25 (0.0432 s / it)
     Computing matching score time 0:01:25
### TTA ITM Score: 
+-------------------+--------+--------+--------+--------+--------+
|       epoch       |   R1   |   R5   |  R10   |  mAP   |  mINP  |
+-------------------+--------+--------+--------+--------+--------+
|        -999       | 69.414 | 95.197 | 97.776 | 81.233 | 81.233 |
|        -999       | 84.277 | 99.039 | 99.596 | 91.276 | 91.276 |
|  cos_sim_wo/norm  | 58.544 | 91.860 | 95.703 | 73.596 | 73.596 |
|        -999       | 69.414 | 95.197 | 97.776 | 81.233 | 81.233 |
| itm_score_wo/norm | 84.328 | 98.989 | 99.494 | 91.293 | 91.293 |
|        -999       | 84.277 | 99.039 | 99.596 | 91.276 | 91.276 |
|         0         | 84.783 | 98.888 | 99.545 | 91.485 | 91.485 |
|         1         | 84.530 | 98.686 | 99.191 | 91.264 | 91.264 |
|         2         | 84.530 | 98.736 | 99.141 | 91.255 | 91.255 |
|         4         | 84.681 | 98.686 | 99.343 | 91.343 | 91.343 |
|         9         | 83.923 | 98.736 | 99.393 | 90.909 | 90.909 |
|         14        | 84.075 | 98.483 | 99.596 | 90.963 | 90.963 |
|         19        | 82.305 | 98.281 | 99.039 | 89.762 | 89.762 |
|         29        | 84.429 | 98.635 | 99.393 | 91.131 | 91.131 |
|         39        | 84.277 | 98.534 | 99.292 | 91.053 | 91.053 |
|         49        | 84.378 | 98.483 | 99.090 | 91.002 | 91.002 |
|         59        | 84.378 | 98.534 | 99.141 | 91.031 | 91.031 |
+-------------------+--------+--------+--------+--------+--------+
     logs:  {'epo': 59, 'R1': np.float32(84.378), 'R5': np.float32(98.534), 'R10': np.float32(99.141), 'mAP': np.float32(91.031), 'mINP': np.float32(91.031), 'entropy': 0.010092, 'uncertainty': 1.0, 'uncertainty_coeffi': 1.0, 'loss': 0.010092, 'lr': 5e-06}
### best epoch 0 : {'epo': '0', 'R1': '84.783', 'R5': '98.888', 'R10': '99.545', 'mAP': '91.485', 'mINP': '91.485', 'entropy': '0.306622', 'uncertainty': '1.0', 'uncertainty_coeffi': '1.0', 'loss': '0.306622', 'lr': '7.9e-05'}
### Time 0:19:36
NNODES,  1
NODE_RANK,  0
MASTER_ADDR,  127.0.0.1
MASTER_PORT,  1612
NPROC_PER_NODE,  2
task:  exp2
config:  configs_rerun4/exp2.yaml
output_dir:  output_rerun4/exp2/2025092109510
python3 tta.py --config configs_rerun4/exp2.yaml --task exp2 --output_dir output_rerun4/exp2/2025092109510 --checkpoint checkpoint/cmp.pth --bs 0 --epo 0 --lr 0.0 --seed 42 --tta
