/home/jiahao/miniconda3/envs/cmp/lib/python3.10/site-packages/torch/functional.py:554: UserWarning: torch.meshgrid: in an upcoming release, it will be required to pass the indexing argument. (Triggered internally at /pytorch/aten/src/ATen/native/TensorShape.cpp:4322.)
  return _VF.meshgrid(tensors, **kwargs)  # type: ignore[attr-defined]
Not using distributed mode
### Hyper-parameters:
     seed: 42
     device: cuda
     output_dir: output_rerun4/exp7.0.2/2025092121532
     batch_size_tta: 16
     epochs: 60
     lr: 0.0001
### Creating test dataset
from data/PAB/annotation/test/attr.json loading 1978 data
     test dataset -->    be_pose_img: True
     test_dataset: 1978
### Creating test dataloader
### be careful: func create_loader returns a list length of 1
     test_loader: 90
### Creating model
build_vision_encoder: load swin 224 x 224 ====>
missing_keys:  []
unexpected_keys:  ['head.weight', 'head.bias']
build_text_encoder: load bert ====>
missing_keys: ['bert.encoder.layer.10.crossattention.output.LayerNorm.bias', 'bert.encoder.layer.10.crossattention.output.LayerNorm.weight', 'bert.encoder.layer.10.crossattention.output.dense.bias', 'bert.encoder.layer.10.crossattention.output.dense.weight', 'bert.encoder.layer.10.crossattention.self.key.bias', 'bert.encoder.layer.10.crossattention.self.key.weight', 'bert.encoder.layer.10.crossattention.self.query.bias', 'bert.encoder.layer.10.crossattention.self.query.weight', 'bert.encoder.layer.10.crossattention.self.value.bias', 'bert.encoder.layer.10.crossattention.self.value.weight', 'bert.encoder.layer.11.crossattention.output.LayerNorm.bias', 'bert.encoder.layer.11.crossattention.output.LayerNorm.weight', 'bert.encoder.layer.11.crossattention.output.dense.bias', 'bert.encoder.layer.11.crossattention.output.dense.weight', 'bert.encoder.layer.11.crossattention.self.key.bias', 'bert.encoder.layer.11.crossattention.self.key.weight', 'bert.encoder.layer.11.crossattention.self.query.bias', 'bert.encoder.layer.11.crossattention.self.query.weight', 'bert.encoder.layer.11.crossattention.self.value.bias', 'bert.encoder.layer.11.crossattention.self.value.weight', 'bert.encoder.layer.6.crossattention.output.LayerNorm.bias', 'bert.encoder.layer.6.crossattention.output.LayerNorm.weight', 'bert.encoder.layer.6.crossattention.output.dense.bias', 'bert.encoder.layer.6.crossattention.output.dense.weight', 'bert.encoder.layer.6.crossattention.self.key.bias', 'bert.encoder.layer.6.crossattention.self.key.weight', 'bert.encoder.layer.6.crossattention.self.query.bias', 'bert.encoder.layer.6.crossattention.self.query.weight', 'bert.encoder.layer.6.crossattention.self.value.bias', 'bert.encoder.layer.6.crossattention.self.value.weight', 'bert.encoder.layer.7.crossattention.output.LayerNorm.bias', 'bert.encoder.layer.7.crossattention.output.LayerNorm.weight', 'bert.encoder.layer.7.crossattention.output.dense.bias', 'bert.encoder.layer.7.crossattention.output.dense.weight', 'bert.encoder.layer.7.crossattention.self.key.bias', 'bert.encoder.layer.7.crossattention.self.key.weight', 'bert.encoder.layer.7.crossattention.self.query.bias', 'bert.encoder.layer.7.crossattention.self.query.weight', 'bert.encoder.layer.7.crossattention.self.value.bias', 'bert.encoder.layer.7.crossattention.self.value.weight', 'bert.encoder.layer.8.crossattention.output.LayerNorm.bias', 'bert.encoder.layer.8.crossattention.output.LayerNorm.weight', 'bert.encoder.layer.8.crossattention.output.dense.bias', 'bert.encoder.layer.8.crossattention.output.dense.weight', 'bert.encoder.layer.8.crossattention.self.key.bias', 'bert.encoder.layer.8.crossattention.self.key.weight', 'bert.encoder.layer.8.crossattention.self.query.bias', 'bert.encoder.layer.8.crossattention.self.query.weight', 'bert.encoder.layer.8.crossattention.self.value.bias', 'bert.encoder.layer.8.crossattention.self.value.weight', 'bert.encoder.layer.9.crossattention.output.LayerNorm.bias', 'bert.encoder.layer.9.crossattention.output.LayerNorm.weight', 'bert.encoder.layer.9.crossattention.output.dense.bias', 'bert.encoder.layer.9.crossattention.output.dense.weight', 'bert.encoder.layer.9.crossattention.self.key.bias', 'bert.encoder.layer.9.crossattention.self.key.weight', 'bert.encoder.layer.9.crossattention.self.query.bias', 'bert.encoder.layer.9.crossattention.self.query.weight', 'bert.encoder.layer.9.crossattention.self.value.bias', 'bert.encoder.layer.9.crossattention.self.value.weight']
unexpected_keys: ['cls.seq_relationship.bias', 'cls.seq_relationship.weight']
mismatched_keys: []
error_msgs: []
Label Smooth: 0.2
pose_conv
load checkpoint from checkpoint/cmp.pth
missing_keys:  ['uncertainty_temper', 'prompt_learning_embedding']
unexpected_keys:  []
     Total Params Sum:  254264985
### Inference ITC similiarity matrix
     Computing text features for evaluation
     Computing image features for evaluation
/home/jiahao/task/CMP/eval.py:129: UserWarning: To copy construct from a tensor, it is recommended to use sourceTensor.detach().clone() or sourceTensor.detach().clone().requires_grad_(True), rather than torch.tensor(sourceTensor).
  similarity = torch.tensor(scores_t2i)
     Computing features time 0:00:15
### Zero-Shot ITC Score: 
+-------+--------+--------+--------+--------+--------+
| epoch |   R1   |   R5   |  R10   |  mAP   |  mINP  |
+-------+--------+--------+--------+--------+--------+
|  -999 | 69.414 | 95.197 | 97.776 | 81.233 | 81.233 |
+-------+--------+--------+--------+--------+--------+
     Computing matching score
      Evaluation: [   0/1978]  eta: 0:02:30    time: 0.0763  data: 0.0019  max mem: 2603
      Evaluation: [ 100/1978]  eta: 0:02:09    time: 0.0687  data: 0.0000  max mem: 2603
      Evaluation: [ 200/1978]  eta: 0:02:02    time: 0.0685  data: 0.0000  max mem: 2603
      Evaluation: [ 300/1978]  eta: 0:01:55    time: 0.0685  data: 0.0000  max mem: 2603
      Evaluation: [ 400/1978]  eta: 0:01:48    time: 0.0685  data: 0.0000  max mem: 2603
      Evaluation: [ 500/1978]  eta: 0:01:41    time: 0.0684  data: 0.0000  max mem: 2603
      Evaluation: [ 600/1978]  eta: 0:01:34    time: 0.0686  data: 0.0000  max mem: 2603
      Evaluation: [ 700/1978]  eta: 0:01:27    time: 0.0685  data: 0.0000  max mem: 2603
      Evaluation: [ 800/1978]  eta: 0:01:20    time: 0.0699  data: 0.0000  max mem: 2603
      Evaluation: [ 900/1978]  eta: 0:01:14    time: 0.0683  data: 0.0000  max mem: 2603
      Evaluation: [1000/1978]  eta: 0:01:07    time: 0.0679  data: 0.0000  max mem: 2603
      Evaluation: [1100/1978]  eta: 0:01:00    time: 0.0683  data: 0.0000  max mem: 2603
      Evaluation: [1200/1978]  eta: 0:00:53    time: 0.0681  data: 0.0000  max mem: 2603
      Evaluation: [1300/1978]  eta: 0:00:46    time: 0.0680  data: 0.0000  max mem: 2603
      Evaluation: [1400/1978]  eta: 0:00:39    time: 0.0681  data: 0.0000  max mem: 2603
      Evaluation: [1500/1978]  eta: 0:00:32    time: 0.0679  data: 0.0000  max mem: 2603
      Evaluation: [1600/1978]  eta: 0:00:25    time: 0.0679  data: 0.0000  max mem: 2603
      Evaluation: [1700/1978]  eta: 0:00:19    time: 0.0680  data: 0.0000  max mem: 2603
      Evaluation: [1800/1978]  eta: 0:00:12    time: 0.0679  data: 0.0000  max mem: 2603
      Evaluation: [1900/1978]  eta: 0:00:05    time: 0.0679  data: 0.0000  max mem: 2603
      Evaluation: [1977/1978]  eta: 0:00:00    time: 0.0681  data: 0.0000  max mem: 2603
      Evaluation: Total time: 0:02:15 (0.0684 s / it)
     Computing matching score time 0:02:15
### Zero-Shot ITM Score: 
+-------+--------+--------+--------+--------+--------+
| epoch |   R1   |   R5   |  R10   |  mAP   |  mINP  |
+-------+--------+--------+--------+--------+--------+
|  -999 | 69.414 | 95.197 | 97.776 | 81.233 | 81.233 |
|  -999 | 84.277 | 99.039 | 99.596 | 91.276 | 91.276 |
+-------+--------+--------+--------+--------+--------+
### Zero-Shot Score: 
+-------------------+--------+--------+--------+--------+--------+
|       epoch       |   R1   |   R5   |  R10   |  mAP   |  mINP  |
+-------------------+--------+--------+--------+--------+--------+
|        -999       | 69.414 | 95.197 | 97.776 | 81.233 | 81.233 |
|        -999       | 84.277 | 99.039 | 99.596 | 91.276 | 91.276 |
|  cos_sim_wo/norm  | 58.544 | 91.860 | 95.703 | 73.596 | 73.596 |
|        -999       | 69.414 | 95.197 | 97.776 | 81.233 | 81.233 |
| itm_score_wo/norm | 84.328 | 98.989 | 99.494 | 91.293 | 91.293 |
|        -999       | 84.277 | 99.039 | 99.596 | 91.276 | 91.276 |
+-------------------+--------+--------+--------+--------+--------+
### TTA:
     preprocess_tta_coefficients  start
     sample selection ...
     number of sample after sample_selection: 1257
     uncertainty ...
     preprocess_tta_coefficients  end
### Creating tta dataset
     tta_dataset: 1257
### Creating tta dataloader
### be careful: func create_loader returns a list length of 1
     tta_loader: 78
### Configure adapted weights
     TTA Dropout Modules: 
 [('vision_encoder.pos_drop', Dropout(p=0, inplace=False), True), ('vision_encoder.layers.0.blocks.0.attn.attn_drop', Dropout(p=0.0, inplace=False), True), ('vision_encoder.layers.0.blocks.0.attn.proj_drop', Dropout(p=0, inplace=False), True), ('vision_encoder.layers.0.blocks.0.mlp.drop', Dropout(p=0, inplace=False), True), ('vision_encoder.layers.0.blocks.1.attn.attn_drop', Dropout(p=0.0, inplace=False), True), ('vision_encoder.layers.0.blocks.1.attn.proj_drop', Dropout(p=0, inplace=False), True), ('vision_encoder.layers.0.blocks.1.mlp.drop', Dropout(p=0, inplace=False), True), ('vision_encoder.layers.1.blocks.0.attn.attn_drop', Dropout(p=0.0, inplace=False), True), ('vision_encoder.layers.1.blocks.0.attn.proj_drop', Dropout(p=0, inplace=False), True), ('vision_encoder.layers.1.blocks.0.mlp.drop', Dropout(p=0, inplace=False), True), ('vision_encoder.layers.1.blocks.1.attn.attn_drop', Dropout(p=0.0, inplace=False), True), ('vision_encoder.layers.1.blocks.1.attn.proj_drop', Dropout(p=0, inplace=False), True), ('vision_encoder.layers.1.blocks.1.mlp.drop', Dropout(p=0, inplace=False), True), ('vision_encoder.layers.2.blocks.0.attn.attn_drop', Dropout(p=0.0, inplace=False), True), ('vision_encoder.layers.2.blocks.0.attn.proj_drop', Dropout(p=0, inplace=False), True), ('vision_encoder.layers.2.blocks.0.mlp.drop', Dropout(p=0, inplace=False), True), ('vision_encoder.layers.2.blocks.1.attn.attn_drop', Dropout(p=0.0, inplace=False), True), ('vision_encoder.layers.2.blocks.1.attn.proj_drop', Dropout(p=0, inplace=False), True), ('vision_encoder.layers.2.blocks.1.mlp.drop', Dropout(p=0, inplace=False), True), ('vision_encoder.layers.2.blocks.2.attn.attn_drop', Dropout(p=0.0, inplace=False), True), ('vision_encoder.layers.2.blocks.2.attn.proj_drop', Dropout(p=0, inplace=False), True), ('vision_encoder.layers.2.blocks.2.mlp.drop', Dropout(p=0, inplace=False), True), ('vision_encoder.layers.2.blocks.3.attn.attn_drop', Dropout(p=0.0, inplace=False), True), ('vision_encoder.layers.2.blocks.3.attn.proj_drop', Dropout(p=0, inplace=False), True), ('vision_encoder.layers.2.blocks.3.mlp.drop', Dropout(p=0, inplace=False), True), ('vision_encoder.layers.2.blocks.4.attn.attn_drop', Dropout(p=0.0, inplace=False), True), ('vision_encoder.layers.2.blocks.4.attn.proj_drop', Dropout(p=0, inplace=False), True), ('vision_encoder.layers.2.blocks.4.mlp.drop', Dropout(p=0, inplace=False), True), ('vision_encoder.layers.2.blocks.5.attn.attn_drop', Dropout(p=0.0, inplace=False), True), ('vision_encoder.layers.2.blocks.5.attn.proj_drop', Dropout(p=0, inplace=False), True), ('vision_encoder.layers.2.blocks.5.mlp.drop', Dropout(p=0, inplace=False), True), ('vision_encoder.layers.2.blocks.6.attn.attn_drop', Dropout(p=0.0, inplace=False), True), ('vision_encoder.layers.2.blocks.6.attn.proj_drop', Dropout(p=0, inplace=False), True), ('vision_encoder.layers.2.blocks.6.mlp.drop', Dropout(p=0, inplace=False), True), ('vision_encoder.layers.2.blocks.7.attn.attn_drop', Dropout(p=0.0, inplace=False), True), ('vision_encoder.layers.2.blocks.7.attn.proj_drop', Dropout(p=0, inplace=False), True), ('vision_encoder.layers.2.blocks.7.mlp.drop', Dropout(p=0, inplace=False), True), ('vision_encoder.layers.2.blocks.8.attn.attn_drop', Dropout(p=0.0, inplace=False), True), ('vision_encoder.layers.2.blocks.8.attn.proj_drop', Dropout(p=0, inplace=False), True), ('vision_encoder.layers.2.blocks.8.mlp.drop', Dropout(p=0, inplace=False), True), ('vision_encoder.layers.2.blocks.9.attn.attn_drop', Dropout(p=0.0, inplace=False), True), ('vision_encoder.layers.2.blocks.9.attn.proj_drop', Dropout(p=0, inplace=False), True), ('vision_encoder.layers.2.blocks.9.mlp.drop', Dropout(p=0, inplace=False), True), ('vision_encoder.layers.2.blocks.10.attn.attn_drop', Dropout(p=0.0, inplace=False), True), ('vision_encoder.layers.2.blocks.10.attn.proj_drop', Dropout(p=0, inplace=False), True), ('vision_encoder.layers.2.blocks.10.mlp.drop', Dropout(p=0, inplace=False), True), ('vision_encoder.layers.2.blocks.11.attn.attn_drop', Dropout(p=0.0, inplace=False), True), ('vision_encoder.layers.2.blocks.11.attn.proj_drop', Dropout(p=0, inplace=False), True), ('vision_encoder.layers.2.blocks.11.mlp.drop', Dropout(p=0, inplace=False), True), ('vision_encoder.layers.2.blocks.12.attn.attn_drop', Dropout(p=0.0, inplace=False), True), ('vision_encoder.layers.2.blocks.12.attn.proj_drop', Dropout(p=0, inplace=False), True), ('vision_encoder.layers.2.blocks.12.mlp.drop', Dropout(p=0, inplace=False), True), ('vision_encoder.layers.2.blocks.13.attn.attn_drop', Dropout(p=0.0, inplace=False), True), ('vision_encoder.layers.2.blocks.13.attn.proj_drop', Dropout(p=0, inplace=False), True), ('vision_encoder.layers.2.blocks.13.mlp.drop', Dropout(p=0, inplace=False), True), ('vision_encoder.layers.2.blocks.14.attn.attn_drop', Dropout(p=0.0, inplace=False), True), ('vision_encoder.layers.2.blocks.14.attn.proj_drop', Dropout(p=0, inplace=False), True), ('vision_encoder.layers.2.blocks.14.mlp.drop', Dropout(p=0, inplace=False), True), ('vision_encoder.layers.2.blocks.15.attn.attn_drop', Dropout(p=0.0, inplace=False), True), ('vision_encoder.layers.2.blocks.15.attn.proj_drop', Dropout(p=0, inplace=False), True), ('vision_encoder.layers.2.blocks.15.mlp.drop', Dropout(p=0, inplace=False), True), ('vision_encoder.layers.2.blocks.16.attn.attn_drop', Dropout(p=0.0, inplace=False), True), ('vision_encoder.layers.2.blocks.16.attn.proj_drop', Dropout(p=0, inplace=False), True), ('vision_encoder.layers.2.blocks.16.mlp.drop', Dropout(p=0, inplace=False), True), ('vision_encoder.layers.2.blocks.17.attn.attn_drop', Dropout(p=0.0, inplace=False), True), ('vision_encoder.layers.2.blocks.17.attn.proj_drop', Dropout(p=0, inplace=False), True), ('vision_encoder.layers.2.blocks.17.mlp.drop', Dropout(p=0, inplace=False), True), ('vision_encoder.layers.3.blocks.0.attn.attn_drop', Dropout(p=0.0, inplace=False), True), ('vision_encoder.layers.3.blocks.0.attn.proj_drop', Dropout(p=0, inplace=False), True), ('vision_encoder.layers.3.blocks.0.mlp.drop', Dropout(p=0, inplace=False), True), ('vision_encoder.layers.3.blocks.1.attn.attn_drop', Dropout(p=0.0, inplace=False), True), ('vision_encoder.layers.3.blocks.1.attn.proj_drop', Dropout(p=0, inplace=False), True), ('vision_encoder.layers.3.blocks.1.mlp.drop', Dropout(p=0, inplace=False), True), ('text_encoder.bert.embeddings.dropout', Dropout(p=0.1, inplace=False), True), ('text_encoder.bert.encoder.layer.0.attention.self.dropout', Dropout(p=0.1, inplace=False), True), ('text_encoder.bert.encoder.layer.0.attention.output.dropout', Dropout(p=0.1, inplace=False), True), ('text_encoder.bert.encoder.layer.0.output.dropout', Dropout(p=0.1, inplace=False), True), ('text_encoder.bert.encoder.layer.1.attention.self.dropout', Dropout(p=0.1, inplace=False), True), ('text_encoder.bert.encoder.layer.1.attention.output.dropout', Dropout(p=0.1, inplace=False), True), ('text_encoder.bert.encoder.layer.1.output.dropout', Dropout(p=0.1, inplace=False), True), ('text_encoder.bert.encoder.layer.2.attention.self.dropout', Dropout(p=0.1, inplace=False), True), ('text_encoder.bert.encoder.layer.2.attention.output.dropout', Dropout(p=0.1, inplace=False), True), ('text_encoder.bert.encoder.layer.2.output.dropout', Dropout(p=0.1, inplace=False), True), ('text_encoder.bert.encoder.layer.3.attention.self.dropout', Dropout(p=0.1, inplace=False), True), ('text_encoder.bert.encoder.layer.3.attention.output.dropout', Dropout(p=0.1, inplace=False), True), ('text_encoder.bert.encoder.layer.3.output.dropout', Dropout(p=0.1, inplace=False), True), ('text_encoder.bert.encoder.layer.4.attention.self.dropout', Dropout(p=0.1, inplace=False), True), ('text_encoder.bert.encoder.layer.4.attention.output.dropout', Dropout(p=0.1, inplace=False), True), ('text_encoder.bert.encoder.layer.4.output.dropout', Dropout(p=0.1, inplace=False), True), ('text_encoder.bert.encoder.layer.5.attention.self.dropout', Dropout(p=0.1, inplace=False), True), ('text_encoder.bert.encoder.layer.5.attention.output.dropout', Dropout(p=0.1, inplace=False), True), ('text_encoder.bert.encoder.layer.5.output.dropout', Dropout(p=0.1, inplace=False), True), ('text_encoder.bert.encoder.layer.6.attention.self.dropout', Dropout(p=0.1, inplace=False), True), ('text_encoder.bert.encoder.layer.6.attention.output.dropout', Dropout(p=0.1, inplace=False), True), ('text_encoder.bert.encoder.layer.6.crossattention.self.dropout', Dropout(p=0.1, inplace=False), True), ('text_encoder.bert.encoder.layer.6.crossattention.output.dropout', Dropout(p=0.1, inplace=False), True), ('text_encoder.bert.encoder.layer.6.output.dropout', Dropout(p=0.1, inplace=False), True), ('text_encoder.bert.encoder.layer.7.attention.self.dropout', Dropout(p=0.1, inplace=False), True), ('text_encoder.bert.encoder.layer.7.attention.output.dropout', Dropout(p=0.1, inplace=False), True), ('text_encoder.bert.encoder.layer.7.crossattention.self.dropout', Dropout(p=0.1, inplace=False), True), ('text_encoder.bert.encoder.layer.7.crossattention.output.dropout', Dropout(p=0.1, inplace=False), True), ('text_encoder.bert.encoder.layer.7.output.dropout', Dropout(p=0.1, inplace=False), True), ('text_encoder.bert.encoder.layer.8.attention.self.dropout', Dropout(p=0.1, inplace=False), True), ('text_encoder.bert.encoder.layer.8.attention.output.dropout', Dropout(p=0.1, inplace=False), True), ('text_encoder.bert.encoder.layer.8.crossattention.self.dropout', Dropout(p=0.1, inplace=False), True), ('text_encoder.bert.encoder.layer.8.crossattention.output.dropout', Dropout(p=0.1, inplace=False), True), ('text_encoder.bert.encoder.layer.8.output.dropout', Dropout(p=0.1, inplace=False), True), ('text_encoder.bert.encoder.layer.9.attention.self.dropout', Dropout(p=0.1, inplace=False), True), ('text_encoder.bert.encoder.layer.9.attention.output.dropout', Dropout(p=0.1, inplace=False), True), ('text_encoder.bert.encoder.layer.9.crossattention.self.dropout', Dropout(p=0.1, inplace=False), True), ('text_encoder.bert.encoder.layer.9.crossattention.output.dropout', Dropout(p=0.1, inplace=False), True), ('text_encoder.bert.encoder.layer.9.output.dropout', Dropout(p=0.1, inplace=False), True), ('text_encoder.bert.encoder.layer.10.attention.self.dropout', Dropout(p=0.1, inplace=False), True), ('text_encoder.bert.encoder.layer.10.attention.output.dropout', Dropout(p=0.1, inplace=False), True), ('text_encoder.bert.encoder.layer.10.crossattention.self.dropout', Dropout(p=0.1, inplace=False), True), ('text_encoder.bert.encoder.layer.10.crossattention.output.dropout', Dropout(p=0.1, inplace=False), True), ('text_encoder.bert.encoder.layer.10.output.dropout', Dropout(p=0.1, inplace=False), True), ('text_encoder.bert.encoder.layer.11.attention.self.dropout', Dropout(p=0.1, inplace=False), True), ('text_encoder.bert.encoder.layer.11.attention.output.dropout', Dropout(p=0.1, inplace=False), True), ('text_encoder.bert.encoder.layer.11.crossattention.self.dropout', Dropout(p=0.1, inplace=False), True), ('text_encoder.bert.encoder.layer.11.crossattention.output.dropout', Dropout(p=0.1, inplace=False), True), ('text_encoder.bert.encoder.layer.11.output.dropout', Dropout(p=0.1, inplace=False), True), ('vision_proj.1', Dropout(p=0.5, inplace=False), True), ('text_proj.1', Dropout(p=0.5, inplace=False), True), ('pose_block.attn.attn_drop', Dropout(p=0.0, inplace=False), True), ('pose_block.attn.proj_drop', Dropout(p=0.0, inplace=False), True)]
     TTA Require Gradient Params: 
 [('text_encoder.bert.embeddings.LayerNorm.weight', torch.Size([768])), ('text_encoder.bert.embeddings.LayerNorm.bias', torch.Size([768])), ('text_encoder.bert.encoder.layer.6.attention.output.LayerNorm.weight', torch.Size([768])), ('text_encoder.bert.encoder.layer.6.attention.output.LayerNorm.bias', torch.Size([768])), ('text_encoder.bert.encoder.layer.6.crossattention.output.LayerNorm.weight', torch.Size([768])), ('text_encoder.bert.encoder.layer.6.crossattention.output.LayerNorm.bias', torch.Size([768])), ('text_encoder.bert.encoder.layer.6.output.LayerNorm.weight', torch.Size([768])), ('text_encoder.bert.encoder.layer.6.output.LayerNorm.bias', torch.Size([768])), ('text_encoder.bert.encoder.layer.7.attention.output.LayerNorm.weight', torch.Size([768])), ('text_encoder.bert.encoder.layer.7.attention.output.LayerNorm.bias', torch.Size([768])), ('text_encoder.bert.encoder.layer.7.crossattention.output.LayerNorm.weight', torch.Size([768])), ('text_encoder.bert.encoder.layer.7.crossattention.output.LayerNorm.bias', torch.Size([768])), ('text_encoder.bert.encoder.layer.7.output.LayerNorm.weight', torch.Size([768])), ('text_encoder.bert.encoder.layer.7.output.LayerNorm.bias', torch.Size([768])), ('text_encoder.bert.encoder.layer.8.attention.output.LayerNorm.weight', torch.Size([768])), ('text_encoder.bert.encoder.layer.8.attention.output.LayerNorm.bias', torch.Size([768])), ('text_encoder.bert.encoder.layer.8.crossattention.output.LayerNorm.weight', torch.Size([768])), ('text_encoder.bert.encoder.layer.8.crossattention.output.LayerNorm.bias', torch.Size([768])), ('text_encoder.bert.encoder.layer.8.output.LayerNorm.weight', torch.Size([768])), ('text_encoder.bert.encoder.layer.8.output.LayerNorm.bias', torch.Size([768])), ('text_encoder.bert.encoder.layer.9.attention.output.LayerNorm.weight', torch.Size([768])), ('text_encoder.bert.encoder.layer.9.attention.output.LayerNorm.bias', torch.Size([768])), ('text_encoder.bert.encoder.layer.9.crossattention.output.LayerNorm.weight', torch.Size([768])), ('text_encoder.bert.encoder.layer.9.crossattention.output.LayerNorm.bias', torch.Size([768])), ('text_encoder.bert.encoder.layer.9.output.LayerNorm.weight', torch.Size([768])), ('text_encoder.bert.encoder.layer.9.output.LayerNorm.bias', torch.Size([768])), ('text_encoder.bert.encoder.layer.10.attention.output.LayerNorm.weight', torch.Size([768])), ('text_encoder.bert.encoder.layer.10.attention.output.LayerNorm.bias', torch.Size([768])), ('text_encoder.bert.encoder.layer.10.crossattention.output.LayerNorm.weight', torch.Size([768])), ('text_encoder.bert.encoder.layer.10.crossattention.output.LayerNorm.bias', torch.Size([768])), ('text_encoder.bert.encoder.layer.10.output.LayerNorm.weight', torch.Size([768])), ('text_encoder.bert.encoder.layer.10.output.LayerNorm.bias', torch.Size([768])), ('text_encoder.bert.encoder.layer.11.attention.output.LayerNorm.weight', torch.Size([768])), ('text_encoder.bert.encoder.layer.11.attention.output.LayerNorm.bias', torch.Size([768])), ('text_encoder.bert.encoder.layer.11.crossattention.output.LayerNorm.weight', torch.Size([768])), ('text_encoder.bert.encoder.layer.11.crossattention.output.LayerNorm.bias', torch.Size([768])), ('text_encoder.bert.encoder.layer.11.output.LayerNorm.weight', torch.Size([768])), ('text_encoder.bert.encoder.layer.11.output.LayerNorm.bias', torch.Size([768])), ('text_encoder.cls.predictions.transform.LayerNorm.weight', torch.Size([768])), ('text_encoder.cls.predictions.transform.LayerNorm.bias', torch.Size([768])), ('itm_head.1.weight', torch.Size([1536])), ('itm_head.1.bias', torch.Size([1536]))]
     TTA Dropout Modules Number: 
 126
     TTA Require Gradient Params Sum: 
 33792
     lr:  0.0001    lr_mult:  2
     model has 'init_params',  385
     num_tta_steps:  4740
     num_warmup_steps:  500
     sched: step
/home/jiahao/task/CMP/tta.py:244: FutureWarning: `torch.cuda.amp.GradScaler(args...)` is deprecated. Please use `torch.amp.GradScaler('cuda', args...)` instead.
  scaler = GradScaler()  # bf16
### Start ITM Test Time Adaptation
      TTA Epoch: [0] [ 0/78]  eta: 0:01:25  entropy: 0.3879  uncertainty: 1.1900  uncertainty_coeffi: 0.0100  loss: 1.5189  lr: 0.000000  time: 1.0936  data: 0.5448  max mem: 2656
      TTA Epoch: [0] [77/78]  eta: 0:00:00  entropy: 0.2750  uncertainty: 1.1761  uncertainty_coeffi: 0.0100  loss: 1.3873  lr: 0.000016  time: 0.0604  data: 0.0001  max mem: 2686
      TTA Epoch: [0] Total time: 0:00:05 (0.0743 s / it)
     Averaged stats: entropy: 0.3222  uncertainty: 1.2542  uncertainty_coeffi: 0.0100  loss: 1.5102  lr: 0.0000
     itm tta time 0:00:05
     Computing matching score
      Evaluation: [   0/1978]  eta: 0:02:26    time: 0.0743  data: 0.0066  max mem: 2686
      Evaluation: [ 100/1978]  eta: 0:02:07    time: 0.0679  data: 0.0000  max mem: 2686
      Evaluation: [ 200/1978]  eta: 0:02:00    time: 0.0680  data: 0.0000  max mem: 2686
      Evaluation: [ 300/1978]  eta: 0:01:54    time: 0.0679  data: 0.0000  max mem: 2686
      Evaluation: [ 400/1978]  eta: 0:01:47    time: 0.0678  data: 0.0000  max mem: 2686
      Evaluation: [ 500/1978]  eta: 0:01:40    time: 0.0679  data: 0.0000  max mem: 2686
      Evaluation: [ 600/1978]  eta: 0:01:33    time: 0.0679  data: 0.0000  max mem: 2686
      Evaluation: [ 700/1978]  eta: 0:01:26    time: 0.0679  data: 0.0000  max mem: 2686
      Evaluation: [ 800/1978]  eta: 0:01:20    time: 0.0679  data: 0.0000  max mem: 2686
      Evaluation: [ 900/1978]  eta: 0:01:13    time: 0.0679  data: 0.0000  max mem: 2686
      Evaluation: [1000/1978]  eta: 0:01:06    time: 0.0680  data: 0.0000  max mem: 2686
      Evaluation: [1100/1978]  eta: 0:00:59    time: 0.0679  data: 0.0000  max mem: 2686
      Evaluation: [1200/1978]  eta: 0:00:52    time: 0.0679  data: 0.0000  max mem: 2686
      Evaluation: [1300/1978]  eta: 0:00:46    time: 0.0679  data: 0.0000  max mem: 2686
      Evaluation: [1400/1978]  eta: 0:00:39    time: 0.0679  data: 0.0000  max mem: 2686
      Evaluation: [1500/1978]  eta: 0:00:32    time: 0.0678  data: 0.0000  max mem: 2686
      Evaluation: [1600/1978]  eta: 0:00:25    time: 0.0679  data: 0.0000  max mem: 2686
      Evaluation: [1700/1978]  eta: 0:00:18    time: 0.0679  data: 0.0000  max mem: 2686
      Evaluation: [1800/1978]  eta: 0:00:12    time: 0.0679  data: 0.0000  max mem: 2686
      Evaluation: [1900/1978]  eta: 0:00:05    time: 0.0682  data: 0.0000  max mem: 2686
      Evaluation: [1977/1978]  eta: 0:00:00    time: 0.0679  data: 0.0000  max mem: 2686
      Evaluation: Total time: 0:02:14 (0.0679 s / it)
     Computing matching score time 0:02:14
### TTA ITM Score: 
+-------------------+--------+--------+--------+--------+--------+
|       epoch       |   R1   |   R5   |  R10   |  mAP   |  mINP  |
+-------------------+--------+--------+--------+--------+--------+
|        -999       | 69.414 | 95.197 | 97.776 | 81.233 | 81.233 |
|        -999       | 84.277 | 99.039 | 99.596 | 91.276 | 91.276 |
|  cos_sim_wo/norm  | 58.544 | 91.860 | 95.703 | 73.596 | 73.596 |
|        -999       | 69.414 | 95.197 | 97.776 | 81.233 | 81.233 |
| itm_score_wo/norm | 84.328 | 98.989 | 99.494 | 91.293 | 91.293 |
|        -999       | 84.277 | 99.039 | 99.596 | 91.276 | 91.276 |
|         0         | 84.530 | 99.039 | 99.596 | 91.401 | 91.401 |
+-------------------+--------+--------+--------+--------+--------+
     logs:  {'epo': 0, 'R1': 84.53, 'R5': 99.039, 'R10': 99.596, 'mAP': 91.401, 'mINP': 91.401, 'entropy': 0.322249, 'uncertainty': 1.254212, 'uncertainty_coeffi': 0.01, 'loss': 1.510209, 'lr': 8e-06}
      TTA Epoch: [1] [ 0/78]  eta: 0:00:35  entropy: 0.1813  uncertainty: 1.1505  uncertainty_coeffi: 0.0100  loss: 1.3162  lr: 0.000016  time: 0.4501  data: 0.3609  max mem: 2686
      TTA Epoch: [1] [77/78]  eta: 0:00:00  entropy: 0.4558  uncertainty: 1.2647  uncertainty_coeffi: 0.0100  loss: 1.6195  lr: 0.000031  time: 0.0621  data: 0.0001  max mem: 2691
      TTA Epoch: [1] Total time: 0:00:05 (0.0683 s / it)
     Averaged stats: entropy: 0.3094  uncertainty: 1.2539  uncertainty_coeffi: 0.0100  loss: 1.4995  lr: 0.0000
     itm tta time 0:00:05
     Computing matching score
      Evaluation: [   0/1978]  eta: 0:02:28    time: 0.0752  data: 0.0080  max mem: 2691
      Evaluation: [ 100/1978]  eta: 0:02:08    time: 0.0679  data: 0.0000  max mem: 2691
      Evaluation: [ 200/1978]  eta: 0:02:01    time: 0.0679  data: 0.0000  max mem: 2691
      Evaluation: [ 300/1978]  eta: 0:01:54    time: 0.0679  data: 0.0000  max mem: 2691
      Evaluation: [ 400/1978]  eta: 0:01:47    time: 0.0678  data: 0.0000  max mem: 2691
      Evaluation: [ 500/1978]  eta: 0:01:40    time: 0.0677  data: 0.0000  max mem: 2691
      Evaluation: [ 600/1978]  eta: 0:01:33    time: 0.0678  data: 0.0000  max mem: 2691
      Evaluation: [ 700/1978]  eta: 0:01:26    time: 0.0678  data: 0.0000  max mem: 2691
      Evaluation: [ 800/1978]  eta: 0:01:20    time: 0.0678  data: 0.0000  max mem: 2691
      Evaluation: [ 900/1978]  eta: 0:01:13    time: 0.0678  data: 0.0000  max mem: 2691
      Evaluation: [1000/1978]  eta: 0:01:06    time: 0.0678  data: 0.0000  max mem: 2691
      Evaluation: [1100/1978]  eta: 0:00:59    time: 0.0678  data: 0.0000  max mem: 2691
      Evaluation: [1200/1978]  eta: 0:00:52    time: 0.0678  data: 0.0000  max mem: 2691
      Evaluation: [1300/1978]  eta: 0:00:46    time: 0.0678  data: 0.0000  max mem: 2691
      Evaluation: [1400/1978]  eta: 0:00:39    time: 0.0679  data: 0.0000  max mem: 2691
      Evaluation: [1500/1978]  eta: 0:00:32    time: 0.0677  data: 0.0000  max mem: 2691
      Evaluation: [1600/1978]  eta: 0:00:25    time: 0.0680  data: 0.0000  max mem: 2691
      Evaluation: [1700/1978]  eta: 0:00:18    time: 0.0678  data: 0.0000  max mem: 2691
      Evaluation: [1800/1978]  eta: 0:00:12    time: 0.0677  data: 0.0000  max mem: 2691
      Evaluation: [1900/1978]  eta: 0:00:05    time: 0.0677  data: 0.0000  max mem: 2691
      Evaluation: [1977/1978]  eta: 0:00:00    time: 0.0678  data: 0.0000  max mem: 2691
      Evaluation: Total time: 0:02:14 (0.0679 s / it)
     Computing matching score time 0:02:14
### TTA ITM Score: 
+-------------------+--------+--------+--------+--------+--------+
|       epoch       |   R1   |   R5   |  R10   |  mAP   |  mINP  |
+-------------------+--------+--------+--------+--------+--------+
|        -999       | 69.414 | 95.197 | 97.776 | 81.233 | 81.233 |
|        -999       | 84.277 | 99.039 | 99.596 | 91.276 | 91.276 |
|  cos_sim_wo/norm  | 58.544 | 91.860 | 95.703 | 73.596 | 73.596 |
|        -999       | 69.414 | 95.197 | 97.776 | 81.233 | 81.233 |
| itm_score_wo/norm | 84.328 | 98.989 | 99.494 | 91.293 | 91.293 |
|        -999       | 84.277 | 99.039 | 99.596 | 91.276 | 91.276 |
|         0         | 84.530 | 99.039 | 99.596 | 91.401 | 91.401 |
|         1         | 84.681 | 98.989 | 99.596 | 91.448 | 91.448 |
+-------------------+--------+--------+--------+--------+--------+
     logs:  {'epo': 1, 'R1': 84.681, 'R5': 98.989, 'R10': 99.596, 'mAP': 91.448, 'mINP': 91.448, 'entropy': 0.309407, 'uncertainty': 1.253949, 'uncertainty_coeffi': 0.01, 'loss': 1.499482, 'lr': 2.4e-05}
      TTA Epoch: [2] [ 0/78]  eta: 0:00:36  entropy: 0.3703  uncertainty: 1.3478  uncertainty_coeffi: 0.0100  loss: 1.6475  lr: 0.000031  time: 0.4733  data: 0.3702  max mem: 2691
      TTA Epoch: [2] [77/78]  eta: 0:00:00  entropy: 0.1785  uncertainty: 1.1816  uncertainty_coeffi: 0.0100  loss: 1.3351  lr: 0.000047  time: 0.0619  data: 0.0001  max mem: 2691
      TTA Epoch: [2] Total time: 0:00:05 (0.0678 s / it)
     Averaged stats: entropy: 0.2791  uncertainty: 1.2545  uncertainty_coeffi: 0.0100  loss: 1.4748  lr: 0.0000
     itm tta time 0:00:05
     Computing matching score
      Evaluation: [   0/1978]  eta: 0:02:27    time: 0.0746  data: 0.0049  max mem: 2691
      Evaluation: [ 100/1978]  eta: 0:02:09    time: 0.0679  data: 0.0000  max mem: 2691
      Evaluation: [ 200/1978]  eta: 0:02:03    time: 0.0721  data: 0.0000  max mem: 2691
      Evaluation: [ 300/1978]  eta: 0:01:56    time: 0.0678  data: 0.0000  max mem: 2691
      Evaluation: [ 400/1978]  eta: 0:01:48    time: 0.0679  data: 0.0000  max mem: 2691
      Evaluation: [ 500/1978]  eta: 0:01:41    time: 0.0678  data: 0.0000  max mem: 2691
      Evaluation: [ 600/1978]  eta: 0:01:34    time: 0.0678  data: 0.0000  max mem: 2691
      Evaluation: [ 700/1978]  eta: 0:01:27    time: 0.0678  data: 0.0000  max mem: 2691
      Evaluation: [ 800/1978]  eta: 0:01:20    time: 0.0681  data: 0.0000  max mem: 2691
      Evaluation: [ 900/1978]  eta: 0:01:13    time: 0.0680  data: 0.0000  max mem: 2691
      Evaluation: [1000/1978]  eta: 0:01:06    time: 0.0681  data: 0.0000  max mem: 2691
      Evaluation: [1100/1978]  eta: 0:01:00    time: 0.0681  data: 0.0000  max mem: 2691
      Evaluation: [1200/1978]  eta: 0:00:53    time: 0.0681  data: 0.0000  max mem: 2691
      Evaluation: [1300/1978]  eta: 0:00:46    time: 0.0683  data: 0.0000  max mem: 2691
      Evaluation: [1400/1978]  eta: 0:00:39    time: 0.0683  data: 0.0000  max mem: 2691
      Evaluation: [1500/1978]  eta: 0:00:32    time: 0.0682  data: 0.0000  max mem: 2691
      Evaluation: [1600/1978]  eta: 0:00:25    time: 0.0681  data: 0.0000  max mem: 2691
      Evaluation: [1700/1978]  eta: 0:00:18    time: 0.0681  data: 0.0000  max mem: 2691
      Evaluation: [1800/1978]  eta: 0:00:12    time: 0.0681  data: 0.0000  max mem: 2691
      Evaluation: [1900/1978]  eta: 0:00:05    time: 0.0681  data: 0.0000  max mem: 2691
      Evaluation: [1977/1978]  eta: 0:00:00    time: 0.0682  data: 0.0000  max mem: 2691
      Evaluation: Total time: 0:02:15 (0.0683 s / it)
     Computing matching score time 0:02:15
### TTA ITM Score: 
+-------------------+--------+--------+--------+--------+--------+
|       epoch       |   R1   |   R5   |  R10   |  mAP   |  mINP  |
+-------------------+--------+--------+--------+--------+--------+
|        -999       | 69.414 | 95.197 | 97.776 | 81.233 | 81.233 |
|        -999       | 84.277 | 99.039 | 99.596 | 91.276 | 91.276 |
|  cos_sim_wo/norm  | 58.544 | 91.860 | 95.703 | 73.596 | 73.596 |
|        -999       | 69.414 | 95.197 | 97.776 | 81.233 | 81.233 |
| itm_score_wo/norm | 84.328 | 98.989 | 99.494 | 91.293 | 91.293 |
|        -999       | 84.277 | 99.039 | 99.596 | 91.276 | 91.276 |
|         0         | 84.530 | 99.039 | 99.596 | 91.401 | 91.401 |
|         1         | 84.681 | 98.989 | 99.596 | 91.448 | 91.448 |
|         2         | 84.783 | 98.938 | 99.545 | 91.474 | 91.474 |
+-------------------+--------+--------+--------+--------+--------+
     logs:  {'epo': 2, 'R1': 84.783, 'R5': 98.938, 'R10': 99.545, 'mAP': 91.474, 'mINP': 91.474, 'entropy': 0.279064, 'uncertainty': 1.254468, 'uncertainty_coeffi': 0.01, 'loss': 1.474834, 'lr': 3.9e-05}
      TTA Epoch: [3] [ 0/78]  eta: 0:00:37  entropy: 0.2398  uncertainty: 1.2523  uncertainty_coeffi: 0.0100  loss: 1.4401  lr: 0.000047  time: 0.4833  data: 0.3695  max mem: 2691
      TTA Epoch: [3] [77/78]  eta: 0:00:00  entropy: 0.2504  uncertainty: 1.2795  uncertainty_coeffi: 0.0100  loss: 1.4760  lr: 0.000062  time: 0.0623  data: 0.0001  max mem: 2691
      TTA Epoch: [3] Total time: 0:00:05 (0.0687 s / it)
     Averaged stats: entropy: 0.2525  uncertainty: 1.2550  uncertainty_coeffi: 0.0100  loss: 1.4538  lr: 0.0001
     itm tta time 0:00:05
      TTA Epoch: [4] [ 0/78]  eta: 0:00:37  entropy: 0.3132  uncertainty: 1.1554  uncertainty_coeffi: 0.0100  loss: 1.4276  lr: 0.000063  time: 0.4823  data: 0.3980  max mem: 2691
      TTA Epoch: [4] [77/78]  eta: 0:00:00  entropy: 0.3465  uncertainty: 1.3884  uncertainty_coeffi: 0.0100  loss: 1.6040  lr: 0.000078  time: 0.0617  data: 0.0001  max mem: 2691
      TTA Epoch: [4] Total time: 0:00:05 (0.0683 s / it)
     Averaged stats: entropy: 0.2253  uncertainty: 1.2534  uncertainty_coeffi: 0.0100  loss: 1.4299  lr: 0.0001
     itm tta time 0:00:05
     Computing matching score
      Evaluation: [   0/1978]  eta: 0:02:24    time: 0.0732  data: 0.0036  max mem: 2691
      Evaluation: [ 100/1978]  eta: 0:02:08    time: 0.0682  data: 0.0000  max mem: 2691
      Evaluation: [ 200/1978]  eta: 0:02:01    time: 0.0681  data: 0.0000  max mem: 2691
      Evaluation: [ 300/1978]  eta: 0:01:54    time: 0.0681  data: 0.0000  max mem: 2691
      Evaluation: [ 400/1978]  eta: 0:01:47    time: 0.0680  data: 0.0000  max mem: 2691
      Evaluation: [ 500/1978]  eta: 0:01:40    time: 0.0680  data: 0.0000  max mem: 2691
      Evaluation: [ 600/1978]  eta: 0:01:33    time: 0.0688  data: 0.0000  max mem: 2691
      Evaluation: [ 700/1978]  eta: 0:01:27    time: 0.0680  data: 0.0000  max mem: 2691
      Evaluation: [ 800/1978]  eta: 0:01:20    time: 0.0680  data: 0.0000  max mem: 2691
      Evaluation: [ 900/1978]  eta: 0:01:13    time: 0.0681  data: 0.0000  max mem: 2691
      Evaluation: [1000/1978]  eta: 0:01:06    time: 0.0681  data: 0.0000  max mem: 2691
      Evaluation: [1100/1978]  eta: 0:00:59    time: 0.0680  data: 0.0000  max mem: 2691
      Evaluation: [1200/1978]  eta: 0:00:52    time: 0.0681  data: 0.0000  max mem: 2691
      Evaluation: [1300/1978]  eta: 0:00:46    time: 0.0679  data: 0.0000  max mem: 2691
      Evaluation: [1400/1978]  eta: 0:00:39    time: 0.0679  data: 0.0000  max mem: 2691
      Evaluation: [1500/1978]  eta: 0:00:32    time: 0.0682  data: 0.0000  max mem: 2691
      Evaluation: [1600/1978]  eta: 0:00:25    time: 0.0680  data: 0.0000  max mem: 2691
      Evaluation: [1700/1978]  eta: 0:00:18    time: 0.0680  data: 0.0000  max mem: 2691
      Evaluation: [1800/1978]  eta: 0:00:12    time: 0.0682  data: 0.0000  max mem: 2691
      Evaluation: [1900/1978]  eta: 0:00:05    time: 0.0681  data: 0.0000  max mem: 2691
      Evaluation: [1977/1978]  eta: 0:00:00    time: 0.0680  data: 0.0000  max mem: 2691
      Evaluation: Total time: 0:02:14 (0.0681 s / it)
     Computing matching score time 0:02:14
### TTA ITM Score: 
+-------------------+--------+--------+--------+--------+--------+
|       epoch       |   R1   |   R5   |  R10   |  mAP   |  mINP  |
+-------------------+--------+--------+--------+--------+--------+
|        -999       | 69.414 | 95.197 | 97.776 | 81.233 | 81.233 |
|        -999       | 84.277 | 99.039 | 99.596 | 91.276 | 91.276 |
|  cos_sim_wo/norm  | 58.544 | 91.860 | 95.703 | 73.596 | 73.596 |
|        -999       | 69.414 | 95.197 | 97.776 | 81.233 | 81.233 |
| itm_score_wo/norm | 84.328 | 98.989 | 99.494 | 91.293 | 91.293 |
|        -999       | 84.277 | 99.039 | 99.596 | 91.276 | 91.276 |
|         0         | 84.530 | 99.039 | 99.596 | 91.401 | 91.401 |
|         1         | 84.681 | 98.989 | 99.596 | 91.448 | 91.448 |
|         2         | 84.783 | 98.938 | 99.545 | 91.474 | 91.474 |
|         4         | 84.631 | 98.787 | 99.494 | 91.334 | 91.334 |
+-------------------+--------+--------+--------+--------+--------+
     logs:  {'epo': 4, 'R1': 84.631, 'R5': 98.787, 'R10': 99.494, 'mAP': 91.334, 'mINP': 91.334, 'entropy': 0.225293, 'uncertainty': 1.253408, 'uncertainty_coeffi': 0.01, 'loss': 1.42989, 'lr': 7e-05}
      TTA Epoch: [5] [ 0/78]  eta: 0:00:40  entropy: 0.2612  uncertainty: 1.2430  uncertainty_coeffi: 0.0100  loss: 1.4624  lr: 0.000078  time: 0.5155  data: 0.4072  max mem: 2691
      TTA Epoch: [5] [77/78]  eta: 0:00:00  entropy: 0.0943  uncertainty: 1.1924  uncertainty_coeffi: 0.0100  loss: 1.2789  lr: 0.000094  time: 0.0620  data: 0.0001  max mem: 2691
      TTA Epoch: [5] Total time: 0:00:05 (0.0688 s / it)
     Averaged stats: entropy: 0.1919  uncertainty: 1.2547  uncertainty_coeffi: 0.0100  loss: 1.4034  lr: 0.0001
     itm tta time 0:00:05
      TTA Epoch: [6] [ 0/78]  eta: 0:00:39  entropy: 0.1298  uncertainty: 1.2531  uncertainty_coeffi: 0.0100  loss: 1.3534  lr: 0.000094  time: 0.5030  data: 0.3893  max mem: 2691
      TTA Epoch: [6] [77/78]  eta: 0:00:00  entropy: 0.0878  uncertainty: 1.2762  uncertainty_coeffi: 0.0100  loss: 1.3393  lr: 0.000099  time: 0.0607  data: 0.0001  max mem: 2691
      TTA Epoch: [6] Total time: 0:00:05 (0.0668 s / it)
     Averaged stats: entropy: 0.1765  uncertainty: 1.2543  uncertainty_coeffi: 0.0100  loss: 1.3905  lr: 0.0001
     itm tta time 0:00:05
      TTA Epoch: [7] [ 0/78]  eta: 0:00:46  entropy: 0.2964  uncertainty: 1.2987  uncertainty_coeffi: 0.0100  loss: 1.4980  lr: 0.000099  time: 0.5966  data: 0.4849  max mem: 2691
      TTA Epoch: [7] [77/78]  eta: 0:00:00  entropy: 0.0865  uncertainty: 1.1731  uncertainty_coeffi: 0.0100  loss: 1.2414  lr: 0.000097  time: 0.0611  data: 0.0001  max mem: 2691
      TTA Epoch: [7] Total time: 0:00:05 (0.0686 s / it)
     Averaged stats: entropy: 0.1640  uncertainty: 1.2549  uncertainty_coeffi: 0.0100  loss: 1.3820  lr: 0.0001
     itm tta time 0:00:05
      TTA Epoch: [8] [ 0/78]  eta: 0:00:46  entropy: 0.1263  uncertainty: 1.2407  uncertainty_coeffi: 0.0100  loss: 1.3466  lr: 0.000097  time: 0.5931  data: 0.4842  max mem: 2691
      TTA Epoch: [8] [77/78]  eta: 0:00:00  entropy: 0.1919  uncertainty: 1.2151  uncertainty_coeffi: 0.0100  loss: 1.3704  lr: 0.000095  time: 0.0608  data: 0.0001  max mem: 2691
      TTA Epoch: [8] Total time: 0:00:05 (0.0681 s / it)
     Averaged stats: entropy: 0.1484  uncertainty: 1.2549  uncertainty_coeffi: 0.0100  loss: 1.3694  lr: 0.0001
     itm tta time 0:00:05
      TTA Epoch: [9] [ 0/78]  eta: 0:00:42  entropy: 0.0946  uncertainty: 1.2350  uncertainty_coeffi: 0.0100  loss: 1.3162  lr: 0.000095  time: 0.5452  data: 0.4354  max mem: 2691
      TTA Epoch: [9] [77/78]  eta: 0:00:00  entropy: 0.2788  uncertainty: 1.2682  uncertainty_coeffi: 0.0100  loss: 1.4733  lr: 0.000093  time: 0.0609  data: 0.0001  max mem: 2691
      TTA Epoch: [9] Total time: 0:00:05 (0.0676 s / it)
     Averaged stats: entropy: 0.1357  uncertainty: 1.2537  uncertainty_coeffi: 0.0100  loss: 1.3575  lr: 0.0001
     itm tta time 0:00:05
     Computing matching score
      Evaluation: [   0/1978]  eta: 0:02:38    time: 0.0804  data: 0.0089  max mem: 2691
      Evaluation: [ 100/1978]  eta: 0:02:09    time: 0.0679  data: 0.0000  max mem: 2691
      Evaluation: [ 200/1978]  eta: 0:02:01    time: 0.0677  data: 0.0000  max mem: 2691
      Evaluation: [ 300/1978]  eta: 0:01:54    time: 0.0679  data: 0.0000  max mem: 2691
      Evaluation: [ 400/1978]  eta: 0:01:47    time: 0.0682  data: 0.0000  max mem: 2691
      Evaluation: [ 500/1978]  eta: 0:01:40    time: 0.0677  data: 0.0000  max mem: 2691
      Evaluation: [ 600/1978]  eta: 0:01:33    time: 0.0676  data: 0.0000  max mem: 2691
      Evaluation: [ 700/1978]  eta: 0:01:26    time: 0.0677  data: 0.0000  max mem: 2691
      Evaluation: [ 800/1978]  eta: 0:01:20    time: 0.0677  data: 0.0000  max mem: 2691
      Evaluation: [ 900/1978]  eta: 0:01:13    time: 0.0677  data: 0.0000  max mem: 2691
      Evaluation: [1000/1978]  eta: 0:01:06    time: 0.0677  data: 0.0000  max mem: 2691
      Evaluation: [1100/1978]  eta: 0:00:59    time: 0.0678  data: 0.0000  max mem: 2691
      Evaluation: [1200/1978]  eta: 0:00:52    time: 0.0676  data: 0.0000  max mem: 2691
      Evaluation: [1300/1978]  eta: 0:00:46    time: 0.0676  data: 0.0000  max mem: 2691
      Evaluation: [1400/1978]  eta: 0:00:39    time: 0.0677  data: 0.0000  max mem: 2691
      Evaluation: [1500/1978]  eta: 0:00:32    time: 0.0677  data: 0.0000  max mem: 2691
      Evaluation: [1600/1978]  eta: 0:00:25    time: 0.0677  data: 0.0000  max mem: 2691
      Evaluation: [1700/1978]  eta: 0:00:18    time: 0.0676  data: 0.0000  max mem: 2691
      Evaluation: [1800/1978]  eta: 0:00:12    time: 0.0676  data: 0.0000  max mem: 2691
      Evaluation: [1900/1978]  eta: 0:00:05    time: 0.0678  data: 0.0000  max mem: 2691
      Evaluation: [1977/1978]  eta: 0:00:00    time: 0.0678  data: 0.0000  max mem: 2691
      Evaluation: Total time: 0:02:14 (0.0678 s / it)
     Computing matching score time 0:02:14
### TTA ITM Score: 
+-------------------+--------+--------+--------+--------+--------+
|       epoch       |   R1   |   R5   |  R10   |  mAP   |  mINP  |
+-------------------+--------+--------+--------+--------+--------+
|        -999       | 69.414 | 95.197 | 97.776 | 81.233 | 81.233 |
|        -999       | 84.277 | 99.039 | 99.596 | 91.276 | 91.276 |
|  cos_sim_wo/norm  | 58.544 | 91.860 | 95.703 | 73.596 | 73.596 |
|        -999       | 69.414 | 95.197 | 97.776 | 81.233 | 81.233 |
| itm_score_wo/norm | 84.328 | 98.989 | 99.494 | 91.293 | 91.293 |
|        -999       | 84.277 | 99.039 | 99.596 | 91.276 | 91.276 |
|         0         | 84.530 | 99.039 | 99.596 | 91.401 | 91.401 |
|         1         | 84.681 | 98.989 | 99.596 | 91.448 | 91.448 |
|         2         | 84.783 | 98.938 | 99.545 | 91.474 | 91.474 |
|         4         | 84.631 | 98.787 | 99.494 | 91.334 | 91.334 |
|         9         | 84.631 | 98.736 | 99.141 | 91.306 | 91.306 |
+-------------------+--------+--------+--------+--------+--------+
     logs:  {'epo': 9, 'R1': 84.631, 'R5': 98.736, 'R10': 99.141, 'mAP': 91.306, 'mINP': 91.306, 'entropy': 0.135652, 'uncertainty': 1.253746, 'uncertainty_coeffi': 0.01, 'loss': 1.357452, 'lr': 9.4e-05}
      TTA Epoch: [10] [ 0/78]  eta: 0:00:35  entropy: 0.1869  uncertainty: 1.3526  uncertainty_coeffi: 0.0100  loss: 1.4941  lr: 0.000093  time: 0.4600  data: 0.3690  max mem: 2691
      TTA Epoch: [10] [77/78]  eta: 0:00:00  entropy: 0.1938  uncertainty: 1.3358  uncertainty_coeffi: 0.0100  loss: 1.4285  lr: 0.000092  time: 0.0599  data: 0.0001  max mem: 2691
      TTA Epoch: [10] Total time: 0:00:05 (0.0669 s / it)
     Averaged stats: entropy: 0.1240  uncertainty: 1.2541  uncertainty_coeffi: 0.0100  loss: 1.3488  lr: 0.0001
     itm tta time 0:00:05
      TTA Epoch: [11] [ 0/78]  eta: 0:00:39  entropy: 0.1208  uncertainty: 1.3353  uncertainty_coeffi: 0.0100  loss: 1.4140  lr: 0.000092  time: 0.5022  data: 0.3903  max mem: 2691
      TTA Epoch: [11] [77/78]  eta: 0:00:00  entropy: 0.1949  uncertainty: 1.3374  uncertainty_coeffi: 0.0100  loss: 1.4665  lr: 0.000090  time: 0.0614  data: 0.0001  max mem: 2691
      TTA Epoch: [11] Total time: 0:00:05 (0.0683 s / it)
     Averaged stats: entropy: 0.1234  uncertainty: 1.2536  uncertainty_coeffi: 0.0100  loss: 1.3482  lr: 0.0001
     itm tta time 0:00:05
      TTA Epoch: [12] [ 0/78]  eta: 0:00:43  entropy: 0.1151  uncertainty: 1.3556  uncertainty_coeffi: 0.0100  loss: 1.4416  lr: 0.000090  time: 0.5526  data: 0.4420  max mem: 2691
      TTA Epoch: [12] [77/78]  eta: 0:00:00  entropy: 0.0540  uncertainty: 1.2669  uncertainty_coeffi: 0.0100  loss: 1.3093  lr: 0.000088  time: 0.0608  data: 0.0001  max mem: 2691
      TTA Epoch: [12] Total time: 0:00:05 (0.0679 s / it)
     Averaged stats: entropy: 0.1119  uncertainty: 1.2545  uncertainty_coeffi: 0.0100  loss: 1.3401  lr: 0.0001
     itm tta time 0:00:05
      TTA Epoch: [13] [ 0/78]  eta: 0:00:47  entropy: 0.0277  uncertainty: 1.2006  uncertainty_coeffi: 0.0100  loss: 1.2206  lr: 0.000088  time: 0.6094  data: 0.4970  max mem: 2691
      TTA Epoch: [13] [77/78]  eta: 0:00:00  entropy: 0.1870  uncertainty: 1.3483  uncertainty_coeffi: 0.0100  loss: 1.4702  lr: 0.000086  time: 0.0613  data: 0.0001  max mem: 2691
      TTA Epoch: [13] Total time: 0:00:05 (0.0691 s / it)
     Averaged stats: entropy: 0.1052  uncertainty: 1.2543  uncertainty_coeffi: 0.0100  loss: 1.3346  lr: 0.0001
     itm tta time 0:00:05
      TTA Epoch: [14] [ 0/78]  eta: 0:00:39  entropy: 0.1312  uncertainty: 1.2220  uncertainty_coeffi: 0.0100  loss: 1.3047  lr: 0.000086  time: 0.5076  data: 0.3986  max mem: 2691
      TTA Epoch: [14] [77/78]  eta: 0:00:00  entropy: 0.1737  uncertainty: 1.2673  uncertainty_coeffi: 0.0100  loss: 1.4042  lr: 0.000084  time: 0.0611  data: 0.0001  max mem: 2691
      TTA Epoch: [14] Total time: 0:00:05 (0.0670 s / it)
     Averaged stats: entropy: 0.1035  uncertainty: 1.2539  uncertainty_coeffi: 0.0100  loss: 1.3328  lr: 0.0001
     itm tta time 0:00:05
     Computing matching score
      Evaluation: [   0/1978]  eta: 0:02:28    time: 0.0753  data: 0.0058  max mem: 2691
      Evaluation: [ 100/1978]  eta: 0:02:09    time: 0.0682  data: 0.0000  max mem: 2691
      Evaluation: [ 200/1978]  eta: 0:02:01    time: 0.0682  data: 0.0000  max mem: 2691
      Evaluation: [ 300/1978]  eta: 0:01:54    time: 0.0682  data: 0.0000  max mem: 2691
      Evaluation: [ 400/1978]  eta: 0:01:47    time: 0.0682  data: 0.0000  max mem: 2691
      Evaluation: [ 500/1978]  eta: 0:01:40    time: 0.0681  data: 0.0000  max mem: 2691
      Evaluation: [ 600/1978]  eta: 0:01:34    time: 0.0681  data: 0.0000  max mem: 2691
      Evaluation: [ 700/1978]  eta: 0:01:27    time: 0.0681  data: 0.0000  max mem: 2691
      Evaluation: [ 800/1978]  eta: 0:01:20    time: 0.0683  data: 0.0000  max mem: 2691
      Evaluation: [ 900/1978]  eta: 0:01:13    time: 0.0683  data: 0.0000  max mem: 2691
      Evaluation: [1000/1978]  eta: 0:01:06    time: 0.0684  data: 0.0000  max mem: 2691
      Evaluation: [1100/1978]  eta: 0:00:59    time: 0.0684  data: 0.0000  max mem: 2691
      Evaluation: [1200/1978]  eta: 0:00:53    time: 0.0684  data: 0.0000  max mem: 2691
      Evaluation: [1300/1978]  eta: 0:00:46    time: 0.0684  data: 0.0000  max mem: 2691
      Evaluation: [1400/1978]  eta: 0:00:39    time: 0.0685  data: 0.0000  max mem: 2691
      Evaluation: [1500/1978]  eta: 0:00:32    time: 0.0684  data: 0.0000  max mem: 2691
      Evaluation: [1600/1978]  eta: 0:00:25    time: 0.0684  data: 0.0000  max mem: 2691
      Evaluation: [1700/1978]  eta: 0:00:18    time: 0.0684  data: 0.0000  max mem: 2691
      Evaluation: [1800/1978]  eta: 0:00:12    time: 0.0685  data: 0.0000  max mem: 2691
      Evaluation: [1900/1978]  eta: 0:00:05    time: 0.0684  data: 0.0000  max mem: 2691
      Evaluation: [1977/1978]  eta: 0:00:00    time: 0.0685  data: 0.0000  max mem: 2691
      Evaluation: Total time: 0:02:15 (0.0684 s / it)
     Computing matching score time 0:02:15
### TTA ITM Score: 
+-------------------+--------+--------+--------+--------+--------+
|       epoch       |   R1   |   R5   |  R10   |  mAP   |  mINP  |
+-------------------+--------+--------+--------+--------+--------+
|        -999       | 69.414 | 95.197 | 97.776 | 81.233 | 81.233 |
|        -999       | 84.277 | 99.039 | 99.596 | 91.276 | 91.276 |
|  cos_sim_wo/norm  | 58.544 | 91.860 | 95.703 | 73.596 | 73.596 |
|        -999       | 69.414 | 95.197 | 97.776 | 81.233 | 81.233 |
| itm_score_wo/norm | 84.328 | 98.989 | 99.494 | 91.293 | 91.293 |
|        -999       | 84.277 | 99.039 | 99.596 | 91.276 | 91.276 |
|         0         | 84.530 | 99.039 | 99.596 | 91.401 | 91.401 |
|         1         | 84.681 | 98.989 | 99.596 | 91.448 | 91.448 |
|         2         | 84.783 | 98.938 | 99.545 | 91.474 | 91.474 |
|         4         | 84.631 | 98.787 | 99.494 | 91.334 | 91.334 |
|         9         | 84.631 | 98.736 | 99.141 | 91.306 | 91.306 |
|         14        | 84.833 | 98.635 | 99.242 | 91.398 | 91.398 |
+-------------------+--------+--------+--------+--------+--------+
     logs:  {'epo': 14, 'R1': 84.833, 'R5': 98.635, 'R10': 99.242, 'mAP': 91.398, 'mINP': 91.398, 'entropy': 0.10349, 'uncertainty': 1.253908, 'uncertainty_coeffi': 0.01, 'loss': 1.33281, 'lr': 8.5e-05}
      TTA Epoch: [15] [ 0/78]  eta: 0:00:31  entropy: 0.1287  uncertainty: 1.2912  uncertainty_coeffi: 0.0100  loss: 1.3944  lr: 0.000084  time: 0.4098  data: 0.3182  max mem: 2691
      TTA Epoch: [15] [77/78]  eta: 0:00:00  entropy: 0.0616  uncertainty: 1.1866  uncertainty_coeffi: 0.0100  loss: 1.2341  lr: 0.000082  time: 0.0612  data: 0.0001  max mem: 2691
      TTA Epoch: [15] Total time: 0:00:05 (0.0666 s / it)
     Averaged stats: entropy: 0.0948  uncertainty: 1.2545  uncertainty_coeffi: 0.0100  loss: 1.3272  lr: 0.0001
     itm tta time 0:00:05
      TTA Epoch: [16] [ 0/78]  eta: 0:00:42  entropy: 0.1197  uncertainty: 1.2591  uncertainty_coeffi: 0.0100  loss: 1.3586  lr: 0.000082  time: 0.5501  data: 0.4422  max mem: 2691
      TTA Epoch: [16] [77/78]  eta: 0:00:00  entropy: 0.1857  uncertainty: 1.3420  uncertainty_coeffi: 0.0100  loss: 1.4787  lr: 0.000081  time: 0.0608  data: 0.0001  max mem: 2691
      TTA Epoch: [16] Total time: 0:00:05 (0.0679 s / it)
     Averaged stats: entropy: 0.0928  uncertainty: 1.2544  uncertainty_coeffi: 0.0100  loss: 1.3250  lr: 0.0001
     itm tta time 0:00:05
      TTA Epoch: [17] [ 0/78]  eta: 0:00:43  entropy: 0.1325  uncertainty: 1.2060  uncertainty_coeffi: 0.0100  loss: 1.2954  lr: 0.000080  time: 0.5593  data: 0.4493  max mem: 2691
      TTA Epoch: [17] [77/78]  eta: 0:00:00  entropy: 0.0546  uncertainty: 1.2172  uncertainty_coeffi: 0.0100  loss: 1.2526  lr: 0.000079  time: 0.0611  data: 0.0001  max mem: 2691
      TTA Epoch: [17] Total time: 0:00:05 (0.0679 s / it)
     Averaged stats: entropy: 0.0935  uncertainty: 1.2539  uncertainty_coeffi: 0.0100  loss: 1.3243  lr: 0.0001
     itm tta time 0:00:05
      TTA Epoch: [18] [ 0/78]  eta: 0:00:37  entropy: 0.2192  uncertainty: 1.3194  uncertainty_coeffi: 0.0100  loss: 1.4678  lr: 0.000079  time: 0.4854  data: 0.3739  max mem: 2691
      TTA Epoch: [18] [77/78]  eta: 0:00:00  entropy: 0.0777  uncertainty: 1.1337  uncertainty_coeffi: 0.0100  loss: 1.1977  lr: 0.000077  time: 0.0608  data: 0.0001  max mem: 2691
      TTA Epoch: [18] Total time: 0:00:05 (0.0668 s / it)
     Averaged stats: entropy: 0.0912  uncertainty: 1.2543  uncertainty_coeffi: 0.0100  loss: 1.3237  lr: 0.0001
     itm tta time 0:00:05
      TTA Epoch: [19] [ 0/78]  eta: 0:00:37  entropy: 0.1652  uncertainty: 1.3072  uncertainty_coeffi: 0.0100  loss: 1.4422  lr: 0.000077  time: 0.4866  data: 0.3760  max mem: 2691
      TTA Epoch: [19] [77/78]  eta: 0:00:00  entropy: 0.0451  uncertainty: 1.1954  uncertainty_coeffi: 0.0100  loss: 1.2330  lr: 0.000075  time: 0.0609  data: 0.0001  max mem: 2691
      TTA Epoch: [19] Total time: 0:00:05 (0.0668 s / it)
     Averaged stats: entropy: 0.0844  uncertainty: 1.2535  uncertainty_coeffi: 0.0100  loss: 1.3180  lr: 0.0001
     itm tta time 0:00:05
     Computing matching score
      Evaluation: [   0/1978]  eta: 0:02:28    time: 0.0751  data: 0.0055  max mem: 2691
      Evaluation: [ 100/1978]  eta: 0:02:08    time: 0.0674  data: 0.0000  max mem: 2691
      Evaluation: [ 200/1978]  eta: 0:02:00    time: 0.0675  data: 0.0000  max mem: 2691
      Evaluation: [ 300/1978]  eta: 0:01:53    time: 0.0675  data: 0.0000  max mem: 2691
      Evaluation: [ 400/1978]  eta: 0:01:46    time: 0.0674  data: 0.0000  max mem: 2691
      Evaluation: [ 500/1978]  eta: 0:01:39    time: 0.0675  data: 0.0000  max mem: 2691
      Evaluation: [ 600/1978]  eta: 0:01:33    time: 0.0674  data: 0.0000  max mem: 2691
      Evaluation: [ 700/1978]  eta: 0:01:26    time: 0.0678  data: 0.0000  max mem: 2691
      Evaluation: [ 800/1978]  eta: 0:01:19    time: 0.0673  data: 0.0000  max mem: 2691
      Evaluation: [ 900/1978]  eta: 0:01:12    time: 0.0673  data: 0.0000  max mem: 2691
      Evaluation: [1000/1978]  eta: 0:01:06    time: 0.0673  data: 0.0000  max mem: 2691
      Evaluation: [1100/1978]  eta: 0:00:59    time: 0.0673  data: 0.0000  max mem: 2691
      Evaluation: [1200/1978]  eta: 0:00:52    time: 0.0673  data: 0.0000  max mem: 2691
      Evaluation: [1300/1978]  eta: 0:00:45    time: 0.0673  data: 0.0000  max mem: 2691
      Evaluation: [1400/1978]  eta: 0:00:38    time: 0.0673  data: 0.0000  max mem: 2691
      Evaluation: [1500/1978]  eta: 0:00:32    time: 0.0673  data: 0.0000  max mem: 2691
      Evaluation: [1600/1978]  eta: 0:00:25    time: 0.0673  data: 0.0000  max mem: 2691
      Evaluation: [1700/1978]  eta: 0:00:18    time: 0.0673  data: 0.0000  max mem: 2691
      Evaluation: [1800/1978]  eta: 0:00:12    time: 0.0674  data: 0.0000  max mem: 2691
      Evaluation: [1900/1978]  eta: 0:00:05    time: 0.0673  data: 0.0000  max mem: 2691
      Evaluation: [1977/1978]  eta: 0:00:00    time: 0.0674  data: 0.0000  max mem: 2691
      Evaluation: Total time: 0:02:13 (0.0674 s / it)
     Computing matching score time 0:02:13
### TTA ITM Score: 
+-------------------+--------+--------+--------+--------+--------+
|       epoch       |   R1   |   R5   |  R10   |  mAP   |  mINP  |
+-------------------+--------+--------+--------+--------+--------+
|        -999       | 69.414 | 95.197 | 97.776 | 81.233 | 81.233 |
|        -999       | 84.277 | 99.039 | 99.596 | 91.276 | 91.276 |
|  cos_sim_wo/norm  | 58.544 | 91.860 | 95.703 | 73.596 | 73.596 |
|        -999       | 69.414 | 95.197 | 97.776 | 81.233 | 81.233 |
| itm_score_wo/norm | 84.328 | 98.989 | 99.494 | 91.293 | 91.293 |
|        -999       | 84.277 | 99.039 | 99.596 | 91.276 | 91.276 |
|         0         | 84.530 | 99.039 | 99.596 | 91.401 | 91.401 |
|         1         | 84.681 | 98.989 | 99.596 | 91.448 | 91.448 |
|         2         | 84.783 | 98.938 | 99.545 | 91.474 | 91.474 |
|         4         | 84.631 | 98.787 | 99.494 | 91.334 | 91.334 |
|         9         | 84.631 | 98.736 | 99.141 | 91.306 | 91.306 |
|         14        | 84.833 | 98.635 | 99.242 | 91.398 | 91.398 |
|         19        | 84.884 | 98.635 | 99.343 | 91.425 | 91.425 |
+-------------------+--------+--------+--------+--------+--------+
     logs:  {'epo': 19, 'R1': 84.884, 'R5': 98.635, 'R10': 99.343, 'mAP': 91.425, 'mINP': 91.425, 'entropy': 0.084435, 'uncertainty': 1.253528, 'uncertainty_coeffi': 0.01, 'loss': 1.318037, 'lr': 7.6e-05}
      TTA Epoch: [20] [ 0/78]  eta: 0:00:34  entropy: 0.1545  uncertainty: 1.1744  uncertainty_coeffi: 0.0100  loss: 1.2966  lr: 0.000075  time: 0.4382  data: 0.3645  max mem: 2691
      TTA Epoch: [20] [77/78]  eta: 0:00:00  entropy: 0.0866  uncertainty: 1.2325  uncertainty_coeffi: 0.0100  loss: 1.2851  lr: 0.000073  time: 0.0605  data: 0.0001  max mem: 2691
      TTA Epoch: [20] Total time: 0:00:05 (0.0663 s / it)
     Averaged stats: entropy: 0.0741  uncertainty: 1.2550  uncertainty_coeffi: 0.0100  loss: 1.3110  lr: 0.0001
     itm tta time 0:00:05
      TTA Epoch: [21] [ 0/78]  eta: 0:00:29  entropy: 0.0554  uncertainty: 1.2724  uncertainty_coeffi: 0.0100  loss: 1.3171  lr: 0.000073  time: 0.3796  data: 0.2811  max mem: 2691
      TTA Epoch: [21] [77/78]  eta: 0:00:00  entropy: 0.0620  uncertainty: 1.1435  uncertainty_coeffi: 0.0100  loss: 1.1890  lr: 0.000071  time: 0.0611  data: 0.0001  max mem: 2691
      TTA Epoch: [21] Total time: 0:00:05 (0.0655 s / it)
     Averaged stats: entropy: 0.0787  uncertainty: 1.2545  uncertainty_coeffi: 0.0100  loss: 1.3144  lr: 0.0001
     itm tta time 0:00:05
      TTA Epoch: [22] [ 0/78]  eta: 0:00:40  entropy: 0.1673  uncertainty: 1.2050  uncertainty_coeffi: 0.0100  loss: 1.3383  lr: 0.000071  time: 0.5157  data: 0.4073  max mem: 2691
      TTA Epoch: [22] [77/78]  eta: 0:00:00  entropy: 0.1929  uncertainty: 1.2394  uncertainty_coeffi: 0.0100  loss: 1.3819  lr: 0.000069  time: 0.0605  data: 0.0001  max mem: 2691
      TTA Epoch: [22] Total time: 0:00:05 (0.0666 s / it)
     Averaged stats: entropy: 0.0799  uncertainty: 1.2539  uncertainty_coeffi: 0.0100  loss: 1.3147  lr: 0.0001
     itm tta time 0:00:05
      TTA Epoch: [23] [ 0/78]  eta: 0:00:44  entropy: 0.0277  uncertainty: 1.1387  uncertainty_coeffi: 0.0100  loss: 1.1645  lr: 0.000069  time: 0.5730  data: 0.4641  max mem: 2691
      TTA Epoch: [23] [77/78]  eta: 0:00:00  entropy: 0.1839  uncertainty: 1.1959  uncertainty_coeffi: 0.0100  loss: 1.3488  lr: 0.000068  time: 0.0604  data: 0.0001  max mem: 2691
      TTA Epoch: [23] Total time: 0:00:05 (0.0674 s / it)
     Averaged stats: entropy: 0.0733  uncertainty: 1.2539  uncertainty_coeffi: 0.0100  loss: 1.3097  lr: 0.0001
     itm tta time 0:00:05
      TTA Epoch: [24] [ 0/78]  eta: 0:00:37  entropy: 0.1512  uncertainty: 1.3077  uncertainty_coeffi: 0.0100  loss: 1.4057  lr: 0.000068  time: 0.4831  data: 0.3737  max mem: 2691
      TTA Epoch: [24] [77/78]  eta: 0:00:00  entropy: 0.0067  uncertainty: 1.1597  uncertainty_coeffi: 0.0100  loss: 1.1658  lr: 0.000066  time: 0.0608  data: 0.0001  max mem: 2691
      TTA Epoch: [24] Total time: 0:00:05 (0.0663 s / it)
     Averaged stats: entropy: 0.0697  uncertainty: 1.2539  uncertainty_coeffi: 0.0100  loss: 1.3071  lr: 0.0001
     itm tta time 0:00:05
      TTA Epoch: [25] [ 0/78]  eta: 0:00:34  entropy: 0.0911  uncertainty: 1.3549  uncertainty_coeffi: 0.0100  loss: 1.4193  lr: 0.000066  time: 0.4461  data: 0.3581  max mem: 2691
      TTA Epoch: [25] [77/78]  eta: 0:00:00  entropy: 0.0438  uncertainty: 1.2646  uncertainty_coeffi: 0.0100  loss: 1.3011  lr: 0.000032  time: 0.0606  data: 0.0001  max mem: 2691
      TTA Epoch: [25] Total time: 0:00:05 (0.0657 s / it)
     Averaged stats: entropy: 0.0730  uncertainty: 1.2539  uncertainty_coeffi: 0.0100  loss: 1.3096  lr: 0.0001
     itm tta time 0:00:05
      TTA Epoch: [26] [ 0/78]  eta: 0:00:44  entropy: 0.0751  uncertainty: 1.3690  uncertainty_coeffi: 0.0100  loss: 1.4223  lr: 0.000032  time: 0.5691  data: 0.4599  max mem: 2691
      TTA Epoch: [26] [77/78]  eta: 0:00:00  entropy: 0.0391  uncertainty: 1.3177  uncertainty_coeffi: 0.0100  loss: 1.3476  lr: 0.000031  time: 0.0600  data: 0.0001  max mem: 2691
      TTA Epoch: [26] Total time: 0:00:05 (0.0668 s / it)
     Averaged stats: entropy: 0.0703  uncertainty: 1.2547  uncertainty_coeffi: 0.0100  loss: 1.3079  lr: 0.0000
     itm tta time 0:00:05
      TTA Epoch: [27] [ 0/78]  eta: 0:00:36  entropy: 0.1310  uncertainty: 1.3648  uncertainty_coeffi: 0.0100  loss: 1.4425  lr: 0.000031  time: 0.4623  data: 0.3781  max mem: 2691
      TTA Epoch: [27] [77/78]  eta: 0:00:00  entropy: 0.0316  uncertainty: 1.1575  uncertainty_coeffi: 0.0100  loss: 1.1884  lr: 0.000030  time: 0.0605  data: 0.0001  max mem: 2691
      TTA Epoch: [27] Total time: 0:00:05 (0.0660 s / it)
     Averaged stats: entropy: 0.0644  uncertainty: 1.2543  uncertainty_coeffi: 0.0100  loss: 1.3046  lr: 0.0000
     itm tta time 0:00:05
      TTA Epoch: [28] [ 0/78]  eta: 0:00:32  entropy: 0.1191  uncertainty: 1.2336  uncertainty_coeffi: 0.0100  loss: 1.3298  lr: 0.000030  time: 0.4190  data: 0.3388  max mem: 2691
      TTA Epoch: [28] [77/78]  eta: 0:00:00  entropy: 0.0406  uncertainty: 1.1472  uncertainty_coeffi: 0.0100  loss: 1.1818  lr: 0.000029  time: 0.0601  data: 0.0001  max mem: 2691
      TTA Epoch: [28] Total time: 0:00:05 (0.0649 s / it)
     Averaged stats: entropy: 0.0692  uncertainty: 1.2548  uncertainty_coeffi: 0.0100  loss: 1.3074  lr: 0.0000
     itm tta time 0:00:05
      TTA Epoch: [29] [ 0/78]  eta: 0:00:32  entropy: 0.0869  uncertainty: 1.2203  uncertainty_coeffi: 0.0100  loss: 1.2957  lr: 0.000029  time: 0.4186  data: 0.3427  max mem: 2691
      TTA Epoch: [29] [77/78]  eta: 0:00:00  entropy: 0.0665  uncertainty: 1.1430  uncertainty_coeffi: 0.0100  loss: 1.2044  lr: 0.000028  time: 0.0609  data: 0.0001  max mem: 2691
      TTA Epoch: [29] Total time: 0:00:05 (0.0660 s / it)
     Averaged stats: entropy: 0.0697  uncertainty: 1.2555  uncertainty_coeffi: 0.0100  loss: 1.3085  lr: 0.0000
     itm tta time 0:00:05
     Computing matching score
      Evaluation: [   0/1978]  eta: 0:02:29    time: 0.0758  data: 0.0060  max mem: 2691
      Evaluation: [ 100/1978]  eta: 0:02:09    time: 0.0675  data: 0.0000  max mem: 2691
      Evaluation: [ 200/1978]  eta: 0:02:01    time: 0.0675  data: 0.0000  max mem: 2691
      Evaluation: [ 300/1978]  eta: 0:01:54    time: 0.0675  data: 0.0000  max mem: 2691
      Evaluation: [ 400/1978]  eta: 0:01:47    time: 0.0675  data: 0.0000  max mem: 2691
      Evaluation: [ 500/1978]  eta: 0:01:40    time: 0.0676  data: 0.0000  max mem: 2691
      Evaluation: [ 600/1978]  eta: 0:01:33    time: 0.0674  data: 0.0000  max mem: 2691
      Evaluation: [ 700/1978]  eta: 0:01:26    time: 0.0674  data: 0.0000  max mem: 2691
      Evaluation: [ 800/1978]  eta: 0:01:19    time: 0.0675  data: 0.0000  max mem: 2691
      Evaluation: [ 900/1978]  eta: 0:01:12    time: 0.0675  data: 0.0000  max mem: 2691
      Evaluation: [1000/1978]  eta: 0:01:06    time: 0.0675  data: 0.0000  max mem: 2691
      Evaluation: [1100/1978]  eta: 0:00:59    time: 0.0674  data: 0.0000  max mem: 2691
      Evaluation: [1200/1978]  eta: 0:00:52    time: 0.0674  data: 0.0000  max mem: 2691
      Evaluation: [1300/1978]  eta: 0:00:45    time: 0.0676  data: 0.0000  max mem: 2691
      Evaluation: [1400/1978]  eta: 0:00:39    time: 0.0675  data: 0.0000  max mem: 2691
      Evaluation: [1500/1978]  eta: 0:00:32    time: 0.0676  data: 0.0000  max mem: 2691
      Evaluation: [1600/1978]  eta: 0:00:25    time: 0.0676  data: 0.0000  max mem: 2691
      Evaluation: [1700/1978]  eta: 0:00:18    time: 0.0676  data: 0.0000  max mem: 2691
      Evaluation: [1800/1978]  eta: 0:00:12    time: 0.0675  data: 0.0000  max mem: 2691
      Evaluation: [1900/1978]  eta: 0:00:05    time: 0.0674  data: 0.0000  max mem: 2691
      Evaluation: [1977/1978]  eta: 0:00:00    time: 0.0675  data: 0.0000  max mem: 2691
      Evaluation: Total time: 0:02:13 (0.0676 s / it)
     Computing matching score time 0:02:13
### TTA ITM Score: 
+-------------------+--------+--------+--------+--------+--------+
|       epoch       |   R1   |   R5   |  R10   |  mAP   |  mINP  |
+-------------------+--------+--------+--------+--------+--------+
|        -999       | 69.414 | 95.197 | 97.776 | 81.233 | 81.233 |
|        -999       | 84.277 | 99.039 | 99.596 | 91.276 | 91.276 |
|  cos_sim_wo/norm  | 58.544 | 91.860 | 95.703 | 73.596 | 73.596 |
|        -999       | 69.414 | 95.197 | 97.776 | 81.233 | 81.233 |
| itm_score_wo/norm | 84.328 | 98.989 | 99.494 | 91.293 | 91.293 |
|        -999       | 84.277 | 99.039 | 99.596 | 91.276 | 91.276 |
|         0         | 84.530 | 99.039 | 99.596 | 91.401 | 91.401 |
|         1         | 84.681 | 98.989 | 99.596 | 91.448 | 91.448 |
|         2         | 84.783 | 98.938 | 99.545 | 91.474 | 91.474 |
|         4         | 84.631 | 98.787 | 99.494 | 91.334 | 91.334 |
|         9         | 84.631 | 98.736 | 99.141 | 91.306 | 91.306 |
|         14        | 84.833 | 98.635 | 99.242 | 91.398 | 91.398 |
|         19        | 84.884 | 98.635 | 99.343 | 91.425 | 91.425 |
|         29        | 84.985 | 98.686 | 99.292 | 91.462 | 91.462 |
+-------------------+--------+--------+--------+--------+--------+
     logs:  {'epo': 29, 'R1': 84.985, 'R5': 98.686, 'R10': 99.292, 'mAP': 91.462, 'mINP': 91.462, 'entropy': 0.069726, 'uncertainty': 1.255541, 'uncertainty_coeffi': 0.01, 'loss': 1.308483, 'lr': 2.9e-05}
      TTA Epoch: [30] [ 0/78]  eta: 0:00:32  entropy: 0.0771  uncertainty: 1.2251  uncertainty_coeffi: 0.0100  loss: 1.2902  lr: 0.000028  time: 0.4220  data: 0.3452  max mem: 2691
      TTA Epoch: [30] [77/78]  eta: 0:00:00  entropy: 0.0439  uncertainty: 1.3209  uncertainty_coeffi: 0.0100  loss: 1.3525  lr: 0.000027  time: 0.0604  data: 0.0001  max mem: 2691
      TTA Epoch: [30] Total time: 0:00:05 (0.0658 s / it)
     Averaged stats: entropy: 0.0632  uncertainty: 1.2547  uncertainty_coeffi: 0.0100  loss: 1.3030  lr: 0.0000
     itm tta time 0:00:05
      TTA Epoch: [31] [ 0/78]  eta: 0:00:35  entropy: 0.0388  uncertainty: 1.1908  uncertainty_coeffi: 0.0100  loss: 1.2224  lr: 0.000027  time: 0.4571  data: 0.3591  max mem: 2691
      TTA Epoch: [31] [77/78]  eta: 0:00:00  entropy: 0.0493  uncertainty: 1.1672  uncertainty_coeffi: 0.0100  loss: 1.2062  lr: 0.000026  time: 0.0595  data: 0.0001  max mem: 2691
      TTA Epoch: [31] Total time: 0:00:05 (0.0653 s / it)
     Averaged stats: entropy: 0.0703  uncertainty: 1.2548  uncertainty_coeffi: 0.0100  loss: 1.3084  lr: 0.0000
     itm tta time 0:00:05
      TTA Epoch: [32] [ 0/78]  eta: 0:00:28  entropy: 0.0159  uncertainty: 1.2110  uncertainty_coeffi: 0.0100  loss: 1.2241  lr: 0.000026  time: 0.3621  data: 0.2890  max mem: 2691
      TTA Epoch: [32] [77/78]  eta: 0:00:00  entropy: 0.0981  uncertainty: 1.2898  uncertainty_coeffi: 0.0100  loss: 1.3577  lr: 0.000026  time: 0.0597  data: 0.0001  max mem: 2691
      TTA Epoch: [32] Total time: 0:00:04 (0.0638 s / it)
     Averaged stats: entropy: 0.0620  uncertainty: 1.2543  uncertainty_coeffi: 0.0100  loss: 1.3016  lr: 0.0000
     itm tta time 0:00:05
      TTA Epoch: [33] [ 0/78]  eta: 0:00:33  entropy: 0.0054  uncertainty: 1.1115  uncertainty_coeffi: 0.0100  loss: 1.1166  lr: 0.000026  time: 0.4285  data: 0.3543  max mem: 2691
      TTA Epoch: [33] [77/78]  eta: 0:00:00  entropy: 0.1075  uncertainty: 1.2631  uncertainty_coeffi: 0.0100  loss: 1.3445  lr: 0.000025  time: 0.0595  data: 0.0001  max mem: 2691
      TTA Epoch: [33] Total time: 0:00:05 (0.0647 s / it)
     Averaged stats: entropy: 0.0624  uncertainty: 1.2530  uncertainty_coeffi: 0.0100  loss: 1.3013  lr: 0.0000
     itm tta time 0:00:05
      TTA Epoch: [34] [ 0/78]  eta: 0:00:31  entropy: 0.0605  uncertainty: 1.1653  uncertainty_coeffi: 0.0100  loss: 1.2124  lr: 0.000025  time: 0.4070  data: 0.3375  max mem: 2691
      TTA Epoch: [34] [77/78]  eta: 0:00:00  entropy: 0.0165  uncertainty: 1.1703  uncertainty_coeffi: 0.0100  loss: 1.1832  lr: 0.000024  time: 0.0596  data: 0.0001  max mem: 2691
      TTA Epoch: [34] Total time: 0:00:05 (0.0644 s / it)
     Averaged stats: entropy: 0.0674  uncertainty: 1.2536  uncertainty_coeffi: 0.0100  loss: 1.3051  lr: 0.0000
     itm tta time 0:00:05
      TTA Epoch: [35] [ 0/78]  eta: 0:00:32  entropy: 0.1351  uncertainty: 1.2435  uncertainty_coeffi: 0.0100  loss: 1.3570  lr: 0.000024  time: 0.4208  data: 0.3397  max mem: 2691
      TTA Epoch: [35] [77/78]  eta: 0:00:00  entropy: 0.0867  uncertainty: 1.3330  uncertainty_coeffi: 0.0100  loss: 1.4057  lr: 0.000023  time: 0.0597  data: 0.0001  max mem: 2691
      TTA Epoch: [35] Total time: 0:00:05 (0.0647 s / it)
     Averaged stats: entropy: 0.0628  uncertainty: 1.2551  uncertainty_coeffi: 0.0100  loss: 1.3032  lr: 0.0000
     itm tta time 0:00:05
      TTA Epoch: [36] [ 0/78]  eta: 0:00:35  entropy: 0.1567  uncertainty: 1.3496  uncertainty_coeffi: 0.0100  loss: 1.4511  lr: 0.000023  time: 0.4572  data: 0.3465  max mem: 2691
      TTA Epoch: [36] [77/78]  eta: 0:00:00  entropy: 0.0499  uncertainty: 1.2781  uncertainty_coeffi: 0.0100  loss: 1.3171  lr: 0.000022  time: 0.0602  data: 0.0001  max mem: 2691
      TTA Epoch: [36] Total time: 0:00:05 (0.0661 s / it)
     Averaged stats: entropy: 0.0602  uncertainty: 1.2540  uncertainty_coeffi: 0.0100  loss: 1.2997  lr: 0.0000
     itm tta time 0:00:05
      TTA Epoch: [37] [ 0/78]  eta: 0:00:35  entropy: 0.1241  uncertainty: 1.3445  uncertainty_coeffi: 0.0100  loss: 1.4299  lr: 0.000022  time: 0.4526  data: 0.3551  max mem: 2691
      TTA Epoch: [37] [77/78]  eta: 0:00:00  entropy: 0.0630  uncertainty: 1.3083  uncertainty_coeffi: 0.0100  loss: 1.3570  lr: 0.000021  time: 0.0611  data: 0.0001  max mem: 2691
      TTA Epoch: [37] Total time: 0:00:05 (0.0663 s / it)
     Averaged stats: entropy: 0.0666  uncertainty: 1.2543  uncertainty_coeffi: 0.0100  loss: 1.3042  lr: 0.0000
     itm tta time 0:00:05
      TTA Epoch: [38] [ 0/78]  eta: 0:00:39  entropy: 0.0445  uncertainty: 1.1783  uncertainty_coeffi: 0.0100  loss: 1.2098  lr: 0.000021  time: 0.5083  data: 0.3976  max mem: 2691
      TTA Epoch: [38] [77/78]  eta: 0:00:00  entropy: 0.0509  uncertainty: 1.3030  uncertainty_coeffi: 0.0100  loss: 1.3464  lr: 0.000020  time: 0.0608  data: 0.0001  max mem: 2691
      TTA Epoch: [38] Total time: 0:00:05 (0.0671 s / it)
     Averaged stats: entropy: 0.0637  uncertainty: 1.2555  uncertainty_coeffi: 0.0100  loss: 1.3036  lr: 0.0000
     itm tta time 0:00:05
      TTA Epoch: [39] [ 0/78]  eta: 0:00:36  entropy: 0.0236  uncertainty: 1.2384  uncertainty_coeffi: 0.0100  loss: 1.2559  lr: 0.000020  time: 0.4623  data: 0.3545  max mem: 2691
      TTA Epoch: [39] [77/78]  eta: 0:00:00  entropy: 0.0506  uncertainty: 1.2672  uncertainty_coeffi: 0.0100  loss: 1.3084  lr: 0.000019  time: 0.0596  data: 0.0001  max mem: 2691
      TTA Epoch: [39] Total time: 0:00:05 (0.0652 s / it)
     Averaged stats: entropy: 0.0575  uncertainty: 1.2541  uncertainty_coeffi: 0.0100  loss: 1.2978  lr: 0.0000
     itm tta time 0:00:05
     Computing matching score
      Evaluation: [   0/1978]  eta: 0:02:22    time: 0.0719  data: 0.0042  max mem: 2691
      Evaluation: [ 100/1978]  eta: 0:02:09    time: 0.0689  data: 0.0000  max mem: 2691
      Evaluation: [ 200/1978]  eta: 0:02:02    time: 0.0688  data: 0.0000  max mem: 2691
      Evaluation: [ 300/1978]  eta: 0:01:55    time: 0.0689  data: 0.0000  max mem: 2691
      Evaluation: [ 400/1978]  eta: 0:01:48    time: 0.0689  data: 0.0000  max mem: 2691
      Evaluation: [ 500/1978]  eta: 0:01:41    time: 0.0689  data: 0.0000  max mem: 2691
      Evaluation: [ 600/1978]  eta: 0:01:34    time: 0.0691  data: 0.0000  max mem: 2691
      Evaluation: [ 700/1978]  eta: 0:01:28    time: 0.0691  data: 0.0000  max mem: 2691
      Evaluation: [ 800/1978]  eta: 0:01:21    time: 0.0689  data: 0.0000  max mem: 2691
      Evaluation: [ 900/1978]  eta: 0:01:14    time: 0.0688  data: 0.0000  max mem: 2691
      Evaluation: [1000/1978]  eta: 0:01:07    time: 0.0689  data: 0.0000  max mem: 2691
      Evaluation: [1100/1978]  eta: 0:01:00    time: 0.0689  data: 0.0000  max mem: 2691
      Evaluation: [1200/1978]  eta: 0:00:53    time: 0.0689  data: 0.0000  max mem: 2691
      Evaluation: [1300/1978]  eta: 0:00:46    time: 0.0689  data: 0.0000  max mem: 2691
      Evaluation: [1400/1978]  eta: 0:00:39    time: 0.0690  data: 0.0000  max mem: 2691
      Evaluation: [1500/1978]  eta: 0:00:32    time: 0.0689  data: 0.0000  max mem: 2691
      Evaluation: [1600/1978]  eta: 0:00:26    time: 0.0690  data: 0.0000  max mem: 2691
      Evaluation: [1700/1978]  eta: 0:00:19    time: 0.0690  data: 0.0000  max mem: 2691
      Evaluation: [1800/1978]  eta: 0:00:12    time: 0.0690  data: 0.0000  max mem: 2691
      Evaluation: [1900/1978]  eta: 0:00:05    time: 0.0690  data: 0.0000  max mem: 2691
      Evaluation: [1977/1978]  eta: 0:00:00    time: 0.0689  data: 0.0000  max mem: 2691
      Evaluation: Total time: 0:02:16 (0.0689 s / it)
     Computing matching score time 0:02:16
### TTA ITM Score: 
+-------------------+--------+--------+--------+--------+--------+
|       epoch       |   R1   |   R5   |  R10   |  mAP   |  mINP  |
+-------------------+--------+--------+--------+--------+--------+
|        -999       | 69.414 | 95.197 | 97.776 | 81.233 | 81.233 |
|        -999       | 84.277 | 99.039 | 99.596 | 91.276 | 91.276 |
|  cos_sim_wo/norm  | 58.544 | 91.860 | 95.703 | 73.596 | 73.596 |
|        -999       | 69.414 | 95.197 | 97.776 | 81.233 | 81.233 |
| itm_score_wo/norm | 84.328 | 98.989 | 99.494 | 91.293 | 91.293 |
|        -999       | 84.277 | 99.039 | 99.596 | 91.276 | 91.276 |
|         0         | 84.530 | 99.039 | 99.596 | 91.401 | 91.401 |
|         1         | 84.681 | 98.989 | 99.596 | 91.448 | 91.448 |
|         2         | 84.783 | 98.938 | 99.545 | 91.474 | 91.474 |
|         4         | 84.631 | 98.787 | 99.494 | 91.334 | 91.334 |
|         9         | 84.631 | 98.736 | 99.141 | 91.306 | 91.306 |
|         14        | 84.833 | 98.635 | 99.242 | 91.398 | 91.398 |
|         19        | 84.884 | 98.635 | 99.343 | 91.425 | 91.425 |
|         29        | 84.985 | 98.686 | 99.292 | 91.462 | 91.462 |
|         39        | 84.985 | 98.686 | 99.343 | 91.447 | 91.447 |
+-------------------+--------+--------+--------+--------+--------+
     logs:  {'epo': 39, 'R1': 84.985, 'R5': 98.686, 'R10': 99.343, 'mAP': 91.447, 'mINP': 91.447, 'entropy': 0.057523, 'uncertainty': 1.254116, 'uncertainty_coeffi': 0.01, 'loss': 1.297752, 'lr': 2e-05}
      TTA Epoch: [40] [ 0/78]  eta: 0:00:32  entropy: 0.0175  uncertainty: 1.2362  uncertainty_coeffi: 0.0100  loss: 1.2505  lr: 0.000019  time: 0.4201  data: 0.3363  max mem: 2691
      TTA Epoch: [40] [77/78]  eta: 0:00:00  entropy: 0.0598  uncertainty: 1.1889  uncertainty_coeffi: 0.0100  loss: 1.2345  lr: 0.000018  time: 0.0617  data: 0.0001  max mem: 2691
      TTA Epoch: [40] Total time: 0:00:05 (0.0668 s / it)
     Averaged stats: entropy: 0.0633  uncertainty: 1.2538  uncertainty_coeffi: 0.0100  loss: 1.3027  lr: 0.0000
     itm tta time 0:00:05
      TTA Epoch: [41] [ 0/78]  eta: 0:00:42  entropy: 0.0035  uncertainty: 1.2550  uncertainty_coeffi: 0.0100  loss: 1.2572  lr: 0.000018  time: 0.5409  data: 0.4276  max mem: 2691
      TTA Epoch: [41] [77/78]  eta: 0:00:00  entropy: 0.0862  uncertainty: 1.2541  uncertainty_coeffi: 0.0100  loss: 1.3269  lr: 0.000017  time: 0.0607  data: 0.0001  max mem: 2691
      TTA Epoch: [41] Total time: 0:00:05 (0.0673 s / it)
     Averaged stats: entropy: 0.0624  uncertainty: 1.2539  uncertainty_coeffi: 0.0100  loss: 1.3019  lr: 0.0000
     itm tta time 0:00:05
      TTA Epoch: [42] [ 0/78]  eta: 0:00:44  entropy: 0.0455  uncertainty: 1.3601  uncertainty_coeffi: 0.0100  loss: 1.3889  lr: 0.000017  time: 0.5736  data: 0.4607  max mem: 2691
      TTA Epoch: [42] [77/78]  eta: 0:00:00  entropy: 0.0671  uncertainty: 1.2236  uncertainty_coeffi: 0.0100  loss: 1.2627  lr: 0.000016  time: 0.0606  data: 0.0001  max mem: 2691
      TTA Epoch: [42] Total time: 0:00:05 (0.0680 s / it)
     Averaged stats: entropy: 0.0559  uncertainty: 1.2526  uncertainty_coeffi: 0.0100  loss: 1.2951  lr: 0.0000
     itm tta time 0:00:05
      TTA Epoch: [43] [ 0/78]  eta: 0:00:42  entropy: 0.0567  uncertainty: 1.2227  uncertainty_coeffi: 0.0100  loss: 1.2602  lr: 0.000016  time: 0.5453  data: 0.4383  max mem: 2691
      TTA Epoch: [43] [77/78]  eta: 0:00:00  entropy: 0.0196  uncertainty: 1.1492  uncertainty_coeffi: 0.0100  loss: 1.1651  lr: 0.000015  time: 0.0607  data: 0.0001  max mem: 2691
      TTA Epoch: [43] Total time: 0:00:05 (0.0675 s / it)
     Averaged stats: entropy: 0.0607  uncertainty: 1.2539  uncertainty_coeffi: 0.0100  loss: 1.3003  lr: 0.0000
     itm tta time 0:00:05
      TTA Epoch: [44] [ 0/78]  eta: 0:00:45  entropy: 0.0426  uncertainty: 1.2843  uncertainty_coeffi: 0.0100  loss: 1.3242  lr: 0.000015  time: 0.5830  data: 0.4721  max mem: 2691
      TTA Epoch: [44] [77/78]  eta: 0:00:00  entropy: 0.0774  uncertainty: 1.1356  uncertainty_coeffi: 0.0100  loss: 1.1989  lr: 0.000006  time: 0.0605  data: 0.0001  max mem: 2691
      TTA Epoch: [44] Total time: 0:00:05 (0.0677 s / it)
     Averaged stats: entropy: 0.0607  uncertainty: 1.2541  uncertainty_coeffi: 0.0100  loss: 1.2995  lr: 0.0000
     itm tta time 0:00:05
      TTA Epoch: [45] [ 0/78]  eta: 0:00:42  entropy: 0.0373  uncertainty: 1.4046  uncertainty_coeffi: 0.0100  loss: 1.4313  lr: 0.000006  time: 0.5509  data: 0.4713  max mem: 2691
      TTA Epoch: [45] [77/78]  eta: 0:00:00  entropy: 0.0202  uncertainty: 1.1825  uncertainty_coeffi: 0.0100  loss: 1.1986  lr: 0.000005  time: 0.0599  data: 0.0001  max mem: 2691
      TTA Epoch: [45] Total time: 0:00:05 (0.0670 s / it)
     Averaged stats: entropy: 0.0560  uncertainty: 1.2525  uncertainty_coeffi: 0.0100  loss: 1.2950  lr: 0.0000
     itm tta time 0:00:05
      TTA Epoch: [46] [ 0/78]  eta: 0:00:30  entropy: 0.0756  uncertainty: 1.3975  uncertainty_coeffi: 0.0100  loss: 1.4552  lr: 0.000005  time: 0.3881  data: 0.3218  max mem: 2691
      TTA Epoch: [46] [77/78]  eta: 0:00:00  entropy: 0.0610  uncertainty: 1.2261  uncertainty_coeffi: 0.0100  loss: 1.2751  lr: 0.000005  time: 0.0603  data: 0.0001  max mem: 2691
      TTA Epoch: [46] Total time: 0:00:05 (0.0649 s / it)
     Averaged stats: entropy: 0.0588  uncertainty: 1.2532  uncertainty_coeffi: 0.0100  loss: 1.2976  lr: 0.0000
     itm tta time 0:00:05
      TTA Epoch: [47] [ 0/78]  eta: 0:00:33  entropy: 0.0143  uncertainty: 1.2304  uncertainty_coeffi: 0.0100  loss: 1.2414  lr: 0.000005  time: 0.4276  data: 0.3448  max mem: 2691
      TTA Epoch: [47] [77/78]  eta: 0:00:00  entropy: 0.0306  uncertainty: 1.1869  uncertainty_coeffi: 0.0100  loss: 1.2135  lr: 0.000005  time: 0.0602  data: 0.0001  max mem: 2691
      TTA Epoch: [47] Total time: 0:00:05 (0.0654 s / it)
     Averaged stats: entropy: 0.0592  uncertainty: 1.2543  uncertainty_coeffi: 0.0100  loss: 1.2986  lr: 0.0000
     itm tta time 0:00:05
      TTA Epoch: [48] [ 0/78]  eta: 0:00:37  entropy: 0.0341  uncertainty: 1.1989  uncertainty_coeffi: 0.0100  loss: 1.2295  lr: 0.000005  time: 0.4747  data: 0.3656  max mem: 2691
      TTA Epoch: [48] [77/78]  eta: 0:00:00  entropy: 0.0767  uncertainty: 1.2589  uncertainty_coeffi: 0.0100  loss: 1.3226  lr: 0.000004  time: 0.0604  data: 0.0001  max mem: 2691
      TTA Epoch: [48] Total time: 0:00:05 (0.0661 s / it)
     Averaged stats: entropy: 0.0583  uncertainty: 1.2534  uncertainty_coeffi: 0.0100  loss: 1.2982  lr: 0.0000
     itm tta time 0:00:05
      TTA Epoch: [49] [ 0/78]  eta: 0:00:34  entropy: 0.0013  uncertainty: 1.3951  uncertainty_coeffi: 0.0100  loss: 1.3960  lr: 0.000004  time: 0.4401  data: 0.3441  max mem: 2691
      TTA Epoch: [49] [77/78]  eta: 0:00:00  entropy: 0.0821  uncertainty: 1.1950  uncertainty_coeffi: 0.0100  loss: 1.2539  lr: 0.000004  time: 0.0606  data: 0.0001  max mem: 2691
      TTA Epoch: [49] Total time: 0:00:05 (0.0657 s / it)
     Averaged stats: entropy: 0.0592  uncertainty: 1.2541  uncertainty_coeffi: 0.0100  loss: 1.2987  lr: 0.0000
     itm tta time 0:00:05
     Computing matching score
      Evaluation: [   0/1978]  eta: 0:02:17    time: 0.0697  data: 0.0032  max mem: 2691
      Evaluation: [ 100/1978]  eta: 0:02:06    time: 0.0673  data: 0.0000  max mem: 2691
      Evaluation: [ 200/1978]  eta: 0:01:59    time: 0.0673  data: 0.0000  max mem: 2691
      Evaluation: [ 300/1978]  eta: 0:01:52    time: 0.0674  data: 0.0000  max mem: 2691
      Evaluation: [ 400/1978]  eta: 0:01:46    time: 0.0673  data: 0.0000  max mem: 2691
      Evaluation: [ 500/1978]  eta: 0:01:39    time: 0.0674  data: 0.0000  max mem: 2691
      Evaluation: [ 600/1978]  eta: 0:01:32    time: 0.0673  data: 0.0000  max mem: 2691
      Evaluation: [ 700/1978]  eta: 0:01:26    time: 0.0673  data: 0.0000  max mem: 2691
      Evaluation: [ 800/1978]  eta: 0:01:19    time: 0.0674  data: 0.0000  max mem: 2691
      Evaluation: [ 900/1978]  eta: 0:01:12    time: 0.0674  data: 0.0000  max mem: 2691
      Evaluation: [1000/1978]  eta: 0:01:05    time: 0.0674  data: 0.0000  max mem: 2691
      Evaluation: [1100/1978]  eta: 0:00:59    time: 0.0674  data: 0.0000  max mem: 2691
      Evaluation: [1200/1978]  eta: 0:00:52    time: 0.0674  data: 0.0000  max mem: 2691
      Evaluation: [1300/1978]  eta: 0:00:45    time: 0.0674  data: 0.0000  max mem: 2691
      Evaluation: [1400/1978]  eta: 0:00:38    time: 0.0675  data: 0.0000  max mem: 2691
      Evaluation: [1500/1978]  eta: 0:00:32    time: 0.0674  data: 0.0000  max mem: 2691
      Evaluation: [1600/1978]  eta: 0:00:25    time: 0.0673  data: 0.0000  max mem: 2691
      Evaluation: [1700/1978]  eta: 0:00:18    time: 0.0674  data: 0.0000  max mem: 2691
      Evaluation: [1800/1978]  eta: 0:00:11    time: 0.0675  data: 0.0000  max mem: 2691
      Evaluation: [1900/1978]  eta: 0:00:05    time: 0.0674  data: 0.0000  max mem: 2691
      Evaluation: [1977/1978]  eta: 0:00:00    time: 0.0675  data: 0.0000  max mem: 2691
      Evaluation: Total time: 0:02:13 (0.0674 s / it)
     Computing matching score time 0:02:13
### TTA ITM Score: 
+-------------------+--------+--------+--------+--------+--------+
|       epoch       |   R1   |   R5   |  R10   |  mAP   |  mINP  |
+-------------------+--------+--------+--------+--------+--------+
|        -999       | 69.414 | 95.197 | 97.776 | 81.233 | 81.233 |
|        -999       | 84.277 | 99.039 | 99.596 | 91.276 | 91.276 |
|  cos_sim_wo/norm  | 58.544 | 91.860 | 95.703 | 73.596 | 73.596 |
|        -999       | 69.414 | 95.197 | 97.776 | 81.233 | 81.233 |
| itm_score_wo/norm | 84.328 | 98.989 | 99.494 | 91.293 | 91.293 |
|        -999       | 84.277 | 99.039 | 99.596 | 91.276 | 91.276 |
|         0         | 84.530 | 99.039 | 99.596 | 91.401 | 91.401 |
|         1         | 84.681 | 98.989 | 99.596 | 91.448 | 91.448 |
|         2         | 84.783 | 98.938 | 99.545 | 91.474 | 91.474 |
|         4         | 84.631 | 98.787 | 99.494 | 91.334 | 91.334 |
|         9         | 84.631 | 98.736 | 99.141 | 91.306 | 91.306 |
|         14        | 84.833 | 98.635 | 99.242 | 91.398 | 91.398 |
|         19        | 84.884 | 98.635 | 99.343 | 91.425 | 91.425 |
|         29        | 84.985 | 98.686 | 99.292 | 91.462 | 91.462 |
|         39        | 84.985 | 98.686 | 99.343 | 91.447 | 91.447 |
|         49        | 85.086 | 98.635 | 99.343 | 91.480 | 91.480 |
+-------------------+--------+--------+--------+--------+--------+
     logs:  {'epo': 49, 'R1': 85.086, 'R5': 98.635, 'R10': 99.343, 'mAP': 91.48, 'mINP': 91.48, 'entropy': 0.059193, 'uncertainty': 1.254141, 'uncertainty_coeffi': 0.01, 'loss': 1.298712, 'lr': 4e-06}
      TTA Epoch: [50] [ 0/78]  eta: 0:00:33  entropy: 0.0601  uncertainty: 1.1558  uncertainty_coeffi: 0.0100  loss: 1.2123  lr: 0.000004  time: 0.4301  data: 0.3455  max mem: 2691
      TTA Epoch: [50] [77/78]  eta: 0:00:00  entropy: 0.0461  uncertainty: 1.1969  uncertainty_coeffi: 0.0100  loss: 1.2323  lr: 0.000004  time: 0.0606  data: 0.0001  max mem: 2691
      TTA Epoch: [50] Total time: 0:00:05 (0.0660 s / it)
     Averaged stats: entropy: 0.0585  uncertainty: 1.2537  uncertainty_coeffi: 0.0100  loss: 1.2987  lr: 0.0000
     itm tta time 0:00:05
      TTA Epoch: [51] [ 0/78]  eta: 0:00:36  entropy: 0.0779  uncertainty: 1.2324  uncertainty_coeffi: 0.0100  loss: 1.3019  lr: 0.000004  time: 0.4657  data: 0.3554  max mem: 2691
      TTA Epoch: [51] [77/78]  eta: 0:00:00  entropy: 0.1671  uncertainty: 1.3736  uncertainty_coeffi: 0.0100  loss: 1.4915  lr: 0.000003  time: 0.0604  data: 0.0001  max mem: 2691
      TTA Epoch: [51] Total time: 0:00:05 (0.0663 s / it)
     Averaged stats: entropy: 0.0605  uncertainty: 1.2546  uncertainty_coeffi: 0.0100  loss: 1.3010  lr: 0.0000
     itm tta time 0:00:05
      TTA Epoch: [52] [ 0/78]  eta: 0:00:32  entropy: 0.1125  uncertainty: 1.4586  uncertainty_coeffi: 0.0100  loss: 1.5336  lr: 0.000003  time: 0.4214  data: 0.3254  max mem: 2691
      TTA Epoch: [52] [77/78]  eta: 0:00:00  entropy: 0.0038  uncertainty: 1.2397  uncertainty_coeffi: 0.0100  loss: 1.2432  lr: 0.000003  time: 0.0609  data: 0.0001  max mem: 2691
      TTA Epoch: [52] Total time: 0:00:05 (0.0658 s / it)
     Averaged stats: entropy: 0.0574  uncertainty: 1.2548  uncertainty_coeffi: 0.0100  loss: 1.2983  lr: 0.0000
     itm tta time 0:00:05
      TTA Epoch: [53] [ 0/78]  eta: 0:00:44  entropy: 0.0322  uncertainty: 1.2487  uncertainty_coeffi: 0.0100  loss: 1.2721  lr: 0.000003  time: 0.5768  data: 0.4971  max mem: 2691
      TTA Epoch: [53] [77/78]  eta: 0:00:00  entropy: 0.0017  uncertainty: 1.2445  uncertainty_coeffi: 0.0100  loss: 1.2457  lr: 0.000002  time: 0.0613  data: 0.0001  max mem: 2691
      TTA Epoch: [53] Total time: 0:00:05 (0.0682 s / it)
     Averaged stats: entropy: 0.0574  uncertainty: 1.2552  uncertainty_coeffi: 0.0100  loss: 1.2984  lr: 0.0000
     itm tta time 0:00:05
      TTA Epoch: [54] [ 0/78]  eta: 0:00:47  entropy: 0.0497  uncertainty: 1.2906  uncertainty_coeffi: 0.0100  loss: 1.3263  lr: 0.000002  time: 0.6052  data: 0.4949  max mem: 2691
      TTA Epoch: [54] [77/78]  eta: 0:00:00  entropy: 0.0444  uncertainty: 1.1748  uncertainty_coeffi: 0.0100  loss: 1.2071  lr: 0.000002  time: 0.0608  data: 0.0001  max mem: 2691
      TTA Epoch: [54] Total time: 0:00:05 (0.0685 s / it)
     Averaged stats: entropy: 0.0592  uncertainty: 1.2541  uncertainty_coeffi: 0.0100  loss: 1.2991  lr: 0.0000
     itm tta time 0:00:05
      TTA Epoch: [55] [ 0/78]  eta: 0:00:44  entropy: 0.1113  uncertainty: 1.2066  uncertainty_coeffi: 0.0100  loss: 1.3002  lr: 0.000002  time: 0.5741  data: 0.4643  max mem: 2691
      TTA Epoch: [55] [77/78]  eta: 0:00:00  entropy: 0.0494  uncertainty: 1.2292  uncertainty_coeffi: 0.0100  loss: 1.2685  lr: 0.000002  time: 0.0608  data: 0.0001  max mem: 2691
      TTA Epoch: [55] Total time: 0:00:05 (0.0679 s / it)
     Averaged stats: entropy: 0.0572  uncertainty: 1.2545  uncertainty_coeffi: 0.0100  loss: 1.2979  lr: 0.0000
     itm tta time 0:00:05
      TTA Epoch: [56] [ 0/78]  eta: 0:00:43  entropy: 0.1597  uncertainty: 1.2331  uncertainty_coeffi: 0.0100  loss: 1.3551  lr: 0.000002  time: 0.5577  data: 0.4453  max mem: 2691
      TTA Epoch: [56] [77/78]  eta: 0:00:00  entropy: 0.0561  uncertainty: 1.1520  uncertainty_coeffi: 0.0100  loss: 1.1970  lr: 0.000001  time: 0.0611  data: 0.0001  max mem: 2691
      TTA Epoch: [56] Total time: 0:00:05 (0.0679 s / it)
     Averaged stats: entropy: 0.0556  uncertainty: 1.2546  uncertainty_coeffi: 0.0100  loss: 1.2966  lr: 0.0000
     itm tta time 0:00:05
      TTA Epoch: [57] [ 0/78]  eta: 0:00:45  entropy: 0.0769  uncertainty: 1.2537  uncertainty_coeffi: 0.0100  loss: 1.3203  lr: 0.000001  time: 0.5868  data: 0.4767  max mem: 2691
      TTA Epoch: [57] [77/78]  eta: 0:00:00  entropy: 0.0845  uncertainty: 1.1325  uncertainty_coeffi: 0.0100  loss: 1.2076  lr: 0.000001  time: 0.0615  data: 0.0001  max mem: 2691
      TTA Epoch: [57] Total time: 0:00:05 (0.0684 s / it)
     Averaged stats: entropy: 0.0570  uncertainty: 1.2541  uncertainty_coeffi: 0.0100  loss: 1.2983  lr: 0.0000
     itm tta time 0:00:05
      TTA Epoch: [58] [ 0/78]  eta: 0:00:45  entropy: 0.0830  uncertainty: 1.2271  uncertainty_coeffi: 0.0100  loss: 1.2932  lr: 0.000001  time: 0.5779  data: 0.4674  max mem: 2691
      TTA Epoch: [58] [77/78]  eta: 0:00:00  entropy: 0.1315  uncertainty: 1.2181  uncertainty_coeffi: 0.0100  loss: 1.2995  lr: 0.000001  time: 0.0608  data: 0.0001  max mem: 2691
      TTA Epoch: [58] Total time: 0:00:05 (0.0679 s / it)
     Averaged stats: entropy: 0.0578  uncertainty: 1.2526  uncertainty_coeffi: 0.0100  loss: 1.2955  lr: 0.0000
     itm tta time 0:00:05
      TTA Epoch: [59] [ 0/78]  eta: 0:00:46  entropy: 0.0085  uncertainty: 1.1542  uncertainty_coeffi: 0.0100  loss: 1.1609  lr: 0.000001  time: 0.5962  data: 0.4873  max mem: 2691
      TTA Epoch: [59] [77/78]  eta: 0:00:00  entropy: 0.0714  uncertainty: 1.2735  uncertainty_coeffi: 0.0100  loss: 1.3295  lr: 0.000000  time: 0.0611  data: 0.0001  max mem: 2691
      TTA Epoch: [59] Total time: 0:00:05 (0.0682 s / it)
     Averaged stats: entropy: 0.0534  uncertainty: 1.2539  uncertainty_coeffi: 0.0100  loss: 1.2946  lr: 0.0000
     itm tta time 0:00:05
     Computing matching score
      Evaluation: [   0/1978]  eta: 0:02:28    time: 0.0752  data: 0.0049  max mem: 2691
      Evaluation: [ 100/1978]  eta: 0:02:09    time: 0.0675  data: 0.0000  max mem: 2691
      Evaluation: [ 200/1978]  eta: 0:02:01    time: 0.0674  data: 0.0000  max mem: 2691
      Evaluation: [ 300/1978]  eta: 0:01:54    time: 0.0676  data: 0.0000  max mem: 2691
      Evaluation: [ 400/1978]  eta: 0:01:47    time: 0.0674  data: 0.0000  max mem: 2691
      Evaluation: [ 500/1978]  eta: 0:01:40    time: 0.0674  data: 0.0000  max mem: 2691
      Evaluation: [ 600/1978]  eta: 0:01:33    time: 0.0675  data: 0.0000  max mem: 2691
      Evaluation: [ 700/1978]  eta: 0:01:26    time: 0.0675  data: 0.0000  max mem: 2691
      Evaluation: [ 800/1978]  eta: 0:01:19    time: 0.0675  data: 0.0000  max mem: 2691
      Evaluation: [ 900/1978]  eta: 0:01:12    time: 0.0674  data: 0.0000  max mem: 2691
      Evaluation: [1000/1978]  eta: 0:01:06    time: 0.0675  data: 0.0000  max mem: 2691
      Evaluation: [1100/1978]  eta: 0:00:59    time: 0.0675  data: 0.0000  max mem: 2691
      Evaluation: [1200/1978]  eta: 0:00:52    time: 0.0675  data: 0.0000  max mem: 2691
      Evaluation: [1300/1978]  eta: 0:00:45    time: 0.0675  data: 0.0000  max mem: 2691
      Evaluation: [1400/1978]  eta: 0:00:39    time: 0.0675  data: 0.0000  max mem: 2691
      Evaluation: [1500/1978]  eta: 0:00:32    time: 0.0677  data: 0.0000  max mem: 2691
      Evaluation: [1600/1978]  eta: 0:00:25    time: 0.0677  data: 0.0000  max mem: 2691
      Evaluation: [1700/1978]  eta: 0:00:18    time: 0.0676  data: 0.0000  max mem: 2691
      Evaluation: [1800/1978]  eta: 0:00:12    time: 0.0677  data: 0.0000  max mem: 2691
      Evaluation: [1900/1978]  eta: 0:00:05    time: 0.0677  data: 0.0000  max mem: 2691
      Evaluation: [1977/1978]  eta: 0:00:00    time: 0.0676  data: 0.0000  max mem: 2691
      Evaluation: Total time: 0:02:13 (0.0677 s / it)
     Computing matching score time 0:02:14
### TTA ITM Score: 
+-------------------+--------+--------+--------+--------+--------+
|       epoch       |   R1   |   R5   |  R10   |  mAP   |  mINP  |
+-------------------+--------+--------+--------+--------+--------+
|        -999       | 69.414 | 95.197 | 97.776 | 81.233 | 81.233 |
|        -999       | 84.277 | 99.039 | 99.596 | 91.276 | 91.276 |
|  cos_sim_wo/norm  | 58.544 | 91.860 | 95.703 | 73.596 | 73.596 |
|        -999       | 69.414 | 95.197 | 97.776 | 81.233 | 81.233 |
| itm_score_wo/norm | 84.328 | 98.989 | 99.494 | 91.293 | 91.293 |
|        -999       | 84.277 | 99.039 | 99.596 | 91.276 | 91.276 |
|         0         | 84.530 | 99.039 | 99.596 | 91.401 | 91.401 |
|         1         | 84.681 | 98.989 | 99.596 | 91.448 | 91.448 |
|         2         | 84.783 | 98.938 | 99.545 | 91.474 | 91.474 |
|         4         | 84.631 | 98.787 | 99.494 | 91.334 | 91.334 |
|         9         | 84.631 | 98.736 | 99.141 | 91.306 | 91.306 |
|         14        | 84.833 | 98.635 | 99.242 | 91.398 | 91.398 |
|         19        | 84.884 | 98.635 | 99.343 | 91.425 | 91.425 |
|         29        | 84.985 | 98.686 | 99.292 | 91.462 | 91.462 |
|         39        | 84.985 | 98.686 | 99.343 | 91.447 | 91.447 |
|         49        | 85.086 | 98.635 | 99.343 | 91.480 | 91.480 |
|         59        | 85.035 | 98.686 | 99.343 | 91.459 | 91.459 |
+-------------------+--------+--------+--------+--------+--------+
     logs:  {'epo': 59, 'R1': 85.035, 'R5': 98.686, 'R10': 99.343, 'mAP': 91.459, 'mINP': 91.459, 'entropy': 0.053406, 'uncertainty': 1.253885, 'uncertainty_coeffi': 0.01, 'loss': 1.294563, 'lr': 0.0}
### best epoch 49 : {'epo': '49', 'R1': '85.086', 'R5': '98.635', 'R10': '99.343', 'mAP': '91.48', 'mINP': '91.48', 'entropy': '0.059193', 'uncertainty': '1.254141', 'uncertainty_coeffi': '0.01', 'loss': '1.298712', 'lr': '4e-06'}
### Time 0:30:05
NNODES,  1
NODE_RANK,  0
MASTER_ADDR,  127.0.0.1
MASTER_PORT,  1612
NPROC_PER_NODE,  2
task:  exp7.0.2
config:  configs_rerun4/exp7.0.2.yaml
output_dir:  output_rerun4/exp7.0.2/2025092121532
python3 tta.py --config configs_rerun4/exp7.0.2.yaml --task exp7.0.2 --output_dir output_rerun4/exp7.0.2/2025092121532 --checkpoint checkpoint/cmp.pth --bs 0 --epo 0 --lr 0.0 --seed 42 --tta
