/home/jiahao/miniconda3/envs/cmp/lib/python3.10/site-packages/torch/functional.py:554: UserWarning: torch.meshgrid: in an upcoming release, it will be required to pass the indexing argument. (Triggered internally at /pytorch/aten/src/ATen/native/TensorShape.cpp:4322.)
  return _VF.meshgrid(tensors, **kwargs)  # type: ignore[attr-defined]
Not using distributed mode
### Hyper-parameters:
     seed: 42
     device: cuda
     output_dir: output_rerun4/exp7.0.3/2025092122261
     batch_size_tta: 16
     epochs: 60
     lr: 5e-05
### Creating test dataset
from data/PAB/annotation/test/attr.json loading 1978 data
     test dataset -->    be_pose_img: True
     test_dataset: 1978
### Creating test dataloader
### be careful: func create_loader returns a list length of 1
     test_loader: 90
### Creating model
build_vision_encoder: load swin 224 x 224 ====>
missing_keys:  []
unexpected_keys:  ['head.weight', 'head.bias']
build_text_encoder: load bert ====>
missing_keys: ['bert.encoder.layer.10.crossattention.output.LayerNorm.bias', 'bert.encoder.layer.10.crossattention.output.LayerNorm.weight', 'bert.encoder.layer.10.crossattention.output.dense.bias', 'bert.encoder.layer.10.crossattention.output.dense.weight', 'bert.encoder.layer.10.crossattention.self.key.bias', 'bert.encoder.layer.10.crossattention.self.key.weight', 'bert.encoder.layer.10.crossattention.self.query.bias', 'bert.encoder.layer.10.crossattention.self.query.weight', 'bert.encoder.layer.10.crossattention.self.value.bias', 'bert.encoder.layer.10.crossattention.self.value.weight', 'bert.encoder.layer.11.crossattention.output.LayerNorm.bias', 'bert.encoder.layer.11.crossattention.output.LayerNorm.weight', 'bert.encoder.layer.11.crossattention.output.dense.bias', 'bert.encoder.layer.11.crossattention.output.dense.weight', 'bert.encoder.layer.11.crossattention.self.key.bias', 'bert.encoder.layer.11.crossattention.self.key.weight', 'bert.encoder.layer.11.crossattention.self.query.bias', 'bert.encoder.layer.11.crossattention.self.query.weight', 'bert.encoder.layer.11.crossattention.self.value.bias', 'bert.encoder.layer.11.crossattention.self.value.weight', 'bert.encoder.layer.6.crossattention.output.LayerNorm.bias', 'bert.encoder.layer.6.crossattention.output.LayerNorm.weight', 'bert.encoder.layer.6.crossattention.output.dense.bias', 'bert.encoder.layer.6.crossattention.output.dense.weight', 'bert.encoder.layer.6.crossattention.self.key.bias', 'bert.encoder.layer.6.crossattention.self.key.weight', 'bert.encoder.layer.6.crossattention.self.query.bias', 'bert.encoder.layer.6.crossattention.self.query.weight', 'bert.encoder.layer.6.crossattention.self.value.bias', 'bert.encoder.layer.6.crossattention.self.value.weight', 'bert.encoder.layer.7.crossattention.output.LayerNorm.bias', 'bert.encoder.layer.7.crossattention.output.LayerNorm.weight', 'bert.encoder.layer.7.crossattention.output.dense.bias', 'bert.encoder.layer.7.crossattention.output.dense.weight', 'bert.encoder.layer.7.crossattention.self.key.bias', 'bert.encoder.layer.7.crossattention.self.key.weight', 'bert.encoder.layer.7.crossattention.self.query.bias', 'bert.encoder.layer.7.crossattention.self.query.weight', 'bert.encoder.layer.7.crossattention.self.value.bias', 'bert.encoder.layer.7.crossattention.self.value.weight', 'bert.encoder.layer.8.crossattention.output.LayerNorm.bias', 'bert.encoder.layer.8.crossattention.output.LayerNorm.weight', 'bert.encoder.layer.8.crossattention.output.dense.bias', 'bert.encoder.layer.8.crossattention.output.dense.weight', 'bert.encoder.layer.8.crossattention.self.key.bias', 'bert.encoder.layer.8.crossattention.self.key.weight', 'bert.encoder.layer.8.crossattention.self.query.bias', 'bert.encoder.layer.8.crossattention.self.query.weight', 'bert.encoder.layer.8.crossattention.self.value.bias', 'bert.encoder.layer.8.crossattention.self.value.weight', 'bert.encoder.layer.9.crossattention.output.LayerNorm.bias', 'bert.encoder.layer.9.crossattention.output.LayerNorm.weight', 'bert.encoder.layer.9.crossattention.output.dense.bias', 'bert.encoder.layer.9.crossattention.output.dense.weight', 'bert.encoder.layer.9.crossattention.self.key.bias', 'bert.encoder.layer.9.crossattention.self.key.weight', 'bert.encoder.layer.9.crossattention.self.query.bias', 'bert.encoder.layer.9.crossattention.self.query.weight', 'bert.encoder.layer.9.crossattention.self.value.bias', 'bert.encoder.layer.9.crossattention.self.value.weight']
unexpected_keys: ['cls.seq_relationship.bias', 'cls.seq_relationship.weight']
mismatched_keys: []
error_msgs: []
Label Smooth: 0.2
pose_conv
load checkpoint from checkpoint/cmp.pth
missing_keys:  ['uncertainty_temper', 'prompt_learning_embedding']
unexpected_keys:  []
     Total Params Sum:  254264985
### Inference ITC similiarity matrix
     Computing text features for evaluation
     Computing image features for evaluation
/home/jiahao/task/CMP/eval.py:129: UserWarning: To copy construct from a tensor, it is recommended to use sourceTensor.detach().clone() or sourceTensor.detach().clone().requires_grad_(True), rather than torch.tensor(sourceTensor).
  similarity = torch.tensor(scores_t2i)
     Computing features time 0:00:15
### Zero-Shot ITC Score: 
+-------+--------+--------+--------+--------+--------+
| epoch |   R1   |   R5   |  R10   |  mAP   |  mINP  |
+-------+--------+--------+--------+--------+--------+
|  -999 | 69.414 | 95.197 | 97.776 | 81.233 | 81.233 |
+-------+--------+--------+--------+--------+--------+
     Computing matching score
      Evaluation: [   0/1978]  eta: 0:02:36    time: 0.0790  data: 0.0019  max mem: 2603
      Evaluation: [ 100/1978]  eta: 0:02:11    time: 0.0702  data: 0.0000  max mem: 2603
      Evaluation: [ 200/1978]  eta: 0:02:05    time: 0.0695  data: 0.0000  max mem: 2603
      Evaluation: [ 300/1978]  eta: 0:01:57    time: 0.0693  data: 0.0000  max mem: 2603
      Evaluation: [ 400/1978]  eta: 0:01:50    time: 0.0693  data: 0.0000  max mem: 2603
      Evaluation: [ 500/1978]  eta: 0:01:43    time: 0.0705  data: 0.0000  max mem: 2603
      Evaluation: [ 600/1978]  eta: 0:01:36    time: 0.0693  data: 0.0000  max mem: 2603
      Evaluation: [ 700/1978]  eta: 0:01:29    time: 0.0694  data: 0.0000  max mem: 2603
      Evaluation: [ 800/1978]  eta: 0:01:22    time: 0.0694  data: 0.0000  max mem: 2603
      Evaluation: [ 900/1978]  eta: 0:01:15    time: 0.0693  data: 0.0000  max mem: 2603
      Evaluation: [1000/1978]  eta: 0:01:08    time: 0.0677  data: 0.0000  max mem: 2603
      Evaluation: [1100/1978]  eta: 0:01:00    time: 0.0680  data: 0.0000  max mem: 2603
      Evaluation: [1200/1978]  eta: 0:00:53    time: 0.0677  data: 0.0000  max mem: 2603
      Evaluation: [1300/1978]  eta: 0:00:46    time: 0.0676  data: 0.0000  max mem: 2603
      Evaluation: [1400/1978]  eta: 0:00:39    time: 0.0676  data: 0.0000  max mem: 2603
      Evaluation: [1500/1978]  eta: 0:00:32    time: 0.0678  data: 0.0000  max mem: 2603
      Evaluation: [1600/1978]  eta: 0:00:26    time: 0.0676  data: 0.0000  max mem: 2603
      Evaluation: [1700/1978]  eta: 0:00:19    time: 0.0677  data: 0.0000  max mem: 2603
      Evaluation: [1800/1978]  eta: 0:00:12    time: 0.0677  data: 0.0000  max mem: 2603
      Evaluation: [1900/1978]  eta: 0:00:05    time: 0.0677  data: 0.0000  max mem: 2603
      Evaluation: [1977/1978]  eta: 0:00:00    time: 0.0677  data: 0.0000  max mem: 2603
      Evaluation: Total time: 0:02:15 (0.0687 s / it)
     Computing matching score time 0:02:16
### Zero-Shot ITM Score: 
+-------+--------+--------+--------+--------+--------+
| epoch |   R1   |   R5   |  R10   |  mAP   |  mINP  |
+-------+--------+--------+--------+--------+--------+
|  -999 | 69.414 | 95.197 | 97.776 | 81.233 | 81.233 |
|  -999 | 84.277 | 99.039 | 99.596 | 91.276 | 91.276 |
+-------+--------+--------+--------+--------+--------+
### Zero-Shot Score: 
+-------------------+--------+--------+--------+--------+--------+
|       epoch       |   R1   |   R5   |  R10   |  mAP   |  mINP  |
+-------------------+--------+--------+--------+--------+--------+
|        -999       | 69.414 | 95.197 | 97.776 | 81.233 | 81.233 |
|        -999       | 84.277 | 99.039 | 99.596 | 91.276 | 91.276 |
|  cos_sim_wo/norm  | 58.544 | 91.860 | 95.703 | 73.596 | 73.596 |
|        -999       | 69.414 | 95.197 | 97.776 | 81.233 | 81.233 |
| itm_score_wo/norm | 84.328 | 98.989 | 99.494 | 91.293 | 91.293 |
|        -999       | 84.277 | 99.039 | 99.596 | 91.276 | 91.276 |
+-------------------+--------+--------+--------+--------+--------+
### TTA:
     preprocess_tta_coefficients  start
     sample selection ...
     number of sample after sample_selection: 1257
     uncertainty ...
     preprocess_tta_coefficients  end
### Creating tta dataset
     tta_dataset: 1257
### Creating tta dataloader
### be careful: func create_loader returns a list length of 1
     tta_loader: 78
### Configure adapted weights
     TTA Dropout Modules: 
 [('vision_encoder.pos_drop', Dropout(p=0, inplace=False), True), ('vision_encoder.layers.0.blocks.0.attn.attn_drop', Dropout(p=0.0, inplace=False), True), ('vision_encoder.layers.0.blocks.0.attn.proj_drop', Dropout(p=0, inplace=False), True), ('vision_encoder.layers.0.blocks.0.mlp.drop', Dropout(p=0, inplace=False), True), ('vision_encoder.layers.0.blocks.1.attn.attn_drop', Dropout(p=0.0, inplace=False), True), ('vision_encoder.layers.0.blocks.1.attn.proj_drop', Dropout(p=0, inplace=False), True), ('vision_encoder.layers.0.blocks.1.mlp.drop', Dropout(p=0, inplace=False), True), ('vision_encoder.layers.1.blocks.0.attn.attn_drop', Dropout(p=0.0, inplace=False), True), ('vision_encoder.layers.1.blocks.0.attn.proj_drop', Dropout(p=0, inplace=False), True), ('vision_encoder.layers.1.blocks.0.mlp.drop', Dropout(p=0, inplace=False), True), ('vision_encoder.layers.1.blocks.1.attn.attn_drop', Dropout(p=0.0, inplace=False), True), ('vision_encoder.layers.1.blocks.1.attn.proj_drop', Dropout(p=0, inplace=False), True), ('vision_encoder.layers.1.blocks.1.mlp.drop', Dropout(p=0, inplace=False), True), ('vision_encoder.layers.2.blocks.0.attn.attn_drop', Dropout(p=0.0, inplace=False), True), ('vision_encoder.layers.2.blocks.0.attn.proj_drop', Dropout(p=0, inplace=False), True), ('vision_encoder.layers.2.blocks.0.mlp.drop', Dropout(p=0, inplace=False), True), ('vision_encoder.layers.2.blocks.1.attn.attn_drop', Dropout(p=0.0, inplace=False), True), ('vision_encoder.layers.2.blocks.1.attn.proj_drop', Dropout(p=0, inplace=False), True), ('vision_encoder.layers.2.blocks.1.mlp.drop', Dropout(p=0, inplace=False), True), ('vision_encoder.layers.2.blocks.2.attn.attn_drop', Dropout(p=0.0, inplace=False), True), ('vision_encoder.layers.2.blocks.2.attn.proj_drop', Dropout(p=0, inplace=False), True), ('vision_encoder.layers.2.blocks.2.mlp.drop', Dropout(p=0, inplace=False), True), ('vision_encoder.layers.2.blocks.3.attn.attn_drop', Dropout(p=0.0, inplace=False), True), ('vision_encoder.layers.2.blocks.3.attn.proj_drop', Dropout(p=0, inplace=False), True), ('vision_encoder.layers.2.blocks.3.mlp.drop', Dropout(p=0, inplace=False), True), ('vision_encoder.layers.2.blocks.4.attn.attn_drop', Dropout(p=0.0, inplace=False), True), ('vision_encoder.layers.2.blocks.4.attn.proj_drop', Dropout(p=0, inplace=False), True), ('vision_encoder.layers.2.blocks.4.mlp.drop', Dropout(p=0, inplace=False), True), ('vision_encoder.layers.2.blocks.5.attn.attn_drop', Dropout(p=0.0, inplace=False), True), ('vision_encoder.layers.2.blocks.5.attn.proj_drop', Dropout(p=0, inplace=False), True), ('vision_encoder.layers.2.blocks.5.mlp.drop', Dropout(p=0, inplace=False), True), ('vision_encoder.layers.2.blocks.6.attn.attn_drop', Dropout(p=0.0, inplace=False), True), ('vision_encoder.layers.2.blocks.6.attn.proj_drop', Dropout(p=0, inplace=False), True), ('vision_encoder.layers.2.blocks.6.mlp.drop', Dropout(p=0, inplace=False), True), ('vision_encoder.layers.2.blocks.7.attn.attn_drop', Dropout(p=0.0, inplace=False), True), ('vision_encoder.layers.2.blocks.7.attn.proj_drop', Dropout(p=0, inplace=False), True), ('vision_encoder.layers.2.blocks.7.mlp.drop', Dropout(p=0, inplace=False), True), ('vision_encoder.layers.2.blocks.8.attn.attn_drop', Dropout(p=0.0, inplace=False), True), ('vision_encoder.layers.2.blocks.8.attn.proj_drop', Dropout(p=0, inplace=False), True), ('vision_encoder.layers.2.blocks.8.mlp.drop', Dropout(p=0, inplace=False), True), ('vision_encoder.layers.2.blocks.9.attn.attn_drop', Dropout(p=0.0, inplace=False), True), ('vision_encoder.layers.2.blocks.9.attn.proj_drop', Dropout(p=0, inplace=False), True), ('vision_encoder.layers.2.blocks.9.mlp.drop', Dropout(p=0, inplace=False), True), ('vision_encoder.layers.2.blocks.10.attn.attn_drop', Dropout(p=0.0, inplace=False), True), ('vision_encoder.layers.2.blocks.10.attn.proj_drop', Dropout(p=0, inplace=False), True), ('vision_encoder.layers.2.blocks.10.mlp.drop', Dropout(p=0, inplace=False), True), ('vision_encoder.layers.2.blocks.11.attn.attn_drop', Dropout(p=0.0, inplace=False), True), ('vision_encoder.layers.2.blocks.11.attn.proj_drop', Dropout(p=0, inplace=False), True), ('vision_encoder.layers.2.blocks.11.mlp.drop', Dropout(p=0, inplace=False), True), ('vision_encoder.layers.2.blocks.12.attn.attn_drop', Dropout(p=0.0, inplace=False), True), ('vision_encoder.layers.2.blocks.12.attn.proj_drop', Dropout(p=0, inplace=False), True), ('vision_encoder.layers.2.blocks.12.mlp.drop', Dropout(p=0, inplace=False), True), ('vision_encoder.layers.2.blocks.13.attn.attn_drop', Dropout(p=0.0, inplace=False), True), ('vision_encoder.layers.2.blocks.13.attn.proj_drop', Dropout(p=0, inplace=False), True), ('vision_encoder.layers.2.blocks.13.mlp.drop', Dropout(p=0, inplace=False), True), ('vision_encoder.layers.2.blocks.14.attn.attn_drop', Dropout(p=0.0, inplace=False), True), ('vision_encoder.layers.2.blocks.14.attn.proj_drop', Dropout(p=0, inplace=False), True), ('vision_encoder.layers.2.blocks.14.mlp.drop', Dropout(p=0, inplace=False), True), ('vision_encoder.layers.2.blocks.15.attn.attn_drop', Dropout(p=0.0, inplace=False), True), ('vision_encoder.layers.2.blocks.15.attn.proj_drop', Dropout(p=0, inplace=False), True), ('vision_encoder.layers.2.blocks.15.mlp.drop', Dropout(p=0, inplace=False), True), ('vision_encoder.layers.2.blocks.16.attn.attn_drop', Dropout(p=0.0, inplace=False), True), ('vision_encoder.layers.2.blocks.16.attn.proj_drop', Dropout(p=0, inplace=False), True), ('vision_encoder.layers.2.blocks.16.mlp.drop', Dropout(p=0, inplace=False), True), ('vision_encoder.layers.2.blocks.17.attn.attn_drop', Dropout(p=0.0, inplace=False), True), ('vision_encoder.layers.2.blocks.17.attn.proj_drop', Dropout(p=0, inplace=False), True), ('vision_encoder.layers.2.blocks.17.mlp.drop', Dropout(p=0, inplace=False), True), ('vision_encoder.layers.3.blocks.0.attn.attn_drop', Dropout(p=0.0, inplace=False), True), ('vision_encoder.layers.3.blocks.0.attn.proj_drop', Dropout(p=0, inplace=False), True), ('vision_encoder.layers.3.blocks.0.mlp.drop', Dropout(p=0, inplace=False), True), ('vision_encoder.layers.3.blocks.1.attn.attn_drop', Dropout(p=0.0, inplace=False), True), ('vision_encoder.layers.3.blocks.1.attn.proj_drop', Dropout(p=0, inplace=False), True), ('vision_encoder.layers.3.blocks.1.mlp.drop', Dropout(p=0, inplace=False), True), ('text_encoder.bert.embeddings.dropout', Dropout(p=0.1, inplace=False), True), ('text_encoder.bert.encoder.layer.0.attention.self.dropout', Dropout(p=0.1, inplace=False), True), ('text_encoder.bert.encoder.layer.0.attention.output.dropout', Dropout(p=0.1, inplace=False), True), ('text_encoder.bert.encoder.layer.0.output.dropout', Dropout(p=0.1, inplace=False), True), ('text_encoder.bert.encoder.layer.1.attention.self.dropout', Dropout(p=0.1, inplace=False), True), ('text_encoder.bert.encoder.layer.1.attention.output.dropout', Dropout(p=0.1, inplace=False), True), ('text_encoder.bert.encoder.layer.1.output.dropout', Dropout(p=0.1, inplace=False), True), ('text_encoder.bert.encoder.layer.2.attention.self.dropout', Dropout(p=0.1, inplace=False), True), ('text_encoder.bert.encoder.layer.2.attention.output.dropout', Dropout(p=0.1, inplace=False), True), ('text_encoder.bert.encoder.layer.2.output.dropout', Dropout(p=0.1, inplace=False), True), ('text_encoder.bert.encoder.layer.3.attention.self.dropout', Dropout(p=0.1, inplace=False), True), ('text_encoder.bert.encoder.layer.3.attention.output.dropout', Dropout(p=0.1, inplace=False), True), ('text_encoder.bert.encoder.layer.3.output.dropout', Dropout(p=0.1, inplace=False), True), ('text_encoder.bert.encoder.layer.4.attention.self.dropout', Dropout(p=0.1, inplace=False), True), ('text_encoder.bert.encoder.layer.4.attention.output.dropout', Dropout(p=0.1, inplace=False), True), ('text_encoder.bert.encoder.layer.4.output.dropout', Dropout(p=0.1, inplace=False), True), ('text_encoder.bert.encoder.layer.5.attention.self.dropout', Dropout(p=0.1, inplace=False), True), ('text_encoder.bert.encoder.layer.5.attention.output.dropout', Dropout(p=0.1, inplace=False), True), ('text_encoder.bert.encoder.layer.5.output.dropout', Dropout(p=0.1, inplace=False), True), ('text_encoder.bert.encoder.layer.6.attention.self.dropout', Dropout(p=0.1, inplace=False), True), ('text_encoder.bert.encoder.layer.6.attention.output.dropout', Dropout(p=0.1, inplace=False), True), ('text_encoder.bert.encoder.layer.6.crossattention.self.dropout', Dropout(p=0.1, inplace=False), True), ('text_encoder.bert.encoder.layer.6.crossattention.output.dropout', Dropout(p=0.1, inplace=False), True), ('text_encoder.bert.encoder.layer.6.output.dropout', Dropout(p=0.1, inplace=False), True), ('text_encoder.bert.encoder.layer.7.attention.self.dropout', Dropout(p=0.1, inplace=False), True), ('text_encoder.bert.encoder.layer.7.attention.output.dropout', Dropout(p=0.1, inplace=False), True), ('text_encoder.bert.encoder.layer.7.crossattention.self.dropout', Dropout(p=0.1, inplace=False), True), ('text_encoder.bert.encoder.layer.7.crossattention.output.dropout', Dropout(p=0.1, inplace=False), True), ('text_encoder.bert.encoder.layer.7.output.dropout', Dropout(p=0.1, inplace=False), True), ('text_encoder.bert.encoder.layer.8.attention.self.dropout', Dropout(p=0.1, inplace=False), True), ('text_encoder.bert.encoder.layer.8.attention.output.dropout', Dropout(p=0.1, inplace=False), True), ('text_encoder.bert.encoder.layer.8.crossattention.self.dropout', Dropout(p=0.1, inplace=False), True), ('text_encoder.bert.encoder.layer.8.crossattention.output.dropout', Dropout(p=0.1, inplace=False), True), ('text_encoder.bert.encoder.layer.8.output.dropout', Dropout(p=0.1, inplace=False), True), ('text_encoder.bert.encoder.layer.9.attention.self.dropout', Dropout(p=0.1, inplace=False), True), ('text_encoder.bert.encoder.layer.9.attention.output.dropout', Dropout(p=0.1, inplace=False), True), ('text_encoder.bert.encoder.layer.9.crossattention.self.dropout', Dropout(p=0.1, inplace=False), True), ('text_encoder.bert.encoder.layer.9.crossattention.output.dropout', Dropout(p=0.1, inplace=False), True), ('text_encoder.bert.encoder.layer.9.output.dropout', Dropout(p=0.1, inplace=False), True), ('text_encoder.bert.encoder.layer.10.attention.self.dropout', Dropout(p=0.1, inplace=False), True), ('text_encoder.bert.encoder.layer.10.attention.output.dropout', Dropout(p=0.1, inplace=False), True), ('text_encoder.bert.encoder.layer.10.crossattention.self.dropout', Dropout(p=0.1, inplace=False), True), ('text_encoder.bert.encoder.layer.10.crossattention.output.dropout', Dropout(p=0.1, inplace=False), True), ('text_encoder.bert.encoder.layer.10.output.dropout', Dropout(p=0.1, inplace=False), True), ('text_encoder.bert.encoder.layer.11.attention.self.dropout', Dropout(p=0.1, inplace=False), True), ('text_encoder.bert.encoder.layer.11.attention.output.dropout', Dropout(p=0.1, inplace=False), True), ('text_encoder.bert.encoder.layer.11.crossattention.self.dropout', Dropout(p=0.1, inplace=False), True), ('text_encoder.bert.encoder.layer.11.crossattention.output.dropout', Dropout(p=0.1, inplace=False), True), ('text_encoder.bert.encoder.layer.11.output.dropout', Dropout(p=0.1, inplace=False), True), ('vision_proj.1', Dropout(p=0.5, inplace=False), True), ('text_proj.1', Dropout(p=0.5, inplace=False), True), ('pose_block.attn.attn_drop', Dropout(p=0.0, inplace=False), True), ('pose_block.attn.proj_drop', Dropout(p=0.0, inplace=False), True)]
     TTA Require Gradient Params: 
 [('text_encoder.bert.embeddings.LayerNorm.weight', torch.Size([768])), ('text_encoder.bert.embeddings.LayerNorm.bias', torch.Size([768])), ('text_encoder.bert.encoder.layer.6.attention.output.LayerNorm.weight', torch.Size([768])), ('text_encoder.bert.encoder.layer.6.attention.output.LayerNorm.bias', torch.Size([768])), ('text_encoder.bert.encoder.layer.6.crossattention.output.LayerNorm.weight', torch.Size([768])), ('text_encoder.bert.encoder.layer.6.crossattention.output.LayerNorm.bias', torch.Size([768])), ('text_encoder.bert.encoder.layer.6.output.LayerNorm.weight', torch.Size([768])), ('text_encoder.bert.encoder.layer.6.output.LayerNorm.bias', torch.Size([768])), ('text_encoder.bert.encoder.layer.7.attention.output.LayerNorm.weight', torch.Size([768])), ('text_encoder.bert.encoder.layer.7.attention.output.LayerNorm.bias', torch.Size([768])), ('text_encoder.bert.encoder.layer.7.crossattention.output.LayerNorm.weight', torch.Size([768])), ('text_encoder.bert.encoder.layer.7.crossattention.output.LayerNorm.bias', torch.Size([768])), ('text_encoder.bert.encoder.layer.7.output.LayerNorm.weight', torch.Size([768])), ('text_encoder.bert.encoder.layer.7.output.LayerNorm.bias', torch.Size([768])), ('text_encoder.bert.encoder.layer.8.attention.output.LayerNorm.weight', torch.Size([768])), ('text_encoder.bert.encoder.layer.8.attention.output.LayerNorm.bias', torch.Size([768])), ('text_encoder.bert.encoder.layer.8.crossattention.output.LayerNorm.weight', torch.Size([768])), ('text_encoder.bert.encoder.layer.8.crossattention.output.LayerNorm.bias', torch.Size([768])), ('text_encoder.bert.encoder.layer.8.output.LayerNorm.weight', torch.Size([768])), ('text_encoder.bert.encoder.layer.8.output.LayerNorm.bias', torch.Size([768])), ('text_encoder.bert.encoder.layer.9.attention.output.LayerNorm.weight', torch.Size([768])), ('text_encoder.bert.encoder.layer.9.attention.output.LayerNorm.bias', torch.Size([768])), ('text_encoder.bert.encoder.layer.9.crossattention.output.LayerNorm.weight', torch.Size([768])), ('text_encoder.bert.encoder.layer.9.crossattention.output.LayerNorm.bias', torch.Size([768])), ('text_encoder.bert.encoder.layer.9.output.LayerNorm.weight', torch.Size([768])), ('text_encoder.bert.encoder.layer.9.output.LayerNorm.bias', torch.Size([768])), ('text_encoder.bert.encoder.layer.10.attention.output.LayerNorm.weight', torch.Size([768])), ('text_encoder.bert.encoder.layer.10.attention.output.LayerNorm.bias', torch.Size([768])), ('text_encoder.bert.encoder.layer.10.crossattention.output.LayerNorm.weight', torch.Size([768])), ('text_encoder.bert.encoder.layer.10.crossattention.output.LayerNorm.bias', torch.Size([768])), ('text_encoder.bert.encoder.layer.10.output.LayerNorm.weight', torch.Size([768])), ('text_encoder.bert.encoder.layer.10.output.LayerNorm.bias', torch.Size([768])), ('text_encoder.bert.encoder.layer.11.attention.output.LayerNorm.weight', torch.Size([768])), ('text_encoder.bert.encoder.layer.11.attention.output.LayerNorm.bias', torch.Size([768])), ('text_encoder.bert.encoder.layer.11.crossattention.output.LayerNorm.weight', torch.Size([768])), ('text_encoder.bert.encoder.layer.11.crossattention.output.LayerNorm.bias', torch.Size([768])), ('text_encoder.bert.encoder.layer.11.output.LayerNorm.weight', torch.Size([768])), ('text_encoder.bert.encoder.layer.11.output.LayerNorm.bias', torch.Size([768])), ('text_encoder.cls.predictions.transform.LayerNorm.weight', torch.Size([768])), ('text_encoder.cls.predictions.transform.LayerNorm.bias', torch.Size([768])), ('itm_head.1.weight', torch.Size([1536])), ('itm_head.1.bias', torch.Size([1536]))]
     TTA Dropout Modules Number: 
 126
     TTA Require Gradient Params Sum: 
 33792
     lr:  5e-05    lr_mult:  2
     model has 'init_params',  385
     num_tta_steps:  4740
     num_warmup_steps:  500
     sched: step
/home/jiahao/task/CMP/tta.py:244: FutureWarning: `torch.cuda.amp.GradScaler(args...)` is deprecated. Please use `torch.amp.GradScaler('cuda', args...)` instead.
  scaler = GradScaler()  # bf16
### Start ITM Test Time Adaptation
      TTA Epoch: [0] [ 0/78]  eta: 0:01:17  entropy: 0.3879  uncertainty: 1.1900  uncertainty_coeffi: 0.0100  loss: 1.5189  lr: 0.000000  time: 0.9887  data: 0.4054  max mem: 2656
      TTA Epoch: [0] [77/78]  eta: 0:00:00  entropy: 0.2791  uncertainty: 1.1761  uncertainty_coeffi: 0.0100  loss: 1.3909  lr: 0.000008  time: 0.0624  data: 0.0001  max mem: 2685
      TTA Epoch: [0] Total time: 0:00:05 (0.0747 s / it)
     Averaged stats: entropy: 0.3236  uncertainty: 1.2542  uncertainty_coeffi: 0.0100  loss: 1.5113  lr: 0.0000
     itm tta time 0:00:05
     Computing matching score
      Evaluation: [   0/1978]  eta: 0:02:29    time: 0.0756  data: 0.0067  max mem: 2685
      Evaluation: [ 100/1978]  eta: 0:02:13    time: 0.0690  data: 0.0000  max mem: 2685
      Evaluation: [ 200/1978]  eta: 0:02:04    time: 0.0688  data: 0.0000  max mem: 2685
      Evaluation: [ 300/1978]  eta: 0:01:56    time: 0.0689  data: 0.0000  max mem: 2685
      Evaluation: [ 400/1978]  eta: 0:01:49    time: 0.0690  data: 0.0000  max mem: 2685
      Evaluation: [ 500/1978]  eta: 0:01:42    time: 0.0689  data: 0.0000  max mem: 2685
      Evaluation: [ 600/1978]  eta: 0:01:35    time: 0.0688  data: 0.0000  max mem: 2685
      Evaluation: [ 700/1978]  eta: 0:01:28    time: 0.0688  data: 0.0000  max mem: 2685
      Evaluation: [ 800/1978]  eta: 0:01:21    time: 0.0688  data: 0.0000  max mem: 2685
      Evaluation: [ 900/1978]  eta: 0:01:14    time: 0.0689  data: 0.0000  max mem: 2685
      Evaluation: [1000/1978]  eta: 0:01:07    time: 0.0689  data: 0.0000  max mem: 2685
      Evaluation: [1100/1978]  eta: 0:01:00    time: 0.0697  data: 0.0000  max mem: 2685
      Evaluation: [1200/1978]  eta: 0:00:53    time: 0.0688  data: 0.0000  max mem: 2685
      Evaluation: [1300/1978]  eta: 0:00:46    time: 0.0689  data: 0.0000  max mem: 2685
      Evaluation: [1400/1978]  eta: 0:00:39    time: 0.0688  data: 0.0000  max mem: 2685
      Evaluation: [1500/1978]  eta: 0:00:33    time: 0.0690  data: 0.0000  max mem: 2685
      Evaluation: [1600/1978]  eta: 0:00:26    time: 0.0697  data: 0.0000  max mem: 2685
      Evaluation: [1700/1978]  eta: 0:00:19    time: 0.0686  data: 0.0000  max mem: 2685
      Evaluation: [1800/1978]  eta: 0:00:12    time: 0.0686  data: 0.0000  max mem: 2685
      Evaluation: [1900/1978]  eta: 0:00:05    time: 0.0687  data: 0.0000  max mem: 2685
      Evaluation: [1977/1978]  eta: 0:00:00    time: 0.0688  data: 0.0000  max mem: 2685
      Evaluation: Total time: 0:02:16 (0.0691 s / it)
     Computing matching score time 0:02:16
### TTA ITM Score: 
+-------------------+--------+--------+--------+--------+--------+
|       epoch       |   R1   |   R5   |  R10   |  mAP   |  mINP  |
+-------------------+--------+--------+--------+--------+--------+
|        -999       | 69.414 | 95.197 | 97.776 | 81.233 | 81.233 |
|        -999       | 84.277 | 99.039 | 99.596 | 91.276 | 91.276 |
|  cos_sim_wo/norm  | 58.544 | 91.860 | 95.703 | 73.596 | 73.596 |
|        -999       | 69.414 | 95.197 | 97.776 | 81.233 | 81.233 |
| itm_score_wo/norm | 84.328 | 98.989 | 99.494 | 91.293 | 91.293 |
|        -999       | 84.277 | 99.039 | 99.596 | 91.276 | 91.276 |
|         0         | 84.328 | 99.039 | 99.596 | 91.301 | 91.301 |
+-------------------+--------+--------+--------+--------+--------+
     logs:  {'epo': 0, 'R1': 84.328, 'R5': 99.039, 'R10': 99.596, 'mAP': 91.301, 'mINP': 91.301, 'entropy': 0.323588, 'uncertainty': 1.254212, 'uncertainty_coeffi': 0.01, 'loss': 1.51131, 'lr': 4e-06}
      TTA Epoch: [1] [ 0/78]  eta: 0:00:34  entropy: 0.1843  uncertainty: 1.1505  uncertainty_coeffi: 0.0100  loss: 1.3189  lr: 0.000008  time: 0.4474  data: 0.3460  max mem: 2685
      TTA Epoch: [1] [77/78]  eta: 0:00:00  entropy: 0.4773  uncertainty: 1.2647  uncertainty_coeffi: 0.0100  loss: 1.6376  lr: 0.000016  time: 0.0607  data: 0.0001  max mem: 2691
      TTA Epoch: [1] Total time: 0:00:05 (0.0667 s / it)
     Averaged stats: entropy: 0.3186  uncertainty: 1.2539  uncertainty_coeffi: 0.0100  loss: 1.5071  lr: 0.0000
     itm tta time 0:00:05
     Computing matching score
      Evaluation: [   0/1978]  eta: 0:02:23    time: 0.0728  data: 0.0044  max mem: 2691
      Evaluation: [ 100/1978]  eta: 0:02:09    time: 0.0693  data: 0.0000  max mem: 2691
      Evaluation: [ 200/1978]  eta: 0:02:02    time: 0.0691  data: 0.0000  max mem: 2691
      Evaluation: [ 300/1978]  eta: 0:01:55    time: 0.0690  data: 0.0000  max mem: 2691
      Evaluation: [ 400/1978]  eta: 0:01:49    time: 0.0691  data: 0.0000  max mem: 2691
      Evaluation: [ 500/1978]  eta: 0:01:42    time: 0.0691  data: 0.0000  max mem: 2691
      Evaluation: [ 600/1978]  eta: 0:01:35    time: 0.0690  data: 0.0000  max mem: 2691
      Evaluation: [ 700/1978]  eta: 0:01:28    time: 0.0694  data: 0.0000  max mem: 2691
      Evaluation: [ 800/1978]  eta: 0:01:21    time: 0.0691  data: 0.0000  max mem: 2691
      Evaluation: [ 900/1978]  eta: 0:01:14    time: 0.0691  data: 0.0000  max mem: 2691
      Evaluation: [1000/1978]  eta: 0:01:07    time: 0.0691  data: 0.0000  max mem: 2691
      Evaluation: [1100/1978]  eta: 0:01:00    time: 0.0691  data: 0.0000  max mem: 2691
      Evaluation: [1200/1978]  eta: 0:00:53    time: 0.0691  data: 0.0000  max mem: 2691
      Evaluation: [1300/1978]  eta: 0:00:46    time: 0.0691  data: 0.0000  max mem: 2691
      Evaluation: [1400/1978]  eta: 0:00:39    time: 0.0691  data: 0.0000  max mem: 2691
      Evaluation: [1500/1978]  eta: 0:00:33    time: 0.0692  data: 0.0000  max mem: 2691
      Evaluation: [1600/1978]  eta: 0:00:26    time: 0.0691  data: 0.0000  max mem: 2691
      Evaluation: [1700/1978]  eta: 0:00:19    time: 0.0692  data: 0.0000  max mem: 2691
      Evaluation: [1800/1978]  eta: 0:00:12    time: 0.0692  data: 0.0000  max mem: 2691
      Evaluation: [1900/1978]  eta: 0:00:05    time: 0.0691  data: 0.0000  max mem: 2691
      Evaluation: [1977/1978]  eta: 0:00:00    time: 0.0692  data: 0.0000  max mem: 2691
      Evaluation: Total time: 0:02:16 (0.0691 s / it)
     Computing matching score time 0:02:16
### TTA ITM Score: 
+-------------------+--------+--------+--------+--------+--------+
|       epoch       |   R1   |   R5   |  R10   |  mAP   |  mINP  |
+-------------------+--------+--------+--------+--------+--------+
|        -999       | 69.414 | 95.197 | 97.776 | 81.233 | 81.233 |
|        -999       | 84.277 | 99.039 | 99.596 | 91.276 | 91.276 |
|  cos_sim_wo/norm  | 58.544 | 91.860 | 95.703 | 73.596 | 73.596 |
|        -999       | 69.414 | 95.197 | 97.776 | 81.233 | 81.233 |
| itm_score_wo/norm | 84.328 | 98.989 | 99.494 | 91.293 | 91.293 |
|        -999       | 84.277 | 99.039 | 99.596 | 91.276 | 91.276 |
|         0         | 84.328 | 99.039 | 99.596 | 91.301 | 91.301 |
|         1         | 84.631 | 98.989 | 99.596 | 91.451 | 91.451 |
+-------------------+--------+--------+--------+--------+--------+
     logs:  {'epo': 1, 'R1': 84.631, 'R5': 98.989, 'R10': 99.596, 'mAP': 91.451, 'mINP': 91.451, 'entropy': 0.318563, 'uncertainty': 1.253949, 'uncertainty_coeffi': 0.01, 'loss': 1.507055, 'lr': 1.2e-05}
      TTA Epoch: [2] [ 0/78]  eta: 0:00:38  entropy: 0.3846  uncertainty: 1.3478  uncertainty_coeffi: 0.0100  loss: 1.6572  lr: 0.000016  time: 0.4934  data: 0.3778  max mem: 2691
      TTA Epoch: [2] [77/78]  eta: 0:00:00  entropy: 0.2149  uncertainty: 1.1816  uncertainty_coeffi: 0.0100  loss: 1.3651  lr: 0.000023  time: 0.0608  data: 0.0001  max mem: 2691
      TTA Epoch: [2] Total time: 0:00:05 (0.0672 s / it)
     Averaged stats: entropy: 0.2996  uncertainty: 1.2545  uncertainty_coeffi: 0.0100  loss: 1.4917  lr: 0.0000
     itm tta time 0:00:05
     Computing matching score
      Evaluation: [   0/1978]  eta: 0:02:22    time: 0.0722  data: 0.0044  max mem: 2691
      Evaluation: [ 100/1978]  eta: 0:02:09    time: 0.0690  data: 0.0000  max mem: 2691
      Evaluation: [ 200/1978]  eta: 0:02:02    time: 0.0691  data: 0.0000  max mem: 2691
      Evaluation: [ 300/1978]  eta: 0:01:55    time: 0.0691  data: 0.0000  max mem: 2691
      Evaluation: [ 400/1978]  eta: 0:01:48    time: 0.0690  data: 0.0000  max mem: 2691
      Evaluation: [ 500/1978]  eta: 0:01:42    time: 0.0691  data: 0.0000  max mem: 2691
      Evaluation: [ 600/1978]  eta: 0:01:35    time: 0.0691  data: 0.0000  max mem: 2691
      Evaluation: [ 700/1978]  eta: 0:01:28    time: 0.0691  data: 0.0000  max mem: 2691
      Evaluation: [ 800/1978]  eta: 0:01:21    time: 0.0691  data: 0.0000  max mem: 2691
      Evaluation: [ 900/1978]  eta: 0:01:14    time: 0.0692  data: 0.0000  max mem: 2691
      Evaluation: [1000/1978]  eta: 0:01:07    time: 0.0691  data: 0.0000  max mem: 2691
      Evaluation: [1100/1978]  eta: 0:01:00    time: 0.0691  data: 0.0000  max mem: 2691
      Evaluation: [1200/1978]  eta: 0:00:53    time: 0.0692  data: 0.0000  max mem: 2691
      Evaluation: [1300/1978]  eta: 0:00:46    time: 0.0692  data: 0.0000  max mem: 2691
      Evaluation: [1400/1978]  eta: 0:00:39    time: 0.0690  data: 0.0000  max mem: 2691
      Evaluation: [1500/1978]  eta: 0:00:33    time: 0.0699  data: 0.0000  max mem: 2691
      Evaluation: [1600/1978]  eta: 0:00:26    time: 0.0693  data: 0.0000  max mem: 2691
      Evaluation: [1700/1978]  eta: 0:00:19    time: 0.0693  data: 0.0000  max mem: 2691
      Evaluation: [1800/1978]  eta: 0:00:12    time: 0.0692  data: 0.0000  max mem: 2691
      Evaluation: [1900/1978]  eta: 0:00:05    time: 0.0692  data: 0.0000  max mem: 2691
      Evaluation: [1977/1978]  eta: 0:00:00    time: 0.0692  data: 0.0000  max mem: 2691
      Evaluation: Total time: 0:02:16 (0.0692 s / it)
     Computing matching score time 0:02:17
### TTA ITM Score: 
+-------------------+--------+--------+--------+--------+--------+
|       epoch       |   R1   |   R5   |  R10   |  mAP   |  mINP  |
+-------------------+--------+--------+--------+--------+--------+
|        -999       | 69.414 | 95.197 | 97.776 | 81.233 | 81.233 |
|        -999       | 84.277 | 99.039 | 99.596 | 91.276 | 91.276 |
|  cos_sim_wo/norm  | 58.544 | 91.860 | 95.703 | 73.596 | 73.596 |
|        -999       | 69.414 | 95.197 | 97.776 | 81.233 | 81.233 |
| itm_score_wo/norm | 84.328 | 98.989 | 99.494 | 91.293 | 91.293 |
|        -999       | 84.277 | 99.039 | 99.596 | 91.276 | 91.276 |
|         0         | 84.328 | 99.039 | 99.596 | 91.301 | 91.301 |
|         1         | 84.631 | 98.989 | 99.596 | 91.451 | 91.451 |
|         2         | 84.732 | 98.989 | 99.596 | 91.472 | 91.472 |
+-------------------+--------+--------+--------+--------+--------+
     logs:  {'epo': 2, 'R1': 84.732, 'R5': 98.989, 'R10': 99.596, 'mAP': 91.472, 'mINP': 91.472, 'entropy': 0.299571, 'uncertainty': 1.254468, 'uncertainty_coeffi': 0.01, 'loss': 1.491741, 'lr': 2e-05}
      TTA Epoch: [3] [ 0/78]  eta: 0:00:32  entropy: 0.2575  uncertainty: 1.2523  uncertainty_coeffi: 0.0100  loss: 1.4538  lr: 0.000023  time: 0.4156  data: 0.3397  max mem: 2691
      TTA Epoch: [3] [77/78]  eta: 0:00:00  entropy: 0.2951  uncertainty: 1.2795  uncertainty_coeffi: 0.0100  loss: 1.5069  lr: 0.000031  time: 0.0607  data: 0.0001  max mem: 2691
      TTA Epoch: [3] Total time: 0:00:05 (0.0659 s / it)
     Averaged stats: entropy: 0.2842  uncertainty: 1.2550  uncertainty_coeffi: 0.0100  loss: 1.4797  lr: 0.0000
     itm tta time 0:00:05
      TTA Epoch: [4] [ 0/78]  eta: 0:00:35  entropy: 0.3537  uncertainty: 1.1554  uncertainty_coeffi: 0.0100  loss: 1.4639  lr: 0.000031  time: 0.4492  data: 0.3710  max mem: 2691
      TTA Epoch: [4] [77/78]  eta: 0:00:00  entropy: 0.3654  uncertainty: 1.3884  uncertainty_coeffi: 0.0100  loss: 1.6210  lr: 0.000039  time: 0.0610  data: 0.0001  max mem: 2691
      TTA Epoch: [4] Total time: 0:00:05 (0.0664 s / it)
     Averaged stats: entropy: 0.2652  uncertainty: 1.2534  uncertainty_coeffi: 0.0100  loss: 1.4624  lr: 0.0000
     itm tta time 0:00:05
     Computing matching score
      Evaluation: [   0/1978]  eta: 0:02:24    time: 0.0732  data: 0.0039  max mem: 2691
      Evaluation: [ 100/1978]  eta: 0:02:09    time: 0.0690  data: 0.0000  max mem: 2691
      Evaluation: [ 200/1978]  eta: 0:02:02    time: 0.0689  data: 0.0000  max mem: 2691
      Evaluation: [ 300/1978]  eta: 0:01:55    time: 0.0689  data: 0.0000  max mem: 2691
      Evaluation: [ 400/1978]  eta: 0:01:48    time: 0.0689  data: 0.0000  max mem: 2691
      Evaluation: [ 500/1978]  eta: 0:01:41    time: 0.0691  data: 0.0000  max mem: 2691
      Evaluation: [ 600/1978]  eta: 0:01:34    time: 0.0689  data: 0.0000  max mem: 2691
      Evaluation: [ 700/1978]  eta: 0:01:28    time: 0.0688  data: 0.0000  max mem: 2691
      Evaluation: [ 800/1978]  eta: 0:01:21    time: 0.0689  data: 0.0000  max mem: 2691
      Evaluation: [ 900/1978]  eta: 0:01:14    time: 0.0689  data: 0.0000  max mem: 2691
      Evaluation: [1000/1978]  eta: 0:01:07    time: 0.0690  data: 0.0000  max mem: 2691
      Evaluation: [1100/1978]  eta: 0:01:00    time: 0.0689  data: 0.0000  max mem: 2691
      Evaluation: [1200/1978]  eta: 0:00:53    time: 0.0689  data: 0.0000  max mem: 2691
      Evaluation: [1300/1978]  eta: 0:00:46    time: 0.0688  data: 0.0000  max mem: 2691
      Evaluation: [1400/1978]  eta: 0:00:39    time: 0.0688  data: 0.0000  max mem: 2691
      Evaluation: [1500/1978]  eta: 0:00:32    time: 0.0689  data: 0.0000  max mem: 2691
      Evaluation: [1600/1978]  eta: 0:00:26    time: 0.0688  data: 0.0000  max mem: 2691
      Evaluation: [1700/1978]  eta: 0:00:19    time: 0.0689  data: 0.0000  max mem: 2691
      Evaluation: [1800/1978]  eta: 0:00:12    time: 0.0688  data: 0.0000  max mem: 2691
      Evaluation: [1900/1978]  eta: 0:00:05    time: 0.0688  data: 0.0000  max mem: 2691
      Evaluation: [1977/1978]  eta: 0:00:00    time: 0.0693  data: 0.0000  max mem: 2691
      Evaluation: Total time: 0:02:16 (0.0689 s / it)
     Computing matching score time 0:02:16
### TTA ITM Score: 
+-------------------+--------+--------+--------+--------+--------+
|       epoch       |   R1   |   R5   |  R10   |  mAP   |  mINP  |
+-------------------+--------+--------+--------+--------+--------+
|        -999       | 69.414 | 95.197 | 97.776 | 81.233 | 81.233 |
|        -999       | 84.277 | 99.039 | 99.596 | 91.276 | 91.276 |
|  cos_sim_wo/norm  | 58.544 | 91.860 | 95.703 | 73.596 | 73.596 |
|        -999       | 69.414 | 95.197 | 97.776 | 81.233 | 81.233 |
| itm_score_wo/norm | 84.328 | 98.989 | 99.494 | 91.293 | 91.293 |
|        -999       | 84.277 | 99.039 | 99.596 | 91.276 | 91.276 |
|         0         | 84.328 | 99.039 | 99.596 | 91.301 | 91.301 |
|         1         | 84.631 | 98.989 | 99.596 | 91.451 | 91.451 |
|         2         | 84.732 | 98.989 | 99.596 | 91.472 | 91.472 |
|         4         | 84.580 | 98.938 | 99.494 | 91.357 | 91.357 |
+-------------------+--------+--------+--------+--------+--------+
     logs:  {'epo': 4, 'R1': 84.58, 'R5': 98.938, 'R10': 99.494, 'mAP': 91.357, 'mINP': 91.357, 'entropy': 0.265243, 'uncertainty': 1.253408, 'uncertainty_coeffi': 0.01, 'loss': 1.4624, 'lr': 3.5e-05}
      TTA Epoch: [5] [ 0/78]  eta: 0:00:37  entropy: 0.3281  uncertainty: 1.2430  uncertainty_coeffi: 0.0100  loss: 1.5202  lr: 0.000039  time: 0.4750  data: 0.3707  max mem: 2691
      TTA Epoch: [5] [77/78]  eta: 0:00:00  entropy: 0.1340  uncertainty: 1.1924  uncertainty_coeffi: 0.0100  loss: 1.3115  lr: 0.000047  time: 0.0598  data: 0.0001  max mem: 2691
      TTA Epoch: [5] Total time: 0:00:05 (0.0658 s / it)
     Averaged stats: entropy: 0.2343  uncertainty: 1.2547  uncertainty_coeffi: 0.0100  loss: 1.4383  lr: 0.0000
     itm tta time 0:00:05
      TTA Epoch: [6] [ 0/78]  eta: 0:00:38  entropy: 0.1265  uncertainty: 1.2531  uncertainty_coeffi: 0.0100  loss: 1.3505  lr: 0.000047  time: 0.4974  data: 0.4032  max mem: 2691
      TTA Epoch: [6] [77/78]  eta: 0:00:00  entropy: 0.1246  uncertainty: 1.2762  uncertainty_coeffi: 0.0100  loss: 1.3683  lr: 0.000049  time: 0.0603  data: 0.0001  max mem: 2691
      TTA Epoch: [6] Total time: 0:00:05 (0.0671 s / it)
     Averaged stats: entropy: 0.2187  uncertainty: 1.2543  uncertainty_coeffi: 0.0100  loss: 1.4244  lr: 0.0000
     itm tta time 0:00:05
      TTA Epoch: [7] [ 0/78]  eta: 0:00:31  entropy: 0.2715  uncertainty: 1.2987  uncertainty_coeffi: 0.0100  loss: 1.4876  lr: 0.000049  time: 0.4019  data: 0.3097  max mem: 2691
      TTA Epoch: [7] [77/78]  eta: 0:00:00  entropy: 0.1203  uncertainty: 1.1731  uncertainty_coeffi: 0.0100  loss: 1.2692  lr: 0.000049  time: 0.0599  data: 0.0001  max mem: 2691
      TTA Epoch: [7] Total time: 0:00:05 (0.0654 s / it)
     Averaged stats: entropy: 0.2043  uncertainty: 1.2549  uncertainty_coeffi: 0.0100  loss: 1.4141  lr: 0.0000
     itm tta time 0:00:05
      TTA Epoch: [8] [ 0/78]  eta: 0:00:36  entropy: 0.1922  uncertainty: 1.2407  uncertainty_coeffi: 0.0100  loss: 1.4092  lr: 0.000049  time: 0.4632  data: 0.3721  max mem: 2691
      TTA Epoch: [8] [77/78]  eta: 0:00:00  entropy: 0.2021  uncertainty: 1.2151  uncertainty_coeffi: 0.0100  loss: 1.3792  lr: 0.000048  time: 0.0607  data: 0.0001  max mem: 2691
      TTA Epoch: [8] Total time: 0:00:05 (0.0671 s / it)
     Averaged stats: entropy: 0.1921  uncertainty: 1.2549  uncertainty_coeffi: 0.0100  loss: 1.4041  lr: 0.0000
     itm tta time 0:00:05
      TTA Epoch: [9] [ 0/78]  eta: 0:00:32  entropy: 0.1212  uncertainty: 1.2350  uncertainty_coeffi: 0.0100  loss: 1.3377  lr: 0.000048  time: 0.4177  data: 0.3443  max mem: 2691
      TTA Epoch: [9] [77/78]  eta: 0:00:00  entropy: 0.3297  uncertainty: 1.2682  uncertainty_coeffi: 0.0100  loss: 1.5152  lr: 0.000047  time: 0.0613  data: 0.0001  max mem: 2691
      TTA Epoch: [9] Total time: 0:00:05 (0.0665 s / it)
     Averaged stats: entropy: 0.1792  uncertainty: 1.2537  uncertainty_coeffi: 0.0100  loss: 1.3924  lr: 0.0000
     itm tta time 0:00:05
     Computing matching score
      Evaluation: [   0/1978]  eta: 0:02:26    time: 0.0740  data: 0.0050  max mem: 2691
      Evaluation: [ 100/1978]  eta: 0:02:09    time: 0.0691  data: 0.0000  max mem: 2691
      Evaluation: [ 200/1978]  eta: 0:02:02    time: 0.0690  data: 0.0000  max mem: 2691
      Evaluation: [ 300/1978]  eta: 0:01:55    time: 0.0690  data: 0.0000  max mem: 2691
      Evaluation: [ 400/1978]  eta: 0:01:48    time: 0.0692  data: 0.0000  max mem: 2691
      Evaluation: [ 500/1978]  eta: 0:01:42    time: 0.0689  data: 0.0000  max mem: 2691
      Evaluation: [ 600/1978]  eta: 0:01:35    time: 0.0689  data: 0.0000  max mem: 2691
      Evaluation: [ 700/1978]  eta: 0:01:28    time: 0.0690  data: 0.0000  max mem: 2691
      Evaluation: [ 800/1978]  eta: 0:01:21    time: 0.0689  data: 0.0000  max mem: 2691
      Evaluation: [ 900/1978]  eta: 0:01:14    time: 0.0689  data: 0.0000  max mem: 2691
      Evaluation: [1000/1978]  eta: 0:01:07    time: 0.0689  data: 0.0000  max mem: 2691
      Evaluation: [1100/1978]  eta: 0:01:00    time: 0.0688  data: 0.0000  max mem: 2691
      Evaluation: [1200/1978]  eta: 0:00:53    time: 0.0689  data: 0.0000  max mem: 2691
      Evaluation: [1300/1978]  eta: 0:00:46    time: 0.0689  data: 0.0000  max mem: 2691
      Evaluation: [1400/1978]  eta: 0:00:39    time: 0.0690  data: 0.0000  max mem: 2691
      Evaluation: [1500/1978]  eta: 0:00:32    time: 0.0689  data: 0.0000  max mem: 2691
      Evaluation: [1600/1978]  eta: 0:00:26    time: 0.0689  data: 0.0000  max mem: 2691
      Evaluation: [1700/1978]  eta: 0:00:19    time: 0.0689  data: 0.0000  max mem: 2691
      Evaluation: [1800/1978]  eta: 0:00:12    time: 0.0689  data: 0.0000  max mem: 2691
      Evaluation: [1900/1978]  eta: 0:00:05    time: 0.0689  data: 0.0000  max mem: 2691
      Evaluation: [1977/1978]  eta: 0:00:00    time: 0.0688  data: 0.0000  max mem: 2691
      Evaluation: Total time: 0:02:16 (0.0690 s / it)
     Computing matching score time 0:02:16
### TTA ITM Score: 
+-------------------+--------+--------+--------+--------+--------+
|       epoch       |   R1   |   R5   |  R10   |  mAP   |  mINP  |
+-------------------+--------+--------+--------+--------+--------+
|        -999       | 69.414 | 95.197 | 97.776 | 81.233 | 81.233 |
|        -999       | 84.277 | 99.039 | 99.596 | 91.276 | 91.276 |
|  cos_sim_wo/norm  | 58.544 | 91.860 | 95.703 | 73.596 | 73.596 |
|        -999       | 69.414 | 95.197 | 97.776 | 81.233 | 81.233 |
| itm_score_wo/norm | 84.328 | 98.989 | 99.494 | 91.293 | 91.293 |
|        -999       | 84.277 | 99.039 | 99.596 | 91.276 | 91.276 |
|         0         | 84.328 | 99.039 | 99.596 | 91.301 | 91.301 |
|         1         | 84.631 | 98.989 | 99.596 | 91.451 | 91.451 |
|         2         | 84.732 | 98.989 | 99.596 | 91.472 | 91.472 |
|         4         | 84.580 | 98.938 | 99.494 | 91.357 | 91.357 |
|         9         | 84.429 | 98.635 | 99.292 | 91.210 | 91.210 |
+-------------------+--------+--------+--------+--------+--------+
     logs:  {'epo': 9, 'R1': 84.429, 'R5': 98.635, 'R10': 99.292, 'mAP': 91.21, 'mINP': 91.21, 'entropy': 0.179241, 'uncertainty': 1.253746, 'uncertainty_coeffi': 0.01, 'loss': 1.39242, 'lr': 4.7e-05}
      TTA Epoch: [10] [ 0/78]  eta: 0:00:36  entropy: 0.2520  uncertainty: 1.3526  uncertainty_coeffi: 0.0100  loss: 1.5429  lr: 0.000047  time: 0.4735  data: 0.3700  max mem: 2691
      TTA Epoch: [10] [77/78]  eta: 0:00:00  entropy: 0.2414  uncertainty: 1.3358  uncertainty_coeffi: 0.0100  loss: 1.4636  lr: 0.000046  time: 0.0611  data: 0.0001  max mem: 2691
      TTA Epoch: [10] Total time: 0:00:05 (0.0679 s / it)
     Averaged stats: entropy: 0.1691  uncertainty: 1.2541  uncertainty_coeffi: 0.0100  loss: 1.3844  lr: 0.0000
     itm tta time 0:00:05
      TTA Epoch: [11] [ 0/78]  eta: 0:00:35  entropy: 0.1495  uncertainty: 1.3353  uncertainty_coeffi: 0.0100  loss: 1.4350  lr: 0.000046  time: 0.4570  data: 0.3622  max mem: 2691
      TTA Epoch: [11] [77/78]  eta: 0:00:00  entropy: 0.2288  uncertainty: 1.3374  uncertainty_coeffi: 0.0100  loss: 1.4896  lr: 0.000045  time: 0.0604  data: 0.0001  max mem: 2691
      TTA Epoch: [11] Total time: 0:00:05 (0.0665 s / it)
     Averaged stats: entropy: 0.1642  uncertainty: 1.2536  uncertainty_coeffi: 0.0100  loss: 1.3805  lr: 0.0000
     itm tta time 0:00:05
      TTA Epoch: [12] [ 0/78]  eta: 0:00:32  entropy: 0.1430  uncertainty: 1.3556  uncertainty_coeffi: 0.0100  loss: 1.4624  lr: 0.000045  time: 0.4187  data: 0.3354  max mem: 2691
      TTA Epoch: [12] [77/78]  eta: 0:00:00  entropy: 0.0805  uncertainty: 1.2669  uncertainty_coeffi: 0.0100  loss: 1.3307  lr: 0.000044  time: 0.0608  data: 0.0001  max mem: 2691
      TTA Epoch: [12] Total time: 0:00:05 (0.0665 s / it)
     Averaged stats: entropy: 0.1566  uncertainty: 1.2545  uncertainty_coeffi: 0.0100  loss: 1.3755  lr: 0.0000
     itm tta time 0:00:05
      TTA Epoch: [13] [ 0/78]  eta: 0:00:33  entropy: 0.0396  uncertainty: 1.2006  uncertainty_coeffi: 0.0100  loss: 1.2301  lr: 0.000044  time: 0.4358  data: 0.3451  max mem: 2691
      TTA Epoch: [13] [77/78]  eta: 0:00:00  entropy: 0.2499  uncertainty: 1.3483  uncertainty_coeffi: 0.0100  loss: 1.5160  lr: 0.000043  time: 0.0617  data: 0.0001  max mem: 2691
      TTA Epoch: [13] Total time: 0:00:05 (0.0675 s / it)
     Averaged stats: entropy: 0.1490  uncertainty: 1.2543  uncertainty_coeffi: 0.0100  loss: 1.3694  lr: 0.0000
     itm tta time 0:00:05
      TTA Epoch: [14] [ 0/78]  eta: 0:00:34  entropy: 0.1769  uncertainty: 1.2220  uncertainty_coeffi: 0.0100  loss: 1.3384  lr: 0.000043  time: 0.4397  data: 0.3496  max mem: 2691
      TTA Epoch: [14] [77/78]  eta: 0:00:00  entropy: 0.2276  uncertainty: 1.2673  uncertainty_coeffi: 0.0100  loss: 1.4478  lr: 0.000042  time: 0.0610  data: 0.0001  max mem: 2691
      TTA Epoch: [14] Total time: 0:00:05 (0.0667 s / it)
     Averaged stats: entropy: 0.1451  uncertainty: 1.2539  uncertainty_coeffi: 0.0100  loss: 1.3658  lr: 0.0000
     itm tta time 0:00:05
     Computing matching score
      Evaluation: [   0/1978]  eta: 0:02:28    time: 0.0752  data: 0.0055  max mem: 2691
      Evaluation: [ 100/1978]  eta: 0:02:09    time: 0.0689  data: 0.0000  max mem: 2691
      Evaluation: [ 200/1978]  eta: 0:02:02    time: 0.0689  data: 0.0000  max mem: 2691
      Evaluation: [ 300/1978]  eta: 0:01:55    time: 0.0688  data: 0.0000  max mem: 2691
      Evaluation: [ 400/1978]  eta: 0:01:48    time: 0.0689  data: 0.0000  max mem: 2691
      Evaluation: [ 500/1978]  eta: 0:01:41    time: 0.0689  data: 0.0000  max mem: 2691
      Evaluation: [ 600/1978]  eta: 0:01:34    time: 0.0689  data: 0.0000  max mem: 2691
      Evaluation: [ 700/1978]  eta: 0:01:28    time: 0.0689  data: 0.0000  max mem: 2691
      Evaluation: [ 800/1978]  eta: 0:01:21    time: 0.0689  data: 0.0000  max mem: 2691
      Evaluation: [ 900/1978]  eta: 0:01:14    time: 0.0690  data: 0.0000  max mem: 2691
      Evaluation: [1000/1978]  eta: 0:01:07    time: 0.0688  data: 0.0000  max mem: 2691
      Evaluation: [1100/1978]  eta: 0:01:00    time: 0.0689  data: 0.0000  max mem: 2691
      Evaluation: [1200/1978]  eta: 0:00:53    time: 0.0689  data: 0.0000  max mem: 2691
      Evaluation: [1300/1978]  eta: 0:00:46    time: 0.0689  data: 0.0000  max mem: 2691
      Evaluation: [1400/1978]  eta: 0:00:39    time: 0.0689  data: 0.0000  max mem: 2691
      Evaluation: [1500/1978]  eta: 0:00:32    time: 0.0689  data: 0.0000  max mem: 2691
      Evaluation: [1600/1978]  eta: 0:00:26    time: 0.0689  data: 0.0000  max mem: 2691
      Evaluation: [1700/1978]  eta: 0:00:19    time: 0.0689  data: 0.0000  max mem: 2691
      Evaluation: [1800/1978]  eta: 0:00:12    time: 0.0690  data: 0.0000  max mem: 2691
      Evaluation: [1900/1978]  eta: 0:00:05    time: 0.0690  data: 0.0000  max mem: 2691
      Evaluation: [1977/1978]  eta: 0:00:00    time: 0.0690  data: 0.0000  max mem: 2691
      Evaluation: Total time: 0:02:16 (0.0689 s / it)
     Computing matching score time 0:02:16
### TTA ITM Score: 
+-------------------+--------+--------+--------+--------+--------+
|       epoch       |   R1   |   R5   |  R10   |  mAP   |  mINP  |
+-------------------+--------+--------+--------+--------+--------+
|        -999       | 69.414 | 95.197 | 97.776 | 81.233 | 81.233 |
|        -999       | 84.277 | 99.039 | 99.596 | 91.276 | 91.276 |
|  cos_sim_wo/norm  | 58.544 | 91.860 | 95.703 | 73.596 | 73.596 |
|        -999       | 69.414 | 95.197 | 97.776 | 81.233 | 81.233 |
| itm_score_wo/norm | 84.328 | 98.989 | 99.494 | 91.293 | 91.293 |
|        -999       | 84.277 | 99.039 | 99.596 | 91.276 | 91.276 |
|         0         | 84.328 | 99.039 | 99.596 | 91.301 | 91.301 |
|         1         | 84.631 | 98.989 | 99.596 | 91.451 | 91.451 |
|         2         | 84.732 | 98.989 | 99.596 | 91.472 | 91.472 |
|         4         | 84.580 | 98.938 | 99.494 | 91.357 | 91.357 |
|         9         | 84.429 | 98.635 | 99.292 | 91.210 | 91.210 |
|         14        | 84.631 | 98.635 | 99.191 | 91.301 | 91.301 |
+-------------------+--------+--------+--------+--------+--------+
     logs:  {'epo': 14, 'R1': 84.631, 'R5': 98.635, 'R10': 99.191, 'mAP': 91.301, 'mINP': 91.301, 'entropy': 0.145146, 'uncertainty': 1.253908, 'uncertainty_coeffi': 0.01, 'loss': 1.365767, 'lr': 4.3e-05}
      TTA Epoch: [15] [ 0/78]  eta: 0:00:36  entropy: 0.2406  uncertainty: 1.2912  uncertainty_coeffi: 0.0100  loss: 1.4878  lr: 0.000042  time: 0.4685  data: 0.3724  max mem: 2691
      TTA Epoch: [15] [77/78]  eta: 0:00:00  entropy: 0.1142  uncertainty: 1.1866  uncertainty_coeffi: 0.0100  loss: 1.2771  lr: 0.000041  time: 0.0598  data: 0.0001  max mem: 2691
      TTA Epoch: [15] Total time: 0:00:05 (0.0658 s / it)
     Averaged stats: entropy: 0.1371  uncertainty: 1.2545  uncertainty_coeffi: 0.0100  loss: 1.3601  lr: 0.0000
     itm tta time 0:00:05
      TTA Epoch: [16] [ 0/78]  eta: 0:00:38  entropy: 0.1517  uncertainty: 1.2591  uncertainty_coeffi: 0.0100  loss: 1.3827  lr: 0.000041  time: 0.4874  data: 0.3931  max mem: 2691
      TTA Epoch: [16] [77/78]  eta: 0:00:00  entropy: 0.2157  uncertainty: 1.3420  uncertainty_coeffi: 0.0100  loss: 1.4992  lr: 0.000040  time: 0.0604  data: 0.0001  max mem: 2691
      TTA Epoch: [16] Total time: 0:00:05 (0.0664 s / it)
     Averaged stats: entropy: 0.1337  uncertainty: 1.2544  uncertainty_coeffi: 0.0100  loss: 1.3573  lr: 0.0000
     itm tta time 0:00:05
      TTA Epoch: [17] [ 0/78]  eta: 0:00:33  entropy: 0.1706  uncertainty: 1.2060  uncertainty_coeffi: 0.0100  loss: 1.3285  lr: 0.000040  time: 0.4264  data: 0.3467  max mem: 2691
      TTA Epoch: [17] [77/78]  eta: 0:00:00  entropy: 0.0782  uncertainty: 1.2172  uncertainty_coeffi: 0.0100  loss: 1.2718  lr: 0.000039  time: 0.0609  data: 0.0001  max mem: 2691
      TTA Epoch: [17] Total time: 0:00:05 (0.0664 s / it)
     Averaged stats: entropy: 0.1346  uncertainty: 1.2539  uncertainty_coeffi: 0.0100  loss: 1.3571  lr: 0.0000
     itm tta time 0:00:05
      TTA Epoch: [18] [ 0/78]  eta: 0:00:31  entropy: 0.2417  uncertainty: 1.3194  uncertainty_coeffi: 0.0100  loss: 1.4854  lr: 0.000039  time: 0.3991  data: 0.3125  max mem: 2691
      TTA Epoch: [18] [77/78]  eta: 0:00:00  entropy: 0.1124  uncertainty: 1.1337  uncertainty_coeffi: 0.0100  loss: 1.2259  lr: 0.000038  time: 0.0606  data: 0.0001  max mem: 2691
      TTA Epoch: [18] Total time: 0:00:05 (0.0656 s / it)
     Averaged stats: entropy: 0.1324  uncertainty: 1.2543  uncertainty_coeffi: 0.0100  loss: 1.3564  lr: 0.0000
     itm tta time 0:00:05
      TTA Epoch: [19] [ 0/78]  eta: 0:00:28  entropy: 0.1686  uncertainty: 1.3072  uncertainty_coeffi: 0.0100  loss: 1.4449  lr: 0.000038  time: 0.3679  data: 0.2971  max mem: 2691
      TTA Epoch: [19] [77/78]  eta: 0:00:00  entropy: 0.0826  uncertainty: 1.1954  uncertainty_coeffi: 0.0100  loss: 1.2590  lr: 0.000038  time: 0.0606  data: 0.0001  max mem: 2691
      TTA Epoch: [19] Total time: 0:00:05 (0.0652 s / it)
     Averaged stats: entropy: 0.1269  uncertainty: 1.2535  uncertainty_coeffi: 0.0100  loss: 1.3513  lr: 0.0000
     itm tta time 0:00:05
     Computing matching score
      Evaluation: [   0/1978]  eta: 0:02:21    time: 0.0718  data: 0.0042  max mem: 2691
      Evaluation: [ 100/1978]  eta: 0:02:08    time: 0.0687  data: 0.0000  max mem: 2691
      Evaluation: [ 200/1978]  eta: 0:02:02    time: 0.0686  data: 0.0000  max mem: 2691
      Evaluation: [ 300/1978]  eta: 0:01:55    time: 0.0687  data: 0.0000  max mem: 2691
      Evaluation: [ 400/1978]  eta: 0:01:48    time: 0.0687  data: 0.0000  max mem: 2691
      Evaluation: [ 500/1978]  eta: 0:01:41    time: 0.0686  data: 0.0000  max mem: 2691
      Evaluation: [ 600/1978]  eta: 0:01:34    time: 0.0686  data: 0.0000  max mem: 2691
      Evaluation: [ 700/1978]  eta: 0:01:27    time: 0.0688  data: 0.0000  max mem: 2691
      Evaluation: [ 800/1978]  eta: 0:01:20    time: 0.0687  data: 0.0000  max mem: 2691
      Evaluation: [ 900/1978]  eta: 0:01:14    time: 0.0688  data: 0.0000  max mem: 2691
      Evaluation: [1000/1978]  eta: 0:01:07    time: 0.0688  data: 0.0000  max mem: 2691
      Evaluation: [1100/1978]  eta: 0:01:00    time: 0.0687  data: 0.0000  max mem: 2691
      Evaluation: [1200/1978]  eta: 0:00:53    time: 0.0687  data: 0.0000  max mem: 2691
      Evaluation: [1300/1978]  eta: 0:00:46    time: 0.0687  data: 0.0000  max mem: 2691
      Evaluation: [1400/1978]  eta: 0:00:39    time: 0.0688  data: 0.0000  max mem: 2691
      Evaluation: [1500/1978]  eta: 0:00:32    time: 0.0688  data: 0.0000  max mem: 2691
      Evaluation: [1600/1978]  eta: 0:00:25    time: 0.0688  data: 0.0000  max mem: 2691
      Evaluation: [1700/1978]  eta: 0:00:19    time: 0.0689  data: 0.0000  max mem: 2691
      Evaluation: [1800/1978]  eta: 0:00:12    time: 0.0688  data: 0.0000  max mem: 2691
      Evaluation: [1900/1978]  eta: 0:00:05    time: 0.0686  data: 0.0000  max mem: 2691
      Evaluation: [1977/1978]  eta: 0:00:00    time: 0.0690  data: 0.0000  max mem: 2691
      Evaluation: Total time: 0:02:16 (0.0688 s / it)
     Computing matching score time 0:02:16
### TTA ITM Score: 
+-------------------+--------+--------+--------+--------+--------+
|       epoch       |   R1   |   R5   |  R10   |  mAP   |  mINP  |
+-------------------+--------+--------+--------+--------+--------+
|        -999       | 69.414 | 95.197 | 97.776 | 81.233 | 81.233 |
|        -999       | 84.277 | 99.039 | 99.596 | 91.276 | 91.276 |
|  cos_sim_wo/norm  | 58.544 | 91.860 | 95.703 | 73.596 | 73.596 |
|        -999       | 69.414 | 95.197 | 97.776 | 81.233 | 81.233 |
| itm_score_wo/norm | 84.328 | 98.989 | 99.494 | 91.293 | 91.293 |
|        -999       | 84.277 | 99.039 | 99.596 | 91.276 | 91.276 |
|         0         | 84.328 | 99.039 | 99.596 | 91.301 | 91.301 |
|         1         | 84.631 | 98.989 | 99.596 | 91.451 | 91.451 |
|         2         | 84.732 | 98.989 | 99.596 | 91.472 | 91.472 |
|         4         | 84.580 | 98.938 | 99.494 | 91.357 | 91.357 |
|         9         | 84.429 | 98.635 | 99.292 | 91.210 | 91.210 |
|         14        | 84.631 | 98.635 | 99.191 | 91.301 | 91.301 |
|         19        | 84.833 | 98.736 | 99.242 | 91.391 | 91.391 |
+-------------------+--------+--------+--------+--------+--------+
     logs:  {'epo': 19, 'R1': 84.833, 'R5': 98.736, 'R10': 99.242, 'mAP': 91.391, 'mINP': 91.391, 'entropy': 0.12686, 'uncertainty': 1.253528, 'uncertainty_coeffi': 0.01, 'loss': 1.351327, 'lr': 3.8e-05}
      TTA Epoch: [20] [ 0/78]  eta: 0:00:34  entropy: 0.2373  uncertainty: 1.1744  uncertainty_coeffi: 0.0100  loss: 1.3703  lr: 0.000037  time: 0.4469  data: 0.3649  max mem: 2691
      TTA Epoch: [20] [77/78]  eta: 0:00:00  entropy: 0.0979  uncertainty: 1.2325  uncertainty_coeffi: 0.0100  loss: 1.2940  lr: 0.000037  time: 0.0601  data: 0.0001  max mem: 2691
      TTA Epoch: [20] Total time: 0:00:05 (0.0658 s / it)
     Averaged stats: entropy: 0.1163  uncertainty: 1.2550  uncertainty_coeffi: 0.0100  loss: 1.3442  lr: 0.0000
     itm tta time 0:00:05
      TTA Epoch: [21] [ 0/78]  eta: 0:00:40  entropy: 0.1134  uncertainty: 1.2724  uncertainty_coeffi: 0.0100  loss: 1.3700  lr: 0.000037  time: 0.5136  data: 0.4165  max mem: 2691
      TTA Epoch: [21] [77/78]  eta: 0:00:00  entropy: 0.1051  uncertainty: 1.1435  uncertainty_coeffi: 0.0100  loss: 1.2233  lr: 0.000036  time: 0.0612  data: 0.0001  max mem: 2691
      TTA Epoch: [21] Total time: 0:00:05 (0.0677 s / it)
     Averaged stats: entropy: 0.1174  uncertainty: 1.2545  uncertainty_coeffi: 0.0100  loss: 1.3444  lr: 0.0000
     itm tta time 0:00:05
      TTA Epoch: [22] [ 0/78]  eta: 0:00:30  entropy: 0.2251  uncertainty: 1.2050  uncertainty_coeffi: 0.0100  loss: 1.3869  lr: 0.000036  time: 0.3878  data: 0.3062  max mem: 2691
      TTA Epoch: [22] [77/78]  eta: 0:00:00  entropy: 0.2843  uncertainty: 1.2394  uncertainty_coeffi: 0.0100  loss: 1.4500  lr: 0.000035  time: 0.0607  data: 0.0001  max mem: 2691
      TTA Epoch: [22] Total time: 0:00:05 (0.0657 s / it)
     Averaged stats: entropy: 0.1183  uncertainty: 1.2539  uncertainty_coeffi: 0.0100  loss: 1.3445  lr: 0.0000
     itm tta time 0:00:05
      TTA Epoch: [23] [ 0/78]  eta: 0:00:35  entropy: 0.0496  uncertainty: 1.1387  uncertainty_coeffi: 0.0100  loss: 1.1854  lr: 0.000035  time: 0.4514  data: 0.3622  max mem: 2691
      TTA Epoch: [23] [77/78]  eta: 0:00:00  entropy: 0.2922  uncertainty: 1.1959  uncertainty_coeffi: 0.0100  loss: 1.4406  lr: 0.000034  time: 0.0614  data: 0.0001  max mem: 2691
      TTA Epoch: [23] Total time: 0:00:05 (0.0671 s / it)
     Averaged stats: entropy: 0.1125  uncertainty: 1.2539  uncertainty_coeffi: 0.0100  loss: 1.3397  lr: 0.0000
     itm tta time 0:00:05
      TTA Epoch: [24] [ 0/78]  eta: 0:00:36  entropy: 0.1919  uncertainty: 1.3077  uncertainty_coeffi: 0.0100  loss: 1.4325  lr: 0.000034  time: 0.4724  data: 0.3744  max mem: 2691
      TTA Epoch: [24] [77/78]  eta: 0:00:00  entropy: 0.0319  uncertainty: 1.1597  uncertainty_coeffi: 0.0100  loss: 1.1887  lr: 0.000033  time: 0.0613  data: 0.0001  max mem: 2691
      TTA Epoch: [24] Total time: 0:00:05 (0.0679 s / it)
     Averaged stats: entropy: 0.1077  uncertainty: 1.2539  uncertainty_coeffi: 0.0100  loss: 1.3366  lr: 0.0000
     itm tta time 0:00:05
      TTA Epoch: [25] [ 0/78]  eta: 0:00:38  entropy: 0.1511  uncertainty: 1.3549  uncertainty_coeffi: 0.0100  loss: 1.4625  lr: 0.000033  time: 0.4978  data: 0.3791  max mem: 2691
      TTA Epoch: [25] [77/78]  eta: 0:00:00  entropy: 0.0994  uncertainty: 1.2646  uncertainty_coeffi: 0.0100  loss: 1.3451  lr: 0.000016  time: 0.0613  data: 0.0001  max mem: 2691
      TTA Epoch: [25] Total time: 0:00:05 (0.0680 s / it)
     Averaged stats: entropy: 0.1088  uncertainty: 1.2539  uncertainty_coeffi: 0.0100  loss: 1.3374  lr: 0.0000
     itm tta time 0:00:05
      TTA Epoch: [26] [ 0/78]  eta: 0:00:35  entropy: 0.1264  uncertainty: 1.3690  uncertainty_coeffi: 0.0100  loss: 1.4618  lr: 0.000016  time: 0.4538  data: 0.3576  max mem: 2691
      TTA Epoch: [26] [77/78]  eta: 0:00:00  entropy: 0.0697  uncertainty: 1.3177  uncertainty_coeffi: 0.0100  loss: 1.3704  lr: 0.000016  time: 0.0616  data: 0.0001  max mem: 2691
      TTA Epoch: [26] Total time: 0:00:05 (0.0675 s / it)
     Averaged stats: entropy: 0.1103  uncertainty: 1.2547  uncertainty_coeffi: 0.0100  loss: 1.3387  lr: 0.0000
     itm tta time 0:00:05
      TTA Epoch: [27] [ 0/78]  eta: 0:00:34  entropy: 0.1680  uncertainty: 1.3648  uncertainty_coeffi: 0.0100  loss: 1.4660  lr: 0.000016  time: 0.4481  data: 0.3572  max mem: 2691
      TTA Epoch: [27] [77/78]  eta: 0:00:00  entropy: 0.0372  uncertainty: 1.1575  uncertainty_coeffi: 0.0100  loss: 1.1933  lr: 0.000015  time: 0.0610  data: 0.0001  max mem: 2691
      TTA Epoch: [27] Total time: 0:00:05 (0.0667 s / it)
     Averaged stats: entropy: 0.1024  uncertainty: 1.2543  uncertainty_coeffi: 0.0100  loss: 1.3338  lr: 0.0000
     itm tta time 0:00:05
      TTA Epoch: [28] [ 0/78]  eta: 0:00:33  entropy: 0.1680  uncertainty: 1.2336  uncertainty_coeffi: 0.0100  loss: 1.3705  lr: 0.000015  time: 0.4357  data: 0.3399  max mem: 2691
      TTA Epoch: [28] [77/78]  eta: 0:00:00  entropy: 0.1383  uncertainty: 1.1472  uncertainty_coeffi: 0.0100  loss: 1.2576  lr: 0.000015  time: 0.0603  data: 0.0001  max mem: 2691
      TTA Epoch: [28] Total time: 0:00:05 (0.0661 s / it)
     Averaged stats: entropy: 0.1045  uncertainty: 1.2548  uncertainty_coeffi: 0.0100  loss: 1.3347  lr: 0.0000
     itm tta time 0:00:05
      TTA Epoch: [29] [ 0/78]  eta: 0:00:38  entropy: 0.1326  uncertainty: 1.2203  uncertainty_coeffi: 0.0100  loss: 1.3363  lr: 0.000015  time: 0.4964  data: 0.3954  max mem: 2691
      TTA Epoch: [29] [77/78]  eta: 0:00:00  entropy: 0.0915  uncertainty: 1.1430  uncertainty_coeffi: 0.0100  loss: 1.2273  lr: 0.000014  time: 0.0609  data: 0.0001  max mem: 2691
      TTA Epoch: [29] Total time: 0:00:05 (0.0676 s / it)
     Averaged stats: entropy: 0.1089  uncertainty: 1.2555  uncertainty_coeffi: 0.0100  loss: 1.3388  lr: 0.0000
     itm tta time 0:00:05
     Computing matching score
      Evaluation: [   0/1978]  eta: 0:02:32    time: 0.0770  data: 0.0074  max mem: 2691
      Evaluation: [ 100/1978]  eta: 0:02:10    time: 0.0695  data: 0.0000  max mem: 2691
      Evaluation: [ 200/1978]  eta: 0:02:04    time: 0.0710  data: 0.0000  max mem: 2691
      Evaluation: [ 300/1978]  eta: 0:01:56    time: 0.0691  data: 0.0000  max mem: 2691
      Evaluation: [ 400/1978]  eta: 0:01:49    time: 0.0690  data: 0.0000  max mem: 2691
      Evaluation: [ 500/1978]  eta: 0:01:42    time: 0.0691  data: 0.0000  max mem: 2691
      Evaluation: [ 600/1978]  eta: 0:01:35    time: 0.0690  data: 0.0000  max mem: 2691
      Evaluation: [ 700/1978]  eta: 0:01:28    time: 0.0691  data: 0.0000  max mem: 2691
      Evaluation: [ 800/1978]  eta: 0:01:21    time: 0.0691  data: 0.0000  max mem: 2691
      Evaluation: [ 900/1978]  eta: 0:01:14    time: 0.0691  data: 0.0000  max mem: 2691
      Evaluation: [1000/1978]  eta: 0:01:07    time: 0.0690  data: 0.0000  max mem: 2691
      Evaluation: [1100/1978]  eta: 0:01:00    time: 0.0691  data: 0.0000  max mem: 2691
      Evaluation: [1200/1978]  eta: 0:00:53    time: 0.0691  data: 0.0000  max mem: 2691
      Evaluation: [1300/1978]  eta: 0:00:46    time: 0.0675  data: 0.0000  max mem: 2691
      Evaluation: [1400/1978]  eta: 0:00:39    time: 0.0677  data: 0.0000  max mem: 2691
      Evaluation: [1500/1978]  eta: 0:00:32    time: 0.0677  data: 0.0000  max mem: 2691
      Evaluation: [1600/1978]  eta: 0:00:26    time: 0.0677  data: 0.0000  max mem: 2691
      Evaluation: [1700/1978]  eta: 0:00:19    time: 0.0675  data: 0.0000  max mem: 2691
      Evaluation: [1800/1978]  eta: 0:00:12    time: 0.0676  data: 0.0000  max mem: 2691
      Evaluation: [1900/1978]  eta: 0:00:05    time: 0.0675  data: 0.0000  max mem: 2691
      Evaluation: [1977/1978]  eta: 0:00:00    time: 0.0676  data: 0.0000  max mem: 2691
      Evaluation: Total time: 0:02:15 (0.0686 s / it)
     Computing matching score time 0:02:15
### TTA ITM Score: 
+-------------------+--------+--------+--------+--------+--------+
|       epoch       |   R1   |   R5   |  R10   |  mAP   |  mINP  |
+-------------------+--------+--------+--------+--------+--------+
|        -999       | 69.414 | 95.197 | 97.776 | 81.233 | 81.233 |
|        -999       | 84.277 | 99.039 | 99.596 | 91.276 | 91.276 |
|  cos_sim_wo/norm  | 58.544 | 91.860 | 95.703 | 73.596 | 73.596 |
|        -999       | 69.414 | 95.197 | 97.776 | 81.233 | 81.233 |
| itm_score_wo/norm | 84.328 | 98.989 | 99.494 | 91.293 | 91.293 |
|        -999       | 84.277 | 99.039 | 99.596 | 91.276 | 91.276 |
|         0         | 84.328 | 99.039 | 99.596 | 91.301 | 91.301 |
|         1         | 84.631 | 98.989 | 99.596 | 91.451 | 91.451 |
|         2         | 84.732 | 98.989 | 99.596 | 91.472 | 91.472 |
|         4         | 84.580 | 98.938 | 99.494 | 91.357 | 91.357 |
|         9         | 84.429 | 98.635 | 99.292 | 91.210 | 91.210 |
|         14        | 84.631 | 98.635 | 99.191 | 91.301 | 91.301 |
|         19        | 84.833 | 98.736 | 99.242 | 91.391 | 91.391 |
|         29        | 84.833 | 98.686 | 99.242 | 91.393 | 91.393 |
+-------------------+--------+--------+--------+--------+--------+
     logs:  {'epo': 29, 'R1': 84.833, 'R5': 98.686, 'R10': 99.242, 'mAP': 91.393, 'mINP': 91.393, 'entropy': 0.108939, 'uncertainty': 1.255541, 'uncertainty_coeffi': 0.01, 'loss': 1.338845, 'lr': 1.4e-05}
      TTA Epoch: [30] [ 0/78]  eta: 0:00:34  entropy: 0.0836  uncertainty: 1.2251  uncertainty_coeffi: 0.0100  loss: 1.2957  lr: 0.000014  time: 0.4368  data: 0.3485  max mem: 2691
      TTA Epoch: [30] [77/78]  eta: 0:00:00  entropy: 0.0936  uncertainty: 1.3209  uncertainty_coeffi: 0.0100  loss: 1.3919  lr: 0.000014  time: 0.0620  data: 0.0001  max mem: 2691
      TTA Epoch: [30] Total time: 0:00:05 (0.0677 s / it)
     Averaged stats: entropy: 0.1016  uncertainty: 1.2547  uncertainty_coeffi: 0.0100  loss: 1.3327  lr: 0.0000
     itm tta time 0:00:05
      TTA Epoch: [31] [ 0/78]  eta: 0:00:48  entropy: 0.0438  uncertainty: 1.1908  uncertainty_coeffi: 0.0100  loss: 1.2292  lr: 0.000014  time: 0.6177  data: 0.5062  max mem: 2691
      TTA Epoch: [31] [77/78]  eta: 0:00:00  entropy: 0.0610  uncertainty: 1.1672  uncertainty_coeffi: 0.0100  loss: 1.2188  lr: 0.000013  time: 0.0611  data: 0.0001  max mem: 2691
      TTA Epoch: [31] Total time: 0:00:05 (0.0693 s / it)
     Averaged stats: entropy: 0.1074  uncertainty: 1.2548  uncertainty_coeffi: 0.0100  loss: 1.3373  lr: 0.0000
     itm tta time 0:00:05
      TTA Epoch: [32] [ 0/78]  eta: 0:00:37  entropy: 0.0228  uncertainty: 1.2110  uncertainty_coeffi: 0.0100  loss: 1.2295  lr: 0.000013  time: 0.4843  data: 0.3682  max mem: 2691
      TTA Epoch: [32] [77/78]  eta: 0:00:00  entropy: 0.1247  uncertainty: 1.2898  uncertainty_coeffi: 0.0100  loss: 1.3756  lr: 0.000013  time: 0.0603  data: 0.0001  max mem: 2691
      TTA Epoch: [32] Total time: 0:00:05 (0.0667 s / it)
     Averaged stats: entropy: 0.0986  uncertainty: 1.2543  uncertainty_coeffi: 0.0100  loss: 1.3302  lr: 0.0000
     itm tta time 0:00:05
      TTA Epoch: [33] [ 0/78]  eta: 0:00:35  entropy: 0.0392  uncertainty: 1.1115  uncertainty_coeffi: 0.0100  loss: 1.1480  lr: 0.000013  time: 0.4564  data: 0.3744  max mem: 2691
      TTA Epoch: [33] [77/78]  eta: 0:00:00  entropy: 0.1550  uncertainty: 1.2631  uncertainty_coeffi: 0.0100  loss: 1.3791  lr: 0.000012  time: 0.0609  data: 0.0001  max mem: 2691
      TTA Epoch: [33] Total time: 0:00:05 (0.0669 s / it)
     Averaged stats: entropy: 0.0985  uncertainty: 1.2530  uncertainty_coeffi: 0.0100  loss: 1.3292  lr: 0.0000
     itm tta time 0:00:05
      TTA Epoch: [34] [ 0/78]  eta: 0:00:35  entropy: 0.1398  uncertainty: 1.1653  uncertainty_coeffi: 0.0100  loss: 1.2735  lr: 0.000012  time: 0.4608  data: 0.3727  max mem: 2691
      TTA Epoch: [34] [77/78]  eta: 0:00:00  entropy: 0.0691  uncertainty: 1.1703  uncertainty_coeffi: 0.0100  loss: 1.2243  lr: 0.000012  time: 0.0616  data: 0.0001  max mem: 2691
      TTA Epoch: [34] Total time: 0:00:05 (0.0680 s / it)
     Averaged stats: entropy: 0.1072  uncertainty: 1.2536  uncertainty_coeffi: 0.0100  loss: 1.3362  lr: 0.0000
     itm tta time 0:00:05
      TTA Epoch: [35] [ 0/78]  eta: 0:00:38  entropy: 0.2143  uncertainty: 1.2435  uncertainty_coeffi: 0.0100  loss: 1.4171  lr: 0.000012  time: 0.4937  data: 0.3769  max mem: 2691
      TTA Epoch: [35] [77/78]  eta: 0:00:00  entropy: 0.1422  uncertainty: 1.3330  uncertainty_coeffi: 0.0100  loss: 1.4503  lr: 0.000011  time: 0.0606  data: 0.0001  max mem: 2691
      TTA Epoch: [35] Total time: 0:00:05 (0.0672 s / it)
     Averaged stats: entropy: 0.1016  uncertainty: 1.2551  uncertainty_coeffi: 0.0100  loss: 1.3337  lr: 0.0000
     itm tta time 0:00:05
      TTA Epoch: [36] [ 0/78]  eta: 0:00:36  entropy: 0.2214  uncertainty: 1.3496  uncertainty_coeffi: 0.0100  loss: 1.4911  lr: 0.000011  time: 0.4733  data: 0.3868  max mem: 2691
      TTA Epoch: [36] [77/78]  eta: 0:00:00  entropy: 0.0957  uncertainty: 1.2781  uncertainty_coeffi: 0.0100  loss: 1.3540  lr: 0.000011  time: 0.0604  data: 0.0001  max mem: 2691
      TTA Epoch: [36] Total time: 0:00:05 (0.0665 s / it)
     Averaged stats: entropy: 0.0991  uncertainty: 1.2540  uncertainty_coeffi: 0.0100  loss: 1.3298  lr: 0.0000
     itm tta time 0:00:05
      TTA Epoch: [37] [ 0/78]  eta: 0:00:36  entropy: 0.2156  uncertainty: 1.3445  uncertainty_coeffi: 0.0100  loss: 1.4927  lr: 0.000011  time: 0.4684  data: 0.3815  max mem: 2691
      TTA Epoch: [37] [77/78]  eta: 0:00:00  entropy: 0.1117  uncertainty: 1.3083  uncertainty_coeffi: 0.0100  loss: 1.3952  lr: 0.000010  time: 0.0596  data: 0.0001  max mem: 2691
      TTA Epoch: [37] Total time: 0:00:05 (0.0661 s / it)
     Averaged stats: entropy: 0.1055  uncertainty: 1.2543  uncertainty_coeffi: 0.0100  loss: 1.3345  lr: 0.0000
     itm tta time 0:00:05
      TTA Epoch: [38] [ 0/78]  eta: 0:00:37  entropy: 0.0631  uncertainty: 1.1783  uncertainty_coeffi: 0.0100  loss: 1.2256  lr: 0.000010  time: 0.4767  data: 0.3838  max mem: 2691
      TTA Epoch: [38] [77/78]  eta: 0:00:00  entropy: 0.0668  uncertainty: 1.3030  uncertainty_coeffi: 0.0100  loss: 1.3591  lr: 0.000010  time: 0.0606  data: 0.0001  max mem: 2691
      TTA Epoch: [38] Total time: 0:00:05 (0.0670 s / it)
     Averaged stats: entropy: 0.1014  uncertainty: 1.2555  uncertainty_coeffi: 0.0100  loss: 1.3328  lr: 0.0000
     itm tta time 0:00:05
      TTA Epoch: [39] [ 0/78]  eta: 0:00:33  entropy: 0.0992  uncertainty: 1.2384  uncertainty_coeffi: 0.0100  loss: 1.3070  lr: 0.000010  time: 0.4352  data: 0.3516  max mem: 2691
      TTA Epoch: [39] [77/78]  eta: 0:00:00  entropy: 0.0749  uncertainty: 1.2672  uncertainty_coeffi: 0.0100  loss: 1.3271  lr: 0.000010  time: 0.0609  data: 0.0001  max mem: 2691
      TTA Epoch: [39] Total time: 0:00:05 (0.0666 s / it)
     Averaged stats: entropy: 0.0954  uncertainty: 1.2541  uncertainty_coeffi: 0.0100  loss: 1.3270  lr: 0.0000
     itm tta time 0:00:05
     Computing matching score
      Evaluation: [   0/1978]  eta: 0:02:24    time: 0.0730  data: 0.0053  max mem: 2691
      Evaluation: [ 100/1978]  eta: 0:02:08    time: 0.0685  data: 0.0000  max mem: 2691
      Evaluation: [ 200/1978]  eta: 0:02:01    time: 0.0683  data: 0.0000  max mem: 2691
      Evaluation: [ 300/1978]  eta: 0:01:54    time: 0.0683  data: 0.0000  max mem: 2691
      Evaluation: [ 400/1978]  eta: 0:01:47    time: 0.0683  data: 0.0000  max mem: 2691
      Evaluation: [ 500/1978]  eta: 0:01:40    time: 0.0683  data: 0.0000  max mem: 2691
      Evaluation: [ 600/1978]  eta: 0:01:34    time: 0.0681  data: 0.0000  max mem: 2691
      Evaluation: [ 700/1978]  eta: 0:01:27    time: 0.0682  data: 0.0000  max mem: 2691
      Evaluation: [ 800/1978]  eta: 0:01:20    time: 0.0682  data: 0.0000  max mem: 2691
      Evaluation: [ 900/1978]  eta: 0:01:13    time: 0.0682  data: 0.0000  max mem: 2691
      Evaluation: [1000/1978]  eta: 0:01:06    time: 0.0682  data: 0.0000  max mem: 2691
      Evaluation: [1100/1978]  eta: 0:00:59    time: 0.0682  data: 0.0000  max mem: 2691
      Evaluation: [1200/1978]  eta: 0:00:53    time: 0.0683  data: 0.0000  max mem: 2691
      Evaluation: [1300/1978]  eta: 0:00:46    time: 0.0682  data: 0.0000  max mem: 2691
      Evaluation: [1400/1978]  eta: 0:00:39    time: 0.0682  data: 0.0000  max mem: 2691
      Evaluation: [1500/1978]  eta: 0:00:32    time: 0.0682  data: 0.0000  max mem: 2691
      Evaluation: [1600/1978]  eta: 0:00:25    time: 0.0682  data: 0.0000  max mem: 2691
      Evaluation: [1700/1978]  eta: 0:00:18    time: 0.0681  data: 0.0000  max mem: 2691
      Evaluation: [1800/1978]  eta: 0:00:12    time: 0.0682  data: 0.0000  max mem: 2691
      Evaluation: [1900/1978]  eta: 0:00:05    time: 0.0682  data: 0.0000  max mem: 2691
      Evaluation: [1977/1978]  eta: 0:00:00    time: 0.0682  data: 0.0000  max mem: 2691
      Evaluation: Total time: 0:02:14 (0.0683 s / it)
     Computing matching score time 0:02:15
### TTA ITM Score: 
+-------------------+--------+--------+--------+--------+--------+
|       epoch       |   R1   |   R5   |  R10   |  mAP   |  mINP  |
+-------------------+--------+--------+--------+--------+--------+
|        -999       | 69.414 | 95.197 | 97.776 | 81.233 | 81.233 |
|        -999       | 84.277 | 99.039 | 99.596 | 91.276 | 91.276 |
|  cos_sim_wo/norm  | 58.544 | 91.860 | 95.703 | 73.596 | 73.596 |
|        -999       | 69.414 | 95.197 | 97.776 | 81.233 | 81.233 |
| itm_score_wo/norm | 84.328 | 98.989 | 99.494 | 91.293 | 91.293 |
|        -999       | 84.277 | 99.039 | 99.596 | 91.276 | 91.276 |
|         0         | 84.328 | 99.039 | 99.596 | 91.301 | 91.301 |
|         1         | 84.631 | 98.989 | 99.596 | 91.451 | 91.451 |
|         2         | 84.732 | 98.989 | 99.596 | 91.472 | 91.472 |
|         4         | 84.580 | 98.938 | 99.494 | 91.357 | 91.357 |
|         9         | 84.429 | 98.635 | 99.292 | 91.210 | 91.210 |
|         14        | 84.631 | 98.635 | 99.191 | 91.301 | 91.301 |
|         19        | 84.833 | 98.736 | 99.242 | 91.391 | 91.391 |
|         29        | 84.833 | 98.686 | 99.242 | 91.393 | 91.393 |
|         39        | 84.732 | 98.635 | 99.292 | 91.342 | 91.342 |
+-------------------+--------+--------+--------+--------+--------+
     logs:  {'epo': 39, 'R1': 84.732, 'R5': 98.635, 'R10': 99.292, 'mAP': 91.342, 'mINP': 91.342, 'entropy': 0.09539, 'uncertainty': 1.254116, 'uncertainty_coeffi': 0.01, 'loss': 1.326983, 'lr': 1e-05}
      TTA Epoch: [40] [ 0/78]  eta: 0:00:37  entropy: 0.0310  uncertainty: 1.2362  uncertainty_coeffi: 0.0100  loss: 1.2626  lr: 0.000010  time: 0.4869  data: 0.3721  max mem: 2691
      TTA Epoch: [40] [77/78]  eta: 0:00:00  entropy: 0.1176  uncertainty: 1.1889  uncertainty_coeffi: 0.0100  loss: 1.2858  lr: 0.000009  time: 0.0610  data: 0.0001  max mem: 2691
      TTA Epoch: [40] Total time: 0:00:05 (0.0674 s / it)
     Averaged stats: entropy: 0.0980  uncertainty: 1.2538  uncertainty_coeffi: 0.0100  loss: 1.3295  lr: 0.0000
     itm tta time 0:00:05
      TTA Epoch: [41] [ 0/78]  eta: 0:00:38  entropy: 0.0177  uncertainty: 1.2550  uncertainty_coeffi: 0.0100  loss: 1.2669  lr: 0.000009  time: 0.4981  data: 0.3821  max mem: 2691
      TTA Epoch: [41] [77/78]  eta: 0:00:00  entropy: 0.1334  uncertainty: 1.2541  uncertainty_coeffi: 0.0100  loss: 1.3651  lr: 0.000009  time: 0.0616  data: 0.0001  max mem: 2691
      TTA Epoch: [41] Total time: 0:00:05 (0.0687 s / it)
     Averaged stats: entropy: 0.0972  uncertainty: 1.2539  uncertainty_coeffi: 0.0100  loss: 1.3287  lr: 0.0000
     itm tta time 0:00:05
      TTA Epoch: [42] [ 0/78]  eta: 0:00:35  entropy: 0.0591  uncertainty: 1.3601  uncertainty_coeffi: 0.0100  loss: 1.3982  lr: 0.000009  time: 0.4508  data: 0.3604  max mem: 2691
      TTA Epoch: [42] [77/78]  eta: 0:00:00  entropy: 0.0963  uncertainty: 1.2236  uncertainty_coeffi: 0.0100  loss: 1.2843  lr: 0.000008  time: 0.0619  data: 0.0001  max mem: 2691
      TTA Epoch: [42] Total time: 0:00:05 (0.0683 s / it)
     Averaged stats: entropy: 0.0951  uncertainty: 1.2526  uncertainty_coeffi: 0.0100  loss: 1.3253  lr: 0.0000
     itm tta time 0:00:05
      TTA Epoch: [43] [ 0/78]  eta: 0:00:39  entropy: 0.0588  uncertainty: 1.2227  uncertainty_coeffi: 0.0100  loss: 1.2623  lr: 0.000008  time: 0.5078  data: 0.4078  max mem: 2691
      TTA Epoch: [43] [77/78]  eta: 0:00:00  entropy: 0.0286  uncertainty: 1.1492  uncertainty_coeffi: 0.0100  loss: 1.1718  lr: 0.000008  time: 0.0618  data: 0.0001  max mem: 2691
      TTA Epoch: [43] Total time: 0:00:05 (0.0686 s / it)
     Averaged stats: entropy: 0.0994  uncertainty: 1.2539  uncertainty_coeffi: 0.0100  loss: 1.3302  lr: 0.0000
     itm tta time 0:00:05
      TTA Epoch: [44] [ 0/78]  eta: 0:00:34  entropy: 0.0992  uncertainty: 1.2843  uncertainty_coeffi: 0.0100  loss: 1.3751  lr: 0.000008  time: 0.4413  data: 0.3386  max mem: 2691
      TTA Epoch: [44] [77/78]  eta: 0:00:00  entropy: 0.1207  uncertainty: 1.1356  uncertainty_coeffi: 0.0100  loss: 1.2314  lr: 0.000003  time: 0.0615  data: 0.0001  max mem: 2691
      TTA Epoch: [44] Total time: 0:00:05 (0.0673 s / it)
     Averaged stats: entropy: 0.0980  uncertainty: 1.2541  uncertainty_coeffi: 0.0100  loss: 1.3287  lr: 0.0000
     itm tta time 0:00:05
      TTA Epoch: [45] [ 0/78]  eta: 0:00:37  entropy: 0.0800  uncertainty: 1.4046  uncertainty_coeffi: 0.0100  loss: 1.4663  lr: 0.000003  time: 0.4838  data: 0.3732  max mem: 2691
      TTA Epoch: [45] [77/78]  eta: 0:00:00  entropy: 0.0388  uncertainty: 1.1825  uncertainty_coeffi: 0.0100  loss: 1.2134  lr: 0.000003  time: 0.0616  data: 0.0001  max mem: 2691
      TTA Epoch: [45] Total time: 0:00:05 (0.0680 s / it)
     Averaged stats: entropy: 0.0938  uncertainty: 1.2525  uncertainty_coeffi: 0.0100  loss: 1.3241  lr: 0.0000
     itm tta time 0:00:05
      TTA Epoch: [46] [ 0/78]  eta: 0:00:35  entropy: 0.0731  uncertainty: 1.3975  uncertainty_coeffi: 0.0100  loss: 1.4507  lr: 0.000003  time: 0.4545  data: 0.3446  max mem: 2691
      TTA Epoch: [46] [77/78]  eta: 0:00:00  entropy: 0.1132  uncertainty: 1.2261  uncertainty_coeffi: 0.0100  loss: 1.3180  lr: 0.000003  time: 0.0619  data: 0.0001  max mem: 2691
      TTA Epoch: [46] Total time: 0:00:05 (0.0680 s / it)
     Averaged stats: entropy: 0.0975  uncertainty: 1.2532  uncertainty_coeffi: 0.0100  loss: 1.3276  lr: 0.0000
     itm tta time 0:00:05
      TTA Epoch: [47] [ 0/78]  eta: 0:00:39  entropy: 0.0530  uncertainty: 1.2304  uncertainty_coeffi: 0.0100  loss: 1.2710  lr: 0.000003  time: 0.5107  data: 0.3989  max mem: 2691
      TTA Epoch: [47] [77/78]  eta: 0:00:00  entropy: 0.0756  uncertainty: 1.1869  uncertainty_coeffi: 0.0100  loss: 1.2483  lr: 0.000002  time: 0.0619  data: 0.0001  max mem: 2691
      TTA Epoch: [47] Total time: 0:00:05 (0.0688 s / it)
     Averaged stats: entropy: 0.0940  uncertainty: 1.2543  uncertainty_coeffi: 0.0100  loss: 1.3256  lr: 0.0000
     itm tta time 0:00:05
      TTA Epoch: [48] [ 0/78]  eta: 0:00:33  entropy: 0.0721  uncertainty: 1.1989  uncertainty_coeffi: 0.0100  loss: 1.2575  lr: 0.000002  time: 0.4269  data: 0.3446  max mem: 2691
      TTA Epoch: [48] [77/78]  eta: 0:00:00  entropy: 0.1612  uncertainty: 1.2589  uncertainty_coeffi: 0.0100  loss: 1.3942  lr: 0.000002  time: 0.0617  data: 0.0001  max mem: 2691
      TTA Epoch: [48] Total time: 0:00:05 (0.0675 s / it)
     Averaged stats: entropy: 0.0970  uncertainty: 1.2534  uncertainty_coeffi: 0.0100  loss: 1.3279  lr: 0.0000
     itm tta time 0:00:05
      TTA Epoch: [49] [ 0/78]  eta: 0:00:38  entropy: 0.0033  uncertainty: 1.3951  uncertainty_coeffi: 0.0100  loss: 1.3973  lr: 0.000002  time: 0.4892  data: 0.3791  max mem: 2691
      TTA Epoch: [49] [77/78]  eta: 0:00:00  entropy: 0.1547  uncertainty: 1.1950  uncertainty_coeffi: 0.0100  loss: 1.3166  lr: 0.000002  time: 0.0618  data: 0.0001  max mem: 2691
      TTA Epoch: [49] Total time: 0:00:05 (0.0684 s / it)
     Averaged stats: entropy: 0.0961  uncertainty: 1.2541  uncertainty_coeffi: 0.0100  loss: 1.3274  lr: 0.0000
     itm tta time 0:00:05
     Computing matching score
      Evaluation: [   0/1978]  eta: 0:02:22    time: 0.0721  data: 0.0043  max mem: 2691
      Evaluation: [ 100/1978]  eta: 0:02:09    time: 0.0687  data: 0.0000  max mem: 2691
      Evaluation: [ 200/1978]  eta: 0:02:02    time: 0.0688  data: 0.0000  max mem: 2691
      Evaluation: [ 300/1978]  eta: 0:01:55    time: 0.0688  data: 0.0000  max mem: 2691
      Evaluation: [ 400/1978]  eta: 0:01:48    time: 0.0688  data: 0.0000  max mem: 2691
      Evaluation: [ 500/1978]  eta: 0:01:41    time: 0.0688  data: 0.0000  max mem: 2691
      Evaluation: [ 600/1978]  eta: 0:01:34    time: 0.0689  data: 0.0000  max mem: 2691
      Evaluation: [ 700/1978]  eta: 0:01:27    time: 0.0688  data: 0.0000  max mem: 2691
      Evaluation: [ 800/1978]  eta: 0:01:21    time: 0.0687  data: 0.0000  max mem: 2691
      Evaluation: [ 900/1978]  eta: 0:01:14    time: 0.0688  data: 0.0000  max mem: 2691
      Evaluation: [1000/1978]  eta: 0:01:07    time: 0.0689  data: 0.0000  max mem: 2691
      Evaluation: [1100/1978]  eta: 0:01:00    time: 0.0688  data: 0.0000  max mem: 2691
      Evaluation: [1200/1978]  eta: 0:00:53    time: 0.0689  data: 0.0000  max mem: 2691
      Evaluation: [1300/1978]  eta: 0:00:46    time: 0.0689  data: 0.0000  max mem: 2691
      Evaluation: [1400/1978]  eta: 0:00:39    time: 0.0693  data: 0.0000  max mem: 2691
      Evaluation: [1500/1978]  eta: 0:00:32    time: 0.0690  data: 0.0000  max mem: 2691
      Evaluation: [1600/1978]  eta: 0:00:26    time: 0.0690  data: 0.0000  max mem: 2691
      Evaluation: [1700/1978]  eta: 0:00:19    time: 0.0690  data: 0.0000  max mem: 2691
      Evaluation: [1800/1978]  eta: 0:00:12    time: 0.0689  data: 0.0000  max mem: 2691
      Evaluation: [1900/1978]  eta: 0:00:05    time: 0.0689  data: 0.0000  max mem: 2691
      Evaluation: [1977/1978]  eta: 0:00:00    time: 0.0690  data: 0.0000  max mem: 2691
      Evaluation: Total time: 0:02:16 (0.0689 s / it)
     Computing matching score time 0:02:16
### TTA ITM Score: 
+-------------------+--------+--------+--------+--------+--------+
|       epoch       |   R1   |   R5   |  R10   |  mAP   |  mINP  |
+-------------------+--------+--------+--------+--------+--------+
|        -999       | 69.414 | 95.197 | 97.776 | 81.233 | 81.233 |
|        -999       | 84.277 | 99.039 | 99.596 | 91.276 | 91.276 |
|  cos_sim_wo/norm  | 58.544 | 91.860 | 95.703 | 73.596 | 73.596 |
|        -999       | 69.414 | 95.197 | 97.776 | 81.233 | 81.233 |
| itm_score_wo/norm | 84.328 | 98.989 | 99.494 | 91.293 | 91.293 |
|        -999       | 84.277 | 99.039 | 99.596 | 91.276 | 91.276 |
|         0         | 84.328 | 99.039 | 99.596 | 91.301 | 91.301 |
|         1         | 84.631 | 98.989 | 99.596 | 91.451 | 91.451 |
|         2         | 84.732 | 98.989 | 99.596 | 91.472 | 91.472 |
|         4         | 84.580 | 98.938 | 99.494 | 91.357 | 91.357 |
|         9         | 84.429 | 98.635 | 99.292 | 91.210 | 91.210 |
|         14        | 84.631 | 98.635 | 99.191 | 91.301 | 91.301 |
|         19        | 84.833 | 98.736 | 99.242 | 91.391 | 91.391 |
|         29        | 84.833 | 98.686 | 99.242 | 91.393 | 91.393 |
|         39        | 84.732 | 98.635 | 99.292 | 91.342 | 91.342 |
|         49        | 84.580 | 98.686 | 99.292 | 91.267 | 91.267 |
+-------------------+--------+--------+--------+--------+--------+
     logs:  {'epo': 49, 'R1': 84.58, 'R5': 98.686, 'R10': 99.292, 'mAP': 91.267, 'mINP': 91.267, 'entropy': 0.09609, 'uncertainty': 1.254141, 'uncertainty_coeffi': 0.01, 'loss': 1.327393, 'lr': 2e-06}
      TTA Epoch: [50] [ 0/78]  eta: 0:00:34  entropy: 0.1118  uncertainty: 1.1558  uncertainty_coeffi: 0.0100  loss: 1.2593  lr: 0.000002  time: 0.4397  data: 0.3563  max mem: 2691
      TTA Epoch: [50] [77/78]  eta: 0:00:00  entropy: 0.0778  uncertainty: 1.1969  uncertainty_coeffi: 0.0100  loss: 1.2565  lr: 0.000002  time: 0.0608  data: 0.0001  max mem: 2691
      TTA Epoch: [50] Total time: 0:00:05 (0.0663 s / it)
     Averaged stats: entropy: 0.0968  uncertainty: 1.2537  uncertainty_coeffi: 0.0100  loss: 1.3281  lr: 0.0000
     itm tta time 0:00:05
      TTA Epoch: [51] [ 0/78]  eta: 0:00:37  entropy: 0.1317  uncertainty: 1.2324  uncertainty_coeffi: 0.0100  loss: 1.3484  lr: 0.000002  time: 0.4775  data: 0.3592  max mem: 2691
      TTA Epoch: [51] [77/78]  eta: 0:00:00  entropy: 0.2344  uncertainty: 1.3736  uncertainty_coeffi: 0.0100  loss: 1.5438  lr: 0.000002  time: 0.0624  data: 0.0001  max mem: 2691
      TTA Epoch: [51] Total time: 0:00:05 (0.0683 s / it)
     Averaged stats: entropy: 0.0994  uncertainty: 1.2546  uncertainty_coeffi: 0.0100  loss: 1.3310  lr: 0.0000
     itm tta time 0:00:05
      TTA Epoch: [52] [ 0/78]  eta: 0:00:41  entropy: 0.1397  uncertainty: 1.4586  uncertainty_coeffi: 0.0100  loss: 1.5516  lr: 0.000002  time: 0.5327  data: 0.4149  max mem: 2691
      TTA Epoch: [52] [77/78]  eta: 0:00:00  entropy: 0.0209  uncertainty: 1.2397  uncertainty_coeffi: 0.0100  loss: 1.2572  lr: 0.000001  time: 0.0621  data: 0.0001  max mem: 2691
      TTA Epoch: [52] Total time: 0:00:05 (0.0692 s / it)
     Averaged stats: entropy: 0.0921  uncertainty: 1.2548  uncertainty_coeffi: 0.0100  loss: 1.3253  lr: 0.0000
     itm tta time 0:00:05
      TTA Epoch: [53] [ 0/78]  eta: 0:00:46  entropy: 0.0650  uncertainty: 1.2487  uncertainty_coeffi: 0.0100  loss: 1.2976  lr: 0.000001  time: 0.5898  data: 0.4706  max mem: 2691
      TTA Epoch: [53] [77/78]  eta: 0:00:00  entropy: 0.0076  uncertainty: 1.2445  uncertainty_coeffi: 0.0100  loss: 1.2501  lr: 0.000001  time: 0.0628  data: 0.0001  max mem: 2691
      TTA Epoch: [53] Total time: 0:00:05 (0.0704 s / it)
     Averaged stats: entropy: 0.0917  uncertainty: 1.2552  uncertainty_coeffi: 0.0100  loss: 1.3251  lr: 0.0000
     itm tta time 0:00:05
      TTA Epoch: [54] [ 0/78]  eta: 0:00:39  entropy: 0.0712  uncertainty: 1.2906  uncertainty_coeffi: 0.0100  loss: 1.3427  lr: 0.000001  time: 0.5063  data: 0.3851  max mem: 2691
      TTA Epoch: [54] [77/78]  eta: 0:00:00  entropy: 0.0459  uncertainty: 1.1748  uncertainty_coeffi: 0.0100  loss: 1.2101  lr: 0.000001  time: 0.0625  data: 0.0001  max mem: 2691
      TTA Epoch: [54] Total time: 0:00:05 (0.0691 s / it)
     Averaged stats: entropy: 0.0974  uncertainty: 1.2541  uncertainty_coeffi: 0.0100  loss: 1.3287  lr: 0.0000
     itm tta time 0:00:05
      TTA Epoch: [55] [ 0/78]  eta: 0:00:34  entropy: 0.1309  uncertainty: 1.2066  uncertainty_coeffi: 0.0100  loss: 1.3172  lr: 0.000001  time: 0.4468  data: 0.3578  max mem: 2691
      TTA Epoch: [55] [77/78]  eta: 0:00:00  entropy: 0.0913  uncertainty: 1.2292  uncertainty_coeffi: 0.0100  loss: 1.3001  lr: 0.000001  time: 0.0618  data: 0.0001  max mem: 2691
      TTA Epoch: [55] Total time: 0:00:05 (0.0680 s / it)
     Averaged stats: entropy: 0.0959  uncertainty: 1.2545  uncertainty_coeffi: 0.0100  loss: 1.3277  lr: 0.0000
     itm tta time 0:00:05
      TTA Epoch: [56] [ 0/78]  eta: 0:00:40  entropy: 0.1875  uncertainty: 1.2331  uncertainty_coeffi: 0.0100  loss: 1.3763  lr: 0.000001  time: 0.5177  data: 0.4105  max mem: 2691
      TTA Epoch: [56] [77/78]  eta: 0:00:00  entropy: 0.1327  uncertainty: 1.1520  uncertainty_coeffi: 0.0100  loss: 1.2614  lr: 0.000001  time: 0.0618  data: 0.0001  max mem: 2691
      TTA Epoch: [56] Total time: 0:00:05 (0.0690 s / it)
     Averaged stats: entropy: 0.0910  uncertainty: 1.2546  uncertainty_coeffi: 0.0100  loss: 1.3238  lr: 0.0000
     itm tta time 0:00:05
      TTA Epoch: [57] [ 0/78]  eta: 0:00:34  entropy: 0.1227  uncertainty: 1.2537  uncertainty_coeffi: 0.0100  loss: 1.3573  lr: 0.000001  time: 0.4442  data: 0.3586  max mem: 2691
      TTA Epoch: [57] [77/78]  eta: 0:00:00  entropy: 0.1204  uncertainty: 1.1325  uncertainty_coeffi: 0.0100  loss: 1.2402  lr: 0.000001  time: 0.0615  data: 0.0001  max mem: 2691
      TTA Epoch: [57] Total time: 0:00:05 (0.0677 s / it)
     Averaged stats: entropy: 0.0911  uncertainty: 1.2541  uncertainty_coeffi: 0.0100  loss: 1.3244  lr: 0.0000
     itm tta time 0:00:05
      TTA Epoch: [58] [ 0/78]  eta: 0:00:36  entropy: 0.0907  uncertainty: 1.2271  uncertainty_coeffi: 0.0100  loss: 1.2986  lr: 0.000001  time: 0.4696  data: 0.3678  max mem: 2691
      TTA Epoch: [58] [77/78]  eta: 0:00:00  entropy: 0.1206  uncertainty: 1.2181  uncertainty_coeffi: 0.0100  loss: 1.2901  lr: 0.000000  time: 0.0616  data: 0.0001  max mem: 2691
      TTA Epoch: [58] Total time: 0:00:05 (0.0682 s / it)
     Averaged stats: entropy: 0.0934  uncertainty: 1.2526  uncertainty_coeffi: 0.0100  loss: 1.3235  lr: 0.0000
     itm tta time 0:00:05
      TTA Epoch: [59] [ 0/78]  eta: 0:00:39  entropy: 0.0393  uncertainty: 1.1542  uncertainty_coeffi: 0.0100  loss: 1.1851  lr: 0.000000  time: 0.5033  data: 0.3852  max mem: 2691
      TTA Epoch: [59] [77/78]  eta: 0:00:00  entropy: 0.1187  uncertainty: 1.2735  uncertainty_coeffi: 0.0100  loss: 1.3671  lr: 0.000000  time: 0.0619  data: 0.0001  max mem: 2691
      TTA Epoch: [59] Total time: 0:00:05 (0.0688 s / it)
     Averaged stats: entropy: 0.0885  uncertainty: 1.2539  uncertainty_coeffi: 0.0100  loss: 1.3215  lr: 0.0000
     itm tta time 0:00:05
     Computing matching score
      Evaluation: [   0/1978]  eta: 0:02:33    time: 0.0777  data: 0.0039  max mem: 2691
      Evaluation: [ 100/1978]  eta: 0:02:09    time: 0.0677  data: 0.0000  max mem: 2691
      Evaluation: [ 200/1978]  eta: 0:02:01    time: 0.0677  data: 0.0000  max mem: 2691
      Evaluation: [ 300/1978]  eta: 0:01:54    time: 0.0678  data: 0.0000  max mem: 2691
      Evaluation: [ 400/1978]  eta: 0:01:47    time: 0.0678  data: 0.0000  max mem: 2691
      Evaluation: [ 500/1978]  eta: 0:01:40    time: 0.0678  data: 0.0000  max mem: 2691
      Evaluation: [ 600/1978]  eta: 0:01:34    time: 0.0713  data: 0.0000  max mem: 2691
      Evaluation: [ 700/1978]  eta: 0:01:27    time: 0.0679  data: 0.0000  max mem: 2691
      Evaluation: [ 800/1978]  eta: 0:01:20    time: 0.0678  data: 0.0000  max mem: 2691
      Evaluation: [ 900/1978]  eta: 0:01:13    time: 0.0677  data: 0.0000  max mem: 2691
      Evaluation: [1000/1978]  eta: 0:01:06    time: 0.0677  data: 0.0000  max mem: 2691
      Evaluation: [1100/1978]  eta: 0:00:59    time: 0.0678  data: 0.0000  max mem: 2691
      Evaluation: [1200/1978]  eta: 0:00:52    time: 0.0677  data: 0.0000  max mem: 2691
      Evaluation: [1300/1978]  eta: 0:00:46    time: 0.0677  data: 0.0000  max mem: 2691
      Evaluation: [1400/1978]  eta: 0:00:39    time: 0.0676  data: 0.0000  max mem: 2691
      Evaluation: [1500/1978]  eta: 0:00:32    time: 0.0679  data: 0.0000  max mem: 2691
      Evaluation: [1600/1978]  eta: 0:00:25    time: 0.0677  data: 0.0000  max mem: 2691
      Evaluation: [1700/1978]  eta: 0:00:18    time: 0.0678  data: 0.0000  max mem: 2691
      Evaluation: [1800/1978]  eta: 0:00:12    time: 0.0678  data: 0.0000  max mem: 2691
      Evaluation: [1900/1978]  eta: 0:00:05    time: 0.0678  data: 0.0000  max mem: 2691
      Evaluation: [1977/1978]  eta: 0:00:00    time: 0.0678  data: 0.0000  max mem: 2691
      Evaluation: Total time: 0:02:14 (0.0679 s / it)
     Computing matching score time 0:02:14
### TTA ITM Score: 
+-------------------+--------+--------+--------+--------+--------+
|       epoch       |   R1   |   R5   |  R10   |  mAP   |  mINP  |
+-------------------+--------+--------+--------+--------+--------+
|        -999       | 69.414 | 95.197 | 97.776 | 81.233 | 81.233 |
|        -999       | 84.277 | 99.039 | 99.596 | 91.276 | 91.276 |
|  cos_sim_wo/norm  | 58.544 | 91.860 | 95.703 | 73.596 | 73.596 |
|        -999       | 69.414 | 95.197 | 97.776 | 81.233 | 81.233 |
| itm_score_wo/norm | 84.328 | 98.989 | 99.494 | 91.293 | 91.293 |
|        -999       | 84.277 | 99.039 | 99.596 | 91.276 | 91.276 |
|         0         | 84.328 | 99.039 | 99.596 | 91.301 | 91.301 |
|         1         | 84.631 | 98.989 | 99.596 | 91.451 | 91.451 |
|         2         | 84.732 | 98.989 | 99.596 | 91.472 | 91.472 |
|         4         | 84.580 | 98.938 | 99.494 | 91.357 | 91.357 |
|         9         | 84.429 | 98.635 | 99.292 | 91.210 | 91.210 |
|         14        | 84.631 | 98.635 | 99.191 | 91.301 | 91.301 |
|         19        | 84.833 | 98.736 | 99.242 | 91.391 | 91.391 |
|         29        | 84.833 | 98.686 | 99.242 | 91.393 | 91.393 |
|         39        | 84.732 | 98.635 | 99.292 | 91.342 | 91.342 |
|         49        | 84.580 | 98.686 | 99.292 | 91.267 | 91.267 |
|         59        | 84.580 | 98.686 | 99.292 | 91.267 | 91.267 |
+-------------------+--------+--------+--------+--------+--------+
     logs:  {'epo': 59, 'R1': 84.58, 'R5': 98.686, 'R10': 99.292, 'mAP': 91.267, 'mINP': 91.267, 'entropy': 0.08851, 'uncertainty': 1.253885, 'uncertainty_coeffi': 0.01, 'loss': 1.321475, 'lr': 0.0}
### best epoch 19 : {'epo': '19', 'R1': '84.833', 'R5': '98.736', 'R10': '99.242', 'mAP': '91.391', 'mINP': '91.391', 'entropy': '0.12686', 'uncertainty': '1.253528', 'uncertainty_coeffi': '0.01', 'loss': '1.351327', 'lr': '3.8e-05'}
### Time 0:30:24
NNODES,  1
NODE_RANK,  0
MASTER_ADDR,  127.0.0.1
MASTER_PORT,  1612
NPROC_PER_NODE,  2
task:  exp7.0.3
config:  configs_rerun4/exp7.0.3.yaml
output_dir:  output_rerun4/exp7.0.3/2025092122261
python3 tta.py --config configs_rerun4/exp7.0.3.yaml --task exp7.0.3 --output_dir output_rerun4/exp7.0.3/2025092122261 --checkpoint checkpoint/cmp.pth --bs 0 --epo 0 --lr 0.0 --seed 42 --tta
