/home/jiahao/miniconda3/envs/cmp/lib/python3.10/site-packages/torch/functional.py:554: UserWarning: torch.meshgrid: in an upcoming release, it will be required to pass the indexing argument. (Triggered internally at /pytorch/aten/src/ATen/native/TensorShape.cpp:4322.)
  return _VF.meshgrid(tensors, **kwargs)  # type: ignore[attr-defined]
Not using distributed mode
### Hyper-parameters:
     seed: 42
     device: cuda
     output_dir: output_rerun4/exp7/2025092120474
     batch_size_tta: 16
     epochs: 60
     lr: 0.001
### Creating test dataset
from data/PAB/annotation/test/attr.json loading 1978 data
     test dataset -->    be_pose_img: True
     test_dataset: 1978
### Creating test dataloader
### be careful: func create_loader returns a list length of 1
     test_loader: 90
### Creating model
build_vision_encoder: load swin 224 x 224 ====>
missing_keys:  []
unexpected_keys:  ['head.weight', 'head.bias']
build_text_encoder: load bert ====>
missing_keys: ['bert.encoder.layer.10.crossattention.output.LayerNorm.bias', 'bert.encoder.layer.10.crossattention.output.LayerNorm.weight', 'bert.encoder.layer.10.crossattention.output.dense.bias', 'bert.encoder.layer.10.crossattention.output.dense.weight', 'bert.encoder.layer.10.crossattention.self.key.bias', 'bert.encoder.layer.10.crossattention.self.key.weight', 'bert.encoder.layer.10.crossattention.self.query.bias', 'bert.encoder.layer.10.crossattention.self.query.weight', 'bert.encoder.layer.10.crossattention.self.value.bias', 'bert.encoder.layer.10.crossattention.self.value.weight', 'bert.encoder.layer.11.crossattention.output.LayerNorm.bias', 'bert.encoder.layer.11.crossattention.output.LayerNorm.weight', 'bert.encoder.layer.11.crossattention.output.dense.bias', 'bert.encoder.layer.11.crossattention.output.dense.weight', 'bert.encoder.layer.11.crossattention.self.key.bias', 'bert.encoder.layer.11.crossattention.self.key.weight', 'bert.encoder.layer.11.crossattention.self.query.bias', 'bert.encoder.layer.11.crossattention.self.query.weight', 'bert.encoder.layer.11.crossattention.self.value.bias', 'bert.encoder.layer.11.crossattention.self.value.weight', 'bert.encoder.layer.6.crossattention.output.LayerNorm.bias', 'bert.encoder.layer.6.crossattention.output.LayerNorm.weight', 'bert.encoder.layer.6.crossattention.output.dense.bias', 'bert.encoder.layer.6.crossattention.output.dense.weight', 'bert.encoder.layer.6.crossattention.self.key.bias', 'bert.encoder.layer.6.crossattention.self.key.weight', 'bert.encoder.layer.6.crossattention.self.query.bias', 'bert.encoder.layer.6.crossattention.self.query.weight', 'bert.encoder.layer.6.crossattention.self.value.bias', 'bert.encoder.layer.6.crossattention.self.value.weight', 'bert.encoder.layer.7.crossattention.output.LayerNorm.bias', 'bert.encoder.layer.7.crossattention.output.LayerNorm.weight', 'bert.encoder.layer.7.crossattention.output.dense.bias', 'bert.encoder.layer.7.crossattention.output.dense.weight', 'bert.encoder.layer.7.crossattention.self.key.bias', 'bert.encoder.layer.7.crossattention.self.key.weight', 'bert.encoder.layer.7.crossattention.self.query.bias', 'bert.encoder.layer.7.crossattention.self.query.weight', 'bert.encoder.layer.7.crossattention.self.value.bias', 'bert.encoder.layer.7.crossattention.self.value.weight', 'bert.encoder.layer.8.crossattention.output.LayerNorm.bias', 'bert.encoder.layer.8.crossattention.output.LayerNorm.weight', 'bert.encoder.layer.8.crossattention.output.dense.bias', 'bert.encoder.layer.8.crossattention.output.dense.weight', 'bert.encoder.layer.8.crossattention.self.key.bias', 'bert.encoder.layer.8.crossattention.self.key.weight', 'bert.encoder.layer.8.crossattention.self.query.bias', 'bert.encoder.layer.8.crossattention.self.query.weight', 'bert.encoder.layer.8.crossattention.self.value.bias', 'bert.encoder.layer.8.crossattention.self.value.weight', 'bert.encoder.layer.9.crossattention.output.LayerNorm.bias', 'bert.encoder.layer.9.crossattention.output.LayerNorm.weight', 'bert.encoder.layer.9.crossattention.output.dense.bias', 'bert.encoder.layer.9.crossattention.output.dense.weight', 'bert.encoder.layer.9.crossattention.self.key.bias', 'bert.encoder.layer.9.crossattention.self.key.weight', 'bert.encoder.layer.9.crossattention.self.query.bias', 'bert.encoder.layer.9.crossattention.self.query.weight', 'bert.encoder.layer.9.crossattention.self.value.bias', 'bert.encoder.layer.9.crossattention.self.value.weight']
unexpected_keys: ['cls.seq_relationship.bias', 'cls.seq_relationship.weight']
mismatched_keys: []
error_msgs: []
Label Smooth: 0.2
pose_conv
load checkpoint from checkpoint/cmp.pth
missing_keys:  ['uncertainty_temper', 'prompt_learning_embedding']
unexpected_keys:  []
     Total Params Sum:  254264985
### Inference ITC similiarity matrix
     Computing text features for evaluation
     Computing image features for evaluation
/home/jiahao/task/CMP/eval.py:129: UserWarning: To copy construct from a tensor, it is recommended to use sourceTensor.detach().clone() or sourceTensor.detach().clone().requires_grad_(True), rather than torch.tensor(sourceTensor).
  similarity = torch.tensor(scores_t2i)
     Computing features time 0:00:15
### Zero-Shot ITC Score: 
+-------+--------+--------+--------+--------+--------+
| epoch |   R1   |   R5   |  R10   |  mAP   |  mINP  |
+-------+--------+--------+--------+--------+--------+
|  -999 | 69.414 | 95.197 | 97.776 | 81.233 | 81.233 |
+-------+--------+--------+--------+--------+--------+
     Computing matching score
      Evaluation: [   0/1978]  eta: 0:02:38    time: 0.0802  data: 0.0029  max mem: 2603
      Evaluation: [ 100/1978]  eta: 0:02:11    time: 0.0702  data: 0.0000  max mem: 2603
      Evaluation: [ 200/1978]  eta: 0:02:04    time: 0.0701  data: 0.0000  max mem: 2603
      Evaluation: [ 300/1978]  eta: 0:01:57    time: 0.0689  data: 0.0000  max mem: 2603
      Evaluation: [ 400/1978]  eta: 0:01:49    time: 0.0675  data: 0.0000  max mem: 2603
      Evaluation: [ 500/1978]  eta: 0:01:41    time: 0.0673  data: 0.0000  max mem: 2603
      Evaluation: [ 600/1978]  eta: 0:01:34    time: 0.0674  data: 0.0000  max mem: 2603
      Evaluation: [ 700/1978]  eta: 0:01:27    time: 0.0674  data: 0.0000  max mem: 2603
      Evaluation: [ 800/1978]  eta: 0:01:20    time: 0.0673  data: 0.0000  max mem: 2603
      Evaluation: [ 900/1978]  eta: 0:01:13    time: 0.0677  data: 0.0000  max mem: 2603
      Evaluation: [1000/1978]  eta: 0:01:06    time: 0.0678  data: 0.0000  max mem: 2603
      Evaluation: [1100/1978]  eta: 0:00:59    time: 0.0679  data: 0.0000  max mem: 2603
      Evaluation: [1200/1978]  eta: 0:00:53    time: 0.0680  data: 0.0000  max mem: 2603
      Evaluation: [1300/1978]  eta: 0:00:46    time: 0.0677  data: 0.0000  max mem: 2603
      Evaluation: [1400/1978]  eta: 0:00:39    time: 0.0678  data: 0.0000  max mem: 2603
      Evaluation: [1500/1978]  eta: 0:00:32    time: 0.0679  data: 0.0000  max mem: 2603
      Evaluation: [1600/1978]  eta: 0:00:25    time: 0.0677  data: 0.0000  max mem: 2603
      Evaluation: [1700/1978]  eta: 0:00:18    time: 0.0676  data: 0.0000  max mem: 2603
      Evaluation: [1800/1978]  eta: 0:00:12    time: 0.0676  data: 0.0000  max mem: 2603
      Evaluation: [1900/1978]  eta: 0:00:05    time: 0.0675  data: 0.0000  max mem: 2603
      Evaluation: [1977/1978]  eta: 0:00:00    time: 0.0677  data: 0.0000  max mem: 2603
      Evaluation: Total time: 0:02:14 (0.0680 s / it)
     Computing matching score time 0:02:14
### Zero-Shot ITM Score: 
+-------+--------+--------+--------+--------+--------+
| epoch |   R1   |   R5   |  R10   |  mAP   |  mINP  |
+-------+--------+--------+--------+--------+--------+
|  -999 | 69.414 | 95.197 | 97.776 | 81.233 | 81.233 |
|  -999 | 84.277 | 99.039 | 99.596 | 91.276 | 91.276 |
+-------+--------+--------+--------+--------+--------+
### Zero-Shot Score: 
+-------------------+--------+--------+--------+--------+--------+
|       epoch       |   R1   |   R5   |  R10   |  mAP   |  mINP  |
+-------------------+--------+--------+--------+--------+--------+
|        -999       | 69.414 | 95.197 | 97.776 | 81.233 | 81.233 |
|        -999       | 84.277 | 99.039 | 99.596 | 91.276 | 91.276 |
|  cos_sim_wo/norm  | 58.544 | 91.860 | 95.703 | 73.596 | 73.596 |
|        -999       | 69.414 | 95.197 | 97.776 | 81.233 | 81.233 |
| itm_score_wo/norm | 84.328 | 98.989 | 99.494 | 91.293 | 91.293 |
|        -999       | 84.277 | 99.039 | 99.596 | 91.276 | 91.276 |
+-------------------+--------+--------+--------+--------+--------+
### TTA:
     preprocess_tta_coefficients  start
     sample selection ...
     number of sample after sample_selection: 1257
     uncertainty ...
     preprocess_tta_coefficients  end
### Creating tta dataset
     tta_dataset: 1257
### Creating tta dataloader
### be careful: func create_loader returns a list length of 1
     tta_loader: 78
### Configure adapted weights
     TTA Dropout Modules: 
 [('vision_encoder.pos_drop', Dropout(p=0, inplace=False), True), ('vision_encoder.layers.0.blocks.0.attn.attn_drop', Dropout(p=0.0, inplace=False), True), ('vision_encoder.layers.0.blocks.0.attn.proj_drop', Dropout(p=0, inplace=False), True), ('vision_encoder.layers.0.blocks.0.mlp.drop', Dropout(p=0, inplace=False), True), ('vision_encoder.layers.0.blocks.1.attn.attn_drop', Dropout(p=0.0, inplace=False), True), ('vision_encoder.layers.0.blocks.1.attn.proj_drop', Dropout(p=0, inplace=False), True), ('vision_encoder.layers.0.blocks.1.mlp.drop', Dropout(p=0, inplace=False), True), ('vision_encoder.layers.1.blocks.0.attn.attn_drop', Dropout(p=0.0, inplace=False), True), ('vision_encoder.layers.1.blocks.0.attn.proj_drop', Dropout(p=0, inplace=False), True), ('vision_encoder.layers.1.blocks.0.mlp.drop', Dropout(p=0, inplace=False), True), ('vision_encoder.layers.1.blocks.1.attn.attn_drop', Dropout(p=0.0, inplace=False), True), ('vision_encoder.layers.1.blocks.1.attn.proj_drop', Dropout(p=0, inplace=False), True), ('vision_encoder.layers.1.blocks.1.mlp.drop', Dropout(p=0, inplace=False), True), ('vision_encoder.layers.2.blocks.0.attn.attn_drop', Dropout(p=0.0, inplace=False), True), ('vision_encoder.layers.2.blocks.0.attn.proj_drop', Dropout(p=0, inplace=False), True), ('vision_encoder.layers.2.blocks.0.mlp.drop', Dropout(p=0, inplace=False), True), ('vision_encoder.layers.2.blocks.1.attn.attn_drop', Dropout(p=0.0, inplace=False), True), ('vision_encoder.layers.2.blocks.1.attn.proj_drop', Dropout(p=0, inplace=False), True), ('vision_encoder.layers.2.blocks.1.mlp.drop', Dropout(p=0, inplace=False), True), ('vision_encoder.layers.2.blocks.2.attn.attn_drop', Dropout(p=0.0, inplace=False), True), ('vision_encoder.layers.2.blocks.2.attn.proj_drop', Dropout(p=0, inplace=False), True), ('vision_encoder.layers.2.blocks.2.mlp.drop', Dropout(p=0, inplace=False), True), ('vision_encoder.layers.2.blocks.3.attn.attn_drop', Dropout(p=0.0, inplace=False), True), ('vision_encoder.layers.2.blocks.3.attn.proj_drop', Dropout(p=0, inplace=False), True), ('vision_encoder.layers.2.blocks.3.mlp.drop', Dropout(p=0, inplace=False), True), ('vision_encoder.layers.2.blocks.4.attn.attn_drop', Dropout(p=0.0, inplace=False), True), ('vision_encoder.layers.2.blocks.4.attn.proj_drop', Dropout(p=0, inplace=False), True), ('vision_encoder.layers.2.blocks.4.mlp.drop', Dropout(p=0, inplace=False), True), ('vision_encoder.layers.2.blocks.5.attn.attn_drop', Dropout(p=0.0, inplace=False), True), ('vision_encoder.layers.2.blocks.5.attn.proj_drop', Dropout(p=0, inplace=False), True), ('vision_encoder.layers.2.blocks.5.mlp.drop', Dropout(p=0, inplace=False), True), ('vision_encoder.layers.2.blocks.6.attn.attn_drop', Dropout(p=0.0, inplace=False), True), ('vision_encoder.layers.2.blocks.6.attn.proj_drop', Dropout(p=0, inplace=False), True), ('vision_encoder.layers.2.blocks.6.mlp.drop', Dropout(p=0, inplace=False), True), ('vision_encoder.layers.2.blocks.7.attn.attn_drop', Dropout(p=0.0, inplace=False), True), ('vision_encoder.layers.2.blocks.7.attn.proj_drop', Dropout(p=0, inplace=False), True), ('vision_encoder.layers.2.blocks.7.mlp.drop', Dropout(p=0, inplace=False), True), ('vision_encoder.layers.2.blocks.8.attn.attn_drop', Dropout(p=0.0, inplace=False), True), ('vision_encoder.layers.2.blocks.8.attn.proj_drop', Dropout(p=0, inplace=False), True), ('vision_encoder.layers.2.blocks.8.mlp.drop', Dropout(p=0, inplace=False), True), ('vision_encoder.layers.2.blocks.9.attn.attn_drop', Dropout(p=0.0, inplace=False), True), ('vision_encoder.layers.2.blocks.9.attn.proj_drop', Dropout(p=0, inplace=False), True), ('vision_encoder.layers.2.blocks.9.mlp.drop', Dropout(p=0, inplace=False), True), ('vision_encoder.layers.2.blocks.10.attn.attn_drop', Dropout(p=0.0, inplace=False), True), ('vision_encoder.layers.2.blocks.10.attn.proj_drop', Dropout(p=0, inplace=False), True), ('vision_encoder.layers.2.blocks.10.mlp.drop', Dropout(p=0, inplace=False), True), ('vision_encoder.layers.2.blocks.11.attn.attn_drop', Dropout(p=0.0, inplace=False), True), ('vision_encoder.layers.2.blocks.11.attn.proj_drop', Dropout(p=0, inplace=False), True), ('vision_encoder.layers.2.blocks.11.mlp.drop', Dropout(p=0, inplace=False), True), ('vision_encoder.layers.2.blocks.12.attn.attn_drop', Dropout(p=0.0, inplace=False), True), ('vision_encoder.layers.2.blocks.12.attn.proj_drop', Dropout(p=0, inplace=False), True), ('vision_encoder.layers.2.blocks.12.mlp.drop', Dropout(p=0, inplace=False), True), ('vision_encoder.layers.2.blocks.13.attn.attn_drop', Dropout(p=0.0, inplace=False), True), ('vision_encoder.layers.2.blocks.13.attn.proj_drop', Dropout(p=0, inplace=False), True), ('vision_encoder.layers.2.blocks.13.mlp.drop', Dropout(p=0, inplace=False), True), ('vision_encoder.layers.2.blocks.14.attn.attn_drop', Dropout(p=0.0, inplace=False), True), ('vision_encoder.layers.2.blocks.14.attn.proj_drop', Dropout(p=0, inplace=False), True), ('vision_encoder.layers.2.blocks.14.mlp.drop', Dropout(p=0, inplace=False), True), ('vision_encoder.layers.2.blocks.15.attn.attn_drop', Dropout(p=0.0, inplace=False), True), ('vision_encoder.layers.2.blocks.15.attn.proj_drop', Dropout(p=0, inplace=False), True), ('vision_encoder.layers.2.blocks.15.mlp.drop', Dropout(p=0, inplace=False), True), ('vision_encoder.layers.2.blocks.16.attn.attn_drop', Dropout(p=0.0, inplace=False), True), ('vision_encoder.layers.2.blocks.16.attn.proj_drop', Dropout(p=0, inplace=False), True), ('vision_encoder.layers.2.blocks.16.mlp.drop', Dropout(p=0, inplace=False), True), ('vision_encoder.layers.2.blocks.17.attn.attn_drop', Dropout(p=0.0, inplace=False), True), ('vision_encoder.layers.2.blocks.17.attn.proj_drop', Dropout(p=0, inplace=False), True), ('vision_encoder.layers.2.blocks.17.mlp.drop', Dropout(p=0, inplace=False), True), ('vision_encoder.layers.3.blocks.0.attn.attn_drop', Dropout(p=0.0, inplace=False), True), ('vision_encoder.layers.3.blocks.0.attn.proj_drop', Dropout(p=0, inplace=False), True), ('vision_encoder.layers.3.blocks.0.mlp.drop', Dropout(p=0, inplace=False), True), ('vision_encoder.layers.3.blocks.1.attn.attn_drop', Dropout(p=0.0, inplace=False), True), ('vision_encoder.layers.3.blocks.1.attn.proj_drop', Dropout(p=0, inplace=False), True), ('vision_encoder.layers.3.blocks.1.mlp.drop', Dropout(p=0, inplace=False), True), ('text_encoder.bert.embeddings.dropout', Dropout(p=0.1, inplace=False), True), ('text_encoder.bert.encoder.layer.0.attention.self.dropout', Dropout(p=0.1, inplace=False), True), ('text_encoder.bert.encoder.layer.0.attention.output.dropout', Dropout(p=0.1, inplace=False), True), ('text_encoder.bert.encoder.layer.0.output.dropout', Dropout(p=0.1, inplace=False), True), ('text_encoder.bert.encoder.layer.1.attention.self.dropout', Dropout(p=0.1, inplace=False), True), ('text_encoder.bert.encoder.layer.1.attention.output.dropout', Dropout(p=0.1, inplace=False), True), ('text_encoder.bert.encoder.layer.1.output.dropout', Dropout(p=0.1, inplace=False), True), ('text_encoder.bert.encoder.layer.2.attention.self.dropout', Dropout(p=0.1, inplace=False), True), ('text_encoder.bert.encoder.layer.2.attention.output.dropout', Dropout(p=0.1, inplace=False), True), ('text_encoder.bert.encoder.layer.2.output.dropout', Dropout(p=0.1, inplace=False), True), ('text_encoder.bert.encoder.layer.3.attention.self.dropout', Dropout(p=0.1, inplace=False), True), ('text_encoder.bert.encoder.layer.3.attention.output.dropout', Dropout(p=0.1, inplace=False), True), ('text_encoder.bert.encoder.layer.3.output.dropout', Dropout(p=0.1, inplace=False), True), ('text_encoder.bert.encoder.layer.4.attention.self.dropout', Dropout(p=0.1, inplace=False), True), ('text_encoder.bert.encoder.layer.4.attention.output.dropout', Dropout(p=0.1, inplace=False), True), ('text_encoder.bert.encoder.layer.4.output.dropout', Dropout(p=0.1, inplace=False), True), ('text_encoder.bert.encoder.layer.5.attention.self.dropout', Dropout(p=0.1, inplace=False), True), ('text_encoder.bert.encoder.layer.5.attention.output.dropout', Dropout(p=0.1, inplace=False), True), ('text_encoder.bert.encoder.layer.5.output.dropout', Dropout(p=0.1, inplace=False), True), ('text_encoder.bert.encoder.layer.6.attention.self.dropout', Dropout(p=0.1, inplace=False), True), ('text_encoder.bert.encoder.layer.6.attention.output.dropout', Dropout(p=0.1, inplace=False), True), ('text_encoder.bert.encoder.layer.6.crossattention.self.dropout', Dropout(p=0.1, inplace=False), True), ('text_encoder.bert.encoder.layer.6.crossattention.output.dropout', Dropout(p=0.1, inplace=False), True), ('text_encoder.bert.encoder.layer.6.output.dropout', Dropout(p=0.1, inplace=False), True), ('text_encoder.bert.encoder.layer.7.attention.self.dropout', Dropout(p=0.1, inplace=False), True), ('text_encoder.bert.encoder.layer.7.attention.output.dropout', Dropout(p=0.1, inplace=False), True), ('text_encoder.bert.encoder.layer.7.crossattention.self.dropout', Dropout(p=0.1, inplace=False), True), ('text_encoder.bert.encoder.layer.7.crossattention.output.dropout', Dropout(p=0.1, inplace=False), True), ('text_encoder.bert.encoder.layer.7.output.dropout', Dropout(p=0.1, inplace=False), True), ('text_encoder.bert.encoder.layer.8.attention.self.dropout', Dropout(p=0.1, inplace=False), True), ('text_encoder.bert.encoder.layer.8.attention.output.dropout', Dropout(p=0.1, inplace=False), True), ('text_encoder.bert.encoder.layer.8.crossattention.self.dropout', Dropout(p=0.1, inplace=False), True), ('text_encoder.bert.encoder.layer.8.crossattention.output.dropout', Dropout(p=0.1, inplace=False), True), ('text_encoder.bert.encoder.layer.8.output.dropout', Dropout(p=0.1, inplace=False), True), ('text_encoder.bert.encoder.layer.9.attention.self.dropout', Dropout(p=0.1, inplace=False), True), ('text_encoder.bert.encoder.layer.9.attention.output.dropout', Dropout(p=0.1, inplace=False), True), ('text_encoder.bert.encoder.layer.9.crossattention.self.dropout', Dropout(p=0.1, inplace=False), True), ('text_encoder.bert.encoder.layer.9.crossattention.output.dropout', Dropout(p=0.1, inplace=False), True), ('text_encoder.bert.encoder.layer.9.output.dropout', Dropout(p=0.1, inplace=False), True), ('text_encoder.bert.encoder.layer.10.attention.self.dropout', Dropout(p=0.1, inplace=False), True), ('text_encoder.bert.encoder.layer.10.attention.output.dropout', Dropout(p=0.1, inplace=False), True), ('text_encoder.bert.encoder.layer.10.crossattention.self.dropout', Dropout(p=0.1, inplace=False), True), ('text_encoder.bert.encoder.layer.10.crossattention.output.dropout', Dropout(p=0.1, inplace=False), True), ('text_encoder.bert.encoder.layer.10.output.dropout', Dropout(p=0.1, inplace=False), True), ('text_encoder.bert.encoder.layer.11.attention.self.dropout', Dropout(p=0.1, inplace=False), True), ('text_encoder.bert.encoder.layer.11.attention.output.dropout', Dropout(p=0.1, inplace=False), True), ('text_encoder.bert.encoder.layer.11.crossattention.self.dropout', Dropout(p=0.1, inplace=False), True), ('text_encoder.bert.encoder.layer.11.crossattention.output.dropout', Dropout(p=0.1, inplace=False), True), ('text_encoder.bert.encoder.layer.11.output.dropout', Dropout(p=0.1, inplace=False), True), ('vision_proj.1', Dropout(p=0.5, inplace=False), True), ('text_proj.1', Dropout(p=0.5, inplace=False), True), ('pose_block.attn.attn_drop', Dropout(p=0.0, inplace=False), True), ('pose_block.attn.proj_drop', Dropout(p=0.0, inplace=False), True)]
     TTA Require Gradient Params: 
 [('text_encoder.bert.embeddings.LayerNorm.weight', torch.Size([768])), ('text_encoder.bert.embeddings.LayerNorm.bias', torch.Size([768])), ('text_encoder.bert.encoder.layer.6.attention.output.LayerNorm.weight', torch.Size([768])), ('text_encoder.bert.encoder.layer.6.attention.output.LayerNorm.bias', torch.Size([768])), ('text_encoder.bert.encoder.layer.6.crossattention.output.LayerNorm.weight', torch.Size([768])), ('text_encoder.bert.encoder.layer.6.crossattention.output.LayerNorm.bias', torch.Size([768])), ('text_encoder.bert.encoder.layer.6.output.LayerNorm.weight', torch.Size([768])), ('text_encoder.bert.encoder.layer.6.output.LayerNorm.bias', torch.Size([768])), ('text_encoder.bert.encoder.layer.7.attention.output.LayerNorm.weight', torch.Size([768])), ('text_encoder.bert.encoder.layer.7.attention.output.LayerNorm.bias', torch.Size([768])), ('text_encoder.bert.encoder.layer.7.crossattention.output.LayerNorm.weight', torch.Size([768])), ('text_encoder.bert.encoder.layer.7.crossattention.output.LayerNorm.bias', torch.Size([768])), ('text_encoder.bert.encoder.layer.7.output.LayerNorm.weight', torch.Size([768])), ('text_encoder.bert.encoder.layer.7.output.LayerNorm.bias', torch.Size([768])), ('text_encoder.bert.encoder.layer.8.attention.output.LayerNorm.weight', torch.Size([768])), ('text_encoder.bert.encoder.layer.8.attention.output.LayerNorm.bias', torch.Size([768])), ('text_encoder.bert.encoder.layer.8.crossattention.output.LayerNorm.weight', torch.Size([768])), ('text_encoder.bert.encoder.layer.8.crossattention.output.LayerNorm.bias', torch.Size([768])), ('text_encoder.bert.encoder.layer.8.output.LayerNorm.weight', torch.Size([768])), ('text_encoder.bert.encoder.layer.8.output.LayerNorm.bias', torch.Size([768])), ('text_encoder.bert.encoder.layer.9.attention.output.LayerNorm.weight', torch.Size([768])), ('text_encoder.bert.encoder.layer.9.attention.output.LayerNorm.bias', torch.Size([768])), ('text_encoder.bert.encoder.layer.9.crossattention.output.LayerNorm.weight', torch.Size([768])), ('text_encoder.bert.encoder.layer.9.crossattention.output.LayerNorm.bias', torch.Size([768])), ('text_encoder.bert.encoder.layer.9.output.LayerNorm.weight', torch.Size([768])), ('text_encoder.bert.encoder.layer.9.output.LayerNorm.bias', torch.Size([768])), ('text_encoder.bert.encoder.layer.10.attention.output.LayerNorm.weight', torch.Size([768])), ('text_encoder.bert.encoder.layer.10.attention.output.LayerNorm.bias', torch.Size([768])), ('text_encoder.bert.encoder.layer.10.crossattention.output.LayerNorm.weight', torch.Size([768])), ('text_encoder.bert.encoder.layer.10.crossattention.output.LayerNorm.bias', torch.Size([768])), ('text_encoder.bert.encoder.layer.10.output.LayerNorm.weight', torch.Size([768])), ('text_encoder.bert.encoder.layer.10.output.LayerNorm.bias', torch.Size([768])), ('text_encoder.bert.encoder.layer.11.attention.output.LayerNorm.weight', torch.Size([768])), ('text_encoder.bert.encoder.layer.11.attention.output.LayerNorm.bias', torch.Size([768])), ('text_encoder.bert.encoder.layer.11.crossattention.output.LayerNorm.weight', torch.Size([768])), ('text_encoder.bert.encoder.layer.11.crossattention.output.LayerNorm.bias', torch.Size([768])), ('text_encoder.bert.encoder.layer.11.output.LayerNorm.weight', torch.Size([768])), ('text_encoder.bert.encoder.layer.11.output.LayerNorm.bias', torch.Size([768])), ('text_encoder.cls.predictions.transform.LayerNorm.weight', torch.Size([768])), ('text_encoder.cls.predictions.transform.LayerNorm.bias', torch.Size([768])), ('itm_head.1.weight', torch.Size([1536])), ('itm_head.1.bias', torch.Size([1536]))]
     TTA Dropout Modules Number: 
 126
     TTA Require Gradient Params Sum: 
 33792
     lr:  0.001    lr_mult:  2
     model has 'init_params',  385
     num_tta_steps:  4740
     num_warmup_steps:  500
     sched: step
/home/jiahao/task/CMP/tta.py:244: FutureWarning: `torch.cuda.amp.GradScaler(args...)` is deprecated. Please use `torch.amp.GradScaler('cuda', args...)` instead.
  scaler = GradScaler()  # bf16
### Start ITM Test Time Adaptation
      TTA Epoch: [0] [ 0/78]  eta: 0:01:13  entropy: 0.3879  uncertainty: 1.1900  uncertainty_coeffi: 0.0100  loss: 1.5189  lr: 0.000002  time: 0.9451  data: 0.3785  max mem: 2656
      TTA Epoch: [0] [77/78]  eta: 0:00:00  entropy: 0.2196  uncertainty: 1.1761  uncertainty_coeffi: 0.0100  loss: 1.3405  lr: 0.000156  time: 0.0606  data: 0.0001  max mem: 2685
      TTA Epoch: [0] Total time: 0:00:05 (0.0729 s / it)
     Averaged stats: entropy: 0.3012  uncertainty: 1.2542  uncertainty_coeffi: 0.0100  loss: 1.4927  lr: 0.0001
     itm tta time 0:00:05
     Computing matching score
      Evaluation: [   0/1978]  eta: 0:02:23    time: 0.0726  data: 0.0031  max mem: 2685
      Evaluation: [ 100/1978]  eta: 0:02:06    time: 0.0674  data: 0.0000  max mem: 2685
      Evaluation: [ 200/1978]  eta: 0:02:00    time: 0.0675  data: 0.0000  max mem: 2685
      Evaluation: [ 300/1978]  eta: 0:01:53    time: 0.0675  data: 0.0000  max mem: 2685
      Evaluation: [ 400/1978]  eta: 0:01:46    time: 0.0674  data: 0.0000  max mem: 2685
      Evaluation: [ 500/1978]  eta: 0:01:39    time: 0.0673  data: 0.0000  max mem: 2685
      Evaluation: [ 600/1978]  eta: 0:01:32    time: 0.0677  data: 0.0000  max mem: 2685
      Evaluation: [ 700/1978]  eta: 0:01:26    time: 0.0674  data: 0.0000  max mem: 2685
      Evaluation: [ 800/1978]  eta: 0:01:19    time: 0.0676  data: 0.0000  max mem: 2685
      Evaluation: [ 900/1978]  eta: 0:01:12    time: 0.0675  data: 0.0000  max mem: 2685
      Evaluation: [1000/1978]  eta: 0:01:05    time: 0.0674  data: 0.0000  max mem: 2685
      Evaluation: [1100/1978]  eta: 0:00:59    time: 0.0675  data: 0.0000  max mem: 2685
      Evaluation: [1200/1978]  eta: 0:00:52    time: 0.0674  data: 0.0000  max mem: 2685
      Evaluation: [1300/1978]  eta: 0:00:45    time: 0.0673  data: 0.0000  max mem: 2685
      Evaluation: [1400/1978]  eta: 0:00:38    time: 0.0676  data: 0.0000  max mem: 2685
      Evaluation: [1500/1978]  eta: 0:00:32    time: 0.0675  data: 0.0000  max mem: 2685
      Evaluation: [1600/1978]  eta: 0:00:25    time: 0.0675  data: 0.0000  max mem: 2685
      Evaluation: [1700/1978]  eta: 0:00:18    time: 0.0683  data: 0.0000  max mem: 2685
      Evaluation: [1800/1978]  eta: 0:00:12    time: 0.0675  data: 0.0000  max mem: 2685
      Evaluation: [1900/1978]  eta: 0:00:05    time: 0.0675  data: 0.0000  max mem: 2685
      Evaluation: [1977/1978]  eta: 0:00:00    time: 0.0676  data: 0.0000  max mem: 2685
      Evaluation: Total time: 0:02:13 (0.0676 s / it)
     Computing matching score time 0:02:13
### TTA ITM Score: 
+-------------------+--------+--------+--------+--------+--------+
|       epoch       |   R1   |   R5   |  R10   |  mAP   |  mINP  |
+-------------------+--------+--------+--------+--------+--------+
|        -999       | 69.414 | 95.197 | 97.776 | 81.233 | 81.233 |
|        -999       | 84.277 | 99.039 | 99.596 | 91.276 | 91.276 |
|  cos_sim_wo/norm  | 58.544 | 91.860 | 95.703 | 73.596 | 73.596 |
|        -999       | 69.414 | 95.197 | 97.776 | 81.233 | 81.233 |
| itm_score_wo/norm | 84.328 | 98.989 | 99.494 | 91.293 | 91.293 |
|        -999       | 84.277 | 99.039 | 99.596 | 91.276 | 91.276 |
|         0         | 84.783 | 98.888 | 99.494 | 91.469 | 91.469 |
+-------------------+--------+--------+--------+--------+--------+
     logs:  {'epo': 0, 'R1': 84.783, 'R5': 98.888, 'R10': 99.494, 'mAP': 91.469, 'mINP': 91.469, 'entropy': 0.301167, 'uncertainty': 1.254212, 'uncertainty_coeffi': 0.01, 'loss': 1.492716, 'lr': 7.9e-05}
      TTA Epoch: [1] [ 0/78]  eta: 0:00:32  entropy: 0.1435  uncertainty: 1.1505  uncertainty_coeffi: 0.0100  loss: 1.2811  lr: 0.000158  time: 0.4187  data: 0.3323  max mem: 2685
      TTA Epoch: [1] [77/78]  eta: 0:00:00  entropy: 0.2320  uncertainty: 1.2647  uncertainty_coeffi: 0.0100  loss: 1.4293  lr: 0.000312  time: 0.0611  data: 0.0001  max mem: 2693
      TTA Epoch: [1] Total time: 0:00:05 (0.0667 s / it)
     Averaged stats: entropy: 0.2183  uncertainty: 1.2539  uncertainty_coeffi: 0.0100  loss: 1.4246  lr: 0.0002
     itm tta time 0:00:05
     Computing matching score
      Evaluation: [   0/1978]  eta: 0:02:16    time: 0.0691  data: 0.0028  max mem: 2693
      Evaluation: [ 100/1978]  eta: 0:02:07    time: 0.0679  data: 0.0000  max mem: 2693
      Evaluation: [ 200/1978]  eta: 0:02:00    time: 0.0678  data: 0.0000  max mem: 2693
      Evaluation: [ 300/1978]  eta: 0:01:53    time: 0.0678  data: 0.0000  max mem: 2693
      Evaluation: [ 400/1978]  eta: 0:01:46    time: 0.0677  data: 0.0000  max mem: 2693
      Evaluation: [ 500/1978]  eta: 0:01:40    time: 0.0680  data: 0.0000  max mem: 2693
      Evaluation: [ 600/1978]  eta: 0:01:33    time: 0.0677  data: 0.0000  max mem: 2693
      Evaluation: [ 700/1978]  eta: 0:01:26    time: 0.0678  data: 0.0000  max mem: 2693
      Evaluation: [ 800/1978]  eta: 0:01:19    time: 0.0679  data: 0.0000  max mem: 2693
      Evaluation: [ 900/1978]  eta: 0:01:13    time: 0.0683  data: 0.0000  max mem: 2693
      Evaluation: [1000/1978]  eta: 0:01:06    time: 0.0678  data: 0.0000  max mem: 2693
      Evaluation: [1100/1978]  eta: 0:00:59    time: 0.0678  data: 0.0000  max mem: 2693
      Evaluation: [1200/1978]  eta: 0:00:52    time: 0.0682  data: 0.0000  max mem: 2693
      Evaluation: [1300/1978]  eta: 0:00:45    time: 0.0678  data: 0.0000  max mem: 2693
      Evaluation: [1400/1978]  eta: 0:00:39    time: 0.0678  data: 0.0000  max mem: 2693
      Evaluation: [1500/1978]  eta: 0:00:32    time: 0.0705  data: 0.0000  max mem: 2693
      Evaluation: [1600/1978]  eta: 0:00:25    time: 0.0679  data: 0.0000  max mem: 2693
      Evaluation: [1700/1978]  eta: 0:00:18    time: 0.0679  data: 0.0000  max mem: 2693
      Evaluation: [1800/1978]  eta: 0:00:12    time: 0.0678  data: 0.0000  max mem: 2693
      Evaluation: [1900/1978]  eta: 0:00:05    time: 0.0678  data: 0.0000  max mem: 2693
      Evaluation: [1977/1978]  eta: 0:00:00    time: 0.0679  data: 0.0000  max mem: 2693
      Evaluation: Total time: 0:02:14 (0.0679 s / it)
     Computing matching score time 0:02:14
### TTA ITM Score: 
+-------------------+--------+--------+--------+--------+--------+
|       epoch       |   R1   |   R5   |  R10   |  mAP   |  mINP  |
+-------------------+--------+--------+--------+--------+--------+
|        -999       | 69.414 | 95.197 | 97.776 | 81.233 | 81.233 |
|        -999       | 84.277 | 99.039 | 99.596 | 91.276 | 91.276 |
|  cos_sim_wo/norm  | 58.544 | 91.860 | 95.703 | 73.596 | 73.596 |
|        -999       | 69.414 | 95.197 | 97.776 | 81.233 | 81.233 |
| itm_score_wo/norm | 84.328 | 98.989 | 99.494 | 91.293 | 91.293 |
|        -999       | 84.277 | 99.039 | 99.596 | 91.276 | 91.276 |
|         0         | 84.783 | 98.888 | 99.494 | 91.469 | 91.469 |
|         1         | 84.429 | 98.584 | 99.242 | 91.199 | 91.199 |
+-------------------+--------+--------+--------+--------+--------+
     logs:  {'epo': 1, 'R1': 84.429, 'R5': 98.584, 'R10': 99.242, 'mAP': 91.199, 'mINP': 91.199, 'entropy': 0.218311, 'uncertainty': 1.253949, 'uncertainty_coeffi': 0.01, 'loss': 1.424601, 'lr': 0.000235}
      TTA Epoch: [2] [ 0/78]  eta: 0:00:36  entropy: 0.2095  uncertainty: 1.3478  uncertainty_coeffi: 0.0100  loss: 1.5193  lr: 0.000314  time: 0.4739  data: 0.3678  max mem: 2693
      TTA Epoch: [2] [77/78]  eta: 0:00:00  entropy: 0.1062  uncertainty: 1.1816  uncertainty_coeffi: 0.0100  loss: 1.2712  lr: 0.000468  time: 0.0608  data: 0.0001  max mem: 2693
      TTA Epoch: [2] Total time: 0:00:05 (0.0672 s / it)
     Averaged stats: entropy: 0.1541  uncertainty: 1.2545  uncertainty_coeffi: 0.0100  loss: 1.3737  lr: 0.0004
     itm tta time 0:00:05
     Computing matching score
      Evaluation: [   0/1978]  eta: 0:02:16    time: 0.0691  data: 0.0034  max mem: 2693
      Evaluation: [ 100/1978]  eta: 0:02:07    time: 0.0678  data: 0.0000  max mem: 2693
      Evaluation: [ 200/1978]  eta: 0:02:00    time: 0.0680  data: 0.0000  max mem: 2693
      Evaluation: [ 300/1978]  eta: 0:01:53    time: 0.0677  data: 0.0000  max mem: 2693
      Evaluation: [ 400/1978]  eta: 0:01:46    time: 0.0677  data: 0.0000  max mem: 2693
      Evaluation: [ 500/1978]  eta: 0:01:40    time: 0.0677  data: 0.0000  max mem: 2693
      Evaluation: [ 600/1978]  eta: 0:01:33    time: 0.0678  data: 0.0000  max mem: 2693
      Evaluation: [ 700/1978]  eta: 0:01:26    time: 0.0678  data: 0.0000  max mem: 2693
      Evaluation: [ 800/1978]  eta: 0:01:19    time: 0.0677  data: 0.0000  max mem: 2693
      Evaluation: [ 900/1978]  eta: 0:01:13    time: 0.0677  data: 0.0000  max mem: 2693
      Evaluation: [1000/1978]  eta: 0:01:06    time: 0.0678  data: 0.0000  max mem: 2693
      Evaluation: [1100/1978]  eta: 0:00:59    time: 0.0677  data: 0.0000  max mem: 2693
      Evaluation: [1200/1978]  eta: 0:00:52    time: 0.0678  data: 0.0000  max mem: 2693
      Evaluation: [1300/1978]  eta: 0:00:45    time: 0.0678  data: 0.0000  max mem: 2693
      Evaluation: [1400/1978]  eta: 0:00:39    time: 0.0678  data: 0.0000  max mem: 2693
      Evaluation: [1500/1978]  eta: 0:00:32    time: 0.0677  data: 0.0000  max mem: 2693
      Evaluation: [1600/1978]  eta: 0:00:25    time: 0.0677  data: 0.0000  max mem: 2693
      Evaluation: [1700/1978]  eta: 0:00:18    time: 0.0678  data: 0.0000  max mem: 2693
      Evaluation: [1800/1978]  eta: 0:00:12    time: 0.0678  data: 0.0000  max mem: 2693
      Evaluation: [1900/1978]  eta: 0:00:05    time: 0.0677  data: 0.0000  max mem: 2693
      Evaluation: [1977/1978]  eta: 0:00:00    time: 0.0679  data: 0.0000  max mem: 2693
      Evaluation: Total time: 0:02:14 (0.0678 s / it)
     Computing matching score time 0:02:14
### TTA ITM Score: 
+-------------------+--------+--------+--------+--------+--------+
|       epoch       |   R1   |   R5   |  R10   |  mAP   |  mINP  |
+-------------------+--------+--------+--------+--------+--------+
|        -999       | 69.414 | 95.197 | 97.776 | 81.233 | 81.233 |
|        -999       | 84.277 | 99.039 | 99.596 | 91.276 | 91.276 |
|  cos_sim_wo/norm  | 58.544 | 91.860 | 95.703 | 73.596 | 73.596 |
|        -999       | 69.414 | 95.197 | 97.776 | 81.233 | 81.233 |
| itm_score_wo/norm | 84.328 | 98.989 | 99.494 | 91.293 | 91.293 |
|        -999       | 84.277 | 99.039 | 99.596 | 91.276 | 91.276 |
|         0         | 84.783 | 98.888 | 99.494 | 91.469 | 91.469 |
|         1         | 84.429 | 98.584 | 99.242 | 91.199 | 91.199 |
|         2         | 84.277 | 98.787 | 99.242 | 91.106 | 91.106 |
+-------------------+--------+--------+--------+--------+--------+
     logs:  {'epo': 2, 'R1': 84.277, 'R5': 98.787, 'R10': 99.242, 'mAP': 91.106, 'mINP': 91.106, 'entropy': 0.154148, 'uncertainty': 1.254468, 'uncertainty_coeffi': 0.01, 'loss': 1.373722, 'lr': 0.000391}
      TTA Epoch: [3] [ 0/78]  eta: 0:00:34  entropy: 0.1326  uncertainty: 1.2523  uncertainty_coeffi: 0.0100  loss: 1.3494  lr: 0.000470  time: 0.4472  data: 0.3393  max mem: 2693
      TTA Epoch: [3] [77/78]  eta: 0:00:00  entropy: 0.0891  uncertainty: 1.2795  uncertainty_coeffi: 0.0100  loss: 1.3517  lr: 0.000624  time: 0.0611  data: 0.0001  max mem: 2693
      TTA Epoch: [3] Total time: 0:00:05 (0.0671 s / it)
     Averaged stats: entropy: 0.1172  uncertainty: 1.2550  uncertainty_coeffi: 0.0100  loss: 1.3452  lr: 0.0005
     itm tta time 0:00:05
      TTA Epoch: [4] [ 0/78]  eta: 0:00:36  entropy: 0.1191  uncertainty: 1.1554  uncertainty_coeffi: 0.0100  loss: 1.2521  lr: 0.000626  time: 0.4627  data: 0.3543  max mem: 2693
      TTA Epoch: [4] [77/78]  eta: 0:00:00  entropy: 0.1086  uncertainty: 1.3884  uncertainty_coeffi: 0.0100  loss: 1.4598  lr: 0.000780  time: 0.0623  data: 0.0001  max mem: 2693
      TTA Epoch: [4] Total time: 0:00:05 (0.0680 s / it)
     Averaged stats: entropy: 0.0890  uncertainty: 1.2534  uncertainty_coeffi: 0.0100  loss: 1.3219  lr: 0.0007
     itm tta time 0:00:05
     Computing matching score
      Evaluation: [   0/1978]  eta: 0:02:21    time: 0.0715  data: 0.0047  max mem: 2693
      Evaluation: [ 100/1978]  eta: 0:02:09    time: 0.0674  data: 0.0000  max mem: 2693
      Evaluation: [ 200/1978]  eta: 0:02:01    time: 0.0675  data: 0.0000  max mem: 2693
      Evaluation: [ 300/1978]  eta: 0:01:53    time: 0.0675  data: 0.0000  max mem: 2693
      Evaluation: [ 400/1978]  eta: 0:01:47    time: 0.0675  data: 0.0000  max mem: 2693
      Evaluation: [ 500/1978]  eta: 0:01:40    time: 0.0675  data: 0.0000  max mem: 2693
      Evaluation: [ 600/1978]  eta: 0:01:33    time: 0.0675  data: 0.0000  max mem: 2693
      Evaluation: [ 700/1978]  eta: 0:01:26    time: 0.0675  data: 0.0000  max mem: 2693
      Evaluation: [ 800/1978]  eta: 0:01:19    time: 0.0675  data: 0.0000  max mem: 2693
      Evaluation: [ 900/1978]  eta: 0:01:12    time: 0.0675  data: 0.0000  max mem: 2693
      Evaluation: [1000/1978]  eta: 0:01:06    time: 0.0674  data: 0.0000  max mem: 2693
      Evaluation: [1100/1978]  eta: 0:00:59    time: 0.0674  data: 0.0000  max mem: 2693
      Evaluation: [1200/1978]  eta: 0:00:52    time: 0.0675  data: 0.0000  max mem: 2693
      Evaluation: [1300/1978]  eta: 0:00:45    time: 0.0674  data: 0.0000  max mem: 2693
      Evaluation: [1400/1978]  eta: 0:00:39    time: 0.0674  data: 0.0000  max mem: 2693
      Evaluation: [1500/1978]  eta: 0:00:32    time: 0.0675  data: 0.0000  max mem: 2693
      Evaluation: [1600/1978]  eta: 0:00:25    time: 0.0675  data: 0.0000  max mem: 2693
      Evaluation: [1700/1978]  eta: 0:00:18    time: 0.0675  data: 0.0000  max mem: 2693
      Evaluation: [1800/1978]  eta: 0:00:12    time: 0.0673  data: 0.0000  max mem: 2693
      Evaluation: [1900/1978]  eta: 0:00:05    time: 0.0675  data: 0.0000  max mem: 2693
      Evaluation: [1977/1978]  eta: 0:00:00    time: 0.0674  data: 0.0000  max mem: 2693
      Evaluation: Total time: 0:02:13 (0.0675 s / it)
     Computing matching score time 0:02:13
### TTA ITM Score: 
+-------------------+--------+--------+--------+--------+--------+
|       epoch       |   R1   |   R5   |  R10   |  mAP   |  mINP  |
+-------------------+--------+--------+--------+--------+--------+
|        -999       | 69.414 | 95.197 | 97.776 | 81.233 | 81.233 |
|        -999       | 84.277 | 99.039 | 99.596 | 91.276 | 91.276 |
|  cos_sim_wo/norm  | 58.544 | 91.860 | 95.703 | 73.596 | 73.596 |
|        -999       | 69.414 | 95.197 | 97.776 | 81.233 | 81.233 |
| itm_score_wo/norm | 84.328 | 98.989 | 99.494 | 91.293 | 91.293 |
|        -999       | 84.277 | 99.039 | 99.596 | 91.276 | 91.276 |
|         0         | 84.783 | 98.888 | 99.494 | 91.469 | 91.469 |
|         1         | 84.429 | 98.584 | 99.242 | 91.199 | 91.199 |
|         2         | 84.277 | 98.787 | 99.242 | 91.106 | 91.106 |
|         4         | 84.884 | 98.787 | 99.393 | 91.485 | 91.485 |
+-------------------+--------+--------+--------+--------+--------+
     logs:  {'epo': 4, 'R1': 84.884, 'R5': 98.787, 'R10': 99.393, 'mAP': 91.485, 'mINP': 91.485, 'entropy': 0.089034, 'uncertainty': 1.253408, 'uncertainty_coeffi': 0.01, 'loss': 1.321922, 'lr': 0.000703}
      TTA Epoch: [5] [ 0/78]  eta: 0:00:32  entropy: 0.0282  uncertainty: 1.2430  uncertainty_coeffi: 0.0100  loss: 1.2681  lr: 0.000782  time: 0.4142  data: 0.3253  max mem: 2693
      TTA Epoch: [5] [77/78]  eta: 0:00:00  entropy: 0.0521  uncertainty: 1.1924  uncertainty_coeffi: 0.0100  loss: 1.2419  lr: 0.000936  time: 0.0604  data: 0.0001  max mem: 2693
      TTA Epoch: [5] Total time: 0:00:05 (0.0660 s / it)
     Averaged stats: entropy: 0.0730  uncertainty: 1.2547  uncertainty_coeffi: 0.0100  loss: 1.3099  lr: 0.0009
     itm tta time 0:00:05
      TTA Epoch: [6] [ 0/78]  eta: 0:00:34  entropy: 0.0780  uncertainty: 1.2531  uncertainty_coeffi: 0.0100  loss: 1.3142  lr: 0.000938  time: 0.4448  data: 0.3475  max mem: 2693
      TTA Epoch: [6] [77/78]  eta: 0:00:00  entropy: 0.0085  uncertainty: 1.2762  uncertainty_coeffi: 0.0100  loss: 1.2825  lr: 0.000989  time: 0.0614  data: 0.0001  max mem: 2693
      TTA Epoch: [6] Total time: 0:00:05 (0.0670 s / it)
     Averaged stats: entropy: 0.0516  uncertainty: 1.2543  uncertainty_coeffi: 0.0100  loss: 1.2935  lr: 0.0010
     itm tta time 0:00:05
      TTA Epoch: [7] [ 0/78]  eta: 0:00:28  entropy: 0.1072  uncertainty: 1.2987  uncertainty_coeffi: 0.0100  loss: 1.3597  lr: 0.000989  time: 0.3661  data: 0.2936  max mem: 2693
      TTA Epoch: [7] [77/78]  eta: 0:00:00  entropy: 0.0075  uncertainty: 1.1731  uncertainty_coeffi: 0.0100  loss: 1.1789  lr: 0.000971  time: 0.0615  data: 0.0001  max mem: 2693
      TTA Epoch: [7] Total time: 0:00:05 (0.0662 s / it)
     Averaged stats: entropy: 0.0495  uncertainty: 1.2549  uncertainty_coeffi: 0.0100  loss: 1.2919  lr: 0.0010
     itm tta time 0:00:05
      TTA Epoch: [8] [ 0/78]  eta: 0:00:32  entropy: 0.0411  uncertainty: 1.2407  uncertainty_coeffi: 0.0100  loss: 1.2655  lr: 0.000971  time: 0.4181  data: 0.3334  max mem: 2693
      TTA Epoch: [8] [77/78]  eta: 0:00:00  entropy: 0.1024  uncertainty: 1.2151  uncertainty_coeffi: 0.0100  loss: 1.2969  lr: 0.000952  time: 0.0614  data: 0.0001  max mem: 2693
      TTA Epoch: [8] Total time: 0:00:05 (0.0670 s / it)
     Averaged stats: entropy: 0.0401  uncertainty: 1.2549  uncertainty_coeffi: 0.0100  loss: 1.2846  lr: 0.0010
     itm tta time 0:00:05
      TTA Epoch: [9] [ 0/78]  eta: 0:00:33  entropy: 0.0086  uncertainty: 1.2350  uncertainty_coeffi: 0.0100  loss: 1.2414  lr: 0.000952  time: 0.4239  data: 0.3256  max mem: 2693
      TTA Epoch: [9] [77/78]  eta: 0:00:00  entropy: 0.1222  uncertainty: 1.2682  uncertainty_coeffi: 0.0100  loss: 1.3544  lr: 0.000934  time: 0.0615  data: 0.0001  max mem: 2693
      TTA Epoch: [9] Total time: 0:00:05 (0.0672 s / it)
     Averaged stats: entropy: 0.0333  uncertainty: 1.2537  uncertainty_coeffi: 0.0100  loss: 1.2787  lr: 0.0009
     itm tta time 0:00:05
     Computing matching score
      Evaluation: [   0/1978]  eta: 0:02:20    time: 0.0709  data: 0.0044  max mem: 2693
      Evaluation: [ 100/1978]  eta: 0:02:06    time: 0.0675  data: 0.0000  max mem: 2693
      Evaluation: [ 200/1978]  eta: 0:02:00    time: 0.0675  data: 0.0000  max mem: 2693
      Evaluation: [ 300/1978]  eta: 0:01:53    time: 0.0674  data: 0.0000  max mem: 2693
      Evaluation: [ 400/1978]  eta: 0:01:46    time: 0.0674  data: 0.0000  max mem: 2693
      Evaluation: [ 500/1978]  eta: 0:01:39    time: 0.0676  data: 0.0000  max mem: 2693
      Evaluation: [ 600/1978]  eta: 0:01:33    time: 0.0675  data: 0.0000  max mem: 2693
      Evaluation: [ 700/1978]  eta: 0:01:26    time: 0.0675  data: 0.0000  max mem: 2693
      Evaluation: [ 800/1978]  eta: 0:01:19    time: 0.0675  data: 0.0000  max mem: 2693
      Evaluation: [ 900/1978]  eta: 0:01:12    time: 0.0675  data: 0.0000  max mem: 2693
      Evaluation: [1000/1978]  eta: 0:01:06    time: 0.0676  data: 0.0000  max mem: 2693
      Evaluation: [1100/1978]  eta: 0:00:59    time: 0.0676  data: 0.0000  max mem: 2693
      Evaluation: [1200/1978]  eta: 0:00:52    time: 0.0675  data: 0.0000  max mem: 2693
      Evaluation: [1300/1978]  eta: 0:00:45    time: 0.0675  data: 0.0000  max mem: 2693
      Evaluation: [1400/1978]  eta: 0:00:39    time: 0.0676  data: 0.0000  max mem: 2693
      Evaluation: [1500/1978]  eta: 0:00:32    time: 0.0675  data: 0.0000  max mem: 2693
      Evaluation: [1600/1978]  eta: 0:00:25    time: 0.0675  data: 0.0000  max mem: 2693
      Evaluation: [1700/1978]  eta: 0:00:18    time: 0.0676  data: 0.0000  max mem: 2693
      Evaluation: [1800/1978]  eta: 0:00:12    time: 0.0675  data: 0.0000  max mem: 2693
      Evaluation: [1900/1978]  eta: 0:00:05    time: 0.0676  data: 0.0000  max mem: 2693
      Evaluation: [1977/1978]  eta: 0:00:00    time: 0.0675  data: 0.0000  max mem: 2693
      Evaluation: Total time: 0:02:13 (0.0675 s / it)
     Computing matching score time 0:02:13
### TTA ITM Score: 
+-------------------+--------+--------+--------+--------+--------+
|       epoch       |   R1   |   R5   |  R10   |  mAP   |  mINP  |
+-------------------+--------+--------+--------+--------+--------+
|        -999       | 69.414 | 95.197 | 97.776 | 81.233 | 81.233 |
|        -999       | 84.277 | 99.039 | 99.596 | 91.276 | 91.276 |
|  cos_sim_wo/norm  | 58.544 | 91.860 | 95.703 | 73.596 | 73.596 |
|        -999       | 69.414 | 95.197 | 97.776 | 81.233 | 81.233 |
| itm_score_wo/norm | 84.328 | 98.989 | 99.494 | 91.293 | 91.293 |
|        -999       | 84.277 | 99.039 | 99.596 | 91.276 | 91.276 |
|         0         | 84.783 | 98.888 | 99.494 | 91.469 | 91.469 |
|         1         | 84.429 | 98.584 | 99.242 | 91.199 | 91.199 |
|         2         | 84.277 | 98.787 | 99.242 | 91.106 | 91.106 |
|         4         | 84.884 | 98.787 | 99.393 | 91.485 | 91.485 |
|         9         | 84.934 | 98.989 | 99.343 | 91.532 | 91.532 |
+-------------------+--------+--------+--------+--------+--------+
     logs:  {'epo': 9, 'R1': 84.934, 'R5': 98.989, 'R10': 99.343, 'mAP': 91.532, 'mINP': 91.532, 'entropy': 0.033283, 'uncertainty': 1.253746, 'uncertainty_coeffi': 0.01, 'loss': 1.278692, 'lr': 0.000943}
      TTA Epoch: [10] [ 0/78]  eta: 0:00:35  entropy: 0.0082  uncertainty: 1.3526  uncertainty_coeffi: 0.0100  loss: 1.3580  lr: 0.000934  time: 0.4546  data: 0.3547  max mem: 2693
      TTA Epoch: [10] [77/78]  eta: 0:00:00  entropy: 0.0571  uncertainty: 1.3358  uncertainty_coeffi: 0.0100  loss: 1.3586  lr: 0.000916  time: 0.0615  data: 0.0001  max mem: 2693
      TTA Epoch: [10] Total time: 0:00:05 (0.0674 s / it)
     Averaged stats: entropy: 0.0260  uncertainty: 1.2541  uncertainty_coeffi: 0.0100  loss: 1.2733  lr: 0.0009
     itm tta time 0:00:05
      TTA Epoch: [11] [ 0/78]  eta: 0:00:47  entropy: 0.0817  uncertainty: 1.3353  uncertainty_coeffi: 0.0100  loss: 1.3833  lr: 0.000915  time: 0.6027  data: 0.4919  max mem: 2693
      TTA Epoch: [11] [77/78]  eta: 0:00:00  entropy: 0.0049  uncertainty: 1.3374  uncertainty_coeffi: 0.0100  loss: 1.3411  lr: 0.000897  time: 0.0617  data: 0.0001  max mem: 2693
      TTA Epoch: [11] Total time: 0:00:05 (0.0699 s / it)
     Averaged stats: entropy: 0.0306  uncertainty: 1.2536  uncertainty_coeffi: 0.0100  loss: 1.2768  lr: 0.0009
     itm tta time 0:00:05
      TTA Epoch: [12] [ 0/78]  eta: 0:00:42  entropy: 0.0438  uncertainty: 1.3556  uncertainty_coeffi: 0.0100  loss: 1.3868  lr: 0.000897  time: 0.5410  data: 0.4240  max mem: 2693
      TTA Epoch: [12] [77/78]  eta: 0:00:00  entropy: 0.0013  uncertainty: 1.2669  uncertainty_coeffi: 0.0100  loss: 1.2680  lr: 0.000879  time: 0.0628  data: 0.0001  max mem: 2693
      TTA Epoch: [12] Total time: 0:00:05 (0.0703 s / it)
     Averaged stats: entropy: 0.0200  uncertainty: 1.2545  uncertainty_coeffi: 0.0100  loss: 1.2692  lr: 0.0009
     itm tta time 0:00:05
      TTA Epoch: [13] [ 0/78]  eta: 0:00:33  entropy: 0.0000  uncertainty: 1.2006  uncertainty_coeffi: 0.0100  loss: 1.2006  lr: 0.000879  time: 0.4339  data: 0.3577  max mem: 2693
      TTA Epoch: [13] [77/78]  eta: 0:00:00  entropy: 0.0713  uncertainty: 1.3483  uncertainty_coeffi: 0.0100  loss: 1.3961  lr: 0.000860  time: 0.0616  data: 0.0001  max mem: 2693
      TTA Epoch: [13] Total time: 0:00:05 (0.0667 s / it)
     Averaged stats: entropy: 0.0212  uncertainty: 1.2543  uncertainty_coeffi: 0.0100  loss: 1.2702  lr: 0.0009
     itm tta time 0:00:05
      TTA Epoch: [14] [ 0/78]  eta: 0:00:31  entropy: 0.0020  uncertainty: 1.2220  uncertainty_coeffi: 0.0100  loss: 1.2228  lr: 0.000860  time: 0.3990  data: 0.3188  max mem: 2693
      TTA Epoch: [14] [77/78]  eta: 0:00:00  entropy: 0.0075  uncertainty: 1.2673  uncertainty_coeffi: 0.0100  loss: 1.2736  lr: 0.000842  time: 0.0613  data: 0.0001  max mem: 2693
      TTA Epoch: [14] Total time: 0:00:05 (0.0667 s / it)
     Averaged stats: entropy: 0.0173  uncertainty: 1.2539  uncertainty_coeffi: 0.0100  loss: 1.2663  lr: 0.0009
     itm tta time 0:00:05
     Computing matching score
      Evaluation: [   0/1978]  eta: 0:02:20    time: 0.0712  data: 0.0054  max mem: 2693
      Evaluation: [ 100/1978]  eta: 0:02:07    time: 0.0678  data: 0.0000  max mem: 2693
      Evaluation: [ 200/1978]  eta: 0:02:00    time: 0.0677  data: 0.0000  max mem: 2693
      Evaluation: [ 300/1978]  eta: 0:01:53    time: 0.0678  data: 0.0000  max mem: 2693
      Evaluation: [ 400/1978]  eta: 0:01:46    time: 0.0677  data: 0.0000  max mem: 2693
      Evaluation: [ 500/1978]  eta: 0:01:40    time: 0.0679  data: 0.0000  max mem: 2693
      Evaluation: [ 600/1978]  eta: 0:01:33    time: 0.0677  data: 0.0000  max mem: 2693
      Evaluation: [ 700/1978]  eta: 0:01:26    time: 0.0677  data: 0.0000  max mem: 2693
      Evaluation: [ 800/1978]  eta: 0:01:19    time: 0.0676  data: 0.0000  max mem: 2693
      Evaluation: [ 900/1978]  eta: 0:01:13    time: 0.0677  data: 0.0000  max mem: 2693
      Evaluation: [1000/1978]  eta: 0:01:06    time: 0.0678  data: 0.0000  max mem: 2693
      Evaluation: [1100/1978]  eta: 0:00:59    time: 0.0677  data: 0.0000  max mem: 2693
      Evaluation: [1200/1978]  eta: 0:00:52    time: 0.0676  data: 0.0000  max mem: 2693
      Evaluation: [1300/1978]  eta: 0:00:45    time: 0.0677  data: 0.0000  max mem: 2693
      Evaluation: [1400/1978]  eta: 0:00:39    time: 0.0678  data: 0.0000  max mem: 2693
      Evaluation: [1500/1978]  eta: 0:00:32    time: 0.0678  data: 0.0000  max mem: 2693
      Evaluation: [1600/1978]  eta: 0:00:25    time: 0.0677  data: 0.0000  max mem: 2693
      Evaluation: [1700/1978]  eta: 0:00:18    time: 0.0678  data: 0.0000  max mem: 2693
      Evaluation: [1800/1978]  eta: 0:00:12    time: 0.0678  data: 0.0000  max mem: 2693
      Evaluation: [1900/1978]  eta: 0:00:05    time: 0.0677  data: 0.0000  max mem: 2693
      Evaluation: [1977/1978]  eta: 0:00:00    time: 0.0677  data: 0.0000  max mem: 2693
      Evaluation: Total time: 0:02:14 (0.0678 s / it)
     Computing matching score time 0:02:14
### TTA ITM Score: 
+-------------------+--------+--------+--------+--------+--------+
|       epoch       |   R1   |   R5   |  R10   |  mAP   |  mINP  |
+-------------------+--------+--------+--------+--------+--------+
|        -999       | 69.414 | 95.197 | 97.776 | 81.233 | 81.233 |
|        -999       | 84.277 | 99.039 | 99.596 | 91.276 | 91.276 |
|  cos_sim_wo/norm  | 58.544 | 91.860 | 95.703 | 73.596 | 73.596 |
|        -999       | 69.414 | 95.197 | 97.776 | 81.233 | 81.233 |
| itm_score_wo/norm | 84.328 | 98.989 | 99.494 | 91.293 | 91.293 |
|        -999       | 84.277 | 99.039 | 99.596 | 91.276 | 91.276 |
|         0         | 84.783 | 98.888 | 99.494 | 91.469 | 91.469 |
|         1         | 84.429 | 98.584 | 99.242 | 91.199 | 91.199 |
|         2         | 84.277 | 98.787 | 99.242 | 91.106 | 91.106 |
|         4         | 84.884 | 98.787 | 99.393 | 91.485 | 91.485 |
|         9         | 84.934 | 98.989 | 99.343 | 91.532 | 91.532 |
|         14        | 84.580 | 98.686 | 99.191 | 91.222 | 91.222 |
+-------------------+--------+--------+--------+--------+--------+
     logs:  {'epo': 14, 'R1': 84.58, 'R5': 98.686, 'R10': 99.191, 'mAP': 91.222, 'mINP': 91.222, 'entropy': 0.01728, 'uncertainty': 1.253908, 'uncertainty_coeffi': 0.01, 'loss': 1.266349, 'lr': 0.000851}
      TTA Epoch: [15] [ 0/78]  eta: 0:00:35  entropy: 0.0405  uncertainty: 1.2912  uncertainty_coeffi: 0.0100  loss: 1.3270  lr: 0.000842  time: 0.4520  data: 0.3766  max mem: 2693
      TTA Epoch: [15] [77/78]  eta: 0:00:00  entropy: 0.0032  uncertainty: 1.1866  uncertainty_coeffi: 0.0100  loss: 1.1890  lr: 0.000824  time: 0.0617  data: 0.0001  max mem: 2693
      TTA Epoch: [15] Total time: 0:00:05 (0.0675 s / it)
     Averaged stats: entropy: 0.0185  uncertainty: 1.2545  uncertainty_coeffi: 0.0100  loss: 1.2687  lr: 0.0008
     itm tta time 0:00:05
      TTA Epoch: [16] [ 0/78]  eta: 0:00:36  entropy: 0.0266  uncertainty: 1.2591  uncertainty_coeffi: 0.0100  loss: 1.2796  lr: 0.000823  time: 0.4668  data: 0.3699  max mem: 2693
      TTA Epoch: [16] [77/78]  eta: 0:00:00  entropy: 0.0682  uncertainty: 1.3420  uncertainty_coeffi: 0.0100  loss: 1.3977  lr: 0.000805  time: 0.0611  data: 0.0001  max mem: 2693
      TTA Epoch: [16] Total time: 0:00:05 (0.0680 s / it)
     Averaged stats: entropy: 0.0181  uncertainty: 1.2544  uncertainty_coeffi: 0.0100  loss: 1.2679  lr: 0.0008
     itm tta time 0:00:05
      TTA Epoch: [17] [ 0/78]  eta: 0:00:37  entropy: 0.0509  uncertainty: 1.2060  uncertainty_coeffi: 0.0100  loss: 1.2338  lr: 0.000805  time: 0.4804  data: 0.3667  max mem: 2693
      TTA Epoch: [17] [77/78]  eta: 0:00:00  entropy: 0.0009  uncertainty: 1.2172  uncertainty_coeffi: 0.0100  loss: 1.2178  lr: 0.000787  time: 0.0621  data: 0.0001  max mem: 2693
      TTA Epoch: [17] Total time: 0:00:05 (0.0686 s / it)
     Averaged stats: entropy: 0.0133  uncertainty: 1.2539  uncertainty_coeffi: 0.0100  loss: 1.2634  lr: 0.0008
     itm tta time 0:00:05
      TTA Epoch: [18] [ 0/78]  eta: 0:00:44  entropy: 0.0010  uncertainty: 1.3194  uncertainty_coeffi: 0.0100  loss: 1.3202  lr: 0.000787  time: 0.5667  data: 0.4499  max mem: 2693
      TTA Epoch: [18] [77/78]  eta: 0:00:00  entropy: 0.0000  uncertainty: 1.1337  uncertainty_coeffi: 0.0100  loss: 1.1337  lr: 0.000768  time: 0.0624  data: 0.0001  max mem: 2693
      TTA Epoch: [18] Total time: 0:00:05 (0.0698 s / it)
     Averaged stats: entropy: 0.0161  uncertainty: 1.2543  uncertainty_coeffi: 0.0100  loss: 1.2661  lr: 0.0008
     itm tta time 0:00:05
      TTA Epoch: [19] [ 0/78]  eta: 0:00:47  entropy: 0.0693  uncertainty: 1.3072  uncertainty_coeffi: 0.0100  loss: 1.3668  lr: 0.000768  time: 0.6137  data: 0.4967  max mem: 2693
      TTA Epoch: [19] [77/78]  eta: 0:00:00  entropy: 0.0348  uncertainty: 1.1954  uncertainty_coeffi: 0.0100  loss: 1.2256  lr: 0.000750  time: 0.0622  data: 0.0001  max mem: 2693
      TTA Epoch: [19] Total time: 0:00:05 (0.0705 s / it)
     Averaged stats: entropy: 0.0142  uncertainty: 1.2535  uncertainty_coeffi: 0.0100  loss: 1.2644  lr: 0.0008
     itm tta time 0:00:05
     Computing matching score
      Evaluation: [   0/1978]  eta: 0:02:18    time: 0.0702  data: 0.0041  max mem: 2693
      Evaluation: [ 100/1978]  eta: 0:02:07    time: 0.0675  data: 0.0000  max mem: 2693
      Evaluation: [ 200/1978]  eta: 0:02:00    time: 0.0675  data: 0.0000  max mem: 2693
      Evaluation: [ 300/1978]  eta: 0:01:53    time: 0.0675  data: 0.0000  max mem: 2693
      Evaluation: [ 400/1978]  eta: 0:01:46    time: 0.0675  data: 0.0000  max mem: 2693
      Evaluation: [ 500/1978]  eta: 0:01:39    time: 0.0674  data: 0.0000  max mem: 2693
      Evaluation: [ 600/1978]  eta: 0:01:33    time: 0.0675  data: 0.0000  max mem: 2693
      Evaluation: [ 700/1978]  eta: 0:01:26    time: 0.0675  data: 0.0000  max mem: 2693
      Evaluation: [ 800/1978]  eta: 0:01:19    time: 0.0674  data: 0.0000  max mem: 2693
      Evaluation: [ 900/1978]  eta: 0:01:12    time: 0.0675  data: 0.0000  max mem: 2693
      Evaluation: [1000/1978]  eta: 0:01:06    time: 0.0676  data: 0.0000  max mem: 2693
      Evaluation: [1100/1978]  eta: 0:00:59    time: 0.0675  data: 0.0000  max mem: 2693
      Evaluation: [1200/1978]  eta: 0:00:52    time: 0.0676  data: 0.0000  max mem: 2693
      Evaluation: [1300/1978]  eta: 0:00:45    time: 0.0675  data: 0.0000  max mem: 2693
      Evaluation: [1400/1978]  eta: 0:00:39    time: 0.0676  data: 0.0000  max mem: 2693
      Evaluation: [1500/1978]  eta: 0:00:32    time: 0.0675  data: 0.0000  max mem: 2693
      Evaluation: [1600/1978]  eta: 0:00:25    time: 0.0675  data: 0.0000  max mem: 2693
      Evaluation: [1700/1978]  eta: 0:00:18    time: 0.0676  data: 0.0000  max mem: 2693
      Evaluation: [1800/1978]  eta: 0:00:12    time: 0.0676  data: 0.0000  max mem: 2693
      Evaluation: [1900/1978]  eta: 0:00:05    time: 0.0675  data: 0.0000  max mem: 2693
      Evaluation: [1977/1978]  eta: 0:00:00    time: 0.0676  data: 0.0000  max mem: 2693
      Evaluation: Total time: 0:02:13 (0.0676 s / it)
     Computing matching score time 0:02:13
### TTA ITM Score: 
+-------------------+--------+--------+--------+--------+--------+
|       epoch       |   R1   |   R5   |  R10   |  mAP   |  mINP  |
+-------------------+--------+--------+--------+--------+--------+
|        -999       | 69.414 | 95.197 | 97.776 | 81.233 | 81.233 |
|        -999       | 84.277 | 99.039 | 99.596 | 91.276 | 91.276 |
|  cos_sim_wo/norm  | 58.544 | 91.860 | 95.703 | 73.596 | 73.596 |
|        -999       | 69.414 | 95.197 | 97.776 | 81.233 | 81.233 |
| itm_score_wo/norm | 84.328 | 98.989 | 99.494 | 91.293 | 91.293 |
|        -999       | 84.277 | 99.039 | 99.596 | 91.276 | 91.276 |
|         0         | 84.783 | 98.888 | 99.494 | 91.469 | 91.469 |
|         1         | 84.429 | 98.584 | 99.242 | 91.199 | 91.199 |
|         2         | 84.277 | 98.787 | 99.242 | 91.106 | 91.106 |
|         4         | 84.884 | 98.787 | 99.393 | 91.485 | 91.485 |
|         9         | 84.934 | 98.989 | 99.343 | 91.532 | 91.532 |
|         14        | 84.580 | 98.686 | 99.191 | 91.222 | 91.222 |
|         19        | 84.580 | 99.039 | 99.444 | 91.258 | 91.258 |
+-------------------+--------+--------+--------+--------+--------+
     logs:  {'epo': 19, 'R1': 84.58, 'R5': 99.039, 'R10': 99.444, 'mAP': 91.258, 'mINP': 91.258, 'entropy': 0.014204, 'uncertainty': 1.253528, 'uncertainty_coeffi': 0.01, 'loss': 1.264422, 'lr': 0.000759}
      TTA Epoch: [20] [ 0/78]  eta: 0:00:31  entropy: 0.0353  uncertainty: 1.1744  uncertainty_coeffi: 0.0100  loss: 1.2051  lr: 0.000750  time: 0.4070  data: 0.3263  max mem: 2693
      TTA Epoch: [20] [77/78]  eta: 0:00:00  entropy: 0.0559  uncertainty: 1.2325  uncertainty_coeffi: 0.0100  loss: 1.2663  lr: 0.000732  time: 0.0614  data: 0.0001  max mem: 2693
      TTA Epoch: [20] Total time: 0:00:05 (0.0670 s / it)
     Averaged stats: entropy: 0.0132  uncertainty: 1.2550  uncertainty_coeffi: 0.0100  loss: 1.2650  lr: 0.0007
     itm tta time 0:00:05
      TTA Epoch: [21] [ 0/78]  eta: 0:00:37  entropy: 0.0000  uncertainty: 1.2724  uncertainty_coeffi: 0.0100  loss: 1.2724  lr: 0.000731  time: 0.4820  data: 0.3801  max mem: 2693
      TTA Epoch: [21] [77/78]  eta: 0:00:00  entropy: 0.0000  uncertainty: 1.1435  uncertainty_coeffi: 0.0100  loss: 1.1435  lr: 0.000713  time: 0.0612  data: 0.0001  max mem: 2693
      TTA Epoch: [21] Total time: 0:00:05 (0.0676 s / it)
     Averaged stats: entropy: 0.0124  uncertainty: 1.2545  uncertainty_coeffi: 0.0100  loss: 1.2638  lr: 0.0007
     itm tta time 0:00:05
      TTA Epoch: [22] [ 0/78]  eta: 0:00:35  entropy: 0.1163  uncertainty: 1.2050  uncertainty_coeffi: 0.0100  loss: 1.3071  lr: 0.000713  time: 0.4492  data: 0.3530  max mem: 2693
      TTA Epoch: [22] [77/78]  eta: 0:00:00  entropy: 0.0418  uncertainty: 1.2394  uncertainty_coeffi: 0.0100  loss: 1.2753  lr: 0.000695  time: 0.0614  data: 0.0001  max mem: 2693
      TTA Epoch: [22] Total time: 0:00:05 (0.0673 s / it)
     Averaged stats: entropy: 0.0100  uncertainty: 1.2539  uncertainty_coeffi: 0.0100  loss: 1.2621  lr: 0.0007
     itm tta time 0:00:05
      TTA Epoch: [23] [ 0/78]  eta: 0:00:34  entropy: 0.0000  uncertainty: 1.1387  uncertainty_coeffi: 0.0100  loss: 1.1387  lr: 0.000695  time: 0.4468  data: 0.3334  max mem: 2693
      TTA Epoch: [23] [77/78]  eta: 0:00:00  entropy: 0.0005  uncertainty: 1.1959  uncertainty_coeffi: 0.0100  loss: 1.1963  lr: 0.000676  time: 0.0615  data: 0.0001  max mem: 2693
      TTA Epoch: [23] Total time: 0:00:05 (0.0678 s / it)
     Averaged stats: entropy: 0.0130  uncertainty: 1.2539  uncertainty_coeffi: 0.0100  loss: 1.2638  lr: 0.0007
     itm tta time 0:00:05
      TTA Epoch: [24] [ 0/78]  eta: 0:00:32  entropy: 0.0001  uncertainty: 1.3077  uncertainty_coeffi: 0.0100  loss: 1.3078  lr: 0.000676  time: 0.4190  data: 0.3332  max mem: 2693
      TTA Epoch: [24] [77/78]  eta: 0:00:00  entropy: 0.0000  uncertainty: 1.1597  uncertainty_coeffi: 0.0100  loss: 1.1597  lr: 0.000658  time: 0.0611  data: 0.0001  max mem: 2693
      TTA Epoch: [24] Total time: 0:00:05 (0.0668 s / it)
     Averaged stats: entropy: 0.0097  uncertainty: 1.2539  uncertainty_coeffi: 0.0100  loss: 1.2616  lr: 0.0007
     itm tta time 0:00:05
      TTA Epoch: [25] [ 0/78]  eta: 0:00:31  entropy: 0.0316  uncertainty: 1.3549  uncertainty_coeffi: 0.0100  loss: 1.3786  lr: 0.000658  time: 0.4086  data: 0.3267  max mem: 2693
      TTA Epoch: [25] [77/78]  eta: 0:00:00  entropy: 0.0003  uncertainty: 1.2646  uncertainty_coeffi: 0.0100  loss: 1.2648  lr: 0.000320  time: 0.0612  data: 0.0001  max mem: 2693
      TTA Epoch: [25] Total time: 0:00:05 (0.0672 s / it)
     Averaged stats: entropy: 0.0142  uncertainty: 1.2539  uncertainty_coeffi: 0.0100  loss: 1.2650  lr: 0.0005
     itm tta time 0:00:05
      TTA Epoch: [26] [ 0/78]  eta: 0:00:39  entropy: 0.0025  uncertainty: 1.3690  uncertainty_coeffi: 0.0100  loss: 1.3708  lr: 0.000320  time: 0.5086  data: 0.3993  max mem: 2693
      TTA Epoch: [26] [77/78]  eta: 0:00:00  entropy: 0.0111  uncertainty: 1.3177  uncertainty_coeffi: 0.0100  loss: 1.3262  lr: 0.000311  time: 0.0615  data: 0.0001  max mem: 2693
      TTA Epoch: [26] Total time: 0:00:05 (0.0684 s / it)
     Averaged stats: entropy: 0.0081  uncertainty: 1.2547  uncertainty_coeffi: 0.0100  loss: 1.2610  lr: 0.0003
     itm tta time 0:00:05
      TTA Epoch: [27] [ 0/78]  eta: 0:00:34  entropy: 0.0002  uncertainty: 1.3648  uncertainty_coeffi: 0.0100  loss: 1.3650  lr: 0.000310  time: 0.4451  data: 0.3518  max mem: 2693
      TTA Epoch: [27] [77/78]  eta: 0:00:00  entropy: 0.0000  uncertainty: 1.1575  uncertainty_coeffi: 0.0100  loss: 1.1576  lr: 0.000301  time: 0.0614  data: 0.0001  max mem: 2693
      TTA Epoch: [27] Total time: 0:00:05 (0.0673 s / it)
     Averaged stats: entropy: 0.0079  uncertainty: 1.2543  uncertainty_coeffi: 0.0100  loss: 1.2604  lr: 0.0003
     itm tta time 0:00:05
      TTA Epoch: [28] [ 0/78]  eta: 0:00:33  entropy: 0.0162  uncertainty: 1.2336  uncertainty_coeffi: 0.0100  loss: 1.2457  lr: 0.000301  time: 0.4253  data: 0.3229  max mem: 2693
      TTA Epoch: [28] [77/78]  eta: 0:00:00  entropy: 0.0000  uncertainty: 1.1472  uncertainty_coeffi: 0.0100  loss: 1.1472  lr: 0.000292  time: 0.0613  data: 0.0001  max mem: 2693
      TTA Epoch: [28] Total time: 0:00:05 (0.0674 s / it)
     Averaged stats: entropy: 0.0068  uncertainty: 1.2548  uncertainty_coeffi: 0.0100  loss: 1.2595  lr: 0.0003
     itm tta time 0:00:05
      TTA Epoch: [29] [ 0/78]  eta: 0:00:37  entropy: 0.0106  uncertainty: 1.2203  uncertainty_coeffi: 0.0100  loss: 1.2292  lr: 0.000292  time: 0.4750  data: 0.3793  max mem: 2693
      TTA Epoch: [29] [77/78]  eta: 0:00:00  entropy: 0.0003  uncertainty: 1.1430  uncertainty_coeffi: 0.0100  loss: 1.1433  lr: 0.000283  time: 0.0612  data: 0.0001  max mem: 2693
      TTA Epoch: [29] Total time: 0:00:05 (0.0679 s / it)
     Averaged stats: entropy: 0.0096  uncertainty: 1.2555  uncertainty_coeffi: 0.0100  loss: 1.2629  lr: 0.0003
     itm tta time 0:00:05
     Computing matching score
      Evaluation: [   0/1978]  eta: 0:02:24    time: 0.0731  data: 0.0065  max mem: 2693
      Evaluation: [ 100/1978]  eta: 0:02:07    time: 0.0679  data: 0.0000  max mem: 2693
      Evaluation: [ 200/1978]  eta: 0:02:00    time: 0.0678  data: 0.0000  max mem: 2693
      Evaluation: [ 300/1978]  eta: 0:01:53    time: 0.0680  data: 0.0000  max mem: 2693
      Evaluation: [ 400/1978]  eta: 0:01:47    time: 0.0679  data: 0.0000  max mem: 2693
      Evaluation: [ 500/1978]  eta: 0:01:40    time: 0.0678  data: 0.0000  max mem: 2693
      Evaluation: [ 600/1978]  eta: 0:01:33    time: 0.0679  data: 0.0000  max mem: 2693
      Evaluation: [ 700/1978]  eta: 0:01:26    time: 0.0679  data: 0.0000  max mem: 2693
      Evaluation: [ 800/1978]  eta: 0:01:19    time: 0.0679  data: 0.0000  max mem: 2693
      Evaluation: [ 900/1978]  eta: 0:01:13    time: 0.0678  data: 0.0000  max mem: 2693
      Evaluation: [1000/1978]  eta: 0:01:06    time: 0.0679  data: 0.0000  max mem: 2693
      Evaluation: [1100/1978]  eta: 0:00:59    time: 0.0680  data: 0.0000  max mem: 2693
      Evaluation: [1200/1978]  eta: 0:00:52    time: 0.0678  data: 0.0000  max mem: 2693
      Evaluation: [1300/1978]  eta: 0:00:46    time: 0.0678  data: 0.0000  max mem: 2693
      Evaluation: [1400/1978]  eta: 0:00:39    time: 0.0680  data: 0.0000  max mem: 2693
      Evaluation: [1500/1978]  eta: 0:00:32    time: 0.0680  data: 0.0000  max mem: 2693
      Evaluation: [1600/1978]  eta: 0:00:25    time: 0.0679  data: 0.0000  max mem: 2693
      Evaluation: [1700/1978]  eta: 0:00:18    time: 0.0679  data: 0.0000  max mem: 2693
      Evaluation: [1800/1978]  eta: 0:00:12    time: 0.0680  data: 0.0000  max mem: 2693
      Evaluation: [1900/1978]  eta: 0:00:05    time: 0.0679  data: 0.0000  max mem: 2693
      Evaluation: [1977/1978]  eta: 0:00:00    time: 0.0679  data: 0.0000  max mem: 2693
      Evaluation: Total time: 0:02:14 (0.0679 s / it)
     Computing matching score time 0:02:14
### TTA ITM Score: 
+-------------------+--------+--------+--------+--------+--------+
|       epoch       |   R1   |   R5   |  R10   |  mAP   |  mINP  |
+-------------------+--------+--------+--------+--------+--------+
|        -999       | 69.414 | 95.197 | 97.776 | 81.233 | 81.233 |
|        -999       | 84.277 | 99.039 | 99.596 | 91.276 | 91.276 |
|  cos_sim_wo/norm  | 58.544 | 91.860 | 95.703 | 73.596 | 73.596 |
|        -999       | 69.414 | 95.197 | 97.776 | 81.233 | 81.233 |
| itm_score_wo/norm | 84.328 | 98.989 | 99.494 | 91.293 | 91.293 |
|        -999       | 84.277 | 99.039 | 99.596 | 91.276 | 91.276 |
|         0         | 84.783 | 98.888 | 99.494 | 91.469 | 91.469 |
|         1         | 84.429 | 98.584 | 99.242 | 91.199 | 91.199 |
|         2         | 84.277 | 98.787 | 99.242 | 91.106 | 91.106 |
|         4         | 84.884 | 98.787 | 99.393 | 91.485 | 91.485 |
|         9         | 84.934 | 98.989 | 99.343 | 91.532 | 91.532 |
|         14        | 84.580 | 98.686 | 99.191 | 91.222 | 91.222 |
|         19        | 84.580 | 99.039 | 99.444 | 91.258 | 91.258 |
|         29        | 84.833 | 98.736 | 99.141 | 91.379 | 91.379 |
+-------------------+--------+--------+--------+--------+--------+
     logs:  {'epo': 29, 'R1': 84.833, 'R5': 98.736, 'R10': 99.141, 'mAP': 91.379, 'mINP': 91.379, 'entropy': 0.00956, 'uncertainty': 1.255541, 'uncertainty_coeffi': 0.01, 'loss': 1.262936, 'lr': 0.000288}
      TTA Epoch: [30] [ 0/78]  eta: 0:00:34  entropy: 0.0068  uncertainty: 1.2251  uncertainty_coeffi: 0.0100  loss: 1.2303  lr: 0.000283  time: 0.4380  data: 0.3511  max mem: 2693
      TTA Epoch: [30] [77/78]  eta: 0:00:00  entropy: 0.0013  uncertainty: 1.3209  uncertainty_coeffi: 0.0100  loss: 1.3219  lr: 0.000274  time: 0.0612  data: 0.0001  max mem: 2693
      TTA Epoch: [30] Total time: 0:00:05 (0.0666 s / it)
     Averaged stats: entropy: 0.0072  uncertainty: 1.2547  uncertainty_coeffi: 0.0100  loss: 1.2603  lr: 0.0003
     itm tta time 0:00:05
      TTA Epoch: [31] [ 0/78]  eta: 0:00:41  entropy: 0.0000  uncertainty: 1.1908  uncertainty_coeffi: 0.0100  loss: 1.1908  lr: 0.000274  time: 0.5356  data: 0.4202  max mem: 2693
      TTA Epoch: [31] [77/78]  eta: 0:00:00  entropy: 0.0001  uncertainty: 1.1672  uncertainty_coeffi: 0.0100  loss: 1.1673  lr: 0.000265  time: 0.0623  data: 0.0001  max mem: 2693
      TTA Epoch: [31] Total time: 0:00:05 (0.0696 s / it)
     Averaged stats: entropy: 0.0086  uncertainty: 1.2548  uncertainty_coeffi: 0.0100  loss: 1.2617  lr: 0.0003
     itm tta time 0:00:05
      TTA Epoch: [32] [ 0/78]  eta: 0:00:45  entropy: 0.0000  uncertainty: 1.2110  uncertainty_coeffi: 0.0100  loss: 1.2110  lr: 0.000265  time: 0.5815  data: 0.4654  max mem: 2693
      TTA Epoch: [32] [77/78]  eta: 0:00:00  entropy: 0.0279  uncertainty: 1.2898  uncertainty_coeffi: 0.0100  loss: 1.3114  lr: 0.000255  time: 0.0620  data: 0.0001  max mem: 2693
      TTA Epoch: [32] Total time: 0:00:05 (0.0696 s / it)
     Averaged stats: entropy: 0.0070  uncertainty: 1.2543  uncertainty_coeffi: 0.0100  loss: 1.2598  lr: 0.0003
     itm tta time 0:00:05
      TTA Epoch: [33] [ 0/78]  eta: 0:00:36  entropy: 0.0020  uncertainty: 1.1115  uncertainty_coeffi: 0.0100  loss: 1.1135  lr: 0.000255  time: 0.4670  data: 0.3470  max mem: 2693
      TTA Epoch: [33] [77/78]  eta: 0:00:00  entropy: 0.0009  uncertainty: 1.2631  uncertainty_coeffi: 0.0100  loss: 1.2638  lr: 0.000246  time: 0.0623  data: 0.0001  max mem: 2693
      TTA Epoch: [33] Total time: 0:00:05 (0.0685 s / it)
     Averaged stats: entropy: 0.0086  uncertainty: 1.2530  uncertainty_coeffi: 0.0100  loss: 1.2596  lr: 0.0003
     itm tta time 0:00:05
      TTA Epoch: [34] [ 0/78]  eta: 0:00:44  entropy: 0.0186  uncertainty: 1.1653  uncertainty_coeffi: 0.0100  loss: 1.1788  lr: 0.000246  time: 0.5736  data: 0.4569  max mem: 2693
      TTA Epoch: [34] [77/78]  eta: 0:00:00  entropy: 0.0000  uncertainty: 1.1703  uncertainty_coeffi: 0.0100  loss: 1.1703  lr: 0.000237  time: 0.0626  data: 0.0001  max mem: 2693
      TTA Epoch: [34] Total time: 0:00:05 (0.0702 s / it)
     Averaged stats: entropy: 0.0103  uncertainty: 1.2536  uncertainty_coeffi: 0.0100  loss: 1.2613  lr: 0.0002
     itm tta time 0:00:05
      TTA Epoch: [35] [ 0/78]  eta: 0:00:42  entropy: 0.0083  uncertainty: 1.2435  uncertainty_coeffi: 0.0100  loss: 1.2516  lr: 0.000237  time: 0.5411  data: 0.4283  max mem: 2693
      TTA Epoch: [35] [77/78]  eta: 0:00:00  entropy: 0.0031  uncertainty: 1.3330  uncertainty_coeffi: 0.0100  loss: 1.3357  lr: 0.000228  time: 0.0610  data: 0.0001  max mem: 2693
      TTA Epoch: [35] Total time: 0:00:05 (0.0681 s / it)
     Averaged stats: entropy: 0.0095  uncertainty: 1.2551  uncertainty_coeffi: 0.0100  loss: 1.2625  lr: 0.0002
     itm tta time 0:00:05
      TTA Epoch: [36] [ 0/78]  eta: 0:00:30  entropy: 0.0008  uncertainty: 1.3496  uncertainty_coeffi: 0.0100  loss: 1.3500  lr: 0.000228  time: 0.3945  data: 0.3026  max mem: 2693
      TTA Epoch: [36] [77/78]  eta: 0:00:00  entropy: 0.0000  uncertainty: 1.2781  uncertainty_coeffi: 0.0100  loss: 1.2781  lr: 0.000219  time: 0.0622  data: 0.0001  max mem: 2693
      TTA Epoch: [36] Total time: 0:00:05 (0.0675 s / it)
     Averaged stats: entropy: 0.0089  uncertainty: 1.2540  uncertainty_coeffi: 0.0100  loss: 1.2610  lr: 0.0002
     itm tta time 0:00:05
      TTA Epoch: [37] [ 0/78]  eta: 0:00:37  entropy: 0.0003  uncertainty: 1.3445  uncertainty_coeffi: 0.0100  loss: 1.3447  lr: 0.000219  time: 0.4777  data: 0.3678  max mem: 2693
      TTA Epoch: [37] [77/78]  eta: 0:00:00  entropy: 0.0043  uncertainty: 1.3083  uncertainty_coeffi: 0.0100  loss: 1.3117  lr: 0.000209  time: 0.0625  data: 0.0001  max mem: 2693
      TTA Epoch: [37] Total time: 0:00:05 (0.0691 s / it)
     Averaged stats: entropy: 0.0070  uncertainty: 1.2543  uncertainty_coeffi: 0.0100  loss: 1.2592  lr: 0.0002
     itm tta time 0:00:05
      TTA Epoch: [38] [ 0/78]  eta: 0:00:41  entropy: 0.0000  uncertainty: 1.1783  uncertainty_coeffi: 0.0100  loss: 1.1783  lr: 0.000209  time: 0.5353  data: 0.4205  max mem: 2693
      TTA Epoch: [38] [77/78]  eta: 0:00:00  entropy: 0.0011  uncertainty: 1.3030  uncertainty_coeffi: 0.0100  loss: 1.3040  lr: 0.000200  time: 0.0624  data: 0.0001  max mem: 2693
      TTA Epoch: [38] Total time: 0:00:05 (0.0694 s / it)
     Averaged stats: entropy: 0.0094  uncertainty: 1.2555  uncertainty_coeffi: 0.0100  loss: 1.2629  lr: 0.0002
     itm tta time 0:00:05
      TTA Epoch: [39] [ 0/78]  eta: 0:00:46  entropy: 0.0000  uncertainty: 1.2384  uncertainty_coeffi: 0.0100  loss: 1.2384  lr: 0.000200  time: 0.5903  data: 0.4735  max mem: 2693
      TTA Epoch: [39] [77/78]  eta: 0:00:00  entropy: 0.0005  uncertainty: 1.2672  uncertainty_coeffi: 0.0100  loss: 1.2676  lr: 0.000191  time: 0.0614  data: 0.0001  max mem: 2693
      TTA Epoch: [39] Total time: 0:00:05 (0.0696 s / it)
     Averaged stats: entropy: 0.0103  uncertainty: 1.2541  uncertainty_coeffi: 0.0100  loss: 1.2620  lr: 0.0002
     itm tta time 0:00:05
     Computing matching score
      Evaluation: [   0/1978]  eta: 0:02:23    time: 0.0725  data: 0.0049  max mem: 2693
      Evaluation: [ 100/1978]  eta: 0:02:07    time: 0.0680  data: 0.0000  max mem: 2693
      Evaluation: [ 200/1978]  eta: 0:02:00    time: 0.0679  data: 0.0000  max mem: 2693
      Evaluation: [ 300/1978]  eta: 0:01:53    time: 0.0679  data: 0.0000  max mem: 2693
      Evaluation: [ 400/1978]  eta: 0:01:47    time: 0.0682  data: 0.0000  max mem: 2693
      Evaluation: [ 500/1978]  eta: 0:01:40    time: 0.0682  data: 0.0000  max mem: 2693
      Evaluation: [ 600/1978]  eta: 0:01:33    time: 0.0680  data: 0.0000  max mem: 2693
      Evaluation: [ 700/1978]  eta: 0:01:26    time: 0.0680  data: 0.0000  max mem: 2693
      Evaluation: [ 800/1978]  eta: 0:01:20    time: 0.0680  data: 0.0000  max mem: 2693
      Evaluation: [ 900/1978]  eta: 0:01:13    time: 0.0681  data: 0.0000  max mem: 2693
      Evaluation: [1000/1978]  eta: 0:01:06    time: 0.0680  data: 0.0000  max mem: 2693
      Evaluation: [1100/1978]  eta: 0:00:59    time: 0.0680  data: 0.0000  max mem: 2693
      Evaluation: [1200/1978]  eta: 0:00:52    time: 0.0680  data: 0.0000  max mem: 2693
      Evaluation: [1300/1978]  eta: 0:00:46    time: 0.0681  data: 0.0000  max mem: 2693
      Evaluation: [1400/1978]  eta: 0:00:39    time: 0.0682  data: 0.0000  max mem: 2693
      Evaluation: [1500/1978]  eta: 0:00:32    time: 0.0681  data: 0.0000  max mem: 2693
      Evaluation: [1600/1978]  eta: 0:00:25    time: 0.0681  data: 0.0000  max mem: 2693
      Evaluation: [1700/1978]  eta: 0:00:18    time: 0.0682  data: 0.0000  max mem: 2693
      Evaluation: [1800/1978]  eta: 0:00:12    time: 0.0681  data: 0.0000  max mem: 2693
      Evaluation: [1900/1978]  eta: 0:00:05    time: 0.0681  data: 0.0000  max mem: 2693
      Evaluation: [1977/1978]  eta: 0:00:00    time: 0.0681  data: 0.0000  max mem: 2693
      Evaluation: Total time: 0:02:14 (0.0681 s / it)
     Computing matching score time 0:02:14
### TTA ITM Score: 
+-------------------+--------+--------+--------+--------+--------+
|       epoch       |   R1   |   R5   |  R10   |  mAP   |  mINP  |
+-------------------+--------+--------+--------+--------+--------+
|        -999       | 69.414 | 95.197 | 97.776 | 81.233 | 81.233 |
|        -999       | 84.277 | 99.039 | 99.596 | 91.276 | 91.276 |
|  cos_sim_wo/norm  | 58.544 | 91.860 | 95.703 | 73.596 | 73.596 |
|        -999       | 69.414 | 95.197 | 97.776 | 81.233 | 81.233 |
| itm_score_wo/norm | 84.328 | 98.989 | 99.494 | 91.293 | 91.293 |
|        -999       | 84.277 | 99.039 | 99.596 | 91.276 | 91.276 |
|         0         | 84.783 | 98.888 | 99.494 | 91.469 | 91.469 |
|         1         | 84.429 | 98.584 | 99.242 | 91.199 | 91.199 |
|         2         | 84.277 | 98.787 | 99.242 | 91.106 | 91.106 |
|         4         | 84.884 | 98.787 | 99.393 | 91.485 | 91.485 |
|         9         | 84.934 | 98.989 | 99.343 | 91.532 | 91.532 |
|         14        | 84.580 | 98.686 | 99.191 | 91.222 | 91.222 |
|         19        | 84.580 | 99.039 | 99.444 | 91.258 | 91.258 |
|         29        | 84.833 | 98.736 | 99.141 | 91.379 | 91.379 |
|         39        | 84.530 | 98.686 | 99.141 | 91.215 | 91.215 |
+-------------------+--------+--------+--------+--------+--------+
     logs:  {'epo': 39, 'R1': 84.53, 'R5': 98.686, 'R10': 99.141, 'mAP': 91.215, 'mINP': 91.215, 'entropy': 0.010328, 'uncertainty': 1.254116, 'uncertainty_coeffi': 0.01, 'loss': 1.262006, 'lr': 0.000196}
      TTA Epoch: [40] [ 0/78]  eta: 0:00:35  entropy: 0.0000  uncertainty: 1.2362  uncertainty_coeffi: 0.0100  loss: 1.2362  lr: 0.000191  time: 0.4516  data: 0.3640  max mem: 2693
      TTA Epoch: [40] [77/78]  eta: 0:00:00  entropy: 0.0039  uncertainty: 1.1889  uncertainty_coeffi: 0.0100  loss: 1.1916  lr: 0.000182  time: 0.0608  data: 0.0001  max mem: 2693
      TTA Epoch: [40] Total time: 0:00:05 (0.0667 s / it)
     Averaged stats: entropy: 0.0064  uncertainty: 1.2538  uncertainty_coeffi: 0.0100  loss: 1.2588  lr: 0.0002
     itm tta time 0:00:05
      TTA Epoch: [41] [ 0/78]  eta: 0:00:37  entropy: 0.0000  uncertainty: 1.2550  uncertainty_coeffi: 0.0100  loss: 1.2550  lr: 0.000182  time: 0.4866  data: 0.3884  max mem: 2693
      TTA Epoch: [41] [77/78]  eta: 0:00:00  entropy: 0.0000  uncertainty: 1.2541  uncertainty_coeffi: 0.0100  loss: 1.2541  lr: 0.000173  time: 0.0622  data: 0.0001  max mem: 2693
      TTA Epoch: [41] Total time: 0:00:05 (0.0688 s / it)
     Averaged stats: entropy: 0.0080  uncertainty: 1.2539  uncertainty_coeffi: 0.0100  loss: 1.2601  lr: 0.0002
     itm tta time 0:00:05
      TTA Epoch: [42] [ 0/78]  eta: 0:00:43  entropy: 0.0001  uncertainty: 1.3601  uncertainty_coeffi: 0.0100  loss: 1.3602  lr: 0.000173  time: 0.5632  data: 0.4451  max mem: 2693
      TTA Epoch: [42] [77/78]  eta: 0:00:00  entropy: 0.0211  uncertainty: 1.2236  uncertainty_coeffi: 0.0100  loss: 1.2337  lr: 0.000163  time: 0.0620  data: 0.0001  max mem: 2693
      TTA Epoch: [42] Total time: 0:00:05 (0.0696 s / it)
     Averaged stats: entropy: 0.0079  uncertainty: 1.2526  uncertainty_coeffi: 0.0100  loss: 1.2587  lr: 0.0002
     itm tta time 0:00:05
      TTA Epoch: [43] [ 0/78]  eta: 0:00:39  entropy: 0.0000  uncertainty: 1.2227  uncertainty_coeffi: 0.0100  loss: 1.2227  lr: 0.000163  time: 0.5038  data: 0.3926  max mem: 2693
      TTA Epoch: [43] [77/78]  eta: 0:00:00  entropy: 0.0000  uncertainty: 1.1492  uncertainty_coeffi: 0.0100  loss: 1.1492  lr: 0.000154  time: 0.0625  data: 0.0001  max mem: 2693
      TTA Epoch: [43] Total time: 0:00:05 (0.0693 s / it)
     Averaged stats: entropy: 0.0081  uncertainty: 1.2539  uncertainty_coeffi: 0.0100  loss: 1.2601  lr: 0.0002
     itm tta time 0:00:05
      TTA Epoch: [44] [ 0/78]  eta: 0:00:45  entropy: 0.0000  uncertainty: 1.2843  uncertainty_coeffi: 0.0100  loss: 1.2843  lr: 0.000154  time: 0.5869  data: 0.4705  max mem: 2693
      TTA Epoch: [44] [77/78]  eta: 0:00:00  entropy: 0.0422  uncertainty: 1.1356  uncertainty_coeffi: 0.0100  loss: 1.1733  lr: 0.000058  time: 0.0623  data: 0.0001  max mem: 2693
      TTA Epoch: [44] Total time: 0:00:05 (0.0702 s / it)
     Averaged stats: entropy: 0.0079  uncertainty: 1.2541  uncertainty_coeffi: 0.0100  loss: 1.2601  lr: 0.0001
     itm tta time 0:00:05
      TTA Epoch: [45] [ 0/78]  eta: 0:00:38  entropy: 0.0001  uncertainty: 1.4046  uncertainty_coeffi: 0.0100  loss: 1.4046  lr: 0.000058  time: 0.4963  data: 0.3799  max mem: 2693
      TTA Epoch: [45] [77/78]  eta: 0:00:00  entropy: 0.0000  uncertainty: 1.1825  uncertainty_coeffi: 0.0100  loss: 1.1825  lr: 0.000054  time: 0.0622  data: 0.0001  max mem: 2693
      TTA Epoch: [45] Total time: 0:00:05 (0.0688 s / it)
     Averaged stats: entropy: 0.0074  uncertainty: 1.2525  uncertainty_coeffi: 0.0100  loss: 1.2583  lr: 0.0001
     itm tta time 0:00:05
      TTA Epoch: [46] [ 0/78]  eta: 0:00:43  entropy: 0.0000  uncertainty: 1.3975  uncertainty_coeffi: 0.0100  loss: 1.3975  lr: 0.000054  time: 0.5563  data: 0.4390  max mem: 2693
      TTA Epoch: [46] [77/78]  eta: 0:00:00  entropy: 0.0025  uncertainty: 1.2261  uncertainty_coeffi: 0.0100  loss: 1.2280  lr: 0.000051  time: 0.0620  data: 0.0001  max mem: 2693
      TTA Epoch: [46] Total time: 0:00:05 (0.0694 s / it)
     Averaged stats: entropy: 0.0077  uncertainty: 1.2532  uncertainty_coeffi: 0.0100  loss: 1.2590  lr: 0.0001
     itm tta time 0:00:05
      TTA Epoch: [47] [ 0/78]  eta: 0:00:46  entropy: 0.0017  uncertainty: 1.2304  uncertainty_coeffi: 0.0100  loss: 1.2313  lr: 0.000051  time: 0.5982  data: 0.4826  max mem: 2693
      TTA Epoch: [47] [77/78]  eta: 0:00:00  entropy: 0.0049  uncertainty: 1.1869  uncertainty_coeffi: 0.0100  loss: 1.1915  lr: 0.000047  time: 0.0622  data: 0.0001  max mem: 2693
      TTA Epoch: [47] Total time: 0:00:05 (0.0703 s / it)
     Averaged stats: entropy: 0.0057  uncertainty: 1.2543  uncertainty_coeffi: 0.0100  loss: 1.2587  lr: 0.0000
     itm tta time 0:00:05
      TTA Epoch: [48] [ 0/78]  eta: 0:00:39  entropy: 0.0000  uncertainty: 1.1989  uncertainty_coeffi: 0.0100  loss: 1.1989  lr: 0.000047  time: 0.5057  data: 0.3887  max mem: 2693
      TTA Epoch: [48] [77/78]  eta: 0:00:00  entropy: 0.0000  uncertainty: 1.2589  uncertainty_coeffi: 0.0100  loss: 1.2589  lr: 0.000043  time: 0.0624  data: 0.0001  max mem: 2693
      TTA Epoch: [48] Total time: 0:00:05 (0.0691 s / it)
     Averaged stats: entropy: 0.0067  uncertainty: 1.2534  uncertainty_coeffi: 0.0100  loss: 1.2581  lr: 0.0000
     itm tta time 0:00:05
      TTA Epoch: [49] [ 0/78]  eta: 0:00:47  entropy: 0.0000  uncertainty: 1.3951  uncertainty_coeffi: 0.0100  loss: 1.3951  lr: 0.000043  time: 0.6101  data: 0.4994  max mem: 2693
      TTA Epoch: [49] [77/78]  eta: 0:00:00  entropy: 0.0001  uncertainty: 1.1950  uncertainty_coeffi: 0.0100  loss: 1.1950  lr: 0.000040  time: 0.0624  data: 0.0001  max mem: 2693
      TTA Epoch: [49] Total time: 0:00:05 (0.0708 s / it)
     Averaged stats: entropy: 0.0074  uncertainty: 1.2541  uncertainty_coeffi: 0.0100  loss: 1.2599  lr: 0.0000
     itm tta time 0:00:05
     Computing matching score
      Evaluation: [   0/1978]  eta: 0:02:36    time: 0.0790  data: 0.0043  max mem: 2693
      Evaluation: [ 100/1978]  eta: 0:02:10    time: 0.0690  data: 0.0000  max mem: 2693
      Evaluation: [ 200/1978]  eta: 0:02:03    time: 0.0691  data: 0.0000  max mem: 2693
      Evaluation: [ 300/1978]  eta: 0:01:56    time: 0.0691  data: 0.0000  max mem: 2693
      Evaluation: [ 400/1978]  eta: 0:01:49    time: 0.0690  data: 0.0000  max mem: 2693
      Evaluation: [ 500/1978]  eta: 0:01:42    time: 0.0690  data: 0.0000  max mem: 2693
      Evaluation: [ 600/1978]  eta: 0:01:35    time: 0.0690  data: 0.0000  max mem: 2693
      Evaluation: [ 700/1978]  eta: 0:01:28    time: 0.0690  data: 0.0000  max mem: 2693
      Evaluation: [ 800/1978]  eta: 0:01:21    time: 0.0690  data: 0.0000  max mem: 2693
      Evaluation: [ 900/1978]  eta: 0:01:14    time: 0.0690  data: 0.0000  max mem: 2693
      Evaluation: [1000/1978]  eta: 0:01:07    time: 0.0690  data: 0.0000  max mem: 2693
      Evaluation: [1100/1978]  eta: 0:01:00    time: 0.0697  data: 0.0000  max mem: 2693
      Evaluation: [1200/1978]  eta: 0:00:53    time: 0.0690  data: 0.0000  max mem: 2693
      Evaluation: [1300/1978]  eta: 0:00:46    time: 0.0691  data: 0.0000  max mem: 2693
      Evaluation: [1400/1978]  eta: 0:00:39    time: 0.0690  data: 0.0000  max mem: 2693
      Evaluation: [1500/1978]  eta: 0:00:33    time: 0.0690  data: 0.0000  max mem: 2693
      Evaluation: [1600/1978]  eta: 0:00:26    time: 0.0691  data: 0.0000  max mem: 2693
      Evaluation: [1700/1978]  eta: 0:00:19    time: 0.0691  data: 0.0000  max mem: 2693
      Evaluation: [1800/1978]  eta: 0:00:12    time: 0.0690  data: 0.0000  max mem: 2693
      Evaluation: [1900/1978]  eta: 0:00:05    time: 0.0690  data: 0.0000  max mem: 2693
      Evaluation: [1977/1978]  eta: 0:00:00    time: 0.0694  data: 0.0000  max mem: 2693
      Evaluation: Total time: 0:02:16 (0.0691 s / it)
     Computing matching score time 0:02:16
### TTA ITM Score: 
+-------------------+--------+--------+--------+--------+--------+
|       epoch       |   R1   |   R5   |  R10   |  mAP   |  mINP  |
+-------------------+--------+--------+--------+--------+--------+
|        -999       | 69.414 | 95.197 | 97.776 | 81.233 | 81.233 |
|        -999       | 84.277 | 99.039 | 99.596 | 91.276 | 91.276 |
|  cos_sim_wo/norm  | 58.544 | 91.860 | 95.703 | 73.596 | 73.596 |
|        -999       | 69.414 | 95.197 | 97.776 | 81.233 | 81.233 |
| itm_score_wo/norm | 84.328 | 98.989 | 99.494 | 91.293 | 91.293 |
|        -999       | 84.277 | 99.039 | 99.596 | 91.276 | 91.276 |
|         0         | 84.783 | 98.888 | 99.494 | 91.469 | 91.469 |
|         1         | 84.429 | 98.584 | 99.242 | 91.199 | 91.199 |
|         2         | 84.277 | 98.787 | 99.242 | 91.106 | 91.106 |
|         4         | 84.884 | 98.787 | 99.393 | 91.485 | 91.485 |
|         9         | 84.934 | 98.989 | 99.343 | 91.532 | 91.532 |
|         14        | 84.580 | 98.686 | 99.191 | 91.222 | 91.222 |
|         19        | 84.580 | 99.039 | 99.444 | 91.258 | 91.258 |
|         29        | 84.833 | 98.736 | 99.141 | 91.379 | 91.379 |
|         39        | 84.530 | 98.686 | 99.141 | 91.215 | 91.215 |
|         49        | 84.681 | 98.635 | 99.090 | 91.255 | 91.255 |
+-------------------+--------+--------+--------+--------+--------+
     logs:  {'epo': 49, 'R1': 84.681, 'R5': 98.635, 'R10': 99.09, 'mAP': 91.255, 'mINP': 91.255, 'entropy': 0.007418, 'uncertainty': 1.254141, 'uncertainty_coeffi': 0.01, 'loss': 1.259869, 'lr': 4.1e-05}
      TTA Epoch: [50] [ 0/78]  eta: 0:00:30  entropy: 0.0056  uncertainty: 1.1558  uncertainty_coeffi: 0.0100  loss: 1.1614  lr: 0.000040  time: 0.3933  data: 0.3141  max mem: 2693
      TTA Epoch: [50] [77/78]  eta: 0:00:00  entropy: 0.0011  uncertainty: 1.1969  uncertainty_coeffi: 0.0100  loss: 1.1977  lr: 0.000036  time: 0.0602  data: 0.0001  max mem: 2693
      TTA Epoch: [50] Total time: 0:00:05 (0.0652 s / it)
     Averaged stats: entropy: 0.0084  uncertainty: 1.2537  uncertainty_coeffi: 0.0100  loss: 1.2602  lr: 0.0000
     itm tta time 0:00:05
      TTA Epoch: [51] [ 0/78]  eta: 0:00:33  entropy: 0.0083  uncertainty: 1.2324  uncertainty_coeffi: 0.0100  loss: 1.2364  lr: 0.000036  time: 0.4295  data: 0.3471  max mem: 2693
      TTA Epoch: [51] [77/78]  eta: 0:00:00  entropy: 0.0031  uncertainty: 1.3736  uncertainty_coeffi: 0.0100  loss: 1.3756  lr: 0.000032  time: 0.0594  data: 0.0001  max mem: 2693
      TTA Epoch: [51] Total time: 0:00:05 (0.0648 s / it)
     Averaged stats: entropy: 0.0107  uncertainty: 1.2546  uncertainty_coeffi: 0.0100  loss: 1.2631  lr: 0.0000
     itm tta time 0:00:05
      TTA Epoch: [52] [ 0/78]  eta: 0:00:37  entropy: 0.0415  uncertainty: 1.4586  uncertainty_coeffi: 0.0100  loss: 1.4839  lr: 0.000032  time: 0.4831  data: 0.3788  max mem: 2693
      TTA Epoch: [52] [77/78]  eta: 0:00:00  entropy: 0.0000  uncertainty: 1.2397  uncertainty_coeffi: 0.0100  loss: 1.2397  lr: 0.000029  time: 0.0626  data: 0.0001  max mem: 2693
      TTA Epoch: [52] Total time: 0:00:05 (0.0690 s / it)
     Averaged stats: entropy: 0.0062  uncertainty: 1.2548  uncertainty_coeffi: 0.0100  loss: 1.2592  lr: 0.0000
     itm tta time 0:00:05
      TTA Epoch: [53] [ 0/78]  eta: 0:00:47  entropy: 0.0000  uncertainty: 1.2487  uncertainty_coeffi: 0.0100  loss: 1.2487  lr: 0.000029  time: 0.6150  data: 0.4957  max mem: 2693
      TTA Epoch: [53] [77/78]  eta: 0:00:00  entropy: 0.0000  uncertainty: 1.2445  uncertainty_coeffi: 0.0100  loss: 1.2445  lr: 0.000025  time: 0.0625  data: 0.0001  max mem: 2693
      TTA Epoch: [53] Total time: 0:00:05 (0.0708 s / it)
     Averaged stats: entropy: 0.0070  uncertainty: 1.2552  uncertainty_coeffi: 0.0100  loss: 1.2606  lr: 0.0000
     itm tta time 0:00:05
      TTA Epoch: [54] [ 0/78]  eta: 0:00:44  entropy: 0.0031  uncertainty: 1.2906  uncertainty_coeffi: 0.0100  loss: 1.2927  lr: 0.000025  time: 0.5728  data: 0.4575  max mem: 2693
      TTA Epoch: [54] [77/78]  eta: 0:00:00  entropy: 0.0000  uncertainty: 1.1748  uncertainty_coeffi: 0.0100  loss: 1.1748  lr: 0.000021  time: 0.0608  data: 0.0001  max mem: 2693
      TTA Epoch: [54] Total time: 0:00:05 (0.0687 s / it)
     Averaged stats: entropy: 0.0077  uncertainty: 1.2541  uncertainty_coeffi: 0.0100  loss: 1.2604  lr: 0.0000
     itm tta time 0:00:05
      TTA Epoch: [55] [ 0/78]  eta: 0:00:44  entropy: 0.0014  uncertainty: 1.2066  uncertainty_coeffi: 0.0100  loss: 1.2078  lr: 0.000021  time: 0.5657  data: 0.4573  max mem: 2693
      TTA Epoch: [55] [77/78]  eta: 0:00:00  entropy: 0.0059  uncertainty: 1.2292  uncertainty_coeffi: 0.0100  loss: 1.2340  lr: 0.000018  time: 0.0618  data: 0.0001  max mem: 2693
      TTA Epoch: [55] Total time: 0:00:05 (0.0696 s / it)
     Averaged stats: entropy: 0.0067  uncertainty: 1.2545  uncertainty_coeffi: 0.0100  loss: 1.2594  lr: 0.0000
     itm tta time 0:00:05
      TTA Epoch: [56] [ 0/78]  eta: 0:00:39  entropy: 0.0440  uncertainty: 1.2331  uncertainty_coeffi: 0.0100  loss: 1.2600  lr: 0.000017  time: 0.5101  data: 0.4065  max mem: 2693
      TTA Epoch: [56] [77/78]  eta: 0:00:00  entropy: 0.0001  uncertainty: 1.1520  uncertainty_coeffi: 0.0100  loss: 1.1521  lr: 0.000014  time: 0.0624  data: 0.0001  max mem: 2693
      TTA Epoch: [56] Total time: 0:00:05 (0.0693 s / it)
     Averaged stats: entropy: 0.0046  uncertainty: 1.2546  uncertainty_coeffi: 0.0100  loss: 1.2579  lr: 0.0000
     itm tta time 0:00:05
      TTA Epoch: [57] [ 0/78]  eta: 0:00:39  entropy: 0.0000  uncertainty: 1.2537  uncertainty_coeffi: 0.0100  loss: 1.2537  lr: 0.000014  time: 0.5108  data: 0.4038  max mem: 2693
      TTA Epoch: [57] [77/78]  eta: 0:00:00  entropy: 0.0002  uncertainty: 1.1325  uncertainty_coeffi: 0.0100  loss: 1.1327  lr: 0.000010  time: 0.0614  data: 0.0001  max mem: 2693
      TTA Epoch: [57] Total time: 0:00:05 (0.0684 s / it)
     Averaged stats: entropy: 0.0096  uncertainty: 1.2541  uncertainty_coeffi: 0.0100  loss: 1.2613  lr: 0.0000
     itm tta time 0:00:05
      TTA Epoch: [58] [ 0/78]  eta: 0:00:37  entropy: 0.0013  uncertainty: 1.2271  uncertainty_coeffi: 0.0100  loss: 1.2283  lr: 0.000010  time: 0.4822  data: 0.3691  max mem: 2693
      TTA Epoch: [58] [77/78]  eta: 0:00:00  entropy: 0.0016  uncertainty: 1.2181  uncertainty_coeffi: 0.0100  loss: 1.2191  lr: 0.000007  time: 0.0613  data: 0.0001  max mem: 2693
      TTA Epoch: [58] Total time: 0:00:05 (0.0683 s / it)
     Averaged stats: entropy: 0.0061  uncertainty: 1.2526  uncertainty_coeffi: 0.0100  loss: 1.2572  lr: 0.0000
     itm tta time 0:00:05
      TTA Epoch: [59] [ 0/78]  eta: 0:00:36  entropy: 0.0000  uncertainty: 1.1542  uncertainty_coeffi: 0.0100  loss: 1.1542  lr: 0.000006  time: 0.4682  data: 0.3677  max mem: 2693
      TTA Epoch: [59] [77/78]  eta: 0:00:00  entropy: 0.0279  uncertainty: 1.2735  uncertainty_coeffi: 0.0100  loss: 1.2935  lr: 0.000003  time: 0.0615  data: 0.0001  max mem: 2693
      TTA Epoch: [59] Total time: 0:00:05 (0.0680 s / it)
     Averaged stats: entropy: 0.0054  uncertainty: 1.2539  uncertainty_coeffi: 0.0100  loss: 1.2579  lr: 0.0000
     itm tta time 0:00:05
     Computing matching score
      Evaluation: [   0/1978]  eta: 0:02:14    time: 0.0682  data: 0.0035  max mem: 2693
      Evaluation: [ 100/1978]  eta: 0:02:06    time: 0.0676  data: 0.0000  max mem: 2693
      Evaluation: [ 200/1978]  eta: 0:02:00    time: 0.0681  data: 0.0000  max mem: 2693
      Evaluation: [ 300/1978]  eta: 0:01:55    time: 0.0678  data: 0.0000  max mem: 2693
      Evaluation: [ 400/1978]  eta: 0:01:48    time: 0.0716  data: 0.0000  max mem: 2693
      Evaluation: [ 500/1978]  eta: 0:01:41    time: 0.0676  data: 0.0000  max mem: 2693
      Evaluation: [ 600/1978]  eta: 0:01:34    time: 0.0676  data: 0.0000  max mem: 2693
      Evaluation: [ 700/1978]  eta: 0:01:27    time: 0.0677  data: 0.0000  max mem: 2693
      Evaluation: [ 800/1978]  eta: 0:01:20    time: 0.0678  data: 0.0000  max mem: 2693
      Evaluation: [ 900/1978]  eta: 0:01:13    time: 0.0676  data: 0.0000  max mem: 2693
      Evaluation: [1000/1978]  eta: 0:01:06    time: 0.0677  data: 0.0000  max mem: 2693
      Evaluation: [1100/1978]  eta: 0:00:59    time: 0.0678  data: 0.0000  max mem: 2693
      Evaluation: [1200/1978]  eta: 0:00:53    time: 0.0677  data: 0.0000  max mem: 2693
      Evaluation: [1300/1978]  eta: 0:00:46    time: 0.0681  data: 0.0000  max mem: 2693
      Evaluation: [1400/1978]  eta: 0:00:39    time: 0.0673  data: 0.0000  max mem: 2693
      Evaluation: [1500/1978]  eta: 0:00:32    time: 0.0673  data: 0.0000  max mem: 2693
      Evaluation: [1600/1978]  eta: 0:00:25    time: 0.0672  data: 0.0000  max mem: 2693
      Evaluation: [1700/1978]  eta: 0:00:18    time: 0.0672  data: 0.0000  max mem: 2693
      Evaluation: [1800/1978]  eta: 0:00:12    time: 0.0672  data: 0.0000  max mem: 2693
      Evaluation: [1900/1978]  eta: 0:00:05    time: 0.0673  data: 0.0000  max mem: 2693
      Evaluation: [1977/1978]  eta: 0:00:00    time: 0.0673  data: 0.0000  max mem: 2693
      Evaluation: Total time: 0:02:14 (0.0678 s / it)
     Computing matching score time 0:02:14
### TTA ITM Score: 
+-------------------+--------+--------+--------+--------+--------+
|       epoch       |   R1   |   R5   |  R10   |  mAP   |  mINP  |
+-------------------+--------+--------+--------+--------+--------+
|        -999       | 69.414 | 95.197 | 97.776 | 81.233 | 81.233 |
|        -999       | 84.277 | 99.039 | 99.596 | 91.276 | 91.276 |
|  cos_sim_wo/norm  | 58.544 | 91.860 | 95.703 | 73.596 | 73.596 |
|        -999       | 69.414 | 95.197 | 97.776 | 81.233 | 81.233 |
| itm_score_wo/norm | 84.328 | 98.989 | 99.494 | 91.293 | 91.293 |
|        -999       | 84.277 | 99.039 | 99.596 | 91.276 | 91.276 |
|         0         | 84.783 | 98.888 | 99.494 | 91.469 | 91.469 |
|         1         | 84.429 | 98.584 | 99.242 | 91.199 | 91.199 |
|         2         | 84.277 | 98.787 | 99.242 | 91.106 | 91.106 |
|         4         | 84.884 | 98.787 | 99.393 | 91.485 | 91.485 |
|         9         | 84.934 | 98.989 | 99.343 | 91.532 | 91.532 |
|         14        | 84.580 | 98.686 | 99.191 | 91.222 | 91.222 |
|         19        | 84.580 | 99.039 | 99.444 | 91.258 | 91.258 |
|         29        | 84.833 | 98.736 | 99.141 | 91.379 | 91.379 |
|         39        | 84.530 | 98.686 | 99.141 | 91.215 | 91.215 |
|         49        | 84.681 | 98.635 | 99.090 | 91.255 | 91.255 |
|         59        | 84.783 | 98.584 | 99.039 | 91.276 | 91.276 |
+-------------------+--------+--------+--------+--------+--------+
     logs:  {'epo': 59, 'R1': 84.783, 'R5': 98.584, 'R10': 99.039, 'mAP': 91.276, 'mINP': 91.276, 'entropy': 0.005391, 'uncertainty': 1.253885, 'uncertainty_coeffi': 0.01, 'loss': 1.257947, 'lr': 5e-06}
### best epoch 9 : {'epo': '9', 'R1': '84.934', 'R5': '98.989', 'R10': '99.343', 'mAP': '91.532', 'mINP': '91.532', 'entropy': '0.033283', 'uncertainty': '1.253746', 'uncertainty_coeffi': '0.01', 'loss': '1.278692', 'lr': '0.000943'}
### Time 0:30:08
NNODES,  1
NODE_RANK,  0
MASTER_ADDR,  127.0.0.1
MASTER_PORT,  1612
NPROC_PER_NODE,  2
task:  exp7
config:  configs_rerun4/exp7.yaml
output_dir:  output_rerun4/exp7/2025092120474
python3 tta.py --config configs_rerun4/exp7.yaml --task exp7 --output_dir output_rerun4/exp7/2025092120474 --checkpoint checkpoint/cmp.pth --bs 0 --epo 0 --lr 0.0 --seed 42 --tta
